0000.gate.GB_144_12_12.no-card.0.baseline 72.605s o 12 load=3.10
0001.gate.GB_144_12_12.no-card.0.candidate 141.288s o 12 load=3.32
0002.gate.GB_144_12_12.no-card.1.candidate 141.431s o 12 load=3.15
0003.gate.GB_144_12_12.no-card.1.baseline 72.393s o 12 load=3.84
0004.gate.GB_144_12_12.no-card.2.baseline 72.673s o 12 load=3.63
0005.gate.GB_144_12_12.no-card.2.candidate 138.920s o 12 load=3.44
0006.gate.GB_144_12_12.card-mto.0.baseline 116.161s o 12 load=3.21
0007.gate.GB_144_12_12.card-mto.0.candidate 55.280s o 12 load=3.32
0008.gate.GB_144_12_12.card-mto.1.candidate 55.260s o 12 load=3.24
0009.gate.GB_144_12_12.card-mto.1.baseline 114.559s o 12 load=3.22
0010.gate.GB_144_12_12.card-mto.2.baseline 114.320s o 12 load=3.18
0011.gate.GB_144_12_12.card-mto.2.candidate 55.343s o 12 load=3.21
{
 "stopped": null,
 "n_samples": 12,
 "finished": "2026-10-11T02:27:09+0800",
 "binary_sha256_after": {
  "baseline": "6bdcaa2523cdcbeae5164cedbf54c9ac0f9e64f9a91c3da7ef4b804df393db9d",
  "candidate": "49e37dee170eb6685344aefd25b37bdb1dccc129d640d6802ded25562b51d28f"
 },
 "input_sha256_after_ok": true
}
gate no-card geomean 1.94598 envelope 1.95367 positive False flags ['GB_144_12_12']
gate card-mto geomean 0.48255 envelope 0.48411 positive True flags []
exit=0
