c DistQLDPC — QLDPC/CSS minimum distance (symplectic MaxSAT)
c solver: MaxCDCL, cardinality encoding: MTO only
c Hx: data/matrices/GB_144_12_12_Hx.txt
c Hz: data/matrices/GB_144_12_12_Hz.txt
c Gx: data/matrices/GB_144_12_12_Gx.txt
c Gz: data/matrices/GB_144_12_12_Gz.txt
c Hx: 66 x 144, Hz: 66 x 144, Gx: 12 x 144, Gz: 12 x 144, logicals: 24
c symbreak X: n=144 candidates=86 verified_generators=11 orbits=2 detect_cpu=0.000s clause=orbit-chain
c symbreak X: generator: plain blockshift L=72
c symbreak X: generator: plain 2dshift-a L=72 (2x36)
c symbreak X: generator: plain 2dshift-a L=72 (3x24)
c symbreak X: generator: plain 2dshift-a L=72 (4x18)
c symbreak X: generator: plain 2dshift-a L=72 (6x12)
c symbreak X: generator: plain 2dshift-a L=72 (8x9)
c symbreak X: generator: plain 2dshift-a L=72 (9x8)
c symbreak X: generator: plain 2dshift-a L=72 (12x6)
c symbreak X: generator: plain 2dshift-a L=72 (18x4)
c symbreak X: generator: plain 2dshift-a L=72 (24x3)
c symbreak X: generator: plain 2dshift-a L=72 (36x2)
c symbreak X: orbit reps (size): 0(72) 72(72)
c symbreak Z: n=144 candidates=86 verified_generators=11 orbits=2 detect_cpu=0.000s clause=orbit-chain
c symbreak Z: generator: plain blockshift L=72
c symbreak Z: generator: plain 2dshift-a L=72 (2x36)
c symbreak Z: generator: plain 2dshift-a L=72 (3x24)
c symbreak Z: generator: plain 2dshift-a L=72 (4x18)
c symbreak Z: generator: plain 2dshift-a L=72 (6x12)
c symbreak Z: generator: plain 2dshift-a L=72 (8x9)
c symbreak Z: generator: plain 2dshift-a L=72 (9x8)
c symbreak Z: generator: plain 2dshift-a L=72 (12x6)
c symbreak Z: generator: plain 2dshift-a L=72 (18x4)
c symbreak Z: generator: plain 2dshift-a L=72 (24x3)
c symbreak Z: generator: plain 2dshift-a L=72 (36x2)
c symbreak Z: orbit reps (size): 0(72) 72(72)
c CSS incremental: half-solver policy postsol
c Mono: 0, fixed: 0
c |  Eliminated clauses:           0.02 Mb                                      |
c Reduced to 554 vars, 3114 cls (c/v ratio==5.6, grow=0)
c No iterative elimination performed. (vars=554, c/v ratio=5.6)
c nb soft clauses: 144, of which 144 unit, 0 nonUnit and 0 empty
c total nb of literals: 11527
c conflLits 2, conflLits2 0, nbFailedLits 0, fixedVarsBypreproc 0, totalFixedVars 78
c init nbIsets: 2
c nbIsets after pass 1: 1
c isets 1, derivedCost 1
c 1 conflict sets found with length 64
c fixedCost 0, nbSatLits 0, totalFixedVars 78, objForSearch: 143

c GH-76 probe: UB=1 fails (inf 1, sup 144, feasible 0), core 0, tier2 0, local 0
c CSS incremental: X half cap 1 lb 1 feasibility -> NONE 0
c Mono: 0, fixed: 0
c |  Eliminated clauses:           0.02 Mb                                      |
c Reduced to 561 vars, 3167 cls (c/v ratio==5.6, grow=0)
c No iterative elimination performed. (vars=561, c/v ratio=5.6)
c nb soft clauses: 144, of which 144 unit, 0 nonUnit and 0 empty
c total nb of literals: 11742
c conflLits 2, conflLits2 0, nbFailedLits 0, fixedVarsBypreproc 0, totalFixedVars 78
c init nbIsets: 2
c nbIsets after pass 1: 1
c isets 1, derivedCost 1
c 1 conflict sets found with length 78
c fixedCost 0, nbSatLits 0, totalFixedVars 78, objForSearch: 143

c GH-76 probe: UB=1 fails (inf 1, sup 144, feasible 0), core 0, tier2 0, local 0
c CSS incremental: Z half cap 1 lb 1 feasibility -> NONE 0
c Mono: 0, fixed: 0
c |  Eliminated clauses:           0.02 Mb                                      |
c Reduced to 554 vars, 3114 cls (c/v ratio==5.6, grow=0)
c No iterative elimination performed. (vars=554, c/v ratio=5.6)
c nb soft clauses: 144, of which 144 unit, 0 nonUnit and 0 empty
c total nb of literals: 11527
c conflLits 2, conflLits2 0, nbFailedLits 0, fixedVarsBypreproc 0, totalFixedVars 78
c init nbIsets: 2
c nbIsets after pass 1: 1
c isets 1, derivedCost 1
c 1 conflict sets found with length 64
c fixedCost 0, nbSatLits 0, totalFixedVars 78, objForSearch: 143


c Cardinality: 426 (MTO) for UB 2
c ***** top quasi confl at level 0*****
c GH-76 probe: UB=2 fails (inf 2, sup 144, feasible 0), core 3, tier2 1, local 1
c CSS incremental: X half cap 2 lb 2 feasibility -> NONE 0
c Mono: 0, fixed: 0
c |  Eliminated clauses:           0.02 Mb                                      |
c Reduced to 561 vars, 3167 cls (c/v ratio==5.6, grow=0)
c No iterative elimination performed. (vars=561, c/v ratio=5.6)
c nb soft clauses: 144, of which 144 unit, 0 nonUnit and 0 empty
c total nb of literals: 11742
c conflLits 2, conflLits2 0, nbFailedLits 0, fixedVarsBypreproc 0, totalFixedVars 78
c init nbIsets: 2
c nbIsets after pass 1: 1
c isets 1, derivedCost 1
c 1 conflict sets found with length 78
c fixedCost 0, nbSatLits 0, totalFixedVars 78, objForSearch: 143


c Cardinality: 426 (MTO) for UB 2
c ***** top quasi confl at level 0*****
c GH-76 probe: UB=2 fails (inf 2, sup 144, feasible 0), core 1, tier2 0, local 0
c CSS incremental: Z half cap 2 lb 2 feasibility -> NONE 0
c Mono: 0, fixed: 0
c |  Eliminated clauses:           0.02 Mb                                      |
c Reduced to 554 vars, 3114 cls (c/v ratio==5.6, grow=0)
c No iterative elimination performed. (vars=554, c/v ratio=5.6)
c nb soft clauses: 144, of which 144 unit, 0 nonUnit and 0 empty
c total nb of literals: 11527
c conflLits 2, conflLits2 0, nbFailedLits 0, fixedVarsBypreproc 0, totalFixedVars 78
c init nbIsets: 2
c nbIsets after pass 1: 1
c isets 1, derivedCost 1
c 1 conflict sets found with length 64
c fixedCost 0, nbSatLits 0, totalFixedVars 78, objForSearch: 143


c Cardinality: 913 (MTO) for UB 4
c GH-76 probe: UB=4 fails (inf 4, sup 144, feasible 0), core 133, tier2 42, local 81
c CSS incremental: X half cap 4 lb 3 feasibility -> NONE 0
c Mono: 0, fixed: 0
c |  Eliminated clauses:           0.02 Mb                                      |
c Reduced to 561 vars, 3167 cls (c/v ratio==5.6, grow=0)
c No iterative elimination performed. (vars=561, c/v ratio=5.6)
c nb soft clauses: 144, of which 144 unit, 0 nonUnit and 0 empty
c total nb of literals: 11742
c conflLits 2, conflLits2 0, nbFailedLits 0, fixedVarsBypreproc 0, totalFixedVars 78
c init nbIsets: 2
c nbIsets after pass 1: 1
c isets 1, derivedCost 1
c 1 conflict sets found with length 78
c fixedCost 0, nbSatLits 0, totalFixedVars 78, objForSearch: 143


c Cardinality: 913 (MTO) for UB 4
c GH-76 probe: UB=4 fails (inf 4, sup 144, feasible 0), core 271, tier2 60, local 142
c CSS incremental: Z half cap 4 lb 3 feasibility -> NONE 0
c Mono: 0, fixed: 0
c |  Eliminated clauses:           0.02 Mb                                      |
c Reduced to 554 vars, 3114 cls (c/v ratio==5.6, grow=0)
c No iterative elimination performed. (vars=554, c/v ratio=5.6)
c nb soft clauses: 144, of which 144 unit, 0 nonUnit and 0 empty
c total nb of literals: 11527
c conflLits 2, conflLits2 0, nbFailedLits 0, fixedVarsBypreproc 0, totalFixedVars 78
c init nbIsets: 2
c nbIsets after pass 1: 1
c isets 1, derivedCost 1
c 1 conflict sets found with length 64
c fixedCost 0, nbSatLits 0, totalFixedVars 78, objForSearch: 143


c Cardinality: 1239 (MTO) for UB 8
c nbFailedLits 0, nbI 0, fixedVarsByFL 0, totalFixedVars 79, nbTested: 1001, counter 12375
c GH-76 probe: UB=8 fails (inf 8, sup 144, feasible 0), core 1971, tier2 702, local 2423
c CSS incremental: X half cap 8 lb 5 feasibility -> NONE 0
c Mono: 0, fixed: 0
c |  Eliminated clauses:           0.02 Mb                                      |
c Reduced to 561 vars, 3167 cls (c/v ratio==5.6, grow=0)
c No iterative elimination performed. (vars=561, c/v ratio=5.6)
c nb soft clauses: 144, of which 144 unit, 0 nonUnit and 0 empty
c total nb of literals: 11742
c conflLits 2, conflLits2 0, nbFailedLits 0, fixedVarsBypreproc 0, totalFixedVars 78
c init nbIsets: 2
c nbIsets after pass 1: 1
c isets 1, derivedCost 1
c 1 conflict sets found with length 78
c fixedCost 0, nbSatLits 0, totalFixedVars 78, objForSearch: 143


c Cardinality: 1239 (MTO) for UB 8
c nbFailedLits 0, nbI 0, fixedVarsByFL 0, totalFixedVars 78, nbTested: 1001, counter 19956
c GH-76 probe: UB=8 fails (inf 8, sup 144, feasible 0), core 3049, tier2 938, local 2345
c CSS incremental: Z half cap 8 lb 5 feasibility -> NONE 0
c Mono: 0, fixed: 0
c |  Eliminated clauses:           0.02 Mb                                      |
c Reduced to 554 vars, 3114 cls (c/v ratio==5.6, grow=0)
c No iterative elimination performed. (vars=554, c/v ratio=5.6)
c nb soft clauses: 144, of which 144 unit, 0 nonUnit and 0 empty
c total nb of literals: 11527
c conflLits 2, conflLits2 0, nbFailedLits 0, fixedVarsBypreproc 0, totalFixedVars 78
c init nbIsets: 2
c nbIsets after pass 1: 1
c isets 1, derivedCost 1
c 1 conflict sets found with length 64
c fixedCost 0, nbSatLits 0, totalFixedVars 78, objForSearch: 143


c Cardinality: 1421 (MTO) for UB 16
c nbFailedLits 0, nbI 0, fixedVarsByFL 0, totalFixedVars 78, nbTested: 1001, counter 22254
c nbFailedLits 0, nbI 0, fixedVarsByFL 0, totalFixedVars 78, nbTested: 1001, counter 61028
c nbFailedLits 0, nbI 0, fixedVarsByFL 0, totalFixedVars 78, nbTested: 1001, counter 131641
c nbFailedLits 0, nbI 0, fixedVarsByFL 0, totalFixedVars 78, nbTested: 1001, counter 259019
c nbFailedLits 0, nbI 0, fixedVarsByFL 0, totalFixedVars 78, nbTested: 1001, counter 420580
c nbFailedLits 0, nbI 0, fixedVarsByFL 0, totalFixedVars 78, nbTested: 1001, counter 574043
c nbFailedLits 0, nbI 0, fixedVarsByFL 0, totalFixedVars 78, nbTested: 1001, counter 885938
c nbFailedLits 0, nbI 0, fixedVarsByFL 0, totalFixedVars 78, nbTested: 1001, counter 1030113
c UB=16 succs, confls=70725, hconfls=1151, core 1842, tier2 1718, local 24017,  14 soft cls unsat (0 at L0), 78 fixed vars at L0, softCnfl 83, nbFlyRd 261, nbFixedLH 460
c nbHardens 56 (fixed 421820), shorten: 0, prunedLB 7.91, dev 1.33, succRate 0.73, nbSucc 69491, lk: 94841, shorten: 0, quasiC: 13907 (fixed: 419636)

c GH-76 probe: cost 14 found under cap 15
c CSS incremental: X half cap 16 lb 9 feasibility -> FOUND 15
c Mono: 0, fixed: 0
c |  Eliminated clauses:           0.02 Mb                                      |
c Reduced to 561 vars, 3167 cls (c/v ratio==5.6, grow=0)
c No iterative elimination performed. (vars=561, c/v ratio=5.6)
c nb soft clauses: 144, of which 144 unit, 0 nonUnit and 0 empty
c total nb of literals: 11742
c conflLits 2, conflLits2 0, nbFailedLits 0, fixedVarsBypreproc 0, totalFixedVars 78
c init nbIsets: 2
c nbIsets after pass 1: 1
c isets 1, derivedCost 1
c 1 conflict sets found with length 78
c fixedCost 0, nbSatLits 0, totalFixedVars 78, objForSearch: 143


c Cardinality: 1421 (MTO) for UB 16
c nbFailedLits 0, nbI 0, fixedVarsByFL 0, totalFixedVars 78, nbTested: 1001, counter 14288
c nbFailedLits 0, nbI 0, fixedVarsByFL 0, totalFixedVars 78, nbTested: 1001, counter 60959
c nbFailedLits 0, nbI 0, fixedVarsByFL 0, totalFixedVars 78, nbTested: 1001, counter 135649
c nbFailedLits 0, nbI 0, fixedVarsByFL 0, totalFixedVars 78, nbTested: 1001, counter 255394
c nbFailedLits 0, nbI 0, fixedVarsByFL 0, totalFixedVars 78, nbTested: 1001, counter 419898
c nbFailedLits 0, nbI 0, fixedVarsByFL 0, totalFixedVars 78, nbTested: 1001, counter 605697
c nbFailedLits 0, nbI 0, fixedVarsByFL 0, totalFixedVars 78, nbTested: 1001, counter 791428
c nbFailedLits 0, nbI 0, fixedVarsByFL 0, totalFixedVars 78, nbTested: 1001, counter 1042531
c nbFailedLits 0, nbI 0, fixedVarsByFL 0, totalFixedVars 78, nbTested: 1001, counter 1337131
c nbFailedLits 0, nbI 0, fixedVarsByFL 0, totalFixedVars 78, nbTested: 1001, counter 1656933
c nbFailedLits 0, nbI 0, fixedVarsByFL 0, totalFixedVars 78, nbTested: 1001, counter 1996372
c nbFailedLits 0, nbI 0, fixedVarsByFL 0, totalFixedVars 78, nbTested: 1001, counter 2361949
c nbFailedLits 0, nbI 0, fixedVarsByFL 0, totalFixedVars 78, nbTested: 1001, counter 2765353
c nbFailedLits 0, nbI 0, fixedVarsByFL 0, totalFixedVars 78, nbTested: 1001, counter 3223118
c nbFailedLits 0, nbI 0, fixedVarsByFL 0, totalFixedVars 78, nbTested: 1001, counter 3935730
c nbFailedLits 0, nbI 0, fixedVarsByFL 0, totalFixedVars 78, nbTested: 1001, counter 4418881
c UB=16 succs, confls=302781, hconfls=3186, core 11224, tier2 6793, local 16930,  15 soft cls unsat (0 at L0), 78 fixed vars at L0, softCnfl 434, nbFlyRd 597, nbFixedLH 1664
c nbHardens 353 (fixed 1757963), shorten: 0, prunedLB 7.81, dev 1.34, succRate 0.72, nbSucc 299161, lk: 415640, shorten: 0, quasiC: 61835 (fixed: 1742825)

c GH-76 probe: cost 15 found under cap 15
c CSS incremental: Z half cap 16 lb 9 feasibility -> FOUND 16

c Cardinality: 1422 (MTO) for UB 14
c nbFailedLits 0, nbI 0, fixedVarsByFL 0, totalFixedVars 78, nbTested: 1001, counter 1320167
c nbFailedLits 0, nbI 0, fixedVarsByFL 0, totalFixedVars 78, nbTested: 1001, counter 1819223
c nbFailedLits 0, nbI 0, fixedVarsByFL 0, totalFixedVars 78, nbTested: 1001, counter 2139358
c nbFailedLits 0, nbI 0, fixedVarsByFL 0, totalFixedVars 78, nbTested: 1001, counter 2544479
c nbFailedLits 0, nbI 0, fixedVarsByFL 0, totalFixedVars 78, nbTested: 1001, counter 2919469
c nbFailedLits 0, nbI 0, fixedVarsByFL 0, totalFixedVars 78, nbTested: 1001, counter 3467132
c nbFailedLits 0, nbI 0, fixedVarsByFL 0, totalFixedVars 78, nbTested: 1001, counter 3879527
c nbFailedLits 0, nbI 0, fixedVarsByFL 0, totalFixedVars 78, nbTested: 1001, counter 4359178
c nbFailedLits 0, nbI 0, fixedVarsByFL 0, totalFixedVars 78, nbTested: 1001, counter 4902553
c nbFailedLits 0, nbI 0, fixedVarsByFL 0, totalFixedVars 78, nbTested: 1001, counter 5516905
c nbFailedLits 0, nbI 0, fixedVarsByFL 0, totalFixedVars 78, nbTested: 1001, counter 6080133
c nbFailedLits 0, nbI 0, fixedVarsByFL 0, totalFixedVars 78, nbTested: 1001, counter 6690648
c UB=14 succs, confls=459286, hconfls=5442, core 16439, tier2 5547, local 23608,  13 soft cls unsat (0 at L0), 78 fixed vars at L0, softCnfl 849, nbFlyRd 839, nbFixedLH 2557
c nbHardens 561 (fixed 2543725), shorten: 0, prunedLB 7.40, dev 1.25, succRate 0.72, nbSucc 383504, lk: 531431, shorten: 0, quasiC: 90944 (fixed: 2523080)


c Cardinality: 1423 (MTO) for UB 13
c UB=13 succs, confls=479484, hconfls=5776, core 17304, tier2 1959, local 29191,  11 soft cls unsat (0 at L0), 78 fixed vars at L0, softCnfl 889, nbFlyRd 869, nbFixedLH 2687
c nbHardens 590 (fixed 2636755), shorten: 0, prunedLB 7.49, dev 1.26, succRate 0.71, nbSucc 19824, lk: 27756, shorten: 0, quasiC: 94902 (fixed: 2615078)


c Cardinality: 1423 (MTO) for UB 11
c nbFailedLits 0, nbI 0, fixedVarsByFL 0, totalFixedVars 78, nbTested: 1001, counter 7655352
c ***** top quasi confl at level 0*****
c GH-76 probe: UB=11 fails (inf 11, sup 11, feasible 1), core 12299, tier2 1840, local 2423
c CSS incremental: X half cap 15 lb 9 optimize -> OPT 12

c Cardinality: 1422 (MTO) for UB 12
c nbFailedLits 0, nbI 0, fixedVarsByFL 0, totalFixedVars 78, nbTested: 1001, counter 4975845
c nbFailedLits 0, nbI 0, fixedVarsByFL 0, totalFixedVars 82, nbTested: 1001, counter 5584195
c nbFailedLits 0, nbI 0, fixedVarsByFL 0, totalFixedVars 87, nbTested: 1001, counter 6149567
c UB=12 succs, confls=417848, hconfls=4603, core 7780, tier2 5761, local 19702,  11 soft cls unsat (0 at L0), 88 fixed vars at L0, softCnfl 730, nbFlyRd 750, nbFixedLH 2203
c nbHardens 559 (fixed 2395191), shorten: 0, prunedLB 6.81, dev 1.19, succRate 0.72, nbSucc 113354, lk: 158306, shorten: 0, quasiC: 84633 (fixed: 2372429)


c Cardinality: 1303 (MTO) for UB 11
c GH-76 probe: UB=11 fails (inf 11, sup 11, feasible 1), core 7335, tier2 2678, local 21030
c CSS incremental: Z half cap 12 lb 9 optimize -> OPT 12
c CSS incremental: d = 12 (solver builds X 5, Z 5)
c DistQLDPC — QLDPC/CSS minimum distance (symplectic MaxSAT)
c solver: MaxCDCL, cardinality encoding: MTO only
c Hx: data/matrices/GB_144_12_12_Hx.txt
c Hz: data/matrices/GB_144_12_12_Hz.txt
c Gx: data/matrices/GB_144_12_12_Gx.txt
c Gz: data/matrices/GB_144_12_12_Gz.txt
c Hx: 66 x 144, Hz: 66 x 144, Gx: 12 x 144, Gz: 12 x 144, logicals: 24
c d_lb: 12
c d_ub: 12
c d  : 12
o 12
