c DistQLDPC — QLDPC/CSS minimum distance (symplectic MaxSAT)
c solver: MaxCDCL, cardinality encoding: off (soft-conflict only)
c Hx: data/matrices/TN_144_2_13_Hx.txt
c Hz: data/matrices/TN_144_2_13_Hz.txt
c Gx: data/matrices/TN_144_2_13_Gx.txt
c Gz: data/matrices/TN_144_2_13_Gz.txt
c Hx: 72 x 144, Hz: 72 x 144, Gx: 2 x 144, Gz: 2 x 144, logicals: 4
c symbreak X: n=144 candidates=86 verified_generators=2 orbits=36 detect_cpu=0.000s clause=orbit-chain
c symbreak X: generator: plain blockshift L=4
c symbreak X: generator: plain 2dshift-a L=4 (2x2)
c symbreak X: orbit reps (size): 0(4) 4(4) 8(4) 12(4) 16(4) 20(4) 24(4) 28(4) 32(4) 36(4) 40(4) 44(4) 48(4) 52(4) 56(4) 60(4) 64(4) 68(4) 72(4) 76(4) 80(4) 84(4) 88(4) 92(4) 96(4) 100(4) 104(4) 108(4) 112(4) 116(4) 120(4) 124(4) 128(4) 132(4) 136(4) 140(4)
c symbreak Z: n=144 candidates=86 verified_generators=2 orbits=36 detect_cpu=0.000s clause=orbit-chain
c symbreak Z: generator: plain blockshift L=4
c symbreak Z: generator: plain 2dshift-a L=4 (2x2)
c symbreak Z: orbit reps (size): 0(4) 4(4) 8(4) 12(4) 16(4) 20(4) 24(4) 28(4) 32(4) 36(4) 40(4) 44(4) 48(4) 52(4) 56(4) 60(4) 64(4) 68(4) 72(4) 76(4) 80(4) 84(4) 88(4) 92(4) 96(4) 100(4) 104(4) 108(4) 112(4) 116(4) 120(4) 124(4) 128(4) 132(4) 136(4) 140(4)
c CSS incremental: half-solver policy postsol
c Mono: 0, fixed: 0
c |  Eliminated clauses:           0.02 Mb                                      |
c Reduced to 442 vars, 2454 cls (c/v ratio==5.6, grow=0)
c No iterative elimination performed. (vars=442, c/v ratio=5.6)
c nb soft clauses: 144, of which 144 unit, 0 nonUnit and 0 empty
c total nb of literals: 8816
c conflLits 0, conflLits2 0, nbFailedLits 0, fixedVarsBypreproc 0, totalFixedVars 78
c 1 conflict sets found with length 15
c fixedCost 0, nbSatLits 0, totalFixedVars 78, objForSearch: 144


c Cardinality: off (soft-conflict only), UB 2
c ***** top quasi confl at level 0*****
c GH-76 probe: UB=2 fails (inf 2, sup 145, feasible 0), core 16, tier2 0, local 0
c CSS incremental: X half cap 1 lb 1 feasibility -> NONE 0
c Mono: 0, fixed: 0
c |  Eliminated clauses:           0.02 Mb                                      |
c Reduced to 456 vars, 2558 cls (c/v ratio==5.6, grow=0)
c No iterative elimination performed. (vars=456, c/v ratio=5.6)
c nb soft clauses: 144, of which 144 unit, 0 nonUnit and 0 empty
c total nb of literals: 9224
c conflLits 0, conflLits2 0, nbFailedLits 0, fixedVarsBypreproc 0, totalFixedVars 78
c 1 conflict sets found with length 20
c fixedCost 0, nbSatLits 0, totalFixedVars 78, objForSearch: 144


c Cardinality: off (soft-conflict only), UB 2
c ***** top quasi confl at level 0*****
c GH-76 probe: UB=2 fails (inf 2, sup 145, feasible 0), core 1, tier2 0, local 0
c CSS incremental: Z half cap 1 lb 1 feasibility -> NONE 0
c Mono: 0, fixed: 0
c |  Eliminated clauses:           0.02 Mb                                      |
c Reduced to 442 vars, 2454 cls (c/v ratio==5.6, grow=0)
c No iterative elimination performed. (vars=442, c/v ratio=5.6)
c nb soft clauses: 144, of which 144 unit, 0 nonUnit and 0 empty
c total nb of literals: 8816
c conflLits 0, conflLits2 0, nbFailedLits 0, fixedVarsBypreproc 0, totalFixedVars 78
c 1 conflict sets found with length 15
c fixedCost 0, nbSatLits 0, totalFixedVars 78, objForSearch: 144


c Cardinality: off (soft-conflict only), UB 3
c GH-76 probe: UB=3 fails (inf 3, sup 145, feasible 0), core 605, tier2 34, local 31
c CSS incremental: X half cap 2 lb 2 feasibility -> NONE 0
c Mono: 0, fixed: 0
c |  Eliminated clauses:           0.02 Mb                                      |
c Reduced to 456 vars, 2558 cls (c/v ratio==5.6, grow=0)
c No iterative elimination performed. (vars=456, c/v ratio=5.6)
c nb soft clauses: 144, of which 144 unit, 0 nonUnit and 0 empty
c total nb of literals: 9224
c conflLits 0, conflLits2 0, nbFailedLits 0, fixedVarsBypreproc 0, totalFixedVars 78
c 1 conflict sets found with length 20
c fixedCost 0, nbSatLits 0, totalFixedVars 78, objForSearch: 144


c Cardinality: off (soft-conflict only), UB 3
c GH-76 probe: UB=3 fails (inf 3, sup 145, feasible 0), core 940, tier2 14, local 15
c CSS incremental: Z half cap 2 lb 2 feasibility -> NONE 0
c Mono: 0, fixed: 0
c |  Eliminated clauses:           0.02 Mb                                      |
c Reduced to 442 vars, 2454 cls (c/v ratio==5.6, grow=0)
c No iterative elimination performed. (vars=442, c/v ratio=5.6)
c nb soft clauses: 144, of which 144 unit, 0 nonUnit and 0 empty
c total nb of literals: 8816
c conflLits 0, conflLits2 0, nbFailedLits 0, fixedVarsBypreproc 0, totalFixedVars 78
c 1 conflict sets found with length 15
c fixedCost 0, nbSatLits 0, totalFixedVars 78, objForSearch: 144


c Cardinality: off (soft-conflict only), UB 5
c GH-76 probe: UB=5 fails (inf 5, sup 145, feasible 0), core 641, tier2 133, local 343
c CSS incremental: X half cap 4 lb 3 feasibility -> NONE 0
c Mono: 0, fixed: 0
c |  Eliminated clauses:           0.02 Mb                                      |
c Reduced to 456 vars, 2558 cls (c/v ratio==5.6, grow=0)
c No iterative elimination performed. (vars=456, c/v ratio=5.6)
c nb soft clauses: 144, of which 144 unit, 0 nonUnit and 0 empty
c total nb of literals: 9224
c conflLits 0, conflLits2 0, nbFailedLits 0, fixedVarsBypreproc 0, totalFixedVars 78
c 1 conflict sets found with length 20
c fixedCost 0, nbSatLits 0, totalFixedVars 78, objForSearch: 144


c Cardinality: off (soft-conflict only), UB 5
c ***** top quasi confl at level 0*****
c GH-76 probe: UB=5 fails (inf 5, sup 145, feasible 0), core 393, tier2 127, local 281
c CSS incremental: Z half cap 4 lb 3 feasibility -> NONE 0
c Mono: 0, fixed: 0
c |  Eliminated clauses:           0.02 Mb                                      |
c Reduced to 442 vars, 2454 cls (c/v ratio==5.6, grow=0)
c No iterative elimination performed. (vars=442, c/v ratio=5.6)
c nb soft clauses: 144, of which 144 unit, 0 nonUnit and 0 empty
c total nb of literals: 8816
c conflLits 0, conflLits2 0, nbFailedLits 0, fixedVarsBypreproc 0, totalFixedVars 78
c 1 conflict sets found with length 15
c fixedCost 0, nbSatLits 0, totalFixedVars 78, objForSearch: 144


c Cardinality: off (soft-conflict only), UB 9
c nbFailedLits 1, nbI 4, fixedVarsByFL 6, totalFixedVars 84, nbTested: 433, counter 10496
c nbFailedLits 0, nbI 0, fixedVarsByFL 0, totalFixedVars 84, nbTested: 432, counter 51282
c nbFailedLits 0, nbI 0, fixedVarsByFL 0, totalFixedVars 85, nbTested: 431, counter 122853
c GH-76 probe: UB=9 fails (inf 9, sup 145, feasible 0), core 8768, tier2 3513, local 10399
c CSS incremental: X half cap 8 lb 5 feasibility -> NONE 0
c Mono: 0, fixed: 0
c |  Eliminated clauses:           0.02 Mb                                      |
c Reduced to 456 vars, 2558 cls (c/v ratio==5.6, grow=0)
c No iterative elimination performed. (vars=456, c/v ratio=5.6)
c nb soft clauses: 144, of which 144 unit, 0 nonUnit and 0 empty
c total nb of literals: 9224
c conflLits 0, conflLits2 0, nbFailedLits 0, fixedVarsBypreproc 0, totalFixedVars 78
c 1 conflict sets found with length 20
c fixedCost 0, nbSatLits 0, totalFixedVars 78, objForSearch: 144


c Cardinality: off (soft-conflict only), UB 9
c nbFailedLits 2, nbI 3, fixedVarsByFL 12, totalFixedVars 90, nbTested: 442, counter 9190
c nbFailedLits 0, nbI 0, fixedVarsByFL 0, totalFixedVars 90, nbTested: 440, counter 52064
c nbFailedLits 0, nbI 0, fixedVarsByFL 0, totalFixedVars 94, nbTested: 436, counter 131293
c GH-76 probe: UB=9 fails (inf 9, sup 145, feasible 0), core 4381, tier2 2089, local 8519
c CSS incremental: Z half cap 8 lb 5 feasibility -> NONE 0
c Mono: 0, fixed: 0
c |  Eliminated clauses:           0.02 Mb                                      |
c Reduced to 442 vars, 2454 cls (c/v ratio==5.6, grow=0)
c No iterative elimination performed. (vars=442, c/v ratio=5.6)
c nb soft clauses: 144, of which 144 unit, 0 nonUnit and 0 empty
c total nb of literals: 8816
c conflLits 0, conflLits2 0, nbFailedLits 0, fixedVarsBypreproc 0, totalFixedVars 78
c 1 conflict sets found with length 15
c fixedCost 0, nbSatLits 0, totalFixedVars 78, objForSearch: 144


c Cardinality: off (soft-conflict only), UB 17
c UB=17 succs, confls=16, hconfls=16, core 16, tier2 0, local 0,  16 soft cls unsat (0 at L0), 78 fixed vars at L0, softCnfl 0, nbFlyRd 0, nbFixedLH 0
c nbHardens 2 (fixed 0), shorten: 0, prunedLB 0.00, dev 0.00, succRate 0.00, nbSucc 0, lk: 1, shorten: 0, quasiC: 0 (fixed: 0)

c GH-76 probe: cost 16 found under cap 16
c CSS incremental: X half cap 16 lb 9 feasibility -> FOUND 16
c Mono: 0, fixed: 0
c |  Eliminated clauses:           0.02 Mb                                      |
c Reduced to 456 vars, 2558 cls (c/v ratio==5.6, grow=0)
c No iterative elimination performed. (vars=456, c/v ratio=5.6)
c nb soft clauses: 144, of which 144 unit, 0 nonUnit and 0 empty
c total nb of literals: 9224
c conflLits 0, conflLits2 0, nbFailedLits 0, fixedVarsBypreproc 0, totalFixedVars 78
c 1 conflict sets found with length 20
c fixedCost 0, nbSatLits 0, totalFixedVars 78, objForSearch: 144


c Cardinality: off (soft-conflict only), UB 17
c UB=17 succs, confls=19, hconfls=19, core 19, tier2 0, local 0,  16 soft cls unsat (0 at L0), 78 fixed vars at L0, softCnfl 0, nbFlyRd 5, nbFixedLH 0
c nbHardens 2 (fixed 0), shorten: 0, prunedLB 0.00, dev 0.00, succRate 0.00, nbSucc 0, lk: 1, shorten: 0, quasiC: 0 (fixed: 0)

c GH-76 probe: cost 16 found under cap 16
c CSS incremental: Z half cap 16 lb 9 feasibility -> FOUND 16

c Cardinality: off (soft-conflict only), UB 16
c nbFailedLits 0, nbI 6, fixedVarsByFL 6, totalFixedVars 84, nbTested: 432, counter 7836
c nbFailedLits 0, nbI 0, fixedVarsByFL 0, totalFixedVars 84, nbTested: 432, counter 53934
c nbFailedLits 0, nbI 0, fixedVarsByFL 0, totalFixedVars 84, nbTested: 432, counter 146030
c nbFailedLits 0, nbI 0, fixedVarsByFL 0, totalFixedVars 84, nbTested: 432, counter 260734
c nbFailedLits 0, nbI 0, fixedVarsByFL 0, totalFixedVars 84, nbTested: 432, counter 409590
c nbFailedLits 0, nbI 0, fixedVarsByFL 0, totalFixedVars 84, nbTested: 432, counter 630226
c nbFailedLits 0, nbI 0, fixedVarsByFL 0, totalFixedVars 84, nbTested: 432, counter 795856
c nbFailedLits 0, nbI 0, fixedVarsByFL 0, totalFixedVars 84, nbTested: 432, counter 1049226
c nbFailedLits 0, nbI 0, fixedVarsByFL 0, totalFixedVars 84, nbTested: 432, counter 1369428
c nbFailedLits 0, nbI 0, fixedVarsByFL 0, totalFixedVars 84, nbTested: 432, counter 1701642
c nbFailedLits 0, nbI 0, fixedVarsByFL 0, totalFixedVars 84, nbTested: 432, counter 2030665
c nbFailedLits 0, nbI 0, fixedVarsByFL 0, totalFixedVars 84, nbTested: 432, counter 2468053
c nbFailedLits 0, nbI 0, fixedVarsByFL 0, totalFixedVars 84, nbTested: 432, counter 2818327
c nbFailedLits 0, nbI 0, fixedVarsByFL 0, totalFixedVars 84, nbTested: 432, counter 3408290
c nbFailedLits 0, nbI 0, fixedVarsByFL 0, totalFixedVars 84, nbTested: 432, counter 3810172
c nbFailedLits 0, nbI 0, fixedVarsByFL 0, totalFixedVars 84, nbTested: 432, counter 4203551
c nbFailedLits 0, nbI 0, fixedVarsByFL 0, totalFixedVars 84, nbTested: 432, counter 4717562
c nbFailedLits 0, nbI 0, fixedVarsByFL 0, totalFixedVars 84, nbTested: 432, counter 5472231
c nbFailedLits 0, nbI 0, fixedVarsByFL 0, totalFixedVars 84, nbTested: 432, counter 5896941
c nbFailedLits 0, nbI 0, fixedVarsByFL 0, totalFixedVars 84, nbTested: 432, counter 6511082
c nbFailedLits 0, nbI 0, fixedVarsByFL 0, totalFixedVars 84, nbTested: 432, counter 7550146
c nbFailedLits 0, nbI 0, fixedVarsByFL 0, totalFixedVars 84, nbTested: 432, counter 8380649
c UB=16 succs, confls=534410, hconfls=7654, core 14783, tier2 4389, local 23737,  15 soft cls unsat (0 at L0), 84 fixed vars at L0, softCnfl 862, nbFlyRd 1791, nbFixedLH 4698
c nbHardens 614 (fixed 3209183), shorten: 0, prunedLB 7.92, dev 1.28, succRate 0.71, nbSucc 525894, lk: 742284, shorten: 0, quasiC: 108085 (fixed: 3174437)

c GH-76 probe: cost 15 found under cap 15
c CSS incremental: X half cap 15 lb 9 feasibility -> FOUND 15

c Cardinality: off (soft-conflict only), UB 15
c nbFailedLits 1, nbI 3, fixedVarsByFL 5, totalFixedVars 83, nbTested: 448, counter 10389
c nbFailedLits 0, nbI 0, fixedVarsByFL 0, totalFixedVars 83, nbTested: 447, counter 55265
c nbFailedLits 0, nbI 0, fixedVarsByFL 0, totalFixedVars 83, nbTested: 447, counter 143917
c nbFailedLits 0, nbI 0, fixedVarsByFL 0, totalFixedVars 83, nbTested: 447, counter 256894
c nbFailedLits 0, nbI 0, fixedVarsByFL 0, totalFixedVars 83, nbTested: 447, counter 404534
c nbFailedLits 0, nbI 0, fixedVarsByFL 0, totalFixedVars 83, nbTested: 447, counter 639435
c nbFailedLits 0, nbI 0, fixedVarsByFL 0, totalFixedVars 83, nbTested: 447, counter 809697
c nbFailedLits 0, nbI 0, fixedVarsByFL 0, totalFixedVars 83, nbTested: 447, counter 1072055
c nbFailedLits 0, nbI 0, fixedVarsByFL 0, totalFixedVars 83, nbTested: 447, counter 1400619
c nbFailedLits 0, nbI 0, fixedVarsByFL 0, totalFixedVars 83, nbTested: 447, counter 1736721
c nbFailedLits 0, nbI 0, fixedVarsByFL 0, totalFixedVars 83, nbTested: 447, counter 2073899
c nbFailedLits 0, nbI 0, fixedVarsByFL 0, totalFixedVars 83, nbTested: 447, counter 2501265
c nbFailedLits 0, nbI 0, fixedVarsByFL 0, totalFixedVars 83, nbTested: 447, counter 2825415
c nbFailedLits 0, nbI 0, fixedVarsByFL 0, totalFixedVars 83, nbTested: 447, counter 3437528
c nbFailedLits 0, nbI 0, fixedVarsByFL 0, totalFixedVars 83, nbTested: 447, counter 3862530
c nbFailedLits 0, nbI 0, fixedVarsByFL 0, totalFixedVars 83, nbTested: 447, counter 4254710
c nbFailedLits 0, nbI 0, fixedVarsByFL 0, totalFixedVars 83, nbTested: 447, counter 4803961
c nbFailedLits 0, nbI 0, fixedVarsByFL 0, totalFixedVars 83, nbTested: 447, counter 5572346
c nbFailedLits 0, nbI 0, fixedVarsByFL 0, totalFixedVars 83, nbTested: 447, counter 6018176
c nbFailedLits 0, nbI 0, fixedVarsByFL 0, totalFixedVars 83, nbTested: 447, counter 6640228
c nbFailedLits 0, nbI 0, fixedVarsByFL 0, totalFixedVars 84, nbTested: 446, counter 7699117
c nbFailedLits 0, nbI 0, fixedVarsByFL 0, totalFixedVars 84, nbTested: 446, counter 8568458
c nbFailedLits 0, nbI 0, fixedVarsByFL 0, totalFixedVars 84, nbTested: 446, counter 9204861
c UB=15 succs, confls=598416, hconfls=9770, core 18408, tier2 5822, local 27875,  14 soft cls unsat (0 at L0), 84 fixed vars at L0, softCnfl 1238, nbFlyRd 1810, nbFixedLH 5465
c nbHardens 896 (fixed 3510245), shorten: 0, prunedLB 7.69, dev 1.31, succRate 0.70, nbSucc 587408, lk: 836459, shorten: 0, quasiC: 122020 (fixed: 3461738)

c GH-76 probe: cost 14 found under cap 14
c CSS incremental: Z half cap 14 lb 9 feasibility -> FOUND 14

c Cardinality: off (soft-conflict only), UB 14
c nbFailedLits 0, nbI 0, fixedVarsByFL 0, totalFixedVars 84, nbTested: 446, counter 10027148
c nbFailedLits 0, nbI 0, fixedVarsByFL 0, totalFixedVars 84, nbTested: 446, counter 10749774
c nbFailedLits 0, nbI 0, fixedVarsByFL 0, totalFixedVars 85, nbTested: 445, counter 11702291
c nbFailedLits 1, nbI 0, fixedVarsByFL 1, totalFixedVars 88, nbTested: 443, counter 12489151
c nbFailedLits 0, nbI 0, fixedVarsByFL 0, totalFixedVars 88, nbTested: 442, counter 13408086
c UB=14 succs, confls=840719, hconfls=13657, core 17728, tier2 1894, local 14893,  13 soft cls unsat (0 at L0), 88 fixed vars at L0, softCnfl 1779, nbFlyRd 2342, nbFixedLH 7367
c nbHardens 1226 (fixed 4747412), shorten: 0, prunedLB 7.46, dev 1.31, succRate 0.70, nbSucc 237875, lk: 341403, shorten: 0, quasiC: 170541 (fixed: 4685317)


c Cardinality: off (soft-conflict only), UB 13
c nbFailedLits 0, nbI 13, fixedVarsByFL 13, totalFixedVars 101, nbTested: 429, counter 14381086
c nbFailedLits 1, nbI 0, fixedVarsByFL 1, totalFixedVars 130, nbTested: 401, counter 15263168
c GH-76 probe: UB=13 fails (inf 13, sup 13, feasible 1), core 14439, tier2 538, local 13277
c CSS incremental: Z half cap 14 lb 9 optimize -> OPT 13

c Cardinality: off (soft-conflict only), UB 14
c nbFailedLits 0, nbI 0, fixedVarsByFL 0, totalFixedVars 84, nbTested: 432, counter 8976151
c UB=14 succs, confls=574785, hconfls=8222, core 18059, tier2 6050, local 18634,  13 soft cls unsat (0 at L0), 84 fixed vars at L0, softCnfl 950, nbFlyRd 1894, nbFixedLH 4993
c nbHardens 668 (fixed 3441473), shorten: 0, prunedLB 7.29, dev 1.23, succRate 0.71, nbSucc 39719, lk: 56319, shorten: 0, quasiC: 116017 (fixed: 3404264)


c Cardinality: off (soft-conflict only), UB 13
c nbFailedLits 0, nbI 0, fixedVarsByFL 0, totalFixedVars 85, nbTested: 431, counter 9814778
c nbFailedLits 0, nbI 0, fixedVarsByFL 0, totalFixedVars 88, nbTested: 428, counter 10537211
c nbFailedLits 2, nbI 0, fixedVarsByFL 4, totalFixedVars 96, nbTested: 422, counter 11414492
c nbFailedLits 0, nbI 0, fixedVarsByFL 0, totalFixedVars 99, nbTested: 417, counter 12273320
c GH-76 probe: UB=13 fails (inf 13, sup 13, feasible 1), core 4914, tier2 212, local 310
c CSS incremental: X half cap 13 lb 9 optimize -> OPT 13
c CSS incremental: d = 13 (solver builds X 5, Z 5)
c DistQLDPC — QLDPC/CSS minimum distance (symplectic MaxSAT)
c solver: MaxCDCL, cardinality encoding: off (soft-conflict only)
c Hx: data/matrices/TN_144_2_13_Hx.txt
c Hz: data/matrices/TN_144_2_13_Hz.txt
c Gx: data/matrices/TN_144_2_13_Gx.txt
c Gz: data/matrices/TN_144_2_13_Gz.txt
c Hx: 72 x 144, Hz: 72 x 144, Gx: 2 x 144, Gz: 2 x 144, logicals: 4
c d_lb: 13
c d_ub: 13
c d  : 13
o 13
