{
  "utc": 1791506478.8850887,
  "read_only": true,
  "source_sha": "4525e2b30b6bb788d510694b806b38abc4d958eec62bee5456504e29213b764f",
  "owned_leader": {
    "pid": 3492226,
    "group": 3492226,
    "session": 3492226,
    "birth": 136349098
  },
  "owned_leader_absent": true,
  "remaining_owned_session": [],
  "helper_status": {
    "event": "status",
    "utc": 1791506478.8749902,
    "active": false,
    "lease": null,
    "partition": null
  },
  "helper_status_raw": "{\"event\": \"status\", \"utc\": 1791506478.8749902, \"active\": false, \"lease\": null, \"partition\": null}\n",
  "helper_stderr": "",
  "helper_returncode": 0,
  "group_absent": true,
  "actual_root_cpuset_effective": "0-255",
  "actual_cpu_affinity": [
    0
  ],
  "core_files": []
}
