PASS BB_1080_4_54 X n=1080 gens=12 orbits=2 sizes={540: 2}
PASS BB_1080_4_54 Z n=1080 gens=12 orbits=2 sizes={540: 2}
PASS BB_108_8_10 X n=108 gens=5 orbits=2 sizes={54: 2}
PASS BB_108_8_10 Z n=108 gens=5 orbits=2 sizes={54: 2}
PASS BB_144_12_12 X n=144 gens=8 orbits=2 sizes={72: 2}
PASS BB_144_12_12 Z n=144 gens=8 orbits=2 sizes={72: 2}
PASS BB_144_14_14 X n=144 gens=8 orbits=2 sizes={72: 2}
PASS BB_144_14_14 Z n=144 gens=8 orbits=2 sizes={72: 2}
PASS BB_288_12_unknown X n=288 gens=10 orbits=2 sizes={144: 2}
PASS BB_288_12_unknown Z n=288 gens=10 orbits=2 sizes={144: 2}
PASS BB_360_12_unknown X n=360 gens=10 orbits=2 sizes={180: 2}
PASS BB_360_12_unknown Z n=360 gens=10 orbits=2 sizes={180: 2}
PASS BB_72_12_6 X n=72 gens=6 orbits=2 sizes={36: 2}
PASS BB_72_12_6 Z n=72 gens=6 orbits=2 sizes={36: 2}
PASS BB_756_16_34 X n=756 gens=8 orbits=2 sizes={378: 2}
PASS BB_756_16_34 Z n=756 gens=8 orbits=2 sizes={378: 2}
PASS BB_864_4_40 X n=864 gens=13 orbits=2 sizes={432: 2}
PASS BB_864_4_40 Z n=864 gens=13 orbits=2 sizes={432: 2}
PASS BB_90_8_10 X n=90 gens=4 orbits=2 sizes={45: 2}
PASS BB_90_8_10 Z n=90 gens=4 orbits=2 sizes={45: 2}
PASS GB_144_12_12 X n=144 gens=11 orbits=2 sizes={72: 2}
PASS GB_144_12_12 Z n=144 gens=11 orbits=2 sizes={72: 2}
PASS GB_144_12_8 X n=144 gens=11 orbits=2 sizes={72: 2}
PASS GB_144_12_8 Z n=144 gens=11 orbits=2 sizes={72: 2}
PASS LP_136_32_4 X n=136 gens=2 orbits=34 sizes={4: 34}
PASS LP_136_32_4 Z n=136 gens=2 orbits=34 sizes={4: 34}
PASS LP_1768_224_unknown X n=1768 gens=5 orbits=34 sizes={52: 34}
PASS LP_1768_224_unknown Z n=1768 gens=5 orbits=34 sizes={52: 34}
PASS LP_238_44_6 X n=238 gens=1 orbits=34 sizes={7: 34}
PASS LP_238_44_6 Z n=238 gens=1 orbits=34 sizes={7: 34}
PASS LP_340_56_8 X n=340 gens=3 orbits=34 sizes={10: 34}
PASS LP_340_56_8 Z n=340 gens=3 orbits=34 sizes={10: 34}
PASS LP_34_20_2 X n=34 gens=0 orbits=34 sizes={1: 34}
PASS LP_34_20_2 Z n=34 gens=0 orbits=34 sizes={1: 34}
PASS LP_442_68_10 X n=442 gens=1 orbits=34 sizes={13: 34}
PASS LP_442_68_10 Z n=442 gens=1 orbits=34 sizes={13: 34}
PASS LP_544_80_12 X n=544 gens=4 orbits=34 sizes={16: 34}
PASS LP_544_80_12 Z n=544 gens=4 orbits=34 sizes={16: 34}
PASS LP_714_100_unknown X n=714 gens=3 orbits=34 sizes={21: 34}
PASS LP_714_100_unknown Z n=714 gens=3 orbits=34 sizes={21: 34}
PASS PK_31 X n=1054 gens=1 orbits=34 sizes={31: 34}
PASS PK_31 Z n=1054 gens=1 orbits=34 sizes={31: 34}
PASS TN_108_2_12 X n=108 gens=1 orbits=36 sizes={3: 36}
PASS TN_108_2_12 Z n=108 gens=1 orbits=36 sizes={3: 36}
PASS TN_144_2_13 X n=144 gens=2 orbits=36 sizes={4: 36}
PASS TN_144_2_13 Z n=144 gens=2 orbits=36 sizes={4: 36}
PASS TN_180_2_17 X n=180 gens=1 orbits=36 sizes={5: 36}
PASS TN_180_2_17 Z n=180 gens=1 orbits=36 sizes={5: 36}
PASS TN_200_10_10 X n=200 gens=0 orbits=200 sizes={1: 200}
PASS TN_200_10_10 Z n=200 gens=0 orbits=200 sizes={1: 200}
PASS TN_216_4_18 X n=216 gens=2 orbits=36 sizes={6: 36}
PASS TN_216_4_18 Z n=216 gens=2 orbits=36 sizes={6: 36}
PASS TN_250_10_15 X n=250 gens=0 orbits=250 sizes={1: 250}
PASS TN_250_10_15 Z n=250 gens=0 orbits=250 sizes={1: 250}
PASS TN_252_2_21 X n=252 gens=1 orbits=36 sizes={7: 36}
PASS TN_252_2_21 Z n=252 gens=1 orbits=36 sizes={7: 36}
PASS TN_288_2_24 X n=288 gens=0 orbits=288 sizes={1: 288}
PASS TN_288_2_24 Z n=288 gens=0 orbits=288 sizes={1: 288}
PASS TN_324_4_25 X n=324 gens=0 orbits=324 sizes={1: 324}
PASS TN_324_4_25 Z n=324 gens=0 orbits=324 sizes={1: 324}
PASS TN_360_4_24 X n=360 gens=2 orbits=36 sizes={10: 36}
PASS TN_360_4_24 Z n=360 gens=2 orbits=36 sizes={10: 36}
PASS TN_36_8_3 X n=36 gens=0 orbits=36 sizes={1: 36}
PASS TN_36_8_3 Z n=36 gens=0 orbits=36 sizes={1: 36}
PASS TN_36_8_4 X n=36 gens=0 orbits=36 sizes={1: 36}
PASS TN_36_8_4 Z n=36 gens=0 orbits=36 sizes={1: 36}
PASS TN_396_4_26 X n=396 gens=1 orbits=36 sizes={11: 36}
PASS TN_396_4_26 Z n=396 gens=1 orbits=36 sizes={11: 36}
PASS TN_432_8_33 X n=432 gens=0 orbits=432 sizes={1: 432}
PASS TN_432_8_33 Z n=432 gens=0 orbits=432 sizes={1: 432}
PASS TN_468_4_31 X n=468 gens=1 orbits=36 sizes={13: 36}
PASS TN_468_4_31 Z n=468 gens=1 orbits=36 sizes={13: 36}
PASS TN_496_2_32 X n=496 gens=1 orbits=16 sizes={31: 16}
PASS TN_496_2_32 Z n=496 gens=1 orbits=16 sizes={31: 16}
PASS TN_504_2_45 X n=504 gens=2 orbits=36 sizes={14: 36}
PASS TN_504_2_45 Z n=504 gens=2 orbits=36 sizes={14: 36}
PASS TN_540_4_40 X n=540 gens=0 orbits=540 sizes={1: 540}
PASS TN_540_4_40 Z n=540 gens=0 orbits=540 sizes={1: 540}
PASS TN_54_11_4 X n=54 gens=0 orbits=54 sizes={1: 54}
PASS TN_54_11_4 Z n=54 gens=0 orbits=54 sizes={1: 54}
PASS TN_576_2_57 X n=576 gens=0 orbits=576 sizes={1: 576}
PASS TN_576_2_57 Z n=576 gens=0 orbits=576 sizes={1: 576}
PASS TN_576_2_59 X n=576 gens=0 orbits=576 sizes={1: 576}
PASS TN_576_2_59 Z n=576 gens=0 orbits=576 sizes={1: 576}
PASS TN_612_2_52 X n=612 gens=1 orbits=36 sizes={17: 36}
PASS TN_612_2_52 Z n=612 gens=1 orbits=36 sizes={17: 36}
PASS TN_648_10_71 X n=648 gens=0 orbits=648 sizes={1: 648}
PASS TN_648_10_71 Z n=648 gens=0 orbits=648 sizes={1: 648}
PASS TN_648_14_50 X n=648 gens=0 orbits=648 sizes={1: 648}
PASS TN_648_14_50 Z n=648 gens=0 orbits=648 sizes={1: 648}
PASS TN_684_2_29 X n=684 gens=1 orbits=36 sizes={19: 36}
PASS TN_684_2_29 Z n=684 gens=1 orbits=36 sizes={19: 36}
PASS TN_72_14_4 X n=72 gens=0 orbits=72 sizes={1: 72}
PASS TN_72_14_4 Z n=72 gens=0 orbits=72 sizes={1: 72}
PASS TN_72_8_8 X n=72 gens=1 orbits=36 sizes={2: 36}
PASS TN_72_8_8 Z n=72 gens=1 orbits=36 sizes={2: 36}
PASS xu_30 X n=1020 gens=7 orbits=34 sizes={30: 34}
PASS xu_30 Z n=1020 gens=7 orbits=34 sizes={30: 34}
PASS xu_42 X n=1428 gens=7 orbits=34 sizes={42: 34}
PASS xu_42 Z n=1428 gens=7 orbits=34 sizes={42: 34}
ALL_PASS
