0000.gate.BB_144_14_14.no-card.0.baseline 48.923s o 14 load=1.45
0001.gate.BB_144_14_14.no-card.0.candidate 77.417s o 14 load=1.19
0002.gate.BB_144_14_14.no-card.1.candidate 77.310s o 14 load=1.31
0003.gate.BB_144_14_14.no-card.1.baseline 49.045s o 14 load=1.28
0004.gate.BB_144_14_14.no-card.2.baseline 49.226s o 14 load=1.59
0005.gate.BB_144_14_14.no-card.2.candidate 78.153s o 14 load=1.66
0006.gate.BB_144_14_14.card-mto.0.baseline 52.117s o 14 load=2.20
0007.gate.BB_144_14_14.card-mto.0.candidate 68.008s o 14 load=2.23
0008.gate.BB_144_14_14.card-mto.1.candidate 67.859s o 14 load=1.54
0009.gate.BB_144_14_14.card-mto.1.baseline 51.745s o 14 load=1.38
0010.gate.BB_144_14_14.card-mto.2.baseline 51.736s o 14 load=1.20
0011.gate.BB_144_14_14.card-mto.2.candidate 67.789s o 14 load=1.19
{
 "stopped": null,
 "n_samples": 12,
 "finished": "2026-10-10T22:33:55+0800",
 "binary_sha256_after": {
  "baseline": "6bdcaa2523cdcbeae5164cedbf54c9ac0f9e64f9a91c3da7ef4b804df393db9d",
  "candidate": "2cf4d512b106d505fec9712e7007e660a6b212c2acefb26bdb00ad24f0c9615e"
 },
 "input_sha256_after_ok": true
}
gate no-card geomean 1.5785 envelope 1.59747 positive False flags ['BB_144_14_14']
gate card-mto geomean 1.31141 envelope 1.31453 positive False flags ['BB_144_14_14']
exit=0
