OK  BB_1080_4_54 card-mto TIMEOUT None 60.019 | TIMEOUT None 60.021 []
OK  BB_1080_4_54 card-sinz TIMEOUT None 60.017 | TIMEOUT None 60.021 []
OK  BB_1080_4_54 default TIMEOUT None 60.019 | TIMEOUT None 60.021 []
OK  BB_1080_4_54 no-card TIMEOUT None 60.019 | TIMEOUT None 60.019 []
OK  BB_108_8_10 card-sinz done 10 0.349 | done 10 0.212 []
OK  BB_108_8_10 no-card done 10 0.41 | done 10 0.375 []
OK  BB_108_8_10 default done 10 0.515 | done 10 0.297 []
OK  BB_108_8_10 card-mto done 10 0.529 | done 10 0.303 []
OK  BB_144_12_12 no-card done 12 0.571 | done 12 0.592 []
OK  BB_144_12_12 card-sinz done 12 0.771 | done 12 1.464 []
OK  BB_144_12_12 default done 12 1.28 | done 12 1.24 []
OK  BB_144_12_12 card-mto done 12 1.284 | done 12 1.234 []
OK  BB_144_14_14 no-card done 14 55.542 | TIMEOUT None 60.005 []
OK  BB_144_14_14 default done 14 58.562 | TIMEOUT None 60.019 []
OK  BB_144_14_14 card-mto done 14 58.759 | TIMEOUT None 60.012 []
OK  BB_144_14_14 card-sinz TIMEOUT None 60.011 | TIMEOUT None 60.015 []
OK  BB_288_12_unknown default TIMEOUT None 60.01 | TIMEOUT None 60.012 []
OK  BB_288_12_unknown no-card TIMEOUT None 60.019 | TIMEOUT None 60.015 []
OK  BB_288_12_unknown card-mto TIMEOUT None 60.024 | TIMEOUT None 60.014 []
OK  BB_288_12_unknown card-sinz TIMEOUT None 60.027 | TIMEOUT None 60.012 []
OK  BB_360_12_unknown default TIMEOUT None 60.008 | TIMEOUT None 60.01 []
OK  BB_72_12_6 default done 6 0.034 | done 6 0.033 []
OK  BB_72_12_6 no-card done 6 0.031 | done 6 0.041 []
OK  BB_72_12_6 card-mto done 6 0.027 | done 6 0.035 []
OK  BB_72_12_6 card-sinz done 6 0.033 | done 6 0.03 []
OK  BB_360_12_unknown no-card TIMEOUT None 60.019 | TIMEOUT None 60.021 []
OK  BB_360_12_unknown card-mto TIMEOUT None 60.007 | TIMEOUT None 60.01 []
OK  BB_360_12_unknown card-sinz TIMEOUT None 60.013 | TIMEOUT None 60.017 []
OK  BB_756_16_34 default TIMEOUT None 60.014 | TIMEOUT None 60.018 []
OK  BB_756_16_34 no-card TIMEOUT None 60.029 | TIMEOUT None 60.011 []
OK  BB_756_16_34 card-mto TIMEOUT None 60.022 | TIMEOUT None 60.017 []
OK  BB_756_16_34 card-sinz TIMEOUT None 60.012 | TIMEOUT None 60.011 []
OK  BB_864_4_40 default TIMEOUT None 60.02 | TIMEOUT None 60.021 []
OK  BB_90_8_10 default done 10 0.164 | done 10 0.206 []
OK  BB_90_8_10 no-card done 10 0.169 | done 10 0.181 []
OK  BB_90_8_10 card-mto done 10 0.158 | done 10 0.147 []
OK  BB_90_8_10 card-sinz done 10 0.203 | done 10 0.204 []
OK  BB_864_4_40 no-card TIMEOUT None 60.01 | TIMEOUT None 60.012 []
OK  BB_864_4_40 card-mto TIMEOUT None 60.012 | TIMEOUT None 60.015 []
OK  BB_864_4_40 card-sinz TIMEOUT None 60.02 | TIMEOUT None 60.009 []
OK  GB_144_12_12 default TIMEOUT None 60.017 | TIMEOUT None 60.013 []
OK  GB_144_12_8 default done 8 0.094 | done 8 0.097 []
OK  GB_144_12_12 no-card TIMEOUT None 60.011 | TIMEOUT None 60.01 []
OK  GB_144_12_8 no-card done 8 0.099 | done 8 0.105 []
OK  GB_144_12_8 card-mto done 8 0.093 | done 8 0.096 []
OK  GB_144_12_8 card-sinz done 8 0.09 | done 8 0.074 []
OK  LP_136_32_4 default done 4 0.059 | done 4 0.089 []
OK  LP_136_32_4 no-card done 4 0.069 | done 4 0.05 []
OK  LP_136_32_4 card-mto done 4 0.053 | done 4 0.095 []
OK  LP_136_32_4 card-sinz done 4 0.06 | done 4 0.044 []
OK  GB_144_12_12 card-mto TIMEOUT None 60.007 | TIMEOUT None 60.009 []
OK  GB_144_12_12 card-sinz TIMEOUT None 60.013 | TIMEOUT None 60.016 []
OK  LP_1768_224_unknown default TIMEOUT None 60.018 | TIMEOUT None 60.022 []
OK  LP_1768_224_unknown no-card TIMEOUT None 60.017 | TIMEOUT None 60.019 []
OK  LP_1768_224_unknown card-mto TIMEOUT None 60.022 | TIMEOUT None 60.012 []
OK  LP_238_44_6 default done 6 0.446 | done 6 0.384 []
OK  LP_238_44_6 no-card done 6 0.465 | done 6 0.381 []
OK  LP_238_44_6 card-mto done 6 0.452 | done 6 0.377 []
OK  LP_238_44_6 card-sinz done 6 0.333 | done 6 0.48 []
OK  LP_1768_224_unknown card-sinz TIMEOUT None 60.034 | TIMEOUT None 60.019 []
OK  LP_340_56_8 default done 8 1.839 | done 8 1.645 []
OK  LP_34_20_2 default done 2 0.018 | done 2 0.018 []
OK  LP_34_20_2 no-card done 2 0.018 | done 2 0.015 []
OK  LP_34_20_2 card-mto done 2 0.018 | done 2 0.018 []
OK  LP_34_20_2 card-sinz done 2 0.018 | done 2 0.018 []
OK  LP_340_56_8 no-card done 8 1.739 | done 8 1.697 []
OK  LP_340_56_8 card-mto done 8 1.838 | done 8 1.657 []
OK  LP_340_56_8 card-sinz done 8 2.108 | done 8 1.822 []
OK  LP_442_68_10 card-sinz done 10 17.881 | done 10 32.581 []
OK  LP_442_68_10 default done 10 23.576 | done 10 38.02 []
OK  LP_442_68_10 card-mto done 10 23.49 | done 10 38.168 []
OK  LP_442_68_10 no-card done 10 37.15 | done 10 39.094 []
OK  LP_544_80_12 default done 12 58.169 | TIMEOUT None 60.014 []
OK  LP_544_80_12 card-mto done 12 58.184 | TIMEOUT None 60.019 []
OK  LP_544_80_12 no-card TIMEOUT None 60.019 | TIMEOUT None 60.02 []
OK  LP_544_80_12 card-sinz TIMEOUT None 60.018 | TIMEOUT None 60.024 []
OK  LP_714_100_unknown default TIMEOUT None 60.021 | TIMEOUT None 60.016 []
OK  LP_714_100_unknown no-card TIMEOUT None 60.017 | TIMEOUT None 60.011 []
OK  LP_714_100_unknown card-mto TIMEOUT None 60.008 | TIMEOUT None 60.014 []
OK  LP_714_100_unknown card-sinz TIMEOUT None 60.018 | TIMEOUT None 60.019 []
OK  PK_31 default TIMEOUT None 60.015 | TIMEOUT None 60.032 []
OK  PK_31 no-card TIMEOUT None 60.018 | TIMEOUT None 60.015 []
OK  PK_31 card-mto TIMEOUT None 60.011 | TIMEOUT None 60.022 []
OK  TN_108_2_12 default done 12 12.713 | done 12 10.739 []
OK  PK_31 card-sinz TIMEOUT None 60.017 | TIMEOUT None 60.018 []
OK  TN_108_2_12 no-card done 12 10.94 | done 12 9.523 []
OK  TN_108_2_12 card-mto done 12 12.603 | done 12 10.718 []
OK  TN_108_2_12 card-sinz done 12 12.467 | done 12 13.387 []
OK  TN_144_2_13 default TIMEOUT None 60.019 | TIMEOUT None 60.009 []
OK  TN_144_2_13 no-card TIMEOUT None 60.008 | done 13 59.247 []
OK  TN_144_2_13 card-mto TIMEOUT None 60.008 | TIMEOUT None 60.014 []
OK  TN_144_2_13 card-sinz TIMEOUT None 60.013 | TIMEOUT None 60.022 []
OK  TN_180_2_17 default TIMEOUT None 60.014 | TIMEOUT None 60.008 []
OK  TN_180_2_17 no-card TIMEOUT None 60.017 | TIMEOUT None 60.007 []
OK  TN_180_2_17 card-mto TIMEOUT None 60.016 | TIMEOUT None 60.008 []
OK  TN_180_2_17 card-sinz TIMEOUT None 60.01 | TIMEOUT None 60.017 []
OK  TN_200_10_10 default done 10 11.996 | done 10 13.634 []
OK  TN_200_10_10 no-card done 10 15.496 | done 10 14.349 []
OK  TN_200_10_10 card-mto done 10 11.979 | done 10 13.668 []
OK  TN_200_10_10 card-sinz done 10 15.628 | done 10 16.893 []
OK  TN_216_4_18 default TIMEOUT None 60.013 | TIMEOUT None 60.016 []
OK  TN_216_4_18 no-card TIMEOUT None 60.022 | TIMEOUT None 60.021 []
OK  TN_216_4_18 card-mto TIMEOUT None 60.011 | TIMEOUT None 60.013 []
OK  TN_216_4_18 card-sinz TIMEOUT None 60.015 | TIMEOUT None 60.008 []
OK  TN_250_10_15 default TIMEOUT None 60.01 | TIMEOUT None 60.008 []
OK  TN_250_10_15 no-card TIMEOUT None 60.011 | TIMEOUT None 60.02 []
OK  TN_250_10_15 card-mto TIMEOUT None 60.015 | TIMEOUT None 60.007 []
OK  TN_250_10_15 card-sinz TIMEOUT None 60.017 | TIMEOUT None 60.01 []
OK  TN_252_2_21 default TIMEOUT None 60.018 | TIMEOUT None 60.009 []
OK  TN_252_2_21 no-card TIMEOUT None 60.012 | TIMEOUT None 60.025 []
OK  TN_252_2_21 card-mto TIMEOUT None 60.005 | TIMEOUT None 60.009 []
OK  TN_252_2_21 card-sinz TIMEOUT None 60.013 | TIMEOUT None 60.015 []
OK  TN_288_2_24 default TIMEOUT None 60.02 | TIMEOUT None 60.018 []
OK  TN_288_2_24 no-card TIMEOUT None 60.007 | TIMEOUT None 60.014 []
OK  TN_288_2_24 card-mto TIMEOUT None 60.01 | TIMEOUT None 60.009 []
OK  TN_288_2_24 card-sinz TIMEOUT None 60.012 | TIMEOUT None 60.008 []
OK  TN_324_4_25 default TIMEOUT None 60.017 | TIMEOUT None 60.014 []
OK  TN_324_4_25 no-card TIMEOUT None 60.011 | TIMEOUT None 60.019 []
OK  TN_324_4_25 card-mto TIMEOUT None 60.008 | TIMEOUT None 60.017 []
OK  TN_324_4_25 card-sinz TIMEOUT None 60.013 | TIMEOUT None 60.009 []
OK  TN_360_4_24 default TIMEOUT None 60.008 | TIMEOUT None 60.019 []
OK  TN_36_8_3 default done 3 0.018 | done 3 0.018 []
OK  TN_36_8_3 no-card done 3 0.018 | done 3 0.023 []
OK  TN_36_8_3 card-mto done 3 0.018 | done 3 0.023 []
OK  TN_36_8_3 card-sinz done 3 0.018 | done 3 0.022 []
OK  TN_36_8_4 default done 4 0.016 | done 4 0.018 []
OK  TN_36_8_4 no-card done 4 0.018 | done 4 0.023 []
OK  TN_36_8_4 card-mto done 4 0.029 | done 4 0.024 []
OK  TN_36_8_4 card-sinz done 4 0.015 | done 4 0.018 []
OK  TN_360_4_24 no-card TIMEOUT None 60.006 | TIMEOUT None 60.007 []
OK  TN_360_4_24 card-mto TIMEOUT None 60.012 | TIMEOUT None 60.016 []
OK  TN_360_4_24 card-sinz TIMEOUT None 60.007 | TIMEOUT None 60.017 []
OK  TN_396_4_26 default TIMEOUT None 60.007 | TIMEOUT None 60.014 []
OK  TN_396_4_26 no-card TIMEOUT None 60.018 | TIMEOUT None 60.017 []
OK  TN_396_4_26 card-mto TIMEOUT None 60.017 | TIMEOUT None 60.007 []
OK  TN_396_4_26 card-sinz TIMEOUT None 60.025 | TIMEOUT None 60.011 []
OK  TN_432_8_33 default TIMEOUT None 60.025 | TIMEOUT None 60.014 []
OK  TN_432_8_33 no-card TIMEOUT None 60.01 | TIMEOUT None 60.019 []
OK  TN_432_8_33 card-mto TIMEOUT None 60.013 | TIMEOUT None 60.01 []
OK  TN_432_8_33 card-sinz TIMEOUT None 60.014 | TIMEOUT None 60.014 []
OK  TN_468_4_31 default TIMEOUT None 60.015 | TIMEOUT None 60.02 []
OK  TN_468_4_31 no-card TIMEOUT None 60.008 | TIMEOUT None 60.019 []
OK  TN_468_4_31 card-mto TIMEOUT None 60.018 | TIMEOUT None 60.009 []
OK  TN_468_4_31 card-sinz TIMEOUT None 60.007 | TIMEOUT None 60.005 []
OK  TN_496_2_32 default TIMEOUT None 60.017 | TIMEOUT None 60.024 []
OK  TN_496_2_32 no-card TIMEOUT None 60.009 | TIMEOUT None 60.011 []
OK  TN_496_2_32 card-mto TIMEOUT None 60.017 | TIMEOUT None 60.02 []
OK  TN_496_2_32 card-sinz TIMEOUT None 60.014 | TIMEOUT None 60.014 []
OK  TN_504_2_45 default TIMEOUT None 60.018 | TIMEOUT None 60.013 []
OK  TN_504_2_45 no-card TIMEOUT None 60.02 | TIMEOUT None 60.015 []
OK  TN_504_2_45 card-mto TIMEOUT None 60.006 | TIMEOUT None 60.013 []
OK  TN_504_2_45 card-sinz TIMEOUT None 60.006 | TIMEOUT None 60.009 []
OK  TN_540_4_40 default TIMEOUT None 60.019 | TIMEOUT None 60.013 []
OK  TN_54_11_4 default done 4 0.027 | done 4 0.018 []
OK  TN_54_11_4 no-card done 4 0.018 | done 4 0.023 []
OK  TN_54_11_4 card-mto done 4 0.026 | done 4 0.018 []
OK  TN_54_11_4 card-sinz done 4 0.018 | done 4 0.018 []
OK  TN_540_4_40 no-card TIMEOUT None 60.008 | TIMEOUT None 60.007 []
OK  TN_540_4_40 card-mto TIMEOUT None 60.01 | TIMEOUT None 60.015 []
OK  TN_540_4_40 card-sinz TIMEOUT None 60.018 | TIMEOUT None 60.01 []
OK  TN_576_2_57 default TIMEOUT None 60.02 | TIMEOUT None 60.017 []
OK  TN_576_2_57 no-card TIMEOUT None 60.013 | TIMEOUT None 60.015 []
OK  TN_576_2_57 card-mto TIMEOUT None 60.019 | TIMEOUT None 60.015 []
OK  TN_576_2_57 card-sinz TIMEOUT None 60.018 | TIMEOUT None 60.017 []
OK  TN_576_2_59 default TIMEOUT None 60.013 | TIMEOUT None 60.022 []
OK  TN_576_2_59 no-card TIMEOUT None 60.012 | TIMEOUT None 60.012 []
OK  TN_576_2_59 card-mto TIMEOUT None 60.021 | TIMEOUT None 60.015 []
OK  TN_576_2_59 card-sinz TIMEOUT None 60.011 | TIMEOUT None 60.014 []
OK  TN_612_2_52 default TIMEOUT None 60.013 | TIMEOUT None 60.011 []
OK  TN_612_2_52 no-card TIMEOUT None 60.011 | TIMEOUT None 60.01 []
OK  TN_612_2_52 card-mto TIMEOUT None 60.007 | TIMEOUT None 60.016 []
OK  TN_612_2_52 card-sinz TIMEOUT None 60.017 | TIMEOUT None 60.013 []
OK  TN_648_10_71 default TIMEOUT None 60.025 | TIMEOUT None 60.026 []
OK  TN_648_10_71 no-card TIMEOUT None 60.017 | TIMEOUT None 60.017 []
OK  TN_648_10_71 card-mto TIMEOUT None 60.021 | TIMEOUT None 60.015 []
OK  TN_648_10_71 card-sinz TIMEOUT None 60.024 | TIMEOUT None 60.038 []
OK  TN_648_14_50 default TIMEOUT None 60.027 | TIMEOUT None 60.006 []
OK  TN_648_14_50 no-card TIMEOUT None 60.008 | TIMEOUT None 60.015 []
OK  TN_648_14_50 card-mto TIMEOUT None 60.007 | TIMEOUT None 60.014 []
OK  TN_648_14_50 card-sinz TIMEOUT None 60.009 | TIMEOUT None 60.016 []
OK  TN_684_2_29 default TIMEOUT None 60.011 | TIMEOUT None 60.011 []
OK  TN_72_14_4 default done 4 0.034 | done 4 0.033 []
OK  TN_72_14_4 no-card done 4 0.018 | done 4 0.031 []
OK  TN_72_14_4 card-mto done 4 0.028 | done 4 0.037 []
OK  TN_72_14_4 card-sinz done 4 0.018 | done 4 0.018 []
OK  TN_72_8_8 default done 8 0.327 | done 8 0.306 []
OK  TN_72_8_8 no-card done 8 0.247 | done 8 0.243 []
OK  TN_72_8_8 card-mto done 8 0.377 | done 8 0.268 []
OK  TN_72_8_8 card-sinz done 8 0.291 | done 8 0.281 []
OK  TN_684_2_29 no-card TIMEOUT None 60.009 | TIMEOUT None 60.014 []
OK  TN_684_2_29 card-mto TIMEOUT None 60.017 | TIMEOUT None 60.02 []
OK  TN_684_2_29 card-sinz TIMEOUT None 60.009 | TIMEOUT None 60.025 []
OK  xu_30 default TIMEOUT None 60.011 | TIMEOUT None 60.022 []
OK  xu_30 no-card TIMEOUT None 60.022 | TIMEOUT None 60.018 []
OK  xu_30 card-mto TIMEOUT None 60.023 | TIMEOUT None 60.016 []
OK  xu_30 card-sinz TIMEOUT None 60.018 | TIMEOUT None 60.016 []
OK  xu_42 default TIMEOUT None 60.016 | TIMEOUT None 60.02 []
OK  xu_42 no-card TIMEOUT None 60.019 | TIMEOUT None 60.018 []
OK  xu_42 card-mto TIMEOUT None 60.018 | TIMEOUT None 60.021 []
OK  xu_42 card-sinz TIMEOUT None 60.015 | TIMEOUT None 60.009 []
{"both_done": 68, "only_cand_done": 1, "only_base_done": 5, "problems": 0} ALL_OK
