0000.gate.BB_90_8_10.no-card.0.baseline 0.140s o 10 load=2.53
0001.gate.BB_90_8_10.no-card.0.candidate 0.150s o 10 load=2.53
0002.gate.BB_90_8_10.no-card.1.candidate 0.150s o 10 load=2.53
0003.gate.BB_90_8_10.no-card.1.baseline 0.150s o 10 load=2.53
0004.gate.BB_90_8_10.no-card.2.baseline 0.150s o 10 load=2.53
0005.gate.BB_90_8_10.no-card.2.candidate 0.149s o 10 load=2.53
0006.replicate.BB_90_8_10.no-card.0.baseline 0.152s o 10 load=2.53
0007.replicate.BB_90_8_10.no-card.0.candidate 0.150s o 10 load=2.53
0008.replicate.BB_90_8_10.no-card.1.candidate 0.151s o 10 load=2.53
0009.replicate.BB_90_8_10.no-card.1.baseline 0.150s o 10 load=2.53
0010.replicate.BB_90_8_10.no-card.2.baseline 0.140s o 10 load=2.53
0011.replicate.BB_90_8_10.no-card.2.candidate 0.152s o 10 load=2.53
0012.replicate.BB_90_8_10.no-card.3.candidate 0.153s o 10 load=2.53
0013.replicate.BB_90_8_10.no-card.3.baseline 0.151s o 10 load=2.53
0014.replicate.BB_90_8_10.no-card.4.baseline 0.150s o 10 load=2.53
0015.replicate.BB_90_8_10.no-card.4.candidate 0.150s o 10 load=2.53
0016.replicate.BB_90_8_10.no-card.5.candidate 0.160s o 10 load=2.53
0017.replicate.BB_90_8_10.no-card.5.baseline 0.149s o 10 load=2.53
0018.replicate.BB_90_8_10.no-card.6.baseline 0.152s o 10 load=2.53
0019.replicate.BB_90_8_10.no-card.6.candidate 0.153s o 10 load=2.53
0020.replicate.BB_90_8_10.no-card.7.candidate 0.150s o 10 load=2.53
0021.replicate.BB_90_8_10.no-card.7.baseline 0.153s o 10 load=2.53
0022.replicate.BB_90_8_10.no-card.8.baseline 0.150s o 10 load=2.53
0023.replicate.BB_90_8_10.no-card.8.candidate 0.150s o 10 load=2.53
0024.replicate.BB_90_8_10.no-card.9.candidate 0.149s o 10 load=2.53
0025.replicate.BB_90_8_10.no-card.9.baseline 0.140s o 10 load=2.53
0026.gate.BB_90_8_10.card-mto.0.baseline 0.140s o 10 load=2.53
0027.gate.BB_90_8_10.card-mto.0.candidate 0.126s o 10 load=2.53
0028.gate.BB_90_8_10.card-mto.1.candidate 0.125s o 10 load=2.53
0029.gate.BB_90_8_10.card-mto.1.baseline 0.138s o 10 load=2.53
0030.gate.BB_90_8_10.card-mto.2.baseline 0.139s o 10 load=2.57
0031.gate.BB_90_8_10.card-mto.2.candidate 0.127s o 10 load=2.57
0032.replicate.BB_90_8_10.card-mto.0.baseline 0.138s o 10 load=2.57
0033.replicate.BB_90_8_10.card-mto.0.candidate 0.128s o 10 load=2.57
0034.replicate.BB_90_8_10.card-mto.1.candidate 0.127s o 10 load=2.57
0035.replicate.BB_90_8_10.card-mto.1.baseline 0.140s o 10 load=2.57
0036.replicate.BB_90_8_10.card-mto.2.baseline 0.138s o 10 load=2.57
0037.replicate.BB_90_8_10.card-mto.2.candidate 0.126s o 10 load=2.57
0038.replicate.BB_90_8_10.card-mto.3.candidate 0.125s o 10 load=2.57
0039.replicate.BB_90_8_10.card-mto.3.baseline 0.140s o 10 load=2.57
0040.replicate.BB_90_8_10.card-mto.4.baseline 0.140s o 10 load=2.57
0041.replicate.BB_90_8_10.card-mto.4.candidate 0.124s o 10 load=2.57
0042.replicate.BB_90_8_10.card-mto.5.candidate 0.125s o 10 load=2.57
0043.replicate.BB_90_8_10.card-mto.5.baseline 0.138s o 10 load=2.57
0044.replicate.BB_90_8_10.card-mto.6.baseline 0.139s o 10 load=2.57
0045.replicate.BB_90_8_10.card-mto.6.candidate 0.126s o 10 load=2.57
0046.replicate.BB_90_8_10.card-mto.7.candidate 0.125s o 10 load=2.57
0047.replicate.BB_90_8_10.card-mto.7.baseline 0.137s o 10 load=2.57
0048.replicate.BB_90_8_10.card-mto.8.baseline 0.139s o 10 load=2.57
0049.replicate.BB_90_8_10.card-mto.8.candidate 0.125s o 10 load=2.57
0050.replicate.BB_90_8_10.card-mto.9.candidate 0.123s o 10 load=2.57
0051.replicate.BB_90_8_10.card-mto.9.baseline 0.140s o 10 load=2.57
0052.gate.GB_144_12_8.no-card.0.baseline 0.089s o 8 load=2.57
0053.gate.GB_144_12_8.no-card.0.candidate 0.100s o 8 load=2.57
0054.gate.GB_144_12_8.no-card.1.candidate 0.101s o 8 load=2.57
0055.gate.GB_144_12_8.no-card.1.baseline 0.089s o 8 load=2.57
0056.gate.GB_144_12_8.no-card.2.baseline 0.088s o 8 load=2.57
0057.gate.GB_144_12_8.no-card.2.candidate 0.090s o 8 load=2.57
0058.replicate.GB_144_12_8.no-card.0.baseline 0.090s o 8 load=2.57
0059.replicate.GB_144_12_8.no-card.0.candidate 0.102s o 8 load=2.57
0060.replicate.GB_144_12_8.no-card.1.candidate 0.103s o 8 load=2.57
0061.replicate.GB_144_12_8.no-card.1.baseline 0.088s o 8 load=2.57
0062.replicate.GB_144_12_8.no-card.2.baseline 0.088s o 8 load=2.57
0063.replicate.GB_144_12_8.no-card.2.candidate 0.102s o 8 load=2.57
0064.replicate.GB_144_12_8.no-card.3.candidate 0.102s o 8 load=2.57
0065.replicate.GB_144_12_8.no-card.3.baseline 0.087s o 8 load=2.57
0066.replicate.GB_144_12_8.no-card.4.baseline 0.091s o 8 load=2.57
0067.replicate.GB_144_12_8.no-card.4.candidate 0.101s o 8 load=2.57
0068.replicate.GB_144_12_8.no-card.5.candidate 0.090s o 8 load=2.57
0069.replicate.GB_144_12_8.no-card.5.baseline 0.088s o 8 load=2.45
0070.replicate.GB_144_12_8.no-card.6.baseline 0.090s o 8 load=2.45
0071.replicate.GB_144_12_8.no-card.6.candidate 0.103s o 8 load=2.45
0072.replicate.GB_144_12_8.no-card.7.candidate 0.102s o 8 load=2.45
0073.replicate.GB_144_12_8.no-card.7.baseline 0.090s o 8 load=2.45
0074.replicate.GB_144_12_8.no-card.8.baseline 0.089s o 8 load=2.45
0075.replicate.GB_144_12_8.no-card.8.candidate 0.090s o 8 load=2.45
0076.replicate.GB_144_12_8.no-card.9.candidate 0.101s o 8 load=2.45
0077.replicate.GB_144_12_8.no-card.9.baseline 0.090s o 8 load=2.45
0078.gate.GB_144_12_8.card-mto.0.baseline 0.076s o 8 load=2.45
0079.gate.GB_144_12_8.card-mto.0.candidate 0.077s o 8 load=2.45
0080.gate.GB_144_12_8.card-mto.1.candidate 0.078s o 8 load=2.45
0081.gate.GB_144_12_8.card-mto.1.baseline 0.077s o 8 load=2.45
0082.gate.GB_144_12_8.card-mto.2.baseline 0.078s o 8 load=2.45
0083.gate.GB_144_12_8.card-mto.2.candidate 0.075s o 8 load=2.45
0084.replicate.GB_144_12_8.card-mto.0.baseline 0.075s o 8 load=2.45
0085.replicate.GB_144_12_8.card-mto.0.candidate 0.078s o 8 load=2.45
0086.replicate.GB_144_12_8.card-mto.1.candidate 0.076s o 8 load=2.45
0087.replicate.GB_144_12_8.card-mto.1.baseline 0.077s o 8 load=2.45
0088.replicate.GB_144_12_8.card-mto.2.baseline 0.076s o 8 load=2.45
0089.replicate.GB_144_12_8.card-mto.2.candidate 0.078s o 8 load=2.45
0090.replicate.GB_144_12_8.card-mto.3.candidate 0.075s o 8 load=2.45
0091.replicate.GB_144_12_8.card-mto.3.baseline 0.076s o 8 load=2.45
0092.replicate.GB_144_12_8.card-mto.4.baseline 0.077s o 8 load=2.45
0093.replicate.GB_144_12_8.card-mto.4.candidate 0.078s o 8 load=2.45
0094.replicate.GB_144_12_8.card-mto.5.candidate 0.076s o 8 load=2.45
0095.replicate.GB_144_12_8.card-mto.5.baseline 0.078s o 8 load=2.45
0096.replicate.GB_144_12_8.card-mto.6.baseline 0.087s o 8 load=2.45
0097.replicate.GB_144_12_8.card-mto.6.candidate 0.078s o 8 load=2.45
0098.replicate.GB_144_12_8.card-mto.7.candidate 0.076s o 8 load=2.45
0099.replicate.GB_144_12_8.card-mto.7.baseline 0.078s o 8 load=2.45
0100.replicate.GB_144_12_8.card-mto.8.baseline 0.077s o 8 load=2.45
0101.replicate.GB_144_12_8.card-mto.8.candidate 0.077s o 8 load=2.45
0102.replicate.GB_144_12_8.card-mto.9.candidate 0.078s o 8 load=2.45
0103.replicate.GB_144_12_8.card-mto.9.baseline 0.078s o 8 load=2.45
0104.gate.BB_108_8_10.no-card.0.baseline 0.364s o 10 load=2.45
0105.gate.BB_108_8_10.no-card.0.candidate 0.336s o 10 load=2.45
0106.gate.BB_108_8_10.no-card.1.candidate 0.328s o 10 load=2.45
0107.gate.BB_108_8_10.no-card.1.baseline 0.365s o 10 load=2.45
0108.gate.BB_108_8_10.no-card.2.baseline 0.362s o 10 load=2.45
0109.gate.BB_108_8_10.no-card.2.candidate 0.332s o 10 load=2.33
0110.replicate.BB_108_8_10.no-card.0.baseline 0.370s o 10 load=2.33
0111.replicate.BB_108_8_10.no-card.0.candidate 0.328s o 10 load=2.33
0112.replicate.BB_108_8_10.no-card.1.candidate 0.328s o 10 load=2.33
0113.replicate.BB_108_8_10.no-card.1.baseline 0.377s o 10 load=2.33
0114.replicate.BB_108_8_10.no-card.2.baseline 0.371s o 10 load=2.33
0115.replicate.BB_108_8_10.no-card.2.candidate 0.348s o 10 load=2.33
0116.replicate.BB_108_8_10.no-card.3.candidate 0.335s o 10 load=2.33
0117.replicate.BB_108_8_10.no-card.3.baseline 0.363s o 10 load=2.33
0118.replicate.BB_108_8_10.no-card.4.baseline 0.365s o 10 load=2.33
0119.replicate.BB_108_8_10.no-card.4.candidate 0.325s o 10 load=2.33
0120.replicate.BB_108_8_10.no-card.5.candidate 0.332s o 10 load=2.33
0121.replicate.BB_108_8_10.no-card.5.baseline 0.365s o 10 load=2.33
0122.replicate.BB_108_8_10.no-card.6.baseline 0.361s o 10 load=2.33
0123.replicate.BB_108_8_10.no-card.6.candidate 0.337s o 10 load=2.30
0124.replicate.BB_108_8_10.no-card.7.candidate 0.328s o 10 load=2.30
0125.replicate.BB_108_8_10.no-card.7.baseline 0.361s o 10 load=2.30
0126.replicate.BB_108_8_10.no-card.8.baseline 0.366s o 10 load=2.30
0127.replicate.BB_108_8_10.no-card.8.candidate 0.325s o 10 load=2.30
0128.replicate.BB_108_8_10.no-card.9.candidate 0.324s o 10 load=2.30
0129.replicate.BB_108_8_10.no-card.9.baseline 0.361s o 10 load=2.30
0130.gate.BB_108_8_10.card-mto.0.baseline 0.466s o 10 load=2.30
0131.gate.BB_108_8_10.card-mto.0.candidate 0.265s o 10 load=2.30
0132.gate.BB_108_8_10.card-mto.1.candidate 0.265s o 10 load=2.30
0133.gate.BB_108_8_10.card-mto.1.baseline 0.460s o 10 load=2.30
0134.gate.BB_108_8_10.card-mto.2.baseline 0.463s o 10 load=2.30
0135.gate.BB_108_8_10.card-mto.2.candidate 0.264s o 10 load=2.30
0136.replicate.BB_108_8_10.card-mto.0.baseline 0.460s o 10 load=2.30
0137.replicate.BB_108_8_10.card-mto.0.candidate 0.261s o 10 load=2.20
0138.replicate.BB_108_8_10.card-mto.1.candidate 0.265s o 10 load=2.20
0139.replicate.BB_108_8_10.card-mto.1.baseline 0.462s o 10 load=2.20
0140.replicate.BB_108_8_10.card-mto.2.baseline 0.470s o 10 load=2.20
0141.replicate.BB_108_8_10.card-mto.2.candidate 0.265s o 10 load=2.20
0142.replicate.BB_108_8_10.card-mto.3.candidate 0.262s o 10 load=2.20
0143.replicate.BB_108_8_10.card-mto.3.baseline 0.462s o 10 load=2.20
0144.replicate.BB_108_8_10.card-mto.4.baseline 0.465s o 10 load=2.20
0145.replicate.BB_108_8_10.card-mto.4.candidate 0.265s o 10 load=2.20
0146.replicate.BB_108_8_10.card-mto.5.candidate 0.265s o 10 load=2.20
0147.replicate.BB_108_8_10.card-mto.5.baseline 0.462s o 10 load=2.20
0148.replicate.BB_108_8_10.card-mto.6.baseline 0.460s o 10 load=2.20
0149.replicate.BB_108_8_10.card-mto.6.candidate 0.262s o 10 load=2.20
0150.replicate.BB_108_8_10.card-mto.7.candidate 0.265s o 10 load=2.10
0151.replicate.BB_108_8_10.card-mto.7.baseline 0.465s o 10 load=2.10
0152.replicate.BB_108_8_10.card-mto.8.baseline 0.473s o 10 load=2.10
0153.replicate.BB_108_8_10.card-mto.8.candidate 0.263s o 10 load=2.10
0154.replicate.BB_108_8_10.card-mto.9.candidate 0.265s o 10 load=2.10
0155.replicate.BB_108_8_10.card-mto.9.baseline 0.468s o 10 load=2.10
0156.gate.LP_238_44_6.no-card.0.baseline 0.407s o 6 load=2.10
0157.gate.LP_238_44_6.no-card.0.candidate 0.336s o 6 load=2.10
0158.gate.LP_238_44_6.no-card.1.candidate 0.325s o 6 load=2.10
0159.gate.LP_238_44_6.no-card.1.baseline 0.403s o 6 load=2.10
0160.gate.LP_238_44_6.no-card.2.baseline 0.412s o 6 load=2.10
0161.gate.LP_238_44_6.no-card.2.candidate 0.335s o 6 load=2.10
0162.replicate.LP_238_44_6.no-card.0.baseline 0.410s o 6 load=2.10
0163.replicate.LP_238_44_6.no-card.0.candidate 0.327s o 6 load=2.01
0164.replicate.LP_238_44_6.no-card.1.candidate 0.332s o 6 load=2.01
0165.replicate.LP_238_44_6.no-card.1.baseline 0.403s o 6 load=2.01
0166.replicate.LP_238_44_6.no-card.2.baseline 0.403s o 6 load=2.01
0167.replicate.LP_238_44_6.no-card.2.candidate 0.324s o 6 load=2.01
0168.replicate.LP_238_44_6.no-card.3.candidate 0.328s o 6 load=2.01
0169.replicate.LP_238_44_6.no-card.3.baseline 0.401s o 6 load=2.01
0170.replicate.LP_238_44_6.no-card.4.baseline 0.400s o 6 load=2.01
0171.replicate.LP_238_44_6.no-card.4.candidate 0.337s o 6 load=2.01
0172.replicate.LP_238_44_6.no-card.5.candidate 0.326s o 6 load=2.01
0173.replicate.LP_238_44_6.no-card.5.baseline 0.409s o 6 load=2.01
0174.replicate.LP_238_44_6.no-card.6.baseline 0.413s o 6 load=2.01
0175.replicate.LP_238_44_6.no-card.6.candidate 0.334s o 6 load=2.01
0176.replicate.LP_238_44_6.no-card.7.candidate 0.336s o 6 load=1.93
0177.replicate.LP_238_44_6.no-card.7.baseline 0.409s o 6 load=1.93
0178.replicate.LP_238_44_6.no-card.8.baseline 0.410s o 6 load=1.93
0179.replicate.LP_238_44_6.no-card.8.candidate 0.337s o 6 load=1.93
0180.replicate.LP_238_44_6.no-card.9.candidate 0.338s o 6 load=1.93
0181.replicate.LP_238_44_6.no-card.9.baseline 0.408s o 6 load=1.93
0182.gate.LP_238_44_6.card-mto.0.baseline 0.396s o 6 load=1.93
0183.gate.LP_238_44_6.card-mto.0.candidate 0.334s o 6 load=1.93
0184.gate.LP_238_44_6.card-mto.1.candidate 0.329s o 6 load=1.93
0185.gate.LP_238_44_6.card-mto.1.baseline 0.395s o 6 load=1.93
0186.gate.LP_238_44_6.card-mto.2.baseline 0.387s o 6 load=1.93
0187.gate.LP_238_44_6.card-mto.2.candidate 0.324s o 6 load=1.93
0188.replicate.LP_238_44_6.card-mto.0.baseline 0.394s o 6 load=1.93
0189.replicate.LP_238_44_6.card-mto.0.candidate 0.326s o 6 load=1.86
0190.replicate.LP_238_44_6.card-mto.1.candidate 0.333s o 6 load=1.86
0191.replicate.LP_238_44_6.card-mto.1.baseline 0.396s o 6 load=1.86
0192.replicate.LP_238_44_6.card-mto.2.baseline 0.391s o 6 load=1.86
0193.replicate.LP_238_44_6.card-mto.2.candidate 0.324s o 6 load=1.86
0194.replicate.LP_238_44_6.card-mto.3.candidate 0.336s o 6 load=1.86
0195.replicate.LP_238_44_6.card-mto.3.baseline 0.396s o 6 load=1.86
0196.replicate.LP_238_44_6.card-mto.4.baseline 0.391s o 6 load=1.86
0197.replicate.LP_238_44_6.card-mto.4.candidate 0.337s o 6 load=1.86
0198.replicate.LP_238_44_6.card-mto.5.candidate 0.334s o 6 load=1.86
0199.replicate.LP_238_44_6.card-mto.5.baseline 0.396s o 6 load=1.86
0200.replicate.LP_238_44_6.card-mto.6.baseline 0.390s o 6 load=1.86
0201.replicate.LP_238_44_6.card-mto.6.candidate 0.336s o 6 load=1.86
0202.replicate.LP_238_44_6.card-mto.7.candidate 0.334s o 6 load=1.86
0203.replicate.LP_238_44_6.card-mto.7.baseline 0.399s o 6 load=1.79
0204.replicate.LP_238_44_6.card-mto.8.baseline 0.401s o 6 load=1.79
0205.replicate.LP_238_44_6.card-mto.8.candidate 0.336s o 6 load=1.79
0206.replicate.LP_238_44_6.card-mto.9.candidate 0.335s o 6 load=1.79
0207.replicate.LP_238_44_6.card-mto.9.baseline 0.393s o 6 load=1.79
{
 "stopped": null,
 "n_samples": 208,
 "finished": "2026-10-10T22:07:21+0800",
 "binary_sha256_after": {
  "baseline": "6bdcaa2523cdcbeae5164cedbf54c9ac0f9e64f9a91c3da7ef4b804df393db9d",
  "candidate": "2cf4d512b106d505fec9712e7007e660a6b212c2acefb26bdb00ad24f0c9615e"
 },
 "input_sha256_after_ok": true
}
gate no-card geomean 0.95956 envelope 0.98768 positive False flags ['GB_144_12_8']
gate card-mto geomean 0.81249 envelope 0.82742 positive False flags []
replicate no-card geomean 0.95507 envelope 1.02421 positive False flags []
replicate card-mto geomean 0.81227 envelope 0.83395 positive True flags []
exit=0
