000000010063f6a0 b .bss
000000010063f860 b .bss
000000010043f000 b .bss
000000010063f6a0 b .bss
000000010063f6a0 b .bss
000000010063f6a0 b .bss
000000010043f1e0 b .bss
000000010063f6a0 b .bss
000000010063f6e0 b .bss
000000010063f840 b .bss
000000010063f6a0 b .bss
000000010063f6b0 b .bss
000000010063f840 b .bss
000000010043f000 b .bss
000000010063f6a0 b .bss
000000010063f6e0 b .bss
000000010063f6a0 b .bss
000000010063f6e0 b .bss
000000010063f840 b .bss
000000010043f000 b .bss
000000010043f000 b .bss
000000010063f840 b .bss
000000010063f6a0 b .bss
000000010043abd8 r .ctors
000000010043abe0 r .ctors
000000010043abe8 r .ctors.65535
0000000100437010 d .data
0000000100437010 d .data
0000000100437030 d .data
0000000100437030 d .data
0000000100437030 d .data
0000000100437030 d .data
0000000100437000 d .data
0000000100437030 d .data
0000000100437030 d .data
0000000100437030 d .data
0000000100437030 d .data
0000000100437040 d .data
0000000100437080 d .data
0000000100437080 d .data
0000000100437080 d .data
0000000100437010 d .data
0000000100437080 d .data
0000000100437000 d .data
0000000100437080 d .data
0000000100437080 d .data
0000000100437080 d .data
0000000100437080 d .data
0000000100437080 d .data
0000000100437080 d .data$_ZGVZN7Minisat6Option13getOptionListEvE7options
0000000100437090 d .data$_ZZN7Minisat6Option13getOptionListEvE7options
00000001004370a0 d .data$_ZZN7Minisat6Option14getUsageStringEvE9usage_str
00000001004370b0 d .data$_ZZN7Minisat6Option19getHelpPrefixStringEvE15help_prefix_str
0000000100748e42 N .debug_abbrev
0000000100748d73 N .debug_abbrev
0000000100748d5f N .debug_abbrev
00000001007495bd N .debug_abbrev
0000000100749592 N .debug_abbrev
00000001007483d9 N .debug_abbrev
0000000100748f9a N .debug_abbrev
0000000100749358 N .debug_abbrev
000000010074521e N .debug_abbrev
0000000100745000 N .debug_abbrev
0000000100749506 N .debug_abbrev
0000000100748f44 N .debug_abbrev
0000000100748eee N .debug_abbrev
0000000100748d0d N .debug_abbrev
0000000100748e98 N .debug_abbrev
0000000100747312 N .debug_abbrev
00000001007497d4 N .debug_abbrev
000000010074635e N .debug_abbrev
00000001006435a0 N .debug_aranges
0000000100643600 N .debug_aranges
0000000100643840 N .debug_aranges
0000000100643030 N .debug_aranges
00000001006430d0 N .debug_aranges
0000000100643810 N .debug_aranges
00000001006437e0 N .debug_aranges
00000001006437b0 N .debug_aranges
0000000100643780 N .debug_aranges
0000000100643750 N .debug_aranges
0000000100643720 N .debug_aranges
0000000100643000 N .debug_aranges
00000001006436f0 N .debug_aranges
00000001006436c0 N .debug_aranges
0000000100643690 N .debug_aranges
0000000100643660 N .debug_aranges
0000000100643630 N .debug_aranges
0000000100643290 N .debug_aranges
00000001007a84b8 N .debug_frame
00000001007a86c8 N .debug_frame
00000001007a84f0 N .debug_frame
00000001007a8698 N .debug_frame
00000001007a8520 N .debug_frame
00000001007a3038 N .debug_frame
00000001007a8440 N .debug_frame
00000001007a3000 N .debug_frame
00000001007a8668 N .debug_frame
00000001007a8470 N .debug_frame
00000001007a4a68 N .debug_frame
00000001007a8600 N .debug_frame
00000001007a8550 N .debug_frame
00000001007a8210 N .debug_frame
00000001007a8580 N .debug_frame
00000001007a3c90 N .debug_frame
00000001007a85b0 N .debug_frame
00000001007a3b00 N .debug_frame$_ZN7Minisat10BoolOption4helpEb
00000001007a3ab0 N .debug_frame$_ZN7Minisat10BoolOption5parseEPKc
00000001007a39c0 N .debug_frame$_ZN7Minisat10BoolOptionD0Ev
00000001007a38a0 N .debug_frame$_ZN7Minisat10BoolOptionD1Ev
00000001007a4880 N .debug_frame$_ZN7Minisat10SimpSolver14updateElimHeapEi
00000001007a3bf0 N .debug_frame$_ZN7Minisat12DoubleOption4helpEb
00000001007a39f0 N .debug_frame$_ZN7Minisat12DoubleOption5parseEPKc
00000001007a3960 N .debug_frame$_ZN7Minisat12DoubleOptionD0Ev
00000001007a3900 N .debug_frame$_ZN7Minisat12DoubleOptionD1Ev
00000001007a8310 N .debug_frame$_ZN7Minisat13selectionSortIPNS_6OptionENS1_8OptionLtEEEvPT_iT0_
00000001007a7c00 N .debug_frame$_ZN7Minisat15ClauseAllocator5relocERjRS0_
00000001007a47e8 N .debug_frame$_ZN7Minisat15RegionAllocatorIjE8capacityEj
00000001007a80f8 N .debug_frame$_ZN7Minisat3vecINS0_INS_3LitEEEE8capacityEi
00000001007a80b0 N .debug_frame$_ZN7Minisat3vecINS0_INS_6Solver7WatcherEEEE8capacityEi
00000001007a81c8 N .debug_frame$_ZN7Minisat3vecINS0_IiEEE8capacityEi
00000001007a4a20 N .debug_frame$_ZN7Minisat3vecINS0_IjEEE8capacityEi
00000001007a7bb0 N .debug_frame$_ZN7Minisat3vecINS_3LitEE4pushERKS1_
00000001007a3708 N .debug_frame$_ZN7Minisat3vecINS_3LitEE8capacityEi
00000001007a7df8 N .debug_frame$_ZN7Minisat3vecINS_5lboolEE8capacityEi
00000001007a7e40 N .debug_frame$_ZN7Minisat3vecINS_6Solver7VarDataEE8capacityEi
00000001007a7cd8 N .debug_frame$_ZN7Minisat3vecINS_6Solver7WatcherEE8capacityEi
00000001007a4798 N .debug_frame$_ZN7Minisat3vecIPNS_6OptionEE4pushERKS2_
00000001007a4750 N .debug_frame$_ZN7Minisat3vecIPNS_6OptionEE8capacityEi
00000001007a3930 N .debug_frame$_ZN7Minisat3vecIPNS_6OptionEED1Ev
00000001007a4990 N .debug_frame$_ZN7Minisat3vecIcE8capacityEi
00000001007a7e88 N .debug_frame$_ZN7Minisat3vecIdE8capacityEi
00000001007a7c88 N .debug_frame$_ZN7Minisat3vecIiE4pushERKi
00000001007a4838 N .debug_frame$_ZN7Minisat3vecIiE8capacityEi
00000001007a7da8 N .debug_frame$_ZN7Minisat3vecIjE4pushERKj
00000001007a49d8 N .debug_frame$_ZN7Minisat3vecIjE8capacityEi
00000001007a7ed0 N .debug_frame$_ZN7Minisat3vecImE8capacityEi
00000001007a7f18 N .debug_frame$_ZN7Minisat4HeapINS_6Solver10VarOrderLtEE13percolateDownEi
00000001007a7aa8 N .debug_frame$_ZN7Minisat4HeapINS_6Solver10VarOrderLtEED1Ev
00000001007a8398 N .debug_frame$_ZN7Minisat4sortIPNS_6OptionENS1_8OptionLtEEEvPT_iT0_
00000001007a7fa0 N .debug_frame$_ZN7Minisat4sortIj11reduceDB_ltEEvPT_iT0_
00000001007a8028 N .debug_frame$_ZN7Minisat4sortIj13reduceCORE_ltEEvPT_iT0_
00000001007a7d20 N .debug_frame$_ZN7Minisat4sortIj14reduceTIER2_ltEEvPT_iT0_
00000001007a46f8 N .debug_frame$_ZN7Minisat6Option13getOptionListEv
00000001007a4908 N .debug_frame$_ZN7Minisat6Solver14setDecisionVarEib
00000001007a7a10 N .debug_frame$_ZN7Minisat6Solver15claBumpActivityERNS_6ClauseE
00000001007a79c0 N .debug_frame$_ZN7Minisat6Solver15varBumpActivityEid
00000001007a8140 N .debug_frame$_ZN7Minisat6Solver24newAuxiVarForCardinalityEv
00000001007a7b60 N .debug_frame$_ZN7Minisat6Solver7binDRUPINS_3vecINS_3LitEEEEEvhRKT_P9__sFILE64
00000001007a7af8 N .debug_frame$_ZN7Minisat8OccListsINS_3LitENS_3vecINS_6Solver7WatcherEEENS3_14WatcherDeletedEE8cleanAllEv
00000001007a7a40 N .debug_frame$_ZN7Minisat8OccListsINS_3LitENS_3vecINS_6Solver7WatcherEEENS3_14WatcherDeletedEED1Ev
00000001007a3b78 N .debug_frame$_ZN7Minisat9IntOption4helpEb
00000001007a3a50 N .debug_frame$_ZN7Minisat9IntOption5parseEPKc
00000001007a3990 N .debug_frame$_ZN7Minisat9IntOptionD0Ev
00000001007a38d0 N .debug_frame$_ZN7Minisat9IntOptionD1Ev
00000001007a3638 N .debug_frame$_ZNSsC1ISaIcEEEPKcRKS0_
00000001007a3750 N .debug_frame$_ZNSt6vectorIN7Minisat3LitESaIS1_EE17_M_realloc_appendIJRKS1_EEEvDpOT_
00000001007a37c0 N .debug_frame$_ZNSt6vectorIN7Minisat3LitESaIS1_EE17_M_realloc_appendIJS1_EEEvDpOT_
00000001007a3830 N .debug_frame$_ZNSt6vectorIiSaIiEE17_M_realloc_appendIJiEEEvDpOT_
00000001007a36b0 N .debug_frame$_ZStplIcSt11char_traitsIcESaIcEESbIT_T0_T1_EOS6_PKS3_
000000010073f2a7 N .debug_info
000000010073f844 N .debug_info
000000010073f13e N .debug_info
000000010073f596 N .debug_info
000000010073f99b N .debug_info
000000010073faf2 N .debug_info
0000000100741f95 N .debug_info
00000001006b6357 N .debug_info
000000010073f2cf N .debug_info
00000001007427f3 N .debug_info
000000010073f6ed N .debug_info
0000000100738ef1 N .debug_info
00000001006452e0 N .debug_info
0000000100743e8c N .debug_info
0000000100742b1d N .debug_info
0000000100644000 N .debug_info
0000000100742c44 N .debug_info
000000010068cff7 N .debug_info
00000001007a1d1c N .debug_line
00000001007a1c12 N .debug_line
00000001007a1cc9 N .debug_line
00000001007a1083 N .debug_line
00000001007a1d6f N .debug_line
00000001007a1bb6 N .debug_line
00000001007a22e9 N .debug_line
00000001007a1dc2 N .debug_line
0000000100754639 N .debug_line
00000001007a1e15 N .debug_line
00000001007a1c6e N .debug_line
00000001007a239d N .debug_line
00000001007a213b N .debug_line
00000001007a2295 N .debug_line
000000010074a09e N .debug_line
000000010074a000 N .debug_line
0000000100762309 N .debug_line
00000001007a2228 N .debug_line
00000001007ad2c8 N .debug_line_str
00000001007ab000 N .debug_line_str
00000001007adcb8 N .debug_line_str
00000001007ada4c N .debug_line_str
00000001007ab22e N .debug_line_str
00000001007ad92f N .debug_line_str
00000001007ad80d N .debug_line_str
00000001007ad6cd N .debug_line_str
00000001007ad1c9 N .debug_line_str
00000001007ad0ca N .debug_line_str
00000001007acfcb N .debug_line_str
00000001007acecc N .debug_line_str
00000001007acdbd N .debug_line_str
00000001007acd51 N .debug_line_str
00000001007acc18 N .debug_line_str
00000001007ac6ba N .debug_line_str
00000001007aba83 N .debug_line_str
00000001007ac03b N .debug_line_str
0000000100824832 N .debug_loclists
0000000100824850 N .debug_loclists
00000001007c78c1 N .debug_loclists
0000000100823ed5 N .debug_loclists
00000001007d79ee N .debug_loclists
0000000100824906 N .debug_loclists
00000001007ae000 N .debug_loclists
0000000100824a80 N .debug_loclists
0000000100825000 N .debug_rnglists
0000000100828abd N .debug_rnglists
00000001008405f2 N .debug_rnglists
000000010082dbda N .debug_rnglists
00000001007a9fbc N .debug_str
00000001007aa76b N .debug_str
00000001007a900e N .debug_str
00000001007a9c46 N .debug_str
00000001007aa5e1 N .debug_str
00000001007aa84c N .debug_str
00000001007a9000 N .debug_str
00000001007aa7e5 N .debug_str
0000000100640028 i .idata$2
000000010064003c i .idata$2
0000000100640000 i .idata$2
0000000100640014 i .idata$2
0000000100640260 i .idata$4
0000000100640258 i .idata$4
0000000100640248 i .idata$4
0000000100640170 i .idata$4
00000001006401f0 i .idata$4
0000000100640168 i .idata$4
0000000100640160 i .idata$4
00000001006400a0 i .idata$4
0000000100640138 i .idata$4
0000000100640338 i .idata$4
0000000100640158 i .idata$4
0000000100640338 i .idata$4
0000000100640340 i .idata$4
0000000100640068 i .idata$4
0000000100640248 i .idata$4
0000000100640258 i .idata$4
0000000100640068 i .idata$4
0000000100640070 i .idata$4
0000000100640078 i .idata$4
0000000100640080 i .idata$4
0000000100640088 i .idata$4
0000000100640090 i .idata$4
0000000100640098 i .idata$4
00000001006400a8 i .idata$4
00000001006400b0 i .idata$4
00000001006400b8 i .idata$4
00000001006400c0 i .idata$4
00000001006400c8 i .idata$4
00000001006400d0 i .idata$4
00000001006400d8 i .idata$4
00000001006400e0 i .idata$4
00000001006400e8 i .idata$4
00000001006400f0 i .idata$4
00000001006400f8 i .idata$4
0000000100640100 i .idata$4
0000000100640108 i .idata$4
0000000100640110 i .idata$4
0000000100640118 i .idata$4
0000000100640120 i .idata$4
00000001006401e8 i .idata$4
0000000100640150 i .idata$4
0000000100640128 i .idata$4
0000000100640330 i .idata$4
0000000100640130 i .idata$4
0000000100640148 i .idata$4
0000000100640250 i .idata$4
0000000100640218 i .idata$4
0000000100640210 i .idata$4
0000000100640208 i .idata$4
0000000100640220 i .idata$4
0000000100640200 i .idata$4
0000000100640180 i .idata$4
0000000100640240 i .idata$4
0000000100640188 i .idata$4
0000000100640238 i .idata$4
00000001006401f8 i .idata$4
0000000100640190 i .idata$4
0000000100640198 i .idata$4
00000001006401a0 i .idata$4
00000001006401a8 i .idata$4
00000001006401b0 i .idata$4
00000001006401b8 i .idata$4
0000000100640230 i .idata$4
0000000100640140 i .idata$4
00000001006401c0 i .idata$4
00000001006401c8 i .idata$4
00000001006401d0 i .idata$4
00000001006401d8 i .idata$4
0000000100640300 i .idata$4
0000000100640308 i .idata$4
0000000100640310 i .idata$4
0000000100640320 i .idata$4
0000000100640318 i .idata$4
0000000100640328 i .idata$4
00000001006402f8 i .idata$4
00000001006401e0 i .idata$4
00000001006402f0 i .idata$4
00000001006402e8 i .idata$4
00000001006402e0 i .idata$4
00000001006402d8 i .idata$4
00000001006402d0 i .idata$4
00000001006402c8 i .idata$4
0000000100640178 i .idata$4
00000001006402c0 i .idata$4
00000001006402b8 i .idata$4
00000001006402b0 i .idata$4
0000000100640228 i .idata$4
00000001006402a8 i .idata$4
00000001006402a0 i .idata$4
0000000100640298 i .idata$4
0000000100640290 i .idata$4
0000000100640288 i .idata$4
0000000100640280 i .idata$4
0000000100640278 i .idata$4
0000000100640270 i .idata$4
0000000100640268 i .idata$4
0000000100640580 i .idata$5
0000000100640610 i .idata$5
0000000100640530 i .idata$5
0000000100640520 i .idata$5
0000000100640518 i .idata$5
0000000100640510 i .idata$5
0000000100640508 i .idata$5
0000000100640500 i .idata$5
00000001006404f8 i .idata$5
00000001006404f0 i .idata$5
00000001006404e8 i .idata$5
00000001006404e0 i .idata$5
00000001006404d8 i .idata$5
00000001006404d0 i .idata$5
00000001006404c8 i .idata$5
00000001006404c0 i .idata$5
00000001006404b8 i .idata$5
00000001006404b0 i .idata$5
00000001006404a8 i .idata$5
00000001006404a0 i .idata$5
0000000100640498 i .idata$5
0000000100640490 i .idata$5
0000000100640488 i .idata$5
0000000100640480 i .idata$5
0000000100640478 i .idata$5
0000000100640470 i .idata$5
0000000100640468 i .idata$5
0000000100640460 i .idata$5
0000000100640608 i .idata$5
0000000100640600 i .idata$5
00000001006405f8 i .idata$5
00000001006405f0 i .idata$5
00000001006405e8 i .idata$5
00000001006405e0 i .idata$5
00000001006405d8 i .idata$5
00000001006405d0 i .idata$5
00000001006405c8 i .idata$5
00000001006405c0 i .idata$5
00000001006405b8 i .idata$5
00000001006405b0 i .idata$5
00000001006405a8 i .idata$5
00000001006405a0 i .idata$5
0000000100640598 i .idata$5
0000000100640590 i .idata$5
0000000100640588 i .idata$5
0000000100640578 i .idata$5
0000000100640570 i .idata$5
0000000100640568 i .idata$5
0000000100640560 i .idata$5
0000000100640558 i .idata$5
0000000100640550 i .idata$5
0000000100640548 i .idata$5
0000000100640540 i .idata$5
0000000100640538 i .idata$5
0000000100640528 i .idata$5
0000000100640458 i .idata$5
0000000100640450 i .idata$5
0000000100640448 i .idata$5
0000000100640440 i .idata$5
0000000100640380 i .idata$5
0000000100640618 i .idata$5
0000000100640438 i .idata$5
0000000100640618 i .idata$5
0000000100640620 i .idata$5
0000000100640348 i .idata$5
0000000100640528 i .idata$5
0000000100640538 i .idata$5
0000000100640348 i .idata$5
0000000100640350 i .idata$5
0000000100640358 i .idata$5
0000000100640360 i .idata$5
0000000100640368 i .idata$5
0000000100640370 i .idata$5
0000000100640378 i .idata$5
0000000100640388 i .idata$5
0000000100640390 i .idata$5
0000000100640398 i .idata$5
00000001006403a0 i .idata$5
00000001006403a8 i .idata$5
00000001006403b0 i .idata$5
00000001006403b8 i .idata$5
00000001006403c0 i .idata$5
00000001006403c8 i .idata$5
00000001006403d0 i .idata$5
00000001006403d8 i .idata$5
00000001006403e0 i .idata$5
00000001006403e8 i .idata$5
00000001006403f0 i .idata$5
00000001006403f8 i .idata$5
0000000100640400 i .idata$5
0000000100640408 i .idata$5
0000000100640410 i .idata$5
0000000100640418 i .idata$5
0000000100640420 i .idata$5
0000000100640428 i .idata$5
0000000100640430 i .idata$5
00000001006408ec i .idata$6
000000010064070c i .idata$6
000000010064088c i .idata$6
0000000100640880 i .idata$6
0000000100640628 i .idata$6
0000000100640900 i .idata$6
00000001006407e4 i .idata$6
0000000100640918 i .idata$6
000000010064079c i .idata$6
0000000100640754 i .idata$6
0000000100640760 i .idata$6
00000001006407a8 i .idata$6
000000010064067c i .idata$6
0000000100640938 i .idata$6
0000000100640728 i .idata$6
00000001006408b0 i .idata$6
00000001006406a8 i .idata$6
000000010064095c i .idata$6
0000000100640704 i .idata$6
00000001006407dc i .idata$6
0000000100640980 i .idata$6
0000000100640694 i .idata$6
00000001006409a4 i .idata$6
0000000100640898 i .idata$6
00000001006409b8 i .idata$6
0000000100640670 i .idata$6
000000010064073c i .idata$6
00000001006409cc i .idata$6
000000010064077c i .idata$6
00000001006406b0 i .idata$6
00000001006409e0 i .idata$6
00000001006406f8 i .idata$6
000000010064069c i .idata$6
00000001006409f4 i .idata$6
00000001006407d4 i .idata$6
0000000100640a0c i .idata$6
000000010064076c i .idata$6
000000010064085c i .idata$6
0000000100640a20 i .idata$6
0000000100640820 i .idata$6
0000000100640800 i .idata$6
00000001006407c8 i .idata$6
00000001006408bc i .idata$6
0000000100640868 i .idata$6
0000000100640a38 i .idata$6
00000001006406f0 i .idata$6
0000000100640718 i .idata$6
00000001006407c0 i .idata$6
0000000100640a4c i .idata$6
0000000100640848 i .idata$6
0000000100640660 i .idata$6
0000000100640744 i .idata$6
0000000100640a6c i .idata$6
00000001006407b4 i .idata$6
0000000100640834 i .idata$6
0000000100640a8c i .idata$6
0000000100640790 i .idata$6
0000000100640654 i .idata$6
00000001006408c4 i .idata$6
0000000100640ab4 i .idata$6
00000001006406e8 i .idata$6
0000000100640874 i .idata$6
0000000100640b94 i .idata$6
0000000100640adc i .idata$6
0000000100640720 i .idata$6
0000000100640818 i .idata$6
00000001006406c4 i .idata$6
0000000100640b08 i .idata$6
000000010064074c i .idata$6
00000001006408a4 i .idata$6
0000000100640b14 i .idata$6
0000000100640840 i .idata$6
0000000100640644 i .idata$6
0000000100640b1c i .idata$6
00000001006406d8 i .idata$6
00000001006408d8 i .idata$6
0000000100640b38 i .idata$6
00000001006407f8 i .idata$6
0000000100640b50 i .idata$6
0000000100640684 i .idata$6
0000000100640828 i .idata$6
0000000100640850 i .idata$6
0000000100640b68 i .idata$6
000000010064080c i .idata$6
0000000100640638 i .idata$6
0000000100640b78 i .idata$6
0000000100640784 i .idata$6
0000000100640730 i .idata$6
0000000100640d18 i .idata$7
0000000100640bdc i .idata$7
0000000100640d1c i .idata$7
0000000100640c60 i .idata$7
0000000100640c24 i .idata$7
0000000100640d20 i .idata$7
0000000100640bc4 i .idata$7
0000000100640c64 i .idata$7
0000000100640c68 i .idata$7
0000000100640c5c i .idata$7
0000000100640c58 i .idata$7
0000000100640c6c i .idata$7
0000000100640bcc i .idata$7
0000000100640c88 i .idata$7
0000000100640c54 i .idata$7
0000000100640c70 i .idata$7
0000000100640c50 i .idata$7
0000000100640c74 i .idata$7
0000000100640c78 i .idata$7
0000000100640c84 i .idata$7
0000000100640c30 i .idata$7
0000000100640c2c i .idata$7
0000000100640c7c i .idata$7
0000000100640bd4 i .idata$7
0000000100640c4c i .idata$7
0000000100640bc8 i .idata$7
0000000100640c0c i .idata$7
0000000100640c48 i .idata$7
0000000100640c80 i .idata$7
0000000100640c08 i .idata$7
0000000100640c44 i .idata$7
0000000100640bc0 i .idata$7
0000000100640bf8 i .idata$7
0000000100640c40 i .idata$7
0000000100640c90 i .idata$7
0000000100640bd8 i .idata$7
0000000100640c3c i .idata$7
0000000100640c28 i .idata$7
0000000100640c38 i .idata$7
0000000100640bbc i .idata$7
0000000100640c34 i .idata$7
0000000100640bb8 i .idata$7
0000000100640c14 i .idata$7
0000000100640c18 i .idata$7
0000000100640bd0 i .idata$7
0000000100640bb4 i .idata$7
0000000100640ca0 i .idata$7
0000000100640c04 i .idata$7
0000000100640bf4 i .idata$7
0000000100640bb0 i .idata$7
0000000100640cb8 i .idata$7
0000000100640bac i .idata$7
0000000100640cbc i .idata$7
0000000100640cc0 i .idata$7
0000000100640ba8 i .idata$7
0000000100640cc4 i .idata$7
0000000100640c00 i .idata$7
0000000100640bf0 i .idata$7
0000000100640cc8 i .idata$7
0000000100640ccc i .idata$7
0000000100640cd0 i .idata$7
0000000100640cd4 i .idata$7
0000000100640bec i .idata$7
0000000100640cd8 i .idata$7
0000000100640cdc i .idata$7
0000000100640ce0 i .idata$7
0000000100640ce4 i .idata$7
0000000100640ce8 i .idata$7
0000000100640c94 i .idata$7
0000000100640c20 i .idata$7
0000000100640be8 i .idata$7
0000000100640cec i .idata$7
0000000100640ca4 i .idata$7
0000000100640cf0 i .idata$7
0000000100640c8c i .idata$7
0000000100640cf4 i .idata$7
0000000100640d24 i .idata$7
0000000100640d38 i .idata$7
0000000100640c10 i .idata$7
0000000100640cf8 i .idata$7
0000000100640be4 i .idata$7
0000000100640cfc i .idata$7
0000000100640bfc i .idata$7
0000000100640d00 i .idata$7
0000000100640d04 i .idata$7
0000000100640d34 i .idata$7
0000000100640d08 i .idata$7
0000000100640be0 i .idata$7
0000000100640d0c i .idata$7
0000000100640d10 i .idata$7
0000000100640d14 i .idata$7
0000000100640c1c i .idata$7
000000010043cabc p .pdata
000000010043c384 p .pdata
000000010043c024 p .pdata
000000010043cb1c p .pdata
000000010043ca50 p .pdata
000000010043c1bc p .pdata
000000010043c00c p .pdata
000000010043ca98 p .pdata
000000010043cb10 p .pdata
000000010043cb04 p .pdata
000000010043c000 p .pdata
000000010043caec p .pdata
000000010043caa4 p .pdata
000000010043cae0 p .pdata
000000010043cad4 p .pdata
000000010043cab0 p .pdata
000000010043cac8 p .pdata
000000010043c198 p .pdata$_ZN7Minisat10BoolOption4helpEb
000000010043c18c p .pdata$_ZN7Minisat10BoolOption5parseEPKc
000000010043c168 p .pdata$_ZN7Minisat10BoolOptionD0Ev
000000010043c120 p .pdata$_ZN7Minisat10BoolOptionD1Ev
000000010043c33c p .pdata$_ZN7Minisat10SimpSolver14updateElimHeapEi
000000010043c1b0 p .pdata$_ZN7Minisat12DoubleOption4helpEb
000000010043c174 p .pdata$_ZN7Minisat12DoubleOption5parseEPKc
000000010043c150 p .pdata$_ZN7Minisat12DoubleOptionD0Ev
000000010043c138 p .pdata$_ZN7Minisat12DoubleOptionD1Ev
000000010043ca80 p .pdata$_ZN7Minisat13selectionSortIPNS_6OptionENS1_8OptionLtEEEvPT_iT0_
000000010043c984 p .pdata$_ZN7Minisat15ClauseAllocator5relocERjRS0_
000000010043c324 p .pdata$_ZN7Minisat15RegionAllocatorIjE8capacityEj
000000010043ca20 p .pdata$_ZN7Minisat3vecINS0_INS_3LitEEEE8capacityEi
000000010043ca14 p .pdata$_ZN7Minisat3vecINS0_INS_6Solver7WatcherEEEE8capacityEi
000000010043ca38 p .pdata$_ZN7Minisat3vecINS0_IiEEE8capacityEi
000000010043c36c p .pdata$_ZN7Minisat3vecINS0_IjEEE8capacityEi
000000010043c978 p .pdata$_ZN7Minisat3vecINS_3LitEE4pushERKS1_
000000010043c0e4 p .pdata$_ZN7Minisat3vecINS_3LitEE8capacityEi
000000010043c9c0 p .pdata$_ZN7Minisat3vecINS_5lboolEE8capacityEi
000000010043c9cc p .pdata$_ZN7Minisat3vecINS_6Solver7VarDataEE8capacityEi
000000010043c99c p .pdata$_ZN7Minisat3vecINS_6Solver7WatcherEE8capacityEi
000000010043c318 p .pdata$_ZN7Minisat3vecIPNS_6OptionEE4pushERKS2_
000000010043c30c p .pdata$_ZN7Minisat3vecIPNS_6OptionEE8capacityEi
000000010043c144 p .pdata$_ZN7Minisat3vecIPNS_6OptionEED1Ev
000000010043c354 p .pdata$_ZN7Minisat3vecIcE8capacityEi
000000010043c9d8 p .pdata$_ZN7Minisat3vecIdE8capacityEi
000000010043c990 p .pdata$_ZN7Minisat3vecIiE4pushERKi
000000010043c330 p .pdata$_ZN7Minisat3vecIiE8capacityEi
000000010043c9b4 p .pdata$_ZN7Minisat3vecIjE4pushERKj
000000010043c360 p .pdata$_ZN7Minisat3vecIjE8capacityEi
000000010043c9e4 p .pdata$_ZN7Minisat3vecImE8capacityEi
000000010043c9f0 p .pdata$_ZN7Minisat4HeapINS_6Solver10VarOrderLtEE13percolateDownEi
000000010043c954 p .pdata$_ZN7Minisat4HeapINS_6Solver10VarOrderLtEED1Ev
000000010043ca8c p .pdata$_ZN7Minisat4sortIPNS_6OptionENS1_8OptionLtEEEvPT_iT0_
000000010043c9fc p .pdata$_ZN7Minisat4sortIj11reduceDB_ltEEvPT_iT0_
000000010043ca08 p .pdata$_ZN7Minisat4sortIj13reduceCORE_ltEEvPT_iT0_
000000010043c9a8 p .pdata$_ZN7Minisat4sortIj14reduceTIER2_ltEEvPT_iT0_
000000010043c300 p .pdata$_ZN7Minisat6Option13getOptionListEv
000000010043c348 p .pdata$_ZN7Minisat6Solver14setDecisionVarEib
000000010043c93c p .pdata$_ZN7Minisat6Solver15claBumpActivityERNS_6ClauseE
000000010043c930 p .pdata$_ZN7Minisat6Solver15varBumpActivityEid
000000010043ca2c p .pdata$_ZN7Minisat6Solver24newAuxiVarForCardinalityEv
000000010043c96c p .pdata$_ZN7Minisat6Solver7binDRUPINS_3vecINS_3LitEEEEEvhRKT_P9__sFILE64
000000010043c960 p .pdata$_ZN7Minisat8OccListsINS_3LitENS_3vecINS_6Solver7WatcherEEENS3_14WatcherDeletedEE8cleanAllEv
000000010043c948 p .pdata$_ZN7Minisat8OccListsINS_3LitENS_3vecINS_6Solver7WatcherEEENS3_14WatcherDeletedEED1Ev
000000010043c1a4 p .pdata$_ZN7Minisat9IntOption4helpEb
000000010043c180 p .pdata$_ZN7Minisat9IntOption5parseEPKc
000000010043c15c p .pdata$_ZN7Minisat9IntOptionD0Ev
000000010043c12c p .pdata$_ZN7Minisat9IntOptionD1Ev
000000010043c0cc p .pdata$_ZNSsC1ISaIcEEEPKcRKS0_
000000010043c0f0 p .pdata$_ZNSt6vectorIN7Minisat3LitESaIS1_EE17_M_realloc_appendIJRKS1_EEEvDpOT_
000000010043c0fc p .pdata$_ZNSt6vectorIN7Minisat3LitESaIS1_EE17_M_realloc_appendIJS1_EEEvDpOT_
000000010043c108 p .pdata$_ZNSt6vectorIiSaIiEE17_M_realloc_appendIJiEEEvDpOT_
000000010043c0d8 p .pdata$_ZStplIcSt11char_traitsIcESaIcEESbIT_T0_T1_EOS6_PKS3_
000000010043c114 p .pdata.startup
000000010043ca44 p .pdata.startup
000000010043c378 p .pdata.startup
000000010043cb28 p .pdata.startup
000000010043a5d0 r .rdata
0000000100438000 r .rdata
0000000100438ae0 r .rdata
0000000100439140 r .rdata
000000010043a510 r .rdata
000000010043a5e0 r .rdata$.refptr._ZN7Minisat6Solver7buf_lenE
000000010043a5f0 r .rdata$.refptr._ZN7Minisat6Solver7buf_ptrE
000000010043a600 r .rdata$.refptr._ZN7Minisat6Solver8drup_bufE
000000010043a610 r .rdata$.refptr._ZNSs4_Rep20_S_empty_rep_storageE
000000010043a620 r .rdata$.refptr.__dso_handle
000000010043a630 r .rdata$_ZTIN7Minisat10BoolOptionE
000000010043a650 r .rdata$_ZTIN7Minisat10SimpSolverE
000000010043a670 r .rdata$_ZTIN7Minisat12DoubleOptionE
000000010043a690 r .rdata$_ZTIN7Minisat20OutOfMemoryExceptionE
000000010043a6a0 r .rdata$_ZTIN7Minisat6OptionE
000000010043a6b0 r .rdata$_ZTIN7Minisat6SolverE
000000010043a6c0 r .rdata$_ZTIN7Minisat9IntOptionE
000000010043a6e0 r .rdata$_ZTSN7Minisat10BoolOptionE
000000010043a700 r .rdata$_ZTSN7Minisat10SimpSolverE
000000010043a720 r .rdata$_ZTSN7Minisat12DoubleOptionE
000000010043a740 r .rdata$_ZTSN7Minisat20OutOfMemoryExceptionE
000000010043a780 r .rdata$_ZTSN7Minisat6OptionE
000000010043a7a0 r .rdata$_ZTSN7Minisat6SolverE
000000010043a7c0 r .rdata$_ZTSN7Minisat9IntOptionE
000000010043a7e0 r .rdata$_ZTVN7Minisat10BoolOptionE
000000010043a810 r .rdata$_ZTVN7Minisat10SimpSolverE
000000010043a840 r .rdata$_ZTVN7Minisat12DoubleOptionE
000000010043a870 r .rdata$_ZTVN7Minisat6OptionE
000000010043a8a0 r .rdata$_ZTVN7Minisat6SolverE
000000010043a8d0 r .rdata$_ZTVN7Minisat9IntOptionE
000000010043a940 r .rdata$zzz
000000010043aae0 r .rdata$zzz
000000010043a9c0 r .rdata$zzz
000000010043a900 r .rdata$zzz
000000010043ab00 r .rdata$zzz
000000010043aac0 r .rdata$zzz
000000010043a960 r .rdata$zzz
000000010043aa40 r .rdata$zzz
000000010043a980 r .rdata$zzz
000000010043ab20 r .rdata$zzz
000000010043ab40 r .rdata$zzz
000000010043aaa0 r .rdata$zzz
000000010043aa00 r .rdata$zzz
000000010043a920 r .rdata$zzz
000000010043aa20 r .rdata$zzz
000000010043aa80 r .rdata$zzz
000000010043aa60 r .rdata$zzz
000000010043a9e0 r .rdata$zzz
000000010043a9a0 r .rdata$zzz
000000010043aba8 r .rdata_runtime_pseudo_reloc
000000010043abb4 r .rdata_runtime_pseudo_reloc
000000010043ab90 r .rdata_runtime_pseudo_reloc
000000010043ab84 r .rdata_runtime_pseudo_reloc
000000010043ab9c r .rdata_runtime_pseudo_reloc
000000010043abc0 r .rdata_runtime_pseudo_reloc
000000010043ab78 r .rdata_runtime_pseudo_reloc
000000010043ab60 r .rdata_runtime_pseudo_reloc
000000010043a5e0 R .refptr._ZN7Minisat6Solver7buf_lenE
000000010043a5f0 R .refptr._ZN7Minisat6Solver7buf_ptrE
000000010043a600 R .refptr._ZN7Minisat6Solver8drup_bufE
000000010043a610 R .refptr._ZNSs4_Rep20_S_empty_rep_storageE
000000010043a620 R .refptr.__dso_handle
0000000100641000 r .rsrc
0000000100431120 t .text
0000000100430770 t .text
0000000100431120 t .text
00000001004307d8 t .text
0000000100401050 t .text
0000000100430768 t .text
0000000100430768 t .text
00000001004307e0 t .text
0000000100430768 t .text
0000000100430760 t .text
0000000100431110 t .text
00000001004307e8 t .text
0000000100431100 t .text
0000000100430758 t .text
0000000100430750 t .text
00000001004307f0 t .text
0000000100430748 t .text
0000000100430b40 t .text
00000001004307b8 t .text
0000000100431070 t .text
0000000100431120 t .text
00000001004307c0 t .text
0000000100430790 t .text
0000000100430788 t .text
00000001004307c8 t .text
0000000100401080 t .text
0000000100430780 t .text
00000001004307c8 t .text
0000000100431120 t .text
0000000100430778 t .text
00000001004307d0 t .text
0000000100430bc0 t .text
0000000100430720 t .text
0000000100430be0 t .text
00000001004310b0 t .text
0000000100431090 t .text
0000000100430ba0 t .text
0000000100430bb0 t .text
00000001004310c0 t .text
0000000100430bd0 t .text
0000000100430730 t .text
0000000100431080 t .text
00000001004310a0 t .text
0000000100431090 t .text
00000001004307a8 t .text
00000001004307a0 t .text
00000001004307b0 t .text
0000000100405f00 t .text
0000000100430740 t .text
00000001004310d0 t .text
0000000100430800 t .text
0000000100430000 t .text
0000000100430fa0 t .text
000000010040c800 t .text
0000000100401000 t .text
0000000100430840 t .text
0000000100430850 t .text
0000000100430860 t .text
0000000100430870 t .text
0000000100430880 t .text
0000000100430890 t .text
00000001004308a0 t .text
00000001004308b0 t .text
00000001004308c0 t .text
00000001004308d0 t .text
00000001004308e0 t .text
00000001004308f0 t .text
0000000100430900 t .text
0000000100430910 t .text
0000000100430920 t .text
0000000100430930 t .text
0000000100430940 t .text
0000000100430950 t .text
0000000100430960 t .text
0000000100430970 t .text
0000000100430980 t .text
0000000100430990 t .text
00000001004309a0 t .text
00000001004309b0 t .text
00000001004309c0 t .text
00000001004309d0 t .text
00000001004309e0 t .text
00000001004309f0 t .text
0000000100430a00 t .text
0000000100430a10 t .text
0000000100430a20 t .text
0000000100430a30 t .text
0000000100430a40 t .text
0000000100430a50 t .text
0000000100430a60 t .text
0000000100430a70 t .text
0000000100430a80 t .text
0000000100430a90 t .text
0000000100430aa0 t .text
0000000100430ab0 t .text
0000000100430ac0 t .text
0000000100430ad0 t .text
0000000100430ae0 t .text
0000000100430af0 t .text
0000000100430b00 t .text
0000000100430b10 t .text
0000000100430b20 t .text
0000000100430b30 t .text
0000000100430798 t .text
0000000100430b50 t .text
0000000100430b60 t .text
0000000100430b70 t .text
0000000100430b80 t .text
0000000100430738 t .text
0000000100431120 t .text$_ZN7Minisat10BoolOption4helpEb
0000000100431220 t .text$_ZN7Minisat10BoolOption5parseEPKc
00000001004312c0 t .text$_ZN7Minisat10BoolOptionD0Ev
00000001004312d0 t .text$_ZN7Minisat10BoolOptionD1Ev
00000001004312e0 t .text$_ZN7Minisat10SimpSolver14updateElimHeapEi
00000001004316d0 t .text$_ZN7Minisat12DoubleOption4helpEb
00000001004317e0 t .text$_ZN7Minisat12DoubleOption5parseEPKc
0000000100431920 t .text$_ZN7Minisat12DoubleOptionD0Ev
0000000100431930 t .text$_ZN7Minisat12DoubleOptionD1Ev
0000000100431940 t .text$_ZN7Minisat13selectionSortIPNS_6OptionENS1_8OptionLtEEEvPT_iT0_
0000000100431a80 t .text$_ZN7Minisat15ClauseAllocator5relocERjRS0_
0000000100431d40 t .text$_ZN7Minisat15RegionAllocatorIjE8capacityEj
0000000100431e00 t .text$_ZN7Minisat3vecINS0_INS_3LitEEEE8capacityEi
0000000100431e90 t .text$_ZN7Minisat3vecINS0_INS_6Solver7WatcherEEEE8capacityEi
0000000100431f20 t .text$_ZN7Minisat3vecINS0_IiEEE8capacityEi
0000000100431fb0 t .text$_ZN7Minisat3vecINS0_IjEEE8capacityEi
0000000100432040 t .text$_ZN7Minisat3vecINS_3LitEE4pushERKS1_
0000000100432080 t .text$_ZN7Minisat3vecINS_3LitEE8capacityEi
0000000100432120 t .text$_ZN7Minisat3vecINS_5lboolEE8capacityEi
00000001004321b0 t .text$_ZN7Minisat3vecINS_6Solver7VarDataEE8capacityEi
0000000100432250 t .text$_ZN7Minisat3vecINS_6Solver7WatcherEE8capacityEi
00000001004322f0 t .text$_ZN7Minisat3vecIPNS_6OptionEE4pushERKS2_
0000000100432330 t .text$_ZN7Minisat3vecIPNS_6OptionEE8capacityEi
00000001004323d0 t .text$_ZN7Minisat3vecIPNS_6OptionEED1Ev
00000001004323f0 t .text$_ZN7Minisat3vecIcE8capacityEi
0000000100432480 t .text$_ZN7Minisat3vecIdE8capacityEi
0000000100432520 t .text$_ZN7Minisat3vecIiE4pushERKi
0000000100432560 t .text$_ZN7Minisat3vecIiE8capacityEi
0000000100432600 t .text$_ZN7Minisat3vecIjE4pushERKj
0000000100432640 t .text$_ZN7Minisat3vecIjE8capacityEi
00000001004326e0 t .text$_ZN7Minisat3vecImE8capacityEi
0000000100432780 t .text$_ZN7Minisat4HeapINS_6Solver10VarOrderLtEE13percolateDownEi
0000000100432880 t .text$_ZN7Minisat4HeapINS_6Solver10VarOrderLtEED1Ev
00000001004328c0 t .text$_ZN7Minisat4sortIPNS_6OptionENS1_8OptionLtEEEvPT_iT0_
00000001004329d0 t .text$_ZN7Minisat4sortIj11reduceDB_ltEEvPT_iT0_
0000000100432c50 t .text$_ZN7Minisat4sortIj13reduceCORE_ltEEvPT_iT0_
0000000100432e50 t .text$_ZN7Minisat4sortIj14reduceTIER2_ltEEvPT_iT0_
00000001004330e0 t .text$_ZN7Minisat6Option13getOptionListEv
0000000100433180 t .text$_ZN7Minisat6Solver14setDecisionVarEib
0000000100433780 t .text$_ZN7Minisat6Solver15claBumpActivityERNS_6ClauseE
0000000100433ac0 t .text$_ZN7Minisat6Solver15varBumpActivityEid
0000000100433c80 t .text$_ZN7Minisat6Solver24newAuxiVarForCardinalityEv
0000000100434240 t .text$_ZN7Minisat6Solver7binDRUPINS_3vecINS_3LitEEEEEvhRKT_P9__sFILE64
0000000100434340 t .text$_ZN7Minisat8OccListsINS_3LitENS_3vecINS_6Solver7WatcherEEENS3_14WatcherDeletedEE8cleanAllEv
0000000100434480 t .text$_ZN7Minisat8OccListsINS_3LitENS_3vecINS_6Solver7WatcherEEENS3_14WatcherDeletedEED1Ev
0000000100434520 t .text$_ZN7Minisat9IntOption4helpEb
0000000100434680 t .text$_ZN7Minisat9IntOption5parseEPKc
0000000100434780 t .text$_ZN7Minisat9IntOptionD0Ev
0000000100434790 t .text$_ZN7Minisat9IntOptionD1Ev
00000001004347a0 t .text$_ZNSsC1ISaIcEEEPKcRKS0_
0000000100434860 t .text$_ZNSt6vectorIN7Minisat3LitESaIS1_EE17_M_realloc_appendIJRKS1_EEEvDpOT_
0000000100434950 t .text$_ZNSt6vectorIN7Minisat3LitESaIS1_EE17_M_realloc_appendIJS1_EEEvDpOT_
0000000100434a40 t .text$_ZNSt6vectorIiSaIiEE17_M_realloc_appendIJiEEEvDpOT_
0000000100434b30 t .text$_ZStplIcSt11char_traitsIcESaIcEESbIT_T0_T1_EOS6_PKS3_
0000000100435bf0 t .text.startup
0000000100434b80 t .text.startup
0000000100436a20 t .text.startup
00000001004360b0 t .text.startup
0000000000000000 A .weak.__cxa_pure_virtual._ZN7Minisat10BoolOptionD1Ev
0000000000000000 A .weak.__real__ZdaPv._cygwin_crt0_common
0000000000000000 A .weak.__real__ZdaPvRKSt9nothrow_t._cygwin_crt0_common
0000000000000000 A .weak.__real__ZdlPv._cygwin_crt0_common
0000000000000000 A .weak.__real__ZdlPvRKSt9nothrow_t._cygwin_crt0_common
0000000000000000 A .weak.__real__Znam._cygwin_crt0_common
0000000000000000 A .weak.__real__ZnamRKSt9nothrow_t._cygwin_crt0_common
0000000000000000 A .weak.__real__Znwm._cygwin_crt0_common
0000000000000000 A .weak.__real__ZnwmRKSt9nothrow_t._cygwin_crt0_common
000000010043d010 r .xdata
000000010043eb4c r .xdata
000000010043eb24 r .xdata
000000010043d5fc r .xdata
000000010043eb30 r .xdata
000000010043d920 r .xdata
000000010043eb2c r .xdata
000000010043eb14 r .xdata
000000010043eb20 r .xdata
000000010043eb18 r .xdata
000000010043eaac r .xdata
000000010043eb50 r .xdata
000000010043eb3c r .xdata
000000010043d000 r .xdata
000000010043eb48 r .xdata
000000010043d008 r .xdata
000000010043eb28 r .xdata
000000010043d5bc r .xdata$_ZN7Minisat10BoolOption4helpEb
000000010043d5b0 r .xdata$_ZN7Minisat10BoolOption5parseEPKc
000000010043d594 r .xdata$_ZN7Minisat10BoolOptionD0Ev
000000010043d57c r .xdata$_ZN7Minisat10BoolOptionD1Ev
000000010043d89c r .xdata$_ZN7Minisat10SimpSolver14updateElimHeapEi
000000010043d5dc r .xdata$_ZN7Minisat12DoubleOption4helpEb
000000010043d598 r .xdata$_ZN7Minisat12DoubleOption5parseEPKc
000000010043d58c r .xdata$_ZN7Minisat12DoubleOptionD0Ev
000000010043d584 r .xdata$_ZN7Minisat12DoubleOptionD1Ev
000000010043eae4 r .xdata$_ZN7Minisat13selectionSortIPNS_6OptionENS1_8OptionLtEEEvPT_iT0_
000000010043e984 r .xdata$_ZN7Minisat15ClauseAllocator5relocERjRS0_
000000010043d888 r .xdata$_ZN7Minisat15RegionAllocatorIjE8capacityEj
000000010043ea44 r .xdata$_ZN7Minisat3vecINS0_INS_3LitEEEE8capacityEi
000000010043ea3c r .xdata$_ZN7Minisat3vecINS0_INS_6Solver7WatcherEEEE8capacityEi
000000010043ea64 r .xdata$_ZN7Minisat3vecINS0_IiEEE8capacityEi
000000010043d8dc r .xdata$_ZN7Minisat3vecINS0_IjEEE8capacityEi
000000010043e978 r .xdata$_ZN7Minisat3vecINS_3LitEE4pushERKS1_
000000010043d47c r .xdata$_ZN7Minisat3vecINS_3LitEE8capacityEi
000000010043e9d4 r .xdata$_ZN7Minisat3vecINS_5lboolEE8capacityEi
000000010043e9dc r .xdata$_ZN7Minisat3vecINS_6Solver7VarDataEE8capacityEi
000000010043e9a8 r .xdata$_ZN7Minisat3vecINS_6Solver7WatcherEE8capacityEi
000000010043d87c r .xdata$_ZN7Minisat3vecIPNS_6OptionEE4pushERKS2_
000000010043d874 r .xdata$_ZN7Minisat3vecIPNS_6OptionEE8capacityEi
000000010043d588 r .xdata$_ZN7Minisat3vecIPNS_6OptionEED1Ev
000000010043d8cc r .xdata$_ZN7Minisat3vecIcE8capacityEi
000000010043e9e4 r .xdata$_ZN7Minisat3vecIdE8capacityEi
000000010043e99c r .xdata$_ZN7Minisat3vecIiE4pushERKi
000000010043d894 r .xdata$_ZN7Minisat3vecIiE8capacityEi
000000010043e9c8 r .xdata$_ZN7Minisat3vecIjE4pushERKj
000000010043d8d4 r .xdata$_ZN7Minisat3vecIjE8capacityEi
000000010043e9ec r .xdata$_ZN7Minisat3vecImE8capacityEi
000000010043e9f4 r .xdata$_ZN7Minisat4HeapINS_6Solver10VarOrderLtEE13percolateDownEi
000000010043e958 r .xdata$_ZN7Minisat4HeapINS_6Solver10VarOrderLtEED1Ev
000000010043eafc r .xdata$_ZN7Minisat4sortIPNS_6OptionENS1_8OptionLtEEEvPT_iT0_
000000010043ea0c r .xdata$_ZN7Minisat4sortIj11reduceDB_ltEEvPT_iT0_
000000010043ea24 r .xdata$_ZN7Minisat4sortIj13reduceCORE_ltEEvPT_iT0_
000000010043e9b0 r .xdata$_ZN7Minisat4sortIj14reduceTIER2_ltEEvPT_iT0_
000000010043d868 r .xdata$_ZN7Minisat6Option13getOptionListEv
000000010043d8b4 r .xdata$_ZN7Minisat6Solver14setDecisionVarEib
000000010043e948 r .xdata$_ZN7Minisat6Solver15claBumpActivityERNS_6ClauseE
000000010043e93c r .xdata$_ZN7Minisat6Solver15varBumpActivityEid
000000010043ea4c r .xdata$_ZN7Minisat6Solver24newAuxiVarForCardinalityEv
000000010043e970 r .xdata$_ZN7Minisat6Solver7binDRUPINS_3vecINS_3LitEEEEEvhRKT_P9__sFILE64
000000010043e960 r .xdata$_ZN7Minisat8OccListsINS_3LitENS_3vecINS_6Solver7WatcherEEENS3_14WatcherDeletedEE8cleanAllEv
000000010043e94c r .xdata$_ZN7Minisat8OccListsINS_3LitENS_3vecINS_6Solver7WatcherEEENS3_14WatcherDeletedEED1Ev
000000010043d5cc r .xdata$_ZN7Minisat9IntOption4helpEb
000000010043d5a4 r .xdata$_ZN7Minisat9IntOption5parseEPKc
000000010043d590 r .xdata$_ZN7Minisat9IntOptionD0Ev
000000010043d580 r .xdata$_ZN7Minisat9IntOptionD1Ev
000000010043d460 r .xdata$_ZNSsC1ISaIcEEEPKcRKS0_
000000010043d484 r .xdata$_ZNSt6vectorIN7Minisat3LitESaIS1_EE17_M_realloc_appendIJRKS1_EEEvDpOT_
000000010043d498 r .xdata$_ZNSt6vectorIN7Minisat3LitESaIS1_EE17_M_realloc_appendIJS1_EEEvDpOT_
000000010043d4ac r .xdata$_ZNSt6vectorIiSaIiEE17_M_realloc_appendIJiEEEvDpOT_
000000010043d470 r .xdata$_ZStplIcSt11char_traitsIcESaIcEESbIT_T0_T1_EOS6_PKS3_
000000010043eb5c r .xdata.startup
000000010043ea6c r .xdata.startup
000000010043d4c0 r .xdata.startup
000000010043d8e4 r .xdata.startup
0000000100431070 T DllMain
0000000100431110 T GetModuleHandleA
0000000100401000 T WinMainCRTStartup
0000000100435bf0 t _GLOBAL__sub_I__ZN7Minisat10SimpSolverC2Ev
00000001004360b0 t _GLOBAL__sub_I__ZN7Minisat6Solver7buf_lenE
00000001004307f0 T _Unwind_Resume
0000000100437080 D guard variable for Minisat::Option::getOptionList()::options
00000001004013d0 t load_matrix(char const*)
00000001004080b0 t mkElimClause(Minisat::vec<unsigned int>&, int, Minisat::Clause&)
000000010043f120 b opt_use_elim
000000010063f640 b opt_step_size
000000010043f1a0 b opt_use_asymm
000000010063f520 b opt_var_decay
0000000100401b30 t add_xor_equals(Minisat::SimpSolver&, std::vector<Minisat::Lit, std::allocator<Minisat::Lit> > const&, bool, std::vector<int, std::allocator<int> >&) [clone .constprop.0]
000000010063f3c0 b opt_ccmin_mode
000000010043f0a0 b opt_clause_lim
000000010043f160 b opt_use_rcheck
0000000100401a30 t add_hard_clause(Minisat::SimpSolver&, std::vector<Minisat::Lit, std::allocator<Minisat::Lit> > const&)
0000000100401130 t apply_pipe_line(BoundsBook&, char const*, ProgressState*)
000000010063f400 b opt_random_seed
000000010063f2a0 b opt_restart_inc
0000000100403560 t write_parity_eq(__sFILE64*, std::vector<int, std::allocator<int> > const&, bool, int&, std::vector<int, std::allocator<int> >&, int&) [clone .constprop.0]
000000010063f4c0 b opt_clause_decay
000000010063f240 b opt_garbage_frac
000000010063f380 b opt_phase_saving
000000010063f340 b opt_rnd_init_act
00000001004018f0 t drain_bounds_pipe(int, BoundsBook&, std::string&, ProgressState*)
000000010063f580 b opt_min_step_size
000000010063f300 b opt_restart_first
000000010063f5e0 b opt_step_size_dec
00000001004010b0 t pipe_write_result(int, int, bool)
000000010063f460 b opt_random_var_freq
000000010043f060 b opt_subsumption_lim
000000010043f000 b opt_simp_garbage_frac
00000001004039f0 t dump_stabilizer_instance(Matrix const&, Matrix const&, Matrix const&, Matrix const&, char const*, char const*, bool)
0000000100402380 t build_stabilizer_instance(Minisat::SimpSolver&, std::vector<int, std::allocator<int> >&, StabilizerInstance&, Matrix const&, Matrix const&, Matrix const&, Matrix const&, int, int, int) [clone .constprop.0]
0000000100405bb0 t min_distance_stabilizer_maxsat(Matrix const&, Matrix const&, Matrix const&, Matrix const&, int, int, int, int, char const*) [clone .isra.0]
00000001004054d0 t min_distance_stabilizer_roundingsat(Matrix const&, Matrix const&, Matrix const&, Matrix const&, int, int, char const*, char const*)
0000000100401080 t die(char const*)
000000010043f0e0 b opt_grow
                 U Minisat::BoolOption::help(bool)
0000000100431120 T Minisat::BoolOption::help(bool)
                 U Minisat::BoolOption::parse(char const*)
0000000100431220 T Minisat::BoolOption::parse(char const*)
00000001004312c0 T Minisat::BoolOption::~BoolOption()
                 U Minisat::BoolOption::~BoolOption()
                 U Minisat::BoolOption::~BoolOption()
00000001004312d0 T Minisat::BoolOption::~BoolOption()
00000001004081c0 T Minisat::SimpSolver::addClause_(Minisat::vec<Minisat::Lit>&, unsigned int)
000000010040adf0 T Minisat::SimpSolver::eliminate_()
0000000100408850 T Minisat::SimpSolver::substitute(int, Minisat::Lit)
0000000100406170 T Minisat::SimpSolver::extendModel()
000000010040a2d0 T Minisat::SimpSolver::eliminateVar(int)
00000001004070a0 T Minisat::SimpSolver::removeClause(unsigned int)
0000000100407690 T Minisat::SimpSolver::setFrozenVars()
0000000100406c80 T Minisat::SimpSolver::garbageCollect()
00000001004312e0 T Minisat::SimpSolver::updateElimHeap(int)
00000001004075b0 T Minisat::SimpSolver::removeSatisfied()
0000000100409200 T Minisat::SimpSolver::strengthenClause(unsigned int, Minisat::Lit)
00000001004091e0 T Minisat::SimpSolver::gatherTouchedClauses()
0000000100408c00 t Minisat::SimpSolver::gatherTouchedClauses() [clone .part.0]
0000000100409a90 T Minisat::SimpSolver::backwardSubsumptionCheck(bool)
0000000100409940 T Minisat::SimpSolver::asymm(int, unsigned int)
0000000100406e00 T Minisat::SimpSolver::merge(Minisat::Clause const&, Minisat::Clause const&, int, Minisat::vec<Minisat::Lit>&)
0000000100406060 T Minisat::SimpSolver::merge(Minisat::Clause const&, Minisat::Clause const&, int, int&)
000000010040c350 T Minisat::SimpSolver::newVar(bool, bool)
000000010040bc60 T Minisat::SimpSolver::solve_(bool, bool)
0000000100406fa0 T Minisat::SimpSolver::implied(Minisat::vec<Minisat::Lit> const&)
000000010040ab30 T Minisat::SimpSolver::asymmVar(int)
0000000100406c60 T Minisat::SimpSolver::relocAll(Minisat::ClauseAllocator&)
0000000100406220 t Minisat::SimpSolver::relocAll(Minisat::ClauseAllocator&) [clone .part.0]
000000010040b340 T Minisat::SimpSolver::eliminate(bool)
0000000100407ca0 T Minisat::SimpSolver::SimpSolver()
0000000100407ca0 T Minisat::SimpSolver::SimpSolver()
0000000100406040 T Minisat::SimpSolver::~SimpSolver()
0000000100405f00 T Minisat::SimpSolver::~SimpSolver()
0000000100405f00 T Minisat::SimpSolver::~SimpSolver()
                 U Minisat::DoubleOption::help(bool)
00000001004316d0 T Minisat::DoubleOption::help(bool)
                 U Minisat::DoubleOption::parse(char const*)
00000001004317e0 T Minisat::DoubleOption::parse(char const*)
                 U Minisat::DoubleOption::~DoubleOption()
0000000100431920 T Minisat::DoubleOption::~DoubleOption()
                 U Minisat::DoubleOption::~DoubleOption()
0000000100431930 T Minisat::DoubleOption::~DoubleOption()
0000000100430440 T Minisat::parseOptions(int&, char**, bool)
0000000100430000 T Minisat::setUsageHelp(char const*)
0000000100431940 T void Minisat::selectionSort<Minisat::Option*, Minisat::Option::OptionLt>(Minisat::Option**, int, Minisat::Option::OptionLt)
0000000100411e50 t unsigned int Minisat::ClauseAllocator::alloc<Minisat::vec<Minisat::Lit> >(Minisat::vec<Minisat::Lit> const&, bool) [clone .constprop.1]
0000000100431a80 T Minisat::ClauseAllocator::reloc(unsigned int&, Minisat::ClauseAllocator&)
0000000100431d40 T Minisat::RegionAllocator<unsigned int>::capacity(unsigned int)
                 U Minisat::RegionAllocator<unsigned int>::capacity(unsigned int)
0000000100430010 T Minisat::setHelpPrefixStr(char const*)
0000000100430020 T Minisat::printUsageAndExit(int, char**, bool)
0000000100431e00 T Minisat::vec<Minisat::vec<Minisat::Lit> >::capacity(int)
0000000100431e90 T Minisat::vec<Minisat::vec<Minisat::Solver::Watcher> >::capacity(int)
0000000100431f20 T Minisat::vec<Minisat::vec<int> >::capacity(int)
0000000100431fb0 T Minisat::vec<Minisat::vec<unsigned int> >::capacity(int)
0000000100432040 T Minisat::vec<Minisat::Lit>::push(Minisat::Lit const&)
                 U Minisat::vec<Minisat::Lit>::capacity(int)
0000000100432080 T Minisat::vec<Minisat::Lit>::capacity(int)
                 U Minisat::vec<Minisat::Lit>::capacity(int)
0000000100432120 T Minisat::vec<Minisat::lbool>::capacity(int)
00000001004321b0 T Minisat::vec<Minisat::Solver::VarData>::capacity(int)
0000000100432250 T Minisat::vec<Minisat::Solver::Watcher>::capacity(int)
00000001004322f0 T Minisat::vec<Minisat::Option*>::push(Minisat::Option* const&)
                 U Minisat::vec<Minisat::Option*>::push(Minisat::Option* const&)
                 U Minisat::vec<Minisat::Option*>::capacity(int)
0000000100432330 T Minisat::vec<Minisat::Option*>::capacity(int)
                 U Minisat::vec<Minisat::Option*>::~vec()
00000001004323d0 T Minisat::vec<Minisat::Option*>::~vec()
                 U Minisat::vec<Minisat::Option*>::~vec()
00000001004323f0 T Minisat::vec<char>::capacity(int)
                 U Minisat::vec<char>::capacity(int)
0000000100432480 T Minisat::vec<double>::capacity(int)
0000000100432520 T Minisat::vec<int>::push(int const&)
                 U Minisat::vec<int>::capacity(int)
0000000100432560 T Minisat::vec<int>::capacity(int)
0000000100432600 T Minisat::vec<unsigned int>::push(unsigned int const&)
0000000100432640 T Minisat::vec<unsigned int>::capacity(int)
                 U Minisat::vec<unsigned int>::capacity(int)
00000001004326e0 T Minisat::vec<unsigned long>::capacity(int)
0000000100432780 T Minisat::Heap<Minisat::Solver::VarOrderLt>::percolateDown(int)
0000000100432880 T Minisat::Heap<Minisat::Solver::VarOrderLt>::~Heap()
000000010040c800 t void Minisat::sort<Minisat::Lit, Minisat::LessThan_default<Minisat::Lit> >(Minisat::Lit*, int, Minisat::LessThan_default<Minisat::Lit>) [clone .isra.0]
00000001004328c0 T void Minisat::sort<Minisat::Option*, Minisat::Option::OptionLt>(Minisat::Option**, int, Minisat::Option::OptionLt)
00000001004329d0 T void Minisat::sort<unsigned int, reduceDB_lt>(unsigned int*, int, reduceDB_lt)
0000000100432c50 T void Minisat::sort<unsigned int, reduceCORE_lt>(unsigned int*, int, reduceCORE_lt)
0000000100432e50 T void Minisat::sort<unsigned int, reduceTIER2_lt>(unsigned int*, int, reduceTIER2_lt)
                 U Minisat::Option::getOptionList()
00000001004330e0 T Minisat::Option::getOptionList()
000000010041f5e0 T Minisat::Solver::addClause_(Minisat::vec<Minisat::Lit>&, unsigned int)
000000010041feb0 T Minisat::Solver::lPropagate()
0000000100420ec0 T Minisat::Solver::moreHarden()
00000001004288b0 T Minisat::Solver::nLevelsMTO(Minisat::vec<Minisat::Lit>&, int, int, Minisat::vec<Minisat::Lit>&)
00000001004255a0 T Minisat::Solver::newAuxiVar(bool)
000000010040dde0 T Minisat::Solver::setCounter(unsigned int)
000000010041d050 T Minisat::Solver::cancelUntil(int)
000000010041cb30 t Minisat::Solver::cancelUntil(int) [clone .part.0]
0000000100415b30 T Minisat::Solver::litsEnqueue(int, Minisat::Clause&)
000000010040e2a0 T Minisat::Solver::pickAuxiVar()
000000010042b720 T Minisat::Solver::setConflict(int&)
000000010041efb0 T Minisat::Solver::simplifyAll()
000000010040fa80 T Minisat::Solver::analyzeFinal(Minisat::Lit, Minisat::vec<Minisat::Lit>&)
0000000100417800 T Minisat::Solver::attachClause(unsigned int)
0000000100411550 T Minisat::Solver::detachClause(unsigned int, bool)
0000000100411400 t Minisat::Solver::detachClause(unsigned int, bool) [clone .constprop.0]
000000010040fc80 T Minisat::Solver::litRedundant(Minisat::Lit, unsigned int)
0000000100417d70 T Minisat::Solver::reduceClause(unsigned int, int)
000000010040dd90 T Minisat::Solver::redundantLit(Minisat::Lit)
0000000100411770 T Minisat::Solver::removeClause(unsigned int)
00000001004266e0 T Minisat::Solver::splitClauses(Minisat::vec<unsigned int>&)
00000001004171b0 T Minisat::Solver::bumpConflVars()
000000010040ea00 T Minisat::Solver::checkSolution()
000000010040e780 T Minisat::Solver::emitTryUpdate(unsigned long)
000000010040d6f0 T Minisat::Solver::pickBranchLit()
0000000100422480 T Minisat::Solver::reduceDB_core()
0000000100411c20 T Minisat::Solver::reduceHardens()
000000010040e190 T Minisat::Solver::seeUnlockLits(int, int)
000000010040e630 T Minisat::Solver::setBoundsPipe(int)
0000000100417a60 T Minisat::Solver::simpleAnalyze(unsigned int, Minisat::vec<Minisat::Lit>&, bool)
0000000100411300 T Minisat::Solver::addConflictLit(Minisat::Lit, Minisat::Lit)
000000010040da70 T Minisat::Solver::binResMinimize(Minisat::vec<Minisat::Lit>&)
00000001004159e0 T Minisat::Solver::collectDynVars()
00000001004208a0 T Minisat::Solver::fixByLookahead(Minisat::vec<Minisat::Lit>&)
0000000100413580 T Minisat::Solver::garbageCollect()
0000000100418f60 T Minisat::Solver::propagateForLK()
000000010041ab60 T Minisat::Solver::reduceDB_Tier2()
0000000100415700 T Minisat::Solver::resetConflicts(int)
0000000100433180 T Minisat::Solver::setDecisionVar(int, bool)
                 U Minisat::Solver::setDecisionVar(int, bool)
0000000100416a40 T Minisat::Solver::simplelookback(unsigned int, int, Minisat::vec<Minisat::Lit>&, Minisat::vec<Minisat::Lit>&)
0000000100419840 T Minisat::Solver::simplifyLearnt(Minisat::Clause&, unsigned int, Minisat::vec<Minisat::Lit>&)
000000010040d360 T Minisat::Solver::updateIsetLock(int)
0000000100433780 T Minisat::Solver::claBumpActivity(Minisat::Clause&)
00000001004149b0 T Minisat::Solver::collectFirstUIP(unsigned int)
00000001004119b0 T Minisat::Solver::removeSatisfied(Minisat::vec<unsigned int>&)
0000000100415490 T Minisat::Solver::resetConflicts_(int)
00000001004193f0 T Minisat::Solver::simplePropagate()
0000000100419df0 T Minisat::Solver::updateClauseUse(unsigned int)
0000000100433ac0 T Minisat::Solver::varBumpActivity(int, double)
000000010040e6a0 T Minisat::Solver::emitBoundsUpdate()
000000010041ff30 T Minisat::Solver::hardenForRestart(int, int)
000000010040e7d0 T Minisat::Solver::noteBestSolution(unsigned long)
0000000100415cd0 T Minisat::Solver::rebuildOrderHeap()
000000010041d070 T Minisat::Solver::uncheckedEnqueue(Minisat::Lit, unsigned int)
000000010041dc70 t Minisat::Solver::uncheckedEnqueue(Minisat::Lit, unsigned int) [clone .constprop.0]
000000010040e4c0 T Minisat::Solver::simplePickAuxiVar()
00000001004168b0 T Minisat::Solver::insertAuxiVarOrder(int)
0000000100417ec0 T Minisat::Solver::lookbackResetTrail(unsigned int, int, int, Minisat::vec<Minisat::Lit>&, bool)
0000000100417930 T Minisat::Solver::simplereduceClause(unsigned int, int)
000000010041bb90 T Minisat::Solver::analyzeSoftConflict(Minisat::vec<Minisat::Lit>&, int&, int&)
000000010040dec0 T Minisat::Solver::countCommunLiterals(unsigned int)
00000001004214d0 T Minisat::Solver::detectInitConflicts()
000000010042bca0 T Minisat::Solver::lookaheadForRestart()
0000000100415130 T Minisat::Solver::removeLearntClauses()
0000000100411ae0 T Minisat::Solver::safeRemoveSatisfied(Minisat::vec<unsigned int>&, unsigned int)
000000010041de00 T Minisat::Solver::simplifyLearnt_core()
000000010041d760 T Minisat::Solver::cancelUntilBeginning(int)
0000000100425340 T Minisat::Solver::findConflictSoftLits()
0000000100417360 T Minisat::Solver::simpleUncheckEnqueue(Minisat::Lit, unsigned int)
00000001004174c0 t Minisat::Solver::simpleUncheckEnqueue(Minisat::Lit, unsigned int) [clone .constprop.0]
00000001004189b0 T Minisat::Solver::simplepropagateForLK()
0000000100421ca0 T Minisat::Solver::simplifyLearnt_local()
000000010041e3a0 T Minisat::Solver::simplifyLearnt_tier2()
0000000100417620 T Minisat::Solver::uncheckedEnqueueForLK(Minisat::Lit, unsigned int)
000000010040d3d0 T Minisat::Solver::cancelUntilTrailRecord()
0000000100411d60 T Minisat::Solver::cleanClausesForNewVars(Minisat::vec<unsigned int>&)
000000010041e990 T Minisat::Solver::failedLiteralDetection()
0000000100426cf0 T Minisat::Solver::identifyClausesToSplit(Minisat::vec<unsigned int>&)
00000001004104a0 T Minisat::Solver::simplifyConflictClause(Minisat::vec<Minisat::Lit>&, int&, int&)
000000010040d510 T Minisat::Solver::cancelUntilTrailRecord1()
000000010040f8f0 T Minisat::Solver::cancelUntilTrailRecord2()
000000010041f050 T Minisat::Solver::simplifyOriginalClauses()
000000010041b000 T Minisat::Solver::analyzeQuasiSoftConflict(Minisat::vec<Minisat::Lit>&, int&, int&)
0000000100433c80 T Minisat::Solver::newAuxiVarForCardinality()
0000000100416ed0 T Minisat::Solver::simplelookbackResetTrail(unsigned int, bool)
00000001004270a0 T Minisat::Solver::addCardinalityConstraints(Minisat::vec<Minisat::Lit>&, int)
000000010042b3f0 T Minisat::Solver::addCardinalityConstraints()
0000000100423690 T Minisat::Solver::createHardClausesFromLits(Minisat::vec<Minisat::Lit>&)
000000010040f610 T Minisat::Solver::simpleAnalyzeSoftConflict(Minisat::vec<Minisat::Lit>&)
0000000100420270 T Minisat::Solver::hardenFromQuasiSoftConflict(int, int)
000000010040ebb0 T Minisat::Solver::simpleuncheckedEnqueueForLK(Minisat::Lit, unsigned int)
000000010040ff60 T Minisat::Solver::simplifyQuasiConflictClause(Minisat::vec<Minisat::Lit>&, int&, int&)
000000010042b080 T Minisat::Solver::addCardinalityConstraintsMTO(Minisat::vec<Minisat::Lit>&, int)
0000000100423b70 T Minisat::Solver::addHardClausesForSoftClauses()
000000010040f100 T Minisat::Solver::toOpb(__sFILE64*)
000000010040f5a0 T Minisat::Solver::toOpb(char const*)
000000010040dfa0 T Minisat::Solver::avgAct(Minisat::vec<unsigned int>&, int&)
000000010041faf0 T Minisat::Solver::harden()
0000000100422600 T Minisat::Solver::newVar(bool, bool)
000000010042d870 T Minisat::Solver::search(int&)
000000010042edc0 T Minisat::Solver::solve_()
000000010040ec00 T Minisat::Solver::toWcnf(__sFILE64*)
000000010040f090 T Minisat::Solver::toWcnf(char const*)
000000010041a310 T Minisat::Solver::analyze(unsigned int, Minisat::vec<Minisat::Lit>&, int&, int&)
0000000100434240 T void Minisat::Solver::binDRUP<Minisat::vec<Minisat::Lit> >(unsigned char, Minisat::vec<Minisat::Lit> const&, __sFILE64*)
000000010063f1e0 B Minisat::Solver::buf_len
0000000100437020 D Minisat::Solver::buf_ptr
000000010040d4f0 T Minisat::Solver::removed(unsigned int)
000000010043f1e0 B Minisat::Solver::drup_buf
00000001004222e0 T Minisat::Solver::reduceDB()
0000000100411f10 T Minisat::Solver::relocAll(Minisat::ClauseAllocator&)
000000010041d640 T Minisat::Solver::simplify(bool)
0000000100414490 T Minisat::Solver::toDimacs(__sFILE64*, Minisat::vec<Minisat::Lit> const&)
00000001004142f0 T Minisat::Solver::toDimacs(__sFILE64*, Minisat::Clause&, Minisat::vec<int>&, int&)
0000000100414940 T Minisat::Solver::toDimacs(char const*, Minisat::vec<Minisat::Lit> const&)
0000000100410d40 T Minisat::Solver::getAllUIP(Minisat::vec<Minisat::Lit>&, int&, int&)
000000010042c9b0 T Minisat::Solver::lookahead()
00000001004240d0 T Minisat::Solver::partition()
000000010041d200 T Minisat::Solver::propagate()
00000001004136a0 T Minisat::Solver::Solver()
00000001004136a0 T Minisat::Solver::Solver()
000000010040d340 T Minisat::Solver::~Solver()
000000010040cb90 T Minisat::Solver::~Solver()
000000010040cb90 T Minisat::Solver::~Solver()
0000000100430720 T Minisat::memUsed()
0000000100434340 T Minisat::OccLists<Minisat::Lit, Minisat::vec<Minisat::Solver::Watcher>, Minisat::Solver::WatcherDeleted>::cleanAll()
0000000100434480 T Minisat::OccLists<Minisat::Lit, Minisat::vec<Minisat::Solver::Watcher>, Minisat::Solver::WatcherDeleted>::~OccLists()
                 U Minisat::IntOption::help(bool)
0000000100434520 T Minisat::IntOption::help(bool)
                 U Minisat::IntOption::parse(char const*)
0000000100434680 T Minisat::IntOption::parse(char const*)
0000000100434780 T Minisat::IntOption::~IntOption()
                 U Minisat::IntOption::~IntOption()
0000000100434790 T Minisat::IntOption::~IntOption()
                 U Minisat::IntOption::~IntOption()
000000010043a334 r Minisat::lit_Undef
00000001004390a8 r Minisat::lit_Undef
000000010040e040 T Minisat::Solver::progressEstimate() const
000000010040e8c0 T Minisat::Solver::printBestSolution() const
000000010040e640 T Minisat::Solver::getCostLB() const
000000010040e670 T Minisat::Solver::getCostUB() const
000000010040d690 T Minisat::Solver::satisfied(Minisat::Clause const&) const
00000001004307e8 T std::string::find(char const*, unsigned long, unsigned long) const
00000001004307e0 T std::string::find(char, unsigned long) const
00000001004307d8 T std::string::_M_leak_hard()
00000001004307d0 T std::string::_S_construct(unsigned long, char, std::allocator<char> const&)
00000001004307c8 T std::string::_Rep::_M_destroy(std::allocator<char> const&)
0000000100401310 t std::string::_Rep::_M_dispose(std::allocator<char> const&) [clone .part.0]
00000001004307c0 T std::string::_Rep::_S_create(unsigned long, unsigned long, std::allocator<char> const&)
00000001004307b8 T std::string::swap(std::string&)
00000001004307b0 T std::string::append(char const*, unsigned long)
00000001004307a8 T std::string::append(std::string const&)
00000001004307a0 T std::string::_M_leak()
0000000100430798 T std::string::replace(unsigned long, unsigned long, char const*, unsigned long)
0000000100430790 T std::string::reserve(unsigned long)
0000000100430788 T std::string::_M_mutate(unsigned long, unsigned long, unsigned long)
0000000100430780 T std::basic_string<char, std::char_traits<char>, std::allocator<char> >::basic_string(std::string const&, unsigned long, unsigned long)
00000001004347a0 T std::basic_string<char, std::char_traits<char>, std::allocator<char> >::basic_string<std::allocator<char> >(char const*, std::allocator<char> const&)
0000000100434860 T void std::vector<Minisat::Lit, std::allocator<Minisat::Lit> >::_M_realloc_append<Minisat::Lit const&>(Minisat::Lit const&)
0000000100434950 T void std::vector<Minisat::Lit, std::allocator<Minisat::Lit> >::_M_realloc_append<Minisat::Lit>(Minisat::Lit&&)
0000000100434a40 T void std::vector<int, std::allocator<int> >::_M_realloc_append<int>(int&&)
0000000100430778 T std::__throw_logic_error(char const*)
0000000100430770 T std::__throw_length_error(char const*)
0000000100430768 T std::__throw_out_of_range_fmt(char const*, ...)
0000000100434b30 T std::basic_string<char, std::char_traits<char>, std::allocator<char> > std::operator+<char, std::char_traits<char>, std::allocator<char> >(std::basic_string<char, std::char_traits<char>, std::allocator<char> >&&, char const*)
0000000100401330 t std::basic_string<char, std::char_traits<char>, std::allocator<char> > std::operator+<char, std::char_traits<char>, std::allocator<char> >(std::basic_string<char, std::char_traits<char>, std::allocator<char> > const&, char const*) [clone .isra.0]
000000010043a630 R typeinfo for Minisat::BoolOption
000000010043a650 R typeinfo for Minisat::SimpSolver
000000010043a670 R typeinfo for Minisat::DoubleOption
000000010043a690 R typeinfo for Minisat::OutOfMemoryException
000000010043a6a0 R typeinfo for Minisat::Option
000000010043a6b0 R typeinfo for Minisat::Solver
000000010043a6c0 R typeinfo for Minisat::IntOption
000000010043a6e0 R typeinfo name for Minisat::BoolOption
000000010043a700 R typeinfo name for Minisat::SimpSolver
000000010043a720 R typeinfo name for Minisat::DoubleOption
000000010043a740 R typeinfo name for Minisat::OutOfMemoryException
000000010043a780 R typeinfo name for Minisat::Option
000000010043a7a0 R typeinfo name for Minisat::Solver
000000010043a7c0 R typeinfo name for Minisat::IntOption
000000010043a7e0 R vtable for Minisat::BoolOption
000000010043a810 R vtable for Minisat::SimpSolver
000000010043a840 R vtable for Minisat::DoubleOption
000000010043a870 R vtable for Minisat::Option
000000010043a8a0 R vtable for Minisat::Solver
000000010043a8d0 R vtable for Minisat::IntOption
0000000100437090 D Minisat::Option::getOptionList()::options
00000001004370a0 D Minisat::Option::getUsageString()::usage_str
00000001004370b0 D Minisat::Option::getHelpPrefixString()::help_prefix_str
000000010063f1e8 b Minisat::Solver::addCardinalityConstraints()::prevUB
000000010063f220 b Minisat::Solver::search(int&)::prevUB
000000010063f21c b Minisat::Solver::lookahead()::prevConflicts
0000000100437010 d Minisat::Solver::lookahead()::coef
000000010063f1f4 b Minisat::Solver::lookahead()::myLH
000000010063f200 b Minisat::Solver::lookahead()::sumLB
0000000100437018 d Minisat::Solver::lookahead()::thres
000000010063f1f0 b Minisat::Solver::lookahead()::mySucc
000000010063f210 b Minisat::Solver::lookahead()::prevUB
000000010063f1f8 b Minisat::Solver::lookahead()::sumSQLB
000000010063f208 b Minisat::Solver::lookahead()::nbSample
000000010063f218 b Minisat::Solver::lookahead()::maxSuccLB
                 U operator delete[](void*)
                 U operator delete[](void*, std::nothrow_t const&)
                 U operator delete(void*)
                 U operator delete(void*, std::nothrow_t const&)
0000000100430760 T operator delete(void*, unsigned long)
                 U operator new[](unsigned long)
                 U operator new[](unsigned long, std::nothrow_t const&)
0000000100430758 T operator new(unsigned long)
                 U operator new(unsigned long, std::nothrow_t const&)
000000010043abd0 R __CTOR_LIST__
000000010043abd0 R __DELAY_IMPORT_DIRECTORY_end__
000000010043abd0 R __DELAY_IMPORT_DIRECTORY_start__
000000010043abf8 R __DTOR_LIST__
0000000100640628 I __IAT_end__
0000000100640348 I __IAT_start__
000000010043abcc R __RUNTIME_PSEUDO_RELOC_LIST_END__
000000010043ab60 R __RUNTIME_PSEUDO_RELOC_LIST__
000000010043abd0 R ___CTOR_LIST__
000000010043abf8 R ___DTOR_LIST__
000000010043abcc R ___RUNTIME_PSEUDO_RELOC_LIST_END__
000000010043ab60 R ___RUNTIME_PSEUDO_RELOC_LIST__
0000000100430800 T ___chkstk_ms
000000010043ac08 R ___crt_xc_end__
000000010043ac08 R ___crt_xc_start__
000000010043ac08 R ___crt_xd_end__
000000010043ac08 R ___crt_xd_start__
000000010043ac08 R ___crt_xi_end__
000000010043ac08 R ___crt_xi_start__
000000010043ac08 R ___crt_xl_start__
000000010043ac08 R ___crt_xp_end__
000000010043ac08 R ___crt_xp_start__
000000010043ac08 R ___crt_xt_end__
000000010043ac08 R ___crt_xt_start__
                 U ___tls_end__
                 U ___tls_start__
000000010063f860 B __bss_end__
000000010043f000 B __bss_start__
0000000100430750 T __cxa_allocate_exception
0000000100430840 T __cxa_atexit
0000000100430748 T __cxa_guard_acquire
0000000100430740 T __cxa_guard_release
                 U __cxa_pure_virtual
0000000100430738 T __cxa_throw
0000000100437040 D __cygwin_cxx_malloc
00000001004370c0 D __data_end__
0000000100437000 D __data_start__
0000000100430fa0 t __dllMain
0000000000000000 A __dll__
0000000000008000 A __dll_characteristics__
0000000100437000 D __dso_handle
000000010063f6b0 B __dynamically_loaded
                 U __end__
0000000100430850 T __errno
0000000000000200 A __file_alignment__
000000010043a690 R __fu0__ZTVN10__cxxabiv117__class_type_infoE
000000010043a610 R __fu1__ZNSs4_Rep20_S_empty_rep_storageE
000000010043a6a0 R __fu2__ZTVN10__cxxabiv117__class_type_infoE
000000010043a670 R __fu3__ZTVN10__cxxabiv120__si_class_type_infoE
000000010043a6c0 R __fu4__ZTVN10__cxxabiv120__si_class_type_infoE
000000010043a630 R __fu5__ZTVN10__cxxabiv120__si_class_type_infoE
000000010043a6b0 R __fu6__ZTVN10__cxxabiv117__class_type_infoE
000000010043a650 R __fu7__ZTVN10__cxxabiv120__si_class_type_infoE
0000000100401070 T __gcc_deregister_frame
0000000100401050 T __gcc_register_frame
0000000100430860 T __getreent
0000000100430730 T __gxx_personality_seh0
0000000100640618 I __imp_GetModuleHandleA
0000000100640528 I __imp__Unwind_Resume
0000000100640538 I __imp__ZNKSs4findEPKcmm
0000000100640540 I __imp__ZNKSs4findEcm
0000000100640548 I __imp__ZNSs12_M_leak_hardEv
0000000100640550 I __imp__ZNSs12_S_constructEmcRKSaIcE
0000000100640558 I __imp__ZNSs4_Rep10_M_destroyERKSaIcE
0000000100640560 I __imp__ZNSs4_Rep20_S_empty_rep_storageE
0000000100640560 I __imp__ZNSs4_Rep20_S_empty_rep_storageE
0000000100640568 I __imp__ZNSs4_Rep9_S_createEmmRKSaIcE
0000000100640570 I __imp__ZNSs4swapERSs
0000000100640578 I __imp__ZNSs6appendEPKcm
0000000100640580 I __imp__ZNSs6appendERKSs
0000000100640588 I __imp__ZNSs7_M_leakEv
0000000100640590 I __imp__ZNSs7replaceEmmPKcm
0000000100640598 I __imp__ZNSs7reserveEm
00000001006405a0 I __imp__ZNSs9_M_mutateEmmm
00000001006405a8 I __imp__ZNSsC1ERKSsmm
00000001006405b0 I __imp__ZSt19__throw_logic_errorPKc
00000001006405b8 I __imp__ZSt20__throw_length_errorPKc
00000001006405c0 I __imp__ZSt24__throw_out_of_range_fmtPKcz
00000001006405c8 I __imp__ZTVN10__cxxabiv117__class_type_infoE
00000001006405c8 I __imp__ZTVN10__cxxabiv117__class_type_infoE
00000001006405d0 I __imp__ZTVN10__cxxabiv120__si_class_type_infoE
00000001006405d0 I __imp__ZTVN10__cxxabiv120__si_class_type_infoE
00000001006405d8 I __imp__ZdlPvm
00000001006405e0 I __imp__Znwm
00000001006405e8 I __imp___cxa_allocate_exception
0000000100640348 I __imp___cxa_atexit
00000001006405f0 I __imp___cxa_guard_acquire
00000001006405f8 I __imp___cxa_guard_release
0000000100640600 I __imp___cxa_throw
0000000100640350 I __imp___errno
0000000100640358 I __imp___getreent
0000000100640608 I __imp___gxx_personality_seh0
0000000100640360 I __imp___main
0000000100640368 I __imp___wrap__Znwm
0000000100640370 I __imp__dll_crt0
0000000100640378 I __imp__exit
0000000100640380 I __imp__impure_ptr
0000000100640388 I __imp_atoi
0000000100640390 I __imp_calloc
0000000100640398 I __imp_close
00000001006403a0 I __imp_cygwin_detach_dll
00000001006403a8 I __imp_cygwin_internal
00000001006403b0 I __imp_dll_dllcrt0
00000001006403b8 I __imp_dup2
00000001006403c0 I __imp_exit
00000001006403c8 I __imp_fclose
00000001006403d0 I __imp_fcntl
00000001006403d8 I __imp_fflush
00000001006403e0 I __imp_fgets
00000001006403e8 I __imp_fopen
00000001006403f0 I __imp_fork
00000001006403f8 I __imp_fprintf
0000000100640400 I __imp_fputc
0000000100640408 I __imp_fputs
0000000100640410 I __imp_free
0000000100640418 I __imp_fwrite
0000000100640420 I __imp_getrusage
0000000100640428 I __imp_gettimeofday
0000000100640430 I __imp_kill
0000000100640438 I __imp_malloc
0000000100640440 I __imp_memcpy
0000000100640448 I __imp_memmove
0000000100640450 I __imp_memset
0000000100640458 I __imp_mkstemp
0000000100640460 I __imp_open
0000000100640468 I __imp_pclose
0000000100640470 I __imp_pipe
0000000100640478 I __imp_popen
0000000100640480 I __imp_posix_memalign
0000000100640488 I __imp_pow
0000000100640490 I __imp_printf
0000000100640498 I __imp_putchar
00000001006404a0 I __imp_puts
00000001006404a8 I __imp_read
00000001006404b0 I __imp_realloc
00000001006404b8 I __imp_snprintf
00000001006404c0 I __imp_sqrt
00000001006404c8 I __imp_sqrtf
00000001006404d0 I __imp_sscanf
00000001006404d8 I __imp_strcmp
00000001006404e0 I __imp_strlen
00000001006404e8 I __imp_strncmp
00000001006404f0 I __imp_strtod
00000001006404f8 I __imp_strtol
0000000100640500 I __imp_unlink
0000000100640508 I __imp_usleep
0000000100640510 I __imp_waitpid
0000000100640518 I __imp_write
0000000100640d38 I __lib64_libkernel32_a_iname
0000000000000000 A __loader_flags__
0000000100430870 T __main
0000000000000000 A __major_image_version__
0000000000000004 A __major_os_version__
0000000000000005 A __major_subsystem_version__
0000000000000000 A __minor_image_version__
0000000000000000 A __minor_os_version__
0000000000000002 A __minor_subsystem_version__
000000010064095c I __nm__ZNSs4_Rep20_S_empty_rep_storageE
0000000100640ab4 I __nm__ZTVN10__cxxabiv117__class_type_infoE
0000000100640adc I __nm__ZTVN10__cxxabiv120__si_class_type_infoE
0000000100640684 I __nm__impure_ptr
000000010043abcc R __rt_psrelocs_end
000000010043ab60 R __rt_psrelocs_start
0000000000001000 A __section_alignment__
0000000000001000 A __size_of_heap_commit__
0000000000100000 A __size_of_heap_reserve__
0000000000001000 A __size_of_stack_commit__
0000000000200000 A __size_of_stack_reserve__
0000000000000003 A __subsystem__
0000000100430880 T __wrap__Znwm
0000000100430be0 T _cygwin_crt0_common
0000000100430fb9 T _cygwin_dll_entry
0000000100430890 T _exit
000000010063f6a0 B _fmode
0000000100640014 I _head_cyggcc_s_seh_1_dll
0000000100640028 I _head_cygstdc___6_dll
0000000100640000 I _head_cygwin1_dll
000000010064003c I _head_lib64_libkernel32_a
0000000100431080 T _pei386_runtime_relocator
00000001004308a0 T atoi
0000000100431090 T calloc
00000001004308b0 T close
0000000100640ca4 I cyggcc_s_seh_1_dll_iname
0000000100640d24 I cygstdc___6_dll_iname
0000000100640c94 I cygwin1_dll_iname
00000001004310d0 T cygwin_attach_dll
0000000100430b80 T cygwin_crt0
00000001004310a0 T cygwin_detach_dll
00000001004310b0 T cygwin_internal
0000000100430ba0 T cygwin_premain0
0000000100430bb0 T cygwin_premain1
0000000100430bc0 T cygwin_premain2
0000000100430bd0 T cygwin_premain3
0000000100431100 T dll_dllcrt0
000000010063f6b8 b dll_index
00000001004308c0 T dup2
00000001004308d0 T exit
00000001004308e0 T fclose
00000001004308f0 T fcntl
0000000100430900 T fflush
0000000100430910 T fgets
0000000100430920 T fopen
0000000100430930 T fork
0000000100430940 T fprintf
0000000100430950 T fputc
0000000100430960 T fputs
0000000100430970 T free
0000000100640618 i fthunk
0000000100430980 T fwrite
0000000100430990 T getrusage
00000001004309a0 T gettimeofday
0000000100640338 i hname
00000001004309b0 T kill
0000000100434b80 T main
0000000100401000 T mainCRTStartup
00000001004309c0 T malloc
00000001004309d0 T memcpy
00000001004309e0 T memmove
00000001004309f0 T memset
0000000100430a00 T mkstemp
0000000100430a10 T open
0000000100430a20 T pclose
0000000100430a30 T pipe
0000000100430a40 T popen
00000001004310c0 T posix_memalign
0000000100430a50 T pow
0000000100430a60 T printf
0000000100430a70 T putchar
0000000100430a80 T puts
0000000100430a90 T read
0000000100430aa0 T realloc
0000000100436a20 t register_frame_ctor
0000000100430ab0 T snprintf
0000000100430ac0 T sqrt
0000000100430ad0 T sqrtf
0000000100430ae0 T sscanf
000000010063f6d0 b storedHandle
000000010063f6c0 b storedPtr
000000010063f6c8 b storedReason
0000000100430af0 T strcmp
0000000100430b00 T strlen
0000000100430b10 T strncmp
0000000100430b20 T strtod
0000000100430b30 T strtol
000000010063f6e0 b u.0
0000000100430b40 T unlink
0000000100430b50 T usleep
0000000100430b60 T waitpid
0000000100430b70 T write
