0000.gate.LP_340_56_8.no-card.0.baseline 85.425s o 8 load=1.54
0001.gate.LP_340_56_8.no-card.0.candidate 1.556s o 8 load=1.41
0002.gate.LP_340_56_8.no-card.1.candidate 1.549s o 8 load=1.38
0003.gate.LP_340_56_8.no-card.1.baseline 85.467s o 8 load=1.38
0004.gate.LP_340_56_8.no-card.2.baseline 85.511s o 8 load=1.39
0005.gate.LP_340_56_8.no-card.2.candidate 1.545s o 8 load=1.31
0006.gate.LP_340_56_8.card-mto.0.baseline 59.442s o 8 load=1.31
0007.gate.LP_340_56_8.card-mto.0.candidate 1.622s o 8 load=1.55
0008.gate.LP_340_56_8.card-mto.1.candidate 1.630s o 8 load=1.55
0009.gate.LP_340_56_8.card-mto.1.baseline 59.445s o 8 load=1.51
0010.gate.LP_340_56_8.card-mto.2.baseline 59.448s o 8 load=1.43
0011.gate.LP_340_56_8.card-mto.2.candidate 1.633s o 8 load=1.31
{
 "stopped": null,
 "n_samples": 12,
 "finished": "2026-10-09T22:37:39+0800",
 "binary_sha256_after": {
  "baseline": "3f2fbc4215e17c4a5b5e62d1f10f99619bdf6efaea7881acb46157effe78c9dc",
  "candidate": "49e37dee170eb6685344aefd25b37bdb1dccc129d640d6802ded25562b51d28f"
 },
 "input_sha256_after_ok": true
}
gate no-card geomean 0.01812 envelope 0.01822 positive True flags []
gate card-mto geomean 0.02742 envelope 0.02747 positive True flags []
exit=0
