0000.gate.BB_90_8_10.no-card.0.baseline 1.840s o 10 load=1.06
0001.gate.BB_90_8_10.no-card.0.candidate 0.092s o 10 load=1.05
0002.gate.BB_90_8_10.no-card.1.candidate 0.088s o 10 load=1.05
0003.gate.BB_90_8_10.no-card.1.baseline 1.849s o 10 load=1.05
0004.gate.BB_90_8_10.no-card.2.baseline 1.848s o 10 load=1.05
0005.gate.BB_90_8_10.no-card.2.candidate 0.093s o 10 load=1.05
0006.replicate.BB_90_8_10.no-card.0.baseline 1.853s o 10 load=1.05
0007.replicate.BB_90_8_10.no-card.0.candidate 0.093s o 10 load=1.05
0008.replicate.BB_90_8_10.no-card.1.candidate 0.092s o 10 load=1.05
0009.replicate.BB_90_8_10.no-card.1.baseline 1.863s o 10 load=1.05
0010.replicate.BB_90_8_10.no-card.2.baseline 1.885s o 10 load=1.05
0011.replicate.BB_90_8_10.no-card.2.candidate 0.091s o 10 load=1.05
0012.replicate.BB_90_8_10.no-card.3.candidate 0.089s o 10 load=1.28
0013.replicate.BB_90_8_10.no-card.3.baseline 1.871s o 10 load=1.28
0014.replicate.BB_90_8_10.no-card.4.baseline 1.868s o 10 load=1.28
0015.replicate.BB_90_8_10.no-card.4.candidate 0.093s o 10 load=1.28
0016.replicate.BB_90_8_10.no-card.5.candidate 0.092s o 10 load=1.28
0017.replicate.BB_90_8_10.no-card.5.baseline 1.870s o 10 load=1.28
0018.replicate.BB_90_8_10.no-card.6.baseline 1.864s o 10 load=1.26
0019.replicate.BB_90_8_10.no-card.6.candidate 0.089s o 10 load=1.26
0020.replicate.BB_90_8_10.no-card.7.candidate 0.088s o 10 load=1.26
0021.replicate.BB_90_8_10.no-card.7.baseline 1.878s o 10 load=1.26
0022.replicate.BB_90_8_10.no-card.8.baseline 1.861s o 10 load=1.26
0023.replicate.BB_90_8_10.no-card.8.candidate 0.089s o 10 load=1.24
0024.replicate.BB_90_8_10.no-card.9.candidate 0.088s o 10 load=1.24
0025.replicate.BB_90_8_10.no-card.9.baseline 1.865s o 10 load=1.24
0026.gate.BB_90_8_10.card-mto.0.baseline 1.660s o 10 load=1.24
0027.gate.BB_90_8_10.card-mto.0.candidate 0.063s o 10 load=1.22
0028.gate.BB_90_8_10.card-mto.1.candidate 0.075s o 10 load=1.22
0029.gate.BB_90_8_10.card-mto.1.baseline 1.652s o 10 load=1.22
0030.gate.BB_90_8_10.card-mto.2.baseline 1.651s o 10 load=1.22
0031.gate.BB_90_8_10.card-mto.2.candidate 0.063s o 10 load=1.22
0032.replicate.BB_90_8_10.card-mto.0.baseline 1.658s o 10 load=1.22
0033.replicate.BB_90_8_10.card-mto.0.candidate 0.062s o 10 load=1.28
0034.replicate.BB_90_8_10.card-mto.1.candidate 0.074s o 10 load=1.28
0035.replicate.BB_90_8_10.card-mto.1.baseline 1.658s o 10 load=1.28
0036.replicate.BB_90_8_10.card-mto.2.baseline 1.655s o 10 load=1.28
0037.replicate.BB_90_8_10.card-mto.2.candidate 0.062s o 10 load=1.28
0038.replicate.BB_90_8_10.card-mto.3.candidate 0.063s o 10 load=1.28
0039.replicate.BB_90_8_10.card-mto.3.baseline 1.656s o 10 load=1.28
0040.replicate.BB_90_8_10.card-mto.4.baseline 1.663s o 10 load=1.34
0041.replicate.BB_90_8_10.card-mto.4.candidate 0.063s o 10 load=1.34
0042.replicate.BB_90_8_10.card-mto.5.candidate 0.063s o 10 load=1.34
0043.replicate.BB_90_8_10.card-mto.5.baseline 1.663s o 10 load=1.34
0044.replicate.BB_90_8_10.card-mto.6.baseline 1.662s o 10 load=1.34
0045.replicate.BB_90_8_10.card-mto.6.candidate 0.063s o 10 load=1.31
0046.replicate.BB_90_8_10.card-mto.7.candidate 0.074s o 10 load=1.31
0047.replicate.BB_90_8_10.card-mto.7.baseline 1.667s o 10 load=1.31
0048.replicate.BB_90_8_10.card-mto.8.baseline 1.662s o 10 load=1.31
0049.replicate.BB_90_8_10.card-mto.8.candidate 0.063s o 10 load=1.31
0050.replicate.BB_90_8_10.card-mto.9.candidate 0.062s o 10 load=1.31
0051.replicate.BB_90_8_10.card-mto.9.baseline 1.666s o 10 load=1.31
0052.gate.GB_144_12_8.no-card.0.baseline 0.663s o 8 load=1.29
0053.gate.GB_144_12_8.no-card.0.candidate 0.033s o 8 load=1.29
0054.gate.GB_144_12_8.no-card.1.candidate 0.032s o 8 load=1.29
0055.gate.GB_144_12_8.no-card.1.baseline 0.663s o 8 load=1.29
0056.gate.GB_144_12_8.no-card.2.baseline 0.673s o 8 load=1.29
0057.gate.GB_144_12_8.no-card.2.candidate 0.033s o 8 load=1.29
0058.replicate.GB_144_12_8.no-card.0.baseline 0.668s o 8 load=1.29
0059.replicate.GB_144_12_8.no-card.0.candidate 0.033s o 8 load=1.29
0060.replicate.GB_144_12_8.no-card.1.candidate 0.032s o 8 load=1.29
0061.replicate.GB_144_12_8.no-card.1.baseline 0.669s o 8 load=1.29
0062.replicate.GB_144_12_8.no-card.2.baseline 0.671s o 8 load=1.26
0063.replicate.GB_144_12_8.no-card.2.candidate 0.030s o 8 load=1.26
0064.replicate.GB_144_12_8.no-card.3.candidate 0.032s o 8 load=1.26
0065.replicate.GB_144_12_8.no-card.3.baseline 0.662s o 8 load=1.26
0066.replicate.GB_144_12_8.no-card.4.baseline 0.661s o 8 load=1.26
0067.replicate.GB_144_12_8.no-card.4.candidate 0.032s o 8 load=1.26
0068.replicate.GB_144_12_8.no-card.5.candidate 0.032s o 8 load=1.26
0069.replicate.GB_144_12_8.no-card.5.baseline 0.659s o 8 load=1.26
0070.replicate.GB_144_12_8.no-card.6.baseline 0.665s o 8 load=1.26
0071.replicate.GB_144_12_8.no-card.6.candidate 0.033s o 8 load=1.26
0072.replicate.GB_144_12_8.no-card.7.candidate 0.026s o 8 load=1.26
0073.replicate.GB_144_12_8.no-card.7.baseline 0.671s o 8 load=1.26
0074.replicate.GB_144_12_8.no-card.8.baseline 0.667s o 8 load=1.26
0075.replicate.GB_144_12_8.no-card.8.candidate 0.033s o 8 load=1.32
0076.replicate.GB_144_12_8.no-card.9.candidate 0.032s o 8 load=1.32
0077.replicate.GB_144_12_8.no-card.9.baseline 0.659s o 8 load=1.32
0078.gate.GB_144_12_8.card-mto.0.baseline 1.119s o 8 load=1.32
0079.gate.GB_144_12_8.card-mto.0.candidate 0.032s o 8 load=1.32
0080.gate.GB_144_12_8.card-mto.1.candidate 0.032s o 8 load=1.32
0081.gate.GB_144_12_8.card-mto.1.baseline 1.115s o 8 load=1.32
0082.gate.GB_144_12_8.card-mto.2.baseline 1.122s o 8 load=1.32
0083.gate.GB_144_12_8.card-mto.2.candidate 0.033s o 8 load=1.32
0084.replicate.GB_144_12_8.card-mto.0.baseline 1.121s o 8 load=1.32
0085.replicate.GB_144_12_8.card-mto.0.candidate 0.030s o 8 load=1.38
0086.replicate.GB_144_12_8.card-mto.1.candidate 0.033s o 8 load=1.38
0087.replicate.GB_144_12_8.card-mto.1.baseline 1.109s o 8 load=1.38
0088.replicate.GB_144_12_8.card-mto.2.baseline 1.110s o 8 load=1.38
0089.replicate.GB_144_12_8.card-mto.2.candidate 0.033s o 8 load=1.38
0090.replicate.GB_144_12_8.card-mto.3.candidate 0.033s o 8 load=1.38
0091.replicate.GB_144_12_8.card-mto.3.baseline 1.111s o 8 load=1.38
0092.replicate.GB_144_12_8.card-mto.4.baseline 1.114s o 8 load=1.38
0093.replicate.GB_144_12_8.card-mto.4.candidate 0.033s o 8 load=1.35
0094.replicate.GB_144_12_8.card-mto.5.candidate 0.032s o 8 load=1.35
0095.replicate.GB_144_12_8.card-mto.5.baseline 1.114s o 8 load=1.35
0096.replicate.GB_144_12_8.card-mto.6.baseline 1.116s o 8 load=1.35
0097.replicate.GB_144_12_8.card-mto.6.candidate 0.033s o 8 load=1.35
0098.replicate.GB_144_12_8.card-mto.7.candidate 0.032s o 8 load=1.35
0099.replicate.GB_144_12_8.card-mto.7.baseline 1.122s o 8 load=1.35
0100.replicate.GB_144_12_8.card-mto.8.baseline 1.119s o 8 load=1.35
0101.replicate.GB_144_12_8.card-mto.8.candidate 0.033s o 8 load=1.35
0102.replicate.GB_144_12_8.card-mto.9.candidate 0.028s o 8 load=1.35
0103.replicate.GB_144_12_8.card-mto.9.baseline 1.114s o 8 load=1.32
0104.gate.BB_108_8_10.no-card.0.baseline 2.291s o 10 load=1.32
0105.gate.BB_108_8_10.no-card.0.candidate 0.290s o 10 load=1.32
0106.gate.BB_108_8_10.no-card.1.candidate 0.288s o 10 load=1.32
0107.gate.BB_108_8_10.no-card.1.baseline 2.287s o 10 load=1.32
0108.gate.BB_108_8_10.no-card.2.baseline 2.292s o 10 load=1.29
0109.gate.BB_108_8_10.no-card.2.candidate 0.284s o 10 load=1.29
0110.replicate.BB_108_8_10.no-card.0.baseline 2.291s o 10 load=1.29
0111.replicate.BB_108_8_10.no-card.0.candidate 0.283s o 10 load=1.27
0112.replicate.BB_108_8_10.no-card.1.candidate 0.288s o 10 load=1.27
0113.replicate.BB_108_8_10.no-card.1.baseline 2.287s o 10 load=1.27
0114.replicate.BB_108_8_10.no-card.2.baseline 2.285s o 10 load=1.27
0115.replicate.BB_108_8_10.no-card.2.candidate 0.283s o 10 load=1.25
0116.replicate.BB_108_8_10.no-card.3.candidate 0.281s o 10 load=1.25
0117.replicate.BB_108_8_10.no-card.3.baseline 2.286s o 10 load=1.25
0118.replicate.BB_108_8_10.no-card.4.baseline 2.293s o 10 load=1.25
0119.replicate.BB_108_8_10.no-card.4.candidate 0.286s o 10 load=1.23
0120.replicate.BB_108_8_10.no-card.5.candidate 0.296s o 10 load=1.23
0121.replicate.BB_108_8_10.no-card.5.baseline 2.292s o 10 load=1.23
0122.replicate.BB_108_8_10.no-card.6.baseline 2.289s o 10 load=1.23
0123.replicate.BB_108_8_10.no-card.6.candidate 0.288s o 10 load=1.29
0124.replicate.BB_108_8_10.no-card.7.candidate 0.295s o 10 load=1.29
0125.replicate.BB_108_8_10.no-card.7.baseline 2.285s o 10 load=1.29
0126.replicate.BB_108_8_10.no-card.8.baseline 2.287s o 10 load=1.29
0127.replicate.BB_108_8_10.no-card.8.candidate 0.283s o 10 load=1.27
0128.replicate.BB_108_8_10.no-card.9.candidate 0.284s o 10 load=1.27
0129.replicate.BB_108_8_10.no-card.9.baseline 2.289s o 10 load=1.27
0130.gate.BB_108_8_10.card-mto.0.baseline 2.331s o 10 load=1.27
0131.gate.BB_108_8_10.card-mto.0.candidate 0.385s o 10 load=1.24
0132.gate.BB_108_8_10.card-mto.1.candidate 0.384s o 10 load=1.24
0133.gate.BB_108_8_10.card-mto.1.baseline 2.344s o 10 load=1.24
0134.gate.BB_108_8_10.card-mto.2.baseline 2.334s o 10 load=1.22
0135.gate.BB_108_8_10.card-mto.2.candidate 0.391s o 10 load=1.22
0136.replicate.BB_108_8_10.card-mto.0.baseline 2.332s o 10 load=1.22
0137.replicate.BB_108_8_10.card-mto.0.candidate 0.389s o 10 load=1.45
0138.replicate.BB_108_8_10.card-mto.1.candidate 0.389s o 10 load=1.45
0139.replicate.BB_108_8_10.card-mto.1.baseline 2.331s o 10 load=1.45
0140.replicate.BB_108_8_10.card-mto.2.baseline 2.325s o 10 load=1.45
0141.replicate.BB_108_8_10.card-mto.2.candidate 0.380s o 10 load=1.41
0142.replicate.BB_108_8_10.card-mto.3.candidate 0.377s o 10 load=1.41
0143.replicate.BB_108_8_10.card-mto.3.baseline 2.325s o 10 load=1.41
0144.replicate.BB_108_8_10.card-mto.4.baseline 2.325s o 10 load=1.41
0145.replicate.BB_108_8_10.card-mto.4.candidate 0.385s o 10 load=1.38
0146.replicate.BB_108_8_10.card-mto.5.candidate 0.392s o 10 load=1.38
0147.replicate.BB_108_8_10.card-mto.5.baseline 2.330s o 10 load=1.38
0148.replicate.BB_108_8_10.card-mto.6.baseline 2.326s o 10 load=1.38
0149.replicate.BB_108_8_10.card-mto.6.candidate 0.388s o 10 load=1.43
0150.replicate.BB_108_8_10.card-mto.7.candidate 0.387s o 10 load=1.43
0151.replicate.BB_108_8_10.card-mto.7.baseline 2.322s o 10 load=1.43
0152.replicate.BB_108_8_10.card-mto.8.baseline 2.328s o 10 load=1.43
0153.replicate.BB_108_8_10.card-mto.8.candidate 0.388s o 10 load=1.39
0154.replicate.BB_108_8_10.card-mto.9.candidate 0.385s o 10 load=1.39
0155.replicate.BB_108_8_10.card-mto.9.baseline 2.337s o 10 load=1.39
0156.gate.LP_238_44_6.no-card.0.baseline 1.205s o 6 load=1.52
0157.gate.LP_238_44_6.no-card.0.candidate 0.405s o 6 load=1.52
0158.gate.LP_238_44_6.no-card.1.candidate 0.406s o 6 load=1.52
0159.gate.LP_238_44_6.no-card.1.baseline 1.199s o 6 load=1.52
0160.gate.LP_238_44_6.no-card.2.baseline 1.209s o 6 load=1.52
0161.gate.LP_238_44_6.no-card.2.candidate 0.410s o 6 load=1.52
0162.replicate.LP_238_44_6.no-card.0.baseline 1.206s o 6 load=1.48
0163.replicate.LP_238_44_6.no-card.0.candidate 0.402s o 6 load=1.48
0164.replicate.LP_238_44_6.no-card.1.candidate 0.409s o 6 load=1.48
0165.replicate.LP_238_44_6.no-card.1.baseline 1.206s o 6 load=1.48
0166.replicate.LP_238_44_6.no-card.2.baseline 1.202s o 6 load=1.48
0167.replicate.LP_238_44_6.no-card.2.candidate 0.405s o 6 load=1.48
0168.replicate.LP_238_44_6.no-card.3.candidate 0.405s o 6 load=1.52
0169.replicate.LP_238_44_6.no-card.3.baseline 1.199s o 6 load=1.52
0170.replicate.LP_238_44_6.no-card.4.baseline 1.193s o 6 load=1.52
0171.replicate.LP_238_44_6.no-card.4.candidate 0.403s o 6 load=1.52
0172.replicate.LP_238_44_6.no-card.5.candidate 0.410s o 6 load=1.52
0173.replicate.LP_238_44_6.no-card.5.baseline 1.203s o 6 load=1.52
0174.replicate.LP_238_44_6.no-card.6.baseline 1.208s o 6 load=1.56
0175.replicate.LP_238_44_6.no-card.6.candidate 0.407s o 6 load=1.56
0176.replicate.LP_238_44_6.no-card.7.candidate 0.408s o 6 load=1.56
0177.replicate.LP_238_44_6.no-card.7.baseline 1.204s o 6 load=1.56
0178.replicate.LP_238_44_6.no-card.8.baseline 1.208s o 6 load=1.56
0179.replicate.LP_238_44_6.no-card.8.candidate 0.406s o 6 load=1.56
0180.replicate.LP_238_44_6.no-card.9.candidate 0.403s o 6 load=1.51
0181.replicate.LP_238_44_6.no-card.9.baseline 1.206s o 6 load=1.51
0182.gate.LP_238_44_6.card-mto.0.baseline 1.147s o 6 load=1.51
0183.gate.LP_238_44_6.card-mto.0.candidate 0.399s o 6 load=1.51
0184.gate.LP_238_44_6.card-mto.1.candidate 0.390s o 6 load=1.51
0185.gate.LP_238_44_6.card-mto.1.baseline 1.143s o 6 load=1.51
0186.gate.LP_238_44_6.card-mto.2.baseline 1.147s o 6 load=1.51
0187.gate.LP_238_44_6.card-mto.2.candidate 0.395s o 6 load=1.55
0188.replicate.LP_238_44_6.card-mto.0.baseline 1.148s o 6 load=1.55
0189.replicate.LP_238_44_6.card-mto.0.candidate 0.399s o 6 load=1.55
0190.replicate.LP_238_44_6.card-mto.1.candidate 0.393s o 6 load=1.55
0191.replicate.LP_238_44_6.card-mto.1.baseline 1.145s o 6 load=1.55
0192.replicate.LP_238_44_6.card-mto.2.baseline 1.149s o 6 load=1.55
0193.replicate.LP_238_44_6.card-mto.2.candidate 0.399s o 6 load=1.59
0194.replicate.LP_238_44_6.card-mto.3.candidate 0.390s o 6 load=1.59
0195.replicate.LP_238_44_6.card-mto.3.baseline 1.138s o 6 load=1.59
0196.replicate.LP_238_44_6.card-mto.4.baseline 1.149s o 6 load=1.59
0197.replicate.LP_238_44_6.card-mto.4.candidate 0.392s o 6 load=1.59
0198.replicate.LP_238_44_6.card-mto.5.candidate 0.395s o 6 load=1.59
0199.replicate.LP_238_44_6.card-mto.5.baseline 1.151s o 6 load=1.59
0200.replicate.LP_238_44_6.card-mto.6.baseline 1.145s o 6 load=1.70
0201.replicate.LP_238_44_6.card-mto.6.candidate 0.390s o 6 load=1.70
0202.replicate.LP_238_44_6.card-mto.7.candidate 0.391s o 6 load=1.70
0203.replicate.LP_238_44_6.card-mto.7.baseline 1.144s o 6 load=1.70
0204.replicate.LP_238_44_6.card-mto.8.baseline 1.144s o 6 load=1.70
0205.replicate.LP_238_44_6.card-mto.8.candidate 0.399s o 6 load=1.64
0206.replicate.LP_238_44_6.card-mto.9.candidate 0.393s o 6 load=1.64
0207.replicate.LP_238_44_6.card-mto.9.baseline 1.148s o 6 load=1.64
{
 "stopped": null,
 "n_samples": 208,
 "finished": "2026-10-09T22:30:02+0800",
 "binary_sha256_after": {
  "baseline": "3f2fbc4215e17c4a5b5e62d1f10f99619bdf6efaea7881acb46157effe78c9dc",
  "candidate": "49e37dee170eb6685344aefd25b37bdb1dccc129d640d6802ded25562b51d28f"
 },
 "input_sha256_after_ok": true
}
gate no-card geomean 0.1008 envelope 0.10192 positive True flags []
gate card-mto geomean 0.08892 envelope 0.09394 positive True flags []
replicate no-card geomean 0.09949 envelope 0.10252 positive True flags []
replicate card-mto geomean 0.08907 envelope 0.09401 positive True flags []
exit=0
