waiting for lock Fri Oct  9 21:05:46 CST 2026
lock taken Fri Oct  9 21:13:47 CST 2026: GH-92 Tier0 science sweep Fri Oct  9 21:13:47 CST 2026
OK  BB_1080_4_54 default TIMEOUT None 60.029 | TIMEOUT None 60.028 []
OK  BB_1080_4_54 card-sinz TIMEOUT None 60.019 | TIMEOUT None 60.035 []
OK  BB_1080_4_54 no-card TIMEOUT None 60.028 | TIMEOUT None 60.03 []
OK  BB_1080_4_54 card-mto TIMEOUT None 60.02 | TIMEOUT None 60.035 []
OK  BB_108_8_10 card-sinz done 10 2.554 | done 10 0.244 []
OK  BB_108_8_10 no-card done 10 2.624 | done 10 0.322 []
OK  BB_108_8_10 default done 10 2.654 | done 10 0.423 []
OK  BB_108_8_10 card-mto done 10 2.652 | done 10 0.426 []
OK  BB_144_12_12 default done 12 18.759 | done 12 0.633 []
OK  BB_144_12_12 card-mto done 12 18.684 | done 12 0.627 []
OK  BB_144_12_12 no-card done 12 20.014 | done 12 0.303 []
OK  BB_144_12_12 card-sinz done 12 34.974 | done 12 0.393 []
OK  BB_144_14_14 default TIMEOUT None 60.011 | done 14 26.807 []
OK  BB_144_14_14 card-mto TIMEOUT None 60.019 | done 14 26.805 []
OK  BB_144_14_14 no-card TIMEOUT None 60.008 | done 14 36.082 []
OK  BB_144_14_14 card-sinz TIMEOUT None 60.015 | done 14 51.37 []
OK  BB_288_12_unknown default TIMEOUT None 60.018 | TIMEOUT None 60.014 []
OK  BB_288_12_unknown no-card TIMEOUT None 60.008 | TIMEOUT None 60.02 []
OK  BB_288_12_unknown card-mto TIMEOUT None 60.012 | TIMEOUT None 60.014 []
OK  BB_288_12_unknown card-sinz TIMEOUT None 60.014 | TIMEOUT None 60.017 []
OK  BB_360_12_unknown default TIMEOUT None 60.012 | TIMEOUT None 60.011 []
OK  BB_72_12_6 default done 6 0.049 | done 6 0.018 []
OK  BB_72_12_6 no-card done 6 0.045 | done 6 0.019 []
OK  BB_72_12_6 card-mto done 6 0.056 | done 6 0.018 []
OK  BB_72_12_6 card-sinz done 6 0.048 | done 6 0.018 []
OK  BB_360_12_unknown no-card TIMEOUT None 60.017 | TIMEOUT None 60.007 []
OK  BB_360_12_unknown card-mto TIMEOUT None 60.011 | TIMEOUT None 60.018 []
OK  BB_360_12_unknown card-sinz TIMEOUT None 60.01 | TIMEOUT None 60.01 []
OK  BB_756_16_34 default TIMEOUT None 60.009 | TIMEOUT None 60.016 []
OK  BB_756_16_34 no-card TIMEOUT None 60.012 | TIMEOUT None 60.019 []
OK  BB_756_16_34 card-mto TIMEOUT None 60.019 | TIMEOUT None 60.009 []
OK  BB_756_16_34 card-sinz TIMEOUT None 60.013 | TIMEOUT None 60.014 []
OK  BB_864_4_40 default TIMEOUT None 60.01 | TIMEOUT None 60.022 []
OK  BB_864_4_40 no-card TIMEOUT None 60.031 | TIMEOUT None 60.02 []
OK  BB_90_8_10 default done 10 2.301 | done 10 0.084 []
OK  BB_90_8_10 no-card done 10 2.131 | done 10 0.101 []
OK  BB_90_8_10 card-mto done 10 1.907 | done 10 0.084 []
OK  BB_90_8_10 card-sinz done 10 2.182 | done 10 0.131 []
OK  BB_864_4_40 card-mto TIMEOUT None 60.019 | TIMEOUT None 60.035 []
OK  BB_864_4_40 card-sinz TIMEOUT None 60.012 | TIMEOUT None 60.017 []
OK  GB_144_12_12 default TIMEOUT None 60.018 | done 12 57.552 []
OK  GB_144_12_8 default done 8 1.286 | done 8 0.034 []
OK  GB_144_12_8 no-card done 8 0.763 | done 8 0.038 []
OK  GB_144_12_8 card-mto done 8 1.276 | done 8 0.03 []
OK  GB_144_12_12 no-card TIMEOUT None 60.013 | TIMEOUT None 60.01 []
OK  LP_136_32_4 default done 4 0.142 | done 4 0.06 []
OK  LP_136_32_4 no-card done 4 0.104 | done 4 0.066 []
OK  LP_136_32_4 card-mto done 4 0.149 | done 4 0.06 []
OK  LP_136_32_4 card-sinz done 4 0.133 | done 4 0.049 []
OK  GB_144_12_8 card-sinz done 8 0.888 | done 8 0.036 []
OK  GB_144_12_12 card-mto TIMEOUT None 60.012 | done 12 57.626 []
OK  GB_144_12_12 card-sinz TIMEOUT None 60.005 | done 12 51.971 []
OK  LP_1768_224_unknown default TIMEOUT None 60.029 | TIMEOUT None 60.017 []
OK  LP_1768_224_unknown no-card TIMEOUT None 60.029 | TIMEOUT None 60.029 []
OK  LP_1768_224_unknown card-mto TIMEOUT None 60.022 | TIMEOUT None 60.027 []
OK  LP_238_44_6 default done 6 1.323 | done 6 0.447 []
OK  LP_238_44_6 no-card done 6 1.386 | done 6 0.468 []
OK  LP_238_44_6 card-mto done 6 1.324 | done 6 0.443 []
OK  LP_238_44_6 card-sinz done 6 1.593 | done 6 0.326 []
OK  LP_1768_224_unknown card-sinz TIMEOUT None 60.029 | TIMEOUT None 60.023 []
OK  LP_340_56_8 default TIMEOUT None 60.019 | done 8 1.847 []
OK  LP_34_20_2 default done 2 0.019 | done 2 0.018 []
OK  LP_34_20_2 no-card done 2 0.014 | done 2 0.016 []
OK  LP_34_20_2 card-mto done 2 0.016 | done 2 0.016 []
OK  LP_34_20_2 card-sinz done 2 0.021 | done 2 0.014 []
OK  LP_340_56_8 no-card TIMEOUT None 60.015 | done 8 1.759 []
OK  LP_340_56_8 card-mto TIMEOUT None 60.018 | done 8 1.842 []
OK  LP_340_56_8 card-sinz TIMEOUT None 60.015 | done 8 2.103 []
OK  LP_442_68_10 default TIMEOUT None 60.016 | done 10 23.637 []
OK  LP_442_68_10 card-mto TIMEOUT None 60.009 | done 10 23.633 []
OK  LP_442_68_10 no-card TIMEOUT None 60.018 | done 10 37.299 []
OK  LP_442_68_10 card-sinz TIMEOUT None 60.02 | done 10 18.013 []
OK  LP_544_80_12 default TIMEOUT None 60.029 | done 12 58.522 []
OK  LP_544_80_12 no-card TIMEOUT None 60.018 | TIMEOUT None 60.009 []
OK  LP_544_80_12 card-mto TIMEOUT None 60.016 | done 12 58.472 []
OK  LP_544_80_12 card-sinz TIMEOUT None 60.013 | TIMEOUT None 60.02 []
OK  LP_714_100_unknown default TIMEOUT None 60.014 | TIMEOUT None 60.015 []
OK  LP_714_100_unknown no-card TIMEOUT None 60.026 | TIMEOUT None 60.021 []
OK  LP_714_100_unknown card-mto TIMEOUT None 60.021 | TIMEOUT None 60.012 []
OK  LP_714_100_unknown card-sinz TIMEOUT None 60.013 | TIMEOUT None 60.012 []
OK  PK_31 default TIMEOUT None 60.016 | TIMEOUT None 60.014 []
OK  PK_31 no-card TIMEOUT None 60.014 | TIMEOUT None 60.018 []
OK  PK_31 card-mto TIMEOUT None 60.023 | TIMEOUT None 60.009 []
OK  PK_31 card-sinz TIMEOUT None 60.01 | TIMEOUT None 60.009 []
OK  TN_108_2_12 default done 12 29.421 | done 12 12.523 []
OK  TN_108_2_12 no-card done 12 32.101 | done 12 10.907 []
OK  TN_108_2_12 card-mto done 12 29.298 | done 12 12.523 []
OK  TN_108_2_12 card-sinz done 12 41.256 | done 12 12.409 []
OK  TN_144_2_13 default TIMEOUT None 60.012 | TIMEOUT None 60.008 []
OK  TN_144_2_13 no-card TIMEOUT None 60.013 | TIMEOUT None 60.02 []
OK  TN_144_2_13 card-mto TIMEOUT None 60.014 | TIMEOUT None 60.011 []
OK  TN_144_2_13 card-sinz TIMEOUT None 60.018 | TIMEOUT None 60.016 []
OK  TN_180_2_17 default TIMEOUT None 60.012 | TIMEOUT None 60.008 []
OK  TN_180_2_17 no-card TIMEOUT None 60.004 | TIMEOUT None 60.013 []
OK  TN_180_2_17 card-mto TIMEOUT None 60.006 | TIMEOUT None 60.016 []
OK  TN_200_10_10 default done 10 12.119 | done 10 11.977 []
OK  TN_180_2_17 card-sinz TIMEOUT None 60.009 | TIMEOUT None 60.012 []
OK  TN_200_10_10 card-mto done 10 12.124 | done 10 12.006 []
OK  TN_200_10_10 no-card TIMEOUT None 60.009 | done 10 15.498 []
OK  TN_200_10_10 card-sinz TIMEOUT None 60.017 | done 10 15.642 []
OK  TN_216_4_18 default TIMEOUT None 60.006 | TIMEOUT None 60.007 []
OK  TN_216_4_18 no-card TIMEOUT None 60.012 | TIMEOUT None 60.014 []
OK  TN_216_4_18 card-mto TIMEOUT None 60.019 | TIMEOUT None 60.014 []
OK  TN_216_4_18 card-sinz TIMEOUT None 60.016 | TIMEOUT None 60.016 []
OK  TN_250_10_15 default TIMEOUT None 60.013 | TIMEOUT None 60.017 []
OK  TN_250_10_15 no-card TIMEOUT None 60.019 | TIMEOUT None 60.01 []
OK  TN_250_10_15 card-mto TIMEOUT None 60.021 | TIMEOUT None 60.021 []
OK  TN_250_10_15 card-sinz TIMEOUT None 60.019 | TIMEOUT None 60.015 []
OK  TN_252_2_21 default TIMEOUT None 60.009 | TIMEOUT None 60.012 []
OK  TN_252_2_21 no-card TIMEOUT None 60.009 | TIMEOUT None 60.008 []
OK  TN_252_2_21 card-mto TIMEOUT None 60.015 | TIMEOUT None 60.01 []
OK  TN_252_2_21 card-sinz TIMEOUT None 60.009 | TIMEOUT None 60.006 []
OK  TN_288_2_24 default TIMEOUT None 60.022 | TIMEOUT None 60.018 []
OK  TN_288_2_24 no-card TIMEOUT None 60.011 | TIMEOUT None 60.017 []
OK  TN_288_2_24 card-mto TIMEOUT None 60.011 | TIMEOUT None 60.024 []
OK  TN_288_2_24 card-sinz TIMEOUT None 60.019 | TIMEOUT None 60.02 []
OK  TN_324_4_25 default TIMEOUT None 60.014 | TIMEOUT None 60.01 []
OK  TN_324_4_25 no-card TIMEOUT None 60.011 | TIMEOUT None 60.009 []
OK  TN_324_4_25 card-mto TIMEOUT None 60.012 | TIMEOUT None 60.014 []
OK  TN_324_4_25 card-sinz TIMEOUT None 60.014 | TIMEOUT None 60.014 []
OK  TN_360_4_24 default TIMEOUT None 60.017 | TIMEOUT None 60.019 []
OK  TN_36_8_3 default done 3 0.018 | done 3 0.018 []
OK  TN_36_8_3 no-card done 3 0.018 | done 3 0.018 []
OK  TN_36_8_3 card-mto done 3 0.018 | done 3 0.023 []
OK  TN_36_8_3 card-sinz done 3 0.018 | done 3 0.018 []
OK  TN_36_8_4 default done 4 0.018 | done 4 0.017 []
OK  TN_36_8_4 no-card done 4 0.015 | done 4 0.018 []
OK  TN_36_8_4 card-mto done 4 0.018 | done 4 0.018 []
OK  TN_36_8_4 card-sinz done 4 0.018 | done 4 0.018 []
OK  TN_360_4_24 no-card TIMEOUT None 60.016 | TIMEOUT None 60.021 []
OK  TN_360_4_24 card-mto TIMEOUT None 60.018 | TIMEOUT None 60.023 []
OK  TN_360_4_24 card-sinz TIMEOUT None 60.013 | TIMEOUT None 60.014 []
OK  TN_396_4_26 default TIMEOUT None 60.018 | TIMEOUT None 60.01 []
OK  TN_396_4_26 no-card TIMEOUT None 60.019 | TIMEOUT None 60.007 []
OK  TN_396_4_26 card-mto TIMEOUT None 60.009 | TIMEOUT None 60.007 []
OK  TN_396_4_26 card-sinz TIMEOUT None 60.02 | TIMEOUT None 60.017 []
OK  TN_432_8_33 default TIMEOUT None 60.008 | TIMEOUT None 60.022 []
OK  TN_432_8_33 no-card TIMEOUT None 60.013 | TIMEOUT None 60.017 []
OK  TN_432_8_33 card-mto TIMEOUT None 60.007 | TIMEOUT None 60.011 []
OK  TN_432_8_33 card-sinz TIMEOUT None 60.017 | TIMEOUT None 60.005 []
OK  TN_468_4_31 default TIMEOUT None 60.013 | TIMEOUT None 60.014 []
OK  TN_468_4_31 no-card TIMEOUT None 60.02 | TIMEOUT None 60.021 []
OK  TN_468_4_31 card-mto TIMEOUT None 60.029 | TIMEOUT None 60.007 []
OK  TN_468_4_31 card-sinz TIMEOUT None 60.015 | TIMEOUT None 60.009 []
OK  TN_496_2_32 default TIMEOUT None 60.008 | TIMEOUT None 60.017 []
OK  TN_496_2_32 no-card TIMEOUT None 60.019 | TIMEOUT None 60.028 []
OK  TN_496_2_32 card-mto TIMEOUT None 60.007 | TIMEOUT None 60.013 []
OK  TN_496_2_32 card-sinz TIMEOUT None 60.02 | TIMEOUT None 60.017 []
OK  TN_504_2_45 default TIMEOUT None 60.016 | TIMEOUT None 60.012 []
OK  TN_504_2_45 no-card TIMEOUT None 60.01 | TIMEOUT None 60.022 []
OK  TN_504_2_45 card-mto TIMEOUT None 60.023 | TIMEOUT None 60.025 []
OK  TN_504_2_45 card-sinz TIMEOUT None 60.011 | TIMEOUT None 60.007 []
OK  TN_540_4_40 default TIMEOUT None 60.012 | TIMEOUT None 60.012 []
OK  TN_54_11_4 default done 4 0.019 | done 4 0.018 []
OK  TN_54_11_4 no-card done 4 0.018 | done 4 0.018 []
OK  TN_54_11_4 card-mto done 4 0.018 | done 4 0.018 []
OK  TN_54_11_4 card-sinz done 4 0.03 | done 4 0.018 []
OK  TN_540_4_40 no-card TIMEOUT None 60.021 | TIMEOUT None 60.016 []
OK  TN_540_4_40 card-mto TIMEOUT None 60.02 | TIMEOUT None 60.018 []
OK  TN_540_4_40 card-sinz TIMEOUT None 60.018 | TIMEOUT None 60.018 []
OK  TN_576_2_57 default TIMEOUT None 60.02 | TIMEOUT None 60.005 []
OK  TN_576_2_57 no-card TIMEOUT None 60.017 | TIMEOUT None 60.017 []
OK  TN_576_2_57 card-mto TIMEOUT None 60.018 | TIMEOUT None 60.01 []
OK  TN_576_2_57 card-sinz TIMEOUT None 60.016 | TIMEOUT None 60.006 []
OK  TN_576_2_59 default TIMEOUT None 60.01 | TIMEOUT None 60.009 []
OK  TN_576_2_59 no-card TIMEOUT None 60.016 | TIMEOUT None 60.011 []
OK  TN_576_2_59 card-mto TIMEOUT None 60.009 | TIMEOUT None 60.011 []
OK  TN_576_2_59 card-sinz TIMEOUT None 60.029 | TIMEOUT None 60.005 []
OK  TN_612_2_52 default TIMEOUT None 60.022 | TIMEOUT None 60.02 []
OK  TN_612_2_52 no-card TIMEOUT None 60.014 | TIMEOUT None 60.016 []
OK  TN_612_2_52 card-mto TIMEOUT None 60.018 | TIMEOUT None 60.017 []
OK  TN_612_2_52 card-sinz TIMEOUT None 60.013 | TIMEOUT None 60.006 []
OK  TN_648_10_71 default TIMEOUT None 60.02 | TIMEOUT None 60.017 []
OK  TN_648_10_71 no-card TIMEOUT None 60.01 | TIMEOUT None 60.015 []
OK  TN_648_10_71 card-mto TIMEOUT None 60.012 | TIMEOUT None 60.017 []
OK  TN_648_10_71 card-sinz TIMEOUT None 60.008 | TIMEOUT None 60.021 []
OK  TN_648_14_50 default TIMEOUT None 60.013 | TIMEOUT None 60.019 []
OK  TN_648_14_50 no-card TIMEOUT None 60.018 | TIMEOUT None 60.02 []
OK  TN_648_14_50 card-mto TIMEOUT None 60.015 | TIMEOUT None 60.024 []
OK  TN_648_14_50 card-sinz TIMEOUT None 60.019 | TIMEOUT None 60.016 []
OK  TN_684_2_29 default TIMEOUT None 60.019 | TIMEOUT None 60.009 []
OK  TN_72_14_4 default done 4 0.031 | done 4 0.033 []
OK  TN_72_14_4 no-card done 4 0.018 | done 4 0.018 []
OK  TN_72_14_4 card-mto done 4 0.018 | done 4 0.03 []
OK  TN_72_14_4 card-sinz done 4 0.045 | done 4 0.018 []
OK  TN_72_8_8 default done 8 0.59 | done 8 0.333 []
OK  TN_72_8_8 no-card done 8 0.649 | done 8 0.233 []
OK  TN_72_8_8 card-mto done 8 0.745 | done 8 0.377 []
OK  TN_72_8_8 card-sinz done 8 0.631 | done 8 0.292 []
OK  TN_684_2_29 no-card TIMEOUT None 60.01 | TIMEOUT None 60.016 []
OK  TN_684_2_29 card-mto TIMEOUT None 60.019 | TIMEOUT None 60.018 []
OK  TN_684_2_29 card-sinz TIMEOUT None 60.018 | TIMEOUT None 60.013 []
OK  xu_30 default TIMEOUT None 60.016 | TIMEOUT None 60.017 []
OK  xu_30 no-card TIMEOUT None 60.02 | TIMEOUT None 60.021 []
OK  xu_30 card-mto TIMEOUT None 60.014 | TIMEOUT None 60.018 []
OK  xu_30 card-sinz TIMEOUT None 60.011 | TIMEOUT None 60.017 []
OK  xu_42 default TIMEOUT None 60.028 | TIMEOUT None 60.021 []
OK  xu_42 no-card TIMEOUT None 60.022 | TIMEOUT None 60.015 []
OK  xu_42 card-mto TIMEOUT None 60.017 | TIMEOUT None 60.011 []
OK  xu_42 card-sinz TIMEOUT None 60.019 | TIMEOUT None 60.013 []
{"both_done": 58, "only_cand_done": 19, "only_base_done": 0, "problems": 0} ALL_OK
sweep rc=0 Fri Oct  9 22:24:31 CST 2026
posthoc rc=0
candidate timeouts: 123; without any d_lb: 0 []
baseline timeouts: 142; without any d_lb: 0
timeout in both: 123; candidate final d_lb higher in 123, lower in 0 (diagnostic)
completed only by candidate (19): ['BB_144_14_14 card-mto d=14', 'BB_144_14_14 card-sinz d=14', 'BB_144_14_14 default d=14', 'BB_144_14_14 no-card d=14', 'GB_144_12_12 card-mto d=12', 'GB_144_12_12 card-sinz d=12', 'GB_144_12_12 default d=12', 'LP_340_56_8 card-mto d=8', 'LP_340_56_8 card-sinz d=8', 'LP_340_56_8 default d=8', 'LP_340_56_8 no-card d=8', 'LP_442_68_10 card-mto d=10', 'LP_442_68_10 card-sinz d=10', 'LP_442_68_10 default d=10', 'LP_442_68_10 no-card d=10', 'LP_544_80_12 card-mto d=12', 'LP_544_80_12 default d=12', 'TN_200_10_10 card-sinz d=10', 'TN_200_10_10 no-card d=10']
completed only by baseline (0): []
problems: []
POSTHOC_PASS
