timeout-prefix-ok BB_1080_4_54 default s UNKNOWN [60.018, 60.008]
timeout-prefix-ok BB_1080_4_54 no-card s UNKNOWN [60.01, 60.018]
timeout-prefix-ok BB_1080_4_54 card-mto s UNKNOWN [60.019, 60.012]
timeout-prefix-ok BB_1080_4_54 card-sinz s UNKNOWN [60.018, 60.015]
identical BB_144_12_12 default o 12 [18.871, 18.672]
identical BB_144_12_12 card-mto o 12 [18.835, 18.728]
identical BB_144_12_12 no-card o 12 [20.12, 19.928]
identical BB_144_12_12 card-sinz o 12 [35.249, 35.029]
timeout-prefix-ok BB_144_14_14 default s UNKNOWN [60.014, 60.016]
timeout-prefix-ok BB_144_14_14 no-card s UNKNOWN [60.018, 60.017]
timeout-prefix-ok BB_144_14_14 card-mto s UNKNOWN [60.013, 60.018]
timeout-prefix-ok BB_144_14_14 card-sinz s UNKNOWN [60.019, 60.011]
timeout-prefix-ok BB_288_12_unknown default s UNKNOWN [60.014, 60.013]
timeout-prefix-ok BB_288_12_unknown no-card s UNKNOWN [60.013, 60.01]
timeout-prefix-ok BB_288_12_unknown card-mto s UNKNOWN [60.013, 60.012]
timeout-prefix-ok BB_288_12_unknown card-sinz s UNKNOWN [60.023, 60.008]
timeout-prefix-ok BB_360_12_unknown default s UNKNOWN [60.025, 60.008]
timeout-prefix-ok BB_360_12_unknown no-card s UNKNOWN [60.007, 60.012]
timeout-prefix-ok BB_360_12_unknown card-mto s UNKNOWN [60.02, 60.014]
timeout-prefix-ok BB_360_12_unknown card-sinz s UNKNOWN [60.008, 60.02]
timeout-prefix-ok BB_756_16_34 default s UNKNOWN [60.022, 60.009]
timeout-prefix-ok BB_756_16_34 no-card s UNKNOWN [60.008, 60.012]
timeout-prefix-ok BB_756_16_34 card-mto s UNKNOWN [60.02, 60.021]
timeout-prefix-ok BB_756_16_34 card-sinz s UNKNOWN [60.019, 60.02]
timeout-prefix-ok BB_864_4_40 default s UNKNOWN [60.025, 60.014]
timeout-prefix-ok BB_864_4_40 no-card s UNKNOWN [60.02, 60.015]
timeout-prefix-ok BB_864_4_40 card-mto s UNKNOWN [60.007, 60.02]
timeout-prefix-ok BB_864_4_40 card-sinz s UNKNOWN [60.014, 60.012]
timeout-prefix-ok GB_144_12_12 default s UNKNOWN [60.018, 60.019]
timeout-prefix-ok GB_144_12_12 no-card s UNKNOWN [60.016, 60.018]
timeout-prefix-ok GB_144_12_12 card-mto s UNKNOWN [60.013, 60.007]
timeout-prefix-ok GB_144_12_12 card-sinz s UNKNOWN [60.015, 60.025]
timeout-prefix-ok LP_1768_224_unknown default s UNKNOWN [60.025, 60.025]
timeout-prefix-ok LP_1768_224_unknown no-card s UNKNOWN [60.023, 60.026]
timeout-prefix-ok LP_1768_224_unknown card-mto s UNKNOWN [60.019, 60.021]
timeout-prefix-ok LP_1768_224_unknown card-sinz s UNKNOWN [60.017, 60.021]
timeout-prefix-ok LP_340_56_8 default s UNKNOWN [60.018, 60.014]
timeout-prefix-ok LP_340_56_8 no-card s UNKNOWN [60.018, 60.013]
timeout-prefix-ok LP_340_56_8 card-mto s UNKNOWN [60.017, 60.014]
timeout-prefix-ok LP_340_56_8 card-sinz s UNKNOWN [60.017, 60.016]
timeout-prefix-ok LP_442_68_10 default s UNKNOWN [60.015, 60.013]
timeout-prefix-ok LP_442_68_10 no-card s UNKNOWN [60.014, 60.018]
timeout-prefix-ok LP_442_68_10 card-mto s UNKNOWN [60.012, 60.015]
timeout-prefix-ok LP_442_68_10 card-sinz s UNKNOWN [60.012, 60.015]
timeout-prefix-ok LP_544_80_12 default s UNKNOWN [60.016, 60.012]
timeout-prefix-ok LP_544_80_12 no-card s UNKNOWN [60.011, 60.012]
timeout-prefix-ok LP_544_80_12 card-mto s UNKNOWN [60.008, 60.013]
timeout-prefix-ok LP_544_80_12 card-sinz s UNKNOWN [60.009, 60.008]
timeout-prefix-ok LP_714_100_unknown no-card s UNKNOWN [60.022, 60.017]
timeout-prefix-ok LP_714_100_unknown default s UNKNOWN [60.022, 60.017]
timeout-prefix-ok LP_714_100_unknown card-mto s UNKNOWN [60.016, 60.007]
timeout-prefix-ok LP_714_100_unknown card-sinz s UNKNOWN [60.014, 60.02]
timeout-prefix-ok PK_31 no-card s UNKNOWN [60.014, 60.012]
timeout-prefix-ok PK_31 default s UNKNOWN [60.016, 60.026]
timeout-prefix-ok PK_31 card-mto s UNKNOWN [60.019, 60.015]
timeout-prefix-ok PK_31 card-sinz s UNKNOWN [60.018, 60.014]
identical TN_108_2_12 default o 12 [29.735, 29.001]
identical TN_108_2_12 card-mto o 12 [29.636, 29.062]
identical TN_108_2_12 no-card o 12 [32.31, 31.634]
identical TN_108_2_12 card-sinz o 12 [41.641, 41.224]
timeout-prefix-ok TN_144_2_13 default s UNKNOWN [60.012, 60.005]
timeout-prefix-ok TN_144_2_13 no-card s UNKNOWN [60.017, 60.009]
timeout-prefix-ok TN_144_2_13 card-mto s UNKNOWN [60.007, 60.01]
timeout-prefix-ok TN_144_2_13 card-sinz s UNKNOWN [60.005, 60.023]
timeout-prefix-ok TN_180_2_17 default s UNKNOWN [60.016, 60.021]
timeout-prefix-ok TN_180_2_17 no-card s UNKNOWN [60.018, 60.016]
timeout-prefix-ok TN_180_2_17 card-mto s UNKNOWN [60.012, 60.011]
identical TN_200_10_10 default o 10 [12.218, 12.101]
identical TN_200_10_10 card-mto o 10 [12.217, 12.112]
timeout-prefix-ok TN_180_2_17 card-sinz s UNKNOWN [60.007, 60.016]
timeout-prefix-ok TN_200_10_10 no-card s UNKNOWN [60.011, 60.011]
timeout-prefix-ok TN_200_10_10 card-sinz s UNKNOWN [60.01, 60.018]
timeout-prefix-ok TN_216_4_18 default s UNKNOWN [60.009, 60.018]
timeout-prefix-ok TN_216_4_18 no-card s UNKNOWN [60.019, 60.009]
timeout-prefix-ok TN_216_4_18 card-mto s UNKNOWN [60.006, 60.026]
timeout-prefix-ok TN_216_4_18 card-sinz s UNKNOWN [60.016, 60.006]
timeout-prefix-ok TN_250_10_15 default s UNKNOWN [60.006, 60.017]
timeout-prefix-ok TN_250_10_15 no-card s UNKNOWN [60.016, 60.016]
timeout-prefix-ok TN_250_10_15 card-mto s UNKNOWN [60.014, 60.009]
timeout-prefix-ok TN_250_10_15 card-sinz s UNKNOWN [60.009, 60.021]
timeout-prefix-ok TN_252_2_21 default s UNKNOWN [60.015, 60.021]
timeout-prefix-ok TN_252_2_21 no-card s UNKNOWN [60.028, 60.019]
timeout-prefix-ok TN_252_2_21 card-mto s UNKNOWN [60.017, 60.009]
timeout-prefix-ok TN_252_2_21 card-sinz s UNKNOWN [60.008, 60.02]
timeout-prefix-ok TN_288_2_24 default s UNKNOWN [60.02, 60.015]
timeout-prefix-ok TN_288_2_24 no-card s UNKNOWN [60.02, 60.007]
timeout-prefix-ok TN_288_2_24 card-mto s UNKNOWN [60.011, 60.028]
timeout-prefix-ok TN_288_2_24 card-sinz s UNKNOWN [60.012, 60.018]
timeout-prefix-ok TN_324_4_25 default s UNKNOWN [60.01, 60.013]
timeout-prefix-ok TN_324_4_25 no-card s UNKNOWN [60.015, 60.018]
timeout-prefix-ok TN_324_4_25 card-mto s UNKNOWN [60.019, 60.01]
timeout-prefix-ok TN_324_4_25 card-sinz s UNKNOWN [60.014, 60.024]
timeout-prefix-ok TN_360_4_24 default s UNKNOWN [60.02, 60.018]
timeout-prefix-ok TN_360_4_24 no-card s UNKNOWN [60.008, 60.019]
timeout-prefix-ok TN_360_4_24 card-mto s UNKNOWN [60.018, 60.016]
timeout-prefix-ok TN_360_4_24 card-sinz s UNKNOWN [60.01, 60.015]
timeout-prefix-ok TN_396_4_26 default s UNKNOWN [60.015, 60.022]
timeout-prefix-ok TN_396_4_26 no-card s UNKNOWN [60.014, 60.029]
timeout-prefix-ok TN_396_4_26 card-mto s UNKNOWN [60.014, 60.01]
timeout-prefix-ok TN_396_4_26 card-sinz s UNKNOWN [60.019, 60.014]
timeout-prefix-ok TN_432_8_33 default s UNKNOWN [60.014, 60.019]
timeout-prefix-ok TN_432_8_33 no-card s UNKNOWN [60.007, 60.017]
timeout-prefix-ok TN_432_8_33 card-mto s UNKNOWN [60.01, 60.02]
timeout-prefix-ok TN_432_8_33 card-sinz s UNKNOWN [60.01, 60.014]
timeout-prefix-ok TN_468_4_31 default s UNKNOWN [60.013, 60.009]
timeout-prefix-ok TN_468_4_31 no-card s UNKNOWN [60.02, 60.009]
timeout-prefix-ok TN_468_4_31 card-mto s UNKNOWN [60.013, 60.011]
timeout-prefix-ok TN_468_4_31 card-sinz s UNKNOWN [60.008, 60.025]
timeout-prefix-ok TN_496_2_32 default s UNKNOWN [60.021, 60.009]
timeout-prefix-ok TN_496_2_32 no-card s UNKNOWN [60.009, 60.02]
TIMEOUT-PREFIX-MISMATCH TN_496_2_32 card-mto s UNKNOWN [60.007, 60.014]
timeout-prefix-ok TN_496_2_32 card-sinz s UNKNOWN [60.007, 60.015]
timeout-prefix-ok TN_504_2_45 default s UNKNOWN [60.021, 60.009]
timeout-prefix-ok TN_504_2_45 no-card s UNKNOWN [60.012, 60.021]
timeout-prefix-ok TN_504_2_45 card-mto s UNKNOWN [60.029, 60.012]
timeout-prefix-ok TN_504_2_45 card-sinz s UNKNOWN [60.019, 60.012]
timeout-prefix-ok TN_540_4_40 default s UNKNOWN [60.019, 60.017]
timeout-prefix-ok TN_540_4_40 no-card s UNKNOWN [60.014, 60.015]
timeout-prefix-ok TN_540_4_40 card-mto s UNKNOWN [60.011, 60.016]
timeout-prefix-ok TN_540_4_40 card-sinz s UNKNOWN [60.022, 60.019]
timeout-prefix-ok TN_576_2_57 default s UNKNOWN [60.02, 60.008]
timeout-prefix-ok TN_576_2_57 no-card s UNKNOWN [60.01, 60.024]
timeout-prefix-ok TN_576_2_57 card-mto s UNKNOWN [60.017, 60.013]
timeout-prefix-ok TN_576_2_57 card-sinz s UNKNOWN [60.006, 60.006]
timeout-prefix-ok TN_576_2_59 default s UNKNOWN [60.008, 60.015]
timeout-prefix-ok TN_576_2_59 no-card s UNKNOWN [60.011, 60.012]
timeout-prefix-ok TN_576_2_59 card-mto s UNKNOWN [60.018, 60.02]
timeout-prefix-ok TN_576_2_59 card-sinz s UNKNOWN [60.018, 60.027]
timeout-prefix-ok TN_612_2_52 default s UNKNOWN [60.017, 60.008]
timeout-prefix-ok TN_612_2_52 no-card s UNKNOWN [60.013, 60.016]
timeout-prefix-ok TN_612_2_52 card-mto s UNKNOWN [60.017, 60.012]
timeout-prefix-ok TN_612_2_52 card-sinz s UNKNOWN [60.012, 60.019]
timeout-prefix-ok TN_648_10_71 default s UNKNOWN [60.008, 60.013]
timeout-prefix-ok TN_648_10_71 no-card s UNKNOWN [60.019, 60.011]
timeout-prefix-ok TN_648_10_71 card-mto s UNKNOWN [60.01, 60.012]
timeout-prefix-ok TN_648_10_71 card-sinz s UNKNOWN [60.013, 60.02]
timeout-prefix-ok TN_648_14_50 default s UNKNOWN [60.01, 60.017]
timeout-prefix-ok TN_648_14_50 no-card s UNKNOWN [60.011, 60.021]
timeout-prefix-ok TN_648_14_50 card-mto s UNKNOWN [60.017, 60.018]
timeout-prefix-ok TN_648_14_50 card-sinz s UNKNOWN [60.016, 60.019]
timeout-prefix-ok TN_684_2_29 default s UNKNOWN [60.022, 60.017]
timeout-prefix-ok TN_684_2_29 no-card s UNKNOWN [60.017, 60.017]
timeout-prefix-ok TN_684_2_29 card-mto s UNKNOWN [60.009, 60.013]
timeout-prefix-ok TN_684_2_29 card-sinz s UNKNOWN [60.01, 60.014]
timeout-prefix-ok xu_30 default s UNKNOWN [60.01, 60.021]
timeout-prefix-ok xu_30 no-card s UNKNOWN [60.024, 60.023]
timeout-prefix-ok xu_30 card-mto s UNKNOWN [60.015, 60.019]
timeout-prefix-ok xu_30 card-sinz s UNKNOWN [60.016, 60.021]
timeout-prefix-ok xu_42 default s UNKNOWN [60.026, 60.021]
timeout-prefix-ok xu_42 no-card s UNKNOWN [60.022, 60.02]
timeout-prefix-ok xu_42 card-mto s UNKNOWN [60.021, 60.022]
timeout-prefix-ok xu_42 card-sinz s UNKNOWN [60.011, 60.016]
{"TIMEOUT-PREFIX-MISMATCH": 1, "identical": 10, "timeout-prefix-ok": 141} STOP: MISMATCH
exit=2
