OK  BB_1080_4_54 card-mto TIMEOUT None 60.269 | TIMEOUT None 60.295 []
OK  BB_1080_4_54 no-card TIMEOUT None 60.266 | TIMEOUT None 60.298 []
OK  BB_1080_4_54 default TIMEOUT None 60.267 | TIMEOUT None 60.296 []
OK  BB_1080_4_54 card-sinz TIMEOUT None 60.264 | TIMEOUT None 60.298 []
OK  BB_108_8_10 no-card done 10 2.612 | done 10 2.26 []
OK  BB_108_8_10 default done 10 2.641 | done 10 2.302 []
OK  BB_108_8_10 card-mto done 10 2.655 | done 10 2.302 []
OK  BB_108_8_10 card-sinz done 10 2.55 | done 10 2.859 []
OK  BB_144_12_12 default done 12 18.703 | done 12 19.523 []
OK  BB_144_12_12 card-mto done 12 18.721 | done 12 19.523 []
OK  BB_144_12_12 no-card done 12 20.015 | done 12 18.422 []
OK  BB_144_12_12 card-sinz done 12 34.896 | done 12 32.111 []
OK  BB_144_14_14 default TIMEOUT None 60.008 | TIMEOUT None 60.009 []
OK  BB_144_14_14 no-card TIMEOUT None 60.006 | TIMEOUT None 60.015 []
OK  BB_144_14_14 card-mto TIMEOUT None 60.005 | TIMEOUT None 60.008 []
OK  BB_144_14_14 card-sinz TIMEOUT None 60.018 | TIMEOUT None 60.02 []
OK  BB_288_12_unknown default TIMEOUT None 60.015 | TIMEOUT None 60.018 []
OK  BB_288_12_unknown no-card TIMEOUT None 60.014 | TIMEOUT None 60.014 []
OK  BB_288_12_unknown card-mto TIMEOUT None 60.018 | TIMEOUT None 60.016 []
OK  BB_288_12_unknown card-sinz TIMEOUT None 60.013 | TIMEOUT None 60.007 []
OK  BB_360_12_unknown default TIMEOUT None 60.017 | TIMEOUT None 60.026 []
OK  BB_360_12_unknown no-card TIMEOUT None 60.012 | TIMEOUT None 60.018 []
OK  BB_72_12_6 default done 6 0.049 | done 6 0.059 []
OK  BB_72_12_6 no-card done 6 0.048 | done 6 0.045 []
OK  BB_72_12_6 card-mto done 6 0.06 | done 6 0.045 []
OK  BB_360_12_unknown card-mto TIMEOUT None 60.013 | TIMEOUT None 60.012 []
OK  BB_72_12_6 card-sinz done 6 0.06 | done 6 0.061 []
OK  BB_360_12_unknown card-sinz TIMEOUT None 60.011 | TIMEOUT None 60.022 []
OK  BB_756_16_34 default TIMEOUT None 60.031 | TIMEOUT None 60.039 []
OK  BB_756_16_34 no-card TIMEOUT None 60.023 | TIMEOUT None 60.017 []
OK  BB_756_16_34 card-mto TIMEOUT None 60.013 | TIMEOUT None 60.014 []
OK  BB_756_16_34 card-sinz TIMEOUT None 60.01 | TIMEOUT None 60.017 []
OK  BB_864_4_40 default TIMEOUT None 60.02 | TIMEOUT None 60.018 []
OK  BB_864_4_40 no-card TIMEOUT None 60.017 | TIMEOUT None 60.017 []
OK  BB_864_4_40 card-mto TIMEOUT None 60.017 | TIMEOUT None 60.01 []
OK  BB_90_8_10 card-mto done 10 1.902 | done 10 1.83 []
OK  BB_90_8_10 no-card done 10 2.142 | done 10 1.695 []
OK  BB_90_8_10 default done 10 2.298 | done 10 2.125 []
OK  BB_90_8_10 card-sinz done 10 2.18 | done 10 2.333 []
OK  BB_864_4_40 card-sinz TIMEOUT None 60.017 | TIMEOUT None 60.011 []
OK  GB_144_12_12 default TIMEOUT None 60.01 | TIMEOUT None 60.013 []
OK  GB_144_12_12 no-card TIMEOUT None 60.008 | TIMEOUT None 60.008 []
OK  GB_144_12_8 default done 8 1.295 | done 8 0.867 []
OK  GB_144_12_8 no-card done 8 0.769 | done 8 1.09 []
OK  GB_144_12_8 card-sinz done 8 0.882 | done 8 0.832 []
OK  GB_144_12_8 card-mto done 8 1.276 | done 8 0.867 []
OK  LP_136_32_4 default done 4 0.143 | done 4 0.127 []
OK  GB_144_12_12 card-mto TIMEOUT None 60.014 | TIMEOUT None 60.008 []
OK  LP_136_32_4 no-card done 4 0.106 | done 4 0.13 []
OK  LP_136_32_4 card-mto done 4 0.149 | done 4 0.124 []
OK  LP_136_32_4 card-sinz done 4 0.136 | done 4 0.177 []
OK  GB_144_12_12 card-sinz TIMEOUT None 60.015 | TIMEOUT None 60.02 []
OK  LP_1768_224_unknown default TIMEOUT None 60.027 | TIMEOUT None 60.028 []
OK  LP_1768_224_unknown no-card TIMEOUT None 60.013 | TIMEOUT None 60.018 []
OK  LP_1768_224_unknown card-mto TIMEOUT None 60.022 | TIMEOUT None 60.017 []
OK  LP_238_44_6 no-card done 6 1.424 | done 6 1.121 []
OK  LP_238_44_6 default done 6 1.368 | done 6 2.082 []
OK  LP_238_44_6 card-mto done 6 1.355 | done 6 2.086 []
OK  LP_238_44_6 card-sinz done 6 1.654 | done 6 2.43 []
OK  LP_1768_224_unknown card-sinz TIMEOUT None 60.011 | TIMEOUT None 60.018 []
OK  LP_340_56_8 default TIMEOUT None 60.013 | done 8 26.214 []
OK  LP_34_20_2 default done 2 0.018 | done 2 0.018 []
OK  LP_34_20_2 no-card done 2 0.018 | done 2 0.018 []
OK  LP_34_20_2 card-mto done 2 0.018 | done 2 0.018 []
OK  LP_34_20_2 card-sinz done 2 0.018 | done 2 0.018 []
OK  LP_340_56_8 card-mto TIMEOUT None 60.015 | done 8 26.108 []
OK  LP_340_56_8 no-card TIMEOUT None 60.011 | done 8 56.979 []
OK  LP_340_56_8 card-sinz TIMEOUT None 60.014 | done 8 48.434 []
OK  LP_442_68_10 default TIMEOUT None 60.009 | TIMEOUT None 60.011 []
OK  LP_442_68_10 no-card TIMEOUT None 60.018 | TIMEOUT None 60.009 []
OK  LP_442_68_10 card-mto TIMEOUT None 60.021 | TIMEOUT None 60.029 []
OK  LP_442_68_10 card-sinz TIMEOUT None 60.016 | TIMEOUT None 60.007 []
OK  LP_544_80_12 default TIMEOUT None 60.018 | TIMEOUT None 60.016 []
OK  LP_544_80_12 no-card TIMEOUT None 60.008 | TIMEOUT None 60.02 []
OK  LP_544_80_12 card-mto TIMEOUT None 60.019 | TIMEOUT None 60.018 []
OK  LP_544_80_12 card-sinz TIMEOUT None 60.02 | TIMEOUT None 60.018 []
OK  LP_714_100_unknown default TIMEOUT None 60.017 | TIMEOUT None 60.017 []
OK  LP_714_100_unknown no-card TIMEOUT None 60.017 | TIMEOUT None 60.019 []
OK  LP_714_100_unknown card-mto TIMEOUT None 60.009 | TIMEOUT None 60.007 []
OK  LP_714_100_unknown card-sinz TIMEOUT None 60.021 | TIMEOUT None 60.014 []
OK  PK_31 default TIMEOUT None 60.015 | TIMEOUT None 60.012 []
OK  PK_31 no-card TIMEOUT None 60.011 | TIMEOUT None 60.019 []
OK  PK_31 card-mto TIMEOUT None 60.023 | TIMEOUT None 60.018 []
OK  PK_31 card-sinz TIMEOUT None 60.02 | TIMEOUT None 60.01 []
OK  TN_108_2_12 default done 12 29.598 | done 12 26.697 []
OK  TN_108_2_12 no-card done 12 32.121 | done 12 28.515 []
OK  TN_108_2_12 card-mto done 12 29.33 | done 12 26.654 []
OK  TN_108_2_12 card-sinz done 12 41.361 | done 12 42.46 []
OK  TN_144_2_13 default TIMEOUT None 60.01 | TIMEOUT None 60.006 []
OK  TN_144_2_13 no-card TIMEOUT None 60.017 | TIMEOUT None 60.009 []
OK  TN_144_2_13 card-mto TIMEOUT None 60.02 | TIMEOUT None 60.006 []
OK  TN_144_2_13 card-sinz TIMEOUT None 60.007 | TIMEOUT None 60.007 []
OK  TN_180_2_17 default TIMEOUT None 60.011 | TIMEOUT None 60.013 []
OK  TN_180_2_17 no-card TIMEOUT None 60.005 | TIMEOUT None 60.007 []
OK  TN_200_10_10 default done 10 12.123 | done 10 10.69 []
OK  TN_180_2_17 card-mto TIMEOUT None 60.015 | TIMEOUT None 60.013 []
OK  TN_200_10_10 card-mto done 10 12.101 | done 10 10.666 []
OK  TN_180_2_17 card-sinz TIMEOUT None 60.015 | TIMEOUT None 60.018 []
OK  TN_200_10_10 no-card TIMEOUT None 60.019 | done 10 10.737 []
OK  TN_200_10_10 card-sinz TIMEOUT None 60.009 | done 10 15.849 []
OK  TN_216_4_18 default TIMEOUT None 60.017 | TIMEOUT None 60.008 []
OK  TN_216_4_18 no-card TIMEOUT None 60.013 | TIMEOUT None 60.01 []
OK  TN_216_4_18 card-mto TIMEOUT None 60.012 | TIMEOUT None 60.017 []
OK  TN_216_4_18 card-sinz TIMEOUT None 60.021 | TIMEOUT None 60.014 []
OK  TN_250_10_15 default TIMEOUT None 60.015 | TIMEOUT None 60.013 []
OK  TN_250_10_15 no-card TIMEOUT None 60.014 | TIMEOUT None 60.009 []
OK  TN_250_10_15 card-mto TIMEOUT None 60.011 | TIMEOUT None 60.025 []
OK  TN_250_10_15 card-sinz TIMEOUT None 60.012 | TIMEOUT None 60.015 []
OK  TN_252_2_21 default TIMEOUT None 60.017 | TIMEOUT None 60.007 []
OK  TN_252_2_21 no-card TIMEOUT None 60.019 | TIMEOUT None 60.021 []
OK  TN_252_2_21 card-mto TIMEOUT None 60.013 | TIMEOUT None 60.019 []
OK  TN_252_2_21 card-sinz TIMEOUT None 60.01 | TIMEOUT None 60.017 []
OK  TN_288_2_24 default TIMEOUT None 60.019 | TIMEOUT None 60.026 []
OK  TN_288_2_24 no-card TIMEOUT None 60.008 | TIMEOUT None 60.012 []
OK  TN_288_2_24 card-mto TIMEOUT None 60.016 | TIMEOUT None 60.008 []
OK  TN_288_2_24 card-sinz TIMEOUT None 60.015 | TIMEOUT None 60.017 []
OK  TN_324_4_25 default TIMEOUT None 60.018 | TIMEOUT None 60.013 []
OK  TN_324_4_25 no-card TIMEOUT None 60.016 | TIMEOUT None 60.015 []
OK  TN_324_4_25 card-mto TIMEOUT None 60.019 | TIMEOUT None 60.014 []
OK  TN_324_4_25 card-sinz TIMEOUT None 60.02 | TIMEOUT None 60.022 []
OK  TN_360_4_24 default TIMEOUT None 60.013 | TIMEOUT None 60.013 []
OK  TN_36_8_3 default done 3 0.019 | done 3 0.018 []
OK  TN_36_8_3 no-card done 3 0.015 | done 3 0.018 []
OK  TN_36_8_3 card-mto done 3 0.018 | done 3 0.018 []
OK  TN_36_8_3 card-sinz done 3 0.018 | done 3 0.018 []
OK  TN_36_8_4 default done 4 0.018 | done 4 0.018 []
OK  TN_36_8_4 no-card done 4 0.018 | done 4 0.018 []
OK  TN_36_8_4 card-mto done 4 0.018 | done 4 0.017 []
OK  TN_36_8_4 card-sinz done 4 0.018 | done 4 0.018 []
OK  TN_360_4_24 no-card TIMEOUT None 60.008 | TIMEOUT None 60.006 []
OK  TN_360_4_24 card-mto TIMEOUT None 60.017 | TIMEOUT None 60.016 []
OK  TN_360_4_24 card-sinz TIMEOUT None 60.01 | TIMEOUT None 60.017 []
OK  TN_396_4_26 default TIMEOUT None 60.005 | TIMEOUT None 60.015 []
OK  TN_396_4_26 no-card TIMEOUT None 60.007 | TIMEOUT None 60.02 []
OK  TN_396_4_26 card-mto TIMEOUT None 60.013 | TIMEOUT None 60.02 []
OK  TN_396_4_26 card-sinz TIMEOUT None 60.017 | TIMEOUT None 60.027 []
OK  TN_432_8_33 default TIMEOUT None 60.009 | TIMEOUT None 60.019 []
OK  TN_432_8_33 no-card TIMEOUT None 60.026 | TIMEOUT None 60.013 []
OK  TN_432_8_33 card-mto TIMEOUT None 60.007 | TIMEOUT None 60.014 []
OK  TN_432_8_33 card-sinz TIMEOUT None 60.016 | TIMEOUT None 60.01 []
OK  TN_468_4_31 default TIMEOUT None 60.015 | TIMEOUT None 60.01 []
OK  TN_468_4_31 no-card TIMEOUT None 60.009 | TIMEOUT None 60.025 []
OK  TN_468_4_31 card-mto TIMEOUT None 60.021 | TIMEOUT None 60.01 []
OK  TN_468_4_31 card-sinz TIMEOUT None 60.011 | TIMEOUT None 60.018 []
OK  TN_496_2_32 default TIMEOUT None 60.015 | TIMEOUT None 60.01 []
OK  TN_496_2_32 no-card TIMEOUT None 60.017 | TIMEOUT None 60.015 []
OK  TN_496_2_32 card-mto TIMEOUT None 60.016 | TIMEOUT None 60.024 []
OK  TN_496_2_32 card-sinz TIMEOUT None 60.019 | TIMEOUT None 60.01 []
OK  TN_504_2_45 default TIMEOUT None 60.009 | TIMEOUT None 60.03 []
OK  TN_504_2_45 no-card TIMEOUT None 60.026 | TIMEOUT None 60.014 []
OK  TN_504_2_45 card-mto TIMEOUT None 60.009 | TIMEOUT None 60.013 []
OK  TN_504_2_45 card-sinz TIMEOUT None 60.008 | TIMEOUT None 60.012 []
OK  TN_540_4_40 default TIMEOUT None 60.015 | TIMEOUT None 60.016 []
OK  TN_54_11_4 default done 4 0.019 | done 4 0.03 []
OK  TN_54_11_4 no-card done 4 0.018 | done 4 0.018 []
OK  TN_54_11_4 card-mto done 4 0.018 | done 4 0.018 []
OK  TN_54_11_4 card-sinz done 4 0.018 | done 4 0.018 []
OK  TN_540_4_40 no-card TIMEOUT None 60.009 | TIMEOUT None 60.019 []
OK  TN_540_4_40 card-mto TIMEOUT None 60.031 | TIMEOUT None 60.014 []
OK  TN_540_4_40 card-sinz TIMEOUT None 60.007 | TIMEOUT None 60.008 []
OK  TN_576_2_57 default TIMEOUT None 60.021 | TIMEOUT None 60.025 []
OK  TN_576_2_57 no-card TIMEOUT None 60.015 | TIMEOUT None 60.016 []
OK  TN_576_2_57 card-mto TIMEOUT None 60.019 | TIMEOUT None 60.01 []
OK  TN_576_2_57 card-sinz TIMEOUT None 60.015 | TIMEOUT None 60.017 []
OK  TN_576_2_59 default TIMEOUT None 60.015 | TIMEOUT None 60.019 []
OK  TN_576_2_59 no-card TIMEOUT None 60.02 | TIMEOUT None 60.017 []
OK  TN_576_2_59 card-mto TIMEOUT None 60.014 | TIMEOUT None 60.022 []
OK  TN_576_2_59 card-sinz TIMEOUT None 60.018 | TIMEOUT None 60.015 []
OK  TN_612_2_52 default TIMEOUT None 60.017 | TIMEOUT None 60.008 []
OK  TN_612_2_52 no-card TIMEOUT None 60.013 | TIMEOUT None 60.014 []
OK  TN_612_2_52 card-mto TIMEOUT None 60.008 | TIMEOUT None 60.02 []
OK  TN_612_2_52 card-sinz TIMEOUT None 60.009 | TIMEOUT None 60.016 []
OK  TN_648_10_71 default TIMEOUT None 60.015 | TIMEOUT None 60.012 []
OK  TN_648_10_71 no-card TIMEOUT None 60.008 | TIMEOUT None 60.015 []
OK  TN_648_10_71 card-mto TIMEOUT None 60.008 | TIMEOUT None 60.019 []
OK  TN_648_10_71 card-sinz TIMEOUT None 60.016 | TIMEOUT None 60.02 []
OK  TN_648_14_50 default TIMEOUT None 60.012 | TIMEOUT None 60.017 []
OK  TN_648_14_50 no-card TIMEOUT None 60.007 | TIMEOUT None 60.009 []
OK  TN_648_14_50 card-mto TIMEOUT None 60.019 | TIMEOUT None 60.01 []
OK  TN_648_14_50 card-sinz TIMEOUT None 60.006 | TIMEOUT None 60.02 []
OK  TN_684_2_29 default TIMEOUT None 60.017 | TIMEOUT None 60.02 []
OK  TN_72_14_4 default done 4 0.034 | done 4 0.034 []
OK  TN_72_14_4 no-card done 4 0.018 | done 4 0.018 []
OK  TN_72_14_4 card-mto done 4 0.018 | done 4 0.018 []
OK  TN_72_14_4 card-sinz done 4 0.048 | done 4 0.018 []
OK  TN_72_8_8 default done 8 0.6 | done 8 0.422 []
OK  TN_72_8_8 no-card done 8 0.648 | done 8 0.51 []
OK  TN_72_8_8 card-mto done 8 0.751 | done 8 0.655 []
OK  TN_72_8_8 card-sinz done 8 0.642 | done 8 0.637 []
OK  TN_684_2_29 no-card TIMEOUT None 60.009 | TIMEOUT None 60.008 []
OK  TN_684_2_29 card-mto TIMEOUT None 60.026 | TIMEOUT None 60.018 []
OK  TN_684_2_29 card-sinz TIMEOUT None 60.017 | TIMEOUT None 60.02 []
OK  xu_30 default TIMEOUT None 60.017 | TIMEOUT None 60.022 []
OK  xu_30 no-card TIMEOUT None 60.017 | TIMEOUT None 60.01 []
OK  xu_30 card-mto TIMEOUT None 60.02 | TIMEOUT None 60.025 []
OK  xu_30 card-sinz TIMEOUT None 60.022 | TIMEOUT None 60.023 []
OK  xu_42 default TIMEOUT None 60.015 | TIMEOUT None 60.015 []
OK  xu_42 no-card TIMEOUT None 60.016 | TIMEOUT None 60.027 []
OK  xu_42 card-mto TIMEOUT None 60.024 | TIMEOUT None 60.018 []
OK  xu_42 card-sinz TIMEOUT None 60.021 | TIMEOUT None 60.009 []
{"both_done": 58, "only_cand_done": 6, "only_base_done": 0, "problems": 0} ALL_OK
exit=0
