OK  BB_1080_4_54 default TIMEOUT None 60.032 | TIMEOUT None 60.034 []
OK  BB_1080_4_54 no-card TIMEOUT None 60.034 | TIMEOUT None 60.037 []
OK  BB_1080_4_54 card-sinz TIMEOUT None 60.029 | TIMEOUT None 60.042 []
OK  BB_1080_4_54 card-mto TIMEOUT None 60.033 | TIMEOUT None 60.041 []
OK  BB_108_8_10 no-card done 10 4.658 | done 10 0.431 []
OK  BB_108_8_10 default done 10 5.917 | done 10 0.356 []
OK  BB_108_8_10 card-mto done 10 6.111 | done 10 0.346 []
OK  BB_108_8_10 card-sinz done 10 6.752 | done 10 0.401 []
OK  BB_144_12_12 no-card done 12 37.158 | done 12 1.376 []
OK  BB_144_12_12 default done 12 44.746 | done 12 1.265 []
OK  BB_144_12_12 card-mto done 12 45.791 | done 12 1.251 []
OK  BB_144_12_12 card-sinz TIMEOUT None 60.022 | done 12 1.678 []
OK  BB_144_14_14 default TIMEOUT None 60.018 | TIMEOUT None 60.024 []
OK  BB_144_14_14 no-card TIMEOUT None 60.023 | TIMEOUT None 60.021 []
OK  BB_144_14_14 card-mto TIMEOUT None 60.018 | TIMEOUT None 60.015 []
OK  BB_144_14_14 card-sinz TIMEOUT None 60.023 | TIMEOUT None 60.027 []
OK  BB_288_12_unknown default TIMEOUT None 60.017 | TIMEOUT None 60.028 []
OK  BB_288_12_unknown no-card TIMEOUT None 60.021 | TIMEOUT None 60.016 []
OK  BB_288_12_unknown card-mto TIMEOUT None 60.026 | TIMEOUT None 60.021 []
OK  BB_288_12_unknown card-sinz TIMEOUT None 60.025 | TIMEOUT None 60.028 []
OK  BB_360_12_unknown default TIMEOUT None 60.024 | TIMEOUT None 60.027 []
OK  BB_72_12_6 default done 6 0.105 | done 6 0.063 []
OK  BB_72_12_6 no-card done 6 0.102 | done 6 0.058 []
OK  BB_72_12_6 card-mto done 6 0.14 | done 6 0.052 []
OK  BB_72_12_6 card-sinz done 6 0.121 | done 6 0.042 []
OK  BB_360_12_unknown no-card TIMEOUT None 60.023 | TIMEOUT None 60.026 []
OK  BB_360_12_unknown card-mto TIMEOUT None 60.029 | TIMEOUT None 60.021 []
OK  BB_360_12_unknown card-sinz TIMEOUT None 60.027 | TIMEOUT None 60.027 []
OK  BB_756_16_34 default TIMEOUT None 60.029 | TIMEOUT None 60.037 []
OK  BB_756_16_34 no-card TIMEOUT None 60.024 | TIMEOUT None 60.03 []
OK  BB_756_16_34 card-mto TIMEOUT None 60.038 | TIMEOUT None 60.037 []
OK  BB_756_16_34 card-sinz TIMEOUT None 60.027 | TIMEOUT None 60.035 []
OK  BB_864_4_40 default TIMEOUT None 60.038 | TIMEOUT None 60.044 []
OK  BB_90_8_10 default done 10 4.865 | done 10 0.41 []
OK  BB_864_4_40 no-card TIMEOUT None 60.028 | TIMEOUT None 60.029 []
OK  BB_864_4_40 card-mto TIMEOUT None 60.037 | TIMEOUT None 60.038 []
OK  BB_90_8_10 no-card done 10 3.757 | done 10 0.253 []
OK  BB_90_8_10 card-mto done 10 4.508 | done 10 0.25 []
OK  BB_90_8_10 card-sinz done 10 5.196 | done 10 0.339 []
OK  BB_864_4_40 card-sinz TIMEOUT None 60.034 | TIMEOUT None 60.033 []
OK  GB_144_12_12 default TIMEOUT None 60.021 | TIMEOUT None 60.025 []
OK  GB_144_12_12 no-card TIMEOUT None 60.024 | TIMEOUT None 60.025 []
OK  GB_144_12_8 default done 8 2.086 | done 8 0.176 []
OK  GB_144_12_8 no-card done 8 1.656 | done 8 0.184 []
OK  GB_144_12_12 card-mto TIMEOUT None 60.019 | TIMEOUT None 60.022 []
OK  GB_144_12_8 card-mto done 8 2.028 | done 8 0.184 []
OK  LP_136_32_4 default done 4 0.343 | done 4 0.089 []
OK  LP_136_32_4 no-card done 4 0.231 | done 4 0.081 []
OK  LP_136_32_4 card-mto done 4 0.325 | done 4 0.089 []
OK  LP_136_32_4 card-sinz done 4 0.275 | done 4 0.068 []
OK  GB_144_12_8 card-sinz done 8 2.559 | done 8 0.181 []
OK  GB_144_12_12 card-sinz TIMEOUT None 60.029 | TIMEOUT None 60.023 []
OK  LP_1768_224_unknown default TIMEOUT None 60.073 | TIMEOUT None 60.075 []
OK  LP_1768_224_unknown no-card TIMEOUT None 60.055 | TIMEOUT None 60.068 []
OK  LP_1768_224_unknown card-mto TIMEOUT None 60.069 | TIMEOUT None 60.066 []
OK  LP_238_44_6 no-card done 6 3.074 | done 6 0.712 []
OK  LP_238_44_6 default done 6 3.638 | done 6 0.601 []
OK  LP_238_44_6 card-mto done 6 3.652 | done 6 0.629 []
OK  LP_238_44_6 card-sinz done 6 4.293 | done 6 0.721 []
OK  LP_1768_224_unknown card-sinz TIMEOUT None 60.076 | TIMEOUT None 60.08 []
OK  LP_340_56_8 default TIMEOUT None 60.027 | done 8 1.941 []
OK  LP_34_20_2 default done 2 0.019 | done 2 0.02 []
OK  LP_34_20_2 no-card done 2 0.02 | done 2 0.02 []
OK  LP_34_20_2 card-mto done 2 0.019 | done 2 0.019 []
OK  LP_34_20_2 card-sinz done 2 0.02 | done 2 0.019 []
OK  LP_340_56_8 no-card TIMEOUT None 60.022 | done 8 2.037 []
OK  LP_340_56_8 card-mto TIMEOUT None 60.024 | done 8 1.913 []
OK  LP_340_56_8 card-sinz TIMEOUT None 60.024 | done 8 2.812 []
OK  LP_442_68_10 no-card TIMEOUT None 60.024 | done 10 53.838 []
OK  LP_442_68_10 default TIMEOUT None 60.018 | TIMEOUT None 60.03 []
OK  LP_442_68_10 card-mto TIMEOUT None 60.02 | TIMEOUT None 60.023 []
OK  LP_442_68_10 card-sinz TIMEOUT None 60.028 | TIMEOUT None 60.029 []
OK  LP_544_80_12 default TIMEOUT None 60.025 | TIMEOUT None 60.028 []
OK  LP_544_80_12 no-card TIMEOUT None 60.032 | TIMEOUT None 60.033 []
OK  LP_544_80_12 card-mto TIMEOUT None 60.024 | TIMEOUT None 60.029 []
OK  LP_544_80_12 card-sinz TIMEOUT None 60.026 | TIMEOUT None 60.028 []
OK  LP_714_100_unknown default TIMEOUT None 60.027 | TIMEOUT None 60.03 []
OK  LP_714_100_unknown no-card TIMEOUT None 60.031 | TIMEOUT None 60.037 []
OK  LP_714_100_unknown card-mto TIMEOUT None 60.036 | TIMEOUT None 60.029 []
OK  LP_714_100_unknown card-sinz TIMEOUT None 60.036 | TIMEOUT None 60.035 []
OK  PK_31 default TIMEOUT None 60.037 | TIMEOUT None 60.041 []
OK  PK_31 no-card TIMEOUT None 60.046 | TIMEOUT None 60.042 []
OK  PK_31 card-mto TIMEOUT None 60.033 | TIMEOUT None 60.036 []
OK  PK_31 card-sinz TIMEOUT None 60.044 | TIMEOUT None 60.044 []
OK  TN_108_2_12 default TIMEOUT None 60.025 | done 12 27.232 []
OK  TN_108_2_12 no-card done 12 57.716 | done 12 29.115 []
OK  TN_108_2_12 card-mto TIMEOUT None 60.017 | done 12 28.21 []
OK  TN_108_2_12 card-sinz TIMEOUT None 60.017 | done 12 30.284 []
OK  TN_144_2_13 default TIMEOUT None 60.02 | TIMEOUT None 60.018 []
OK  TN_144_2_13 no-card TIMEOUT None 60.017 | TIMEOUT None 60.024 []
OK  TN_144_2_13 card-mto TIMEOUT None 60.021 | TIMEOUT None 60.017 []
OK  TN_144_2_13 card-sinz TIMEOUT None 60.015 | TIMEOUT None 60.024 []
OK  TN_180_2_17 default TIMEOUT None 60.023 | TIMEOUT None 60.016 []
OK  TN_180_2_17 no-card TIMEOUT None 60.024 | TIMEOUT None 60.017 []
OK  TN_180_2_17 card-mto TIMEOUT None 60.017 | TIMEOUT None 60.018 []
OK  TN_180_2_17 card-sinz TIMEOUT None 60.019 | TIMEOUT None 60.023 []
OK  TN_200_10_10 no-card done 10 35.838 | done 10 22.445 []
OK  TN_200_10_10 card-sinz TIMEOUT None 60.027 | done 10 21.825 []
OK  TN_200_10_10 default TIMEOUT None 60.024 | TIMEOUT None 60.022 []
OK  TN_200_10_10 card-mto TIMEOUT None 60.018 | TIMEOUT None 60.016 []
OK  TN_216_4_18 default TIMEOUT None 60.026 | TIMEOUT None 60.025 []
OK  TN_216_4_18 no-card TIMEOUT None 60.025 | TIMEOUT None 60.025 []
OK  TN_216_4_18 card-mto TIMEOUT None 60.023 | TIMEOUT None 60.021 []
OK  TN_216_4_18 card-sinz TIMEOUT None 60.025 | TIMEOUT None 60.018 []
OK  TN_250_10_15 default TIMEOUT None 60.026 | TIMEOUT None 60.022 []
OK  TN_250_10_15 no-card TIMEOUT None 60.023 | TIMEOUT None 60.024 []
OK  TN_250_10_15 card-mto TIMEOUT None 60.017 | TIMEOUT None 60.027 []
OK  TN_250_10_15 card-sinz TIMEOUT None 60.026 | TIMEOUT None 60.027 []
OK  TN_252_2_21 default TIMEOUT None 60.019 | TIMEOUT None 60.026 []
OK  TN_252_2_21 no-card TIMEOUT None 60.027 | TIMEOUT None 60.023 []
OK  TN_252_2_21 card-mto TIMEOUT None 60.022 | TIMEOUT None 60.018 []
OK  TN_252_2_21 card-sinz TIMEOUT None 60.018 | TIMEOUT None 60.026 []
OK  TN_288_2_24 default TIMEOUT None 60.019 | TIMEOUT None 60.02 []
OK  TN_288_2_24 no-card TIMEOUT None 60.02 | TIMEOUT None 60.026 []
OK  TN_288_2_24 card-mto TIMEOUT None 60.022 | TIMEOUT None 60.03 []
OK  TN_288_2_24 card-sinz TIMEOUT None 60.028 | TIMEOUT None 60.016 []
OK  TN_324_4_25 default TIMEOUT None 60.023 | TIMEOUT None 60.026 []
OK  TN_324_4_25 no-card TIMEOUT None 60.024 | TIMEOUT None 60.027 []
OK  TN_324_4_25 card-mto TIMEOUT None 60.027 | TIMEOUT None 60.028 []
OK  TN_324_4_25 card-sinz TIMEOUT None 60.021 | TIMEOUT None 60.023 []
OK  TN_360_4_24 default TIMEOUT None 60.028 | TIMEOUT None 60.019 []
OK  TN_36_8_3 default done 3 0.032 | done 3 0.031 []
OK  TN_36_8_3 no-card done 3 0.03 | done 3 0.03 []
OK  TN_36_8_3 card-mto done 3 0.02 | done 3 0.03 []
OK  TN_36_8_3 card-sinz done 3 0.02 | done 3 0.019 []
OK  TN_36_8_4 default done 4 0.03 | done 4 0.028 []
OK  TN_36_8_4 no-card done 4 0.047 | done 4 0.038 []
OK  TN_36_8_4 card-mto done 4 0.069 | done 4 0.041 []
OK  TN_36_8_4 card-sinz done 4 0.047 | done 4 0.03 []
OK  TN_360_4_24 no-card TIMEOUT None 60.022 | TIMEOUT None 60.024 []
OK  TN_360_4_24 card-mto TIMEOUT None 60.024 | TIMEOUT None 60.024 []
OK  TN_360_4_24 card-sinz TIMEOUT None 60.024 | TIMEOUT None 60.02 []
OK  TN_396_4_26 default TIMEOUT None 60.024 | TIMEOUT None 60.018 []
OK  TN_396_4_26 no-card TIMEOUT None 60.024 | TIMEOUT None 60.021 []
OK  TN_396_4_26 card-mto TIMEOUT None 60.03 | TIMEOUT None 60.026 []
OK  TN_396_4_26 card-sinz TIMEOUT None 60.022 | TIMEOUT None 60.021 []
OK  TN_432_8_33 default TIMEOUT None 60.027 | TIMEOUT None 60.029 []
OK  TN_432_8_33 no-card TIMEOUT None 60.027 | TIMEOUT None 60.023 []
OK  TN_432_8_33 card-mto TIMEOUT None 60.026 | TIMEOUT None 60.021 []
OK  TN_432_8_33 card-sinz TIMEOUT None 60.028 | TIMEOUT None 60.027 []
OK  TN_468_4_31 default TIMEOUT None 60.028 | TIMEOUT None 60.026 []
OK  TN_468_4_31 no-card TIMEOUT None 60.027 | TIMEOUT None 60.028 []
OK  TN_468_4_31 card-mto TIMEOUT None 60.022 | TIMEOUT None 60.026 []
OK  TN_468_4_31 card-sinz TIMEOUT None 60.023 | TIMEOUT None 60.026 []
OK  TN_496_2_32 default TIMEOUT None 60.028 | TIMEOUT None 60.03 []
OK  TN_496_2_32 no-card TIMEOUT None 60.031 | TIMEOUT None 60.029 []
OK  TN_496_2_32 card-mto TIMEOUT None 60.025 | TIMEOUT None 60.026 []
OK  TN_496_2_32 card-sinz TIMEOUT None 60.024 | TIMEOUT None 60.023 []
OK  TN_504_2_45 default TIMEOUT None 60.026 | TIMEOUT None 60.022 []
OK  TN_504_2_45 no-card TIMEOUT None 60.024 | TIMEOUT None 60.024 []
OK  TN_504_2_45 card-mto TIMEOUT None 60.027 | TIMEOUT None 60.021 []
OK  TN_504_2_45 card-sinz TIMEOUT None 60.031 | TIMEOUT None 60.038 []
OK  TN_540_4_40 default TIMEOUT None 60.028 | TIMEOUT None 60.021 []
OK  TN_54_11_4 default done 4 0.05 | done 4 0.028 []
OK  TN_54_11_4 no-card done 4 0.027 | done 4 0.036 []
OK  TN_54_11_4 card-mto done 4 0.029 | done 4 0.047 []
OK  TN_54_11_4 card-sinz done 4 0.049 | done 4 0.039 []
OK  TN_540_4_40 no-card TIMEOUT None 60.026 | TIMEOUT None 60.025 []
OK  TN_540_4_40 card-mto TIMEOUT None 60.022 | TIMEOUT None 60.027 []
OK  TN_540_4_40 card-sinz TIMEOUT None 60.026 | TIMEOUT None 60.032 []
OK  TN_576_2_57 default TIMEOUT None 60.028 | TIMEOUT None 60.026 []
OK  TN_576_2_57 no-card TIMEOUT None 60.029 | TIMEOUT None 60.028 []
OK  TN_576_2_57 card-mto TIMEOUT None 60.028 | TIMEOUT None 60.03 []
OK  TN_576_2_57 card-sinz TIMEOUT None 60.023 | TIMEOUT None 60.025 []
OK  TN_576_2_59 default TIMEOUT None 60.029 | TIMEOUT None 60.03 []
OK  TN_576_2_59 no-card TIMEOUT None 60.035 | TIMEOUT None 60.024 []
OK  TN_576_2_59 card-mto TIMEOUT None 60.033 | TIMEOUT None 60.027 []
OK  TN_576_2_59 card-sinz TIMEOUT None 60.021 | TIMEOUT None 60.024 []
OK  TN_612_2_52 default TIMEOUT None 60.023 | TIMEOUT None 60.033 []
OK  TN_612_2_52 no-card TIMEOUT None 60.03 | TIMEOUT None 60.034 []
OK  TN_612_2_52 card-mto TIMEOUT None 60.034 | TIMEOUT None 60.028 []
OK  TN_612_2_52 card-sinz TIMEOUT None 60.031 | TIMEOUT None 60.026 []
OK  TN_648_10_71 default TIMEOUT None 60.031 | TIMEOUT None 60.031 []
OK  TN_648_10_71 no-card TIMEOUT None 60.028 | TIMEOUT None 60.027 []
OK  TN_648_10_71 card-mto TIMEOUT None 60.025 | TIMEOUT None 60.024 []
OK  TN_648_10_71 card-sinz TIMEOUT None 60.029 | TIMEOUT None 60.03 []
OK  TN_648_14_50 default TIMEOUT None 60.027 | TIMEOUT None 60.036 []
OK  TN_648_14_50 no-card TIMEOUT None 60.029 | TIMEOUT None 60.025 []
OK  TN_648_14_50 card-mto TIMEOUT None 60.03 | TIMEOUT None 60.032 []
OK  TN_648_14_50 card-sinz TIMEOUT None 60.022 | TIMEOUT None 60.034 []
OK  TN_684_2_29 default TIMEOUT None 60.027 | TIMEOUT None 60.036 []
OK  TN_72_14_4 default done 4 0.073 | done 4 0.051 []
OK  TN_72_14_4 no-card done 4 0.059 | done 4 0.029 []
OK  TN_72_14_4 card-mto done 4 0.039 | done 4 0.049 []
OK  TN_72_14_4 card-sinz done 4 0.08 | done 4 0.037 []
OK  TN_72_8_8 default done 8 1.546 | done 8 0.375 []
OK  TN_72_8_8 no-card done 8 1.294 | done 8 0.365 []
OK  TN_72_8_8 card-mto done 8 1.294 | done 8 0.301 []
OK  TN_72_8_8 card-sinz done 8 1.042 | done 8 0.391 []
OK  TN_684_2_29 no-card TIMEOUT None 60.033 | TIMEOUT None 60.035 []
OK  TN_684_2_29 card-mto TIMEOUT None 60.024 | TIMEOUT None 60.031 []
OK  TN_684_2_29 card-sinz TIMEOUT None 60.032 | TIMEOUT None 60.026 []
OK  xu_30 default TIMEOUT None 60.037 | TIMEOUT None 60.046 []
OK  xu_30 no-card TIMEOUT None 60.047 | TIMEOUT None 60.051 []
OK  xu_30 card-mto TIMEOUT None 60.045 | TIMEOUT None 60.04 []
OK  xu_30 card-sinz TIMEOUT None 60.047 | TIMEOUT None 60.046 []
OK  xu_42 default TIMEOUT None 60.047 | TIMEOUT None 60.034 []
OK  xu_42 no-card TIMEOUT None 60.041 | TIMEOUT None 60.055 []
OK  xu_42 card-mto TIMEOUT None 60.057 | TIMEOUT None 60.05 []
OK  xu_42 card-sinz TIMEOUT None 60.05 | TIMEOUT None 60.041 []
{"both_done": 53, "only_cand_done": 10, "only_base_done": 0, "problems": 0} ALL_OK
