c DistQLDPC — QLDPC/CSS minimum distance (symplectic MaxSAT)
c solver: MaxCDCL, cardinality encoding: off (soft-conflict only)
c Hx: data/matrices/GB_144_12_12_Hx.txt
c Hz: data/matrices/GB_144_12_12_Hz.txt
c Gx: data/matrices/GB_144_12_12_Gx.txt
c Gz: data/matrices/GB_144_12_12_Gz.txt
c Hx: 66 x 144, Hz: 66 x 144, Gx: 12 x 144, Gz: 12 x 144, logicals: 24
c symbreak X: n=144 candidates=86 verified_generators=11 orbits=2 detect_cpu=0.001s clause=orbit-chain
c symbreak X: generator: plain blockshift L=72
c symbreak X: generator: plain 2dshift-a L=72 (2x36)
c symbreak X: generator: plain 2dshift-a L=72 (3x24)
c symbreak X: generator: plain 2dshift-a L=72 (4x18)
c symbreak X: generator: plain 2dshift-a L=72 (6x12)
c symbreak X: generator: plain 2dshift-a L=72 (8x9)
c symbreak X: generator: plain 2dshift-a L=72 (9x8)
c symbreak X: generator: plain 2dshift-a L=72 (12x6)
c symbreak X: generator: plain 2dshift-a L=72 (18x4)
c symbreak X: generator: plain 2dshift-a L=72 (24x3)
c symbreak X: generator: plain 2dshift-a L=72 (36x2)
c symbreak X: orbit reps (size): 0(72) 72(72)
c symbreak Z: n=144 candidates=86 verified_generators=11 orbits=2 detect_cpu=0.001s clause=orbit-chain
c symbreak Z: generator: plain blockshift L=72
c symbreak Z: generator: plain 2dshift-a L=72 (2x36)
c symbreak Z: generator: plain 2dshift-a L=72 (3x24)
c symbreak Z: generator: plain 2dshift-a L=72 (4x18)
c symbreak Z: generator: plain 2dshift-a L=72 (6x12)
c symbreak Z: generator: plain 2dshift-a L=72 (8x9)
c symbreak Z: generator: plain 2dshift-a L=72 (9x8)
c symbreak Z: generator: plain 2dshift-a L=72 (12x6)
c symbreak Z: generator: plain 2dshift-a L=72 (18x4)
c symbreak Z: generator: plain 2dshift-a L=72 (24x3)
c symbreak Z: generator: plain 2dshift-a L=72 (36x2)
c symbreak Z: orbit reps (size): 0(72) 72(72)
c Mono: 0, fixed: 0
c |  Eliminated clauses:           0.02 Mb                                      |
c Reduced to 554 vars, 3114 cls (c/v ratio==5.6, grow=0)
c No iterative elimination performed. (vars=554, c/v ratio=5.6)
c ============================[ Search Statistics ]==============================
c | Conflicts |          ORIGINAL         |          LEARNT          | Progress |
c |           |    Vars  Clauses Literals |    Limit  Clauses Lit/Cl |          |
c ===============================================================================
c nb soft clauses: 144, of which 144 unit, 0 nonUnit and 0 empty
c total nb of literals: 11527
c conflLits 2, conflLits2 0, nbFailedLits 0, fixedVarsBypreproc 0, totalFixedVars 78
c init nbIsets: 2
c nbIsets after pass 1: 1
c isets 1, derivedCost 1
c 1 conflict sets found with length 64
c fixedCost 0, nbSatLits 0, totalFixedVars 78, objForSearch: 143

c provided UB: 1
c INSTR bin 0 long 0 blockerTrue 0 inspected learnt 0 orig3 0 origOther 0 | blkTrue by type: learnt 0 orig3 0 origOther 0 (avg size 0.0)
c ends of initiationization by VSIDS at 0 conflicts with init 10000

c UB=1 fails, cnfls=0, hcnfls=0, core 0, tier2 0, local 0, quasiC: 0 (fixed: 0)
c prunedLB 0.00, dev 0.00, succRate 0.00, nbSucc 0, nbHardens 1 (fixed 143), lk: 1, shorten: 0, pureSo 0, nbFlyRd 0, nbFixedLH 0
c ===============================================================================
c no feasible solution, hardConflicts: 0
c nbLK: 1, nbSuccLK: 0(0.00%), nbLKup: 424(239.55%), hardens 1 (fixed 143), dynVars 0, shorten: 0
c CSS interleave: X half cap 1 lb 1 feasibility -> NONE 0
c Mono: 0, fixed: 0
c |  Eliminated clauses:           0.02 Mb                                      |
c Reduced to 561 vars, 3167 cls (c/v ratio==5.6, grow=0)
c No iterative elimination performed. (vars=561, c/v ratio=5.6)
c ============================[ Search Statistics ]==============================
c | Conflicts |          ORIGINAL         |          LEARNT          | Progress |
c |           |    Vars  Clauses Literals |    Limit  Clauses Lit/Cl |          |
c ===============================================================================
c nb soft clauses: 144, of which 144 unit, 0 nonUnit and 0 empty
c total nb of literals: 11742
c conflLits 2, conflLits2 0, nbFailedLits 0, fixedVarsBypreproc 0, totalFixedVars 78
c init nbIsets: 2
c nbIsets after pass 1: 1
c isets 1, derivedCost 1
c 1 conflict sets found with length 78
c fixedCost 0, nbSatLits 0, totalFixedVars 78, objForSearch: 143

c provided UB: 1
c INSTR bin 0 long 0 blockerTrue 0 inspected learnt 0 orig3 0 origOther 0 | blkTrue by type: learnt 0 orig3 0 origOther 0 (avg size 0.0)
c ends of initiationization by VSIDS at 0 conflicts with init 10000

c UB=1 fails, cnfls=0, hcnfls=0, core 0, tier2 0, local 0, quasiC: 0 (fixed: 0)
c prunedLB 0.00, dev 0.00, succRate 0.00, nbSucc 0, nbHardens 1 (fixed 143), lk: 1, shorten: 0, pureSo 0, nbFlyRd 0, nbFixedLH 0
c ===============================================================================
c no feasible solution, hardConflicts: 0
c nbLK: 1, nbSuccLK: 0(0.00%), nbLKup: 488(282.08%), hardens 1 (fixed 143), dynVars 0, shorten: 0
c CSS interleave: Z half cap 1 lb 1 feasibility -> NONE 0
c Mono: 0, fixed: 0
c |  Eliminated clauses:           0.02 Mb                                      |
c Reduced to 554 vars, 3114 cls (c/v ratio==5.6, grow=0)
c No iterative elimination performed. (vars=554, c/v ratio=5.6)
c ============================[ Search Statistics ]==============================
c | Conflicts |          ORIGINAL         |          LEARNT          | Progress |
c |           |    Vars  Clauses Literals |    Limit  Clauses Lit/Cl |          |
c ===============================================================================
c nb soft clauses: 144, of which 144 unit, 0 nonUnit and 0 empty
c total nb of literals: 11527
c conflLits 2, conflLits2 0, nbFailedLits 0, fixedVarsBypreproc 0, totalFixedVars 78
c init nbIsets: 2
c nbIsets after pass 1: 1
c isets 1, derivedCost 1
c 1 conflict sets found with length 64
c fixedCost 0, nbSatLits 0, totalFixedVars 78, objForSearch: 143

c provided UB: 2
c provided LB: 2 (search units 1)
c INSTR bin 86 long 1998 blockerTrue 787 inspected learnt 0 orig3 380 origOther 831 | blkTrue by type: learnt 0 orig3 296 origOther 491 (avg size 4.0)

c Cardinality: off (soft-conflict only), UB 2
c ***** top quasi confl at level 0*****
c ends of initiationization by VSIDS at 41 conflicts with init 9959

c UB=2 fails, cnfls=41, hcnfls=28, core 116, tier2 8, local 7, quasiC: 1 (fixed: 53)
c prunedLB 0.00, dev 0.00, succRate 0.00, nbSucc 0, nbHardens 10 (fixed 660), lk: 2, shorten: 0, pureSo 13, nbFlyRd 7, nbFixedLH 0
c ===============================================================================
c no feasible solution, hardConflicts: 28
c nbLK: 2, nbSuccLK: 0(0.00%), nbLKup: 856(41.51%), hardens 10 (fixed 660), dynVars 0, shorten: 0
c CSS interleave: X half cap 2 lb 2 feasibility -> NONE 0
c Mono: 0, fixed: 0
c |  Eliminated clauses:           0.02 Mb                                      |
c Reduced to 561 vars, 3167 cls (c/v ratio==5.6, grow=0)
c No iterative elimination performed. (vars=561, c/v ratio=5.6)
c ============================[ Search Statistics ]==============================
c | Conflicts |          ORIGINAL         |          LEARNT          | Progress |
c |           |    Vars  Clauses Literals |    Limit  Clauses Lit/Cl |          |
c ===============================================================================
c nb soft clauses: 144, of which 144 unit, 0 nonUnit and 0 empty
c total nb of literals: 11742
c conflLits 2, conflLits2 0, nbFailedLits 0, fixedVarsBypreproc 0, totalFixedVars 78
c init nbIsets: 2
c nbIsets after pass 1: 1
c isets 1, derivedCost 1
c 1 conflict sets found with length 78
c fixedCost 0, nbSatLits 0, totalFixedVars 78, objForSearch: 143

c provided UB: 2
c provided LB: 2 (search units 1)
c INSTR bin 169 long 4117 blockerTrue 1577 inspected learnt 0 orig3 764 origOther 1776 | blkTrue by type: learnt 0 orig3 589 origOther 988 (avg size 4.0)

c Cardinality: off (soft-conflict only), UB 2
c ***** top quasi confl at level 0*****
c ends of initiationization by VSIDS at 6 conflicts with init 9994

c UB=2 fails, cnfls=6, hcnfls=6, core 17, tier2 0, local 0, quasiC: 1 (fixed: 51)
c prunedLB 0.00, dev 0.00, succRate 0.00, nbSucc 0, nbHardens 4 (fixed 328), lk: 2, shorten: 0, pureSo 0, nbFlyRd 4, nbFixedLH 0
c ===============================================================================
c no feasible solution, hardConflicts: 6
c nbLK: 2, nbSuccLK: 0(0.00%), nbLKup: 925(121.07%), hardens 4 (fixed 328), dynVars 0, shorten: 0
c CSS interleave: Z half cap 2 lb 2 feasibility -> NONE 0
c Mono: 0, fixed: 0
c |  Eliminated clauses:           0.02 Mb                                      |
c Reduced to 554 vars, 3114 cls (c/v ratio==5.6, grow=0)
c No iterative elimination performed. (vars=554, c/v ratio=5.6)
c ============================[ Search Statistics ]==============================
c | Conflicts |          ORIGINAL         |          LEARNT          | Progress |
c |           |    Vars  Clauses Literals |    Limit  Clauses Lit/Cl |          |
c ===============================================================================
c nb soft clauses: 144, of which 144 unit, 0 nonUnit and 0 empty
c total nb of literals: 11527
c conflLits 2, conflLits2 0, nbFailedLits 0, fixedVarsBypreproc 0, totalFixedVars 78
c init nbIsets: 2
c nbIsets after pass 1: 1
c isets 1, derivedCost 1
c 1 conflict sets found with length 64
c fixedCost 0, nbSatLits 0, totalFixedVars 78, objForSearch: 143

c provided UB: 4
c provided LB: 3 (search units 2)
c INSTR bin 705 long 47909 blockerTrue 24243 inspected learnt 2282 orig3 8654 origOther 12730 | blkTrue by type: learnt 1818 orig3 10235 origOther 12190 (avg size 4.1)

c Cardinality: off (soft-conflict only), UB 4
c ends of initiationization by VSIDS at 323 conflicts with init 9677

c UB=4 fails, cnfls=323, hcnfls=189, core 115, tier2 18, local 56, quasiC: 0 (fixed: 0)
c prunedLB 2.54, dev 0.50, succRate 0.99, nbSucc 80, nbHardens 123 (fixed 12514), lk: 81, shorten: 0, pureSo 55, nbFlyRd 31, nbFixedLH 0
c ===============================================================================
c no feasible solution, hardConflicts: 189
c nbLK: 81, nbSuccLK: 80(98.77%), nbLKup: 13367(75.61%), hardens 123 (fixed 12514), dynVars 0, shorten: 0
c CSS interleave: X half cap 4 lb 3 feasibility -> NONE 0
c Mono: 0, fixed: 0
c |  Eliminated clauses:           0.02 Mb                                      |
c Reduced to 561 vars, 3167 cls (c/v ratio==5.6, grow=0)
c No iterative elimination performed. (vars=561, c/v ratio=5.6)
c ============================[ Search Statistics ]==============================
c | Conflicts |          ORIGINAL         |          LEARNT          | Progress |
c |           |    Vars  Clauses Literals |    Limit  Clauses Lit/Cl |          |
c ===============================================================================
c nb soft clauses: 144, of which 144 unit, 0 nonUnit and 0 empty
c total nb of literals: 11742
c conflLits 2, conflLits2 0, nbFailedLits 0, fixedVarsBypreproc 0, totalFixedVars 78
c init nbIsets: 2
c nbIsets after pass 1: 1
c isets 1, derivedCost 1
c 1 conflict sets found with length 78
c fixedCost 0, nbSatLits 0, totalFixedVars 78, objForSearch: 143

c provided UB: 4
c provided LB: 3 (search units 2)
c INSTR bin 1024 long 87006 blockerTrue 45513 inspected learnt 3969 orig3 15608 origOther 21916 | blkTrue by type: learnt 4674 orig3 18271 origOther 22568 (avg size 4.1)

c Cardinality: off (soft-conflict only), UB 4
c ends of initiationization by VSIDS at 344 conflicts with init 9656

c UB=4 fails, cnfls=344, hcnfls=208, core 634, tier2 47, local 105, quasiC: 0 (fixed: 0)
c prunedLB 2.25, dev 0.43, succRate 0.99, nbSucc 83, nbHardens 197 (fixed 18101), lk: 84, shorten: 0, pureSo 54, nbFlyRd 23, nbFixedLH 0
c ===============================================================================
c no feasible solution, hardConflicts: 208
c nbLK: 84, nbSuccLK: 83(98.81%), nbLKup: 12026(68.86%), hardens 197 (fixed 18101), dynVars 0, shorten: 0
c CSS interleave: Z half cap 4 lb 3 feasibility -> NONE 0
c Mono: 0, fixed: 0
c |  Eliminated clauses:           0.02 Mb                                      |
c Reduced to 554 vars, 3114 cls (c/v ratio==5.6, grow=0)
c No iterative elimination performed. (vars=554, c/v ratio=5.6)
c ============================[ Search Statistics ]==============================
c | Conflicts |          ORIGINAL         |          LEARNT          | Progress |
c |           |    Vars  Clauses Literals |    Limit  Clauses Lit/Cl |          |
c ===============================================================================
c nb soft clauses: 144, of which 144 unit, 0 nonUnit and 0 empty
c total nb of literals: 11527
c conflLits 2, conflLits2 0, nbFailedLits 0, fixedVarsBypreproc 0, totalFixedVars 78
c init nbIsets: 2
c nbIsets after pass 1: 1
c isets 1, derivedCost 1
c 1 conflict sets found with length 64
c fixedCost 0, nbSatLits 0, totalFixedVars 78, objForSearch: 143

c provided UB: 8
c provided LB: 5 (search units 4)
c INSTR bin 26670 long 3177046 blockerTrue 1919595 inspected learnt 302576 orig3 385439 origOther 569436 | blkTrue by type: learnt 708033 orig3 485168 origOther 726394 (avg size 4.1)

c Cardinality: off (soft-conflict only), UB 8
c nbFailedLits 0, nbI 0, fixedVarsByFL 0, totalFixedVars 81, nbTested: 551, counter 14457
c ***** top quasi confl at level 0*****
c ends of initiationization by VSIDS at 1867 conflicts with init 8133

c UB=8 fails, cnfls=1867, hcnfls=259, core 1319, tier2 216, local 697, quasiC: 178 (fixed: 6454)
c prunedLB 5.04, dev 1.20, succRate 0.81, nbSucc 1476, nbHardens 128 (fixed 12948), lk: 1827, shorten: 0, pureSo 133, nbFlyRd 52, nbFixedLH 15
c ===============================================================================
c no feasible solution, hardConflicts: 259
c nbLK: 1827, nbSuccLK: 1476(80.79%), nbLKup: 582894(1479.80%), hardens 128 (fixed 12948), dynVars 0, shorten: 0
c CSS interleave: X half cap 8 lb 5 feasibility -> NONE 0
c Mono: 0, fixed: 0
c |  Eliminated clauses:           0.02 Mb                                      |
c Reduced to 561 vars, 3167 cls (c/v ratio==5.6, grow=0)
c No iterative elimination performed. (vars=561, c/v ratio=5.6)
c ============================[ Search Statistics ]==============================
c | Conflicts |          ORIGINAL         |          LEARNT          | Progress |
c |           |    Vars  Clauses Literals |    Limit  Clauses Lit/Cl |          |
c ===============================================================================
c nb soft clauses: 144, of which 144 unit, 0 nonUnit and 0 empty
c total nb of literals: 11742
c conflLits 2, conflLits2 0, nbFailedLits 0, fixedVarsBypreproc 0, totalFixedVars 78
c init nbIsets: 2
c nbIsets after pass 1: 1
c isets 1, derivedCost 1
c 1 conflict sets found with length 78
c fixedCost 0, nbSatLits 0, totalFixedVars 78, objForSearch: 143

c provided UB: 8
c provided LB: 5 (search units 4)
c INSTR bin 78766 long 7118282 blockerTrue 4294601 inspected learnt 753227 orig3 834713 origOther 1235741 | blkTrue by type: learnt 1760617 orig3 1028276 origOther 1505708 (avg size 4.2)

c Cardinality: off (soft-conflict only), UB 8
c nbFailedLits 0, nbI 0, fixedVarsByFL 0, totalFixedVars 80, nbTested: 559, counter 10431
c ends of initiationization by VSIDS at 2227 conflicts with init 7773

c UB=8 fails, cnfls=2227, hcnfls=187, core 584, tier2 139, local 767, quasiC: 202 (fixed: 7638)
c prunedLB 5.38, dev 0.94, succRate 0.84, nbSucc 1909, nbHardens 124 (fixed 14019), lk: 2265, shorten: 0, pureSo 132, nbFlyRd 48, nbFixedLH 17
c ===============================================================================
c no feasible solution, hardConflicts: 187
c nbLK: 2265, nbSuccLK: 1909(84.28%), nbLKup: 704687(1919.76%), hardens 124 (fixed 14019), dynVars 0, shorten: 0
c CSS interleave: Z half cap 8 lb 5 feasibility -> NONE 0
c Mono: 0, fixed: 0
c |  Eliminated clauses:           0.02 Mb                                      |
c Reduced to 554 vars, 3114 cls (c/v ratio==5.6, grow=0)
c No iterative elimination performed. (vars=554, c/v ratio=5.6)
c ============================[ Search Statistics ]==============================
c | Conflicts |          ORIGINAL         |          LEARNT          | Progress |
c |           |    Vars  Clauses Literals |    Limit  Clauses Lit/Cl |          |
c ===============================================================================
c nb soft clauses: 144, of which 144 unit, 0 nonUnit and 0 empty
c total nb of literals: 11527
c conflLits 2, conflLits2 0, nbFailedLits 0, fixedVarsBypreproc 0, totalFixedVars 78
c init nbIsets: 2
c nbIsets after pass 1: 1
c isets 1, derivedCost 1
c 1 conflict sets found with length 64
c fixedCost 0, nbSatLits 0, totalFixedVars 78, objForSearch: 143

c provided UB: 16
c provided LB: 9 (search units 8)

c Cardinality: off (soft-conflict only), UB 16
c nbFailedLits 0, nbI 0, fixedVarsByFL 0, totalFixedVars 79, nbTested: 553, counter 21590
c nbFailedLits 0, nbI 0, fixedVarsByFL 0, totalFixedVars 79, nbTested: 553, counter 70308
c nbFailedLits 0, nbI 0, fixedVarsByFL 0, totalFixedVars 79, nbTested: 553, counter 135973
c ends of initiationization by VSIDS at 10001 conflicts with init -1

c INSTR bin 3086710 long 4449005642 blockerTrue 4259366084 inspected learnt 66394367 orig3 50954517 origOther 72290674 | blkTrue by type: learnt 4084979143 orig3 65683881 origOther 108703060 (avg size 4.2)
c nbFailedLits 0, nbI 0, fixedVarsByFL 0, totalFixedVars 79, nbTested: 553, counter 258085
c nbFailedLits 0, nbI 0, fixedVarsByFL 0, totalFixedVars 79, nbTested: 553, counter 416053
c nbFailedLits 0, nbI 0, fixedVarsByFL 0, totalFixedVars 79, nbTested: 553, counter 578475
c nbFailedLits 0, nbI 0, fixedVarsByFL 0, totalFixedVars 79, nbTested: 553, counter 788511
c nbFailedLits 0, nbI 0, fixedVarsByFL 0, totalFixedVars 79, nbTested: 553, counter 1030130
c nbFailedLits 0, nbI 0, fixedVarsByFL 0, totalFixedVars 79, nbTested: 553, counter 1311039
c nbFailedLits 0, nbI 0, fixedVarsByFL 0, totalFixedVars 79, nbTested: 553, counter 1628272
c nbFailedLits 0, nbI 0, fixedVarsByFL 0, totalFixedVars 79, nbTested: 553, counter 1966204
c nbFailedLits 0, nbI 0, fixedVarsByFL 0, totalFixedVars 79, nbTested: 553, counter 2348011
c UB=16 succs, confls=161329, hconfls=1678, core 4814, tier2 5450, local 25276,  15 soft cls unsat (0 at L0), 79 fixed vars at L0, softCnfl 245, nbFlyRd 500, nbFixedLH 954
c nbHardens 157 (fixed 952352), shorten: 0, prunedLB 7.97, dev 1.31, succRate 0.73, nbSucc 159406, lk: 219667, shorten: 0, quasiC: 32940 (fixed: 946739)

c LRB phase 1: conflicts 151328, phase 20000000, starts 396, UP 3303067
c UB=15 succ, confls=161329 and hconfls=1678 with 15 soft clauses unsat (0 at level 0) and 79 fixed vars at level 0,  prunedLB 0.00, dev 0.00, succRate 0.00, nbSucc 159406, shortened : 0
c ===============================================================================
c initCost: 0, fixedBySearch: 0, optimal: 16, maxsat: 128, hardConflicts: 1678
c nbLK: 219667, nbSuccLK: 159406(72.57%), nbLKup: 76574471(2181.80%), hardens 157 (fixed 952352), dynVars 0, shorten: 0
c CSS interleave: X half cap 16 lb 9 feasibility -> FOUND 16
c Mono: 0, fixed: 0
c |  Eliminated clauses:           0.02 Mb                                      |
c Reduced to 561 vars, 3167 cls (c/v ratio==5.6, grow=0)
c No iterative elimination performed. (vars=561, c/v ratio=5.6)
c ============================[ Search Statistics ]==============================
c | Conflicts |          ORIGINAL         |          LEARNT          | Progress |
c |           |    Vars  Clauses Literals |    Limit  Clauses Lit/Cl |          |
c ===============================================================================
c nb soft clauses: 144, of which 144 unit, 0 nonUnit and 0 empty
c total nb of literals: 11742
c conflLits 2, conflLits2 0, nbFailedLits 0, fixedVarsBypreproc 0, totalFixedVars 78
c init nbIsets: 2
c nbIsets after pass 1: 1
c isets 1, derivedCost 1
c 1 conflict sets found with length 78
c fixedCost 0, nbSatLits 0, totalFixedVars 78, objForSearch: 143

c provided UB: 16
c provided LB: 9 (search units 8)

c Cardinality: off (soft-conflict only), UB 16
c nbFailedLits 0, nbI 0, fixedVarsByFL 0, totalFixedVars 79, nbTested: 560, counter 17086
c nbFailedLits 0, nbI 0, fixedVarsByFL 0, totalFixedVars 79, nbTested: 560, counter 57836
c nbFailedLits 0, nbI 0, fixedVarsByFL 0, totalFixedVars 79, nbTested: 560, counter 128739
c ends of initiationization by VSIDS at 10005 conflicts with init -5

c INSTR bin 3569057 long 4956188800 blockerTrue 4729679167 inspected learnt 77405683 orig3 61574377 origOther 87529573 | blkTrue by type: learnt 4521178611 orig3 78819599 origOther 129680957 (avg size 4.3)
c nbFailedLits 0, nbI 0, fixedVarsByFL 0, totalFixedVars 79, nbTested: 560, counter 249508
c nbFailedLits 0, nbI 0, fixedVarsByFL 0, totalFixedVars 79, nbTested: 560, counter 405767
c UB=16 succs, confls=35623, hconfls=624, core 670, tier2 2317, local 16344,  15 soft cls unsat (0 at L0), 79 fixed vars at L0, softCnfl 117, nbFlyRd 272, nbFixedLH 239
c nbHardens 65 (fixed 216232), shorten: 0, prunedLB 8.03, dev 1.40, succRate 0.74, nbSucc 34882, lk: 47271, shorten: 0, quasiC: 6871 (fixed: 213873)

c LRB phase 1: conflicts 25618, phase 20000000, starts 93, UP 558028
c UB=15 succ, confls=35623 and hconfls=624 with 15 soft clauses unsat (0 at level 0) and 79 fixed vars at level 0,  prunedLB 0.00, dev 0.00, succRate 0.00, nbSucc 34882, shortened : 0
c ===============================================================================
c initCost: 0, fixedBySearch: 0, optimal: 16, maxsat: 128, hardConflicts: 624
c nbLK: 47271, nbSuccLK: 34882(73.79%), nbLKup: 16231375(2163.67%), hardens 65 (fixed 216232), dynVars 0, shorten: 0
c CSS interleave: Z half cap 16 lb 9 feasibility -> FOUND 16
c Mono: 0, fixed: 0
c |  Eliminated clauses:           0.02 Mb                                      |
c Reduced to 554 vars, 3114 cls (c/v ratio==5.6, grow=0)
c No iterative elimination performed. (vars=554, c/v ratio=5.6)
c ============================[ Search Statistics ]==============================
c | Conflicts |          ORIGINAL         |          LEARNT          | Progress |
c |           |    Vars  Clauses Literals |    Limit  Clauses Lit/Cl |          |
c ===============================================================================
c nb soft clauses: 144, of which 144 unit, 0 nonUnit and 0 empty
c total nb of literals: 11527
c conflLits 2, conflLits2 0, nbFailedLits 0, fixedVarsBypreproc 0, totalFixedVars 78
c init nbIsets: 2
c nbIsets after pass 1: 1
c isets 1, derivedCost 1
c 1 conflict sets found with length 64
c fixedCost 0, nbSatLits 0, totalFixedVars 78, objForSearch: 143

c provided UB: 15
c provided LB: 9 (search units 8)

c Cardinality: off (soft-conflict only), UB 15
c nbFailedLits 0, nbI 0, fixedVarsByFL 0, totalFixedVars 79, nbTested: 553, counter 29115
c nbFailedLits 0, nbI 0, fixedVarsByFL 0, totalFixedVars 79, nbTested: 553, counter 69911
c nbFailedLits 0, nbI 0, fixedVarsByFL 0, totalFixedVars 79, nbTested: 553, counter 142503
c ends of initiationization by VSIDS at 10004 conflicts with init -4

c INSTR bin 4872444 long 6636999097 blockerTrue 6332539138 inspected learnt 100788879 orig3 83337844 origOther 120333236 | blkTrue by type: learnt 6047697200 orig3 108571141 origOther 176270797 (avg size 4.2)
c nbFailedLits 0, nbI 0, fixedVarsByFL 0, totalFixedVars 79, nbTested: 553, counter 263212
c nbFailedLits 0, nbI 0, fixedVarsByFL 0, totalFixedVars 79, nbTested: 553, counter 423209
c nbFailedLits 0, nbI 0, fixedVarsByFL 0, totalFixedVars 79, nbTested: 553, counter 610823
c nbFailedLits 0, nbI 0, fixedVarsByFL 0, totalFixedVars 79, nbTested: 553, counter 892337
c nbFailedLits 0, nbI 0, fixedVarsByFL 0, totalFixedVars 79, nbTested: 553, counter 1033710
c UB=15 succs, confls=73760, hconfls=1203, core 1677, tier2 1427, local 27316,  14 soft cls unsat (0 at L0), 79 fixed vars at L0, softCnfl 410, nbFlyRd 371, nbFixedLH 481
c nbHardens 144 (fixed 432385), shorten: 0, prunedLB 7.65, dev 1.28, succRate 0.73, nbSucc 72147, lk: 98617, shorten: 0, quasiC: 14332 (fixed: 426951)

c LRB phase 1: conflicts 63756, phase 20000000, starts 190, UP 1421789
c UB=14 succ, confls=73760 and hconfls=1203 with 14 soft clauses unsat (0 at level 0) and 79 fixed vars at level 0,  prunedLB 0.00, dev 0.00, succRate 0.00, nbSucc 72147, shortened : 0
c ===============================================================================
c initCost: 0, fixedBySearch: 0, optimal: 15, maxsat: 129, hardConflicts: 1203
c nbLK: 98617, nbSuccLK: 72147(73.16%), nbLKup: 34445002(2098.67%), hardens 144 (fixed 432385), dynVars 0, shorten: 0
c CSS interleave: X half cap 15 lb 9 feasibility -> FOUND 15
c Mono: 0, fixed: 0
c |  Eliminated clauses:           0.02 Mb                                      |
c Reduced to 561 vars, 3167 cls (c/v ratio==5.6, grow=0)
c No iterative elimination performed. (vars=561, c/v ratio=5.6)
c ============================[ Search Statistics ]==============================
c | Conflicts |          ORIGINAL         |          LEARNT          | Progress |
c |           |    Vars  Clauses Literals |    Limit  Clauses Lit/Cl |          |
c ===============================================================================
c nb soft clauses: 144, of which 144 unit, 0 nonUnit and 0 empty
c total nb of literals: 11742
c conflLits 2, conflLits2 0, nbFailedLits 0, fixedVarsBypreproc 0, totalFixedVars 78
c init nbIsets: 2
c nbIsets after pass 1: 1
c isets 1, derivedCost 1
c 1 conflict sets found with length 78
c fixedCost 0, nbSatLits 0, totalFixedVars 78, objForSearch: 143

c provided UB: 14
c provided LB: 9 (search units 8)

c Cardinality: off (soft-conflict only), UB 14
c nbFailedLits 0, nbI 0, fixedVarsByFL 0, totalFixedVars 79, nbTested: 560, counter 19391
c nbFailedLits 0, nbI 0, fixedVarsByFL 0, totalFixedVars 79, nbTested: 560, counter 66119
c nbFailedLits 0, nbI 0, fixedVarsByFL 0, totalFixedVars 79, nbTested: 560, counter 140986
c ends of initiationization by VSIDS at 10000 conflicts with init 0

c DistQLDPC — QLDPC/CSS minimum distance (symplectic MaxSAT)
c solver: MaxCDCL, cardinality encoding: off (soft-conflict only)
c Hx: data/matrices/GB_144_12_12_Hx.txt
c Hz: data/matrices/GB_144_12_12_Hz.txt
c Gx: data/matrices/GB_144_12_12_Gx.txt
c Gz: data/matrices/GB_144_12_12_Gz.txt
c Hx: 66 x 144, Hz: 66 x 144, Gx: 12 x 144, Gz: 12 x 144, logicals: 24
c d_lb: 9
c d_ub: 15
c status: TIMEOUT (child killed after -cpu-lim)
c d  : UNKNOWN
s UNKNOWN
