c DistQLDPC — QLDPC/CSS minimum distance (symplectic MaxSAT)
c solver: MaxCDCL, cardinality encoding: off (soft-conflict only)
c Hx: data/matrices/TN_144_2_13_Hx.txt
c Hz: data/matrices/TN_144_2_13_Hz.txt
c Gx: data/matrices/TN_144_2_13_Gx.txt
c Gz: data/matrices/TN_144_2_13_Gz.txt
c Hx: 72 x 144, Hz: 72 x 144, Gx: 2 x 144, Gz: 2 x 144, logicals: 4
c symbreak X: n=144 candidates=86 verified_generators=2 orbits=36 detect_cpu=0.000s clause=orbit-chain
c symbreak X: generator: plain blockshift L=4
c symbreak X: generator: plain 2dshift-a L=4 (2x2)
c symbreak X: orbit reps (size): 0(4) 4(4) 8(4) 12(4) 16(4) 20(4) 24(4) 28(4) 32(4) 36(4) 40(4) 44(4) 48(4) 52(4) 56(4) 60(4) 64(4) 68(4) 72(4) 76(4) 80(4) 84(4) 88(4) 92(4) 96(4) 100(4) 104(4) 108(4) 112(4) 116(4) 120(4) 124(4) 128(4) 132(4) 136(4) 140(4)
c symbreak Z: n=144 candidates=86 verified_generators=2 orbits=36 detect_cpu=0.000s clause=orbit-chain
c symbreak Z: generator: plain blockshift L=4
c symbreak Z: generator: plain 2dshift-a L=4 (2x2)
c symbreak Z: orbit reps (size): 0(4) 4(4) 8(4) 12(4) 16(4) 20(4) 24(4) 28(4) 32(4) 36(4) 40(4) 44(4) 48(4) 52(4) 56(4) 60(4) 64(4) 68(4) 72(4) 76(4) 80(4) 84(4) 88(4) 92(4) 96(4) 100(4) 104(4) 108(4) 112(4) 116(4) 120(4) 124(4) 128(4) 132(4) 136(4) 140(4)
c Mono: 0, fixed: 0
c |  Eliminated clauses:           0.02 Mb                                      |
c Reduced to 442 vars, 2454 cls (c/v ratio==5.6, grow=0)
c No iterative elimination performed. (vars=442, c/v ratio=5.6)
c ============================[ Search Statistics ]==============================
c | Conflicts |          ORIGINAL         |          LEARNT          | Progress |
c |           |    Vars  Clauses Literals |    Limit  Clauses Lit/Cl |          |
c ===============================================================================
c nb soft clauses: 144, of which 144 unit, 0 nonUnit and 0 empty
c total nb of literals: 8816
c conflLits 0, conflLits2 0, nbFailedLits 0, fixedVarsBypreproc 0, totalFixedVars 78
c 1 conflict sets found with length 15
c fixedCost 0, nbSatLits 0, totalFixedVars 78, objForSearch: 144

c provided UB: 2
c provided LB: 1 (search units 1)
c INSTR bin 42 long 2490 blockerTrue 1096 inspected learnt 0 orig3 422 origOther 972 | blkTrue by type: learnt 0 orig3 378 origOther 718 (avg size 4.0) baseTrue 0

c Cardinality: off (soft-conflict only), UB 2
c ***** top quasi confl at level 0*****
c ends of initiationization by VSIDS at 9 conflicts with init 9991

c UB=2 fails, cnfls=9, hcnfls=7, core 16, tier2 0, local 0, quasiC: 1 (fixed: 61)
c prunedLB 0.00, dev 0.00, succRate 0.00, nbSucc 0, nbHardens 5 (fixed 444), lk: 2, shorten: 0, pureSo 2, nbFlyRd 6, nbFixedLH 0
c ===============================================================================
c no feasible solution, hardConflicts: 7
c nbLK: 2, nbSuccLK: 0(0.00%), nbLKup: 1008(85.57%), hardens 5 (fixed 444), dynVars 0, shorten: 0
c CSS interleave: X half cap 1 lb 1 feasibility -> NONE 0
c Mono: 0, fixed: 0
c |  Eliminated clauses:           0.02 Mb                                      |
c Reduced to 456 vars, 2558 cls (c/v ratio==5.6, grow=0)
c No iterative elimination performed. (vars=456, c/v ratio=5.6)
c ============================[ Search Statistics ]==============================
c | Conflicts |          ORIGINAL         |          LEARNT          | Progress |
c |           |    Vars  Clauses Literals |    Limit  Clauses Lit/Cl |          |
c ===============================================================================
c nb soft clauses: 144, of which 144 unit, 0 nonUnit and 0 empty
c total nb of literals: 9224
c conflLits 0, conflLits2 0, nbFailedLits 0, fixedVarsBypreproc 0, totalFixedVars 78
c 1 conflict sets found with length 20
c fixedCost 0, nbSatLits 0, totalFixedVars 78, objForSearch: 144

c provided UB: 2
c provided LB: 1 (search units 1)
c INSTR bin 170 long 5995 blockerTrue 2701 inspected learnt 0 orig3 1012 origOther 2282 | blkTrue by type: learnt 0 orig3 899 origOther 1802 (avg size 4.0) baseTrue 0

c Cardinality: off (soft-conflict only), UB 2
c ***** top quasi confl at level 0*****
c ends of initiationization by VSIDS at 4 conflicts with init 9996

c UB=2 fails, cnfls=4, hcnfls=4, core 1, tier2 0, local 0, quasiC: 1 (fixed: 82)
c prunedLB 0.00, dev 0.00, succRate 0.00, nbSucc 0, nbHardens 1 (fixed 104), lk: 2, shorten: 0, pureSo 0, nbFlyRd 2, nbFixedLH 0
c ===============================================================================
c no feasible solution, hardConflicts: 4
c nbLK: 2, nbSuccLK: 0(0.00%), nbLKup: 1250(211.51%), hardens 1 (fixed 104), dynVars 0, shorten: 0
c CSS interleave: Z half cap 1 lb 1 feasibility -> NONE 0
c Mono: 0, fixed: 0
c |  Eliminated clauses:           0.02 Mb                                      |
c Reduced to 442 vars, 2454 cls (c/v ratio==5.6, grow=0)
c No iterative elimination performed. (vars=442, c/v ratio=5.6)
c ============================[ Search Statistics ]==============================
c | Conflicts |          ORIGINAL         |          LEARNT          | Progress |
c |           |    Vars  Clauses Literals |    Limit  Clauses Lit/Cl |          |
c ===============================================================================
c nb soft clauses: 144, of which 144 unit, 0 nonUnit and 0 empty
c total nb of literals: 8816
c conflLits 0, conflLits2 0, nbFailedLits 0, fixedVarsBypreproc 0, totalFixedVars 78
c 1 conflict sets found with length 15
c fixedCost 0, nbSatLits 0, totalFixedVars 78, objForSearch: 144

c provided UB: 3
c provided LB: 2 (search units 2)
c INSTR bin 729 long 25872 blockerTrue 12859 inspected learnt 725 orig3 4096 origOther 8192 | blkTrue by type: learnt 959 orig3 4062 origOther 7838 (avg size 4.0) baseTrue 1736

c Cardinality: off (soft-conflict only), UB 3
c ends of initiationization by VSIDS at 267 conflicts with init 9733

c UB=3 fails, cnfls=267, hcnfls=237, core 605, tier2 34, local 31, quasiC: 0 (fixed: 0)
c prunedLB 2.00, dev 0.00, succRate 0.93, nbSucc 14, nbHardens 203 (fixed 24079), lk: 15, shorten: 0, pureSo 17, nbFlyRd 31, nbFixedLH 0
c ===============================================================================
c no feasible solution, hardConflicts: 237
c nbLK: 15, nbSuccLK: 14(93.33%), nbLKup: 4947(22.58%), hardens 203 (fixed 24079), dynVars 0, shorten: 0
c CSS interleave: X half cap 2 lb 2 feasibility -> NONE 0
c Mono: 0, fixed: 0
c |  Eliminated clauses:           0.02 Mb                                      |
c Reduced to 456 vars, 2558 cls (c/v ratio==5.6, grow=0)
c No iterative elimination performed. (vars=456, c/v ratio=5.6)
c ============================[ Search Statistics ]==============================
c | Conflicts |          ORIGINAL         |          LEARNT          | Progress |
c |           |    Vars  Clauses Literals |    Limit  Clauses Lit/Cl |          |
c ===============================================================================
c nb soft clauses: 144, of which 144 unit, 0 nonUnit and 0 empty
c total nb of literals: 9224
c conflLits 0, conflLits2 0, nbFailedLits 0, fixedVarsBypreproc 0, totalFixedVars 78
c 1 conflict sets found with length 20
c fixedCost 0, nbSatLits 0, totalFixedVars 78, objForSearch: 144

c provided UB: 3
c provided LB: 2 (search units 2)
c INSTR bin 741 long 28378 blockerTrue 13813 inspected learnt 819 orig3 4496 origOther 9250 | blkTrue by type: learnt 1024 orig3 4425 origOther 8364 (avg size 4.0) baseTrue 1766

c Cardinality: off (soft-conflict only), UB 3
c ends of initiationization by VSIDS at 198 conflicts with init 9802

c UB=3 fails, cnfls=198, hcnfls=163, core 940, tier2 14, local 15, quasiC: 0 (fixed: 0)
c prunedLB 2.00, dev 0.00, succRate 0.67, nbSucc 2, nbHardens 146 (fixed 16679), lk: 3, shorten: 0, pureSo 34, nbFlyRd 21, nbFixedLH 0
c ===============================================================================
c no feasible solution, hardConflicts: 163
c nbLK: 3, nbSuccLK: 2(66.67%), nbLKup: 968(5.28%), hardens 146 (fixed 16679), dynVars 0, shorten: 0
c CSS interleave: Z half cap 2 lb 2 feasibility -> NONE 0
c Mono: 0, fixed: 0
c |  Eliminated clauses:           0.02 Mb                                      |
c Reduced to 442 vars, 2454 cls (c/v ratio==5.6, grow=0)
c No iterative elimination performed. (vars=442, c/v ratio=5.6)
c ============================[ Search Statistics ]==============================
c | Conflicts |          ORIGINAL         |          LEARNT          | Progress |
c |           |    Vars  Clauses Literals |    Limit  Clauses Lit/Cl |          |
c ===============================================================================
c nb soft clauses: 144, of which 144 unit, 0 nonUnit and 0 empty
c total nb of literals: 8816
c conflLits 0, conflLits2 0, nbFailedLits 0, fixedVarsBypreproc 0, totalFixedVars 78
c 1 conflict sets found with length 15
c fixedCost 0, nbSatLits 0, totalFixedVars 78, objForSearch: 144

c provided UB: 5
c provided LB: 3 (search units 3)
c INSTR bin 10343 long 649108 blockerTrue 334183 inspected learnt 86367 orig3 76333 origOther 152225 | blkTrue by type: learnt 43219 orig3 93192 origOther 197772 (avg size 4.0) baseTrue 134086

c Cardinality: off (soft-conflict only), UB 5
c ends of initiationization by VSIDS at 662 conflicts with init 9338

c UB=5 fails, cnfls=662, hcnfls=242, core 641, tier2 133, local 343, quasiC: 24 (fixed: 971)
c prunedLB 3.30, dev 0.80, succRate 0.90, nbSucc 393, nbHardens 217 (fixed 24914), lk: 437, shorten: 0, pureSo 28, nbFlyRd 29, nbFixedLH 4
c ===============================================================================
c no feasible solution, hardConflicts: 242
c nbLK: 437, nbSuccLK: 393(89.93%), nbLKup: 132421(467.13%), hardens 217 (fixed 24914), dynVars 0, shorten: 0
c CSS interleave: X half cap 4 lb 3 feasibility -> NONE 0
c Mono: 0, fixed: 0
c |  Eliminated clauses:           0.02 Mb                                      |
c Reduced to 456 vars, 2558 cls (c/v ratio==5.6, grow=0)
c No iterative elimination performed. (vars=456, c/v ratio=5.6)
c ============================[ Search Statistics ]==============================
c | Conflicts |          ORIGINAL         |          LEARNT          | Progress |
c |           |    Vars  Clauses Literals |    Limit  Clauses Lit/Cl |          |
c ===============================================================================
c nb soft clauses: 144, of which 144 unit, 0 nonUnit and 0 empty
c total nb of literals: 9224
c conflLits 0, conflLits2 0, nbFailedLits 0, fixedVarsBypreproc 0, totalFixedVars 78
c 1 conflict sets found with length 20
c fixedCost 0, nbSatLits 0, totalFixedVars 78, objForSearch: 144

c provided UB: 5
c provided LB: 3 (search units 3)
c INSTR bin 19790 long 1213790 blockerTrue 669009 inspected learnt 119572 orig3 149472 origOther 275737 | blkTrue by type: learnt 124907 orig3 181535 origOther 362567 (avg size 4.0) baseTrue 270477

c Cardinality: off (soft-conflict only), UB 5
c ***** top quasi confl at level 0*****
c ends of initiationization by VSIDS at 916 conflicts with init 9084

c UB=5 fails, cnfls=916, hcnfls=266, core 393, tier2 127, local 281, quasiC: 10 (fixed: 426)
c prunedLB 2.99, dev 0.55, succRate 0.98, nbSucc 602, nbHardens 238 (fixed 27444), lk: 615, shorten: 0, pureSo 49, nbFlyRd 41, nbFixedLH 6
c ===============================================================================
c no feasible solution, hardConflicts: 266
c nbLK: 615, nbSuccLK: 602(97.89%), nbLKup: 131551(346.44%), hardens 238 (fixed 27444), dynVars 0, shorten: 0
c CSS interleave: Z half cap 4 lb 3 feasibility -> NONE 0
c Mono: 0, fixed: 0
c |  Eliminated clauses:           0.02 Mb                                      |
c Reduced to 442 vars, 2454 cls (c/v ratio==5.6, grow=0)
c No iterative elimination performed. (vars=442, c/v ratio=5.6)
c ============================[ Search Statistics ]==============================
c | Conflicts |          ORIGINAL         |          LEARNT          | Progress |
c |           |    Vars  Clauses Literals |    Limit  Clauses Lit/Cl |          |
c ===============================================================================
c nb soft clauses: 144, of which 144 unit, 0 nonUnit and 0 empty
c total nb of literals: 8816
c conflLits 0, conflLits2 0, nbFailedLits 0, fixedVarsBypreproc 0, totalFixedVars 78
c 1 conflict sets found with length 15
c fixedCost 0, nbSatLits 0, totalFixedVars 78, objForSearch: 144

c provided UB: 9
c provided LB: 5 (search units 5)

c Cardinality: off (soft-conflict only), UB 9
c nbFailedLits 1, nbI 4, fixedVarsByFL 6, totalFixedVars 84, nbTested: 433, counter 10496
c nbFailedLits 0, nbI 0, fixedVarsByFL 0, totalFixedVars 84, nbTested: 432, counter 51282
c nbFailedLits 0, nbI 0, fixedVarsByFL 0, totalFixedVars 85, nbTested: 431, counter 122853
c ends of initiationization by VSIDS at 10003 conflicts with init -3

c INSTR bin 802680 long 78917369 blockerTrue 59108524 inspected learnt 8996240 orig3 3818164 origOther 6994441 | blkTrue by type: learnt 44939810 orig3 4855273 origOther 9313441 (avg size 4.0) baseTrue 43880315
c LRB phase 1: conflicts 4074, phase 20000000, starts 22, UP 120066
c UB=9 fails, cnfls=14077, hcnfls=765, core 8768, tier2 3513, local 10399, quasiC: 1918 (fixed: 73582)
c prunedLB 5.40, dev 1.04, succRate 0.77, nbSucc 13175, nbHardens 313 (fixed 103561), lk: 17193, shorten: 0, pureSo 138, nbFlyRd 177, nbFixedLH 190
c ===============================================================================
c no feasible solution, hardConflicts: 765
c nbLK: 17193, nbSuccLK: 13175(76.63%), nbLKup: 6364348(1744.37%), hardens 313 (fixed 103561), dynVars 0, shorten: 0
c CSS interleave: X half cap 8 lb 5 feasibility -> NONE 0
c Mono: 0, fixed: 0
c |  Eliminated clauses:           0.02 Mb                                      |
c Reduced to 456 vars, 2558 cls (c/v ratio==5.6, grow=0)
c No iterative elimination performed. (vars=456, c/v ratio=5.6)
c ============================[ Search Statistics ]==============================
c | Conflicts |          ORIGINAL         |          LEARNT          | Progress |
c |           |    Vars  Clauses Literals |    Limit  Clauses Lit/Cl |          |
c ===============================================================================
c nb soft clauses: 144, of which 144 unit, 0 nonUnit and 0 empty
c total nb of literals: 9224
c conflLits 0, conflLits2 0, nbFailedLits 0, fixedVarsBypreproc 0, totalFixedVars 78
c 1 conflict sets found with length 20
c fixedCost 0, nbSatLits 0, totalFixedVars 78, objForSearch: 144

c provided UB: 9
c provided LB: 5 (search units 5)

c Cardinality: off (soft-conflict only), UB 9
c nbFailedLits 2, nbI 3, fixedVarsByFL 12, totalFixedVars 90, nbTested: 442, counter 9190
c nbFailedLits 0, nbI 0, fixedVarsByFL 0, totalFixedVars 90, nbTested: 440, counter 52064
c nbFailedLits 0, nbI 0, fixedVarsByFL 0, totalFixedVars 94, nbTested: 436, counter 131293
c ends of initiationization by VSIDS at 10001 conflicts with init -1

c INSTR bin 1378548 long 154922830 blockerTrue 115297825 inspected learnt 18549247 orig3 7472627 origOther 13603131 | blkTrue by type: learnt 86722032 orig3 9569171 origOther 19006622 (avg size 4.0) baseTrue 86263694
c LRB phase 1: conflicts 3353, phase 20000000, starts 17, UP 91561
c UB=9 fails, cnfls=13354, hcnfls=740, core 4381, tier2 2089, local 8519, quasiC: 1908 (fixed: 71180)
c prunedLB 5.46, dev 1.05, succRate 0.76, nbSucc 12469, nbHardens 244 (fixed 93617), lk: 16501, shorten: 0, pureSo 146, nbFlyRd 170, nbFixedLH 202
c ===============================================================================
c no feasible solution, hardConflicts: 740
c nbLK: 16501, nbSuccLK: 12469(75.57%), nbLKup: 6297944(1779.82%), hardens 244 (fixed 93617), dynVars 0, shorten: 0
c CSS interleave: Z half cap 8 lb 5 feasibility -> NONE 0
c Mono: 0, fixed: 0
c |  Eliminated clauses:           0.02 Mb                                      |
c Reduced to 442 vars, 2454 cls (c/v ratio==5.6, grow=0)
c No iterative elimination performed. (vars=442, c/v ratio=5.6)
c ============================[ Search Statistics ]==============================
c | Conflicts |          ORIGINAL         |          LEARNT          | Progress |
c |           |    Vars  Clauses Literals |    Limit  Clauses Lit/Cl |          |
c ===============================================================================
c nb soft clauses: 144, of which 144 unit, 0 nonUnit and 0 empty
c total nb of literals: 8816
c conflLits 0, conflLits2 0, nbFailedLits 0, fixedVarsBypreproc 0, totalFixedVars 78
c 1 conflict sets found with length 15
c fixedCost 0, nbSatLits 0, totalFixedVars 78, objForSearch: 144

c provided UB: 17
c provided LB: 9 (search units 9)
c INSTR bin 1378548 long 154922830 blockerTrue 115297825 inspected learnt 18549247 orig3 7472627 origOther 13603131 | blkTrue by type: learnt 86722032 orig3 9569171 origOther 19006622 (avg size 4.0) baseTrue 86263694

c Cardinality: off (soft-conflict only), UB 17
c UB=17 succs, confls=16, hconfls=16, core 16, tier2 0, local 0,  16 soft cls unsat (0 at L0), 78 fixed vars at L0, softCnfl 0, nbFlyRd 0, nbFixedLH 0
c nbHardens 2 (fixed 0), shorten: 0, prunedLB 0.00, dev 0.00, succRate 0.00, nbSucc 0, lk: 1, shorten: 0, quasiC: 0 (fixed: 0)

c ends of initiationization by VSIDS at 16 conflicts with init 9984

c UB=16 succ, confls=16 and hconfls=16 with 16 soft clauses unsat (0 at level 0) and 78 fixed vars at level 0,  prunedLB 0.00, dev 0.00, succRate 0.00, nbSucc 0, shortened : 0
c ===============================================================================
c initCost: 0, fixedBySearch: 0, optimal: 16, maxsat: 128, hardConflicts: 16
c nbLK: 1, nbSuccLK: 0(0.00%), nbLKup: 482(44.80%), hardens 2 (fixed 0), dynVars 0, shorten: 0
c CSS interleave: X half cap 16 lb 9 feasibility -> FOUND 16
c Mono: 0, fixed: 0
c |  Eliminated clauses:           0.02 Mb                                      |
c Reduced to 456 vars, 2558 cls (c/v ratio==5.6, grow=0)
c No iterative elimination performed. (vars=456, c/v ratio=5.6)
c ============================[ Search Statistics ]==============================
c | Conflicts |          ORIGINAL         |          LEARNT          | Progress |
c |           |    Vars  Clauses Literals |    Limit  Clauses Lit/Cl |          |
c ===============================================================================
c nb soft clauses: 144, of which 144 unit, 0 nonUnit and 0 empty
c total nb of literals: 9224
c conflLits 0, conflLits2 0, nbFailedLits 0, fixedVarsBypreproc 0, totalFixedVars 78
c 1 conflict sets found with length 20
c fixedCost 0, nbSatLits 0, totalFixedVars 78, objForSearch: 144

c provided UB: 17
c provided LB: 9 (search units 9)
c INSTR bin 1378548 long 154922830 blockerTrue 115297825 inspected learnt 18549247 orig3 7472627 origOther 13603131 | blkTrue by type: learnt 86722032 orig3 9569171 origOther 19006622 (avg size 4.0) baseTrue 86263694

c Cardinality: off (soft-conflict only), UB 17
c UB=17 succs, confls=19, hconfls=19, core 19, tier2 0, local 0,  16 soft cls unsat (0 at L0), 78 fixed vars at L0, softCnfl 0, nbFlyRd 5, nbFixedLH 0
c nbHardens 2 (fixed 0), shorten: 0, prunedLB 0.00, dev 0.00, succRate 0.00, nbSucc 0, lk: 1, shorten: 0, quasiC: 0 (fixed: 0)

c ends of initiationization by VSIDS at 19 conflicts with init 9981

c UB=16 succ, confls=19 and hconfls=19 with 16 soft clauses unsat (0 at level 0) and 78 fixed vars at level 0,  prunedLB 0.00, dev 0.00, succRate 0.00, nbSucc 0, shortened : 0
c ===============================================================================
c initCost: 0, fixedBySearch: 0, optimal: 16, maxsat: 128, hardConflicts: 19
c nbLK: 1, nbSuccLK: 0(0.00%), nbLKup: 473(54.75%), hardens 2 (fixed 0), dynVars 0, shorten: 0
c CSS interleave: Z half cap 16 lb 9 feasibility -> FOUND 16
c Mono: 0, fixed: 0
c |  Eliminated clauses:           0.02 Mb                                      |
c Reduced to 442 vars, 2454 cls (c/v ratio==5.6, grow=0)
c No iterative elimination performed. (vars=442, c/v ratio=5.6)
c ============================[ Search Statistics ]==============================
c | Conflicts |          ORIGINAL         |          LEARNT          | Progress |
c |           |    Vars  Clauses Literals |    Limit  Clauses Lit/Cl |          |
c ===============================================================================
c nb soft clauses: 144, of which 144 unit, 0 nonUnit and 0 empty
c total nb of literals: 8816
c conflLits 0, conflLits2 0, nbFailedLits 0, fixedVarsBypreproc 0, totalFixedVars 78
c 1 conflict sets found with length 15
c fixedCost 0, nbSatLits 0, totalFixedVars 78, objForSearch: 144

c provided UB: 16
c provided LB: 9 (search units 9)

c Cardinality: off (soft-conflict only), UB 16
c nbFailedLits 1, nbI 4, fixedVarsByFL 6, totalFixedVars 84, nbTested: 433, counter 13465
c nbFailedLits 0, nbI 0, fixedVarsByFL 0, totalFixedVars 84, nbTested: 432, counter 51227
c nbFailedLits 0, nbI 0, fixedVarsByFL 0, totalFixedVars 84, nbTested: 432, counter 130461
c ends of initiationization by VSIDS at 10000 conflicts with init 0

c DistQLDPC — QLDPC/CSS minimum distance (symplectic MaxSAT)
c solver: MaxCDCL, cardinality encoding: off (soft-conflict only)
c Hx: data/matrices/TN_144_2_13_Hx.txt
c Hz: data/matrices/TN_144_2_13_Hz.txt
c Gx: data/matrices/TN_144_2_13_Gx.txt
c Gz: data/matrices/TN_144_2_13_Gz.txt
c Hx: 72 x 144, Hz: 72 x 144, Gx: 2 x 144, Gz: 2 x 144, logicals: 4
c d_lb: 9
c d_ub: 16
c status: TIMEOUT (child killed after -cpu-lim)
c d  : UNKNOWN
s UNKNOWN
