c DistQLDPC — QLDPC/CSS minimum distance (symplectic MaxSAT)
c solver: MaxCDCL, cardinality encoding: off (soft-conflict only)
c Hx: data/matrices/BB_144_12_12_Hx.txt
c Hz: data/matrices/BB_144_12_12_Hz.txt
c Gx: data/matrices/BB_144_12_12_Gx.txt
c Gz: data/matrices/BB_144_12_12_Gz.txt
c Hx: 72 x 144, Hz: 72 x 144, Gx: 12 x 144, Gz: 12 x 144, logicals: 24
c Mono: 0, fixed: 0
c |  Eliminated clauses:           0.03 Mb                                      |
c Reduced to 942 vars, 4234 cls (c/v ratio==4.5, grow=0)
c No iterative elimination performed. (vars=942, c/v ratio=4.5)
c ============================[ Search Statistics ]==============================
c | Conflicts |          ORIGINAL         |          LEARNT          | Progress |
c |           |    Vars  Clauses Literals |    Limit  Clauses Lit/Cl |          |
c ===============================================================================
c nb soft clauses: 144, of which 144 unit, 0 nonUnit and 0 empty
c total nb of literals: 15088
c conflLits 0, conflLits2 0, nbFailedLits 0, fixedVarsBypreproc 0, totalFixedVars 168
c 1 conflict sets found with length 81
c fixedCost 0, nbSatLits 0, totalFixedVars 168, objForSearch: 144

c no UB provided, search from scratch...
c ends of initiationization by VSIDS at 0 conflicts with init 10000

c UB=1 fails, cnfls=0, hcnfls=0, core 0, tier2 0, local 0, quasiC: 0 (fixed: 0)
c prunedLB 0.00, dev 0.00, succRate 0.00, nbSucc 0, nbHardens 1 (fixed 144), lk: 1, shorten: 0, pureSo 0, nbFlyRd 0, nbFixedLH 0

c Cardinality: off (soft-conflict only), UB 2
c ***** top quasi confl at level 0*****
c ends of initiationization by VSIDS at 141 conflicts with init 9859

c UB=2 fails, cnfls=141, hcnfls=95, core 152, tier2 10, local 73, quasiC: 1 (fixed: 50)
c prunedLB 0.00, dev 0.00, succRate 0.00, nbSucc 0, nbHardens 64 (fixed 4575), lk: 1, shorten: 0, pureSo 46, nbFlyRd 10, nbFixedLH 0

c Cardinality: off (soft-conflict only), UB 4
c ***** top quasi confl at level 0*****
c ends of initiationization by VSIDS at 780 conflicts with init 9361

c UB=4 fails, cnfls=780, hcnfls=255, core 352, tier2 36, local 397, quasiC: 21 (fixed: 870)
c prunedLB 2.79, dev 0.53, succRate 0.86, nbSucc 397, nbHardens 171 (fixed 16600), lk: 462, shorten: 0, pureSo 129, nbFlyRd 18, nbFixedLH 1

c Cardinality: off (soft-conflict only), UB 8
c nbFailedLits 0, nbI 0, fixedVarsByFL 0, totalFixedVars 168, nbTested: 942, counter 31741
c nbFailedLits 0, nbI 0, fixedVarsByFL 0, totalFixedVars 191, nbTested: 919, counter 114457
c ends of initiationization by VSIDS at 6397 conflicts with init 4383

c UB=8 fails, cnfls=6397, hcnfls=421, core 1642, tier2 228, local 1935, quasiC: 763 (fixed: 31155)
c prunedLB 5.12, dev 1.05, succRate 0.76, nbSucc 5328, nbHardens 236 (fixed 51687), lk: 7041, shorten: 0, pureSo 253, nbFlyRd 37, nbFixedLH 85

c Cardinality: off (soft-conflict only), UB 16
c UB=16 succs, confls=7385, hconfls=427, core 2, tier2 7, local 991,  14 soft cls unsat (0 at L0), 168 fixed vars at L0, softCnfl 254, nbFlyRd 40, nbFixedLH 97
c nbHardens 238 (fixed 58779), shorten: 0, prunedLB 9.12, dev 1.40, succRate 0.74, nbSucc 981, lk: 1317, shorten: 0, quasiC: 920 (fixed: 38077)

c ends of initiationization by VSIDS at 7385 conflicts with init 9012

c DistQLDPC — QLDPC/CSS minimum distance (symplectic MaxSAT)
c solver: MaxCDCL, cardinality encoding: off (soft-conflict only)
c Hx: data/matrices/BB_144_12_12_Hx.txt
c Hz: data/matrices/BB_144_12_12_Hz.txt
c Gx: data/matrices/BB_144_12_12_Gx.txt
c Gz: data/matrices/BB_144_12_12_Gz.txt
c Hx: 72 x 144, Hz: 72 x 144, Gx: 12 x 144, Gz: 12 x 144, logicals: 24
c d_lb: 8
c d_ub: 12
c status: TIMEOUT (child killed after -cpu-lim)
c d  : UNKNOWN
s UNKNOWN
