0000.gate.LP_340_56_8.no-card.0.baseline 1.537s o 8 load=2.05
0001.gate.LP_340_56_8.no-card.0.candidate 1.509s o 8 load=2.05
0002.gate.LP_340_56_8.no-card.1.candidate 1.503s o 8 load=2.04
0003.gate.LP_340_56_8.no-card.1.baseline 1.568s o 8 load=2.04
0004.gate.LP_340_56_8.no-card.2.baseline 1.535s o 8 load=2.04
0005.gate.LP_340_56_8.no-card.2.candidate 1.509s o 8 load=1.96
0006.gate.LP_340_56_8.card-mto.0.baseline 1.653s o 8 load=1.96
0007.gate.LP_340_56_8.card-mto.0.candidate 1.587s o 8 load=1.96
0008.gate.LP_340_56_8.card-mto.1.candidate 1.586s o 8 load=1.96
0009.gate.LP_340_56_8.card-mto.1.baseline 1.625s o 8 load=1.96
0010.gate.LP_340_56_8.card-mto.2.baseline 1.639s o 8 load=1.96
0011.gate.LP_340_56_8.card-mto.2.candidate 1.596s o 8 load=1.96
{
 "stopped": null,
 "n_samples": 12,
 "finished": "2026-10-11T02:44:07+0800",
 "binary_sha256_after": {
  "baseline": "de88d7ffd7bba6900eecd2e75861c3c0aedd92532024317c08db8e397543f9a9",
  "candidate": "4fd05e204595493336099bec2c7b0ff5c87d71f4ee0b037b5c8073475e65bc9f"
 },
 "input_sha256_after_ok": true
}
gate no-card geomean 0.98169 envelope 0.98316 positive True flags []
gate card-mto geomean 0.9681 envelope 0.98188 positive True flags []
exit=0
