0000.gate.BB_90_8_10.no-card.0.baseline 0.153s o 10 load=1.67
0001.gate.BB_90_8_10.no-card.0.candidate 0.147s o 10 load=1.67
0002.gate.BB_90_8_10.no-card.1.candidate 0.149s o 10 load=1.67
0003.gate.BB_90_8_10.no-card.1.baseline 0.149s o 10 load=1.67
0004.gate.BB_90_8_10.no-card.2.baseline 0.149s o 10 load=1.67
0005.gate.BB_90_8_10.no-card.2.candidate 0.153s o 10 load=1.67
0006.replicate.BB_90_8_10.no-card.0.baseline 0.145s o 10 load=1.67
0007.replicate.BB_90_8_10.no-card.0.candidate 0.153s o 10 load=1.67
0008.replicate.BB_90_8_10.no-card.1.candidate 0.153s o 10 load=1.67
0009.replicate.BB_90_8_10.no-card.1.baseline 0.153s o 10 load=1.67
0010.replicate.BB_90_8_10.no-card.2.baseline 0.150s o 10 load=1.67
0011.replicate.BB_90_8_10.no-card.2.candidate 0.153s o 10 load=1.67
0012.replicate.BB_90_8_10.no-card.3.candidate 0.150s o 10 load=1.67
0013.replicate.BB_90_8_10.no-card.3.baseline 0.146s o 10 load=1.67
0014.replicate.BB_90_8_10.no-card.4.baseline 0.151s o 10 load=1.67
0015.replicate.BB_90_8_10.no-card.4.candidate 0.148s o 10 load=1.67
0016.replicate.BB_90_8_10.no-card.5.candidate 0.150s o 10 load=1.67
0017.replicate.BB_90_8_10.no-card.5.baseline 0.153s o 10 load=1.67
0018.replicate.BB_90_8_10.no-card.6.baseline 0.144s o 10 load=1.67
0019.replicate.BB_90_8_10.no-card.6.candidate 0.150s o 10 load=1.67
0020.replicate.BB_90_8_10.no-card.7.candidate 0.149s o 10 load=1.67
0021.replicate.BB_90_8_10.no-card.7.baseline 0.145s o 10 load=1.67
0022.replicate.BB_90_8_10.no-card.8.baseline 0.148s o 10 load=1.67
0023.replicate.BB_90_8_10.no-card.8.candidate 0.149s o 10 load=1.67
0024.replicate.BB_90_8_10.no-card.9.candidate 0.146s o 10 load=1.67
0025.replicate.BB_90_8_10.no-card.9.baseline 0.146s o 10 load=1.67
0026.gate.BB_90_8_10.card-mto.0.baseline 0.134s o 10 load=1.61
0027.gate.BB_90_8_10.card-mto.0.candidate 0.136s o 10 load=1.61
0028.gate.BB_90_8_10.card-mto.1.candidate 0.138s o 10 load=1.61
0029.gate.BB_90_8_10.card-mto.1.baseline 0.138s o 10 load=1.61
0030.gate.BB_90_8_10.card-mto.2.baseline 0.135s o 10 load=1.61
0031.gate.BB_90_8_10.card-mto.2.candidate 0.131s o 10 load=1.61
0032.replicate.BB_90_8_10.card-mto.0.baseline 0.134s o 10 load=1.61
0033.replicate.BB_90_8_10.card-mto.0.candidate 0.134s o 10 load=1.61
0034.replicate.BB_90_8_10.card-mto.1.candidate 0.136s o 10 load=1.61
0035.replicate.BB_90_8_10.card-mto.1.baseline 0.135s o 10 load=1.61
0036.replicate.BB_90_8_10.card-mto.2.baseline 0.148s o 10 load=1.61
0037.replicate.BB_90_8_10.card-mto.2.candidate 0.136s o 10 load=1.61
0038.replicate.BB_90_8_10.card-mto.3.candidate 0.145s o 10 load=1.61
0039.replicate.BB_90_8_10.card-mto.3.baseline 0.138s o 10 load=1.61
0040.replicate.BB_90_8_10.card-mto.4.baseline 0.147s o 10 load=1.61
0041.replicate.BB_90_8_10.card-mto.4.candidate 0.133s o 10 load=1.61
0042.replicate.BB_90_8_10.card-mto.5.candidate 0.135s o 10 load=1.61
0043.replicate.BB_90_8_10.card-mto.5.baseline 0.135s o 10 load=1.61
0044.replicate.BB_90_8_10.card-mto.6.baseline 0.134s o 10 load=1.61
0045.replicate.BB_90_8_10.card-mto.6.candidate 0.135s o 10 load=1.61
0046.replicate.BB_90_8_10.card-mto.7.candidate 0.137s o 10 load=1.61
0047.replicate.BB_90_8_10.card-mto.7.baseline 0.146s o 10 load=1.61
0048.replicate.BB_90_8_10.card-mto.8.baseline 0.134s o 10 load=1.61
0049.replicate.BB_90_8_10.card-mto.8.candidate 0.131s o 10 load=1.61
0050.replicate.BB_90_8_10.card-mto.9.candidate 0.134s o 10 load=1.61
0051.replicate.BB_90_8_10.card-mto.9.baseline 0.138s o 10 load=1.61
0052.gate.GB_144_12_8.no-card.0.baseline 0.092s o 8 load=1.61
0053.gate.GB_144_12_8.no-card.0.candidate 0.090s o 8 load=1.61
0054.gate.GB_144_12_8.no-card.1.candidate 0.091s o 8 load=1.61
0055.gate.GB_144_12_8.no-card.1.baseline 0.093s o 8 load=1.61
0056.gate.GB_144_12_8.no-card.2.baseline 0.093s o 8 load=1.61
0057.gate.GB_144_12_8.no-card.2.candidate 0.093s o 8 load=1.61
0058.replicate.GB_144_12_8.no-card.0.baseline 0.089s o 8 load=1.61
0059.replicate.GB_144_12_8.no-card.0.candidate 0.093s o 8 load=1.61
0060.replicate.GB_144_12_8.no-card.1.candidate 0.093s o 8 load=1.61
0061.replicate.GB_144_12_8.no-card.1.baseline 0.093s o 8 load=1.61
0062.replicate.GB_144_12_8.no-card.2.baseline 0.093s o 8 load=1.61
0063.replicate.GB_144_12_8.no-card.2.candidate 0.093s o 8 load=1.65
0064.replicate.GB_144_12_8.no-card.3.candidate 0.090s o 8 load=1.65
0065.replicate.GB_144_12_8.no-card.3.baseline 0.088s o 8 load=1.65
0066.replicate.GB_144_12_8.no-card.4.baseline 0.089s o 8 load=1.65
0067.replicate.GB_144_12_8.no-card.4.candidate 0.086s o 8 load=1.65
0068.replicate.GB_144_12_8.no-card.5.candidate 0.090s o 8 load=1.65
0069.replicate.GB_144_12_8.no-card.5.baseline 0.093s o 8 load=1.65
0070.replicate.GB_144_12_8.no-card.6.baseline 0.090s o 8 load=1.65
0071.replicate.GB_144_12_8.no-card.6.candidate 0.085s o 8 load=1.65
0072.replicate.GB_144_12_8.no-card.7.candidate 0.090s o 8 load=1.65
0073.replicate.GB_144_12_8.no-card.7.baseline 0.088s o 8 load=1.65
0074.replicate.GB_144_12_8.no-card.8.baseline 0.093s o 8 load=1.65
0075.replicate.GB_144_12_8.no-card.8.candidate 0.087s o 8 load=1.65
0076.replicate.GB_144_12_8.no-card.9.candidate 0.093s o 8 load=1.65
0077.replicate.GB_144_12_8.no-card.9.baseline 0.093s o 8 load=1.65
0078.gate.GB_144_12_8.card-mto.0.baseline 0.078s o 8 load=1.65
0079.gate.GB_144_12_8.card-mto.0.candidate 0.074s o 8 load=1.65
0080.gate.GB_144_12_8.card-mto.1.candidate 0.078s o 8 load=1.65
0081.gate.GB_144_12_8.card-mto.1.baseline 0.089s o 8 load=1.65
0082.gate.GB_144_12_8.card-mto.2.baseline 0.078s o 8 load=1.65
0083.gate.GB_144_12_8.card-mto.2.candidate 0.075s o 8 load=1.65
0084.replicate.GB_144_12_8.card-mto.0.baseline 0.089s o 8 load=1.65
0085.replicate.GB_144_12_8.card-mto.0.candidate 0.078s o 8 load=1.65
0086.replicate.GB_144_12_8.card-mto.1.candidate 0.078s o 8 load=1.65
0087.replicate.GB_144_12_8.card-mto.1.baseline 0.077s o 8 load=1.65
0088.replicate.GB_144_12_8.card-mto.2.baseline 0.089s o 8 load=1.65
0089.replicate.GB_144_12_8.card-mto.2.candidate 0.078s o 8 load=1.65
0090.replicate.GB_144_12_8.card-mto.3.candidate 0.078s o 8 load=1.65
0091.replicate.GB_144_12_8.card-mto.3.baseline 0.089s o 8 load=1.65
0092.replicate.GB_144_12_8.card-mto.4.baseline 0.090s o 8 load=1.65
0093.replicate.GB_144_12_8.card-mto.4.candidate 0.089s o 8 load=1.65
0094.replicate.GB_144_12_8.card-mto.5.candidate 0.087s o 8 load=1.65
0095.replicate.GB_144_12_8.card-mto.5.baseline 0.089s o 8 load=1.65
0096.replicate.GB_144_12_8.card-mto.6.baseline 0.078s o 8 load=1.65
0097.replicate.GB_144_12_8.card-mto.6.candidate 0.078s o 8 load=1.65
0098.replicate.GB_144_12_8.card-mto.7.candidate 0.078s o 8 load=1.65
0099.replicate.GB_144_12_8.card-mto.7.baseline 0.077s o 8 load=1.65
0100.replicate.GB_144_12_8.card-mto.8.baseline 0.089s o 8 load=1.65
0101.replicate.GB_144_12_8.card-mto.8.candidate 0.089s o 8 load=1.65
0102.replicate.GB_144_12_8.card-mto.9.candidate 0.078s o 8 load=1.65
0103.replicate.GB_144_12_8.card-mto.9.baseline 0.076s o 8 load=1.65
0104.gate.BB_108_8_10.no-card.0.baseline 0.374s o 10 load=1.65
0105.gate.BB_108_8_10.no-card.0.candidate 0.359s o 10 load=1.65
0106.gate.BB_108_8_10.no-card.1.candidate 0.358s o 10 load=1.65
0107.gate.BB_108_8_10.no-card.1.baseline 0.371s o 10 load=1.59
0108.gate.BB_108_8_10.no-card.2.baseline 0.364s o 10 load=1.59
0109.gate.BB_108_8_10.no-card.2.candidate 0.361s o 10 load=1.59
0110.replicate.BB_108_8_10.no-card.0.baseline 0.370s o 10 load=1.59
0111.replicate.BB_108_8_10.no-card.0.candidate 0.365s o 10 load=1.59
0112.replicate.BB_108_8_10.no-card.1.candidate 0.367s o 10 load=1.59
0113.replicate.BB_108_8_10.no-card.1.baseline 0.370s o 10 load=1.59
0114.replicate.BB_108_8_10.no-card.2.baseline 0.370s o 10 load=1.59
0115.replicate.BB_108_8_10.no-card.2.candidate 0.367s o 10 load=1.59
0116.replicate.BB_108_8_10.no-card.3.candidate 0.356s o 10 load=1.59
0117.replicate.BB_108_8_10.no-card.3.baseline 0.371s o 10 load=1.59
0118.replicate.BB_108_8_10.no-card.4.baseline 0.366s o 10 load=1.59
0119.replicate.BB_108_8_10.no-card.4.candidate 0.358s o 10 load=1.59
0120.replicate.BB_108_8_10.no-card.5.candidate 0.354s o 10 load=1.63
0121.replicate.BB_108_8_10.no-card.5.baseline 0.368s o 10 load=1.63
0122.replicate.BB_108_8_10.no-card.6.baseline 0.370s o 10 load=1.63
0123.replicate.BB_108_8_10.no-card.6.candidate 0.368s o 10 load=1.63
0124.replicate.BB_108_8_10.no-card.7.candidate 0.363s o 10 load=1.63
0125.replicate.BB_108_8_10.no-card.7.baseline 0.374s o 10 load=1.63
0126.replicate.BB_108_8_10.no-card.8.baseline 0.362s o 10 load=1.63
0127.replicate.BB_108_8_10.no-card.8.candidate 0.365s o 10 load=1.63
0128.replicate.BB_108_8_10.no-card.9.candidate 0.357s o 10 load=1.63
0129.replicate.BB_108_8_10.no-card.9.baseline 0.365s o 10 load=1.63
0130.gate.BB_108_8_10.card-mto.0.baseline 0.461s o 10 load=1.63
0131.gate.BB_108_8_10.card-mto.0.candidate 0.460s o 10 load=1.63
0132.gate.BB_108_8_10.card-mto.1.candidate 0.462s o 10 load=1.63
0133.gate.BB_108_8_10.card-mto.1.baseline 0.476s o 10 load=1.58
0134.gate.BB_108_8_10.card-mto.2.baseline 0.479s o 10 load=1.58
0135.gate.BB_108_8_10.card-mto.2.candidate 0.460s o 10 load=1.58
0136.replicate.BB_108_8_10.card-mto.0.baseline 0.468s o 10 load=1.58
0137.replicate.BB_108_8_10.card-mto.0.candidate 0.462s o 10 load=1.58
0138.replicate.BB_108_8_10.card-mto.1.candidate 0.467s o 10 load=1.58
0139.replicate.BB_108_8_10.card-mto.1.baseline 0.472s o 10 load=1.58
0140.replicate.BB_108_8_10.card-mto.2.baseline 0.478s o 10 load=1.58
0141.replicate.BB_108_8_10.card-mto.2.candidate 0.459s o 10 load=1.58
0142.replicate.BB_108_8_10.card-mto.3.candidate 0.469s o 10 load=1.58
0143.replicate.BB_108_8_10.card-mto.3.baseline 0.477s o 10 load=1.69
0144.replicate.BB_108_8_10.card-mto.4.baseline 0.465s o 10 load=1.69
0145.replicate.BB_108_8_10.card-mto.4.candidate 0.465s o 10 load=1.69
0146.replicate.BB_108_8_10.card-mto.5.candidate 0.458s o 10 load=1.69
0147.replicate.BB_108_8_10.card-mto.5.baseline 0.466s o 10 load=1.69
0148.replicate.BB_108_8_10.card-mto.6.baseline 0.475s o 10 load=1.69
0149.replicate.BB_108_8_10.card-mto.6.candidate 0.462s o 10 load=1.69
0150.replicate.BB_108_8_10.card-mto.7.candidate 0.469s o 10 load=1.69
0151.replicate.BB_108_8_10.card-mto.7.baseline 0.473s o 10 load=1.69
0152.replicate.BB_108_8_10.card-mto.8.baseline 0.479s o 10 load=1.69
0153.replicate.BB_108_8_10.card-mto.8.candidate 0.458s o 10 load=1.69
0154.replicate.BB_108_8_10.card-mto.9.candidate 0.458s o 10 load=1.71
0155.replicate.BB_108_8_10.card-mto.9.baseline 0.473s o 10 load=1.71
0156.gate.LP_238_44_6.no-card.0.baseline 0.420s o 6 load=1.71
0157.gate.LP_238_44_6.no-card.0.candidate 0.408s o 6 load=1.71
0158.gate.LP_238_44_6.no-card.1.candidate 0.397s o 6 load=1.71
0159.gate.LP_238_44_6.no-card.1.baseline 0.408s o 6 load=1.71
0160.gate.LP_238_44_6.no-card.2.baseline 0.416s o 6 load=1.71
0161.gate.LP_238_44_6.no-card.2.candidate 0.406s o 6 load=1.71
0162.replicate.LP_238_44_6.no-card.0.baseline 0.414s o 6 load=1.71
0163.replicate.LP_238_44_6.no-card.0.candidate 0.406s o 6 load=1.71
0164.replicate.LP_238_44_6.no-card.1.candidate 0.400s o 6 load=1.71
0165.replicate.LP_238_44_6.no-card.1.baseline 0.418s o 6 load=1.74
0166.replicate.LP_238_44_6.no-card.2.baseline 0.419s o 6 load=1.74
0167.replicate.LP_238_44_6.no-card.2.candidate 0.428s o 6 load=1.74
0168.replicate.LP_238_44_6.no-card.3.candidate 0.414s o 6 load=1.74
0169.replicate.LP_238_44_6.no-card.3.baseline 0.431s o 6 load=1.74
0170.replicate.LP_238_44_6.no-card.4.baseline 0.421s o 6 load=1.74
0171.replicate.LP_238_44_6.no-card.4.candidate 0.404s o 6 load=1.74
0172.replicate.LP_238_44_6.no-card.5.candidate 0.405s o 6 load=1.74
0173.replicate.LP_238_44_6.no-card.5.baseline 0.417s o 6 load=1.74
0174.replicate.LP_238_44_6.no-card.6.baseline 0.423s o 6 load=1.74
0175.replicate.LP_238_44_6.no-card.6.candidate 0.411s o 6 load=1.74
0176.replicate.LP_238_44_6.no-card.7.candidate 0.411s o 6 load=1.74
0177.replicate.LP_238_44_6.no-card.7.baseline 0.418s o 6 load=1.84
0178.replicate.LP_238_44_6.no-card.8.baseline 0.407s o 6 load=1.84
0179.replicate.LP_238_44_6.no-card.8.candidate 0.409s o 6 load=1.84
0180.replicate.LP_238_44_6.no-card.9.candidate 0.402s o 6 load=1.84
0181.replicate.LP_238_44_6.no-card.9.baseline 0.417s o 6 load=1.84
0182.gate.LP_238_44_6.card-mto.0.baseline 0.392s o 6 load=1.84
0183.gate.LP_238_44_6.card-mto.0.candidate 0.393s o 6 load=1.84
0184.gate.LP_238_44_6.card-mto.1.candidate 0.393s o 6 load=1.84
0185.gate.LP_238_44_6.card-mto.1.baseline 0.404s o 6 load=1.84
0186.gate.LP_238_44_6.card-mto.2.baseline 0.404s o 6 load=1.84
0187.gate.LP_238_44_6.card-mto.2.candidate 0.384s o 6 load=1.84
0188.replicate.LP_238_44_6.card-mto.0.baseline 0.401s o 6 load=1.84
0189.replicate.LP_238_44_6.card-mto.0.candidate 0.388s o 6 load=1.85
0190.replicate.LP_238_44_6.card-mto.1.candidate 0.396s o 6 load=1.85
0191.replicate.LP_238_44_6.card-mto.1.baseline 0.406s o 6 load=1.85
0192.replicate.LP_238_44_6.card-mto.2.baseline 0.400s o 6 load=1.85
0193.replicate.LP_238_44_6.card-mto.2.candidate 0.390s o 6 load=1.85
0194.replicate.LP_238_44_6.card-mto.3.candidate 0.394s o 6 load=1.85
0195.replicate.LP_238_44_6.card-mto.3.baseline 0.399s o 6 load=1.85
0196.replicate.LP_238_44_6.card-mto.4.baseline 0.398s o 6 load=1.85
0197.replicate.LP_238_44_6.card-mto.4.candidate 0.389s o 6 load=1.85
0198.replicate.LP_238_44_6.card-mto.5.candidate 0.392s o 6 load=1.85
0199.replicate.LP_238_44_6.card-mto.5.baseline 0.402s o 6 load=1.85
0200.replicate.LP_238_44_6.card-mto.6.baseline 0.398s o 6 load=1.85
0201.replicate.LP_238_44_6.card-mto.6.candidate 0.388s o 6 load=1.86
0202.replicate.LP_238_44_6.card-mto.7.candidate 0.393s o 6 load=1.86
0203.replicate.LP_238_44_6.card-mto.7.baseline 0.396s o 6 load=1.86
0204.replicate.LP_238_44_6.card-mto.8.baseline 0.399s o 6 load=1.86
0205.replicate.LP_238_44_6.card-mto.8.candidate 0.387s o 6 load=1.86
0206.replicate.LP_238_44_6.card-mto.9.candidate 0.390s o 6 load=1.86
0207.replicate.LP_238_44_6.card-mto.9.baseline 0.402s o 6 load=1.86
{
 "stopped": null,
 "n_samples": 208,
 "finished": "2026-10-11T02:45:35+0800",
 "binary_sha256_after": {
  "baseline": "de88d7ffd7bba6900eecd2e75861c3c0aedd92532024317c08db8e397543f9a9",
  "candidate": "4fd05e204595493336099bec2c7b0ff5c87d71f4ee0b037b5c8073475e65bc9f"
 },
 "input_sha256_after_ok": true
}
gate no-card geomean 0.98 envelope 1.00627 positive False flags []
gate card-mto geomean 0.97415 envelope 1.00673 positive False flags []
replicate no-card geomean 0.99019 envelope 1.04631 positive False flags []
replicate card-mto geomean 0.95474 envelope 1.06156 positive False flags []
exit=0
