lock acquired Sun Oct 11 01:46:50 CST 2026
BB_1080_4_54 default 1 peakMB=235
BB_108_8_10 default 0 peakMB=0
BB_144_12_12 default 0 peakMB=11
BB_144_14_14 default 1 peakMB=118
BB_288_12_unknown default 1 peakMB=177
BB_360_12_unknown default 1 peakMB=171
BB_72_12_6 default 0 peakMB=0
BB_756_16_34 default 1 peakMB=119
BB_864_4_40 default 1 peakMB=206
BB_90_8_10 default 0 peakMB=0
GB_144_12_12 default 1 peakMB=171
GB_144_12_8 default 0 peakMB=0
LP_136_32_4 default 0 peakMB=0
LP_1768_224_unknown default 1 peakMB=203
LP_238_44_6 default 0 peakMB=0
LP_340_56_8 default 0 peakMB=18
LP_34_20_2 default 0 peakMB=0
LP_442_68_10 default 1 peakMB=126
LP_544_80_12 default 1 peakMB=141
LP_714_100_unknown default 1 peakMB=160
PK_31 default 1 peakMB=175
TN_108_2_12 default 0 peakMB=24
TN_144_2_13 default 1 peakMB=111
TN_180_2_17 default 1 peakMB=134
TN_200_10_10 default 0 peakMB=52
TN_216_4_18 default 1 peakMB=57
TN_250_10_15 default 1 peakMB=83
TN_252_2_21 default 1 peakMB=84
TN_288_2_24 default 1 peakMB=150
TN_324_4_25 default 1 peakMB=144
TN_360_4_24 default 1 peakMB=142
TN_36_8_3 default 0 peakMB=0
TN_36_8_4 default 0 peakMB=0
TN_396_4_26 default 1 peakMB=136
TN_432_8_33 default 1 peakMB=122
TN_468_4_31 default 1 peakMB=105
TN_496_2_32 default 1 peakMB=97
TN_504_2_45 default 1 peakMB=59
TN_540_4_40 default 1 peakMB=99
TN_54_11_4 default 0 peakMB=0
TN_576_2_57 default 1 peakMB=110
TN_576_2_59 default 1 peakMB=109
TN_612_2_52 default 1 peakMB=117
TN_648_10_71 default 1 peakMB=144
TN_648_14_50 default 1 peakMB=152
TN_684_2_29 default 1 peakMB=181
TN_72_14_4 default 0 peakMB=0
TN_72_8_8 default 0 peakMB=0
xu_30 default 1 peakMB=151
xu_42 default 1 peakMB=152
BB_1080_4_54 nocard 1 peakMB=231
BB_108_8_10 nocard 0 peakMB=0
BB_144_12_12 nocard 0 peakMB=0
BB_144_14_14 nocard 1 peakMB=141
BB_288_12_unknown nocard 1 peakMB=175
BB_360_12_unknown nocard 1 peakMB=156
BB_72_12_6 nocard 0 peakMB=0
BB_756_16_34 nocard 1 peakMB=119
BB_864_4_40 nocard 1 peakMB=206
BB_90_8_10 nocard 0 peakMB=0
GB_144_12_12 nocard 1 peakMB=152
GB_144_12_8 nocard 0 peakMB=0
LP_136_32_4 nocard 0 peakMB=0
LP_1768_224_unknown nocard 1 peakMB=210
LP_238_44_6 nocard 0 peakMB=0
LP_340_56_8 nocard 0 peakMB=13
LP_34_20_2 nocard 0 peakMB=0
LP_442_68_10 nocard 1 peakMB=179
LP_544_80_12 nocard 1 peakMB=141
LP_714_100_unknown nocard 1 peakMB=157
PK_31 nocard 1 peakMB=174
TN_108_2_12 nocard 0 peakMB=21
TN_144_2_13 nocard 1 peakMB=143
TN_180_2_17 nocard 1 peakMB=134
TN_200_10_10 nocard 0 peakMB=49
TN_216_4_18 nocard 1 peakMB=81
TN_250_10_15 nocard 1 peakMB=87
TN_252_2_21 nocard 1 peakMB=60
TN_288_2_24 nocard 1 peakMB=145
TN_324_4_25 nocard 1 peakMB=146
TN_360_4_24 nocard 1 peakMB=158
TN_36_8_3 nocard 0 peakMB=0
TN_36_8_4 nocard 0 peakMB=0
TN_396_4_26 nocard 1 peakMB=132
TN_432_8_33 nocard 1 peakMB=135
TN_468_4_31 nocard 1 peakMB=134
TN_496_2_32 nocard 1 peakMB=96
TN_504_2_45 nocard 1 peakMB=92
TN_540_4_40 nocard 1 peakMB=97
TN_54_11_4 nocard 0 peakMB=0
TN_576_2_57 nocard 1 peakMB=112
TN_576_2_59 nocard 1 peakMB=112
TN_612_2_52 nocard 1 peakMB=94
TN_648_10_71 nocard 1 peakMB=140
TN_648_14_50 nocard 1 peakMB=110
TN_684_2_29 nocard 1 peakMB=169
TN_72_14_4 nocard 0 peakMB=0
TN_72_8_8 nocard 0 peakMB=0
xu_30 nocard 1 peakMB=147
xu_42 nocard 1 peakMB=174
lock released Sun Oct 11 01:52:52 CST 2026
lock acquired Sun Oct 11 01:52:52 CST 2026
BB_1080_4_54 sinz 1 peakMB=235
BB_108_8_10 sinz 0 peakMB=0
BB_144_12_12 sinz 0 peakMB=0
BB_144_14_14 sinz 1 peakMB=92
BB_288_12_unknown sinz 1 peakMB=106
BB_360_12_unknown sinz 1 peakMB=117
BB_72_12_6 sinz 0 peakMB=0
BB_756_16_34 sinz 1 peakMB=118
BB_864_4_40 sinz 1 peakMB=208
BB_90_8_10 sinz 0 peakMB=0
GB_144_12_12 sinz 1 peakMB=117
GB_144_12_8 sinz 0 peakMB=0
LP_136_32_4 sinz 0 peakMB=0
LP_1768_224_unknown sinz 1 peakMB=202
LP_238_44_6 sinz 0 peakMB=0
LP_340_56_8 sinz 0 peakMB=20
LP_34_20_2 sinz 0 peakMB=0
LP_442_68_10 sinz 0 peakMB=99
LP_544_80_12 sinz 1 peakMB=148
LP_714_100_unknown sinz 1 peakMB=160
PK_31 sinz 1 peakMB=167
TN_108_2_12 sinz 0 peakMB=22
TN_144_2_13 sinz 1 peakMB=124
TN_180_2_17 sinz 1 peakMB=83
TN_200_10_10 sinz 0 peakMB=39
TN_216_4_18 sinz 1 peakMB=53
TN_250_10_15 sinz 1 peakMB=60
TN_252_2_21 sinz 1 peakMB=93
TN_288_2_24 sinz 1 peakMB=133
TN_324_4_25 sinz 1 peakMB=115
TN_360_4_24 sinz 1 peakMB=132
TN_36_8_3 sinz 0 peakMB=0
TN_36_8_4 sinz 0 peakMB=0
TN_396_4_26 sinz 1 peakMB=133
TN_432_8_33 sinz 1 peakMB=110
TN_468_4_31 sinz 1 peakMB=91
TN_496_2_32 sinz 1 peakMB=104
TN_504_2_45 sinz 1 peakMB=61
TN_540_4_40 sinz 1 peakMB=120
TN_54_11_4 sinz 0 peakMB=0
TN_576_2_57 sinz 1 peakMB=81
TN_576_2_59 sinz 1 peakMB=82
TN_612_2_52 sinz 1 peakMB=91
TN_648_10_71 sinz 1 peakMB=113
TN_648_14_50 sinz 1 peakMB=110
TN_684_2_29 sinz 1 peakMB=168
TN_72_14_4 sinz 0 peakMB=0
TN_72_8_8 sinz 0 peakMB=0
xu_30 sinz 1 peakMB=148
xu_42 sinz 1 peakMB=154
BB_1080_4_54 mto 1 peakMB=234
BB_108_8_10 mto 0 peakMB=0
BB_144_12_12 mto 0 peakMB=11
BB_144_14_14 mto 1 peakMB=118
BB_288_12_unknown mto 1 peakMB=177
BB_360_12_unknown mto 1 peakMB=171
BB_72_12_6 mto 0 peakMB=0
BB_756_16_34 mto 1 peakMB=120
BB_864_4_40 mto 1 peakMB=207
BB_90_8_10 mto 0 peakMB=0
GB_144_12_12 mto 1 peakMB=175
GB_144_12_8 mto 0 peakMB=0
LP_136_32_4 mto 0 peakMB=0
LP_1768_224_unknown mto 1 peakMB=204
LP_238_44_6 mto 0 peakMB=0
LP_340_56_8 mto 0 peakMB=18
LP_34_20_2 mto 0 peakMB=0
LP_442_68_10 mto 1 peakMB=126
LP_544_80_12 mto 1 peakMB=142
LP_714_100_unknown mto 1 peakMB=160
PK_31 mto 1 peakMB=175
TN_108_2_12 mto 0 peakMB=24
TN_144_2_13 mto 1 peakMB=112
TN_180_2_17 mto 1 peakMB=134
TN_200_10_10 mto 0 peakMB=52
TN_216_4_18 mto 1 peakMB=57
TN_250_10_15 mto 1 peakMB=83
TN_252_2_21 mto 1 peakMB=83
TN_288_2_24 mto 1 peakMB=150
TN_324_4_25 mto 1 peakMB=143
TN_360_4_24 mto 1 peakMB=141
TN_36_8_3 mto 0 peakMB=0
TN_36_8_4 mto 0 peakMB=0
TN_396_4_26 mto 1 peakMB=136
TN_432_8_33 mto 1 peakMB=121
TN_468_4_31 mto 1 peakMB=105
TN_496_2_32 mto 1 peakMB=97
TN_504_2_45 mto 1 peakMB=59
TN_540_4_40 mto 1 peakMB=100
TN_54_11_4 mto 0 peakMB=0
TN_576_2_57 mto 1 peakMB=110
TN_576_2_59 mto 1 peakMB=110
TN_612_2_52 mto 1 peakMB=117
TN_648_10_71 mto 1 peakMB=143
TN_648_14_50 mto 1 peakMB=152
TN_684_2_29 mto 1 peakMB=182
TN_72_14_4 mto 0 peakMB=0
TN_72_8_8 mto 0 peakMB=0
xu_30 mto 1 peakMB=151
xu_42 mto 1 peakMB=175
lock released Sun Oct 11 01:58:53 CST 2026
