OK  BB_1080_4_54 no-card TIMEOUT None 60.246 | TIMEOUT None 60.306 []
OK  BB_1080_4_54 card-mto TIMEOUT None 60.242 | TIMEOUT None 60.311 []
OK  BB_1080_4_54 default TIMEOUT None 60.241 | TIMEOUT None 60.312 []
OK  BB_1080_4_54 card-sinz TIMEOUT None 60.243 | TIMEOUT None 60.309 []
OK  BB_108_8_10 no-card done 10 2.601 | done 10 2.526 []
OK  BB_108_8_10 default done 10 2.66 | done 10 3.101 []
OK  BB_108_8_10 card-mto done 10 2.663 | done 10 3.099 []
OK  BB_108_8_10 card-sinz done 10 2.559 | done 10 3.378 []
OK  BB_144_12_12 default done 12 18.686 | done 12 27.661 []
OK  BB_144_12_12 card-mto done 12 18.762 | done 12 27.748 []
OK  BB_144_12_12 no-card done 12 20.043 | done 12 27.88 []
OK  BB_144_12_12 card-sinz done 12 34.953 | done 12 36.731 []
OK  BB_144_14_14 default TIMEOUT None 60.005 | TIMEOUT None 60.011 []
OK  BB_144_14_14 no-card TIMEOUT None 60.014 | TIMEOUT None 60.019 []
OK  BB_144_14_14 card-mto TIMEOUT None 60.008 | TIMEOUT None 60.007 []
OK  BB_144_14_14 card-sinz TIMEOUT None 60.01 | TIMEOUT None 60.017 []
OK  BB_288_12_unknown default TIMEOUT None 60.014 | TIMEOUT None 60.008 []
OK  BB_288_12_unknown no-card TIMEOUT None 60.014 | TIMEOUT None 60.011 []
OK  BB_288_12_unknown card-mto TIMEOUT None 60.02 | TIMEOUT None 60.021 []
OK  BB_288_12_unknown card-sinz TIMEOUT None 60.015 | TIMEOUT None 60.007 []
OK  BB_360_12_unknown default TIMEOUT None 60.012 | TIMEOUT None 60.014 []
OK  BB_72_12_6 default done 6 0.046 | done 6 0.063 []
OK  BB_72_12_6 no-card done 6 0.045 | done 6 0.045 []
OK  BB_72_12_6 card-mto done 6 0.063 | done 6 0.063 []
OK  BB_72_12_6 card-sinz done 6 0.048 | done 6 0.063 []
OK  BB_360_12_unknown no-card TIMEOUT None 60.015 | TIMEOUT None 60.01 []
OK  BB_360_12_unknown card-mto TIMEOUT None 60.019 | TIMEOUT None 60.019 []
OK  BB_360_12_unknown card-sinz TIMEOUT None 60.014 | TIMEOUT None 60.023 []
OK  BB_756_16_34 default TIMEOUT None 60.013 | TIMEOUT None 60.023 []
OK  BB_756_16_34 no-card TIMEOUT None 60.017 | TIMEOUT None 60.02 []
OK  BB_756_16_34 card-mto TIMEOUT None 60.008 | TIMEOUT None 60.009 []
OK  BB_756_16_34 card-sinz TIMEOUT None 60.019 | TIMEOUT None 60.013 []
OK  BB_864_4_40 default TIMEOUT None 60.018 | TIMEOUT None 60.014 []
OK  BB_864_4_40 no-card TIMEOUT None 60.022 | TIMEOUT None 60.013 []
OK  BB_864_4_40 card-mto TIMEOUT None 60.016 | TIMEOUT None 60.013 []
OK  BB_90_8_10 no-card done 10 2.147 | done 10 2.695 []
OK  BB_90_8_10 default done 10 2.314 | done 10 2.937 []
OK  BB_90_8_10 card-mto done 10 1.9 | done 10 2.763 []
OK  BB_90_8_10 card-sinz done 10 2.177 | done 10 2.56 []
OK  BB_864_4_40 card-sinz TIMEOUT None 60.012 | TIMEOUT None 60.014 []
OK  GB_144_12_12 default TIMEOUT None 60.015 | TIMEOUT None 60.009 []
OK  GB_144_12_12 no-card TIMEOUT None 60.018 | TIMEOUT None 60.023 []
OK  GB_144_12_8 default done 8 1.272 | done 8 1.341 []
OK  GB_144_12_8 no-card done 8 0.764 | done 8 1.054 []
OK  GB_144_12_12 card-mto TIMEOUT None 60.007 | TIMEOUT None 60.008 []
OK  LP_136_32_4 default done 4 0.154 | done 4 0.264 []
OK  GB_144_12_8 card-mto done 8 1.281 | done 8 1.335 []
OK  LP_136_32_4 no-card done 4 0.105 | done 4 0.132 []
OK  GB_144_12_8 card-sinz done 8 0.896 | done 8 1.439 []
OK  LP_136_32_4 card-mto done 4 0.145 | done 4 0.263 []
OK  LP_136_32_4 card-sinz done 4 0.135 | done 4 0.197 []
OK  GB_144_12_12 card-sinz TIMEOUT None 60.013 | TIMEOUT None 60.009 []
OK  LP_1768_224_unknown default TIMEOUT None 60.018 | TIMEOUT None 60.028 []
OK  LP_1768_224_unknown no-card TIMEOUT None 60.023 | TIMEOUT None 60.021 []
OK  LP_1768_224_unknown card-mto TIMEOUT None 60.023 | TIMEOUT None 60.02 []
OK  LP_238_44_6 default done 6 1.338 | done 6 2.026 []
OK  LP_238_44_6 card-mto done 6 1.327 | done 6 2.028 []
OK  LP_238_44_6 no-card done 6 1.399 | done 6 2.043 []
OK  LP_238_44_6 card-sinz done 6 1.627 | done 6 2.28 []
OK  LP_1768_224_unknown card-sinz TIMEOUT None 60.026 | TIMEOUT None 60.025 []
OK  LP_340_56_8 default TIMEOUT None 60.012 | TIMEOUT None 60.008 []
OK  LP_34_20_2 default done 2 0.014 | done 2 0.018 []
OK  LP_340_56_8 no-card TIMEOUT None 60.013 | TIMEOUT None 60.016 []
OK  LP_34_20_2 no-card done 2 0.018 | done 2 0.018 []
OK  LP_34_20_2 card-mto done 2 0.015 | done 2 0.017 []
OK  LP_34_20_2 card-sinz done 2 0.018 | done 2 0.016 []
OK  LP_340_56_8 card-mto TIMEOUT None 60.014 | TIMEOUT None 60.016 []
OK  LP_340_56_8 card-sinz TIMEOUT None 60.016 | TIMEOUT None 60.013 []
OK  LP_442_68_10 default TIMEOUT None 60.012 | TIMEOUT None 60.018 []
OK  LP_442_68_10 no-card TIMEOUT None 60.029 | TIMEOUT None 60.012 []
OK  LP_442_68_10 card-mto TIMEOUT None 60.02 | TIMEOUT None 60.01 []
OK  LP_442_68_10 card-sinz TIMEOUT None 60.021 | TIMEOUT None 60.008 []
OK  LP_544_80_12 default TIMEOUT None 60.008 | TIMEOUT None 60.019 []
OK  LP_544_80_12 no-card TIMEOUT None 60.009 | TIMEOUT None 60.02 []
OK  LP_544_80_12 card-mto TIMEOUT None 60.01 | TIMEOUT None 60.015 []
OK  LP_544_80_12 card-sinz TIMEOUT None 60.013 | TIMEOUT None 60.012 []
OK  LP_714_100_unknown default TIMEOUT None 60.018 | TIMEOUT None 60.01 []
OK  LP_714_100_unknown no-card TIMEOUT None 60.017 | TIMEOUT None 60.008 []
OK  LP_714_100_unknown card-mto TIMEOUT None 60.014 | TIMEOUT None 60.017 []
OK  LP_714_100_unknown card-sinz TIMEOUT None 60.008 | TIMEOUT None 60.021 []
OK  PK_31 default TIMEOUT None 60.013 | TIMEOUT None 60.013 []
OK  PK_31 no-card TIMEOUT None 60.017 | TIMEOUT None 60.007 []
OK  PK_31 card-mto TIMEOUT None 60.02 | TIMEOUT None 60.009 []
OK  PK_31 card-sinz TIMEOUT None 60.009 | TIMEOUT None 60.008 []
OK  TN_108_2_12 default done 12 29.382 | done 12 38.662 []
OK  TN_108_2_12 no-card done 12 31.986 | done 12 36.957 []
OK  TN_108_2_12 card-mto done 12 29.353 | done 12 38.72 []
OK  TN_108_2_12 card-sinz done 12 41.255 | done 12 52.539 []
OK  TN_144_2_13 default TIMEOUT None 60.014 | TIMEOUT None 60.005 []
OK  TN_144_2_13 no-card TIMEOUT None 60.011 | TIMEOUT None 60.011 []
OK  TN_144_2_13 card-mto TIMEOUT None 60.017 | TIMEOUT None 60.015 []
OK  TN_144_2_13 card-sinz TIMEOUT None 60.016 | TIMEOUT None 60.018 []
OK  TN_180_2_17 default TIMEOUT None 60.008 | TIMEOUT None 60.01 []
OK  TN_180_2_17 no-card TIMEOUT None 60.013 | TIMEOUT None 60.011 []
OK  TN_180_2_17 card-mto TIMEOUT None 60.013 | TIMEOUT None 60.012 []
OK  TN_200_10_10 default done 10 12.132 | done 10 15.517 []
OK  TN_200_10_10 card-mto done 10 12.099 | done 10 15.464 []
OK  TN_180_2_17 card-sinz TIMEOUT None 60.01 | TIMEOUT None 60.017 []
OK  TN_200_10_10 no-card TIMEOUT None 60.012 | TIMEOUT None 60.017 []
OK  TN_200_10_10 card-sinz TIMEOUT None 60.016 | done 10 40.749 []
OK  TN_216_4_18 default TIMEOUT None 60.006 | TIMEOUT None 60.014 []
OK  TN_216_4_18 no-card TIMEOUT None 60.015 | TIMEOUT None 60.01 []
OK  TN_216_4_18 card-mto TIMEOUT None 60.02 | TIMEOUT None 60.012 []
OK  TN_216_4_18 card-sinz TIMEOUT None 60.011 | TIMEOUT None 60.019 []
OK  TN_250_10_15 default TIMEOUT None 60.014 | TIMEOUT None 60.01 []
OK  TN_250_10_15 no-card TIMEOUT None 60.019 | TIMEOUT None 60.026 []
OK  TN_250_10_15 card-mto TIMEOUT None 60.018 | TIMEOUT None 60.029 []
OK  TN_250_10_15 card-sinz TIMEOUT None 60.019 | TIMEOUT None 60.01 []
OK  TN_252_2_21 default TIMEOUT None 60.009 | TIMEOUT None 60.006 []
OK  TN_252_2_21 no-card TIMEOUT None 60.011 | TIMEOUT None 60.011 []
OK  TN_252_2_21 card-mto TIMEOUT None 60.009 | TIMEOUT None 60.016 []
OK  TN_252_2_21 card-sinz TIMEOUT None 60.011 | TIMEOUT None 60.02 []
OK  TN_288_2_24 default TIMEOUT None 60.028 | TIMEOUT None 60.016 []
OK  TN_288_2_24 no-card TIMEOUT None 60.005 | TIMEOUT None 60.015 []
OK  TN_288_2_24 card-mto TIMEOUT None 60.007 | TIMEOUT None 60.012 []
OK  TN_288_2_24 card-sinz TIMEOUT None 60.016 | TIMEOUT None 60.009 []
OK  TN_324_4_25 default TIMEOUT None 60.015 | TIMEOUT None 60.014 []
OK  TN_324_4_25 no-card TIMEOUT None 60.021 | TIMEOUT None 60.017 []
OK  TN_324_4_25 card-mto TIMEOUT None 60.006 | TIMEOUT None 60.024 []
OK  TN_324_4_25 card-sinz TIMEOUT None 60.021 | TIMEOUT None 60.014 []
OK  TN_360_4_24 default TIMEOUT None 60.011 | TIMEOUT None 60.018 []
OK  TN_36_8_3 default done 3 0.016 | done 3 0.018 []
OK  TN_36_8_3 no-card done 3 0.018 | done 3 0.018 []
OK  TN_36_8_3 card-mto done 3 0.018 | done 3 0.018 []
OK  TN_36_8_3 card-sinz done 3 0.014 | done 3 0.018 []
OK  TN_36_8_4 default done 4 0.015 | done 4 0.018 []
OK  TN_36_8_4 no-card done 4 0.018 | done 4 0.016 []
OK  TN_36_8_4 card-mto done 4 0.018 | done 4 0.018 []
OK  TN_36_8_4 card-sinz done 4 0.018 | done 4 0.018 []
OK  TN_360_4_24 no-card TIMEOUT None 60.012 | TIMEOUT None 60.008 []
OK  TN_360_4_24 card-mto TIMEOUT None 60.011 | TIMEOUT None 60.015 []
OK  TN_360_4_24 card-sinz TIMEOUT None 60.017 | TIMEOUT None 60.018 []
OK  TN_396_4_26 default TIMEOUT None 60.025 | TIMEOUT None 60.009 []
OK  TN_396_4_26 no-card TIMEOUT None 60.014 | TIMEOUT None 60.019 []
OK  TN_396_4_26 card-mto TIMEOUT None 60.015 | TIMEOUT None 60.015 []
OK  TN_396_4_26 card-sinz TIMEOUT None 60.02 | TIMEOUT None 60.009 []
OK  TN_432_8_33 default TIMEOUT None 60.016 | TIMEOUT None 60.02 []
OK  TN_432_8_33 no-card TIMEOUT None 60.009 | TIMEOUT None 60.018 []
OK  TN_432_8_33 card-mto TIMEOUT None 60.013 | TIMEOUT None 60.019 []
OK  TN_432_8_33 card-sinz TIMEOUT None 60.008 | TIMEOUT None 60.008 []
OK  TN_468_4_31 default TIMEOUT None 60.026 | TIMEOUT None 60.016 []
OK  TN_468_4_31 no-card TIMEOUT None 60.012 | TIMEOUT None 60.021 []
OK  TN_468_4_31 card-mto TIMEOUT None 60.019 | TIMEOUT None 60.015 []
OK  TN_468_4_31 card-sinz TIMEOUT None 60.013 | TIMEOUT None 60.011 []
OK  TN_496_2_32 default TIMEOUT None 60.017 | TIMEOUT None 60.009 []
OK  TN_496_2_32 no-card TIMEOUT None 60.022 | TIMEOUT None 60.009 []
OK  TN_496_2_32 card-mto TIMEOUT None 60.022 | TIMEOUT None 60.006 []
OK  TN_496_2_32 card-sinz TIMEOUT None 60.01 | TIMEOUT None 60.018 []
OK  TN_504_2_45 default TIMEOUT None 60.02 | TIMEOUT None 60.019 []
OK  TN_504_2_45 no-card TIMEOUT None 60.013 | TIMEOUT None 60.015 []
OK  TN_504_2_45 card-mto TIMEOUT None 60.01 | TIMEOUT None 60.022 []
OK  TN_504_2_45 card-sinz TIMEOUT None 60.017 | TIMEOUT None 60.008 []
OK  TN_540_4_40 default TIMEOUT None 60.009 | TIMEOUT None 60.016 []
OK  TN_54_11_4 default done 4 0.018 | done 4 0.016 []
OK  TN_54_11_4 no-card done 4 0.018 | done 4 0.018 []
OK  TN_54_11_4 card-mto done 4 0.018 | done 4 0.018 []
OK  TN_54_11_4 card-sinz done 4 0.018 | done 4 0.018 []
OK  TN_540_4_40 no-card TIMEOUT None 60.011 | TIMEOUT None 60.016 []
OK  TN_540_4_40 card-mto TIMEOUT None 60.02 | TIMEOUT None 60.019 []
OK  TN_540_4_40 card-sinz TIMEOUT None 60.02 | TIMEOUT None 60.011 []
OK  TN_576_2_57 default TIMEOUT None 60.013 | TIMEOUT None 60.009 []
OK  TN_576_2_57 no-card TIMEOUT None 60.014 | TIMEOUT None 60.019 []
OK  TN_576_2_57 card-mto TIMEOUT None 60.019 | TIMEOUT None 60.016 []
OK  TN_576_2_57 card-sinz TIMEOUT None 60.012 | TIMEOUT None 60.018 []
OK  TN_576_2_59 default TIMEOUT None 60.01 | TIMEOUT None 60.018 []
OK  TN_576_2_59 no-card TIMEOUT None 60.015 | TIMEOUT None 60.014 []
OK  TN_576_2_59 card-mto TIMEOUT None 60.019 | TIMEOUT None 60.009 []
OK  TN_576_2_59 card-sinz TIMEOUT None 60.009 | TIMEOUT None 60.015 []
OK  TN_612_2_52 default TIMEOUT None 60.021 | TIMEOUT None 60.02 []
OK  TN_612_2_52 no-card TIMEOUT None 60.016 | TIMEOUT None 60.012 []
OK  TN_612_2_52 card-mto TIMEOUT None 60.016 | TIMEOUT None 60.026 []
OK  TN_612_2_52 card-sinz TIMEOUT None 60.011 | TIMEOUT None 60.016 []
OK  TN_648_10_71 default TIMEOUT None 60.02 | TIMEOUT None 60.012 []
OK  TN_648_10_71 no-card TIMEOUT None 60.01 | TIMEOUT None 60.02 []
OK  TN_648_10_71 card-mto TIMEOUT None 60.019 | TIMEOUT None 60.019 []
OK  TN_648_10_71 card-sinz TIMEOUT None 60.012 | TIMEOUT None 60.01 []
OK  TN_648_14_50 default TIMEOUT None 60.014 | TIMEOUT None 60.02 []
OK  TN_648_14_50 no-card TIMEOUT None 60.012 | TIMEOUT None 60.021 []
OK  TN_648_14_50 card-mto TIMEOUT None 60.01 | TIMEOUT None 60.019 []
OK  TN_648_14_50 card-sinz TIMEOUT None 60.009 | TIMEOUT None 60.01 []
OK  TN_684_2_29 default TIMEOUT None 60.016 | TIMEOUT None 60.011 []
OK  TN_72_14_4 default done 4 0.031 | done 4 0.029 []
OK  TN_72_14_4 no-card done 4 0.018 | done 4 0.033 []
OK  TN_72_14_4 card-mto done 4 0.018 | done 4 0.03 []
OK  TN_72_14_4 card-sinz done 4 0.045 | done 4 0.018 []
OK  TN_72_8_8 default done 8 0.585 | done 8 0.785 []
OK  TN_72_8_8 no-card done 8 0.638 | done 8 0.608 []
OK  TN_72_8_8 card-mto done 8 0.743 | done 8 0.567 []
OK  TN_72_8_8 card-sinz done 8 0.638 | done 8 0.423 []
OK  TN_684_2_29 no-card TIMEOUT None 60.014 | TIMEOUT None 60.021 []
OK  TN_684_2_29 card-mto TIMEOUT None 60.017 | TIMEOUT None 60.007 []
OK  TN_684_2_29 card-sinz TIMEOUT None 60.009 | TIMEOUT None 60.006 []
OK  xu_30 default TIMEOUT None 60.02 | TIMEOUT None 60.021 []
OK  xu_30 no-card TIMEOUT None 60.012 | TIMEOUT None 60.021 []
OK  xu_30 card-mto TIMEOUT None 60.022 | TIMEOUT None 60.013 []
OK  xu_30 card-sinz TIMEOUT None 60.021 | TIMEOUT None 60.021 []
OK  xu_42 default TIMEOUT None 60.025 | TIMEOUT None 60.014 []
OK  xu_42 no-card TIMEOUT None 60.014 | TIMEOUT None 60.018 []
OK  xu_42 card-mto TIMEOUT None 60.023 | TIMEOUT None 60.011 []
OK  xu_42 card-sinz TIMEOUT None 60.012 | TIMEOUT None 60.02 []
{"both_done": 58, "only_cand_done": 1, "only_base_done": 0, "problems": 0} ALL_OK
exit=0
