c DistQLDPC — QLDPC/CSS minimum distance (symplectic MaxSAT)
c solver: MaxCDCL, cardinality encoding: off (soft-conflict only)
c Hx: data/matrices/LP_136_32_4_Hx.txt
c Hz: data/matrices/LP_136_32_4_Hz.txt
c Gx: data/matrices/LP_136_32_4_Gx.txt
c Gz: data/matrices/LP_136_32_4_Gz.txt
c Hx: 60 x 136, Hz: 60 x 136, Gx: 32 x 136, Gz: 32 x 136, logicals: 64
c Mono: 0, fixed: 0
c |  Eliminated clauses:           0.04 Mb                                      |
c Reduced to 1072 vars, 5274 cls (c/v ratio==4.9, grow=0)
c No iterative elimination performed. (vars=1072, c/v ratio=4.9)
c ============================[ Search Statistics ]==============================
c | Conflicts |          ORIGINAL         |          LEARNT          | Progress |
c |           |    Vars  Clauses Literals |    Limit  Clauses Lit/Cl |          |
c ===============================================================================
c nb soft clauses: 136, of which 136 unit, 0 nonUnit and 0 empty
c total nb of literals: 19336
c conflLits 0, conflLits2 0, nbFailedLits 0, fixedVarsBypreproc 0, totalFixedVars 184
c 1 conflict sets found with length 91
c fixedCost 0, nbSatLits 0, totalFixedVars 184, objForSearch: 136

c no UB provided, search from scratch...
c ends of initiationization by VSIDS at 0 conflicts with init 10000

c UB=1 fails, cnfls=0, hcnfls=0, core 0, tier2 0, local 0, quasiC: 0 (fixed: 0)
c prunedLB 0.00, dev 0.00, succRate 0.00, nbSucc 0, nbHardens 1 (fixed 136), lk: 1, shorten: 0, pureSo 0, nbFlyRd 0, nbFixedLH 0

c Cardinality: off (soft-conflict only), UB 2
c ***** top quasi confl at level 0*****
c ***** top quasi confl at level 0*****
c ends of initiationization by VSIDS at 332 conflicts with init 9668

c UB=2 fails, cnfls=332, hcnfls=225, core 287, tier2 8, local 170, quasiC: 3 (fixed: 117)
c prunedLB 2.00, dev 0.00, succRate 0.50, nbSucc 4, nbHardens 115 (fixed 6656), lk: 8, shorten: 0, pureSo 104, nbFlyRd 7, nbFixedLH 1

c Cardinality: off (soft-conflict only), UB 4
c nbFailedLits 3, nbI 0, fixedVarsByFL 6, totalFixedVars 239, nbTested: 1020, counter 28696
c ends of initiationization by VSIDS at 1919 conflicts with init 8413

c UB=4 fails, cnfls=1919, hcnfls=528, core 1034, tier2 49, local 1072, quasiC: 52 (fixed: 2649)
c prunedLB 2.73, dev 0.45, succRate 0.91, nbSucc 1042, nbHardens 237 (fixed 17118), lk: 1139, shorten: 0, pureSo 347, nbFlyRd 45, nbFixedLH 55

c Cardinality: off (soft-conflict only), UB 8
c UB=8 succs, confls=2274, hconfls=534, core 327, tier2 114, local 234,  6 soft cls unsat (0 at L0), 184 fixed vars at L0, softCnfl 349, nbFlyRd 45, nbFixedLH 55
c nbHardens 240 (fixed 17803), shorten: 0, prunedLB 3.22, dev 0.63, succRate 0.93, nbSucc 347, lk: 372, shorten: 0, quasiC: 60 (fixed: 3083)

c ends of initiationization by VSIDS at 2274 conflicts with init 9645


c Cardinality: off (soft-conflict only), UB 6
c UB=6 succs, confls=2816, hconfls=556, core 98, tier2 194, local 686,  4 soft cls unsat (0 at L0), 184 fixed vars at L0, softCnfl 369, nbFlyRd 52, nbFixedLH 60
c nbHardens 257 (fixed 22654), shorten: 0, prunedLB 3.59, dev 0.80, succRate 0.76, nbSucc 500, lk: 654, shorten: 0, quasiC: 142 (fixed: 6462)

c LRB phase 1: conflicts 542, phase 20000000, starts 5, UP 29711
c UB=4 fails, cnfls=2816, hcnfls=556, core 98, tier2 194, local 686, quasiC: 142 (fixed: 6462)
c prunedLB 0.00, dev 0.00, succRate 0.00, nbSucc 0, nbHardens 257 (fixed 22654), lk: 0, shorten: 0, pureSo 369, nbFlyRd 52, nbFixedLH 60
c ===============================================================================
c initCost: 0, fixedBySearch: 0, optimal: 4, maxsat: 132, hardConflicts: 556
c nbLK: 2174, nbSuccLK: 1893(87.07%), nbLKup: 1175910(583.89%), hardens 257 (fixed 22654), dynVars 0, shorten: 0
c MaxSAT: OPTIMAL, Pauli weight 4 (reported cost 4), vars 1872 (base 472 + aux 1400)
c DistQLDPC — QLDPC/CSS minimum distance (symplectic MaxSAT)
c solver: MaxCDCL, cardinality encoding: off (soft-conflict only)
c Hx: data/matrices/LP_136_32_4_Hx.txt
c Hz: data/matrices/LP_136_32_4_Hz.txt
c Gx: data/matrices/LP_136_32_4_Gx.txt
c Gz: data/matrices/LP_136_32_4_Gz.txt
c Hx: 60 x 136, Hz: 60 x 136, Gx: 32 x 136, Gz: 32 x 136, logicals: 64
c d_lb: 4
c d_ub: 4
c d  : 4
o 4
