c DistQLDPC — QLDPC/CSS minimum distance (symplectic MaxSAT)
c solver: MaxCDCL, cardinality encoding: off (soft-conflict only)
c Hx: data/matrices/LP_238_44_6_Hx.txt
c Hz: data/matrices/LP_238_44_6_Hz.txt
c Gx: data/matrices/LP_238_44_6_Gx.txt
c Gz: data/matrices/LP_238_44_6_Gz.txt
c Hx: 105 x 238, Hz: 105 x 238, Gx: 44 x 238, Gz: 44 x 238, logicals: 88
c Mono: 0, fixed: 0
c |  Eliminated clauses:           0.07 Mb                                      |
c Reduced to 1990 vars, 10044 cls (c/v ratio==5.0, grow=0)
c No iterative elimination performed. (vars=1990, c/v ratio=5.0)
c ============================[ Search Statistics ]==============================
c | Conflicts |          ORIGINAL         |          LEARNT          | Progress |
c |           |    Vars  Clauses Literals |    Limit  Clauses Lit/Cl |          |
c ===============================================================================
c nb soft clauses: 238, of which 238 unit, 0 nonUnit and 0 empty
c total nb of literals: 36982
c conflLits 0, conflLits2 0, nbFailedLits 0, fixedVarsBypreproc 0, totalFixedVars 298
c 1 conflict sets found with length 156
c fixedCost 0, nbSatLits 0, totalFixedVars 298, objForSearch: 238

c no UB provided, search from scratch...
c ends of initiationization by VSIDS at 0 conflicts with init 10000

c UB=1 fails, cnfls=0, hcnfls=0, core 0, tier2 0, local 0, quasiC: 0 (fixed: 0)
c prunedLB 0.00, dev 0.00, succRate 0.00, nbSucc 0, nbHardens 1 (fixed 238), lk: 1, shorten: 0, pureSo 0, nbFlyRd 0, nbFixedLH 0

c Cardinality: off (soft-conflict only), UB 2
c ***** top quasi confl at level 0*****
c ends of initiationization by VSIDS at 312 conflicts with init 9688

c UB=2 fails, cnfls=312, hcnfls=219, core 751, tier2 4, local 172, quasiC: 2 (fixed: 137)
c prunedLB 2.00, dev 0.00, succRate 0.88, nbSucc 15, nbHardens 141 (fixed 16268), lk: 17, shorten: 0, pureSo 79, nbFlyRd 8, nbFixedLH 0

c Cardinality: off (soft-conflict only), UB 4
c nbFailedLits 0, nbI 0, fixedVarsByFL 0, totalFixedVars 309, nbTested: 1001, counter 39001
c ends of initiationization by VSIDS at 2974 conflicts with init 7338

c UB=4 fails, cnfls=2974, hcnfls=513, core 2869, tier2 77, local 2251, quasiC: 196 (fixed: 12033)
c prunedLB 2.88, dev 0.61, succRate 0.80, nbSucc 2139, nbHardens 282 (fixed 45933), lk: 2678, shorten: 0, pureSo 309, nbFlyRd 32, nbFixedLH 44

c Cardinality: off (soft-conflict only), UB 8
c UB=8 succs, confls=4101, hconfls=537, core 382, tier2 620, local 957,  6 soft cls unsat (0 at L0), 298 fixed vars at L0, softCnfl 316, nbFlyRd 39, nbFixedLH 56
c nbHardens 290 (fixed 56613), shorten: 0, prunedLB 4.84, dev 0.89, succRate 0.83, nbSucc 1096, lk: 1318, shorten: 0, quasiC: 302 (fixed: 21542)

c ends of initiationization by VSIDS at 4101 conflicts with init 8873


c Cardinality: off (soft-conflict only), UB 6
c nbFailedLits 0, nbI 0, fixedVarsByFL 0, totalFixedVars 298, nbTested: 1001, counter 108573
c nbFailedLits 0, nbI 0, fixedVarsByFL 0, totalFixedVars 319, nbTested: 1001, counter 218716
c LRB phase 1: conflicts 7523, phase 20000000, starts 31, UP 619874
c UB=6 fails, cnfls=11624, hcnfls=887, core 1674, tier2 417, local 5615, quasiC: 1287 (fixed: 86009)
c prunedLB 3.80, dev 0.79, succRate 0.75, nbSucc 6916, nbHardens 436 (fixed 137006), lk: 9243, shorten: 0, pureSo 574, nbFlyRd 122, nbFixedLH 167
c ===============================================================================
c initCost: 0, fixedBySearch: 0, optimal: 6, maxsat: 232, hardConflicts: 887
c nbLK: 13257, nbSuccLK: 10166(76.68%), nbLKup: 19271398(1857.56%), hardens 436 (fixed 137006), dynVars 0, shorten: 0
c MaxSAT: OPTIMAL, Pauli weight 6 (reported cost 6), vars 3432 (base 802 + aux 2630)
c DistQLDPC — QLDPC/CSS minimum distance (symplectic MaxSAT)
c solver: MaxCDCL, cardinality encoding: off (soft-conflict only)
c Hx: data/matrices/LP_238_44_6_Hx.txt
c Hz: data/matrices/LP_238_44_6_Hz.txt
c Gx: data/matrices/LP_238_44_6_Gx.txt
c Gz: data/matrices/LP_238_44_6_Gz.txt
c Hx: 105 x 238, Hz: 105 x 238, Gx: 44 x 238, Gz: 44 x 238, logicals: 88
c d_lb: 6
c d_ub: 6
c d  : 6
o 6
