c DistQLDPC — QLDPC/CSS minimum distance (symplectic MaxSAT)
c solver: MaxCDCL, cardinality encoding: off (soft-conflict only)
c Hx: data/matrices/BB_90_8_10_Hx.txt
c Hz: data/matrices/BB_90_8_10_Hz.txt
c Gx: data/matrices/BB_90_8_10_Gx.txt
c Gz: data/matrices/BB_90_8_10_Gz.txt
c Hx: 45 x 90, Hz: 45 x 90, Gx: 8 x 90, Gz: 8 x 90, logicals: 16
c Mono: 0, fixed: 0
c |  Eliminated clauses:           0.02 Mb                                      |
c Reduced to 564 vars, 2464 cls (c/v ratio==4.4, grow=0)
c No iterative elimination performed. (vars=564, c/v ratio=4.4)
c ============================[ Search Statistics ]==============================
c | Conflicts |          ORIGINAL         |          LEARNT          | Progress |
c |           |    Vars  Clauses Literals |    Limit  Clauses Lit/Cl |          |
c ===============================================================================
c nb soft clauses: 90, of which 90 unit, 0 nonUnit and 0 empty
c total nb of literals: 8714
c conflLits 0, conflLits2 0, nbFailedLits 0, fixedVarsBypreproc 0, totalFixedVars 106
c 1 conflict sets found with length 52
c fixedCost 0, nbSatLits 0, totalFixedVars 106, objForSearch: 90

c no UB provided, search from scratch...
c ends of initiationization by VSIDS at 0 conflicts with init 10000

c UB=1 fails, cnfls=0, hcnfls=0, core 0, tier2 0, local 0, quasiC: 0 (fixed: 0)
c prunedLB 0.00, dev 0.00, succRate 0.00, nbSucc 0, nbHardens 1 (fixed 90), lk: 1, shorten: 0, pureSo 0, nbFlyRd 0, nbFixedLH 0

c Cardinality: off (soft-conflict only), UB 2
c ***** top quasi confl at level 0*****
c ends of initiationization by VSIDS at 153 conflicts with init 9847

c UB=2 fails, cnfls=153, hcnfls=95, core 113, tier2 15, local 63, quasiC: 1 (fixed: 24)
c prunedLB 0.00, dev 0.00, succRate 0.00, nbSucc 0, nbHardens 46 (fixed 2290), lk: 1, shorten: 0, pureSo 58, nbFlyRd 13, nbFixedLH 0

c Cardinality: off (soft-conflict only), UB 4
c ends of initiationization by VSIDS at 810 conflicts with init 9343

c UB=4 fails, cnfls=810, hcnfls=298, core 374, tier2 35, local 364, quasiC: 16 (fixed: 516)
c prunedLB 2.67, dev 0.48, succRate 0.95, nbSucc 380, nbHardens 173 (fixed 10545), lk: 402, shorten: 0, pureSo 133, nbFlyRd 26, nbFixedLH 8

c Cardinality: off (soft-conflict only), UB 8
c nbFailedLits 0, nbI 0, fixedVarsByFL 0, totalFixedVars 108, nbTested: 562, counter 33613
c nbFailedLits 0, nbI 0, fixedVarsByFL 0, totalFixedVars 126, nbTested: 544, counter 95079
c ends of initiationization by VSIDS at 5289 conflicts with init 5521

c UB=8 fails, cnfls=5289, hcnfls=459, core 1453, tier2 251, local 1821, quasiC: 822 (fixed: 19671)
c prunedLB 4.87, dev 1.05, succRate 0.71, nbSucc 4251, nbHardens 216 (fixed 31465), lk: 5974, shorten: 0, pureSo 201, nbFlyRd 43, nbFixedLH 64

c Cardinality: off (soft-conflict only), UB 16
c nbFailedLits 0, nbI 0, fixedVarsByFL 0, totalFixedVars 106, nbTested: 564, counter 114381
c UB=16 succs, confls=6388, hconfls=476, core 2, tier2 0, local 1098,  14 soft cls unsat (0 at L0), 106 fixed vars at L0, softCnfl 201, nbFlyRd 45, nbFixedLH 65
c nbHardens 218 (fixed 33280), shorten: 0, prunedLB 6.49, dev 1.66, succRate 0.89, nbSucc 1082, lk: 1213, shorten: 0, quasiC: 889 (fixed: 21354)

c ends of initiationization by VSIDS at 6388 conflicts with init 8901


c Cardinality: off (soft-conflict only), UB 14
c UB=14 succs, confls=6656, hconfls=484, core 6, tier2 33, local 1365,  12 soft cls unsat (0 at L0), 106 fixed vars at L0, softCnfl 206, nbFlyRd 50, nbFixedLH 70
c nbHardens 218 (fixed 34186), shorten: 0, prunedLB 7.04, dev 1.75, succRate 0.72, nbSucc 255, lk: 356, shorten: 0, quasiC: 920 (fixed: 22260)


c Cardinality: off (soft-conflict only), UB 12
c UB=12 succs, confls=6761, hconfls=487, core 6, tier2 36, local 1472,  10 soft cls unsat (0 at L0), 106 fixed vars at L0, softCnfl 209, nbFlyRd 50, nbFixedLH 73
c nbHardens 221 (fixed 34517), shorten: 0, prunedLB 5.18, dev 1.31, succRate 0.60, nbSucc 99, lk: 166, shorten: 0, quasiC: 930 (fixed: 22467)


c Cardinality: off (soft-conflict only), UB 10
c nbFailedLits 0, nbI 0, fixedVarsByFL 0, totalFixedVars 107, nbTested: 563, counter 175940
c nbFailedLits 0, nbI 0, fixedVarsByFL 0, totalFixedVars 110, nbTested: 560, counter 282234
c nbFailedLits 0, nbI 0, fixedVarsByFL 0, totalFixedVars 114, nbTested: 556, counter 446546
c nbFailedLits 0, nbI 0, fixedVarsByFL 0, totalFixedVars 130, nbTested: 540, counter 616278
c LRB phase 1: conflicts 30484, phase 20000000, starts 110, UP 1235352
c UB=10 fails, cnfls=36872, hcnfls=1684, core 4758, tier2 1775, local 3918, quasiC: 6987 (fixed: 183403)
c prunedLB 5.69, dev 1.33, succRate 0.66, nbSucc 28379, nbHardens 528 (fixed 207415), lk: 42693, shorten: 0, pureSo 745, nbFlyRd 219, nbFixedLH 522
c ===============================================================================
c initCost: 0, fixedBySearch: 0, optimal: 10, maxsat: 80, hardConflicts: 1684
c nbLK: 50806, nbSuccLK: 34446(67.80%), nbLKup: 24426715(1694.84%), hardens 528 (fixed 207415), dynVars 0, shorten: 0
c MaxSAT: OPTIMAL, Pauli weight 10 (reported cost 10), vars 940 (base 286 + aux 654)
c DistQLDPC — QLDPC/CSS minimum distance (symplectic MaxSAT)
c solver: MaxCDCL, cardinality encoding: off (soft-conflict only)
c Hx: data/matrices/BB_90_8_10_Hx.txt
c Hz: data/matrices/BB_90_8_10_Hz.txt
c Gx: data/matrices/BB_90_8_10_Gx.txt
c Gz: data/matrices/BB_90_8_10_Gz.txt
c Hx: 45 x 90, Hz: 45 x 90, Gx: 8 x 90, Gz: 8 x 90, logicals: 16
c d_lb: 10
c d_ub: 10
c d  : 10
o 10
