c DistQLDPC — QLDPC/CSS minimum distance (symplectic MaxSAT)
c solver: MaxCDCL, cardinality encoding: MTO only
c Hx: data/matrices/GB_144_12_8_Hx.txt
c Hz: data/matrices/GB_144_12_8_Hz.txt
c Gx: data/matrices/GB_144_12_8_Gx.txt
c Gz: data/matrices/GB_144_12_8_Gz.txt
c Hx: 66 x 144, Hz: 66 x 144, Gx: 12 x 144, Gz: 12 x 144, logicals: 24
c Mono: 0, fixed: 0
c |  Eliminated clauses:           0.04 Mb                                      |
c Reduced to 1007 vars, 4942 cls (c/v ratio==4.9, grow=0)
c No iterative elimination performed. (vars=1007, c/v ratio=4.9)
c ============================[ Search Statistics ]==============================
c | Conflicts |          ORIGINAL         |          LEARNT          | Progress |
c |           |    Vars  Clauses Literals |    Limit  Clauses Lit/Cl |          |
c ===============================================================================
c nb soft clauses: 144, of which 144 unit, 0 nonUnit and 0 empty
c total nb of literals: 18204
c conflLits 0, conflLits2 0, nbFailedLits 0, fixedVarsBypreproc 0, totalFixedVars 156
c 1 conflict sets found with length 81
c fixedCost 0, nbSatLits 0, totalFixedVars 156, objForSearch: 144

c no UB provided, search from scratch...
c ends of initiationization by VSIDS at 0 conflicts with init 10000

c UB=1 fails, cnfls=0, hcnfls=0, core 0, tier2 0, local 0, quasiC: 0 (fixed: 0)
c prunedLB 0.00, dev 0.00, succRate 0.00, nbSucc 0, nbHardens 1 (fixed 144), lk: 1, shorten: 0, pureSo 0, nbFlyRd 0, nbFixedLH 0

c Cardinality: 429 (MTO) for UB 2
c ***** top quasi confl at level 0*****
c ends of initiationization by VSIDS at 4 conflicts with init 9996

c UB=2 fails, cnfls=4, hcnfls=4, core 2, tier2 0, local 0, quasiC: 1 (fixed: 53)
c prunedLB 0.00, dev 0.00, succRate 0.00, nbSucc 0, nbHardens 1 (fixed 197), lk: 1, shorten: 0, pureSo 0, nbFlyRd 1, nbFixedLH 0

c Cardinality: 919 (MTO) for UB 4
c ends of initiationization by VSIDS at 996 conflicts with init 9008

c UB=4 fails, cnfls=996, hcnfls=546, core 448, tier2 125, local 628, quasiC: 36 (fixed: 1754)
c prunedLB 2.71, dev 0.59, succRate 0.83, nbSucc 362, nbHardens 128 (fixed 17481), lk: 434, shorten: 0, pureSo 89, nbFlyRd 22, nbFixedLH 16

c Cardinality: 1248 (MTO) for UB 8
c nbFailedLits 0, nbI 0, fixedVarsByFL 0, totalFixedVars 156, nbTested: 1001, counter 67123
c nbFailedLits 0, nbI 0, fixedVarsByFL 0, totalFixedVars 179, nbTested: 1001, counter 135892
c ends of initiationization by VSIDS at 6969 conflicts with init 4027

c UB=8 fails, cnfls=6969, hcnfls=756, core 981, tier2 232, local 2911, quasiC: 758 (fixed: 35532)
c prunedLB 5.10, dev 1.07, succRate 0.75, nbSucc 5627, nbHardens 195 (fixed 56015), lk: 7500, shorten: 0, pureSo 226, nbFlyRd 47, nbFixedLH 102

c Cardinality: 1433 (MTO) for UB 16
c nbFailedLits 0, nbI 0, fixedVarsByFL 0, totalFixedVars 156, nbTested: 1001, counter 214198
c UB=16 succs, confls=8803, hconfls=807, core 191, tier2 7, local 1652,  14 soft cls unsat (0 at L0), 156 fixed vars at L0, softCnfl 229, nbFlyRd 56, nbFixedLH 112
c nbHardens 197 (fixed 67994), shorten: 0, prunedLB 9.27, dev 1.36, succRate 0.78, nbSucc 1780, lk: 2293, shorten: 0, quasiC: 1017 (fixed: 47327)

c ends of initiationization by VSIDS at 8803 conflicts with init 8166


c Cardinality: 1434 (MTO) for UB 14
c UB=14 succs, confls=9638, hconfls=1077, core 297, tier2 35, local 2386,  13 soft cls unsat (0 at L0), 156 fixed vars at L0, softCnfl 231, nbFlyRd 73, nbFixedLH 150
c nbHardens 204 (fixed 73270), shorten: 0, prunedLB 7.75, dev 1.60, succRate 0.64, nbSucc 563, lk: 884, shorten: 0, quasiC: 1129 (fixed: 52560)


c Cardinality: 1435 (MTO) for UB 13
c UB=13 succs, confls=10029, hconfls=1122, core 334, tier2 38, local 2743,  12 soft cls unsat (0 at L0), 156 fixed vars at L0, softCnfl 232, nbFlyRd 74, nbFixedLH 154
c nbHardens 206 (fixed 76960), shorten: 0, prunedLB 7.43, dev 1.19, succRate 0.68, nbSucc 345, lk: 505, shorten: 0, quasiC: 1195 (fixed: 56250)


c Cardinality: 1434 (MTO) for UB 12
c UB=12 succs, confls=10071, hconfls=1152, core 363, tier2 39, local 2755,  11 soft cls unsat (0 at L0), 156 fixed vars at L0, softCnfl 233, nbFlyRd 77, nbFixedLH 154
c nbHardens 208 (fixed 77083), shorten: 0, prunedLB 6.73, dev 0.75, succRate 0.61, nbSucc 11, lk: 18, shorten: 0, quasiC: 1198 (fixed: 56373)


c Cardinality: 1435 (MTO) for UB 11
c UB=11 succs, confls=10120, hconfls=1169, core 380, tier2 40, local 2788,  10 soft cls unsat (0 at L0), 156 fixed vars at L0, softCnfl 233, nbFlyRd 78, nbFixedLH 154
c nbHardens 211 (fixed 77621), shorten: 0, prunedLB 6.78, dev 0.82, succRate 0.56, nbSucc 32, lk: 57, shorten: 0, quasiC: 1207 (fixed: 56849)


c Cardinality: 1435 (MTO) for UB 10
c UB=10 succs, confls=10157, hconfls=1179, core 390, tier2 40, local 2816,  9 soft cls unsat (0 at L0), 156 fixed vars at L0, softCnfl 233, nbFlyRd 78, nbFixedLH 155
c nbHardens 213 (fixed 77765), shorten: 0, prunedLB 6.19, dev 0.47, succRate 0.73, nbSucc 27, lk: 37, shorten: 0, quasiC: 1210 (fixed: 56993)


c Cardinality: 1436 (MTO) for UB 9
c nbFailedLits 0, nbI 0, fixedVarsByFL 0, totalFixedVars 158, nbTested: 1001, counter 286514
c UB=9 succs, confls=11782, hconfls=1235, core 1033, tier2 315, local 3512,  8 soft cls unsat (0 at L0), 158 fixed vars at L0, softCnfl 245, nbFlyRd 87, nbFixedLH 172
c nbHardens 224 (fixed 89509), shorten: 0, prunedLB 6.00, dev 1.02, succRate 0.73, nbSucc 1557, lk: 2129, shorten: 0, quasiC: 1476 (fixed: 68307)

c LRB phase 1: conflicts 2979, phase 20000000, starts 19, UP 193925
c UB=8 fails, cnfls=11782, hcnfls=1235, core 1033, tier2 315, local 3512, quasiC: 1476 (fixed: 68307)
c prunedLB 0.00, dev 0.00, succRate 0.00, nbSucc 0, nbHardens 224 (fixed 89509), lk: 0, shorten: 0, pureSo 245, nbFlyRd 87, nbFixedLH 172
c ===============================================================================
c initCost: 0, fixedBySearch: 0, optimal: 8, maxsat: 136, hardConflicts: 1235
c nbLK: 13859, nbSuccLK: 10304(74.35%), nbLKup: 11437247(1679.60%), hardens 224 (fixed 89509), dynVars 4767, shorten: 0
c MaxSAT: OPTIMAL, Pauli weight 8 (reported cost 8), vars 6506 (base 456 + aux 1283)
c DistQLDPC — QLDPC/CSS minimum distance (symplectic MaxSAT)
c solver: MaxCDCL, cardinality encoding: MTO only
c Hx: data/matrices/GB_144_12_8_Hx.txt
c Hz: data/matrices/GB_144_12_8_Hz.txt
c Gx: data/matrices/GB_144_12_8_Gx.txt
c Gz: data/matrices/GB_144_12_8_Gz.txt
c Hx: 66 x 144, Hz: 66 x 144, Gx: 12 x 144, Gz: 12 x 144, logicals: 24
c d_lb: 8
c d_ub: 8
c d  : 8
o 8
