c DistQLDPC — QLDPC/CSS minimum distance (symplectic MaxSAT)
c solver: MaxCDCL, cardinality encoding: MTO only
c Hx: data/matrices/LP_238_44_6_Hx.txt
c Hz: data/matrices/LP_238_44_6_Hz.txt
c Gx: data/matrices/LP_238_44_6_Gx.txt
c Gz: data/matrices/LP_238_44_6_Gz.txt
c Hx: 105 x 238, Hz: 105 x 238, Gx: 44 x 238, Gz: 44 x 238, logicals: 88
c Mono: 0, fixed: 0
c |  Eliminated clauses:           0.07 Mb                                      |
c Reduced to 1990 vars, 10044 cls (c/v ratio==5.0, grow=0)
c No iterative elimination performed. (vars=1990, c/v ratio=5.0)
c ============================[ Search Statistics ]==============================
c | Conflicts |          ORIGINAL         |          LEARNT          | Progress |
c |           |    Vars  Clauses Literals |    Limit  Clauses Lit/Cl |          |
c ===============================================================================
c nb soft clauses: 238, of which 238 unit, 0 nonUnit and 0 empty
c total nb of literals: 36982
c conflLits 0, conflLits2 0, nbFailedLits 0, fixedVarsBypreproc 0, totalFixedVars 298
c 1 conflict sets found with length 156
c fixedCost 0, nbSatLits 0, totalFixedVars 298, objForSearch: 238

c no UB provided, search from scratch...
c ends of initiationization by VSIDS at 0 conflicts with init 10000

c UB=1 fails, cnfls=0, hcnfls=0, core 0, tier2 0, local 0, quasiC: 0 (fixed: 0)
c prunedLB 0.00, dev 0.00, succRate 0.00, nbSucc 0, nbHardens 1 (fixed 238), lk: 1, shorten: 0, pureSo 0, nbFlyRd 0, nbFixedLH 0

c Cardinality: 711 (MTO) for UB 2
c ***** top quasi confl at level 0*****
c ends of initiationization by VSIDS at 42 conflicts with init 9958

c UB=2 fails, cnfls=42, hcnfls=42, core 29, tier2 5, local 11, quasiC: 1 (fixed: 33)
c prunedLB 0.00, dev 0.00, succRate 0.00, nbSucc 0, nbHardens 1 (fixed 271), lk: 1, shorten: 0, pureSo 0, nbFlyRd 2, nbFixedLH 0

c Cardinality: 1529 (MTO) for UB 4
c nbFailedLits 0, nbI 0, fixedVarsByFL 0, totalFixedVars 305, nbTested: 1001, counter 40671
c ends of initiationization by VSIDS at 3221 conflicts with init 6821

c UB=4 fails, cnfls=3221, hcnfls=751, core 3458, tier2 262, local 2496, quasiC: 189 (fixed: 12620)
c prunedLB 2.86, dev 0.61, succRate 0.81, nbSucc 2193, nbHardens 233 (fixed 42740), lk: 2722, shorten: 0, pureSo 278, nbFlyRd 32, nbFixedLH 49

c Cardinality: 2080 (MTO) for UB 8
c nbFailedLits 0, nbI 0, fixedVarsByFL 0, totalFixedVars 298, nbTested: 1001, counter 114638
c UB=8 succs, confls=5056, hconfls=809, core 512, tier2 243, local 1559,  6 soft cls unsat (0 at L0), 298 fixed vars at L0, softCnfl 297, nbFlyRd 44, nbFixedLH 74
c nbHardens 253 (fixed 60058), shorten: 0, prunedLB 4.92, dev 0.95, succRate 0.83, nbSucc 1758, lk: 2126, shorten: 0, quasiC: 351 (fixed: 27660)

c ends of initiationization by VSIDS at 5056 conflicts with init 8165


c Cardinality: 2081 (MTO) for UB 6
c nbFailedLits 0, nbI 0, fixedVarsByFL 0, totalFixedVars 327, nbTested: 1001, counter 222317
c nbFailedLits 0, nbI 5, fixedVarsByFL 5, totalFixedVars 359, nbTested: 1303, counter 426853
c LRB phase 1: conflicts 8192, phase 20000000, starts 32, UP 720606
c UB=6 fails, cnfls=13248, hcnfls=1335, core 1124, tier2 223, local 6017, quasiC: 1509 (fixed: 97653)
c prunedLB 3.77, dev 0.79, succRate 0.74, nbSucc 7387, nbHardens 434 (fixed 150004), lk: 9966, shorten: 0, pureSo 577, nbFlyRd 128, nbFixedLH 212
c ===============================================================================
c initCost: 0, fixedBySearch: 0, optimal: 6, maxsat: 232, hardConflicts: 1335
c nbLK: 14816, nbSuccLK: 11338(76.53%), nbLKup: 21378318(1828.92%), hardens 434 (fixed 150004), dynVars 1930, shorten: 0
c MaxSAT: OPTIMAL, Pauli weight 6 (reported cost 6), vars 5362 (base 802 + aux 2630)
c DistQLDPC — QLDPC/CSS minimum distance (symplectic MaxSAT)
c solver: MaxCDCL, cardinality encoding: MTO only
c Hx: data/matrices/LP_238_44_6_Hx.txt
c Hz: data/matrices/LP_238_44_6_Hz.txt
c Gx: data/matrices/LP_238_44_6_Gx.txt
c Gz: data/matrices/LP_238_44_6_Gz.txt
c Hx: 105 x 238, Hz: 105 x 238, Gx: 44 x 238, Gz: 44 x 238, logicals: 88
c d_lb: 6
c d_ub: 6
c d  : 6
o 6
