c DistQLDPC — QLDPC/CSS minimum distance (symplectic MaxSAT)
c solver: MaxCDCL, cardinality encoding: off (soft-conflict only)
c Hx: data/matrices/LP_340_56_8_Hx.txt
c Hz: data/matrices/LP_340_56_8_Hz.txt
c Gx: data/matrices/LP_340_56_8_Gx.txt
c Gz: data/matrices/LP_340_56_8_Gz.txt
c Hx: 150 x 340, Hz: 150 x 340, Gx: 56 x 340, Gz: 56 x 340, logicals: 112
c Mono: 0, fixed: 0
c |  Eliminated clauses:           0.12 Mb                                      |
c Reduced to 3160 vars, 16654 cls (c/v ratio==5.3, grow=0)
c No iterative elimination performed. (vars=3160, c/v ratio=5.3)
c ============================[ Search Statistics ]==============================
c | Conflicts |          ORIGINAL         |          LEARNT          | Progress |
c |           |    Vars  Clauses Literals |    Limit  Clauses Lit/Cl |          |
c ===============================================================================
c nb soft clauses: 340, of which 340 unit, 0 nonUnit and 0 empty
c total nb of literals: 61812
c conflLits 0, conflLits2 0, nbFailedLits 0, fixedVarsBypreproc 0, totalFixedVars 412
c 1 conflict sets found with length 220
c fixedCost 0, nbSatLits 0, totalFixedVars 412, objForSearch: 340

c no UB provided, search from scratch...
c ends of initiationization by VSIDS at 0 conflicts with init 10000

c UB=1 fails, cnfls=0, hcnfls=0, core 0, tier2 0, local 0, quasiC: 0 (fixed: 0)
c prunedLB 0.00, dev 0.00, succRate 0.00, nbSucc 0, nbHardens 1 (fixed 340), lk: 1, shorten: 0, pureSo 0, nbFlyRd 0, nbFixedLH 0

c Cardinality: off (soft-conflict only), UB 2
c ***** top quasi confl at level 0*****
c ends of initiationization by VSIDS at 316 conflicts with init 9684

c UB=2 fails, cnfls=316, hcnfls=220, core 2358, tier2 3, local 185, quasiC: 3 (fixed: 307)
c prunedLB 2.00, dev 0.00, succRate 0.79, nbSucc 11, nbHardens 118 (fixed 18190), lk: 14, shorten: 0, pureSo 85, nbFlyRd 9, nbFixedLH 0

c Cardinality: off (soft-conflict only), UB 4
c nbFailedLits 0, nbI 0, fixedVarsByFL 0, totalFixedVars 418, nbTested: 1001, counter 39153
c ends of initiationization by VSIDS at 3841 conflicts with init 6475

c UB=4 fails, cnfls=3841, hcnfls=725, core 4638, tier2 280, local 2973, quasiC: 214 (fixed: 19490)
c prunedLB 2.90, dev 0.64, succRate 0.81, nbSucc 2666, nbHardens 344 (fixed 78191), lk: 3290, shorten: 0, pureSo 440, nbFlyRd 39, nbFixedLH 52

c Cardinality: off (soft-conflict only), UB 8
c nbFailedLits 0, nbI 0, fixedVarsByFL 0, totalFixedVars 412, nbTested: 1001, counter 148281
c nbFailedLits 0, nbI 0, fixedVarsByFL 0, totalFixedVars 413, nbTested: 1001, counter 235585
c nbFailedLits 0, nbI 0, fixedVarsByFL 0, totalFixedVars 420, nbTested: 1001, counter 403455
c ends of initiationization by VSIDS at 13883 conflicts with init -42

c nbFailedLits 0, nbI 0, fixedVarsByFL 0, totalFixedVars 427, nbTested: 1001, counter 701202
c nbFailedLits 0, nbI 0, fixedVarsByFL 0, totalFixedVars 452, nbTested: 1001, counter 1091602
c nbFailedLits 0, nbI 2, fixedVarsByFL 2, totalFixedVars 493, nbTested: 1002, counter 1518919
c nbFailedLits 0, nbI 0, fixedVarsByFL 0, totalFixedVars 634, nbTested: 1001, counter 2062273
c LRB phase 1: conflicts 50224, phase 20000000, starts 151, UP 5172432
c UB=8 fails, cnfls=64107, hcnfls=2374, core 4464, tier2 1335, local 7795, quasiC: 7528 (fixed: 735861)
c prunedLB 5.11, dev 1.02, succRate 0.77, nbSucc 57493, nbHardens 891 (fixed 879094), lk: 74684, shorten: 0, pureSo 1565, nbFlyRd 308, nbFixedLH 832

c Cardinality: off (soft-conflict only), UB 16
c nbFailedLits 0, nbI 0, fixedVarsByFL 0, totalFixedVars 412, nbTested: 1001, counter 2518333
c nbFailedLits 0, nbI 0, fixedVarsByFL 0, totalFixedVars 412, nbTested: 1001, counter 2608389
c nbFailedLits 0, nbI 0, fixedVarsByFL 0, totalFixedVars 412, nbTested: 1001, counter 2763921
c ends of initiationization by VSIDS at 74116 conflicts with init -9

c nbFailedLits 0, nbI 0, fixedVarsByFL 0, totalFixedVars 412, nbTested: 1001, counter 3049932
c UB=16 succs, confls=84565, hconfls=2551, core 1482, tier2 971, local 12378,  14 soft cls unsat (0 at L0), 412 fixed vars at L0, softCnfl 1638, nbFlyRd 373, nbFixedLH 1012
c nbHardens 940 (fixed 1189433), shorten: 0, prunedLB 9.21, dev 2.37, succRate 0.79, nbSucc 20208, lk: 25456, shorten: 0, quasiC: 10055 (fixed: 1038997)


c Cardinality: off (soft-conflict only), UB 14
c nbFailedLits 0, nbI 0, fixedVarsByFL 0, totalFixedVars 412, nbTested: 1001, counter 3430187
c nbFailedLits 0, nbI 0, fixedVarsByFL 0, totalFixedVars 412, nbTested: 1001, counter 3885416
c nbFailedLits 0, nbI 0, fixedVarsByFL 0, totalFixedVars 412, nbTested: 1001, counter 4310726
c nbFailedLits 0, nbI 0, fixedVarsByFL 0, totalFixedVars 412, nbTested: 1001, counter 4934225
c nbFailedLits 0, nbI 0, fixedVarsByFL 0, totalFixedVars 412, nbTested: 1001, counter 5609150
c nbFailedLits 0, nbI 0, fixedVarsByFL 0, totalFixedVars 412, nbTested: 1001, counter 6449160
c nbFailedLits 0, nbI 0, fixedVarsByFL 0, totalFixedVars 412, nbTested: 1001, counter 7285305
c nbFailedLits 0, nbI 0, fixedVarsByFL 0, totalFixedVars 413, nbTested: 1001, counter 8144052
c nbFailedLits 0, nbI 0, fixedVarsByFL 0, totalFixedVars 413, nbTested: 1001, counter 9140758
c nbFailedLits 0, nbI 0, fixedVarsByFL 0, totalFixedVars 413, nbTested: 1001, counter 10192498
c LRB phase 2: conflicts 208935, phase 20000000, starts 510, UP 20483504
c nbFailedLits 0, nbI 0, fixedVarsByFL 0, totalFixedVars 413, nbTested: 1001, counter 11317214
c nbFailedLits 0, nbI 0, fixedVarsByFL 0, totalFixedVars 413, nbTested: 1001, counter 12297618
c nbFailedLits 0, nbI 0, fixedVarsByFL 0, totalFixedVars 413, nbTested: 1001, counter 13406731
c UB=14 succs, confls=373585, hconfls=6617, core 24107, tier2 1992, local 22992,  12 soft cls unsat (0 at L0), 413 fixed vars at L0, softCnfl 4086, nbFlyRd 1178, nbFixedLH 3822
c nbHardens 2164 (fixed 5763491), shorten: 0, prunedLB 7.99, dev 2.22, succRate 0.77, nbSucc 282506, lk: 365772, shorten: 0, quasiC: 48338 (fixed: 5419902)


c Cardinality: off (soft-conflict only), UB 12
c UB=12 succs, confls=374614, hconfls=6625, core 24123, tier2 2334, local 23988,  10 soft cls unsat (0 at L0), 413 fixed vars at L0, softCnfl 4092, nbFlyRd 1180, nbFixedLH 3832
c nbHardens 2169 (fixed 5782606), shorten: 0, prunedLB 7.41, dev 1.39, succRate 0.75, nbSucc 1015, lk: 1354, shorten: 0, quasiC: 48475 (fixed: 5437842)


c Cardinality: off (soft-conflict only), UB 10
c UB=10 succs, confls=378929, hconfls=6673, core 12392, tier2 2662, local 27168,  8 soft cls unsat (0 at L0), 416 fixed vars at L0, softCnfl 4121, nbFlyRd 1186, nbFixedLH 3865
c nbHardens 2180 (fixed 5840454), shorten: 0, prunedLB 6.48, dev 1.10, succRate 0.80, nbSucc 4238, lk: 5292, shorten: 0, quasiC: 48948 (fixed: 5493261)

c VSIDS phase 1: conflicts 95878, phase 20000000, starts 589, UP 7727833
c UB=8 fails, cnfls=378929, hcnfls=6673, core 12392, tier2 2662, local 27168, quasiC: 48948 (fixed: 5493261)
c prunedLB 0.00, dev 0.00, succRate 0.00, nbSucc 0, nbHardens 2180 (fixed 5840454), lk: 0, shorten: 0, pureSo 4121, nbFlyRd 1186, nbFixedLH 3865
c ===============================================================================
c initCost: 0, fixedBySearch: 0, optimal: 8, maxsat: 332, hardConflicts: 6673
c nbLK: 475863, nbSuccLK: 368137(77.36%), nbLKup: 1082845402(3053.58%), hardens 2180 (fixed 5840454), dynVars 0, shorten: 0
c MaxSAT: OPTIMAL, Pauli weight 8 (reported cost 8), vars 5452 (base 1132 + aux 4320)
c DistQLDPC — QLDPC/CSS minimum distance (symplectic MaxSAT)
c solver: MaxCDCL, cardinality encoding: off (soft-conflict only)
c Hx: data/matrices/LP_340_56_8_Hx.txt
c Hz: data/matrices/LP_340_56_8_Hz.txt
c Gx: data/matrices/LP_340_56_8_Gx.txt
c Gz: data/matrices/LP_340_56_8_Gz.txt
c Hx: 150 x 340, Hz: 150 x 340, Gx: 56 x 340, Gz: 56 x 340, logicals: 112
c d_lb: 8
c d_ub: 8
c d  : 8
o 8
