c DistQLDPC — QLDPC/CSS minimum distance (symplectic MaxSAT)
c solver: MaxCDCL, cardinality encoding: off (soft-conflict only)
c Hx: data/matrices/LP_340_56_8_Hx.txt
c Hz: data/matrices/LP_340_56_8_Hz.txt
c Gx: data/matrices/LP_340_56_8_Gx.txt
c Gz: data/matrices/LP_340_56_8_Gz.txt
c Hx: 150 x 340, Hz: 150 x 340, Gx: 56 x 340, Gz: 56 x 340, logicals: 112
c Mono: 0, fixed: 0
c |  Eliminated clauses:           0.12 Mb                                      |
c Reduced to 3160 vars, 16654 cls (c/v ratio==5.3, grow=0)
c No iterative elimination performed. (vars=3160, c/v ratio=5.3)
c ============================[ Search Statistics ]==============================
c | Conflicts |          ORIGINAL         |          LEARNT          | Progress |
c |           |    Vars  Clauses Literals |    Limit  Clauses Lit/Cl |          |
c ===============================================================================
c nb soft clauses: 340, of which 340 unit, 0 nonUnit and 0 empty
c total nb of literals: 61812
c conflLits 0, conflLits2 0, nbFailedLits 0, fixedVarsBypreproc 0, totalFixedVars 412
c 1 conflict sets found with length 220
c fixedCost 0, nbSatLits 0, totalFixedVars 412, objForSearch: 340

c no UB provided, search from scratch...
c ends of initiationization by VSIDS at 0 conflicts with init 10000

c UB=1 fails, cnfls=0, hcnfls=0, core 0, tier2 0, local 0, quasiC: 0 (fixed: 0)
c prunedLB 0.00, dev 0.00, succRate 0.00, nbSucc 0, nbHardens 1 (fixed 340), lk: 1, shorten: 0, pureSo 0, nbFlyRd 0, nbFixedLH 0

c Cardinality: off (soft-conflict only), UB 2
c ***** top quasi confl at level 0*****
c ends of initiationization by VSIDS at 316 conflicts with init 9684

c UB=2 fails, cnfls=316, hcnfls=220, core 2358, tier2 3, local 185, quasiC: 3 (fixed: 307)
c prunedLB 2.00, dev 0.00, succRate 0.79, nbSucc 11, nbHardens 118 (fixed 18190), lk: 14, shorten: 0, pureSo 85, nbFlyRd 9, nbFixedLH 0

c Cardinality: off (soft-conflict only), UB 4
c nbFailedLits 0, nbI 0, fixedVarsByFL 0, totalFixedVars 418, nbTested: 1001, counter 39153
c ends of initiationization by VSIDS at 3841 conflicts with init 6475

c UB=4 fails, cnfls=3841, hcnfls=725, core 4638, tier2 280, local 2973, quasiC: 214 (fixed: 19490)
c prunedLB 2.90, dev 0.64, succRate 0.81, nbSucc 2666, nbHardens 344 (fixed 78191), lk: 3290, shorten: 0, pureSo 440, nbFlyRd 39, nbFixedLH 52

c Cardinality: off (soft-conflict only), UB 8
c nbFailedLits 0, nbI 0, fixedVarsByFL 0, totalFixedVars 412, nbTested: 1001, counter 153723
c nbFailedLits 0, nbI 0, fixedVarsByFL 0, totalFixedVars 420, nbTested: 1001, counter 241605
c nbFailedLits 0, nbI 0, fixedVarsByFL 0, totalFixedVars 424, nbTested: 1001, counter 404592
c ends of initiationization by VSIDS at 13845 conflicts with init -4

c nbFailedLits 0, nbI 0, fixedVarsByFL 0, totalFixedVars 436, nbTested: 1001, counter 738807
c nbFailedLits 0, nbI 0, fixedVarsByFL 0, totalFixedVars 489, nbTested: 1001, counter 1161073
c nbFailedLits 0, nbI 0, fixedVarsByFL 0, totalFixedVars 581, nbTested: 1001, counter 1578955
c nbFailedLits 0, nbI 0, fixedVarsByFL 0, totalFixedVars 633, nbTested: 1001, counter 2109221
c ***** top quasi confl at level 0*****
c LRB phase 1: conflicts 41107, phase 20000000, starts 127, UP 4247931
c UB=8 fails, cnfls=54952, hcnfls=2177, core 1981, tier2 42, local 5483, quasiC: 6483 (fixed: 608839)
c prunedLB 5.15, dev 1.04, succRate 0.77, nbSucc 48629, nbHardens 801 (fixed 738990), lk: 63511, shorten: 0, pureSo 1471, nbFlyRd 301, nbFixedLH 744

c Cardinality: off (soft-conflict only), UB 16
c nbFailedLits 0, nbI 0, fixedVarsByFL 0, totalFixedVars 412, nbTested: 1001, counter 2225189
c nbFailedLits 0, nbI 0, fixedVarsByFL 0, totalFixedVars 412, nbTested: 1001, counter 2310395
c UB=16 succs, confls=59577, hconfls=2216, core 361, tier2 477, local 4431,  14 soft cls unsat (0 at L0), 412 fixed vars at L0, softCnfl 1479, nbFlyRd 320, nbFixedLH 779
c nbHardens 803 (fixed 798298), shorten: 0, prunedLB 10.29, dev 1.39, succRate 0.81, nbSucc 4578, lk: 5630, shorten: 0, quasiC: 6938 (fixed: 667882)

c ends of initiationization by VSIDS at 59577 conflicts with init 5375


c Cardinality: off (soft-conflict only), UB 14
c nbFailedLits 0, nbI 0, fixedVarsByFL 0, totalFixedVars 412, nbTested: 1001, counter 2460390
c nbFailedLits 0, nbI 0, fixedVarsByFL 0, totalFixedVars 412, nbTested: 1001, counter 2717371
c nbFailedLits 0, nbI 0, fixedVarsByFL 0, totalFixedVars 412, nbTested: 1001, counter 3047594
c nbFailedLits 0, nbI 0, fixedVarsByFL 0, totalFixedVars 412, nbTested: 1001, counter 3424860
c nbFailedLits 0, nbI 0, fixedVarsByFL 0, totalFixedVars 412, nbTested: 1001, counter 3979114
c nbFailedLits 0, nbI 0, fixedVarsByFL 0, totalFixedVars 412, nbTested: 1001, counter 4485863
c nbFailedLits 0, nbI 0, fixedVarsByFL 0, totalFixedVars 412, nbTested: 1001, counter 5156843
c nbFailedLits 0, nbI 0, fixedVarsByFL 0, totalFixedVars 412, nbTested: 1001, counter 6241850
c nbFailedLits 0, nbI 0, fixedVarsByFL 0, totalFixedVars 412, nbTested: 1001, counter 6716280
c nbFailedLits 0, nbI 0, fixedVarsByFL 0, totalFixedVars 412, nbTested: 1001, counter 7630848
c UB=14 succs, confls=209959, hconfls=3226, core 5946, tier2 3065, local 19467,  12 soft cls unsat (0 at L0), 412 fixed vars at L0, softCnfl 1994, nbFlyRd 572, nbFixedLH 1920
c nbHardens 996 (fixed 3029224), shorten: 0, prunedLB 7.86, dev 1.36, succRate 0.79, nbSucc 148857, lk: 188743, shorten: 0, quasiC: 26520 (fixed: 2872790)


c Cardinality: off (soft-conflict only), UB 12
c UB=12 succs, confls=213000, hconfls=3269, core 5980, tier2 3205, local 22505,  10 soft cls unsat (0 at L0), 412 fixed vars at L0, softCnfl 2025, nbFlyRd 578, nbFixedLH 1943
c nbHardens 1007 (fixed 3068987), shorten: 0, prunedLB 6.23, dev 1.34, succRate 0.79, nbSucc 2967, lk: 3762, shorten: 0, quasiC: 26904 (fixed: 2910857)


c Cardinality: off (soft-conflict only), UB 10
c UB=10 succs, confls=214475, hconfls=3289, core 6612, tier2 4525, local 23831,  8 soft cls unsat (0 at L0), 412 fixed vars at L0, softCnfl 2036, nbFlyRd 578, nbFixedLH 1955
c nbHardens 1018 (fixed 3090467), shorten: 0, prunedLB 5.18, dev 1.21, succRate 0.80, nbSucc 1444, lk: 1805, shorten: 0, quasiC: 27069 (fixed: 2930671)

c LRB phase 2: conflicts 154898, phase 20000000, starts 407, UP 13022689
c UB=8 fails, cnfls=214475, hcnfls=3289, core 6612, tier2 4525, local 23831, quasiC: 27069 (fixed: 2930671)
c prunedLB 0.00, dev 0.00, succRate 0.00, nbSucc 0, nbHardens 1018 (fixed 3090467), lk: 0, shorten: 0, pureSo 2036, nbFlyRd 578, nbFixedLH 1955
c ===============================================================================
c initCost: 0, fixedBySearch: 0, optimal: 8, maxsat: 332, hardConflicts: 3289
c nbLK: 266756, nbSuccLK: 209152(78.41%), nbLKup: 550516604(2894.46%), hardens 1018 (fixed 3090467), dynVars 0, shorten: 0
c MaxSAT: OPTIMAL, Pauli weight 8 (reported cost 8), vars 5452 (base 1132 + aux 4320)
c DistQLDPC — QLDPC/CSS minimum distance (symplectic MaxSAT)
c solver: MaxCDCL, cardinality encoding: off (soft-conflict only)
c Hx: data/matrices/LP_340_56_8_Hx.txt
c Hz: data/matrices/LP_340_56_8_Hz.txt
c Gx: data/matrices/LP_340_56_8_Gx.txt
c Gz: data/matrices/LP_340_56_8_Gz.txt
c Hx: 150 x 340, Hz: 150 x 340, Gx: 56 x 340, Gz: 56 x 340, logicals: 112
c d_lb: 8
c d_ub: 8
c d  : 8
o 8
