c DistQLDPC — QLDPC/CSS minimum distance (symplectic MaxSAT)
c solver: MaxCDCL, cardinality encoding: MTO only
c Hx: data/matrices/LP_238_44_6_Hx.txt
c Hz: data/matrices/LP_238_44_6_Hz.txt
c Gx: data/matrices/LP_238_44_6_Gx.txt
c Gz: data/matrices/LP_238_44_6_Gz.txt
c Hx: 105 x 238, Hz: 105 x 238, Gx: 44 x 238, Gz: 44 x 238, logicals: 88
c Mono: 0, fixed: 0
c |  Eliminated clauses:           0.07 Mb                                      |
c Reduced to 1990 vars, 10044 cls (c/v ratio==5.0, grow=0)
c No iterative elimination performed. (vars=1990, c/v ratio=5.0)
c ============================[ Search Statistics ]==============================
c | Conflicts |          ORIGINAL         |          LEARNT          | Progress |
c |           |    Vars  Clauses Literals |    Limit  Clauses Lit/Cl |          |
c ===============================================================================
c nb soft clauses: 238, of which 238 unit, 0 nonUnit and 0 empty
c total nb of literals: 36982
c conflLits 0, conflLits2 0, nbFailedLits 0, fixedVarsBypreproc 0, totalFixedVars 298
c 1 conflict sets found with length 156
c fixedCost 0, nbSatLits 0, totalFixedVars 298, objForSearch: 238

c no UB provided, search from scratch...
c ends of initiationization by VSIDS at 0 conflicts with init 10000

c UB=1 fails, cnfls=0, hcnfls=0, core 0, tier2 0, local 0, quasiC: 0 (fixed: 0)
c prunedLB 0.00, dev 0.00, succRate 0.00, nbSucc 0, nbHardens 1 (fixed 238), lk: 1, shorten: 0, pureSo 0, nbFlyRd 0, nbFixedLH 0

c Cardinality: 711 (MTO) for UB 2
c ***** top quasi confl at level 0*****
c ends of initiationization by VSIDS at 42 conflicts with init 9958

c UB=2 fails, cnfls=42, hcnfls=42, core 29, tier2 5, local 11, quasiC: 1 (fixed: 33)
c prunedLB 0.00, dev 0.00, succRate 0.00, nbSucc 0, nbHardens 1 (fixed 271), lk: 1, shorten: 0, pureSo 0, nbFlyRd 2, nbFixedLH 0

c Cardinality: 1529 (MTO) for UB 4
c nbFailedLits 0, nbI 0, fixedVarsByFL 0, totalFixedVars 311, nbTested: 1001, counter 56845
c ends of initiationization by VSIDS at 2687 conflicts with init 7355

c UB=4 fails, cnfls=2687, hcnfls=808, core 2710, tier2 279, local 2060, quasiC: 159 (fixed: 10184)
c prunedLB 2.89, dev 0.62, succRate 0.78, nbSucc 1646, nbHardens 195 (fixed 33465), lk: 2108, shorten: 0, pureSo 234, nbFlyRd 34, nbFixedLH 42

c Cardinality: 2080 (MTO) for UB 8
c nbFailedLits 0, nbI 0, fixedVarsByFL 0, totalFixedVars 302, nbTested: 1001, counter 133227
c UB=8 succs, confls=4252, hconfls=863, core 1031, tier2 211, local 1049,  6 soft cls unsat (0 at L0), 303 fixed vars at L0, softCnfl 257, nbFlyRd 54, nbFixedLH 65
c nbHardens 204 (fixed 47043), shorten: 0, prunedLB 5.10, dev 1.07, succRate 0.81, nbSucc 1487, lk: 1833, shorten: 0, quasiC: 299 (fixed: 22667)

c ends of initiationization by VSIDS at 4252 conflicts with init 8435


c Cardinality: 2081 (MTO) for UB 6
c nbFailedLits 0, nbI 0, fixedVarsByFL 0, totalFixedVars 321, nbTested: 1001, counter 220339
c LRB phase 1: conflicts 6258, phase 20000000, starts 30, UP 528082
c UB=6 fails, cnfls=10510, hcnfls=1219, core 2158, tier2 1369, local 5149, quasiC: 1109 (fixed: 79458)
c prunedLB 3.79, dev 0.76, succRate 0.76, nbSucc 5715, nbHardens 308 (fixed 116305), lk: 7500, shorten: 0, pureSo 445, nbFlyRd 116, nbFixedLH 151
c ===============================================================================
c initCost: 0, fixedBySearch: 0, optimal: 6, maxsat: 232, hardConflicts: 1219
c nbLK: 11443, nbSuccLK: 8848(77.32%), nbLKup: 16196053(1609.83%), hardens 308 (fixed 116305), dynVars 1930, shorten: 0
c MaxSAT: OPTIMAL, Pauli weight 6 (reported cost 6), vars 5362 (base 802 + aux 2630)
c DistQLDPC — QLDPC/CSS minimum distance (symplectic MaxSAT)
c solver: MaxCDCL, cardinality encoding: MTO only
c Hx: data/matrices/LP_238_44_6_Hx.txt
c Hz: data/matrices/LP_238_44_6_Hz.txt
c Gx: data/matrices/LP_238_44_6_Gx.txt
c Gz: data/matrices/LP_238_44_6_Gz.txt
c Hx: 105 x 238, Hz: 105 x 238, Gx: 44 x 238, Gz: 44 x 238, logicals: 88
c d_lb: 6
c d_ub: 6
c d  : 6
o 6
