c DistQLDPC — QLDPC/CSS minimum distance (symplectic MaxSAT)
c solver: MaxCDCL, cardinality encoding: MTO only
c Hx: data/matrices/BB_90_8_10_Hx.txt
c Hz: data/matrices/BB_90_8_10_Hz.txt
c Gx: data/matrices/BB_90_8_10_Gx.txt
c Gz: data/matrices/BB_90_8_10_Gz.txt
c Hx: 45 x 90, Hz: 45 x 90, Gx: 8 x 90, Gz: 8 x 90, logicals: 16
c Mono: 0, fixed: 0
c |  Eliminated clauses:           0.02 Mb                                      |
c Reduced to 564 vars, 2464 cls (c/v ratio==4.4, grow=0)
c No iterative elimination performed. (vars=564, c/v ratio=4.4)
c ============================[ Search Statistics ]==============================
c | Conflicts |          ORIGINAL         |          LEARNT          | Progress |
c |           |    Vars  Clauses Literals |    Limit  Clauses Lit/Cl |          |
c ===============================================================================
c nb soft clauses: 90, of which 90 unit, 0 nonUnit and 0 empty
c total nb of literals: 8714
c conflLits 0, conflLits2 0, nbFailedLits 0, fixedVarsBypreproc 0, totalFixedVars 106
c 1 conflict sets found with length 52
c fixedCost 0, nbSatLits 0, totalFixedVars 106, objForSearch: 90

c no UB provided, search from scratch...
c ends of initiationization by VSIDS at 0 conflicts with init 10000

c UB=1 fails, cnfls=0, hcnfls=0, core 0, tier2 0, local 0, quasiC: 0 (fixed: 0)
c prunedLB 0.00, dev 0.00, succRate 0.00, nbSucc 0, nbHardens 1 (fixed 90), lk: 1, shorten: 0, pureSo 0, nbFlyRd 0, nbFixedLH 0

c Cardinality: 267 (MTO) for UB 2
c ***** top quasi confl at level 0*****
c ends of initiationization by VSIDS at 10 conflicts with init 9990

c UB=2 fails, cnfls=10, hcnfls=10, core 8, tier2 0, local 0, quasiC: 1 (fixed: 24)
c prunedLB 0.00, dev 0.00, succRate 0.00, nbSucc 0, nbHardens 1 (fixed 114), lk: 1, shorten: 0, pureSo 0, nbFlyRd 1, nbFixedLH 0

c Cardinality: 563 (MTO) for UB 4
c ends of initiationization by VSIDS at 426 conflicts with init 9584

c UB=4 fails, cnfls=426, hcnfls=239, core 1670, tier2 41, local 144, quasiC: 10 (fixed: 232)
c prunedLB 2.73, dev 0.63, succRate 0.83, nbSucc 160, nbHardens 193 (fixed 14527), lk: 193, shorten: 0, pureSo 28, nbFlyRd 7, nbFixedLH 4

c Cardinality: 788 (MTO) for UB 8
c nbFailedLits 0, nbI 0, fixedVarsByFL 0, totalFixedVars 107, nbTested: 944, counter 28237
c nbFailedLits 0, nbI 0, fixedVarsByFL 0, totalFixedVars 119, nbTested: 932, counter 101309
c ends of initiationization by VSIDS at 6235 conflicts with init 4191

c UB=8 fails, cnfls=6235, hcnfls=487, core 1553, tier2 273, local 2521, quasiC: 1036 (fixed: 25699)
c prunedLB 4.94, dev 1.04, succRate 0.71, nbSucc 5470, nbHardens 270 (fixed 43295), lk: 7729, shorten: 0, pureSo 120, nbFlyRd 44, nbFixedLH 114

c Cardinality: 919 (MTO) for UB 16
c UB=16 succs, confls=6737, hconfls=520, core 25, tier2 4, local 476,  14 soft cls unsat (0 at L0), 106 fixed vars at L0, softCnfl 120, nbFlyRd 47, nbFixedLH 116
c nbHardens 271 (fixed 45757), shorten: 0, prunedLB 8.68, dev 1.54, succRate 0.71, nbSucc 469, lk: 665, shorten: 0, quasiC: 1139 (fixed: 28094)

c ends of initiationization by VSIDS at 6737 conflicts with init 9498


c Cardinality: 920 (MTO) for UB 14
c UB=14 succs, confls=7199, hconfls=742, core 135, tier2 84, local 771,  12 soft cls unsat (0 at L0), 106 fixed vars at L0, softCnfl 129, nbFlyRd 61, nbFixedLH 127
c nbHardens 276 (fixed 46269), shorten: 0, prunedLB 4.80, dev 1.94, succRate 0.66, nbSucc 231, lk: 350, shorten: 0, quasiC: 1155 (fixed: 28392)


c Cardinality: 920 (MTO) for UB 12
c nbFailedLits 0, nbI 0, fixedVarsByFL 0, totalFixedVars 106, nbTested: 1001, counter 153113
c UB=12 succs, confls=7976, hconfls=780, core 332, tier2 133, local 1308,  10 soft cls unsat (0 at L0), 106 fixed vars at L0, softCnfl 133, nbFlyRd 67, nbFixedLH 136
c nbHardens 281 (fixed 50100), shorten: 0, prunedLB 6.39, dev 1.18, succRate 0.76, nbSucc 735, lk: 970, shorten: 0, quasiC: 1285 (fixed: 31967)


c Cardinality: 921 (MTO) for UB 10
c nbFailedLits 0, nbI 0, fixedVarsByFL 0, totalFixedVars 107, nbTested: 1001, counter 212222
c nbFailedLits 0, nbI 0, fixedVarsByFL 0, totalFixedVars 109, nbTested: 1001, counter 322829
c nbFailedLits 0, nbI 0, fixedVarsByFL 0, totalFixedVars 129, nbTested: 1001, counter 485416
c nbFailedLits 0, nbI 0, fixedVarsByFL 0, totalFixedVars 135, nbTested: 1001, counter 676279
c LRB phase 1: conflicts 30158, phase 20000000, starts 109, UP 1279708
c UB=10 fails, cnfls=36895, hcnfls=2018, core 2806, tier2 807, local 3371, quasiC: 7323 (fixed: 182489)
c prunedLB 5.69, dev 1.36, succRate 0.66, nbSucc 27122, nbHardens 573 (fixed 211367), lk: 40817, shorten: 0, pureSo 693, nbFlyRd 228, nbFixedLH 606
c ===============================================================================
c initCost: 0, fixedBySearch: 0, optimal: 10, maxsat: 80, hardConflicts: 2018
c nbLK: 50726, nbSuccLK: 34187(67.40%), nbLKup: 24630390(1625.07%), hardens 573 (fixed 211367), dynVars 1772, shorten: 0
c MaxSAT: OPTIMAL, Pauli weight 10 (reported cost 10), vars 2712 (base 286 + aux 654)
c DistQLDPC — QLDPC/CSS minimum distance (symplectic MaxSAT)
c solver: MaxCDCL, cardinality encoding: MTO only
c Hx: data/matrices/BB_90_8_10_Hx.txt
c Hz: data/matrices/BB_90_8_10_Hz.txt
c Gx: data/matrices/BB_90_8_10_Gx.txt
c Gz: data/matrices/BB_90_8_10_Gz.txt
c Hx: 45 x 90, Hz: 45 x 90, Gx: 8 x 90, Gz: 8 x 90, logicals: 16
c d_lb: 10
c d_ub: 10
c d  : 10
o 10
