c DistQLDPC — QLDPC/CSS minimum distance (symplectic MaxSAT)
c solver: MaxCDCL, cardinality encoding: MTO only
c Hx: data/matrices/LP_136_32_4_Hx.txt
c Hz: data/matrices/LP_136_32_4_Hz.txt
c Gx: data/matrices/LP_136_32_4_Gx.txt
c Gz: data/matrices/LP_136_32_4_Gz.txt
c Hx: 60 x 136, Hz: 60 x 136, Gx: 32 x 136, Gz: 32 x 136, logicals: 64
c Mono: 0, fixed: 0
c |  Eliminated clauses:           0.04 Mb                                      |
c Reduced to 1072 vars, 5274 cls (c/v ratio==4.9, grow=0)
c No iterative elimination performed. (vars=1072, c/v ratio=4.9)
c ============================[ Search Statistics ]==============================
c | Conflicts |          ORIGINAL         |          LEARNT          | Progress |
c |           |    Vars  Clauses Literals |    Limit  Clauses Lit/Cl |          |
c ===============================================================================
c nb soft clauses: 136, of which 136 unit, 0 nonUnit and 0 empty
c total nb of literals: 19336
c conflLits 0, conflLits2 0, nbFailedLits 0, fixedVarsBypreproc 0, totalFixedVars 184
c 1 conflict sets found with length 91
c fixedCost 0, nbSatLits 0, totalFixedVars 184, objForSearch: 136

c no UB provided, search from scratch...
c ends of initiationization by VSIDS at 0 conflicts with init 10000

c UB=1 fails, cnfls=0, hcnfls=0, core 0, tier2 0, local 0, quasiC: 0 (fixed: 0)
c prunedLB 0.00, dev 0.00, succRate 0.00, nbSucc 0, nbHardens 1 (fixed 136), lk: 1, shorten: 0, pureSo 0, nbFlyRd 0, nbFixedLH 0

c Cardinality: 405 (MTO) for UB 2
c ***** top quasi confl at level 0*****
c ends of initiationization by VSIDS at 54 conflicts with init 9946

c UB=2 fails, cnfls=54, hcnfls=54, core 39, tier2 5, local 17, quasiC: 1 (fixed: 16)
c prunedLB 0.00, dev 0.00, succRate 0.00, nbSucc 0, nbHardens 1 (fixed 152), lk: 1, shorten: 0, pureSo 0, nbFlyRd 1, nbFixedLH 0

c Cardinality: 871 (MTO) for UB 4
c nbFailedLits 1, nbI 1, fixedVarsByFL 2, totalFixedVars 189, nbTested: 1473, counter 26394
c ends of initiationization by VSIDS at 1848 conflicts with init 8206

c UB=4 fails, cnfls=1848, hcnfls=599, core 591, tier2 89, local 916, quasiC: 105 (fixed: 3953)
c prunedLB 2.64, dev 0.65, succRate 0.80, nbSucc 1121, nbHardens 204 (fixed 23390), lk: 1408, shorten: 0, pureSo 129, nbFlyRd 36, nbFixedLH 24

c Cardinality: 1176 (MTO) for UB 8
c UB=8 succs, confls=2933, hconfls=625, core 719, tier2 466, local 636,  6 soft cls unsat (0 at L0), 185 fixed vars at L0, softCnfl 135, nbFlyRd 42, nbFixedLH 30
c nbHardens 215 (fixed 26175), shorten: 0, prunedLB 4.60, dev 0.75, succRate 0.92, nbSucc 1053, lk: 1141, shorten: 0, quasiC: 144 (fixed: 6042)

c ends of initiationization by VSIDS at 2933 conflicts with init 8915


c Cardinality: 1177 (MTO) for UB 6
c nbFailedLits 0, nbI 0, fixedVarsByFL 0, totalFixedVars 185, nbTested: 1001, counter 55509
c UB=6 succs, confls=3043, hconfls=732, core 217, tier2 8, local 709,  4 soft cls unsat (0 at L0), 185 fixed vars at L0, softCnfl 136, nbFlyRd 44, nbFixedLH 39
c nbHardens 215 (fixed 26259), shorten: 0, prunedLB 6.00, dev 0.00, succRate 0.04, nbSucc 2, lk: 52, shorten: 0, quasiC: 148 (fixed: 6126)

c LRB phase 1: conflicts 110, phase 20000000, starts 2, UP 28298
c UB=4 fails, cnfls=3043, hcnfls=732, core 217, tier2 8, local 709, quasiC: 148 (fixed: 6126)
c prunedLB 0.00, dev 0.00, succRate 0.00, nbSucc 0, nbHardens 215 (fixed 26259), lk: 0, shorten: 0, pureSo 136, nbFlyRd 44, nbFixedLH 39
c ===============================================================================
c initCost: 0, fixedBySearch: 0, optimal: 4, maxsat: 132, hardConflicts: 732
c nbLK: 2603, nbSuccLK: 2176(83.60%), nbLKup: 1574729(756.88%), hardens 215 (fixed 26259), dynVars 1094, shorten: 0
c MaxSAT: OPTIMAL, Pauli weight 4 (reported cost 4), vars 2966 (base 472 + aux 1400)
c DistQLDPC — QLDPC/CSS minimum distance (symplectic MaxSAT)
c solver: MaxCDCL, cardinality encoding: MTO only
c Hx: data/matrices/LP_136_32_4_Hx.txt
c Hz: data/matrices/LP_136_32_4_Hz.txt
c Gx: data/matrices/LP_136_32_4_Gx.txt
c Gz: data/matrices/LP_136_32_4_Gz.txt
c Hx: 60 x 136, Hz: 60 x 136, Gx: 32 x 136, Gz: 32 x 136, logicals: 64
c d_lb: 4
c d_ub: 4
c d  : 4
o 4
