c DistQLDPC — QLDPC/CSS minimum distance (symplectic MaxSAT)
c solver: MaxCDCL, cardinality encoding: off (soft-conflict only)
c Hx: data/matrices/GB_144_12_8_Hx.txt
c Hz: data/matrices/GB_144_12_8_Hz.txt
c Gx: data/matrices/GB_144_12_8_Gx.txt
c Gz: data/matrices/GB_144_12_8_Gz.txt
c Hx: 66 x 144, Hz: 66 x 144, Gx: 12 x 144, Gz: 12 x 144, logicals: 24
c Mono: 0, fixed: 0
c |  Eliminated clauses:           0.04 Mb                                      |
c Reduced to 1007 vars, 4942 cls (c/v ratio==4.9, grow=0)
c No iterative elimination performed. (vars=1007, c/v ratio=4.9)
c ============================[ Search Statistics ]==============================
c | Conflicts |          ORIGINAL         |          LEARNT          | Progress |
c |           |    Vars  Clauses Literals |    Limit  Clauses Lit/Cl |          |
c ===============================================================================
c nb soft clauses: 144, of which 144 unit, 0 nonUnit and 0 empty
c total nb of literals: 18204
c conflLits 0, conflLits2 0, nbFailedLits 0, fixedVarsBypreproc 0, totalFixedVars 156
c 1 conflict sets found with length 81
c fixedCost 0, nbSatLits 0, totalFixedVars 156, objForSearch: 144

c no UB provided, search from scratch...
c ends of initiationization by VSIDS at 0 conflicts with init 10000

c UB=1 fails, cnfls=0, hcnfls=0, core 0, tier2 0, local 0, quasiC: 0 (fixed: 0)
c prunedLB 0.00, dev 0.00, succRate 0.00, nbSucc 0, nbHardens 1 (fixed 144), lk: 1, shorten: 0, pureSo 0, nbFlyRd 0, nbFixedLH 0

c Cardinality: off (soft-conflict only), UB 2
c ***** top quasi confl at level 0*****
c ends of initiationization by VSIDS at 174 conflicts with init 9826

c UB=2 fails, cnfls=174, hcnfls=106, core 573, tier2 9, local 77, quasiC: 1 (fixed: 53)
c prunedLB 0.00, dev 0.00, succRate 0.00, nbSucc 0, nbHardens 79 (fixed 5435), lk: 1, shorten: 0, pureSo 68, nbFlyRd 10, nbFixedLH 0

c Cardinality: off (soft-conflict only), UB 4
c ***** top quasi confl at level 0*****
c ends of initiationization by VSIDS at 1062 conflicts with init 9112

c UB=4 fails, cnfls=1062, hcnfls=248, core 342, tier2 64, local 495, quasiC: 21 (fixed: 976)
c prunedLB 2.53, dev 0.53, succRate 0.94, nbSucc 659, nbHardens 173 (fixed 15926), lk: 699, shorten: 0, pureSo 156, nbFlyRd 28, nbFixedLH 12

c Cardinality: off (soft-conflict only), UB 8
c nbFailedLits 0, nbI 0, fixedVarsByFL 0, totalFixedVars 156, nbTested: 1001, counter 23589
c nbFailedLits 0, nbI 0, fixedVarsByFL 0, totalFixedVars 171, nbTested: 992, counter 104063
c ends of initiationization by VSIDS at 7238 conflicts with init 3824

c UB=8 fails, cnfls=7238, hcnfls=457, core 3285, tier2 1000, local 3925, quasiC: 728 (fixed: 36298)
c prunedLB 5.08, dev 0.99, succRate 0.76, nbSucc 5832, nbHardens 234 (fixed 55303), lk: 7634, shorten: 0, pureSo 292, nbFlyRd 49, nbFixedLH 85

c Cardinality: off (soft-conflict only), UB 16
c nbFailedLits 0, nbI 0, fixedVarsByFL 0, totalFixedVars 156, nbTested: 1001, counter 176385
c UB=16 succs, confls=10628, hconfls=482, core 56, tier2 726, local 3294,  14 soft cls unsat (0 at L0), 156 fixed vars at L0, softCnfl 297, nbFlyRd 67, nbFixedLH 111
c nbHardens 236 (fixed 83659), shorten: 0, prunedLB 9.52, dev 1.32, succRate 0.74, nbSucc 3360, lk: 4569, shorten: 0, quasiC: 1353 (fixed: 64495)

c ends of initiationization by VSIDS at 10628 conflicts with init 6610


c Cardinality: off (soft-conflict only), UB 14
c nbFailedLits 0, nbI 0, fixedVarsByFL 0, totalFixedVars 156, nbTested: 1001, counter 243071
c UB=14 succs, confls=11694, hconfls=506, core 148, tier2 82, local 4364,  13 soft cls unsat (0 at L0), 156 fixed vars at L0, softCnfl 304, nbFlyRd 85, nbFixedLH 135
c nbHardens 240 (fixed 93305), shorten: 0, prunedLB 8.45, dev 1.66, succRate 0.71, nbSucc 1035, lk: 1461, shorten: 0, quasiC: 1553 (fixed: 74042)


c Cardinality: off (soft-conflict only), UB 13
c UB=13 succs, confls=11764, hconfls=506, core 148, tier2 82, local 4434,  12 soft cls unsat (0 at L0), 156 fixed vars at L0, softCnfl 304, nbFlyRd 85, nbFixedLH 135
c nbHardens 242 (fixed 93717), shorten: 0, prunedLB 8.43, dev 0.67, succRate 0.81, nbSucc 70, lk: 86, shorten: 0, quasiC: 1562 (fixed: 74430)


c Cardinality: off (soft-conflict only), UB 12
c UB=12 succs, confls=13201, hconfls=518, core 371, tier2 670, local 5755,  10 soft cls unsat (0 at L0), 156 fixed vars at L0, softCnfl 309, nbFlyRd 91, nbFixedLH 147
c nbHardens 243 (fixed 105403), shorten: 0, prunedLB 7.26, dev 1.05, succRate 0.71, nbSucc 1420, lk: 2012, shorten: 0, quasiC: 1797 (fixed: 86052)


c Cardinality: off (soft-conflict only), UB 10
c UB=10 succs, confls=13454, hconfls=522, core 383, tier2 830, local 5979,  9 soft cls unsat (0 at L0), 156 fixed vars at L0, softCnfl 318, nbFlyRd 91, nbFixedLH 149
c nbHardens 247 (fixed 106892), shorten: 0, prunedLB 6.18, dev 1.31, succRate 0.76, nbSucc 240, lk: 315, shorten: 0, quasiC: 1825 (fixed: 87403)


c Cardinality: off (soft-conflict only), UB 9
c UB=9 succs, confls=15856, hconfls=563, core 1713, tier2 1596, local 5527,  8 soft cls unsat (0 at L0), 158 fixed vars at L0, softCnfl 339, nbFlyRd 99, nbFixedLH 167
c nbHardens 265 (fixed 125788), shorten: 0, prunedLB 6.18, dev 1.16, succRate 0.73, nbSucc 2340, lk: 3192, shorten: 0, quasiC: 2231 (fixed: 105244)

c LRB phase 1: conflicts 5228, phase 20000000, starts 30, UP 243149
c UB=8 fails, cnfls=15856, hcnfls=563, core 1713, tier2 1596, local 5527, quasiC: 2231 (fixed: 105244)
c prunedLB 0.00, dev 0.00, succRate 0.00, nbSucc 0, nbHardens 265 (fixed 125788), lk: 0, shorten: 0, pureSo 339, nbFlyRd 99, nbFixedLH 167
c ===============================================================================
c initCost: 0, fixedBySearch: 0, optimal: 8, maxsat: 136, hardConflicts: 563
c nbLK: 19970, nbSuccLK: 14956(74.89%), nbLKup: 15992295(2216.07%), hardens 265 (fixed 125788), dynVars 0, shorten: 0
c MaxSAT: OPTIMAL, Pauli weight 8 (reported cost 8), vars 1739 (base 456 + aux 1283)
c DistQLDPC — QLDPC/CSS minimum distance (symplectic MaxSAT)
c solver: MaxCDCL, cardinality encoding: off (soft-conflict only)
c Hx: data/matrices/GB_144_12_8_Hx.txt
c Hz: data/matrices/GB_144_12_8_Hz.txt
c Gx: data/matrices/GB_144_12_8_Gx.txt
c Gz: data/matrices/GB_144_12_8_Gz.txt
c Hx: 66 x 144, Hz: 66 x 144, Gx: 12 x 144, Gz: 12 x 144, logicals: 24
c d_lb: 8
c d_ub: 8
c d  : 8
o 8
