c DistQLDPC — QLDPC/CSS minimum distance (symplectic MaxSAT)
c solver: MaxCDCL, cardinality encoding: off (soft-conflict only)
c Hx: data/matrices/BB_108_8_10_Hx.txt
c Hz: data/matrices/BB_108_8_10_Hz.txt
c Gx: data/matrices/BB_108_8_10_Gx.txt
c Gz: data/matrices/BB_108_8_10_Gz.txt
c Hx: 54 x 108, Hz: 54 x 108, Gx: 8 x 108, Gz: 8 x 108, logicals: 16
c Mono: 0, fixed: 0
c |  Eliminated clauses:           0.02 Mb                                      |
c Reduced to 685 vars, 2990 cls (c/v ratio==4.4, grow=0)
c No iterative elimination performed. (vars=685, c/v ratio=4.4)
c ============================[ Search Statistics ]==============================
c | Conflicts |          ORIGINAL         |          LEARNT          | Progress |
c |           |    Vars  Clauses Literals |    Limit  Clauses Lit/Cl |          |
c ===============================================================================
c nb soft clauses: 108, of which 108 unit, 0 nonUnit and 0 empty
c total nb of literals: 10556
c conflLits 0, conflLits2 0, nbFailedLits 0, fixedVarsBypreproc 0, totalFixedVars 124
c 1 conflict sets found with length 60
c fixedCost 0, nbSatLits 0, totalFixedVars 124, objForSearch: 108

c no UB provided, search from scratch...
c ends of initiationization by VSIDS at 0 conflicts with init 10000

c UB=1 fails, cnfls=0, hcnfls=0, core 0, tier2 0, local 0, quasiC: 0 (fixed: 0)
c prunedLB 0.00, dev 0.00, succRate 0.00, nbSucc 0, nbHardens 1 (fixed 108), lk: 1, shorten: 0, pureSo 0, nbFlyRd 0, nbFixedLH 0

c Cardinality: off (soft-conflict only), UB 2
c ***** top quasi confl at level 0*****
c ends of initiationization by VSIDS at 100 conflicts with init 9900

c UB=2 fails, cnfls=100, hcnfls=61, core 319, tier2 6, local 34, quasiC: 1 (fixed: 37)
c prunedLB 0.00, dev 0.00, succRate 0.00, nbSucc 0, nbHardens 34 (fixed 1946), lk: 1, shorten: 0, pureSo 39, nbFlyRd 17, nbFixedLH 0

c Cardinality: off (soft-conflict only), UB 4
c ends of initiationization by VSIDS at 874 conflicts with init 9226

c UB=4 fails, cnfls=874, hcnfls=245, core 533, tier2 116, local 170, quasiC: 11 (fixed: 420)
c prunedLB 2.19, dev 0.44, succRate 0.96, nbSucc 572, nbHardens 168 (fixed 14142), lk: 593, shorten: 0, pureSo 58, nbFlyRd 34, nbFixedLH 3

c Cardinality: off (soft-conflict only), UB 8
c nbFailedLits 0, nbI 0, fixedVarsByFL 0, totalFixedVars 126, nbTested: 683, counter 30365
c nbFailedLits 0, nbI 0, fixedVarsByFL 0, totalFixedVars 142, nbTested: 667, counter 101286
c ends of initiationization by VSIDS at 6194 conflicts with init 4680

c UB=8 fails, cnfls=6194, hcnfls=437, core 1232, tier2 222, local 1754, quasiC: 892 (fixed: 28042)
c prunedLB 5.04, dev 1.06, succRate 0.72, nbSucc 5047, nbHardens 219 (fixed 44545), lk: 7054, shorten: 0, pureSo 140, nbFlyRd 55, nbFixedLH 69

c Cardinality: off (soft-conflict only), UB 16
c UB=16 succs, confls=7196, hconfls=451, core 3, tier2 6, local 1000,  14 soft cls unsat (0 at L0), 124 fixed vars at L0, softCnfl 144, nbFlyRd 56, nbFixedLH 74
c nbHardens 223 (fixed 47706), shorten: 0, prunedLB 8.96, dev 1.08, succRate 0.86, nbSucc 984, lk: 1149, shorten: 0, quasiC: 990 (fixed: 30974)

c ends of initiationization by VSIDS at 7196 conflicts with init 8998


c Cardinality: off (soft-conflict only), UB 14
c nbFailedLits 0, nbI 0, fixedVarsByFL 0, totalFixedVars 124, nbTested: 685, counter 145826
c UB=14 succs, confls=7458, hconfls=460, core 9, tier2 0, local 1264,  12 soft cls unsat (0 at L0), 124 fixed vars at L0, softCnfl 154, nbFlyRd 58, nbFixedLH 78
c nbHardens 226 (fixed 48852), shorten: 0, prunedLB 7.18, dev 1.52, succRate 0.71, nbSucc 243, lk: 344, shorten: 0, quasiC: 1027 (fixed: 32025)


c Cardinality: off (soft-conflict only), UB 12
c UB=12 succs, confls=8441, hconfls=486, core 110, tier2 295, local 2045,  10 soft cls unsat (0 at L0), 124 fixed vars at L0, softCnfl 163, nbFlyRd 62, nbFixedLH 83
c nbHardens 232 (fixed 54996), shorten: 0, prunedLB 5.72, dev 1.29, succRate 0.69, nbSucc 948, lk: 1365, shorten: 0, quasiC: 1208 (fixed: 37860)


c Cardinality: off (soft-conflict only), UB 10
c nbFailedLits 0, nbI 0, fixedVarsByFL 0, totalFixedVars 124, nbTested: 685, counter 197824
c nbFailedLits 0, nbI 0, fixedVarsByFL 0, totalFixedVars 127, nbTested: 682, counter 309844
c nbFailedLits 0, nbI 0, fixedVarsByFL 0, totalFixedVars 140, nbTested: 669, counter 496188
c nbFailedLits 0, nbI 0, fixedVarsByFL 0, totalFixedVars 143, nbTested: 666, counter 693755
c LRB phase 1: conflicts 33862, phase 20000000, starts 124, UP 1436800
c UB=10 fails, cnfls=41058, hcnfls=1646, core 2836, tier2 1306, local 4917, quasiC: 7081 (fixed: 211467)
c prunedLB 5.78, dev 1.36, succRate 0.69, nbSucc 30963, nbHardens 517 (fixed 241465), lk: 44804, shorten: 0, pureSo 658, nbFlyRd 207, nbFixedLH 536
c ===============================================================================
c initCost: 0, fixedBySearch: 0, optimal: 10, maxsat: 98, hardConflicts: 1646
c nbLK: 55311, nbSuccLK: 38757(70.07%), nbLKup: 32381945(1911.19%), hardens 517 (fixed 241465), dynVars 0, shorten: 0
c MaxSAT: OPTIMAL, Pauli weight 10 (reported cost 10), vars 1130 (base 340 + aux 790)
c DistQLDPC — QLDPC/CSS minimum distance (symplectic MaxSAT)
c solver: MaxCDCL, cardinality encoding: off (soft-conflict only)
c Hx: data/matrices/BB_108_8_10_Hx.txt
c Hz: data/matrices/BB_108_8_10_Hz.txt
c Gx: data/matrices/BB_108_8_10_Gx.txt
c Gz: data/matrices/BB_108_8_10_Gz.txt
c Hx: 54 x 108, Hz: 54 x 108, Gx: 8 x 108, Gz: 8 x 108, logicals: 16
c d_lb: 10
c d_ub: 10
c d  : 10
o 10
