c DistQLDPC — QLDPC/CSS minimum distance (symplectic MaxSAT)
c solver: MaxCDCL, cardinality encoding: MTO only
c Hx: data/matrices/GB_144_12_8_Hx.txt
c Hz: data/matrices/GB_144_12_8_Hz.txt
c Gx: data/matrices/GB_144_12_8_Gx.txt
c Gz: data/matrices/GB_144_12_8_Gz.txt
c Hx: 66 x 144, Hz: 66 x 144, Gx: 12 x 144, Gz: 12 x 144, logicals: 24
c Mono: 0, fixed: 0
c |  Eliminated clauses:           0.04 Mb                                      |
c Reduced to 1007 vars, 4942 cls (c/v ratio==4.9, grow=0)
c No iterative elimination performed. (vars=1007, c/v ratio=4.9)
c ============================[ Search Statistics ]==============================
c | Conflicts |          ORIGINAL         |          LEARNT          | Progress |
c |           |    Vars  Clauses Literals |    Limit  Clauses Lit/Cl |          |
c ===============================================================================
c nb soft clauses: 144, of which 144 unit, 0 nonUnit and 0 empty
c total nb of literals: 18204
c conflLits 0, conflLits2 0, nbFailedLits 0, fixedVarsBypreproc 0, totalFixedVars 156
c 1 conflict sets found with length 81
c fixedCost 0, nbSatLits 0, totalFixedVars 156, objForSearch: 144

c no UB provided, search from scratch...
c ends of initiationization by VSIDS at 0 conflicts with init 10000

c UB=1 fails, cnfls=0, hcnfls=0, core 0, tier2 0, local 0, quasiC: 0 (fixed: 0)
c prunedLB 0.00, dev 0.00, succRate 0.00, nbSucc 0, nbHardens 1 (fixed 144), lk: 1, shorten: 0, pureSo 0, nbFlyRd 0, nbFixedLH 0

c Cardinality: 429 (MTO) for UB 2
c ***** top quasi confl at level 0*****
c ends of initiationization by VSIDS at 4 conflicts with init 9996

c UB=2 fails, cnfls=4, hcnfls=4, core 2, tier2 0, local 0, quasiC: 1 (fixed: 53)
c prunedLB 0.00, dev 0.00, succRate 0.00, nbSucc 0, nbHardens 1 (fixed 197), lk: 1, shorten: 0, pureSo 0, nbFlyRd 1, nbFixedLH 0

c Cardinality: 919 (MTO) for UB 4
c nbFailedLits 0, nbI 0, fixedVarsByFL 0, totalFixedVars 165, nbTested: 1001, counter 43574
c ends of initiationization by VSIDS at 1913 conflicts with init 8091

c UB=4 fails, cnfls=1913, hcnfls=1232, core 711, tier2 108, local 1205, quasiC: 24 (fixed: 1278)
c prunedLB 2.73, dev 0.45, succRate 0.92, nbSucc 568, nbHardens 160 (fixed 19294), lk: 616, shorten: 0, pureSo 114, nbFlyRd 32, nbFixedLH 30

c Cardinality: 1248 (MTO) for UB 8
c nbFailedLits 0, nbI 0, fixedVarsByFL 0, totalFixedVars 156, nbTested: 1001, counter 118365
c nbFailedLits 0, nbI 0, fixedVarsByFL 0, totalFixedVars 174, nbTested: 1001, counter 204619
c ends of initiationization by VSIDS at 8092 conflicts with init 3821

c UB=8 fails, cnfls=8092, hcnfls=1435, core 2571, tier2 1155, local 3217, quasiC: 717 (fixed: 34674)
c prunedLB 4.96, dev 1.23, succRate 0.77, nbSucc 5840, nbHardens 220 (fixed 56597), lk: 7605, shorten: 0, pureSo 251, nbFlyRd 66, nbFixedLH 129

c Cardinality: 1433 (MTO) for UB 16
c nbFailedLits 0, nbI 0, fixedVarsByFL 0, totalFixedVars 156, nbTested: 1001, counter 277522
c nbFailedLits 0, nbI 0, fixedVarsByFL 0, totalFixedVars 156, nbTested: 1001, counter 336598
c UB=16 succs, confls=13715, hconfls=1624, core 188, tier2 360, local 5422,  15 soft cls unsat (0 at L0), 156 fixed vars at L0, softCnfl 259, nbFlyRd 100, nbFixedLH 182
c nbHardens 225 (fixed 108866), shorten: 0, prunedLB 9.39, dev 1.28, succRate 0.71, nbSucc 5426, lk: 7593, shorten: 0, quasiC: 1785 (fixed: 86729)

c ends of initiationization by VSIDS at 13715 conflicts with init 4377


c Cardinality: 1434 (MTO) for UB 15
c UB=15 succs, confls=14901, hconfls=1813, core 414, tier2 854, local 6474,  14 soft cls unsat (0 at L0), 156 fixed vars at L0, softCnfl 265, nbFlyRd 110, nbFixedLH 218
c nbHardens 229 (fixed 118521), shorten: 0, prunedLB 8.45, dev 1.50, succRate 0.65, nbSucc 991, lk: 1524, shorten: 0, quasiC: 2005 (fixed: 96272)


c Cardinality: 1434 (MTO) for UB 14
c UB=14 succs, confls=15255, hconfls=1855, core 630, tier2 1092, local 6743,  13 soft cls unsat (0 at L0), 156 fixed vars at L0, softCnfl 268, nbFlyRd 110, nbFixedLH 220
c nbHardens 231 (fixed 120915), shorten: 0, prunedLB 7.69, dev 1.00, succRate 0.79, nbSucc 309, lk: 390, shorten: 0, quasiC: 2055 (fixed: 98666)


c Cardinality: 1435 (MTO) for UB 13
c UB=13 succs, confls=15595, hconfls=1911, core 1004, tier2 1307, local 6969,  12 soft cls unsat (0 at L0), 156 fixed vars at L0, softCnfl 270, nbFlyRd 111, nbFixedLH 220
c nbHardens 233 (fixed 123387), shorten: 0, prunedLB 7.55, dev 0.93, succRate 0.74, nbSucc 282, lk: 382, shorten: 0, quasiC: 2106 (fixed: 101138)


c Cardinality: 1434 (MTO) for UB 12
c UB=12 succs, confls=15978, hconfls=1962, core 1157, tier2 1371, local 7289,  11 soft cls unsat (0 at L0), 156 fixed vars at L0, softCnfl 273, nbFlyRd 114, nbFixedLH 225
c nbHardens 235 (fixed 126388), shorten: 0, prunedLB 7.53, dev 1.09, succRate 0.75, nbSucc 329, lk: 438, shorten: 0, quasiC: 2161 (fixed: 104139)


c Cardinality: 1435 (MTO) for UB 11
c UB=11 succs, confls=16188, hconfls=1980, core 1179, tier2 1410, local 7469,  10 soft cls unsat (0 at L0), 156 fixed vars at L0, softCnfl 275, nbFlyRd 116, nbFixedLH 227
c nbHardens 238 (fixed 128157), shorten: 0, prunedLB 7.25, dev 1.16, succRate 0.72, nbSucc 190, lk: 265, shorten: 0, quasiC: 2195 (fixed: 105851)


c Cardinality: 1435 (MTO) for UB 10
c UB=10 succs, confls=16222, hconfls=1991, core 1188, tier2 1410, local 7494,  9 soft cls unsat (0 at L0), 156 fixed vars at L0, softCnfl 276, nbFlyRd 116, nbFixedLH 227
c nbHardens 240 (fixed 128495), shorten: 0, prunedLB 6.82, dev 2.04, succRate 0.58, nbSucc 22, lk: 38, shorten: 0, quasiC: 2202 (fixed: 106189)


c Cardinality: 1436 (MTO) for UB 9
c UB=9 succs, confls=17318, hconfls=2015, core 2154, tier2 755, local 7434,  8 soft cls unsat (0 at L0), 163 fixed vars at L0, softCnfl 290, nbFlyRd 118, nbFixedLH 234
c nbHardens 246 (fixed 138325), shorten: 0, prunedLB 5.99, dev 1.06, succRate 0.72, nbSucc 1058, lk: 1466, shorten: 0, quasiC: 2410 (fixed: 115756)

c LRB phase 1: conflicts 3603, phase 20000000, starts 22, UP 223817
c UB=8 fails, cnfls=17318, hcnfls=2015, core 2154, tier2 755, local 7434, quasiC: 2410 (fixed: 115756)
c prunedLB 0.00, dev 0.00, succRate 0.00, nbSucc 0, nbHardens 246 (fixed 138325), lk: 0, shorten: 0, pureSo 290, nbFlyRd 118, nbFixedLH 234
c ===============================================================================
c initCost: 0, fixedBySearch: 0, optimal: 8, maxsat: 136, hardConflicts: 2015
c nbLK: 20319, nbSuccLK: 15015(73.90%), nbLKup: 16428624(1557.30%), hardens 246 (fixed 138325), dynVars 5448, shorten: 0
c MaxSAT: OPTIMAL, Pauli weight 8 (reported cost 8), vars 7187 (base 456 + aux 1283)
c DistQLDPC — QLDPC/CSS minimum distance (symplectic MaxSAT)
c solver: MaxCDCL, cardinality encoding: MTO only
c Hx: data/matrices/GB_144_12_8_Hx.txt
c Hz: data/matrices/GB_144_12_8_Hz.txt
c Gx: data/matrices/GB_144_12_8_Gx.txt
c Gz: data/matrices/GB_144_12_8_Gz.txt
c Hx: 66 x 144, Hz: 66 x 144, Gx: 12 x 144, Gz: 12 x 144, logicals: 24
c d_lb: 8
c d_ub: 8
c d  : 8
o 8
