c DistQLDPC — QLDPC/CSS minimum distance (symplectic MaxSAT)
c solver: MaxCDCL, cardinality encoding: off (soft-conflict only)
c Hx: data/matrices/LP_136_32_4_Hx.txt
c Hz: data/matrices/LP_136_32_4_Hz.txt
c Gx: data/matrices/LP_136_32_4_Gx.txt
c Gz: data/matrices/LP_136_32_4_Gz.txt
c Hx: 60 x 136, Hz: 60 x 136, Gx: 32 x 136, Gz: 32 x 136, logicals: 64
c Mono: 0, fixed: 0
c |  Eliminated clauses:           0.04 Mb                                      |
c Reduced to 1072 vars, 5274 cls (c/v ratio==4.9, grow=0)
c No iterative elimination performed. (vars=1072, c/v ratio=4.9)
c ============================[ Search Statistics ]==============================
c | Conflicts |          ORIGINAL         |          LEARNT          | Progress |
c |           |    Vars  Clauses Literals |    Limit  Clauses Lit/Cl |          |
c ===============================================================================
c nb soft clauses: 136, of which 136 unit, 0 nonUnit and 0 empty
c total nb of literals: 19336
c conflLits 0, conflLits2 0, nbFailedLits 0, fixedVarsBypreproc 0, totalFixedVars 184
c 1 conflict sets found with length 91
c fixedCost 0, nbSatLits 0, totalFixedVars 184, objForSearch: 136

c no UB provided, search from scratch...
c ends of initiationization by VSIDS at 0 conflicts with init 10000

c UB=1 fails, cnfls=0, hcnfls=0, core 0, tier2 0, local 0, quasiC: 0 (fixed: 0)
c prunedLB 0.00, dev 0.00, succRate 0.00, nbSucc 0, nbHardens 1 (fixed 136), lk: 1, shorten: 0, pureSo 0, nbFlyRd 0, nbFixedLH 0

c Cardinality: off (soft-conflict only), UB 2
c ***** top quasi confl at level 0*****
c ends of initiationization by VSIDS at 294 conflicts with init 9706

c UB=2 fails, cnfls=294, hcnfls=195, core 2066, tier2 12, local 164, quasiC: 2 (fixed: 64)
c prunedLB 2.00, dev 0.00, succRate 0.50, nbSucc 2, nbHardens 105 (fixed 7123), lk: 4, shorten: 0, pureSo 97, nbFlyRd 12, nbFixedLH 0

c Cardinality: off (soft-conflict only), UB 4
c nbFailedLits 0, nbI 0, fixedVarsByFL 0, totalFixedVars 191, nbTested: 1001, counter 33683
c ends of initiationization by VSIDS at 1430 conflicts with init 8864

c UB=4 fails, cnfls=1430, hcnfls=360, core 517, tier2 23, local 810, quasiC: 102 (fixed: 4613)
c prunedLB 2.72, dev 0.61, succRate 0.78, nbSucc 847, nbHardens 196 (fixed 17935), lk: 1084, shorten: 0, pureSo 222, nbFlyRd 33, nbFixedLH 17

c Cardinality: off (soft-conflict only), UB 8
c UB=8 succs, confls=2738, hconfls=391, core 428, tier2 359, local 587,  6 soft cls unsat (0 at L0), 188 fixed vars at L0, softCnfl 227, nbFlyRd 43, nbFixedLH 22
c nbHardens 207 (fixed 22116), shorten: 0, prunedLB 4.55, dev 0.86, succRate 0.90, nbSucc 1272, lk: 1409, shorten: 0, quasiC: 176 (fixed: 8159)

c ends of initiationization by VSIDS at 2738 conflicts with init 8692


c Cardinality: off (soft-conflict only), UB 6
c nbFailedLits 0, nbI 0, fixedVarsByFL 0, totalFixedVars 188, nbTested: 1001, counter 51321
c UB=6 succs, confls=3072, hconfls=413, core 273, tier2 187, local 853,  4 soft cls unsat (0 at L0), 189 fixed vars at L0, softCnfl 237, nbFlyRd 56, nbFixedLH 33
c nbHardens 217 (fixed 24251), shorten: 0, prunedLB 3.37, dev 0.68, succRate 0.82, nbSucc 302, lk: 368, shorten: 0, quasiC: 202 (fixed: 9528)

c LRB phase 1: conflicts 334, phase 20000000, starts 3, UP 17093
c UB=4 fails, cnfls=3072, hcnfls=413, core 273, tier2 187, local 853, quasiC: 202 (fixed: 9528)
c prunedLB 0.00, dev 0.00, succRate 0.00, nbSucc 0, nbHardens 217 (fixed 24251), lk: 0, shorten: 0, pureSo 237, nbFlyRd 56, nbFixedLH 33
c ===============================================================================
c initCost: 0, fixedBySearch: 0, optimal: 4, maxsat: 132, hardConflicts: 413
c nbLK: 2866, nbSuccLK: 2423(84.54%), nbLKup: 1793877(1023.73%), hardens 217 (fixed 24251), dynVars 0, shorten: 0
c MaxSAT: OPTIMAL, Pauli weight 4 (reported cost 4), vars 1872 (base 472 + aux 1400)
c DistQLDPC — QLDPC/CSS minimum distance (symplectic MaxSAT)
c solver: MaxCDCL, cardinality encoding: off (soft-conflict only)
c Hx: data/matrices/LP_136_32_4_Hx.txt
c Hz: data/matrices/LP_136_32_4_Hz.txt
c Gx: data/matrices/LP_136_32_4_Gx.txt
c Gz: data/matrices/LP_136_32_4_Gz.txt
c Hx: 60 x 136, Hz: 60 x 136, Gx: 32 x 136, Gz: 32 x 136, logicals: 64
c d_lb: 4
c d_ub: 4
c d  : 4
o 4
