c DistQLDPC — QLDPC/CSS minimum distance (symplectic MaxSAT)
c solver: MaxCDCL, cardinality encoding: MTO only
c Hx: data/matrices/GB_144_12_8_Hx.txt
c Hz: data/matrices/GB_144_12_8_Hz.txt
c Gx: data/matrices/GB_144_12_8_Gx.txt
c Gz: data/matrices/GB_144_12_8_Gz.txt
c Hx: 66 x 144, Hz: 66 x 144, Gx: 12 x 144, Gz: 12 x 144, logicals: 24
c Mono: 0, fixed: 0
c |  Eliminated clauses:           0.04 Mb                                      |
c Reduced to 1007 vars, 4942 cls (c/v ratio==4.9, grow=0)
c No iterative elimination performed. (vars=1007, c/v ratio=4.9)
c ============================[ Search Statistics ]==============================
c | Conflicts |          ORIGINAL         |          LEARNT          | Progress |
c |           |    Vars  Clauses Literals |    Limit  Clauses Lit/Cl |          |
c ===============================================================================
c nb soft clauses: 144, of which 144 unit, 0 nonUnit and 0 empty
c total nb of literals: 18204
c conflLits 0, conflLits2 0, nbFailedLits 0, fixedVarsBypreproc 0, totalFixedVars 156
c 1 conflict sets found with length 81
c fixedCost 0, nbSatLits 0, totalFixedVars 156, objForSearch: 144

c no UB provided, search from scratch...
c ends of initiationization by VSIDS at 0 conflicts with init 10000

c UB=1 fails, cnfls=0, hcnfls=0, core 0, tier2 0, local 0, quasiC: 0 (fixed: 0)
c prunedLB 0.00, dev 0.00, succRate 0.00, nbSucc 0, nbHardens 1 (fixed 144), lk: 1, shorten: 0, pureSo 0, nbFlyRd 0, nbFixedLH 0

c Cardinality: 429 (MTO) for UB 2
c ***** top quasi confl at level 0*****
c ends of initiationization by VSIDS at 4 conflicts with init 9996

c UB=2 fails, cnfls=4, hcnfls=4, core 2, tier2 0, local 0, quasiC: 1 (fixed: 53)
c prunedLB 0.00, dev 0.00, succRate 0.00, nbSucc 0, nbHardens 1 (fixed 197), lk: 1, shorten: 0, pureSo 0, nbFlyRd 1, nbFixedLH 0

c Cardinality: 919 (MTO) for UB 4
c ends of initiationization by VSIDS at 932 conflicts with init 9072

c UB=4 fails, cnfls=932, hcnfls=490, core 431, tier2 92, local 522, quasiC: 48 (fixed: 1362)
c prunedLB 3.16, dev 0.59, succRate 0.64, nbSucc 383, nbHardens 81 (fixed 9844), lk: 594, shorten: 0, pureSo 60, nbFlyRd 16, nbFixedLH 21

c Cardinality: 1248 (MTO) for UB 8
c nbFailedLits 0, nbI 0, fixedVarsByFL 0, totalFixedVars 158, nbTested: 1001, counter 66934
c nbFailedLits 0, nbI 0, fixedVarsByFL 0, totalFixedVars 176, nbTested: 1001, counter 132362
c ends of initiationization by VSIDS at 8093 conflicts with init 2839

c UB=8 fails, cnfls=8093, hcnfls=743, core 3072, tier2 1166, local 4042, quasiC: 917 (fixed: 40690)
c prunedLB 5.27, dev 1.01, succRate 0.76, nbSucc 6763, nbHardens 158 (fixed 54766), lk: 8917, shorten: 0, pureSo 206, nbFlyRd 53, nbFixedLH 127

c Cardinality: 1433 (MTO) for UB 16
c UB=16 succs, confls=8956, hconfls=786, core 38, tier2 11, local 821,  15 soft cls unsat (0 at L0), 156 fixed vars at L0, softCnfl 207, nbFlyRd 54, nbFixedLH 130
c nbHardens 160 (fixed 56555), shorten: 0, prunedLB 8.92, dev 0.79, succRate 0.94, nbSucc 819, lk: 874, shorten: 0, quasiC: 953 (fixed: 42474)

c ends of initiationization by VSIDS at 8956 conflicts with init 9137


c Cardinality: 1434 (MTO) for UB 15
c nbFailedLits 0, nbI 0, fixedVarsByFL 0, totalFixedVars 156, nbTested: 1001, counter 221799
c UB=15 succs, confls=10728, hconfls=943, core 134, tier2 25, local 2505,  13 soft cls unsat (0 at L0), 156 fixed vars at L0, softCnfl 211, nbFlyRd 60, nbFixedLH 149
c nbHardens 162 (fixed 69608), shorten: 0, prunedLB 9.80, dev 1.30, succRate 0.76, nbSucc 1611, lk: 2117, shorten: 0, quasiC: 1225 (fixed: 55527)


c Cardinality: 1435 (MTO) for UB 13
c UB=13 succs, confls=11135, hconfls=969, core 154, tier2 240, local 2870,  12 soft cls unsat (0 at L0), 156 fixed vars at L0, softCnfl 215, nbFlyRd 61, nbFixedLH 156
c nbHardens 166 (fixed 73184), shorten: 0, prunedLB 8.29, dev 1.54, succRate 0.75, nbSucc 377, lk: 503, shorten: 0, quasiC: 1288 (fixed: 58933)


c Cardinality: 1434 (MTO) for UB 12
c UB=12 succs, confls=11851, hconfls=1002, core 603, tier2 783, local 3472,  10 soft cls unsat (0 at L0), 156 fixed vars at L0, softCnfl 220, nbFlyRd 63, nbFixedLH 160
c nbHardens 168 (fixed 80643), shorten: 0, prunedLB 7.02, dev 1.19, succRate 0.68, nbSucc 678, lk: 1000, shorten: 0, quasiC: 1428 (fixed: 66273)


c Cardinality: 1435 (MTO) for UB 10
c UB=10 succs, confls=12215, hconfls=1043, core 871, tier2 1192, local 3697,  9 soft cls unsat (0 at L0), 156 fixed vars at L0, softCnfl 223, nbFlyRd 65, nbFixedLH 164
c nbHardens 174 (fixed 83659), shorten: 0, prunedLB 6.15, dev 1.16, succRate 0.73, nbSucc 320, lk: 440, shorten: 0, quasiC: 1489 (fixed: 68984)


c Cardinality: 1436 (MTO) for UB 9
c nbFailedLits 0, nbI 0, fixedVarsByFL 0, totalFixedVars 156, nbTested: 1001, counter 291958
c UB=9 succs, confls=14669, hconfls=1126, core 2043, tier2 1185, local 5098,  8 soft cls unsat (0 at L0), 169 fixed vars at L0, softCnfl 246, nbFlyRd 77, nbFixedLH 186
c nbHardens 189 (fixed 101121), shorten: 0, prunedLB 6.26, dev 1.04, succRate 0.75, nbSucc 2348, lk: 3146, shorten: 0, quasiC: 1871 (fixed: 85571)

c LRB phase 1: conflicts 5713, phase 20000000, starts 30, UP 312640
c UB=8 fails, cnfls=14669, hcnfls=1126, core 2043, tier2 1185, local 5098, quasiC: 1871 (fixed: 85571)
c prunedLB 0.00, dev 0.00, succRate 0.00, nbSucc 0, nbHardens 189 (fixed 101121), lk: 0, shorten: 0, pureSo 246, nbFlyRd 77, nbFixedLH 186
c ===============================================================================
c initCost: 0, fixedBySearch: 0, optimal: 8, maxsat: 136, hardConflicts: 1126
c nbLK: 17593, nbSuccLK: 13299(75.59%), nbLKup: 12870669(1585.15%), hardens 189 (fixed 101121), dynVars 4086, shorten: 0
c MaxSAT: OPTIMAL, Pauli weight 8 (reported cost 8), vars 5825 (base 456 + aux 1283)
c DistQLDPC — QLDPC/CSS minimum distance (symplectic MaxSAT)
c solver: MaxCDCL, cardinality encoding: MTO only
c Hx: data/matrices/GB_144_12_8_Hx.txt
c Hz: data/matrices/GB_144_12_8_Hz.txt
c Gx: data/matrices/GB_144_12_8_Gx.txt
c Gz: data/matrices/GB_144_12_8_Gz.txt
c Hx: 66 x 144, Hz: 66 x 144, Gx: 12 x 144, Gz: 12 x 144, logicals: 24
c d_lb: 8
c d_ub: 8
c d  : 8
o 8
