c DistQLDPC — QLDPC/CSS minimum distance (symplectic MaxSAT)
c solver: MaxCDCL, cardinality encoding: off (soft-conflict only)
c Hx: data/matrices/LP_136_32_4_Hx.txt
c Hz: data/matrices/LP_136_32_4_Hz.txt
c Gx: data/matrices/LP_136_32_4_Gx.txt
c Gz: data/matrices/LP_136_32_4_Gz.txt
c Hx: 60 x 136, Hz: 60 x 136, Gx: 32 x 136, Gz: 32 x 136, logicals: 64
c Mono: 0, fixed: 0
c |  Eliminated clauses:           0.04 Mb                                      |
c Reduced to 1072 vars, 5274 cls (c/v ratio==4.9, grow=0)
c No iterative elimination performed. (vars=1072, c/v ratio=4.9)
c ============================[ Search Statistics ]==============================
c | Conflicts |          ORIGINAL         |          LEARNT          | Progress |
c |           |    Vars  Clauses Literals |    Limit  Clauses Lit/Cl |          |
c ===============================================================================
c nb soft clauses: 136, of which 136 unit, 0 nonUnit and 0 empty
c total nb of literals: 19336
c conflLits 0, conflLits2 0, nbFailedLits 0, fixedVarsBypreproc 0, totalFixedVars 184
c 1 conflict sets found with length 91
c fixedCost 0, nbSatLits 0, totalFixedVars 184, objForSearch: 136

c no UB provided, search from scratch...
c ends of initiationization by VSIDS at 0 conflicts with init 10000

c UB=1 fails, cnfls=0, hcnfls=0, core 0, tier2 0, local 0, quasiC: 0 (fixed: 0)
c prunedLB 0.00, dev 0.00, succRate 0.00, nbSucc 0, nbHardens 1 (fixed 136), lk: 1, shorten: 0, pureSo 0, nbFlyRd 0, nbFixedLH 0

c Cardinality: off (soft-conflict only), UB 2
c ***** top quasi confl at level 0*****
c ***** top quasi confl at level 0*****
c ends of initiationization by VSIDS at 332 conflicts with init 9668

c UB=2 fails, cnfls=332, hcnfls=225, core 287, tier2 8, local 170, quasiC: 3 (fixed: 117)
c prunedLB 2.00, dev 0.00, succRate 0.50, nbSucc 4, nbHardens 115 (fixed 6656), lk: 8, shorten: 0, pureSo 104, nbFlyRd 7, nbFixedLH 1

c Cardinality: off (soft-conflict only), UB 4
c nbFailedLits 0, nbI 0, fixedVarsByFL 0, totalFixedVars 198, nbTested: 1001, counter 25367
c ends of initiationization by VSIDS at 2598 conflicts with init 7734

c UB=4 fails, cnfls=2598, hcnfls=570, core 574, tier2 80, local 1483, quasiC: 96 (fixed: 4538)
c prunedLB 2.56, dev 0.54, succRate 0.89, nbSucc 1628, nbHardens 260 (fixed 21737), lk: 1832, shorten: 0, pureSo 398, nbFlyRd 49, nbFixedLH 56

c Cardinality: off (soft-conflict only), UB 8
c UB=8 succs, confls=3057, hconfls=591, core 399, tier2 118, local 286,  6 soft cls unsat (0 at L0), 184 fixed vars at L0, softCnfl 404, nbFlyRd 54, nbFixedLH 65
c nbHardens 267 (fixed 24313), shorten: 0, prunedLB 4.67, dev 1.00, succRate 0.85, nbSucc 432, lk: 511, shorten: 0, quasiC: 135 (fixed: 6620)

c ends of initiationization by VSIDS at 3057 conflicts with init 9541


c Cardinality: off (soft-conflict only), UB 6
c UB=6 succs, confls=3121, hconfls=601, core 434, tier2 124, local 341,  4 soft cls unsat (0 at L0), 184 fixed vars at L0, softCnfl 409, nbFlyRd 56, nbFixedLH 66
c nbHardens 273 (fixed 25024), shorten: 0, prunedLB 2.96, dev 1.01, succRate 0.64, nbSucc 49, lk: 77, shorten: 0, quasiC: 135 (fixed: 6620)

c LRB phase 1: conflicts 64, phase 20000000, starts 1, UP 5353
c UB=4 fails, cnfls=3121, hcnfls=601, core 434, tier2 124, local 341, quasiC: 135 (fixed: 6620)
c prunedLB 0.00, dev 0.00, succRate 0.00, nbSucc 0, nbHardens 273 (fixed 25024), lk: 0, shorten: 0, pureSo 409, nbFlyRd 56, nbFixedLH 66
c ===============================================================================
c initCost: 0, fixedBySearch: 0, optimal: 4, maxsat: 132, hardConflicts: 601
c nbLK: 2429, nbSuccLK: 2113(86.99%), nbLKup: 1273783(581.02%), hardens 273 (fixed 25024), dynVars 0, shorten: 0
c MaxSAT: OPTIMAL, Pauli weight 4 (reported cost 4), vars 1872 (base 472 + aux 1400)
c DistQLDPC — QLDPC/CSS minimum distance (symplectic MaxSAT)
c solver: MaxCDCL, cardinality encoding: off (soft-conflict only)
c Hx: data/matrices/LP_136_32_4_Hx.txt
c Hz: data/matrices/LP_136_32_4_Hz.txt
c Gx: data/matrices/LP_136_32_4_Gx.txt
c Gz: data/matrices/LP_136_32_4_Gz.txt
c Hx: 60 x 136, Hz: 60 x 136, Gx: 32 x 136, Gz: 32 x 136, logicals: 64
c d_lb: 4
c d_ub: 4
c d  : 4
o 4
