c DistQLDPC — QLDPC/CSS minimum distance (symplectic MaxSAT)
c solver: MaxCDCL, cardinality encoding: MTO only
c Hx: data/matrices/LP_136_32_4_Hx.txt
c Hz: data/matrices/LP_136_32_4_Hz.txt
c Gx: data/matrices/LP_136_32_4_Gx.txt
c Gz: data/matrices/LP_136_32_4_Gz.txt
c Hx: 60 x 136, Hz: 60 x 136, Gx: 32 x 136, Gz: 32 x 136, logicals: 64
c Mono: 0, fixed: 0
c |  Eliminated clauses:           0.04 Mb                                      |
c Reduced to 1072 vars, 5274 cls (c/v ratio==4.9, grow=0)
c No iterative elimination performed. (vars=1072, c/v ratio=4.9)
c ============================[ Search Statistics ]==============================
c | Conflicts |          ORIGINAL         |          LEARNT          | Progress |
c |           |    Vars  Clauses Literals |    Limit  Clauses Lit/Cl |          |
c ===============================================================================
c nb soft clauses: 136, of which 136 unit, 0 nonUnit and 0 empty
c total nb of literals: 19336
c conflLits 0, conflLits2 0, nbFailedLits 0, fixedVarsBypreproc 0, totalFixedVars 184
c 1 conflict sets found with length 91
c fixedCost 0, nbSatLits 0, totalFixedVars 184, objForSearch: 136

c no UB provided, search from scratch...
c ends of initiationization by VSIDS at 0 conflicts with init 10000

c UB=1 fails, cnfls=0, hcnfls=0, core 0, tier2 0, local 0, quasiC: 0 (fixed: 0)
c prunedLB 0.00, dev 0.00, succRate 0.00, nbSucc 0, nbHardens 1 (fixed 136), lk: 1, shorten: 0, pureSo 0, nbFlyRd 0, nbFixedLH 0

c Cardinality: 405 (MTO) for UB 2
c ***** top quasi confl at level 0*****
c ends of initiationization by VSIDS at 46 conflicts with init 9954

c UB=2 fails, cnfls=46, hcnfls=46, core 34, tier2 6, local 9, quasiC: 1 (fixed: 17)
c prunedLB 0.00, dev 0.00, succRate 0.00, nbSucc 0, nbHardens 1 (fixed 153), lk: 1, shorten: 0, pureSo 0, nbFlyRd 4, nbFixedLH 0

c Cardinality: 871 (MTO) for UB 4
c nbFailedLits 0, nbI 0, fixedVarsByFL 0, totalFixedVars 187, nbTested: 1001, counter 36090
c ***** top quasi confl at level 0*****
c ends of initiationization by VSIDS at 1613 conflicts with init 8433

c UB=4 fails, cnfls=1613, hcnfls=643, core 1145, tier2 102, local 1006, quasiC: 86 (fixed: 3443)
c prunedLB 2.78, dev 0.58, succRate 0.82, nbSucc 868, nbHardens 183 (fixed 23099), lk: 1065, shorten: 0, pureSo 103, nbFlyRd 38, nbFixedLH 29

c Cardinality: 1176 (MTO) for UB 8
c UB=8 succs, confls=2590, hconfls=677, core 484, tier2 308, local 714,  6 soft cls unsat (0 at L0), 184 fixed vars at L0, softCnfl 107, nbFlyRd 59, nbFixedLH 44
c nbHardens 190 (fixed 27323), shorten: 0, prunedLB 4.47, dev 0.92, succRate 0.85, nbSucc 939, lk: 1110, shorten: 0, quasiC: 163 (fixed: 7226)

c ends of initiationization by VSIDS at 2590 conflicts with init 9023


c Cardinality: 1177 (MTO) for UB 6
c nbFailedLits 0, nbI 0, fixedVarsByFL 0, totalFixedVars 184, nbTested: 1001, counter 67872
c UB=6 succs, confls=2799, hconfls=801, core 458, tier2 44, local 840,  4 soft cls unsat (0 at L0), 184 fixed vars at L0, softCnfl 109, nbFlyRd 62, nbFixedLH 58
c nbHardens 196 (fixed 28309), shorten: 0, prunedLB 2.81, dev 0.78, succRate 0.44, nbSucc 83, lk: 189, shorten: 0, quasiC: 174 (fixed: 7819)

c LRB phase 1: conflicts 209, phase 20000000, starts 3, UP 30111
c UB=4 fails, cnfls=2799, hcnfls=801, core 458, tier2 44, local 840, quasiC: 174 (fixed: 7819)
c prunedLB 0.00, dev 0.00, succRate 0.00, nbSucc 0, nbHardens 196 (fixed 28309), lk: 0, shorten: 0, pureSo 109, nbFlyRd 62, nbFixedLH 58
c ===============================================================================
c initCost: 0, fixedBySearch: 0, optimal: 4, maxsat: 132, hardConflicts: 801
c nbLK: 2366, nbSuccLK: 1890(79.88%), nbLKup: 1379791(490.83%), hardens 196 (fixed 28309), dynVars 1094, shorten: 0
c MaxSAT: OPTIMAL, Pauli weight 4 (reported cost 4), vars 2966 (base 472 + aux 1400)
c DistQLDPC — QLDPC/CSS minimum distance (symplectic MaxSAT)
c solver: MaxCDCL, cardinality encoding: MTO only
c Hx: data/matrices/LP_136_32_4_Hx.txt
c Hz: data/matrices/LP_136_32_4_Hz.txt
c Gx: data/matrices/LP_136_32_4_Gx.txt
c Gz: data/matrices/LP_136_32_4_Gz.txt
c Hx: 60 x 136, Hz: 60 x 136, Gx: 32 x 136, Gz: 32 x 136, logicals: 64
c d_lb: 4
c d_ub: 4
c d  : 4
o 4
