c DistQLDPC — QLDPC/CSS minimum distance (symplectic MaxSAT)
c solver: MaxCDCL, cardinality encoding: off (soft-conflict only)
c Hx: data/matrices/LP_238_44_6_Hx.txt
c Hz: data/matrices/LP_238_44_6_Hz.txt
c Gx: data/matrices/LP_238_44_6_Gx.txt
c Gz: data/matrices/LP_238_44_6_Gz.txt
c Hx: 105 x 238, Hz: 105 x 238, Gx: 44 x 238, Gz: 44 x 238, logicals: 88
c Mono: 0, fixed: 0
c |  Eliminated clauses:           0.07 Mb                                      |
c Reduced to 1990 vars, 10044 cls (c/v ratio==5.0, grow=0)
c No iterative elimination performed. (vars=1990, c/v ratio=5.0)
c ============================[ Search Statistics ]==============================
c | Conflicts |          ORIGINAL         |          LEARNT          | Progress |
c |           |    Vars  Clauses Literals |    Limit  Clauses Lit/Cl |          |
c ===============================================================================
c nb soft clauses: 238, of which 238 unit, 0 nonUnit and 0 empty
c total nb of literals: 36982
c conflLits 0, conflLits2 0, nbFailedLits 0, fixedVarsBypreproc 0, totalFixedVars 298
c 1 conflict sets found with length 156
c fixedCost 0, nbSatLits 0, totalFixedVars 298, objForSearch: 238

c no UB provided, search from scratch...
c ends of initiationization by VSIDS at 0 conflicts with init 10000

c UB=1 fails, cnfls=0, hcnfls=0, core 0, tier2 0, local 0, quasiC: 0 (fixed: 0)
c prunedLB 0.00, dev 0.00, succRate 0.00, nbSucc 0, nbHardens 1 (fixed 238), lk: 1, shorten: 0, pureSo 0, nbFlyRd 0, nbFixedLH 0

c Cardinality: off (soft-conflict only), UB 2
c ***** top quasi confl at level 0*****
c ends of initiationization by VSIDS at 312 conflicts with init 9688

c UB=2 fails, cnfls=312, hcnfls=219, core 835, tier2 4, local 172, quasiC: 2 (fixed: 137)
c prunedLB 2.00, dev 0.00, succRate 0.88, nbSucc 15, nbHardens 141 (fixed 16268), lk: 17, shorten: 0, pureSo 79, nbFlyRd 8, nbFixedLH 0

c Cardinality: off (soft-conflict only), UB 4
c nbFailedLits 0, nbI 0, fixedVarsByFL 0, totalFixedVars 305, nbTested: 1001, counter 41009
c ends of initiationization by VSIDS at 2632 conflicts with init 7680

c UB=4 fails, cnfls=2632, hcnfls=556, core 2796, tier2 537, local 1984, quasiC: 171 (fixed: 11110)
c prunedLB 2.86, dev 0.59, succRate 0.79, nbSucc 1703, nbHardens 291 (fixed 45834), lk: 2154, shorten: 0, pureSo 360, nbFlyRd 29, nbFixedLH 54

c Cardinality: off (soft-conflict only), UB 8
c UB=8 succs, confls=3242, hconfls=569, core 253, tier2 102, local 549,  6 soft cls unsat (0 at L0), 298 fixed vars at L0, softCnfl 361, nbFlyRd 31, nbFixedLH 56
c nbHardens 296 (fixed 49314), shorten: 0, prunedLB 4.56, dev 0.83, succRate 0.90, nbSucc 596, lk: 665, shorten: 0, quasiC: 201 (fixed: 13878)

c ends of initiationization by VSIDS at 3242 conflicts with init 9390


c Cardinality: off (soft-conflict only), UB 6
c nbFailedLits 0, nbI 0, fixedVarsByFL 0, totalFixedVars 298, nbTested: 1001, counter 94348
c nbFailedLits 0, nbI 0, fixedVarsByFL 0, totalFixedVars 311, nbTested: 1001, counter 190427
c LRB phase 1: conflicts 7389, phase 20000000, starts 31, UP 612126
c UB=6 fails, cnfls=10631, hcnfls=900, core 984, tier2 131, local 3043, quasiC: 1168 (fixed: 79725)
c prunedLB 3.79, dev 0.75, succRate 0.77, nbSucc 6836, nbHardens 451 (fixed 132515), lk: 8880, shorten: 0, pureSo 584, nbFlyRd 98, nbFixedLH 151
c ===============================================================================
c initCost: 0, fixedBySearch: 0, optimal: 6, maxsat: 232, hardConflicts: 900
c nbLK: 11717, nbSuccLK: 9150(78.09%), nbLKup: 15535996(1570.92%), hardens 451 (fixed 132515), dynVars 0, shorten: 0
c MaxSAT: OPTIMAL, Pauli weight 6 (reported cost 6), vars 3432 (base 802 + aux 2630)
c DistQLDPC — QLDPC/CSS minimum distance (symplectic MaxSAT)
c solver: MaxCDCL, cardinality encoding: off (soft-conflict only)
c Hx: data/matrices/LP_238_44_6_Hx.txt
c Hz: data/matrices/LP_238_44_6_Hz.txt
c Gx: data/matrices/LP_238_44_6_Gx.txt
c Gz: data/matrices/LP_238_44_6_Gz.txt
c Hx: 105 x 238, Hz: 105 x 238, Gx: 44 x 238, Gz: 44 x 238, logicals: 88
c d_lb: 6
c d_ub: 6
c d  : 6
o 6
