c DistQLDPC — QLDPC/CSS minimum distance (symplectic MaxSAT)
c solver: MaxCDCL, cardinality encoding: Sinz only
c Hx: data/matrices/BB_108_8_10_Hx.txt
c Hz: data/matrices/BB_108_8_10_Hz.txt
c Gx: data/matrices/BB_108_8_10_Gx.txt
c Gz: data/matrices/BB_108_8_10_Gz.txt
c Hx: 54 x 108, Hz: 54 x 108, Gx: 8 x 108, Gz: 8 x 108, logicals: 16
c Mono: 0, fixed: 0
c |  Eliminated clauses:           0.02 Mb                                      |
c Reduced to 685 vars, 2990 cls (c/v ratio==4.4, grow=0)
c No iterative elimination performed. (vars=685, c/v ratio=4.4)
c ============================[ Search Statistics ]==============================
c | Conflicts |          ORIGINAL         |          LEARNT          | Progress |
c |           |    Vars  Clauses Literals |    Limit  Clauses Lit/Cl |          |
c ===============================================================================
c nb soft clauses: 108, of which 108 unit, 0 nonUnit and 0 empty
c total nb of literals: 10556
c conflLits 0, conflLits2 0, nbFailedLits 0, fixedVarsBypreproc 0, totalFixedVars 124
c 1 conflict sets found with length 60
c fixedCost 0, nbSatLits 0, totalFixedVars 124, objForSearch: 108

c no UB provided, search from scratch...
c ends of initiationization by VSIDS at 0 conflicts with init 10000

c UB=1 fails, cnfls=0, hcnfls=0, core 0, tier2 0, local 0, quasiC: 0 (fixed: 0)
c prunedLB 0.00, dev 0.00, succRate 0.00, nbSucc 0, nbHardens 1 (fixed 108), lk: 1, shorten: 0, pureSo 0, nbFlyRd 0, nbFixedLH 0

c Cardinality: 320 (Sinz) for UB 2
c ***** top quasi confl at level 0*****
c ends of initiationization by VSIDS at 12 conflicts with init 9988

c UB=2 fails, cnfls=12, hcnfls=12, core 3, tier2 0, local 7, quasiC: 1 (fixed: 37)
c prunedLB 0.00, dev 0.00, succRate 0.00, nbSucc 0, nbHardens 1 (fixed 145), lk: 1, shorten: 0, pureSo 0, nbFlyRd 3, nbFixedLH 0

c Cardinality: 738 (Sinz) for UB 4
c ends of initiationization by VSIDS at 657 conflicts with init 9355

c UB=4 fails, cnfls=657, hcnfls=455, core 219, tier2 55, local 435, quasiC: 37 (fixed: 749)
c prunedLB 3.37, dev 0.60, succRate 0.64, nbSucc 203, nbHardens 1 (fixed 857), lk: 315, shorten: 0, pureSo 0, nbFlyRd 7, nbFixedLH 14

c Cardinality: 1550 (Sinz) for UB 8
c nbFailedLits 0, nbI 0, fixedVarsByFL 0, totalFixedVars 125, nbTested: 1001, counter 53055
c nbFailedLits 0, nbI 1, fixedVarsByFL 1, totalFixedVars 137, nbTested: 1015, counter 128790
c ends of initiationization by VSIDS at 6094 conflicts with init 4563

c UB=8 fails, cnfls=6094, hcnfls=706, core 1057, tier2 112, local 1628, quasiC: 904 (fixed: 26196)
c prunedLB 5.00, dev 1.02, succRate 0.73, nbSucc 5187, nbHardens 1 (fixed 26304), lk: 7097, shorten: 0, pureSo 0, nbFlyRd 25, nbFixedLH 88

c Cardinality: 3078 (Sinz) for UB 16
c nbFailedLits 0, nbI 0, fixedVarsByFL 0, totalFixedVars 124, nbTested: 1001, counter 186789
c UB=16 succs, confls=7188, hconfls=722, core 12, tier2 0, local 1089,  14 soft cls unsat (0 at L0), 124 fixed vars at L0, softCnfl 0, nbFlyRd 32, nbFixedLH 94
c nbHardens 1 (fixed 33251), shorten: 0, prunedLB 8.76, dev 1.52, succRate 0.72, nbSucc 1078, lk: 1489, shorten: 0, quasiC: 1126 (fixed: 33143)

c ends of initiationization by VSIDS at 7188 conflicts with init 8906


c Cardinality: 2708 (Sinz) for UB 14
c UB=14 succs, confls=7193, hconfls=727, core 13, tier2 1, local 1095,  12 soft cls unsat (0 at L0), 124 fixed vars at L0, softCnfl 0, nbFlyRd 33, nbFixedLH 97
c nbHardens 1 (fixed 33251), shorten: 0, prunedLB 0.00, dev 0.00, succRate 0.00, nbSucc 0, lk: 7, shorten: 0, quasiC: 1126 (fixed: 33143)


c Cardinality: 2330 (Sinz) for UB 12
c UB=12 succs, confls=8047, hconfls=755, core 547, tier2 432, local 1816,  10 soft cls unsat (0 at L0), 124 fixed vars at L0, softCnfl 0, nbFlyRd 36, nbFixedLH 108
c nbHardens 1 (fixed 38228), shorten: 0, prunedLB 6.58, dev 1.32, succRate 0.69, nbSucc 826, lk: 1196, shorten: 0, quasiC: 1281 (fixed: 38120)


c Cardinality: 1944 (Sinz) for UB 10
c nbFailedLits 0, nbI 0, fixedVarsByFL 0, totalFixedVars 125, nbTested: 1001, counter 254168
c nbFailedLits 0, nbI 0, fixedVarsByFL 0, totalFixedVars 128, nbTested: 1001, counter 391342
c nbFailedLits 4, nbI 0, fixedVarsByFL 68, totalFixedVars 206, nbTested: 2263, counter 614393
c nbFailedLits 0, nbI 0, fixedVarsByFL 0, totalFixedVars 216, nbTested: 1001, counter 822530
c ***** top quasi confl at level 0*****
c LRB phase 1: conflicts 32929, phase 20000000, starts 124, UP 6326743
c UB=10 fails, cnfls=40117, hcnfls=2966, core 1859, tier2 287, local 2488, quasiC: 6917 (fixed: 218793)
c prunedLB 5.75, dev 1.40, succRate 0.68, nbSucc 29860, nbHardens 1 (fixed 218901), lk: 43672, shorten: 0, pureSo 0, nbFlyRd 147, nbFixedLH 505
c ===============================================================================
c initCost: 0, fixedBySearch: 0, optimal: 10, maxsat: 98, hardConflicts: 2966
c nbLK: 53778, nbSuccLK: 37154(69.09%), nbLKup: 42812112(562.86%), hardens 1 (fixed 218901), dynVars 4862, shorten: 0
c MaxSAT: OPTIMAL, Pauli weight 10 (reported cost 10), vars 5992 (base 340 + aux 790)
c DistQLDPC — QLDPC/CSS minimum distance (symplectic MaxSAT)
c solver: MaxCDCL, cardinality encoding: Sinz only
c Hx: data/matrices/BB_108_8_10_Hx.txt
c Hz: data/matrices/BB_108_8_10_Hz.txt
c Gx: data/matrices/BB_108_8_10_Gx.txt
c Gz: data/matrices/BB_108_8_10_Gz.txt
c Hx: 54 x 108, Hz: 54 x 108, Gx: 8 x 108, Gz: 8 x 108, logicals: 16
c d_lb: 10
c d_ub: 10
c d  : 10
o 10
