c This is COMiniSatPS.
c ============================[ Problem Statistics ]=============================
c |                                                                             |
c initial UB: 2147483647
c |  Number of variables:            10                                         |
c |  Number of clauses:              15                                         |
c |  Parse time:                   0.00 s                                       |
c |                                                                             |
c ============================[ Search Statistics ]==============================
c | Conflicts |          ORIGINAL         |          LEARNT          | Progress |
c |           |    Vars  Clauses Literals |    Limit  Clauses Lit/Cl |          |
c ===============================================================================
c nb soft clauses: 13, of which 10 unit, 3 nonUnit and 0 empty
c total nb of literals: 57
c conflLits 3, conflLits2 0, nbFailedLits 0, fixedVarsBypreproc 0, totalFixedVars 0
c init nbIsets: 4
c nbIsets after pass 1: 3
c isets 3, derivedCost 3
c 1 conflict sets found with length 3
c fixedCost 0, nbSatLits 0, totalFixedVars 0, objForSearch: 13

c no UB provided, search from scratch...
c ends of initiationization by VSIDS at 0 conflicts with init 10000

c UB=1 fails, cnfls=0, hcnfls=0, core 0, tier2 0, local 0, quasiC: 0 (fixed: 0)
c prunedLB 0.00, dev 0.00, succRate 0.00, nbSucc 0, nbHardens 1 (fixed 13), lk: 1, shorten: 0, pureSo 0, nbFlyRd 0, nbFixedLH 0
