c This is COMiniSatPS.
c ============================[ Problem Statistics ]=============================
c |                                                                             |
c initial UB: 2147483647
c |  Number of variables:             8                                         |
c |  Number of clauses:              12                                         |
c |  Parse time:                   0.00 s                                       |
c |                                                                             |
c ============================[ Search Statistics ]==============================
c | Conflicts |          ORIGINAL         |          LEARNT          | Progress |
c |           |    Vars  Clauses Literals |    Limit  Clauses Lit/Cl |          |
c ===============================================================================
c nb soft clauses: 8, of which 8 unit, 0 nonUnit and 0 empty
c total nb of literals: 28
c conflLits 16, conflLits2 0, nbFailedLits 0, fixedVarsBypreproc 0, totalFixedVars 0
c init nbIsets: 5
c nbIsets after pass 1: 4
c isets 4, derivedCost 4
c 0 conflict sets found with length 0
c fixedCost 0, nbSatLits 0, totalFixedVars 0, objForSearch: 4

c no UB provided, search from scratch...
c UB=1 succs, confls=1, hconfls=1, core 0, tier2 0, local 0,  0 soft cls unsat (0 at L0), 0 fixed vars at L0, softCnfl 0, nbFlyRd 1, nbFixedLH 0
c nbHardens 2 (fixed 4), shorten: 0, prunedLB 0.00, dev 0.00, succRate 0.00, nbSucc 0, lk: 1, shorten: 0, quasiC: 0 (fixed: 0)

c ends of initiationization by VSIDS at 1 conflicts with init 9999

c UB=0 succ, confls=1 and hconfls=1 with 0 soft clauses unsat (0 at level 0) and 0 fixed vars at level 0,  prunedLB 0.00, dev 0.00, succRate 0.00, nbSucc 0, shortened : 0
c ===============================================================================
c initCost: 0, fixedBySearch: 0, optimal: 4, maxsat: 4, hardConflicts: 1
c nbLK: 1, nbSuccLK: 0(0.00%), nbLKup: 0(0.00%), hardens 2 (fixed 4), dynVars 0, shorten: 0
c restarts              : 1
c conflicts             : 1              (67 /sec)
c decisions             : 2              (0.00 % random) (133 /sec)
c propagations          : 12             (800 /sec)
c conflict literals     : 1              (0.00 % deleted)
c CPU time              : 0.015 s
c nbSimplifyAll         : 0
c s_propagations        : 71          
c s_cost_ratio          : 591.67%

s SATISFIABLE
