0000.gate.BB_90_8_10.no-card.0.baseline 1.809s o 10 load=1.42
0001.gate.BB_90_8_10.no-card.0.candidate 0.737s o 10 load=1.42
0002.gate.BB_90_8_10.no-card.1.candidate 0.762s o 10 load=1.42
0003.gate.BB_90_8_10.no-card.1.baseline 1.828s o 10 load=1.42
0004.gate.BB_90_8_10.no-card.2.baseline 1.802s o 10 load=1.39
0005.gate.BB_90_8_10.no-card.2.candidate 0.739s o 10 load=1.39
0006.replicate.BB_90_8_10.no-card.0.baseline 1.798s o 10 load=1.39
0007.replicate.BB_90_8_10.no-card.0.candidate 0.740s o 10 load=1.39
0008.replicate.BB_90_8_10.no-card.1.candidate 0.738s o 10 load=1.44
0009.replicate.BB_90_8_10.no-card.1.baseline 1.809s o 10 load=1.44
0010.replicate.BB_90_8_10.no-card.2.baseline 1.809s o 10 load=1.44
0011.replicate.BB_90_8_10.no-card.2.candidate 0.733s o 10 load=1.44
0012.replicate.BB_90_8_10.no-card.3.candidate 0.742s o 10 load=1.40
0013.replicate.BB_90_8_10.no-card.3.baseline 1.806s o 10 load=1.40
0014.replicate.BB_90_8_10.no-card.4.baseline 1.799s o 10 load=1.40
0015.replicate.BB_90_8_10.no-card.4.candidate 0.726s o 10 load=1.37
0016.replicate.BB_90_8_10.no-card.5.candidate 0.740s o 10 load=1.37
0017.replicate.BB_90_8_10.no-card.5.baseline 1.807s o 10 load=1.37
0018.replicate.BB_90_8_10.no-card.6.baseline 1.803s o 10 load=1.37
0019.replicate.BB_90_8_10.no-card.6.candidate 0.742s o 10 load=1.34
0020.replicate.BB_90_8_10.no-card.7.candidate 0.733s o 10 load=1.34
0021.replicate.BB_90_8_10.no-card.7.baseline 1.814s o 10 load=1.34
0022.replicate.BB_90_8_10.no-card.8.baseline 1.822s o 10 load=1.34
0023.replicate.BB_90_8_10.no-card.8.candidate 0.731s o 10 load=1.47
0024.replicate.BB_90_8_10.no-card.9.candidate 0.740s o 10 load=1.47
0025.replicate.BB_90_8_10.no-card.9.baseline 1.817s o 10 load=1.47
0026.gate.BB_90_8_10.card-mto.0.baseline 1.615s o 10 load=1.47
0027.gate.BB_90_8_10.card-mto.0.candidate 0.670s o 10 load=1.44
0028.gate.BB_90_8_10.card-mto.1.candidate 0.666s o 10 load=1.44
0029.gate.BB_90_8_10.card-mto.1.baseline 1.616s o 10 load=1.44
0030.gate.BB_90_8_10.card-mto.2.baseline 1.621s o 10 load=1.44
0031.gate.BB_90_8_10.card-mto.2.candidate 0.664s o 10 load=1.44
0032.replicate.BB_90_8_10.card-mto.0.baseline 1.619s o 10 load=1.40
0033.replicate.BB_90_8_10.card-mto.0.candidate 0.666s o 10 load=1.40
0034.replicate.BB_90_8_10.card-mto.1.candidate 0.669s o 10 load=1.40
0035.replicate.BB_90_8_10.card-mto.1.baseline 1.622s o 10 load=1.40
0036.replicate.BB_90_8_10.card-mto.2.baseline 1.628s o 10 load=1.37
0037.replicate.BB_90_8_10.card-mto.2.candidate 0.670s o 10 load=1.37
0038.replicate.BB_90_8_10.card-mto.3.candidate 0.671s o 10 load=1.37
0039.replicate.BB_90_8_10.card-mto.3.baseline 1.632s o 10 load=1.37
0040.replicate.BB_90_8_10.card-mto.4.baseline 1.621s o 10 load=1.37
0041.replicate.BB_90_8_10.card-mto.4.candidate 0.663s o 10 load=1.34
0042.replicate.BB_90_8_10.card-mto.5.candidate 0.672s o 10 load=1.34
0043.replicate.BB_90_8_10.card-mto.5.baseline 1.625s o 10 load=1.34
0044.replicate.BB_90_8_10.card-mto.6.baseline 1.634s o 10 load=1.34
0045.replicate.BB_90_8_10.card-mto.6.candidate 0.667s o 10 load=1.31
0046.replicate.BB_90_8_10.card-mto.7.candidate 0.672s o 10 load=1.31
0047.replicate.BB_90_8_10.card-mto.7.baseline 1.639s o 10 load=1.31
0048.replicate.BB_90_8_10.card-mto.8.baseline 1.631s o 10 load=1.31
0049.replicate.BB_90_8_10.card-mto.8.candidate 0.669s o 10 load=1.29
0050.replicate.BB_90_8_10.card-mto.9.candidate 0.667s o 10 load=1.29
0051.replicate.BB_90_8_10.card-mto.9.baseline 1.637s o 10 load=1.29
0052.gate.GB_144_12_8.no-card.0.baseline 0.657s o 8 load=1.29
0053.gate.GB_144_12_8.no-card.0.candidate 0.090s o 8 load=1.29
0054.gate.GB_144_12_8.no-card.1.candidate 0.090s o 8 load=1.29
0055.gate.GB_144_12_8.no-card.1.baseline 0.648s o 8 load=1.29
0056.gate.GB_144_12_8.no-card.2.baseline 0.658s o 8 load=1.42
0057.gate.GB_144_12_8.no-card.2.candidate 0.090s o 8 load=1.42
0058.replicate.GB_144_12_8.no-card.0.baseline 0.650s o 8 load=1.42
0059.replicate.GB_144_12_8.no-card.0.candidate 0.089s o 8 load=1.42
0060.replicate.GB_144_12_8.no-card.1.candidate 0.087s o 8 load=1.42
0061.replicate.GB_144_12_8.no-card.1.baseline 0.653s o 8 load=1.42
0062.replicate.GB_144_12_8.no-card.2.baseline 0.649s o 8 load=1.42
0063.replicate.GB_144_12_8.no-card.2.candidate 0.089s o 8 load=1.42
0064.replicate.GB_144_12_8.no-card.3.candidate 0.090s o 8 load=1.42
0065.replicate.GB_144_12_8.no-card.3.baseline 0.661s o 8 load=1.42
0066.replicate.GB_144_12_8.no-card.4.baseline 0.658s o 8 load=1.42
0067.replicate.GB_144_12_8.no-card.4.candidate 0.102s o 8 load=1.42
0068.replicate.GB_144_12_8.no-card.5.candidate 0.092s o 8 load=1.42
0069.replicate.GB_144_12_8.no-card.5.baseline 0.650s o 8 load=1.39
0070.replicate.GB_144_12_8.no-card.6.baseline 0.660s o 8 load=1.39
0071.replicate.GB_144_12_8.no-card.6.candidate 0.091s o 8 load=1.39
0072.replicate.GB_144_12_8.no-card.7.candidate 0.087s o 8 load=1.39
0073.replicate.GB_144_12_8.no-card.7.baseline 0.661s o 8 load=1.39
0074.replicate.GB_144_12_8.no-card.8.baseline 0.658s o 8 load=1.39
0075.replicate.GB_144_12_8.no-card.8.candidate 0.093s o 8 load=1.39
0076.replicate.GB_144_12_8.no-card.9.candidate 0.090s o 8 load=1.39
0077.replicate.GB_144_12_8.no-card.9.baseline 0.651s o 8 load=1.39
0078.gate.GB_144_12_8.card-mto.0.baseline 1.104s o 8 load=1.39
0079.gate.GB_144_12_8.card-mto.0.candidate 0.188s o 8 load=1.39
0080.gate.GB_144_12_8.card-mto.1.candidate 0.194s o 8 load=1.36
0081.gate.GB_144_12_8.card-mto.1.baseline 1.102s o 8 load=1.36
0082.gate.GB_144_12_8.card-mto.2.baseline 1.098s o 8 load=1.36
0083.gate.GB_144_12_8.card-mto.2.candidate 0.195s o 8 load=1.36
0084.replicate.GB_144_12_8.card-mto.0.baseline 1.104s o 8 load=1.36
0085.replicate.GB_144_12_8.card-mto.0.candidate 0.193s o 8 load=1.36
0086.replicate.GB_144_12_8.card-mto.1.candidate 0.193s o 8 load=1.36
0087.replicate.GB_144_12_8.card-mto.1.baseline 1.107s o 8 load=1.36
0088.replicate.GB_144_12_8.card-mto.2.baseline 1.107s o 8 load=1.33
0089.replicate.GB_144_12_8.card-mto.2.candidate 0.196s o 8 load=1.33
0090.replicate.GB_144_12_8.card-mto.3.candidate 0.201s o 8 load=1.33
0091.replicate.GB_144_12_8.card-mto.3.baseline 1.109s o 8 load=1.33
0092.replicate.GB_144_12_8.card-mto.4.baseline 1.099s o 8 load=1.33
0093.replicate.GB_144_12_8.card-mto.4.candidate 0.194s o 8 load=1.33
0094.replicate.GB_144_12_8.card-mto.5.candidate 0.192s o 8 load=1.33
0095.replicate.GB_144_12_8.card-mto.5.baseline 1.100s o 8 load=1.33
0096.replicate.GB_144_12_8.card-mto.6.baseline 1.099s o 8 load=1.38
0097.replicate.GB_144_12_8.card-mto.6.candidate 0.198s o 8 load=1.38
0098.replicate.GB_144_12_8.card-mto.7.candidate 0.197s o 8 load=1.38
0099.replicate.GB_144_12_8.card-mto.7.baseline 1.109s o 8 load=1.38
0100.replicate.GB_144_12_8.card-mto.8.baseline 1.104s o 8 load=1.38
0101.replicate.GB_144_12_8.card-mto.8.candidate 0.195s o 8 load=1.38
0102.replicate.GB_144_12_8.card-mto.9.candidate 0.201s o 8 load=1.38
0103.replicate.GB_144_12_8.card-mto.9.baseline 1.114s o 8 load=1.38
0104.gate.BB_108_8_10.no-card.0.baseline 2.265s o 10 load=1.43
0105.gate.BB_108_8_10.no-card.0.candidate 0.589s o 10 load=1.43
0106.gate.BB_108_8_10.no-card.1.candidate 0.596s o 10 load=1.43
0107.gate.BB_108_8_10.no-card.1.baseline 2.272s o 10 load=1.43
0108.gate.BB_108_8_10.no-card.2.baseline 2.267s o 10 load=1.40
0109.gate.BB_108_8_10.no-card.2.candidate 0.591s o 10 load=1.40
0110.replicate.BB_108_8_10.no-card.0.baseline 2.270s o 10 load=1.40
0111.replicate.BB_108_8_10.no-card.0.candidate 0.590s o 10 load=1.36
0112.replicate.BB_108_8_10.no-card.1.candidate 0.602s o 10 load=1.36
0113.replicate.BB_108_8_10.no-card.1.baseline 2.262s o 10 load=1.36
0114.replicate.BB_108_8_10.no-card.2.baseline 2.263s o 10 load=1.50
0115.replicate.BB_108_8_10.no-card.2.candidate 0.596s o 10 load=1.50
0116.replicate.BB_108_8_10.no-card.3.candidate 0.590s o 10 load=1.50
0117.replicate.BB_108_8_10.no-card.3.baseline 2.270s o 10 load=1.50
0118.replicate.BB_108_8_10.no-card.4.baseline 2.279s o 10 load=1.46
0119.replicate.BB_108_8_10.no-card.4.candidate 0.591s o 10 load=1.46
0120.replicate.BB_108_8_10.no-card.5.candidate 0.593s o 10 load=1.46
0121.replicate.BB_108_8_10.no-card.5.baseline 2.264s o 10 load=1.46
0122.replicate.BB_108_8_10.no-card.6.baseline 2.272s o 10 load=1.42
0123.replicate.BB_108_8_10.no-card.6.candidate 0.594s o 10 load=1.42
0124.replicate.BB_108_8_10.no-card.7.candidate 0.597s o 10 load=1.42
0125.replicate.BB_108_8_10.no-card.7.baseline 2.275s o 10 load=1.47
0126.replicate.BB_108_8_10.no-card.8.baseline 2.264s o 10 load=1.47
0127.replicate.BB_108_8_10.no-card.8.candidate 0.600s o 10 load=1.47
0128.replicate.BB_108_8_10.no-card.9.candidate 0.600s o 10 load=1.67
0129.replicate.BB_108_8_10.no-card.9.baseline 2.272s o 10 load=1.67
0130.gate.BB_108_8_10.card-mto.0.baseline 2.312s o 10 load=1.67
0131.gate.BB_108_8_10.card-mto.0.candidate 0.656s o 10 load=1.61
0132.gate.BB_108_8_10.card-mto.1.candidate 0.664s o 10 load=1.61
0133.gate.BB_108_8_10.card-mto.1.baseline 2.307s o 10 load=1.61
0134.gate.BB_108_8_10.card-mto.2.baseline 2.304s o 10 load=1.61
0135.gate.BB_108_8_10.card-mto.2.candidate 0.658s o 10 load=1.73
0136.replicate.BB_108_8_10.card-mto.0.baseline 2.307s o 10 load=1.73
0137.replicate.BB_108_8_10.card-mto.0.candidate 0.664s o 10 load=1.73
0138.replicate.BB_108_8_10.card-mto.1.candidate 0.657s o 10 load=1.67
0139.replicate.BB_108_8_10.card-mto.1.baseline 2.312s o 10 load=1.67
0140.replicate.BB_108_8_10.card-mto.2.baseline 2.310s o 10 load=1.67
0141.replicate.BB_108_8_10.card-mto.2.candidate 0.666s o 10 load=1.61
0142.replicate.BB_108_8_10.card-mto.3.candidate 0.652s o 10 load=1.61
0143.replicate.BB_108_8_10.card-mto.3.baseline 2.322s o 10 load=1.61
0144.replicate.BB_108_8_10.card-mto.4.baseline 2.319s o 10 load=1.61
0145.replicate.BB_108_8_10.card-mto.4.candidate 0.667s o 10 load=1.56
0146.replicate.BB_108_8_10.card-mto.5.candidate 0.655s o 10 load=1.56
0147.replicate.BB_108_8_10.card-mto.5.baseline 2.309s o 10 load=1.56
0148.replicate.BB_108_8_10.card-mto.6.baseline 2.315s o 10 load=1.68
0149.replicate.BB_108_8_10.card-mto.6.candidate 0.668s o 10 load=1.68
0150.replicate.BB_108_8_10.card-mto.7.candidate 0.665s o 10 load=1.68
0151.replicate.BB_108_8_10.card-mto.7.baseline 2.315s o 10 load=1.68
0152.replicate.BB_108_8_10.card-mto.8.baseline 2.323s o 10 load=1.62
0153.replicate.BB_108_8_10.card-mto.8.candidate 0.661s o 10 load=1.62
0154.replicate.BB_108_8_10.card-mto.9.candidate 0.656s o 10 load=1.62
0155.replicate.BB_108_8_10.card-mto.9.baseline 2.316s o 10 load=1.57
0156.gate.LP_238_44_6.no-card.0.baseline 1.193s o 6 load=1.57
0157.gate.LP_238_44_6.no-card.0.candidate 0.534s o 6 load=1.57
0158.gate.LP_238_44_6.no-card.1.candidate 0.538s o 6 load=1.57
0159.gate.LP_238_44_6.no-card.1.baseline 1.188s o 6 load=1.57
0160.gate.LP_238_44_6.no-card.2.baseline 1.191s o 6 load=1.53
0161.gate.LP_238_44_6.no-card.2.candidate 0.547s o 6 load=1.53
0162.replicate.LP_238_44_6.no-card.0.baseline 1.188s o 6 load=1.53
0163.replicate.LP_238_44_6.no-card.0.candidate 0.541s o 6 load=1.53
0164.replicate.LP_238_44_6.no-card.1.candidate 0.541s o 6 load=1.53
0165.replicate.LP_238_44_6.no-card.1.baseline 1.190s o 6 load=1.53
0166.replicate.LP_238_44_6.no-card.2.baseline 1.189s o 6 load=1.48
0167.replicate.LP_238_44_6.no-card.2.candidate 0.543s o 6 load=1.48
0168.replicate.LP_238_44_6.no-card.3.candidate 0.545s o 6 load=1.48
0169.replicate.LP_238_44_6.no-card.3.baseline 1.186s o 6 load=1.48
0170.replicate.LP_238_44_6.no-card.4.baseline 1.190s o 6 load=1.48
0171.replicate.LP_238_44_6.no-card.4.candidate 0.535s o 6 load=1.45
0172.replicate.LP_238_44_6.no-card.5.candidate 0.546s o 6 load=1.45
0173.replicate.LP_238_44_6.no-card.5.baseline 1.191s o 6 load=1.45
0174.replicate.LP_238_44_6.no-card.6.baseline 1.198s o 6 load=1.45
0175.replicate.LP_238_44_6.no-card.6.candidate 0.536s o 6 load=1.45
0176.replicate.LP_238_44_6.no-card.7.candidate 0.547s o 6 load=1.45
0177.replicate.LP_238_44_6.no-card.7.baseline 1.198s o 6 load=1.41
0178.replicate.LP_238_44_6.no-card.8.baseline 1.200s o 6 load=1.41
0179.replicate.LP_238_44_6.no-card.8.candidate 0.541s o 6 load=1.41
0180.replicate.LP_238_44_6.no-card.9.candidate 0.537s o 6 load=1.41
0181.replicate.LP_238_44_6.no-card.9.baseline 1.194s o 6 load=1.41
0182.gate.LP_238_44_6.card-mto.0.baseline 1.146s o 6 load=1.46
0183.gate.LP_238_44_6.card-mto.0.candidate 0.576s o 6 load=1.46
0184.gate.LP_238_44_6.card-mto.1.candidate 0.580s o 6 load=1.46
0185.gate.LP_238_44_6.card-mto.1.baseline 1.142s o 6 load=1.46
0186.gate.LP_238_44_6.card-mto.2.baseline 1.141s o 6 load=1.46
0187.gate.LP_238_44_6.card-mto.2.candidate 0.579s o 6 load=1.46
0188.replicate.LP_238_44_6.card-mto.0.baseline 1.131s o 6 load=1.42
0189.replicate.LP_238_44_6.card-mto.0.candidate 0.574s o 6 load=1.42
0190.replicate.LP_238_44_6.card-mto.1.candidate 0.574s o 6 load=1.42
0191.replicate.LP_238_44_6.card-mto.1.baseline 1.140s o 6 load=1.42
0192.replicate.LP_238_44_6.card-mto.2.baseline 1.148s o 6 load=1.42
0193.replicate.LP_238_44_6.card-mto.2.candidate 0.579s o 6 load=1.39
0194.replicate.LP_238_44_6.card-mto.3.candidate 0.579s o 6 load=1.39
0195.replicate.LP_238_44_6.card-mto.3.baseline 1.142s o 6 load=1.39
0196.replicate.LP_238_44_6.card-mto.4.baseline 1.135s o 6 load=1.39
0197.replicate.LP_238_44_6.card-mto.4.candidate 0.578s o 6 load=1.39
0198.replicate.LP_238_44_6.card-mto.5.candidate 0.570s o 6 load=1.39
0199.replicate.LP_238_44_6.card-mto.5.baseline 1.143s o 6 load=1.39
0200.replicate.LP_238_44_6.card-mto.6.baseline 1.132s o 6 load=1.35
0201.replicate.LP_238_44_6.card-mto.6.candidate 0.568s o 6 load=1.35
0202.replicate.LP_238_44_6.card-mto.7.candidate 0.578s o 6 load=1.35
0203.replicate.LP_238_44_6.card-mto.7.baseline 1.134s o 6 load=1.35
0204.replicate.LP_238_44_6.card-mto.8.baseline 1.143s o 6 load=1.35
0205.replicate.LP_238_44_6.card-mto.8.candidate 0.579s o 6 load=1.41
0206.replicate.LP_238_44_6.card-mto.9.candidate 0.582s o 6 load=1.41
0207.replicate.LP_238_44_6.card-mto.9.baseline 1.140s o 6 load=1.41
{
 "stopped": null,
 "n_samples": 208,
 "finished": "2026-10-09T20:48:54+0800",
 "binary_sha256_after": {
  "baseline": "3f2fbc4215e17c4a5b5e62d1f10f99619bdf6efaea7881acb46157effe78c9dc",
  "candidate": "167dd0ce6306a4a83230b7bf9d2214b918c576e32ab3c4207041122ea0b59aaf"
 },
 "input_sha256_after_ok": true
}
gate no-card geomean 0.2849 envelope 0.29048 positive True flags []
gate card-mto geomean 0.31982 envelope 0.32248 positive True flags []
replicate no-card geomean 0.28617 envelope 0.29838 positive True flags []
replicate card-mto geomean 0.32016 envelope 0.32625 positive True flags []
exit=0
