0000.gate.BB_90_8_10.no-card.0.baseline 1.852s o 10 load=2.68
0001.gate.BB_90_8_10.no-card.0.candidate 1.856s o 10 load=2.68
0002.gate.BB_90_8_10.no-card.1.candidate 1.852s o 10 load=2.68
0003.gate.BB_90_8_10.no-card.1.baseline 1.880s o 10 load=2.95
0004.gate.BB_90_8_10.no-card.2.baseline 1.919s o 10 load=2.95
0005.gate.BB_90_8_10.no-card.2.candidate 1.853s o 10 load=2.79
0006.replicate.BB_90_8_10.no-card.0.baseline 1.863s o 10 load=2.79
0007.replicate.BB_90_8_10.no-card.0.candidate 1.845s o 10 load=2.79
0008.replicate.BB_90_8_10.no-card.1.candidate 1.848s o 10 load=2.65
0009.replicate.BB_90_8_10.no-card.1.baseline 1.879s o 10 load=2.65
0010.replicate.BB_90_8_10.no-card.2.baseline 1.878s o 10 load=2.65
0011.replicate.BB_90_8_10.no-card.2.candidate 1.849s o 10 load=2.60
0012.replicate.BB_90_8_10.no-card.3.candidate 1.848s o 10 load=2.60
0013.replicate.BB_90_8_10.no-card.3.baseline 1.878s o 10 load=2.55
0014.replicate.BB_90_8_10.no-card.4.baseline 1.880s o 10 load=2.55
0015.replicate.BB_90_8_10.no-card.4.candidate 1.849s o 10 load=2.55
0016.replicate.BB_90_8_10.no-card.5.candidate 1.858s o 10 load=2.58
0017.replicate.BB_90_8_10.no-card.5.baseline 1.877s o 10 load=2.58
0018.replicate.BB_90_8_10.no-card.6.baseline 1.883s o 10 load=2.58
0019.replicate.BB_90_8_10.no-card.6.candidate 1.856s o 10 load=2.46
0020.replicate.BB_90_8_10.no-card.7.candidate 1.859s o 10 load=2.46
0021.replicate.BB_90_8_10.no-card.7.baseline 1.885s o 10 load=2.34
0022.replicate.BB_90_8_10.no-card.8.baseline 1.882s o 10 load=2.34
0023.replicate.BB_90_8_10.no-card.8.candidate 1.858s o 10 load=2.34
0024.replicate.BB_90_8_10.no-card.9.candidate 1.862s o 10 load=2.23
0025.replicate.BB_90_8_10.no-card.9.baseline 1.883s o 10 load=2.23
0026.gate.BB_90_8_10.card-mto.0.baseline 1.673s o 10 load=2.23
0027.gate.BB_90_8_10.card-mto.0.candidate 1.648s o 10 load=2.29
0028.gate.BB_90_8_10.card-mto.1.candidate 1.650s o 10 load=2.29
0029.gate.BB_90_8_10.card-mto.1.baseline 1.673s o 10 load=2.29
0030.gate.BB_90_8_10.card-mto.2.baseline 1.676s o 10 load=2.19
0031.gate.BB_90_8_10.card-mto.2.candidate 1.646s o 10 load=2.19
0032.replicate.BB_90_8_10.card-mto.0.baseline 1.674s o 10 load=2.19
0033.replicate.BB_90_8_10.card-mto.0.candidate 1.658s o 10 load=2.09
0034.replicate.BB_90_8_10.card-mto.1.candidate 1.660s o 10 load=2.09
0035.replicate.BB_90_8_10.card-mto.1.baseline 1.665s o 10 load=2.09
0036.replicate.BB_90_8_10.card-mto.2.baseline 1.676s o 10 load=2.41
0037.replicate.BB_90_8_10.card-mto.2.candidate 1.653s o 10 load=2.41
0038.replicate.BB_90_8_10.card-mto.3.candidate 1.648s o 10 load=2.41
0039.replicate.BB_90_8_10.card-mto.3.baseline 1.668s o 10 load=2.29
0040.replicate.BB_90_8_10.card-mto.4.baseline 1.675s o 10 load=2.29
0041.replicate.BB_90_8_10.card-mto.4.candidate 1.650s o 10 load=2.29
0042.replicate.BB_90_8_10.card-mto.5.candidate 1.648s o 10 load=2.19
0043.replicate.BB_90_8_10.card-mto.5.baseline 1.669s o 10 load=2.19
0044.replicate.BB_90_8_10.card-mto.6.baseline 1.672s o 10 load=2.19
0045.replicate.BB_90_8_10.card-mto.6.candidate 1.657s o 10 load=2.09
0046.replicate.BB_90_8_10.card-mto.7.candidate 1.651s o 10 load=2.09
0047.replicate.BB_90_8_10.card-mto.7.baseline 1.669s o 10 load=2.09
0048.replicate.BB_90_8_10.card-mto.8.baseline 1.670s o 10 load=2.25
0049.replicate.BB_90_8_10.card-mto.8.candidate 1.648s o 10 load=2.25
0050.replicate.BB_90_8_10.card-mto.9.candidate 1.651s o 10 load=2.25
0051.replicate.BB_90_8_10.card-mto.9.baseline 1.675s o 10 load=2.15
0052.gate.GB_144_12_8.no-card.0.baseline 0.674s o 8 load=2.15
0053.gate.GB_144_12_8.no-card.0.candidate 0.663s o 8 load=2.15
0054.gate.GB_144_12_8.no-card.1.candidate 0.680s o 8 load=2.15
0055.gate.GB_144_12_8.no-card.1.baseline 0.662s o 8 load=2.13
0056.gate.GB_144_12_8.no-card.2.baseline 0.670s o 8 load=2.13
0057.gate.GB_144_12_8.no-card.2.candidate 0.670s o 8 load=2.13
0058.replicate.GB_144_12_8.no-card.0.baseline 0.677s o 8 load=2.13
0059.replicate.GB_144_12_8.no-card.0.candidate 0.663s o 8 load=2.13
0060.replicate.GB_144_12_8.no-card.1.candidate 0.670s o 8 load=2.13
0061.replicate.GB_144_12_8.no-card.1.baseline 0.678s o 8 load=2.13
0062.replicate.GB_144_12_8.no-card.2.baseline 0.667s o 8 load=2.04
0063.replicate.GB_144_12_8.no-card.2.candidate 0.674s o 8 load=2.04
0064.replicate.GB_144_12_8.no-card.3.candidate 0.667s o 8 load=2.04
0065.replicate.GB_144_12_8.no-card.3.baseline 0.668s o 8 load=2.04
0066.replicate.GB_144_12_8.no-card.4.baseline 0.674s o 8 load=2.04
0067.replicate.GB_144_12_8.no-card.4.candidate 0.661s o 8 load=2.04
0068.replicate.GB_144_12_8.no-card.5.candidate 0.657s o 8 load=2.04
0069.replicate.GB_144_12_8.no-card.5.baseline 0.666s o 8 load=2.04
0070.replicate.GB_144_12_8.no-card.6.baseline 0.674s o 8 load=2.20
0071.replicate.GB_144_12_8.no-card.6.candidate 0.659s o 8 load=2.20
0072.replicate.GB_144_12_8.no-card.7.candidate 0.667s o 8 load=2.20
0073.replicate.GB_144_12_8.no-card.7.baseline 0.672s o 8 load=2.20
0074.replicate.GB_144_12_8.no-card.8.baseline 0.678s o 8 load=2.20
0075.replicate.GB_144_12_8.no-card.8.candidate 0.674s o 8 load=2.20
0076.replicate.GB_144_12_8.no-card.9.candidate 0.670s o 8 load=2.20
0077.replicate.GB_144_12_8.no-card.9.baseline 0.666s o 8 load=4.35
0078.gate.GB_144_12_8.card-mto.0.baseline 1.126s o 8 load=4.35
0079.gate.GB_144_12_8.card-mto.0.candidate 1.111s o 8 load=4.35
0080.gate.GB_144_12_8.card-mto.1.candidate 1.108s o 8 load=4.35
0081.gate.GB_144_12_8.card-mto.1.baseline 1.121s o 8 load=4.35
0082.gate.GB_144_12_8.card-mto.2.baseline 1.124s o 8 load=4.08
0083.gate.GB_144_12_8.card-mto.2.candidate 1.115s o 8 load=4.08
0084.replicate.GB_144_12_8.card-mto.0.baseline 1.122s o 8 load=4.08
0085.replicate.GB_144_12_8.card-mto.0.candidate 1.106s o 8 load=4.08
0086.replicate.GB_144_12_8.card-mto.1.candidate 1.111s o 8 load=4.08
0087.replicate.GB_144_12_8.card-mto.1.baseline 1.125s o 8 load=3.83
0088.replicate.GB_144_12_8.card-mto.2.baseline 1.126s o 8 load=3.83
0089.replicate.GB_144_12_8.card-mto.2.candidate 1.113s o 8 load=3.83
0090.replicate.GB_144_12_8.card-mto.3.candidate 1.120s o 8 load=3.83
0091.replicate.GB_144_12_8.card-mto.3.baseline 1.126s o 8 load=3.68
0092.replicate.GB_144_12_8.card-mto.4.baseline 1.126s o 8 load=3.68
0093.replicate.GB_144_12_8.card-mto.4.candidate 1.115s o 8 load=3.68
0094.replicate.GB_144_12_8.card-mto.5.candidate 1.115s o 8 load=3.68
0095.replicate.GB_144_12_8.card-mto.5.baseline 1.135s o 8 load=3.47
0096.replicate.GB_144_12_8.card-mto.6.baseline 1.122s o 8 load=3.47
0097.replicate.GB_144_12_8.card-mto.6.candidate 1.119s o 8 load=3.47
0098.replicate.GB_144_12_8.card-mto.7.candidate 1.116s o 8 load=3.47
0099.replicate.GB_144_12_8.card-mto.7.baseline 1.131s o 8 load=3.47
0100.replicate.GB_144_12_8.card-mto.8.baseline 1.128s o 8 load=3.27
0101.replicate.GB_144_12_8.card-mto.8.candidate 1.107s o 8 load=3.27
0102.replicate.GB_144_12_8.card-mto.9.candidate 1.121s o 8 load=3.27
0103.replicate.GB_144_12_8.card-mto.9.baseline 1.125s o 8 load=3.27
0104.gate.BB_108_8_10.no-card.0.baseline 2.310s o 10 load=3.09
0105.gate.BB_108_8_10.no-card.0.candidate 2.284s o 10 load=3.09
0106.gate.BB_108_8_10.no-card.1.candidate 2.279s o 10 load=3.09
0107.gate.BB_108_8_10.no-card.1.baseline 2.303s o 10 load=3.00
0108.gate.BB_108_8_10.no-card.2.baseline 2.316s o 10 load=3.00
0109.gate.BB_108_8_10.no-card.2.candidate 2.262s o 10 load=2.84
0110.replicate.BB_108_8_10.no-card.0.baseline 2.298s o 10 load=2.84
0111.replicate.BB_108_8_10.no-card.0.candidate 2.279s o 10 load=2.77
0112.replicate.BB_108_8_10.no-card.1.candidate 2.296s o 10 load=2.77
0113.replicate.BB_108_8_10.no-card.1.baseline 2.299s o 10 load=2.79
0114.replicate.BB_108_8_10.no-card.2.baseline 2.303s o 10 load=2.79
0115.replicate.BB_108_8_10.no-card.2.candidate 2.284s o 10 load=2.65
0116.replicate.BB_108_8_10.no-card.3.candidate 2.286s o 10 load=2.65
0117.replicate.BB_108_8_10.no-card.3.baseline 2.307s o 10 load=2.60
0118.replicate.BB_108_8_10.no-card.4.baseline 2.301s o 10 load=2.60
0119.replicate.BB_108_8_10.no-card.4.candidate 2.277s o 10 load=2.60
0120.replicate.BB_108_8_10.no-card.5.candidate 2.268s o 10 load=2.47
0121.replicate.BB_108_8_10.no-card.5.baseline 2.302s o 10 load=2.47
0122.replicate.BB_108_8_10.no-card.6.baseline 2.305s o 10 load=2.35
0123.replicate.BB_108_8_10.no-card.6.candidate 2.267s o 10 load=2.35
0124.replicate.BB_108_8_10.no-card.7.candidate 2.278s o 10 load=2.56
0125.replicate.BB_108_8_10.no-card.7.baseline 2.297s o 10 load=2.56
0126.replicate.BB_108_8_10.no-card.8.baseline 2.307s o 10 load=2.44
0127.replicate.BB_108_8_10.no-card.8.candidate 2.266s o 10 load=2.44
0128.replicate.BB_108_8_10.no-card.9.candidate 2.278s o 10 load=2.32
0129.replicate.BB_108_8_10.no-card.9.baseline 2.309s o 10 load=2.32
0130.gate.BB_108_8_10.card-mto.0.baseline 2.343s o 10 load=2.21
0131.gate.BB_108_8_10.card-mto.0.candidate 2.317s o 10 load=2.21
0132.gate.BB_108_8_10.card-mto.1.candidate 2.317s o 10 load=2.21
0133.gate.BB_108_8_10.card-mto.1.baseline 2.343s o 10 load=2.12
0134.gate.BB_108_8_10.card-mto.2.baseline 2.343s o 10 load=2.12
0135.gate.BB_108_8_10.card-mto.2.candidate 2.321s o 10 load=2.03
0136.replicate.BB_108_8_10.card-mto.0.baseline 2.352s o 10 load=2.03
0137.replicate.BB_108_8_10.card-mto.0.candidate 2.313s o 10 load=1.94
0138.replicate.BB_108_8_10.card-mto.1.candidate 2.322s o 10 load=1.94
0139.replicate.BB_108_8_10.card-mto.1.baseline 2.336s o 10 load=1.87
0140.replicate.BB_108_8_10.card-mto.2.baseline 2.344s o 10 load=1.87
0141.replicate.BB_108_8_10.card-mto.2.candidate 2.311s o 10 load=1.80
0142.replicate.BB_108_8_10.card-mto.3.candidate 2.326s o 10 load=1.80
0143.replicate.BB_108_8_10.card-mto.3.baseline 2.340s o 10 load=1.73
0144.replicate.BB_108_8_10.card-mto.4.baseline 2.344s o 10 load=1.73
0145.replicate.BB_108_8_10.card-mto.4.candidate 2.326s o 10 load=1.68
0146.replicate.BB_108_8_10.card-mto.5.candidate 2.313s o 10 load=1.68
0147.replicate.BB_108_8_10.card-mto.5.baseline 2.349s o 10 load=1.68
0148.replicate.BB_108_8_10.card-mto.6.baseline 2.356s o 10 load=1.62
0149.replicate.BB_108_8_10.card-mto.6.candidate 2.327s o 10 load=1.62
0150.replicate.BB_108_8_10.card-mto.7.candidate 2.317s o 10 load=1.57
0151.replicate.BB_108_8_10.card-mto.7.baseline 2.347s o 10 load=1.57
0152.replicate.BB_108_8_10.card-mto.8.baseline 2.339s o 10 load=1.53
0153.replicate.BB_108_8_10.card-mto.8.candidate 2.317s o 10 load=1.53
0154.replicate.BB_108_8_10.card-mto.9.candidate 2.318s o 10 load=1.56
0155.replicate.BB_108_8_10.card-mto.9.baseline 2.344s o 10 load=1.56
0156.gate.LP_238_44_6.no-card.0.baseline 1.204s o 6 load=1.52
0157.gate.LP_238_44_6.no-card.0.candidate 1.201s o 6 load=1.52
0158.gate.LP_238_44_6.no-card.1.candidate 1.201s o 6 load=1.52
0159.gate.LP_238_44_6.no-card.1.baseline 1.215s o 6 load=1.52
0160.gate.LP_238_44_6.no-card.2.baseline 1.201s o 6 load=1.48
0161.gate.LP_238_44_6.no-card.2.candidate 1.205s o 6 load=1.48
0162.replicate.LP_238_44_6.no-card.0.baseline 1.204s o 6 load=1.48
0163.replicate.LP_238_44_6.no-card.0.candidate 1.205s o 6 load=1.48
0164.replicate.LP_238_44_6.no-card.1.candidate 1.207s o 6 load=1.44
0165.replicate.LP_238_44_6.no-card.1.baseline 1.206s o 6 load=1.44
0166.replicate.LP_238_44_6.no-card.2.baseline 1.212s o 6 load=1.44
0167.replicate.LP_238_44_6.no-card.2.candidate 1.202s o 6 load=1.44
0168.replicate.LP_238_44_6.no-card.3.candidate 1.202s o 6 load=1.40
0169.replicate.LP_238_44_6.no-card.3.baseline 1.210s o 6 load=1.40
0170.replicate.LP_238_44_6.no-card.4.baseline 1.208s o 6 load=1.40
0171.replicate.LP_238_44_6.no-card.4.candidate 1.206s o 6 load=1.40
0172.replicate.LP_238_44_6.no-card.5.candidate 1.192s o 6 load=1.37
0173.replicate.LP_238_44_6.no-card.5.baseline 1.215s o 6 load=1.37
0174.replicate.LP_238_44_6.no-card.6.baseline 1.214s o 6 load=1.37
0175.replicate.LP_238_44_6.no-card.6.candidate 1.202s o 6 load=1.37
0176.replicate.LP_238_44_6.no-card.7.candidate 1.203s o 6 load=1.34
0177.replicate.LP_238_44_6.no-card.7.baseline 1.211s o 6 load=1.34
0178.replicate.LP_238_44_6.no-card.8.baseline 1.217s o 6 load=1.34
0179.replicate.LP_238_44_6.no-card.8.candidate 1.190s o 6 load=1.34
0180.replicate.LP_238_44_6.no-card.9.candidate 1.196s o 6 load=1.31
0181.replicate.LP_238_44_6.no-card.9.baseline 1.206s o 6 load=1.31
0182.gate.LP_238_44_6.card-mto.0.baseline 1.143s o 6 load=1.31
0183.gate.LP_238_44_6.card-mto.0.candidate 1.150s o 6 load=1.31
0184.gate.LP_238_44_6.card-mto.1.candidate 1.148s o 6 load=1.31
0185.gate.LP_238_44_6.card-mto.1.baseline 1.147s o 6 load=1.37
0186.gate.LP_238_44_6.card-mto.2.baseline 1.152s o 6 load=1.37
0187.gate.LP_238_44_6.card-mto.2.candidate 1.141s o 6 load=1.37
0188.replicate.LP_238_44_6.card-mto.0.baseline 1.163s o 6 load=1.37
0189.replicate.LP_238_44_6.card-mto.0.candidate 1.144s o 6 load=1.34
0190.replicate.LP_238_44_6.card-mto.1.candidate 1.148s o 6 load=1.34
0191.replicate.LP_238_44_6.card-mto.1.baseline 1.152s o 6 load=1.34
0192.replicate.LP_238_44_6.card-mto.2.baseline 1.152s o 6 load=1.34
0193.replicate.LP_238_44_6.card-mto.2.candidate 1.140s o 6 load=1.31
0194.replicate.LP_238_44_6.card-mto.3.candidate 1.137s o 6 load=1.31
0195.replicate.LP_238_44_6.card-mto.3.baseline 1.146s o 6 load=1.31
0196.replicate.LP_238_44_6.card-mto.4.baseline 1.164s o 6 load=1.31
0197.replicate.LP_238_44_6.card-mto.4.candidate 1.142s o 6 load=1.31
0198.replicate.LP_238_44_6.card-mto.5.candidate 1.146s o 6 load=1.37
0199.replicate.LP_238_44_6.card-mto.5.baseline 1.155s o 6 load=1.37
0200.replicate.LP_238_44_6.card-mto.6.baseline 1.146s o 6 load=1.37
0201.replicate.LP_238_44_6.card-mto.6.candidate 1.143s o 6 load=1.37
0202.replicate.LP_238_44_6.card-mto.7.candidate 1.138s o 6 load=1.34
0203.replicate.LP_238_44_6.card-mto.7.baseline 1.148s o 6 load=1.34
0204.replicate.LP_238_44_6.card-mto.8.baseline 1.153s o 6 load=1.34
0205.replicate.LP_238_44_6.card-mto.8.candidate 1.147s o 6 load=1.34
0206.replicate.LP_238_44_6.card-mto.9.candidate 1.148s o 6 load=1.31
0207.replicate.LP_238_44_6.card-mto.9.baseline 1.156s o 6 load=1.31
{
 "stopped": null,
 "n_samples": 208,
 "finished": "2026-10-09T01:18:44+0800",
 "binary_sha256_after": {
  "baseline": "ac43af52144330f72d838667c82851511bc208f1cb35966359126c2d6a69eb26",
  "candidate": "0549c4ecc9cdf65fa807a1a7556667787bedcebdff674ed2296032168fc61b8b"
 },
 "input_sha256_after_ok": true
}
gate no-card geomean 0.99264 envelope 1.0058 positive False flags []
gate card-mto geomean 0.99068 envelope 0.99443 positive False flags []
replicate no-card geomean 0.9897 envelope 1.00329 positive False flags []
replicate card-mto geomean 0.98994 envelope 0.99861 positive True flags []
exit=0
