0000000000000000 b .bss
0000000000000000 d .ctors
0000000000000000 d .data
0000000000000000 d .data$_ZGVZN7Minisat6Option13getOptionListEvE7options
0000000000000000 d .data$_ZZN7Minisat6Option13getOptionListEvE7options
0000000000000000 N .debug_abbrev
0000000000000000 N .debug_aranges
0000000000000000 N .debug_frame
0000000000000000 N .debug_frame$_ZN7Minisat10BoolOption4helpEb
0000000000000000 N .debug_frame$_ZN7Minisat10BoolOption5parseEPKc
0000000000000000 N .debug_frame$_ZN7Minisat10BoolOptionD0Ev
0000000000000000 N .debug_frame$_ZN7Minisat10BoolOptionD1Ev
0000000000000000 N .debug_frame$_ZN7Minisat12DoubleOption4helpEb
0000000000000000 N .debug_frame$_ZN7Minisat12DoubleOption5parseEPKc
0000000000000000 N .debug_frame$_ZN7Minisat12DoubleOptionD0Ev
0000000000000000 N .debug_frame$_ZN7Minisat12DoubleOptionD1Ev
0000000000000000 N .debug_frame$_ZN7Minisat15ClauseAllocator5relocERjRS0_
0000000000000000 N .debug_frame$_ZN7Minisat15RegionAllocatorIjE8capacityEj
0000000000000000 N .debug_frame$_ZN7Minisat3vecINS0_INS_3LitEEEE8capacityEi
0000000000000000 N .debug_frame$_ZN7Minisat3vecINS0_INS_6Solver7WatcherEEEE8capacityEi
0000000000000000 N .debug_frame$_ZN7Minisat3vecINS0_IiEEE8capacityEi
0000000000000000 N .debug_frame$_ZN7Minisat3vecINS_3LitEE4pushERKS1_
0000000000000000 N .debug_frame$_ZN7Minisat3vecINS_3LitEE8capacityEi
0000000000000000 N .debug_frame$_ZN7Minisat3vecINS_5lboolEE8capacityEi
0000000000000000 N .debug_frame$_ZN7Minisat3vecINS_6Solver7VarDataEE8capacityEi
0000000000000000 N .debug_frame$_ZN7Minisat3vecINS_6Solver7WatcherEE8capacityEi
0000000000000000 N .debug_frame$_ZN7Minisat3vecIPNS_6OptionEE4pushERKS2_
0000000000000000 N .debug_frame$_ZN7Minisat3vecIPNS_6OptionEE8capacityEi
0000000000000000 N .debug_frame$_ZN7Minisat3vecIPNS_6OptionEED1Ev
0000000000000000 N .debug_frame$_ZN7Minisat3vecIcE8capacityEi
0000000000000000 N .debug_frame$_ZN7Minisat3vecIdE8capacityEi
0000000000000000 N .debug_frame$_ZN7Minisat3vecIiE4pushERKi
0000000000000000 N .debug_frame$_ZN7Minisat3vecIiE8capacityEi
0000000000000000 N .debug_frame$_ZN7Minisat3vecIjE4pushERKj
0000000000000000 N .debug_frame$_ZN7Minisat3vecIjE8capacityEi
0000000000000000 N .debug_frame$_ZN7Minisat3vecImE8capacityEi
0000000000000000 N .debug_frame$_ZN7Minisat4HeapINS_6Solver10VarOrderLtEE13percolateDownEi
0000000000000000 N .debug_frame$_ZN7Minisat4HeapINS_6Solver10VarOrderLtEED1Ev
0000000000000000 N .debug_frame$_ZN7Minisat4sortIj11reduceDB_ltEEvPT_iT0_
0000000000000000 N .debug_frame$_ZN7Minisat4sortIj13reduceCORE_ltEEvPT_iT0_
0000000000000000 N .debug_frame$_ZN7Minisat4sortIj14reduceTIER2_ltEEvPT_iT0_
0000000000000000 N .debug_frame$_ZN7Minisat6Option13getOptionListEv
0000000000000000 N .debug_frame$_ZN7Minisat6Solver14setDecisionVarEib
0000000000000000 N .debug_frame$_ZN7Minisat6Solver15claBumpActivityERNS_6ClauseE
0000000000000000 N .debug_frame$_ZN7Minisat6Solver15varBumpActivityEid
0000000000000000 N .debug_frame$_ZN7Minisat6Solver24newAuxiVarForCardinalityEv
0000000000000000 N .debug_frame$_ZN7Minisat6Solver7binDRUPINS_3vecINS_3LitEEEEEvhRKT_P9__sFILE64
0000000000000000 N .debug_frame$_ZN7Minisat8OccListsINS_3LitENS_3vecINS_6Solver7WatcherEEENS3_14WatcherDeletedEE8cleanAllEv
0000000000000000 N .debug_frame$_ZN7Minisat8OccListsINS_3LitENS_3vecINS_6Solver7WatcherEEENS3_14WatcherDeletedEED1Ev
0000000000000000 N .debug_frame$_ZN7Minisat9IntOption4helpEb
0000000000000000 N .debug_frame$_ZN7Minisat9IntOption5parseEPKc
0000000000000000 N .debug_frame$_ZN7Minisat9IntOptionD0Ev
0000000000000000 N .debug_frame$_ZN7Minisat9IntOptionD1Ev
0000000000000000 N .debug_info
0000000000000000 N .debug_line
0000000000000000 N .debug_line_str
0000000000000000 N .debug_loclists
0000000000000000 N .debug_rnglists
0000000000000000 N .debug_str
0000000000000000 p .pdata
0000000000000000 p .pdata$_ZN7Minisat10BoolOption4helpEb
0000000000000000 p .pdata$_ZN7Minisat10BoolOption5parseEPKc
0000000000000000 p .pdata$_ZN7Minisat10BoolOptionD0Ev
0000000000000000 p .pdata$_ZN7Minisat10BoolOptionD1Ev
0000000000000000 p .pdata$_ZN7Minisat12DoubleOption4helpEb
0000000000000000 p .pdata$_ZN7Minisat12DoubleOption5parseEPKc
0000000000000000 p .pdata$_ZN7Minisat12DoubleOptionD0Ev
0000000000000000 p .pdata$_ZN7Minisat12DoubleOptionD1Ev
0000000000000000 p .pdata$_ZN7Minisat15ClauseAllocator5relocERjRS0_
0000000000000000 p .pdata$_ZN7Minisat15RegionAllocatorIjE8capacityEj
0000000000000000 p .pdata$_ZN7Minisat3vecINS0_INS_3LitEEEE8capacityEi
0000000000000000 p .pdata$_ZN7Minisat3vecINS0_INS_6Solver7WatcherEEEE8capacityEi
0000000000000000 p .pdata$_ZN7Minisat3vecINS0_IiEEE8capacityEi
0000000000000000 p .pdata$_ZN7Minisat3vecINS_3LitEE4pushERKS1_
0000000000000000 p .pdata$_ZN7Minisat3vecINS_3LitEE8capacityEi
0000000000000000 p .pdata$_ZN7Minisat3vecINS_5lboolEE8capacityEi
0000000000000000 p .pdata$_ZN7Minisat3vecINS_6Solver7VarDataEE8capacityEi
0000000000000000 p .pdata$_ZN7Minisat3vecINS_6Solver7WatcherEE8capacityEi
0000000000000000 p .pdata$_ZN7Minisat3vecIPNS_6OptionEE4pushERKS2_
0000000000000000 p .pdata$_ZN7Minisat3vecIPNS_6OptionEE8capacityEi
0000000000000000 p .pdata$_ZN7Minisat3vecIPNS_6OptionEED1Ev
0000000000000000 p .pdata$_ZN7Minisat3vecIcE8capacityEi
0000000000000000 p .pdata$_ZN7Minisat3vecIdE8capacityEi
0000000000000000 p .pdata$_ZN7Minisat3vecIiE4pushERKi
0000000000000000 p .pdata$_ZN7Minisat3vecIiE8capacityEi
0000000000000000 p .pdata$_ZN7Minisat3vecIjE4pushERKj
0000000000000000 p .pdata$_ZN7Minisat3vecIjE8capacityEi
0000000000000000 p .pdata$_ZN7Minisat3vecImE8capacityEi
0000000000000000 p .pdata$_ZN7Minisat4HeapINS_6Solver10VarOrderLtEE13percolateDownEi
0000000000000000 p .pdata$_ZN7Minisat4HeapINS_6Solver10VarOrderLtEED1Ev
0000000000000000 p .pdata$_ZN7Minisat4sortIj11reduceDB_ltEEvPT_iT0_
0000000000000000 p .pdata$_ZN7Minisat4sortIj13reduceCORE_ltEEvPT_iT0_
0000000000000000 p .pdata$_ZN7Minisat4sortIj14reduceTIER2_ltEEvPT_iT0_
0000000000000000 p .pdata$_ZN7Minisat6Option13getOptionListEv
0000000000000000 p .pdata$_ZN7Minisat6Solver14setDecisionVarEib
0000000000000000 p .pdata$_ZN7Minisat6Solver15claBumpActivityERNS_6ClauseE
0000000000000000 p .pdata$_ZN7Minisat6Solver15varBumpActivityEid
0000000000000000 p .pdata$_ZN7Minisat6Solver24newAuxiVarForCardinalityEv
0000000000000000 p .pdata$_ZN7Minisat6Solver7binDRUPINS_3vecINS_3LitEEEEEvhRKT_P9__sFILE64
0000000000000000 p .pdata$_ZN7Minisat8OccListsINS_3LitENS_3vecINS_6Solver7WatcherEEENS3_14WatcherDeletedEE8cleanAllEv
0000000000000000 p .pdata$_ZN7Minisat8OccListsINS_3LitENS_3vecINS_6Solver7WatcherEEENS3_14WatcherDeletedEED1Ev
0000000000000000 p .pdata$_ZN7Minisat9IntOption4helpEb
0000000000000000 p .pdata$_ZN7Minisat9IntOption5parseEPKc
0000000000000000 p .pdata$_ZN7Minisat9IntOptionD0Ev
0000000000000000 p .pdata$_ZN7Minisat9IntOptionD1Ev
0000000000000000 p .pdata.startup
0000000000000000 r .rdata
0000000000000000 r .rdata$.refptr.__dso_handle
0000000000000000 r .rdata$_ZTIN7Minisat10BoolOptionE
0000000000000000 r .rdata$_ZTIN7Minisat12DoubleOptionE
0000000000000000 r .rdata$_ZTIN7Minisat20OutOfMemoryExceptionE
0000000000000000 r .rdata$_ZTIN7Minisat6OptionE
0000000000000000 r .rdata$_ZTIN7Minisat6SolverE
0000000000000000 r .rdata$_ZTIN7Minisat9IntOptionE
0000000000000000 r .rdata$_ZTSN7Minisat10BoolOptionE
0000000000000000 r .rdata$_ZTSN7Minisat12DoubleOptionE
0000000000000000 r .rdata$_ZTSN7Minisat20OutOfMemoryExceptionE
0000000000000000 r .rdata$_ZTSN7Minisat6OptionE
0000000000000000 r .rdata$_ZTSN7Minisat6SolverE
0000000000000000 r .rdata$_ZTSN7Minisat9IntOptionE
0000000000000000 r .rdata$_ZTVN7Minisat10BoolOptionE
0000000000000000 r .rdata$_ZTVN7Minisat12DoubleOptionE
0000000000000000 r .rdata$_ZTVN7Minisat6OptionE
0000000000000000 r .rdata$_ZTVN7Minisat6SolverE
0000000000000000 r .rdata$_ZTVN7Minisat9IntOptionE
0000000000000000 r .rdata$zzz
0000000000000000 R .refptr.__dso_handle
0000000000000000 t .text
0000000000000000 t .text$_ZN7Minisat10BoolOption4helpEb
0000000000000000 t .text$_ZN7Minisat10BoolOption5parseEPKc
0000000000000000 t .text$_ZN7Minisat10BoolOptionD0Ev
0000000000000000 t .text$_ZN7Minisat10BoolOptionD1Ev
0000000000000000 t .text$_ZN7Minisat12DoubleOption4helpEb
0000000000000000 t .text$_ZN7Minisat12DoubleOption5parseEPKc
0000000000000000 t .text$_ZN7Minisat12DoubleOptionD0Ev
0000000000000000 t .text$_ZN7Minisat12DoubleOptionD1Ev
0000000000000000 t .text$_ZN7Minisat15ClauseAllocator5relocERjRS0_
0000000000000000 t .text$_ZN7Minisat15RegionAllocatorIjE8capacityEj
0000000000000000 t .text$_ZN7Minisat3vecINS0_INS_3LitEEEE8capacityEi
0000000000000000 t .text$_ZN7Minisat3vecINS0_INS_6Solver7WatcherEEEE8capacityEi
0000000000000000 t .text$_ZN7Minisat3vecINS0_IiEEE8capacityEi
0000000000000000 t .text$_ZN7Minisat3vecINS_3LitEE4pushERKS1_
0000000000000000 t .text$_ZN7Minisat3vecINS_3LitEE8capacityEi
0000000000000000 t .text$_ZN7Minisat3vecINS_5lboolEE8capacityEi
0000000000000000 t .text$_ZN7Minisat3vecINS_6Solver7VarDataEE8capacityEi
0000000000000000 t .text$_ZN7Minisat3vecINS_6Solver7WatcherEE8capacityEi
0000000000000000 t .text$_ZN7Minisat3vecIPNS_6OptionEE4pushERKS2_
0000000000000000 t .text$_ZN7Minisat3vecIPNS_6OptionEE8capacityEi
0000000000000000 t .text$_ZN7Minisat3vecIPNS_6OptionEED1Ev
0000000000000000 t .text$_ZN7Minisat3vecIcE8capacityEi
0000000000000000 t .text$_ZN7Minisat3vecIdE8capacityEi
0000000000000000 t .text$_ZN7Minisat3vecIiE4pushERKi
0000000000000000 t .text$_ZN7Minisat3vecIiE8capacityEi
0000000000000000 t .text$_ZN7Minisat3vecIjE4pushERKj
0000000000000000 t .text$_ZN7Minisat3vecIjE8capacityEi
0000000000000000 t .text$_ZN7Minisat3vecImE8capacityEi
0000000000000000 t .text$_ZN7Minisat4HeapINS_6Solver10VarOrderLtEE13percolateDownEi
0000000000000000 t .text$_ZN7Minisat4HeapINS_6Solver10VarOrderLtEED1Ev
0000000000000000 t .text$_ZN7Minisat4sortIj11reduceDB_ltEEvPT_iT0_
0000000000000000 t .text$_ZN7Minisat4sortIj13reduceCORE_ltEEvPT_iT0_
0000000000000000 t .text$_ZN7Minisat4sortIj14reduceTIER2_ltEEvPT_iT0_
0000000000000000 t .text$_ZN7Minisat6Option13getOptionListEv
0000000000000000 t .text$_ZN7Minisat6Solver14setDecisionVarEib
0000000000000000 t .text$_ZN7Minisat6Solver15claBumpActivityERNS_6ClauseE
0000000000000000 t .text$_ZN7Minisat6Solver15varBumpActivityEid
0000000000000000 t .text$_ZN7Minisat6Solver24newAuxiVarForCardinalityEv
0000000000000000 t .text$_ZN7Minisat6Solver7binDRUPINS_3vecINS_3LitEEEEEvhRKT_P9__sFILE64
0000000000000000 t .text$_ZN7Minisat8OccListsINS_3LitENS_3vecINS_6Solver7WatcherEEENS3_14WatcherDeletedEE8cleanAllEv
0000000000000000 t .text$_ZN7Minisat8OccListsINS_3LitENS_3vecINS_6Solver7WatcherEEENS3_14WatcherDeletedEED1Ev
0000000000000000 t .text$_ZN7Minisat9IntOption4helpEb
0000000000000000 t .text$_ZN7Minisat9IntOption5parseEPKc
0000000000000000 t .text$_ZN7Minisat9IntOptionD0Ev
0000000000000000 t .text$_ZN7Minisat9IntOptionD1Ev
0000000000000000 t .text.startup
0000000000000000 A .weak.__cxa_pure_virtual._ZN7Minisat10BoolOptionD1Ev
0000000000000000 r .xdata
0000000000000000 r .xdata$_ZN7Minisat10BoolOption4helpEb
0000000000000000 r .xdata$_ZN7Minisat10BoolOption5parseEPKc
0000000000000000 r .xdata$_ZN7Minisat10BoolOptionD0Ev
0000000000000000 r .xdata$_ZN7Minisat10BoolOptionD1Ev
0000000000000000 r .xdata$_ZN7Minisat12DoubleOption4helpEb
0000000000000000 r .xdata$_ZN7Minisat12DoubleOption5parseEPKc
0000000000000000 r .xdata$_ZN7Minisat12DoubleOptionD0Ev
0000000000000000 r .xdata$_ZN7Minisat12DoubleOptionD1Ev
0000000000000000 r .xdata$_ZN7Minisat15ClauseAllocator5relocERjRS0_
0000000000000000 r .xdata$_ZN7Minisat15RegionAllocatorIjE8capacityEj
0000000000000000 r .xdata$_ZN7Minisat3vecINS0_INS_3LitEEEE8capacityEi
0000000000000000 r .xdata$_ZN7Minisat3vecINS0_INS_6Solver7WatcherEEEE8capacityEi
0000000000000000 r .xdata$_ZN7Minisat3vecINS0_IiEEE8capacityEi
0000000000000000 r .xdata$_ZN7Minisat3vecINS_3LitEE4pushERKS1_
0000000000000000 r .xdata$_ZN7Minisat3vecINS_3LitEE8capacityEi
0000000000000000 r .xdata$_ZN7Minisat3vecINS_5lboolEE8capacityEi
0000000000000000 r .xdata$_ZN7Minisat3vecINS_6Solver7VarDataEE8capacityEi
0000000000000000 r .xdata$_ZN7Minisat3vecINS_6Solver7WatcherEE8capacityEi
0000000000000000 r .xdata$_ZN7Minisat3vecIPNS_6OptionEE4pushERKS2_
0000000000000000 r .xdata$_ZN7Minisat3vecIPNS_6OptionEE8capacityEi
0000000000000000 r .xdata$_ZN7Minisat3vecIPNS_6OptionEED1Ev
0000000000000000 r .xdata$_ZN7Minisat3vecIcE8capacityEi
0000000000000000 r .xdata$_ZN7Minisat3vecIdE8capacityEi
0000000000000000 r .xdata$_ZN7Minisat3vecIiE4pushERKi
0000000000000000 r .xdata$_ZN7Minisat3vecIiE8capacityEi
0000000000000000 r .xdata$_ZN7Minisat3vecIjE4pushERKj
0000000000000000 r .xdata$_ZN7Minisat3vecIjE8capacityEi
0000000000000000 r .xdata$_ZN7Minisat3vecImE8capacityEi
0000000000000000 r .xdata$_ZN7Minisat4HeapINS_6Solver10VarOrderLtEE13percolateDownEi
0000000000000000 r .xdata$_ZN7Minisat4HeapINS_6Solver10VarOrderLtEED1Ev
0000000000000000 r .xdata$_ZN7Minisat4sortIj11reduceDB_ltEEvPT_iT0_
0000000000000000 r .xdata$_ZN7Minisat4sortIj13reduceCORE_ltEEvPT_iT0_
0000000000000000 r .xdata$_ZN7Minisat4sortIj14reduceTIER2_ltEEvPT_iT0_
0000000000000000 r .xdata$_ZN7Minisat6Option13getOptionListEv
0000000000000000 r .xdata$_ZN7Minisat6Solver14setDecisionVarEib
0000000000000000 r .xdata$_ZN7Minisat6Solver15claBumpActivityERNS_6ClauseE
0000000000000000 r .xdata$_ZN7Minisat6Solver15varBumpActivityEid
0000000000000000 r .xdata$_ZN7Minisat6Solver24newAuxiVarForCardinalityEv
0000000000000000 r .xdata$_ZN7Minisat6Solver7binDRUPINS_3vecINS_3LitEEEEEvhRKT_P9__sFILE64
0000000000000000 r .xdata$_ZN7Minisat8OccListsINS_3LitENS_3vecINS_6Solver7WatcherEEENS3_14WatcherDeletedEE8cleanAllEv
0000000000000000 r .xdata$_ZN7Minisat8OccListsINS_3LitENS_3vecINS_6Solver7WatcherEEENS3_14WatcherDeletedEED1Ev
0000000000000000 r .xdata$_ZN7Minisat9IntOption4helpEb
0000000000000000 r .xdata$_ZN7Minisat9IntOption5parseEPKc
0000000000000000 r .xdata$_ZN7Minisat9IntOptionD0Ev
0000000000000000 r .xdata$_ZN7Minisat9IntOptionD1Ev
0000000000000000 r .xdata.startup
0000000000000000 t _GLOBAL__sub_I__ZN7Minisat6Solver7buf_lenE
0000000000000000 D _ZGVZN7Minisat6Option13getOptionListEvE7options
0000000000200460 b _ZL13opt_step_size
0000000000200340 b _ZL13opt_var_decay
00000000002001e0 b _ZL14opt_ccmin_mode
0000000000200220 b _ZL15opt_random_seed
00000000002000c0 b _ZL15opt_restart_inc
00000000002002e0 b _ZL16opt_clause_decay
0000000000200060 b _ZL16opt_garbage_frac
00000000002001a0 b _ZL16opt_phase_saving
0000000000200160 b _ZL16opt_rnd_init_act
00000000002003a0 b _ZL17opt_min_step_size
0000000000200120 b _ZL17opt_restart_first
0000000000200400 b _ZL17opt_step_size_dec
0000000000200280 b _ZL19opt_random_var_freq
0000000000000000 T _ZN7Minisat10BoolOption4helpEb
0000000000000000 T _ZN7Minisat10BoolOption5parseEPKc
0000000000000000 T _ZN7Minisat10BoolOptionD0Ev
0000000000000000 T _ZN7Minisat10BoolOptionD1Ev
0000000000000000 T _ZN7Minisat12DoubleOption4helpEb
0000000000000000 T _ZN7Minisat12DoubleOption5parseEPKc
0000000000000000 T _ZN7Minisat12DoubleOptionD0Ev
0000000000000000 T _ZN7Minisat12DoubleOptionD1Ev
0000000000005650 t _ZN7Minisat15ClauseAllocator5allocINS_3vecINS_3LitEEEEEjRKT_b.constprop.1
0000000000000000 T _ZN7Minisat15ClauseAllocator5relocERjRS0_
0000000000000000 T _ZN7Minisat15RegionAllocatorIjE8capacityEj
0000000000000000 T _ZN7Minisat3vecINS0_INS_3LitEEEE8capacityEi
0000000000000000 T _ZN7Minisat3vecINS0_INS_6Solver7WatcherEEEE8capacityEi
0000000000000000 T _ZN7Minisat3vecINS0_IiEEE8capacityEi
0000000000000000 T _ZN7Minisat3vecINS_3LitEE4pushERKS1_
0000000000000000 T _ZN7Minisat3vecINS_3LitEE8capacityEi
0000000000000000 T _ZN7Minisat3vecINS_5lboolEE8capacityEi
0000000000000000 T _ZN7Minisat3vecINS_6Solver7VarDataEE8capacityEi
0000000000000000 T _ZN7Minisat3vecINS_6Solver7WatcherEE8capacityEi
0000000000000000 T _ZN7Minisat3vecIPNS_6OptionEE4pushERKS2_
0000000000000000 T _ZN7Minisat3vecIPNS_6OptionEE8capacityEi
0000000000000000 T _ZN7Minisat3vecIPNS_6OptionEED1Ev
0000000000000000 T _ZN7Minisat3vecIcE8capacityEi
0000000000000000 T _ZN7Minisat3vecIdE8capacityEi
0000000000000000 T _ZN7Minisat3vecIiE4pushERKi
0000000000000000 T _ZN7Minisat3vecIiE8capacityEi
0000000000000000 T _ZN7Minisat3vecIjE4pushERKj
0000000000000000 T _ZN7Minisat3vecIjE8capacityEi
0000000000000000 T _ZN7Minisat3vecImE8capacityEi
0000000000000000 T _ZN7Minisat4HeapINS_6Solver10VarOrderLtEE13percolateDownEi
0000000000000000 T _ZN7Minisat4HeapINS_6Solver10VarOrderLtEED1Ev
0000000000000000 t _ZN7Minisat4sortINS_3LitENS_16LessThan_defaultIS1_EEEEvPT_iT0_.isra.0
0000000000000000 T _ZN7Minisat4sortIj11reduceDB_ltEEvPT_iT0_
0000000000000000 T _ZN7Minisat4sortIj13reduceCORE_ltEEvPT_iT0_
0000000000000000 T _ZN7Minisat4sortIj14reduceTIER2_ltEEvPT_iT0_
0000000000000000 T _ZN7Minisat6Option13getOptionListEv
0000000000012de0 T _ZN7Minisat6Solver10addClause_ERNS_3vecINS_3LitEEEj
00000000000136b0 T _ZN7Minisat6Solver10lPropagateEv
00000000000146c0 T _ZN7Minisat6Solver10moreHardenEv
000000000001c0b0 T _ZN7Minisat6Solver10nLevelsMTOERNS_3vecINS_3LitEEEiiS4_
0000000000018da0 T _ZN7Minisat6Solver10newAuxiVarEb
00000000000015e0 T _ZN7Minisat6Solver10setCounterEj
0000000000010850 T _ZN7Minisat6Solver11cancelUntilEi
0000000000010330 t _ZN7Minisat6Solver11cancelUntilEi.part.0
0000000000009330 T _ZN7Minisat6Solver11litsEnqueueEiRNS_6ClauseE
0000000000001aa0 T _ZN7Minisat6Solver11pickAuxiVarEv
000000000001ef20 T _ZN7Minisat6Solver11setConflictERi
00000000000127b0 T _ZN7Minisat6Solver11simplifyAllEv
0000000000003280 T _ZN7Minisat6Solver12analyzeFinalENS_3LitERNS_3vecIS1_EE
000000000000b000 T _ZN7Minisat6Solver12attachClauseEj
0000000000004d50 T _ZN7Minisat6Solver12detachClauseEjb
0000000000004c00 t _ZN7Minisat6Solver12detachClauseEjb.constprop.0
0000000000003480 T _ZN7Minisat6Solver12litRedundantENS_3LitEj
000000000000b570 T _ZN7Minisat6Solver12reduceClauseEji
0000000000001590 T _ZN7Minisat6Solver12redundantLitENS_3LitE
0000000000004f70 T _ZN7Minisat6Solver12removeClauseEj
0000000000019ee0 T _ZN7Minisat6Solver12splitClausesERNS_3vecIjEE
000000000000a9b0 T _ZN7Minisat6Solver13bumpConflVarsEv
0000000000002200 T _ZN7Minisat6Solver13checkSolutionEv
0000000000001f80 T _ZN7Minisat6Solver13emitTryUpdateEm
0000000000000ef0 T _ZN7Minisat6Solver13pickBranchLitEv
0000000000015c80 T _ZN7Minisat6Solver13reduceDB_coreEv
0000000000005420 T _ZN7Minisat6Solver13reduceHardensEv
0000000000001990 T _ZN7Minisat6Solver13seeUnlockLitsEii
0000000000001e30 T _ZN7Minisat6Solver13setBoundsPipeEi
000000000000b260 T _ZN7Minisat6Solver13simpleAnalyzeEjRNS_3vecINS_3LitEEEb
0000000000004b00 T _ZN7Minisat6Solver14addConflictLitENS_3LitES1_
0000000000001270 T _ZN7Minisat6Solver14binResMinimizeERNS_3vecINS_3LitEEE
00000000000091e0 T _ZN7Minisat6Solver14collectDynVarsEv
00000000000140a0 T _ZN7Minisat6Solver14fixByLookaheadERNS_3vecINS_3LitEEE
0000000000006d80 T _ZN7Minisat6Solver14garbageCollectEv
000000000000c760 T _ZN7Minisat6Solver14propagateForLKEv
000000000000e360 T _ZN7Minisat6Solver14reduceDB_Tier2Ev
0000000000008f00 T _ZN7Minisat6Solver14resetConflictsEi
0000000000000000 T _ZN7Minisat6Solver14setDecisionVarEib
000000000000a240 T _ZN7Minisat6Solver14simplelookbackEjiRNS_3vecINS_3LitEEES4_
000000000000d040 T _ZN7Minisat6Solver14simplifyLearntERNS_6ClauseEjRNS_3vecINS_3LitEEE
0000000000000b60 T _ZN7Minisat6Solver14updateIsetLockEi
0000000000000000 T _ZN7Minisat6Solver15claBumpActivityERNS_6ClauseE
00000000000081b0 T _ZN7Minisat6Solver15collectFirstUIPEj
00000000000051b0 T _ZN7Minisat6Solver15removeSatisfiedERNS_3vecIjEE
0000000000008c90 T _ZN7Minisat6Solver15resetConflicts_Ei
000000000000cbf0 T _ZN7Minisat6Solver15simplePropagateEv
000000000000d5f0 T _ZN7Minisat6Solver15updateClauseUseEj
0000000000000000 T _ZN7Minisat6Solver15varBumpActivityEid
0000000000001ea0 T _ZN7Minisat6Solver16emitBoundsUpdateEv
0000000000013730 T _ZN7Minisat6Solver16hardenForRestartEii
0000000000001fd0 T _ZN7Minisat6Solver16noteBestSolutionEm
00000000000094d0 T _ZN7Minisat6Solver16rebuildOrderHeapEv
0000000000010870 T _ZN7Minisat6Solver16uncheckedEnqueueENS_3LitEj
0000000000011470 t _ZN7Minisat6Solver16uncheckedEnqueueENS_3LitEj.constprop.0
0000000000001cc0 T _ZN7Minisat6Solver17simplePickAuxiVarEv
000000000000a0b0 T _ZN7Minisat6Solver18insertAuxiVarOrderEi
000000000000b6c0 T _ZN7Minisat6Solver18lookbackResetTrailEjiiRNS_3vecINS_3LitEEEb
000000000000b130 T _ZN7Minisat6Solver18simplereduceClauseEji
000000000000f390 T _ZN7Minisat6Solver19analyzeSoftConflictERNS_3vecINS_3LitEEERiS5_
00000000000016c0 T _ZN7Minisat6Solver19countCommunLiteralsEj
0000000000014cd0 T _ZN7Minisat6Solver19detectInitConflictsEv
000000000001f4a0 T _ZN7Minisat6Solver19lookaheadForRestartEv
0000000000008930 T _ZN7Minisat6Solver19removeLearntClausesEv
00000000000052e0 T _ZN7Minisat6Solver19safeRemoveSatisfiedERNS_3vecIjEEj
0000000000011600 T _ZN7Minisat6Solver19simplifyLearnt_coreEv
0000000000010f60 T _ZN7Minisat6Solver20cancelUntilBeginningEi
0000000000018b40 T _ZN7Minisat6Solver20findConflictSoftLitsEv
000000000000ab60 T _ZN7Minisat6Solver20simpleUncheckEnqueueENS_3LitEj
000000000000acc0 t _ZN7Minisat6Solver20simpleUncheckEnqueueENS_3LitEj.constprop.0
000000000000c1b0 T _ZN7Minisat6Solver20simplepropagateForLKEv
00000000000154a0 T _ZN7Minisat6Solver20simplifyLearnt_localEv
0000000000011ba0 T _ZN7Minisat6Solver20simplifyLearnt_tier2Ev
000000000000ae20 T _ZN7Minisat6Solver21uncheckedEnqueueForLKENS_3LitEj
0000000000000bd0 T _ZN7Minisat6Solver22cancelUntilTrailRecordEv
0000000000005560 T _ZN7Minisat6Solver22cleanClausesForNewVarsERNS_3vecIjEE
0000000000012190 T _ZN7Minisat6Solver22failedLiteralDetectionEv
000000000001a4f0 T _ZN7Minisat6Solver22identifyClausesToSplitERNS_3vecIjEE
0000000000003ca0 T _ZN7Minisat6Solver22simplifyConflictClauseERNS_3vecINS_3LitEEERiS5_
0000000000000d10 T _ZN7Minisat6Solver23cancelUntilTrailRecord1Ev
00000000000030f0 T _ZN7Minisat6Solver23cancelUntilTrailRecord2Ev
0000000000012850 T _ZN7Minisat6Solver23simplifyOriginalClausesEv
000000000000e800 T _ZN7Minisat6Solver24analyzeQuasiSoftConflictERNS_3vecINS_3LitEEERiS5_
0000000000000000 T _ZN7Minisat6Solver24newAuxiVarForCardinalityEv
000000000000a6d0 T _ZN7Minisat6Solver24simplelookbackResetTrailEjb
000000000001a8a0 T _ZN7Minisat6Solver25addCardinalityConstraintsERNS_3vecINS_3LitEEEi
000000000001ebf0 T _ZN7Minisat6Solver25addCardinalityConstraintsEv
0000000000016e90 T _ZN7Minisat6Solver25createHardClausesFromLitsERNS_3vecINS_3LitEEE
0000000000002e10 T _ZN7Minisat6Solver25simpleAnalyzeSoftConflictERNS_3vecINS_3LitEEE
0000000000013a70 T _ZN7Minisat6Solver27hardenFromQuasiSoftConflictEii
00000000000023b0 T _ZN7Minisat6Solver27simpleuncheckedEnqueueForLKENS_3LitEj
0000000000003760 T _ZN7Minisat6Solver27simplifyQuasiConflictClauseERNS_3vecINS_3LitEEERiS5_
000000000001e880 T _ZN7Minisat6Solver28addCardinalityConstraintsMTOERNS_3vecINS_3LitEEEi
0000000000017370 T _ZN7Minisat6Solver28addHardClausesForSoftClausesEv
0000000000002900 T _ZN7Minisat6Solver5toOpbEP9__sFILE64
0000000000002da0 T _ZN7Minisat6Solver5toOpbEPKc
00000000000017a0 T _ZN7Minisat6Solver6avgActERNS_3vecIjEERi
00000000000132f0 T _ZN7Minisat6Solver6hardenEv
0000000000015e00 T _ZN7Minisat6Solver6newVarEbb
0000000000021070 T _ZN7Minisat6Solver6searchERi
00000000000225c0 T _ZN7Minisat6Solver6solve_Ev
0000000000002400 T _ZN7Minisat6Solver6toWcnfEP9__sFILE64
0000000000002890 T _ZN7Minisat6Solver6toWcnfEPKc
000000000000db10 T _ZN7Minisat6Solver7analyzeEjRNS_3vecINS_3LitEEERiS5_
0000000000000000 T _ZN7Minisat6Solver7binDRUPINS_3vecINS_3LitEEEEEvhRKT_P9__sFILE64
0000000000200000 B _ZN7Minisat6Solver7buf_lenE
0000000000000010 D _ZN7Minisat6Solver7buf_ptrE
0000000000000cf0 T _ZN7Minisat6Solver7removedEj
0000000000000000 B _ZN7Minisat6Solver8drup_bufE
0000000000015ae0 T _ZN7Minisat6Solver8reduceDBEv
0000000000005710 T _ZN7Minisat6Solver8relocAllERNS_15ClauseAllocatorE
0000000000010e40 T _ZN7Minisat6Solver8simplifyEb
0000000000007c90 T _ZN7Minisat6Solver8toDimacsEP9__sFILE64RKNS_3vecINS_3LitEEE
0000000000007af0 T _ZN7Minisat6Solver8toDimacsEP9__sFILE64RNS_6ClauseERNS_3vecIiEERi
0000000000008140 T _ZN7Minisat6Solver8toDimacsEPKcRKNS_3vecINS_3LitEEE
0000000000004540 T _ZN7Minisat6Solver9getAllUIPERNS_3vecINS_3LitEEERiS5_
00000000000201b0 T _ZN7Minisat6Solver9lookaheadEv
00000000000178d0 T _ZN7Minisat6Solver9partitionEv
0000000000010a00 T _ZN7Minisat6Solver9propagateEv
0000000000006ea0 T _ZN7Minisat6SolverC1Ev
0000000000006ea0 T _ZN7Minisat6SolverC2Ev
0000000000000b40 T _ZN7Minisat6SolverD0Ev
0000000000000390 T _ZN7Minisat6SolverD1Ev
0000000000000390 T _ZN7Minisat6SolverD2Ev
0000000000000000 T _ZN7Minisat8OccListsINS_3LitENS_3vecINS_6Solver7WatcherEEENS3_14WatcherDeletedEE8cleanAllEv
0000000000000000 T _ZN7Minisat8OccListsINS_3LitENS_3vecINS_6Solver7WatcherEEENS3_14WatcherDeletedEED1Ev
0000000000000000 T _ZN7Minisat9IntOption4helpEb
0000000000000000 T _ZN7Minisat9IntOption5parseEPKc
0000000000000000 T _ZN7Minisat9IntOptionD0Ev
0000000000000000 T _ZN7Minisat9IntOptionD1Ev
00000000000011f4 r _ZN7MinisatL9lit_UndefE
0000000000001840 T _ZNK7Minisat6Solver16progressEstimateEv
00000000000020c0 T _ZNK7Minisat6Solver17printBestSolutionEv
0000000000001e40 T _ZNK7Minisat6Solver9getCostLBEv
0000000000001e70 T _ZNK7Minisat6Solver9getCostUBEv
0000000000000e90 T _ZNK7Minisat6Solver9satisfiedERKNS_6ClauseE
0000000000000000 R _ZTIN7Minisat10BoolOptionE
0000000000000000 R _ZTIN7Minisat12DoubleOptionE
0000000000000000 R _ZTIN7Minisat20OutOfMemoryExceptionE
0000000000000000 R _ZTIN7Minisat6OptionE
0000000000000000 R _ZTIN7Minisat6SolverE
0000000000000000 R _ZTIN7Minisat9IntOptionE
0000000000000000 R _ZTSN7Minisat10BoolOptionE
0000000000000000 R _ZTSN7Minisat12DoubleOptionE
0000000000000000 R _ZTSN7Minisat20OutOfMemoryExceptionE
0000000000000000 R _ZTSN7Minisat6OptionE
0000000000000000 R _ZTSN7Minisat6SolverE
0000000000000000 R _ZTSN7Minisat9IntOptionE
0000000000000000 R _ZTVN7Minisat10BoolOptionE
0000000000000000 R _ZTVN7Minisat12DoubleOptionE
0000000000000000 R _ZTVN7Minisat6OptionE
0000000000000000 R _ZTVN7Minisat6SolverE
0000000000000000 R _ZTVN7Minisat9IntOptionE
0000000000000000 D _ZZN7Minisat6Option13getOptionListEvE7options
0000000000200008 b _ZZN7Minisat6Solver25addCardinalityConstraintsEvE6prevUB
0000000000200040 b _ZZN7Minisat6Solver6searchERiE6prevUB
000000000020003c b _ZZN7Minisat6Solver9lookaheadEvE13prevConflicts
0000000000000000 d _ZZN7Minisat6Solver9lookaheadEvE4coef
0000000000200014 b _ZZN7Minisat6Solver9lookaheadEvE4myLH
0000000000200020 b _ZZN7Minisat6Solver9lookaheadEvE5sumLB
0000000000000008 d _ZZN7Minisat6Solver9lookaheadEvE5thres
0000000000200010 b _ZZN7Minisat6Solver9lookaheadEvE6mySucc
0000000000200030 b _ZZN7Minisat6Solver9lookaheadEvE6prevUB
0000000000200018 b _ZZN7Minisat6Solver9lookaheadEvE7sumSQLB
0000000000200028 b _ZZN7Minisat6Solver9lookaheadEvE8nbSample
0000000000200038 b _ZZN7Minisat6Solver9lookaheadEvE9maxSuccLB
