      0.0	c trying d: 1
      0.0	c trying d: 1
      0.0	c d_lb: 2
      0.0	c trying d: 2
      0.0	c trying d: 2
      0.0	c d_lb: 3
      0.0	c trying d: 4
      0.0	c trying d: 4
      0.0	c d_lb: 5
      0.0	c trying d: 8
      0.1	c trying d: 8
      0.1	c d_lb: 9
      0.1	c trying d: 16
     73.1	c trying d: 16
    148.3	c d_lb: 17
    148.3	c trying d: 32
    148.3	c d_ub: 26
    148.3	c trying d: 32
    148.3	c trying d: 25
    148.3	c d_ub: 24
    148.3	c trying d: 23
    148.3	c d_ub: 18
    148.3	c trying d: 18
    479.4	c trying d: 18
    804.0	c d_lb: 18
    804.0	c d  : 18
    804.0	o 18
