      0.0	c trying d: 1
      0.0	c trying d: 1
      0.0	c d_lb: 2
      0.0	c trying d: 2
      0.0	c trying d: 2
      0.0	c d_lb: 3
      0.0	c trying d: 4
      0.0	c trying d: 4
      0.0	c d_lb: 5
      0.0	c trying d: 8
      0.1	c trying d: 8
      0.1	c d_lb: 9
      0.1	c trying d: 16
     73.1	c trying d: 16
    152.5	c d_lb: 17
    152.5	c trying d: 32
    153.2	c d_ub: 18
    153.2	c trying d: 32
    157.7	c trying d: 18
    582.4	c trying d: 18
    913.2	c d_lb: 18
    913.2	c d  : 18
    913.2	o 18
