0000.gate.BB_90_8_10.no-card.0.baseline 1.873s o 10 load=1.26
0001.gate.BB_90_8_10.no-card.0.candidate 0.602s o 10 load=1.72
0002.gate.BB_90_8_10.no-card.1.candidate 0.605s o 10 load=1.72
0003.gate.BB_90_8_10.no-card.1.baseline 1.865s o 10 load=1.72
0004.gate.BB_90_8_10.no-card.2.baseline 1.870s o 10 load=1.72
0005.gate.BB_90_8_10.no-card.2.candidate 0.610s o 10 load=1.67
0006.replicate.BB_90_8_10.no-card.0.baseline 1.885s o 10 load=1.67
0007.replicate.BB_90_8_10.no-card.0.candidate 0.606s o 10 load=1.67
0008.replicate.BB_90_8_10.no-card.1.candidate 0.613s o 10 load=1.67
0009.replicate.BB_90_8_10.no-card.1.baseline 1.874s o 10 load=1.67
0010.replicate.BB_90_8_10.no-card.2.baseline 1.876s o 10 load=1.61
0011.replicate.BB_90_8_10.no-card.2.candidate 0.604s o 10 load=1.61
0012.replicate.BB_90_8_10.no-card.3.candidate 0.614s o 10 load=1.61
0013.replicate.BB_90_8_10.no-card.3.baseline 1.878s o 10 load=1.61
0014.replicate.BB_90_8_10.no-card.4.baseline 1.870s o 10 load=1.56
0015.replicate.BB_90_8_10.no-card.4.candidate 0.609s o 10 load=1.56
0016.replicate.BB_90_8_10.no-card.5.candidate 0.611s o 10 load=1.56
0017.replicate.BB_90_8_10.no-card.5.baseline 1.883s o 10 load=1.56
0018.replicate.BB_90_8_10.no-card.6.baseline 1.880s o 10 load=1.52
0019.replicate.BB_90_8_10.no-card.6.candidate 0.609s o 10 load=1.52
0020.replicate.BB_90_8_10.no-card.7.candidate 0.608s o 10 load=1.52
0021.replicate.BB_90_8_10.no-card.7.baseline 1.879s o 10 load=1.52
0022.replicate.BB_90_8_10.no-card.8.baseline 1.876s o 10 load=1.48
0023.replicate.BB_90_8_10.no-card.8.candidate 0.612s o 10 load=1.48
0024.replicate.BB_90_8_10.no-card.9.candidate 0.611s o 10 load=1.48
0025.replicate.BB_90_8_10.no-card.9.baseline 1.868s o 10 load=1.48
0026.gate.BB_90_8_10.card-mto.0.baseline 1.657s o 10 load=1.44
0027.gate.BB_90_8_10.card-mto.0.candidate 0.697s o 10 load=1.44
0028.gate.BB_90_8_10.card-mto.1.candidate 0.710s o 10 load=1.44
0029.gate.BB_90_8_10.card-mto.1.baseline 1.660s o 10 load=1.44
0030.gate.BB_90_8_10.card-mto.2.baseline 1.660s o 10 load=1.40
0031.gate.BB_90_8_10.card-mto.2.candidate 0.706s o 10 load=1.40
0032.replicate.BB_90_8_10.card-mto.0.baseline 1.665s o 10 load=1.40
0033.replicate.BB_90_8_10.card-mto.0.candidate 0.706s o 10 load=1.69
0034.replicate.BB_90_8_10.card-mto.1.candidate 0.706s o 10 load=1.69
0035.replicate.BB_90_8_10.card-mto.1.baseline 1.669s o 10 load=1.69
0036.replicate.BB_90_8_10.card-mto.2.baseline 1.662s o 10 load=1.69
0037.replicate.BB_90_8_10.card-mto.2.candidate 0.700s o 10 load=1.69
0038.replicate.BB_90_8_10.card-mto.3.candidate 0.697s o 10 load=1.63
0039.replicate.BB_90_8_10.card-mto.3.baseline 1.663s o 10 load=1.63
0040.replicate.BB_90_8_10.card-mto.4.baseline 1.658s o 10 load=1.63
0041.replicate.BB_90_8_10.card-mto.4.candidate 0.701s o 10 load=1.63
0042.replicate.BB_90_8_10.card-mto.5.candidate 0.700s o 10 load=1.58
0043.replicate.BB_90_8_10.card-mto.5.baseline 1.660s o 10 load=1.58
0044.replicate.BB_90_8_10.card-mto.6.baseline 1.664s o 10 load=1.58
0045.replicate.BB_90_8_10.card-mto.6.candidate 0.699s o 10 load=1.58
0046.replicate.BB_90_8_10.card-mto.7.candidate 0.706s o 10 load=1.54
0047.replicate.BB_90_8_10.card-mto.7.baseline 1.669s o 10 load=1.54
0048.replicate.BB_90_8_10.card-mto.8.baseline 1.667s o 10 load=1.54
0049.replicate.BB_90_8_10.card-mto.8.candidate 0.703s o 10 load=1.54
0050.replicate.BB_90_8_10.card-mto.9.candidate 0.705s o 10 load=1.54
0051.replicate.BB_90_8_10.card-mto.9.baseline 1.660s o 10 load=1.49
0052.gate.GB_144_12_8.no-card.0.baseline 0.662s o 8 load=1.49
0053.gate.GB_144_12_8.no-card.0.candidate 0.645s o 8 load=1.49
0054.gate.GB_144_12_8.no-card.1.candidate 0.656s o 8 load=1.49
0055.gate.GB_144_12_8.no-card.1.baseline 0.673s o 8 load=1.49
0056.gate.GB_144_12_8.no-card.2.baseline 0.660s o 8 load=1.45
0057.gate.GB_144_12_8.no-card.2.candidate 0.644s o 8 load=1.45
0058.replicate.GB_144_12_8.no-card.0.baseline 0.671s o 8 load=1.45
0059.replicate.GB_144_12_8.no-card.0.candidate 0.639s o 8 load=1.45
0060.replicate.GB_144_12_8.no-card.1.candidate 0.642s o 8 load=1.45
0061.replicate.GB_144_12_8.no-card.1.baseline 0.659s o 8 load=1.45
0062.replicate.GB_144_12_8.no-card.2.baseline 0.660s o 8 load=1.45
0063.replicate.GB_144_12_8.no-card.2.candidate 0.644s o 8 load=1.45
0064.replicate.GB_144_12_8.no-card.3.candidate 0.643s o 8 load=1.42
0065.replicate.GB_144_12_8.no-card.3.baseline 0.668s o 8 load=1.42
0066.replicate.GB_144_12_8.no-card.4.baseline 0.662s o 8 load=1.42
0067.replicate.GB_144_12_8.no-card.4.candidate 0.639s o 8 load=1.42
0068.replicate.GB_144_12_8.no-card.5.candidate 0.648s o 8 load=1.42
0069.replicate.GB_144_12_8.no-card.5.baseline 0.671s o 8 load=1.42
0070.replicate.GB_144_12_8.no-card.6.baseline 0.665s o 8 load=1.42
0071.replicate.GB_144_12_8.no-card.6.candidate 0.646s o 8 load=1.46
0072.replicate.GB_144_12_8.no-card.7.candidate 0.647s o 8 load=1.46
0073.replicate.GB_144_12_8.no-card.7.baseline 0.662s o 8 load=1.46
0074.replicate.GB_144_12_8.no-card.8.baseline 0.664s o 8 load=1.46
0075.replicate.GB_144_12_8.no-card.8.candidate 0.650s o 8 load=1.46
0076.replicate.GB_144_12_8.no-card.9.candidate 0.643s o 8 load=1.46
0077.replicate.GB_144_12_8.no-card.9.baseline 0.661s o 8 load=1.46
0078.gate.GB_144_12_8.card-mto.0.baseline 1.111s o 8 load=1.46
0079.gate.GB_144_12_8.card-mto.0.candidate 0.873s o 8 load=1.43
0080.gate.GB_144_12_8.card-mto.1.candidate 0.866s o 8 load=1.43
0081.gate.GB_144_12_8.card-mto.1.baseline 1.121s o 8 load=1.43
0082.gate.GB_144_12_8.card-mto.2.baseline 1.115s o 8 load=1.43
0083.gate.GB_144_12_8.card-mto.2.candidate 0.865s o 8 load=1.43
0084.replicate.GB_144_12_8.card-mto.0.baseline 1.118s o 8 load=1.39
0085.replicate.GB_144_12_8.card-mto.0.candidate 0.864s o 8 load=1.39
0086.replicate.GB_144_12_8.card-mto.1.candidate 0.870s o 8 load=1.39
0087.replicate.GB_144_12_8.card-mto.1.baseline 1.110s o 8 load=1.39
0088.replicate.GB_144_12_8.card-mto.2.baseline 1.116s o 8 load=1.39
0089.replicate.GB_144_12_8.card-mto.2.candidate 0.866s o 8 load=1.36
0090.replicate.GB_144_12_8.card-mto.3.candidate 0.860s o 8 load=1.36
0091.replicate.GB_144_12_8.card-mto.3.baseline 1.118s o 8 load=1.36
0092.replicate.GB_144_12_8.card-mto.4.baseline 1.124s o 8 load=1.36
0093.replicate.GB_144_12_8.card-mto.4.candidate 0.862s o 8 load=1.36
0094.replicate.GB_144_12_8.card-mto.5.candidate 0.871s o 8 load=1.33
0095.replicate.GB_144_12_8.card-mto.5.baseline 1.120s o 8 load=1.33
0096.replicate.GB_144_12_8.card-mto.6.baseline 1.118s o 8 load=1.33
0097.replicate.GB_144_12_8.card-mto.6.candidate 0.874s o 8 load=1.33
0098.replicate.GB_144_12_8.card-mto.7.candidate 0.866s o 8 load=1.33
0099.replicate.GB_144_12_8.card-mto.7.baseline 1.121s o 8 load=1.30
0100.replicate.GB_144_12_8.card-mto.8.baseline 1.110s o 8 load=1.30
0101.replicate.GB_144_12_8.card-mto.8.candidate 0.863s o 8 load=1.30
0102.replicate.GB_144_12_8.card-mto.9.candidate 0.862s o 8 load=1.30
0103.replicate.GB_144_12_8.card-mto.9.baseline 1.122s o 8 load=1.30
0104.gate.BB_108_8_10.no-card.0.baseline 2.294s o 10 load=1.28
0105.gate.BB_108_8_10.no-card.0.candidate 0.937s o 10 load=1.28
0106.gate.BB_108_8_10.no-card.1.candidate 0.940s o 10 load=1.28
0107.gate.BB_108_8_10.no-card.1.baseline 2.287s o 10 load=1.42
0108.gate.BB_108_8_10.no-card.2.baseline 2.282s o 10 load=1.42
0109.gate.BB_108_8_10.no-card.2.candidate 0.933s o 10 load=1.42
0110.replicate.BB_108_8_10.no-card.0.baseline 2.291s o 10 load=1.38
0111.replicate.BB_108_8_10.no-card.0.candidate 0.936s o 10 load=1.38
0112.replicate.BB_108_8_10.no-card.1.candidate 0.934s o 10 load=1.38
0113.replicate.BB_108_8_10.no-card.1.baseline 2.285s o 10 load=1.38
0114.replicate.BB_108_8_10.no-card.2.baseline 2.283s o 10 load=1.35
0115.replicate.BB_108_8_10.no-card.2.candidate 0.934s o 10 load=1.35
0116.replicate.BB_108_8_10.no-card.3.candidate 0.945s o 10 load=1.32
0117.replicate.BB_108_8_10.no-card.3.baseline 2.293s o 10 load=1.32
0118.replicate.BB_108_8_10.no-card.4.baseline 2.296s o 10 load=1.32
0119.replicate.BB_108_8_10.no-card.4.candidate 0.933s o 10 load=1.30
0120.replicate.BB_108_8_10.no-card.5.candidate 0.934s o 10 load=1.30
0121.replicate.BB_108_8_10.no-card.5.baseline 2.289s o 10 load=1.30
0122.replicate.BB_108_8_10.no-card.6.baseline 2.286s o 10 load=1.30
0123.replicate.BB_108_8_10.no-card.6.candidate 0.938s o 10 load=1.27
0124.replicate.BB_108_8_10.no-card.7.candidate 0.944s o 10 load=1.27
0125.replicate.BB_108_8_10.no-card.7.baseline 2.286s o 10 load=1.27
0126.replicate.BB_108_8_10.no-card.8.baseline 2.286s o 10 load=1.25
0127.replicate.BB_108_8_10.no-card.8.candidate 0.945s o 10 load=1.25
0128.replicate.BB_108_8_10.no-card.9.candidate 0.936s o 10 load=1.25
0129.replicate.BB_108_8_10.no-card.9.baseline 2.287s o 10 load=1.31
0130.gate.BB_108_8_10.card-mto.0.baseline 2.333s o 10 load=1.31
0131.gate.BB_108_8_10.card-mto.0.candidate 0.975s o 10 load=1.29
0132.gate.BB_108_8_10.card-mto.1.candidate 0.973s o 10 load=1.29
0133.gate.BB_108_8_10.card-mto.1.baseline 2.332s o 10 load=1.29
0134.gate.BB_108_8_10.card-mto.2.baseline 2.324s o 10 load=1.29
0135.gate.BB_108_8_10.card-mto.2.candidate 0.975s o 10 load=1.26
0136.replicate.BB_108_8_10.card-mto.0.baseline 2.325s o 10 load=1.26
0137.replicate.BB_108_8_10.card-mto.0.candidate 0.970s o 10 load=1.24
0138.replicate.BB_108_8_10.card-mto.1.candidate 0.967s o 10 load=1.24
0139.replicate.BB_108_8_10.card-mto.1.baseline 2.327s o 10 load=1.24
0140.replicate.BB_108_8_10.card-mto.2.baseline 2.337s o 10 load=1.24
0141.replicate.BB_108_8_10.card-mto.2.candidate 0.975s o 10 load=1.22
0142.replicate.BB_108_8_10.card-mto.3.candidate 0.972s o 10 load=1.22
0143.replicate.BB_108_8_10.card-mto.3.baseline 2.326s o 10 load=1.22
0144.replicate.BB_108_8_10.card-mto.4.baseline 2.330s o 10 load=1.20
0145.replicate.BB_108_8_10.card-mto.4.candidate 0.966s o 10 load=1.20
0146.replicate.BB_108_8_10.card-mto.5.candidate 0.969s o 10 load=1.20
0147.replicate.BB_108_8_10.card-mto.5.baseline 2.345s o 10 load=1.19
0148.replicate.BB_108_8_10.card-mto.6.baseline 2.334s o 10 load=1.19
0149.replicate.BB_108_8_10.card-mto.6.candidate 0.975s o 10 load=1.17
0150.replicate.BB_108_8_10.card-mto.7.candidate 0.974s o 10 load=1.17
0151.replicate.BB_108_8_10.card-mto.7.baseline 2.336s o 10 load=1.17
0152.replicate.BB_108_8_10.card-mto.8.baseline 2.337s o 10 load=1.17
0153.replicate.BB_108_8_10.card-mto.8.candidate 0.972s o 10 load=1.16
0154.replicate.BB_108_8_10.card-mto.9.candidate 0.974s o 10 load=1.16
0155.replicate.BB_108_8_10.card-mto.9.baseline 2.506s o 10 load=1.16
0156.gate.LP_238_44_6.no-card.0.baseline 1.355s o 6 load=1.55
0157.gate.LP_238_44_6.no-card.0.candidate 0.391s o 6 load=1.55
0158.gate.LP_238_44_6.no-card.1.candidate 0.388s o 6 load=1.55
0159.gate.LP_238_44_6.no-card.1.baseline 1.201s o 6 load=1.55
0160.gate.LP_238_44_6.no-card.2.baseline 1.198s o 6 load=1.55
0161.gate.LP_238_44_6.no-card.2.candidate 0.388s o 6 load=1.50
0162.replicate.LP_238_44_6.no-card.0.baseline 1.211s o 6 load=1.50
0163.replicate.LP_238_44_6.no-card.0.candidate 0.384s o 6 load=1.50
0164.replicate.LP_238_44_6.no-card.1.candidate 0.378s o 6 load=1.50
0165.replicate.LP_238_44_6.no-card.1.baseline 1.198s o 6 load=1.50
0166.replicate.LP_238_44_6.no-card.2.baseline 1.198s o 6 load=1.50
0167.replicate.LP_238_44_6.no-card.2.candidate 0.378s o 6 load=1.46
0168.replicate.LP_238_44_6.no-card.3.candidate 0.387s o 6 load=1.46
0169.replicate.LP_238_44_6.no-card.3.baseline 1.201s o 6 load=1.46
0170.replicate.LP_238_44_6.no-card.4.baseline 1.195s o 6 load=1.46
0171.replicate.LP_238_44_6.no-card.4.candidate 0.388s o 6 load=1.46
0172.replicate.LP_238_44_6.no-card.5.candidate 0.391s o 6 load=1.46
0173.replicate.LP_238_44_6.no-card.5.baseline 1.195s o 6 load=1.46
0174.replicate.LP_238_44_6.no-card.6.baseline 1.201s o 6 load=1.42
0175.replicate.LP_238_44_6.no-card.6.candidate 0.389s o 6 load=1.42
0176.replicate.LP_238_44_6.no-card.7.candidate 0.378s o 6 load=1.42
0177.replicate.LP_238_44_6.no-card.7.baseline 1.201s o 6 load=1.42
0178.replicate.LP_238_44_6.no-card.8.baseline 1.197s o 6 load=1.42
0179.replicate.LP_238_44_6.no-card.8.candidate 0.389s o 6 load=1.39
0180.replicate.LP_238_44_6.no-card.9.candidate 0.389s o 6 load=1.39
0181.replicate.LP_238_44_6.no-card.9.baseline 1.207s o 6 load=1.39
0182.gate.LP_238_44_6.card-mto.0.baseline 1.150s o 6 load=1.39
0183.gate.LP_238_44_6.card-mto.0.candidate 0.298s o 6 load=1.39
0184.gate.LP_238_44_6.card-mto.1.candidate 0.310s o 6 load=1.39
0185.gate.LP_238_44_6.card-mto.1.baseline 1.141s o 6 load=1.39
0186.gate.LP_238_44_6.card-mto.2.baseline 1.153s o 6 load=1.36
0187.gate.LP_238_44_6.card-mto.2.candidate 0.313s o 6 load=1.36
0188.replicate.LP_238_44_6.card-mto.0.baseline 1.147s o 6 load=1.36
0189.replicate.LP_238_44_6.card-mto.0.candidate 0.300s o 6 load=1.36
0190.replicate.LP_238_44_6.card-mto.1.candidate 0.299s o 6 load=1.36
0191.replicate.LP_238_44_6.card-mto.1.baseline 1.138s o 6 load=1.36
0192.replicate.LP_238_44_6.card-mto.2.baseline 1.143s o 6 load=1.36
0193.replicate.LP_238_44_6.card-mto.2.candidate 0.312s o 6 load=1.33
0194.replicate.LP_238_44_6.card-mto.3.candidate 0.303s o 6 load=1.33
0195.replicate.LP_238_44_6.card-mto.3.baseline 1.141s o 6 load=1.33
0196.replicate.LP_238_44_6.card-mto.4.baseline 1.150s o 6 load=1.33
0197.replicate.LP_238_44_6.card-mto.4.candidate 0.303s o 6 load=1.33
0198.replicate.LP_238_44_6.card-mto.5.candidate 0.301s o 6 load=1.33
0199.replicate.LP_238_44_6.card-mto.5.baseline 1.148s o 6 load=1.33
0200.replicate.LP_238_44_6.card-mto.6.baseline 1.151s o 6 load=1.30
0201.replicate.LP_238_44_6.card-mto.6.candidate 0.312s o 6 load=1.30
0202.replicate.LP_238_44_6.card-mto.7.candidate 0.313s o 6 load=1.30
0203.replicate.LP_238_44_6.card-mto.7.baseline 1.143s o 6 load=1.30
0204.replicate.LP_238_44_6.card-mto.8.baseline 1.152s o 6 load=1.30
0205.replicate.LP_238_44_6.card-mto.8.candidate 0.302s o 6 load=1.30
0206.replicate.LP_238_44_6.card-mto.9.candidate 0.300s o 6 load=1.28
0207.replicate.LP_238_44_6.card-mto.9.baseline 1.150s o 6 load=1.28
{
 "stopped": null,
 "n_samples": 208,
 "finished": "2026-10-09T15:05:34+0800",
 "binary_sha256_after": {
  "baseline": "ac43af52144330f72d838667c82851511bc208f1cb35966359126c2d6a69eb26",
  "candidate": "c89b243cdab20c1ced71827575b7aa01714156e05f95eec4f1c076243bc2e90b"
 },
 "input_sha256_after_ok": true
}
gate no-card geomean 0.45201 envelope 0.45721 positive True flags []
gate card-mto geomean 0.43926 envelope 0.44346 positive True flags []
replicate no-card geomean 0.45198 envelope 0.45776 positive True flags []
replicate card-mto geomean 0.435 envelope 0.44347 positive True flags []
exit=0
