src/solver/Solver.cc:216:5: warning: initializer order does not match the declaration order [-Wreorder-ctor]
  190 |   , conflict_budget    (-1)
      |     ~~~~~~~~~~~~~~~~~~~~~~~
      |     counter            (0)
  191 |   , propagation_budget (-1)
      |     ~~~~~~~~~~~~~~~~~~~~~~~
      |     conflict_budget    (-1)
  192 |   , asynch_interrupt   (false)
      |     ~~~~~~~~~~~~~~~~~~~~~~~~~~
      |     propagation_budget (-1)
  193 | 
  194 |   // simplfiy
  195 |   , nbSimplifyAll(0)
      |     ~~~~~~~~~~~~~~~~
      |     asynch_interrupt   (false)
  196 |   , s_propagations(0)
      |     ~~~~~~~~~~~~~~~~~
      |     nbSimplifyAll(0)
  197 | 
  198 |   // simplifyAll adjust occasion
  199 |   , curSimplify(1)
      |     ~~~~~~~~~~~~~~
      |     s_propagations(0)
  200 |   , nbconfbeforesimplify(1000)
      |     ~~~~~~~~~~~~~~~~~~~~~~~~~~
      |     curSimplify(1)
  201 |   , incSimplify(1000)
      |     ~~~~~~~~~~~~~~~~~
      |     nbconfbeforesimplify(1000)
  202 | 
  203 |   , my_var_decay       (0.6)
      |     ^~~~~~~~~~~~~~~~~~~~~~~~
      |     incSimplify(1000)
  204 |   , order_heap_distance(VarOrderLt(activity_distance))
      |     ~~~~~~~~~~~~~~~~~~~~~~~~~~~~~~~~~~~~~~~~~~~~~~~~~~
      |     var_iLevel_inc     (1)
  205 |   , var_iLevel_inc     (1)
      |     ~~~~~~~~~~~~~~~~~~~~~~
      |     my_var_decay       (0.6)
src/solver/Solver.cc:216:5: note: field 'my_var_decay' will be initialized after field 'order_heap_distance'
  216 |   , my_var_decay       (0.6)
      |     ^~~~~~~~~~~~~~~~~~~~~~~~
src/solver/Solver.cc:225:7: note: field 'lastOptimalCost' will be initialized after field 'totalWeight'
  225 |     , lastOptimalCost (UINT64_MAX)
      |       ^~~~~~~~~~~~~~~~~~~~~~~~~~~~
src/solver/Solver.cc:229:7: note: field 'orderHeapAuxi' will be initialized after field 'tier2_lbd_cut'
  229 |     , orderHeapAuxi(VarOrderGt(activityLB))
      |       ^~~~~~~~~~~~~~~~~~~~~~~~~~~~~~~~~~~~~
src/solver/Solver.cc:238:7: note: field 'cardinalityEncMode' will be initialized after field 'quasiSoftConflicts'
  238 |     , cardinalityEncMode (CARD_ENC_BOTH)
      |       ^~~~~~~~~~~~~~~~~~~~~~~~~~~~~~~~~~
src/solver/Solver.cc:244:7: note: field 'nbFixedByLH' will be initialized after field 'bestSolutionFound'
  244 |     , nbFixedByLH  (0)
      |       ^~~~~~~~~~~~~~~~
src/solver/Solver.cc:247:7: note: field 'nbSatLitsAtStart' will be initialized after field 'bounds_pipe_w'
  247 |     , nbSatLitsAtStart(0)
      |       ^~~~~~~~~~~~~~~~~~~
src/solver/Solver.cc:522:16: warning: variable 'nbNotSeen' set but not used [-Wunused-but-set-variable]
  522 |         int nbSeen=0, nbNotSeen = 0;
      |                       ^
src/solver/Solver.cc:721:9: warning: unused variable 'learnts_core_size_before' [-Wunused-variable]
  721 |     int learnts_core_size_before = learnts_core.size();
      |         ^~~~~~~~~~~~~~~~~~~~~~~~
src/solver/Solver.cc:725:9: warning: variable 'nbSimplified' set but not used [-Wunused-but-set-variable]
  725 |     int nbSimplified = 0, nbSimplifing = 0, nbShortened=0, ci, cj;
      |         ^
src/solver/Solver.cc:725:27: warning: variable 'nbSimplifing' set but not used [-Wunused-but-set-variable]
  725 |     int nbSimplified = 0, nbSimplifing = 0, nbShortened=0, ci, cj;
      |                           ^
src/solver/Solver.cc:725:45: warning: variable 'nbShortened' set but not used [-Wunused-but-set-variable]
  725 |     int nbSimplified = 0, nbSimplifing = 0, nbShortened=0, ci, cj;
      |                                             ^
src/solver/Solver.cc:823:9: warning: unused variable 'learnts_tier2_size_before' [-Wunused-variable]
  823 |     int learnts_tier2_size_before = learnts_tier2.size();
      |         ^~~~~~~~~~~~~~~~~~~~~~~~~
src/solver/Solver.cc:827:9: warning: variable 'nbSimplified' set but not used [-Wunused-but-set-variable]
  827 |     int nbSimplified = 0, nbSimplifing = 0, nbShortened=0, ci, cj;
      |         ^
src/solver/Solver.cc:827:27: warning: variable 'nbSimplifing' set but not used [-Wunused-but-set-variable]
  827 |     int nbSimplified = 0, nbSimplifing = 0, nbShortened=0, ci, cj;
      |                           ^
src/solver/Solver.cc:827:45: warning: variable 'nbShortened' set but not used [-Wunused-but-set-variable]
  827 |     int nbSimplified = 0, nbSimplifing = 0, nbShortened=0, ci, cj;
      |                                             ^
src/solver/Solver.cc:828:9: warning: variable 'limit' set but not used [-Wunused-but-set-variable]
  828 |     int limit;
      |         ^
src/solver/Solver.cc:1039:70: warning: format specifies type 'unsigned long long' but the argument has type 'uint64_t' (aka 'unsigned long') [-Wformat]
 1038 |   printf("c nbFailedLits %d, nbI %d, fixedVarsByFL %d, totalFixedVars %d, nbTested: %d, counter %llu\n", 
      |                                                                                                 ~~~~
      |                                                                                                 %lu
 1039 |          nbFailedLits, nbI, trail.size()-initTrail, trail.size(), nbTested, counter);
      |                                                                             ^~~~~~~
src/solver/Solver.cc:1179:46: warning: format specifies type 'unsigned long long' but the argument has type 'uint64_t' (aka 'unsigned long') [-Wformat]
 1179 |     printf("c total nb of literals: %llu\n", clauses_literals);
      |                                     ~~~~     ^~~~~~~~~~~~~~~~
      |                                     %lu
src/solver/Solver.cc:1173:25: warning: unused variable 'nbOriginalClauses_before' [-Wunused-variable]
 1173 |     int last_shorten=0, nbOriginalClauses_before = clauses.size();
      |                         ^~~~~~~~~~~~~~~~~~~~~~~~
src/solver/Solver.cc:1176:45: warning: variable 'nbShortening' set but not used [-Wunused-but-set-variable]
 1176 |     int nbShortened=0, ci, cj, nbRemoved=0, nbShortening=0;
      |                                             ^
src/solver/Solver.cc:1185:17: warning: unused variable 'begin_simp_time' [-Wunused-variable]
 1185 |     double      begin_simp_time = cpuTime();
      |                 ^~~~~~~~~~~~~~~
src/solver/Solver.cc:1250:12: warning: variable 'avg' set but not used [-Wunused-but-set-variable]
 1250 |     double avg;
      |            ^
src/solver/Solver.cc:1730:21: warning: variable 'nbNotSeen' set but not used [-Wunused-but-set-variable]
 1730 |       int nbSeen=0, nbNotSeen = 0;
      |                     ^
src/solver/Solver.cc:2072:1: warning: unused label 'ExitProp' [-Wunused-label]
 2072 | ExitProp:;
      | ^~~~~~~~~
src/solver/Solver.cc:2177:9: warning: variable 'myLevel' set but not used [-Wunused-but-set-variable]
 2177 |     int myLevel = decisionLevel() +1;
      |         ^
src/solver/Solver.cc:2368:17: warning: variable 'nbNotSeen' set but not used [-Wunused-but-set-variable]
 2368 |         int nbSeen=0, nbNotSeen = 0;
      |                       ^
src/solver/Solver.cc:2559:7: warning: unused variable 'learnts_local_size_before' [-Wunused-variable]
 2559 |   int learnts_local_size_before = learnts_local.size();
      |       ^~~~~~~~~~~~~~~~~~~~~~~~~
src/solver/Solver.cc:2560:7: warning: unused variable 'savedTrail' [-Wunused-variable]
 2560 |   int savedTrail = trail.size();
      |       ^~~~~~~~~~
src/solver/Solver.cc:2564:9: warning: variable 'nbSimplified' set but not used [-Wunused-but-set-variable]
 2564 |     int nbSimplified = 0, nbSimplifing = 0, nbShortened=0, ci, cj;
      |         ^
src/solver/Solver.cc:2564:27: warning: variable 'nbSimplifing' set but not used [-Wunused-but-set-variable]
 2564 |     int nbSimplified = 0, nbSimplifing = 0, nbShortened=0, ci, cj;
      |                           ^
src/solver/Solver.cc:2564:45: warning: variable 'nbShortened' set but not used [-Wunused-but-set-variable]
 2564 |     int nbSimplified = 0, nbSimplifing = 0, nbShortened=0, ci, cj;
      |                                             ^
src/solver/Solver.cc:2679:9: warning: variable 'totalLocalSize' set but not used [-Wunused-but-set-variable]
 2679 |     int totalLocalSize=0, removedSize=0;
      |         ^
src/solver/Solver.cc:2679:27: warning: variable 'removedSize' set but not used [-Wunused-but-set-variable]
 2679 |     int totalLocalSize=0, removedSize=0;
      |                           ^
src/solver/Solver.cc:2772:9: warning: unused variable 'totalLocalSize' [-Wunused-variable]
 2772 |     int totalLocalSize=0, removedSize=0;
      |         ^~~~~~~~~~~~~~
src/solver/Solver.cc:2772:27: warning: unused variable 'removedSize' [-Wunused-variable]
 2772 |     int totalLocalSize=0, removedSize=0;
      |                           ^~~~~~~~~~~
src/solver/Solver.cc:3822:8: warning: format specifies type 'unsigned long long' but the argument has type 'uint64_t' (aka 'unsigned long') [-Wformat]
 3821 |               printf("c UB=%llu succs, confls=%llu, hconfls=%llu, core %d, tier2 %d, local %d,  %d soft cls unsat (%d at L0), %d fixed vars at L0, softCnfl %d, nbFlyRd %d, nbFixedLH %llu\n",
      |                            ~~~~
      |                            %lu
 3822 |                      UB, conflicts, conflicts-softConflicts, learnts_core.size(), learnts_tier2.size(), learnts_local.size(),
      |                      ^~
src/solver/Solver.cc:3822:12: warning: format specifies type 'unsigned long long' but the argument has type 'uint64_t' (aka 'unsigned long') [-Wformat]
 3821 |               printf("c UB=%llu succs, confls=%llu, hconfls=%llu, core %d, tier2 %d, local %d,  %d soft cls unsat (%d at L0), %d fixed vars at L0, softCnfl %d, nbFlyRd %d, nbFixedLH %llu\n",
      |                                               ~~~~
      |                                               %lu
 3822 |                      UB, conflicts, conflicts-softConflicts, learnts_core.size(), learnts_tier2.size(), learnts_local.size(),
      |                          ^~~~~~~~~
src/solver/Solver.cc:3822:23: warning: format specifies type 'unsigned long long' but the argument has type 'uint64_t' (aka 'unsigned long') [-Wformat]
 3821 |               printf("c UB=%llu succs, confls=%llu, hconfls=%llu, core %d, tier2 %d, local %d,  %d soft cls unsat (%d at L0), %d fixed vars at L0, softCnfl %d, nbFlyRd %d, nbFixedLH %llu\n",
      |                                                             ~~~~
      |                                                             %lu
 3822 |                      UB, conflicts, conflicts-softConflicts, learnts_core.size(), learnts_tier2.size(), learnts_local.size(),
      |                                     ^~~~~~~~~~~~~~~~~~~~~~~
src/solver/Solver.cc:3823:75: warning: format specifies type 'unsigned long long' but the argument has type 'uint64_t' (aka 'unsigned long') [-Wformat]
 3821 |               printf("c UB=%llu succs, confls=%llu, hconfls=%llu, core %d, tier2 %d, local %d,  %d soft cls unsat (%d at L0), %d fixed vars at L0, softCnfl %d, nbFlyRd %d, nbFixedLH %llu\n",
      |                                                                                                                                                                                       ~~~~
      |                                                                                                                                                                                       %lu
 3822 |                      UB, conflicts, conflicts-softConflicts, learnts_core.size(), learnts_tier2.size(), learnts_local.size(),
 3823 |                      falseLits.size(), nbFalses, nbFixeds, pureSoftConfl, nbFlyReduced, nbFixedByLH);
      |                                                                                         ^~~~~~~~~~~
src/solver/Solver.cc:3826:19: warning: format specifies type 'unsigned long long' but the argument has type 'uint64_t' (aka 'unsigned long') [-Wformat]
 3825 |               printf("c nbHardens %d (fixed %llu), shorten: %llu, prunedLB %4.2f, dev %4.2f, succRate %4.2f, nbSucc %llu, lk: %llu, shorten: %llu, quasiC: %llu (fixed: %llu)\n\n",
      |                                             ~~~~
      |                                             %lu
 3826 |                      nbHardens, fixedByHardens, nbSavedLits, meanLB, dev, succRate, nbLKsuccess-savednbLKsuccess, LOOKAHEAD-savedLOOKAHEAD, nbSavedLits, quasiSoftConflicts, fixedByQuasiConfl);
      |                                 ^~~~~~~~~~~~~~
src/solver/Solver.cc:3826:35: warning: format specifies type 'unsigned long long' but the argument has type 'uint64_t' (aka 'unsigned long') [-Wformat]
 3825 |               printf("c nbHardens %d (fixed %llu), shorten: %llu, prunedLB %4.2f, dev %4.2f, succRate %4.2f, nbSucc %llu, lk: %llu, shorten: %llu, quasiC: %llu (fixed: %llu)\n\n",
      |                                                             ~~~~
      |                                                             %lu
 3826 |                      nbHardens, fixedByHardens, nbSavedLits, meanLB, dev, succRate, nbLKsuccess-savednbLKsuccess, LOOKAHEAD-savedLOOKAHEAD, nbSavedLits, quasiSoftConflicts, fixedByQuasiConfl);
      |                                                 ^~~~~~~~~~~
src/solver/Solver.cc:3826:71: warning: format specifies type 'unsigned long long' but the argument has type 'uint64_t' (aka 'unsigned long') [-Wformat]
 3825 |               printf("c nbHardens %d (fixed %llu), shorten: %llu, prunedLB %4.2f, dev %4.2f, succRate %4.2f, nbSucc %llu, lk: %llu, shorten: %llu, quasiC: %llu (fixed: %llu)\n\n",
      |                                                                                                                     ~~~~
      |                                                                                                                     %lu
 3826 |                      nbHardens, fixedByHardens, nbSavedLits, meanLB, dev, succRate, nbLKsuccess-savednbLKsuccess, LOOKAHEAD-savedLOOKAHEAD, nbSavedLits, quasiSoftConflicts, fixedByQuasiConfl);
      |                                                                                     ^~~~~~~~~~~~~~~~~~~~~~~~~~~~
src/solver/Solver.cc:3826:101: warning: format specifies type 'unsigned long long' but the argument has type 'uint64_t' (aka 'unsigned long') [-Wformat]
 3825 |               printf("c nbHardens %d (fixed %llu), shorten: %llu, prunedLB %4.2f, dev %4.2f, succRate %4.2f, nbSucc %llu, lk: %llu, shorten: %llu, quasiC: %llu (fixed: %llu)\n\n",
      |                                                                                                                               ~~~~
      |                                                                                                                               %lu
 3826 |                      nbHardens, fixedByHardens, nbSavedLits, meanLB, dev, succRate, nbLKsuccess-savednbLKsuccess, LOOKAHEAD-savedLOOKAHEAD, nbSavedLits, quasiSoftConflicts, fixedByQuasiConfl);
      |                                                                                                                   ^~~~~~~~~~~~~~~~~~~~~~~~
src/solver/Solver.cc:3826:127: warning: format specifies type 'unsigned long long' but the argument has type 'uint64_t' (aka 'unsigned long') [-Wformat]
 3825 |               printf("c nbHardens %d (fixed %llu), shorten: %llu, prunedLB %4.2f, dev %4.2f, succRate %4.2f, nbSucc %llu, lk: %llu, shorten: %llu, quasiC: %llu (fixed: %llu)\n\n",
      |                                                                                                                                              ~~~~
      |                                                                                                                                              %lu
 3826 |                      nbHardens, fixedByHardens, nbSavedLits, meanLB, dev, succRate, nbLKsuccess-savednbLKsuccess, LOOKAHEAD-savedLOOKAHEAD, nbSavedLits, quasiSoftConflicts, fixedByQuasiConfl);
      |                                                                                                                                             ^~~~~~~~~~~
src/solver/Solver.cc:3826:140: warning: format specifies type 'unsigned long long' but the argument has type 'uint64_t' (aka 'unsigned long') [-Wformat]
 3825 |               printf("c nbHardens %d (fixed %llu), shorten: %llu, prunedLB %4.2f, dev %4.2f, succRate %4.2f, nbSucc %llu, lk: %llu, shorten: %llu, quasiC: %llu (fixed: %llu)\n\n",
      |                                                                                                                                                            ~~~~
      |                                                                                                                                                            %lu
 3826 |                      nbHardens, fixedByHardens, nbSavedLits, meanLB, dev, succRate, nbLKsuccess-savednbLKsuccess, LOOKAHEAD-savedLOOKAHEAD, nbSavedLits, quasiSoftConflicts, fixedByQuasiConfl);
      |                                                                                                                                                          ^~~~~~~~~~~~~~~~~~
src/solver/Solver.cc:3826:160: warning: format specifies type 'unsigned long long' but the argument has type 'uint64_t' (aka 'unsigned long') [-Wformat]
 3825 |               printf("c nbHardens %d (fixed %llu), shorten: %llu, prunedLB %4.2f, dev %4.2f, succRate %4.2f, nbSucc %llu, lk: %llu, shorten: %llu, quasiC: %llu (fixed: %llu)\n\n",
      |                                                                                                                                                                         ~~~~
      |                                                                                                                                                                         %lu
 3826 |                      nbHardens, fixedByHardens, nbSavedLits, meanLB, dev, succRate, nbLKsuccess-savednbLKsuccess, LOOKAHEAD-savedLOOKAHEAD, nbSavedLits, quasiSoftConflicts, fixedByQuasiConfl);
      |                                                                                                                                                                              ^~~~~~~~~~~~~~~~~
src/solver/Solver.cc:4343:7: warning: variable 'nbfixed' set but not used [-Wunused-but-set-variable]
 4343 |   int nbfixed=0;
      |       ^
src/solver/Solver.cc:5089:50: warning: format specifies type 'unsigned long long' but the argument has type 'uint64_t' (aka 'unsigned long') [-Wformat]
 5088 |   printf("c nb soft clauses: %d, of which %d unit, %d nonUnit and %llu empty\n", 
      |                                                                   ~~~~
      |                                                                   %lu
 5089 |          softClauses.size(), nbUnitSoft, nbNonUnitSoft, solutionCost);
      |                                                         ^~~~~~~~~~~~
src/solver/Solver.cc:5239:55: warning: format specifies type 'unsigned long long' but the argument has type 'uint64_t' (aka 'unsigned long') [-Wformat]
 5239 |     printf("c   unsat soft clauses (search): %llu\n", bestSup);
      |                                              ~~~~     ^~~~~~~
      |                                              %lu
src/solver/Solver.cc:5240:59: warning: format specifies type 'unsigned long long' but the argument has type 'uint64_t' (aka 'unsigned long') [-Wformat]
 5240 |     printf("c   satisfied soft clauses (maxsat): %llu\n", maxsat);
      |                                                  ~~~~     ^~~~~~
      |                                                  %lu
src/solver/Solver.cc:5241:45: warning: format specifies type 'unsigned long long' but the argument has type 'uint64_t' (aka 'unsigned long') [-Wformat]
 5241 |     printf("c   total weight cost: %llu\n", optimal);
      |                                    ~~~~     ^~~~~~~
      |                                    %lu
src/solver/Solver.cc:5259:14: warning: format specifies type 'unsigned long long' but the argument has type 'uint64_t' (aka 'unsigned long') [-Wformat]
 5258 |     printf("c **** error nb of false soft clauses real nbfalse: %d, recorded falseLits: %llu****\n",
      |                                                                                         ~~~~
      |                                                                                         %lu
 5259 |            nbFalse, falseLits.size()+fixedCostBySearch+relaxedCost);
      |                     ^~~~~~~~~~~~~~~~~~~~~~~~~~~~~~~~~~~~~~~~~~~~~~
src/solver/Solver.cc:5513:53: warning: format specifies type 'unsigned long long' but the argument has type 'uint64_t' (aka 'unsigned long') [-Wformat]
 5513 |   printf("c isets %d, derivedCost %llu\n", nbIsets, derivedCost);
      |                                   ~~~~              ^~~~~~~~~~~
      |                                   %lu
src/solver/Solver.cc:5888:7: warning: variable 'nbfixed' set but not used [-Wunused-but-set-variable]
 5888 |   int nbfixed=0;
      |       ^
src/solver/Solver.cc:6204:70: warning: format specifies type 'unsigned long long' but the argument has type 'uint64_t' (aka 'unsigned long') [-Wformat]
 6204 |       printf("\nc Cardinality: off (soft-conflict only), UB %llu\n", UB);
      |                                                             ~~~~     ^~
      |                                                             %lu
src/solver/Solver.cc:6253:78: warning: format specifies type 'unsigned long long' but the argument has type 'uint64_t' (aka 'unsigned long') [-Wformat]
 6253 |   printf("\nc Cardinality: %d (%s) for UB %llu\n", cardinalityC.size(), enc, UB);
      |                                           ~~~~                               ^~
      |                                           %lu
src/solver/Solver.cc:6603:40: warning: format specifies type 'unsigned long long' but the argument has type 'uint64_t' (aka 'unsigned long') [-Wformat]
 6602 |     printf("c fixedCost %d, nbSatLits %d, totalFixedVars %d, objForSearch: %llu\n\n", 
      |                                                                            ~~~~
      |                                                                            %lu
 6603 |                 fixedCost, nbSatLits, trail.size(), objForSearch);
      |                                                     ^~~~~~~~~~~~
src/solver/Solver.cc:6631:34: warning: format specifies type 'unsigned long long' but the argument has type 'uint64_t' (aka 'unsigned long') [-Wformat]
 6631 |         printf("c provided UB: %llu\n", providedUB);
      |                                ~~~~     ^~~~~~~~~~
      |                                %lu
src/solver/Solver.cc:6634:123: warning: format specifies type 'unsigned long long' but the argument has type 'uint64_t' (aka 'unsigned long') [-Wformat]
 6634 |         printf("c provided UB is invalide: initUB %llu, solCost %llu, costbySearch %llu, derivedCost %llu, relaxedCost: %llu\n", initUB, solutionCost, fixedCostBySearch, derivedCost, relaxedCost);
      |                                                   ~~~~                                                                           ^~~~~~
      |                                                   %lu
src/solver/Solver.cc:6634:131: warning: format specifies type 'unsigned long long' but the argument has type 'uint64_t' (aka 'unsigned long') [-Wformat]
 6634 |         printf("c provided UB is invalide: initUB %llu, solCost %llu, costbySearch %llu, derivedCost %llu, relaxedCost: %llu\n", initUB, solutionCost, fixedCostBySearch, derivedCost, relaxedCost);
      |                                                                 ~~~~                                                                     ^~~~~~~~~~~~
      |                                                                 %lu
src/solver/Solver.cc:6634:145: warning: format specifies type 'unsigned long long' but the argument has type 'uint64_t' (aka 'unsigned long') [-Wformat]
 6634 |         printf("c provided UB is invalide: initUB %llu, solCost %llu, costbySearch %llu, derivedCost %llu, relaxedCost: %llu\n", initUB, solutionCost, fixedCostBySearch, derivedCost, relaxedCost);
      |                                                                                    ~~~~                                                                ^~~~~~~~~~~~~~~~~
      |                                                                                    %lu
src/solver/Solver.cc:6634:164: warning: format specifies type 'unsigned long long' but the argument has type 'uint64_t' (aka 'unsigned long') [-Wformat]
 6634 |         printf("c provided UB is invalide: initUB %llu, solCost %llu, costbySearch %llu, derivedCost %llu, relaxedCost: %llu\n", initUB, solutionCost, fixedCostBySearch, derivedCost, relaxedCost);
      |                                                                                                      ~~~~                                                                 ^~~~~~~~~~~
      |                                                                                                      %lu
src/solver/Solver.cc:6634:177: warning: format specifies type 'unsigned long long' but the argument has type 'uint64_t' (aka 'unsigned long') [-Wformat]
 6634 |         printf("c provided UB is invalide: initUB %llu, solCost %llu, costbySearch %llu, derivedCost %llu, relaxedCost: %llu\n", initUB, solutionCost, fixedCostBySearch, derivedCost, relaxedCost);
      |                                                                                                                         ~~~~                                                           ^~~~~~~~~~~
      |                                                                                                                         %lu
src/solver/Solver.cc:6657:7: warning: format specifies type 'unsigned long long' but the argument has type 'uint64_t' (aka 'unsigned long') [-Wformat]
 6656 |       printf("c ends of initiationization by VSIDS at %llu conflicts with init %d\n\n", 
      |                                                       ~~~~
      |                                                       %lu
 6657 |              conflicts, init); 
      |              ^~~~~~~~~
src/solver/Solver.cc:6687:18: warning: format specifies type 'unsigned long long' but the argument has type 'uint64_t' (aka 'unsigned long') [-Wformat]
 6686 |           printf("c VSIDS phase %d: conflicts %llu, phase %llu, starts %llu, UP %llu\n",
      |                                               ~~~~
      |                                               %lu
 6687 |                  nbVSIDSphase, conflicts-savedConfl, phase_allotment,
      |                                ^~~~~~~~~~~~~~~~~~~~
src/solver/Solver.cc:6687:40: warning: format specifies type 'unsigned long long' but the argument has type 'uint64_t' (aka 'unsigned long') [-Wformat]
 6686 |           printf("c VSIDS phase %d: conflicts %llu, phase %llu, starts %llu, UP %llu\n",
      |                                                           ~~~~
      |                                                           %lu
 6687 |                  nbVSIDSphase, conflicts-savedConfl, phase_allotment,
      |                                                      ^~~~~~~~~~~~~~~
src/solver/Solver.cc:6688:4: warning: format specifies type 'unsigned long long' but the argument has type 'uint64_t' (aka 'unsigned long') [-Wformat]
 6686 |           printf("c VSIDS phase %d: conflicts %llu, phase %llu, starts %llu, UP %llu\n",
      |                                                                        ~~~~
      |                                                                        %lu
 6687 |                  nbVSIDSphase, conflicts-savedConfl, phase_allotment,
 6688 |                  starts-savedRestarts, propagations-savedUP);
      |                  ^~~~~~~~~~~~~~~~~~~~
src/solver/Solver.cc:6688:26: warning: format specifies type 'unsigned long long' but the argument has type 'uint64_t' (aka 'unsigned long') [-Wformat]
 6686 |           printf("c VSIDS phase %d: conflicts %llu, phase %llu, starts %llu, UP %llu\n",
      |                                                                                 ~~~~
      |                                                                                 %lu
 6687 |                  nbVSIDSphase, conflicts-savedConfl, phase_allotment,
 6688 |                  starts-savedRestarts, propagations-savedUP);
      |                                        ^~~~~~~~~~~~~~~~~~~~
src/solver/Solver.cc:6693:16: warning: format specifies type 'unsigned long long' but the argument has type 'uint64_t' (aka 'unsigned long') [-Wformat]
 6692 |           printf("c LRB phase %d: conflicts %llu, phase %llu, starts %llu, UP %llu\n",
      |                                             ~~~~
      |                                             %lu
 6693 |                  nbLRBphase, conflicts-savedConfl, phase_allotment,
      |                              ^~~~~~~~~~~~~~~~~~~~
src/solver/Solver.cc:6693:38: warning: format specifies type 'unsigned long long' but the argument has type 'uint64_t' (aka 'unsigned long') [-Wformat]
 6692 |           printf("c LRB phase %d: conflicts %llu, phase %llu, starts %llu, UP %llu\n",
      |                                                         ~~~~
      |                                                         %lu
 6693 |                  nbLRBphase, conflicts-savedConfl, phase_allotment,
      |                                                    ^~~~~~~~~~~~~~~
src/solver/Solver.cc:6694:4: warning: format specifies type 'unsigned long long' but the argument has type 'uint64_t' (aka 'unsigned long') [-Wformat]
 6692 |           printf("c LRB phase %d: conflicts %llu, phase %llu, starts %llu, UP %llu\n",
      |                                                                      ~~~~
      |                                                                      %lu
 6693 |                  nbLRBphase, conflicts-savedConfl, phase_allotment,
 6694 |                  starts-savedRestarts, propagations-savedUP);
      |                  ^~~~~~~~~~~~~~~~~~~~
src/solver/Solver.cc:6694:26: warning: format specifies type 'unsigned long long' but the argument has type 'uint64_t' (aka 'unsigned long') [-Wformat]
 6692 |           printf("c LRB phase %d: conflicts %llu, phase %llu, starts %llu, UP %llu\n",
      |                                                                               ~~~~
      |                                                                               %lu
 6693 |                  nbLRBphase, conflicts-savedConfl, phase_allotment,
 6694 |                  starts-savedRestarts, propagations-savedUP);
      |                                        ^~~~~~~~~~~~~~~~~~~~
src/solver/Solver.cc:6740:9: warning: format specifies type 'unsigned long long' but the argument has type 'uint64_t' (aka 'unsigned long') [-Wformat]
 6739 |         printf("c UB=%llu fails, cnfls=%llu, hcnfls=%llu, core %d, tier2 %d, local %d, quasiC: %llu (fixed: %llu)\n",
      |                      ~~~~
      |                      %lu
 6740 |                UB, conflicts, conflicts-softConflicts, learnts_core.size(), learnts_tier2.size(), learnts_local.size(), quasiSoftConflicts, fixedByQuasiConfl);
      |                ^~
src/solver/Solver.cc:6740:13: warning: format specifies type 'unsigned long long' but the argument has type 'uint64_t' (aka 'unsigned long') [-Wformat]
 6739 |         printf("c UB=%llu fails, cnfls=%llu, hcnfls=%llu, core %d, tier2 %d, local %d, quasiC: %llu (fixed: %llu)\n",
      |                                        ~~~~
      |                                        %lu
 6740 |                UB, conflicts, conflicts-softConflicts, learnts_core.size(), learnts_tier2.size(), learnts_local.size(), quasiSoftConflicts, fixedByQuasiConfl);
      |                    ^~~~~~~~~
src/solver/Solver.cc:6740:24: warning: format specifies type 'unsigned long long' but the argument has type 'uint64_t' (aka 'unsigned long') [-Wformat]
 6739 |         printf("c UB=%llu fails, cnfls=%llu, hcnfls=%llu, core %d, tier2 %d, local %d, quasiC: %llu (fixed: %llu)\n",
      |                                                     ~~~~
      |                                                     %lu
 6740 |                UB, conflicts, conflicts-softConflicts, learnts_core.size(), learnts_tier2.size(), learnts_local.size(), quasiSoftConflicts, fixedByQuasiConfl);
      |                               ^~~~~~~~~~~~~~~~~~~~~~~
src/solver/Solver.cc:6740:114: warning: format specifies type 'unsigned long long' but the argument has type 'uint64_t' (aka 'unsigned long') [-Wformat]
 6739 |         printf("c UB=%llu fails, cnfls=%llu, hcnfls=%llu, core %d, tier2 %d, local %d, quasiC: %llu (fixed: %llu)\n",
      |                                                                                                ~~~~
      |                                                                                                %lu
 6740 |                UB, conflicts, conflicts-softConflicts, learnts_core.size(), learnts_tier2.size(), learnts_local.size(), quasiSoftConflicts, fixedByQuasiConfl);
      |                                                                                                                         ^~~~~~~~~~~~~~~~~~
src/solver/Solver.cc:6740:134: warning: format specifies type 'unsigned long long' but the argument has type 'uint64_t' (aka 'unsigned long') [-Wformat]
 6739 |         printf("c UB=%llu fails, cnfls=%llu, hcnfls=%llu, core %d, tier2 %d, local %d, quasiC: %llu (fixed: %llu)\n",
      |                                                                                                             ~~~~
      |                                                                                                             %lu
 6740 |                UB, conflicts, conflicts-softConflicts, learnts_core.size(), learnts_tier2.size(), learnts_local.size(), quasiSoftConflicts, fixedByQuasiConfl);
      |                                                                                                                                             ^~~~~~~~~~~~~~~~~
src/solver/Solver.cc:6743:9: warning: format specifies type 'unsigned long long' but the argument has type 'uint64_t' (aka 'unsigned long') [-Wformat]
 6741 |         printf("c prunedLB %4.2f, dev %4.2f, succRate %4.2f, nbSucc %llu, nbHardens %d (fixed %llu), lk: %llu, shorten: %llu, pureSo %d, nbFlyRd %d, nbFixedLH %llu\n",
      |                                                                     ~~~~
      |                                                                     %lu
 6742 |                meanLB, dev, succRate, 
 6743 |                nbLKsuccess-savednbLKsuccess, nbHardens, fixedByHardens, LOOKAHEAD-savedLOOKAHEAD, nbSavedLits, pureSoftConfl, nbFlyReduced, nbFixedByLH);
      |                ^~~~~~~~~~~~~~~~~~~~~~~~~~~~
src/solver/Solver.cc:6743:50: warning: format specifies type 'unsigned long long' but the argument has type 'uint64_t' (aka 'unsigned long') [-Wformat]
 6741 |         printf("c prunedLB %4.2f, dev %4.2f, succRate %4.2f, nbSucc %llu, nbHardens %d (fixed %llu), lk: %llu, shorten: %llu, pureSo %d, nbFlyRd %d, nbFixedLH %llu\n",
      |                                                                                               ~~~~
      |                                                                                               %lu
 6742 |                meanLB, dev, succRate, 
 6743 |                nbLKsuccess-savednbLKsuccess, nbHardens, fixedByHardens, LOOKAHEAD-savedLOOKAHEAD, nbSavedLits, pureSoftConfl, nbFlyReduced, nbFixedByLH);
      |                                                         ^~~~~~~~~~~~~~
src/solver/Solver.cc:6743:66: warning: format specifies type 'unsigned long long' but the argument has type 'uint64_t' (aka 'unsigned long') [-Wformat]
 6741 |         printf("c prunedLB %4.2f, dev %4.2f, succRate %4.2f, nbSucc %llu, nbHardens %d (fixed %llu), lk: %llu, shorten: %llu, pureSo %d, nbFlyRd %d, nbFixedLH %llu\n",
      |                                                                                                          ~~~~
      |                                                                                                          %lu
 6742 |                meanLB, dev, succRate, 
 6743 |                nbLKsuccess-savednbLKsuccess, nbHardens, fixedByHardens, LOOKAHEAD-savedLOOKAHEAD, nbSavedLits, pureSoftConfl, nbFlyReduced, nbFixedByLH);
      |                                                                         ^~~~~~~~~~~~~~~~~~~~~~~~
src/solver/Solver.cc:6743:92: warning: format specifies type 'unsigned long long' but the argument has type 'uint64_t' (aka 'unsigned long') [-Wformat]
 6741 |         printf("c prunedLB %4.2f, dev %4.2f, succRate %4.2f, nbSucc %llu, nbHardens %d (fixed %llu), lk: %llu, shorten: %llu, pureSo %d, nbFlyRd %d, nbFixedLH %llu\n",
      |                                                                                                                         ~~~~
      |                                                                                                                         %lu
 6742 |                meanLB, dev, succRate, 
 6743 |                nbLKsuccess-savednbLKsuccess, nbHardens, fixedByHardens, LOOKAHEAD-savedLOOKAHEAD, nbSavedLits, pureSoftConfl, nbFlyReduced, nbFixedByLH);
      |                                                                                                   ^~~~~~~~~~~
src/solver/Solver.cc:6743:134: warning: format specifies type 'unsigned long long' but the argument has type 'uint64_t' (aka 'unsigned long') [-Wformat]
 6741 |         printf("c prunedLB %4.2f, dev %4.2f, succRate %4.2f, nbSucc %llu, nbHardens %d (fixed %llu), lk: %llu, shorten: %llu, pureSo %d, nbFlyRd %d, nbFixedLH %llu\n",
      |                                                                                                                                                                ~~~~
      |                                                                                                                                                                %lu
 6742 |                meanLB, dev, succRate, 
 6743 |                nbLKsuccess-savednbLKsuccess, nbHardens, fixedByHardens, LOOKAHEAD-savedLOOKAHEAD, nbSavedLits, pureSoftConfl, nbFlyReduced, nbFixedByLH);
      |                                                                                                                                             ^~~~~~~~~~~
src/solver/Solver.cc:6770:9: warning: format specifies type 'unsigned long long' but the argument has type 'uint64_t' (aka 'unsigned long') [-Wformat]
 6769 |         printf("c UB=%llu succ, confls=%llu and hconfls=%llu with %d soft clauses unsat (%d at level 0) and %d fixed vars at level 0,  prunedLB %4.2f, dev %4.2f, succRate %4.2f, nbSucc %llu, shortened : %llu\n",
      |                      ~~~~
      |                      %lu
 6770 |                UB, conflicts, conflicts-softConflicts, falseLits.size(), nbFalses, nbFixeds,  
      |                ^~
src/solver/Solver.cc:6770:13: warning: format specifies type 'unsigned long long' but the argument has type 'uint64_t' (aka 'unsigned long') [-Wformat]
 6769 |         printf("c UB=%llu succ, confls=%llu and hconfls=%llu with %d soft clauses unsat (%d at level 0) and %d fixed vars at level 0,  prunedLB %4.2f, dev %4.2f, succRate %4.2f, nbSucc %llu, shortened : %llu\n",
      |                                        ~~~~
      |                                        %lu
 6770 |                UB, conflicts, conflicts-softConflicts, falseLits.size(), nbFalses, nbFixeds,  
      |                    ^~~~~~~~~
src/solver/Solver.cc:6770:24: warning: format specifies type 'unsigned long long' but the argument has type 'uint64_t' (aka 'unsigned long') [-Wformat]
 6769 |         printf("c UB=%llu succ, confls=%llu and hconfls=%llu with %d soft clauses unsat (%d at level 0) and %d fixed vars at level 0,  prunedLB %4.2f, dev %4.2f, succRate %4.2f, nbSucc %llu, shortened : %llu\n",
      |                                                         ~~~~
      |                                                         %lu
 6770 |                UB, conflicts, conflicts-softConflicts, falseLits.size(), nbFalses, nbFixeds,  
      |                               ^~~~~~~~~~~~~~~~~~~~~~~
src/solver/Solver.cc:6771:32: warning: format specifies type 'unsigned long long' but the argument has type 'uint64_t' (aka 'unsigned long') [-Wformat]
 6769 |         printf("c UB=%llu succ, confls=%llu and hconfls=%llu with %d soft clauses unsat (%d at level 0) and %d fixed vars at level 0,  prunedLB %4.2f, dev %4.2f, succRate %4.2f, nbSucc %llu, shortened : %llu\n",
      |                                                                                                                                                                                          ~~~~
      |                                                                                                                                                                                          %lu
 6770 |                UB, conflicts, conflicts-softConflicts, falseLits.size(), nbFalses, nbFixeds,  
 6771 |                meanLB, dev, succRate, nbLKsuccess, nbSavedLits);
      |                                       ^~~~~~~~~~~
src/solver/Solver.cc:6771:45: warning: format specifies type 'unsigned long long' but the argument has type 'uint64_t' (aka 'unsigned long') [-Wformat]
 6769 |         printf("c UB=%llu succ, confls=%llu and hconfls=%llu with %d soft clauses unsat (%d at level 0) and %d fixed vars at level 0,  prunedLB %4.2f, dev %4.2f, succRate %4.2f, nbSucc %llu, shortened : %llu\n",
      |                                                                                                                                                                                                            ~~~~
      |                                                                                                                                                                                                            %lu
 6770 |                UB, conflicts, conflicts-softConflicts, falseLits.size(), nbFalses, nbFixeds,  
 6771 |                meanLB, dev, succRate, nbLKsuccess, nbSavedLits);
      |                                                    ^~~~~~~~~~~
src/solver/Solver.cc:6806:60: warning: format specifies type 'unsigned long long' but the argument has type 'uint64_t' (aka 'unsigned long') [-Wformat]
 6806 |       else printf("c error UB %llu, inf %llu, sup %llu\n", UB, inf, sup);
      |                               ~~~~                         ^~
      |                               %lu
src/solver/Solver.cc:6806:64: warning: format specifies type 'unsigned long long' but the argument has type 'uint64_t' (aka 'unsigned long') [-Wformat]
 6806 |       else printf("c error UB %llu, inf %llu, sup %llu\n", UB, inf, sup);
      |                                         ~~~~                   ^~~
      |                                         %lu
src/solver/Solver.cc:6806:69: warning: format specifies type 'unsigned long long' but the argument has type 'uint64_t' (aka 'unsigned long') [-Wformat]
 6806 |       else printf("c error UB %llu, inf %llu, sup %llu\n", UB, inf, sup);
      |                                                   ~~~~              ^~~
      |                                                   %lu
src/solver/Solver.cc:6828:63: warning: format specifies type 'unsigned long long' but the argument has type 'uint64_t' (aka 'unsigned long') [-Wformat]
 6828 |       printf("c no feasible solution, hardConflicts: %llu\n", conflicts - softConflicts);
      |                                                      ~~~~     ^~~~~~~~~~~~~~~~~~~~~~~~~
      |                                                      %lu
src/solver/Solver.cc:6832:7: warning: format specifies type 'unsigned long long' but the argument has type 'uint64_t' (aka 'unsigned long') [-Wformat]
 6831 |       printf("c initCost: %llu, fixedBySearch: %llu, optimal: %llu, maxsat: %llu, hardConflicts: %llu\n",
      |                           ~~~~
      |                           %lu
 6832 |              solutionCost, fixedCostBySearch, 
      |              ^~~~~~~~~~~~
src/solver/Solver.cc:6832:21: warning: format specifies type 'unsigned long long' but the argument has type 'uint64_t' (aka 'unsigned long') [-Wformat]
 6831 |       printf("c initCost: %llu, fixedBySearch: %llu, optimal: %llu, maxsat: %llu, hardConflicts: %llu\n",
      |                                                ~~~~
      |                                                %lu
 6832 |              solutionCost, fixedCostBySearch, 
      |                            ^~~~~~~~~~~~~~~~~
src/solver/Solver.cc:6833:7: warning: format specifies type 'unsigned long long' but the argument has type 'uint64_t' (aka 'unsigned long') [-Wformat]
 6831 |       printf("c initCost: %llu, fixedBySearch: %llu, optimal: %llu, maxsat: %llu, hardConflicts: %llu\n",
      |                                                               ~~~~
      |                                                               %lu
 6832 |              solutionCost, fixedCostBySearch, 
 6833 |              lastOptimalCost, 
      |              ^~~~~~~~~~~~~~~
src/solver/Solver.cc:6834:7: warning: format specifies type 'unsigned long long' but the argument has type 'uint64_t' (aka 'unsigned long') [-Wformat]
 6831 |       printf("c initCost: %llu, fixedBySearch: %llu, optimal: %llu, maxsat: %llu, hardConflicts: %llu\n",
      |                                                                             ~~~~
      |                                                                             %lu
 6832 |              solutionCost, fixedCostBySearch, 
 6833 |              lastOptimalCost, 
 6834 |              objForSearch-sup + nbSatLits, conflicts - softConflicts);
      |              ^~~~~~~~~~~~~~~~~~~~~~~~~~~~
src/solver/Solver.cc:6834:37: warning: format specifies type 'unsigned long long' but the argument has type 'uint64_t' (aka 'unsigned long') [-Wformat]
 6831 |       printf("c initCost: %llu, fixedBySearch: %llu, optimal: %llu, maxsat: %llu, hardConflicts: %llu\n",
      |                                                                                                  ~~~~
      |                                                                                                  %lu
 6832 |              solutionCost, fixedCostBySearch, 
 6833 |              lastOptimalCost, 
 6834 |              objForSearch-sup + nbSatLits, conflicts - softConflicts);
      |                                            ^~~~~~~~~~~~~~~~~~~~~~~~~
src/solver/Solver.cc:6837:5: warning: format specifies type 'unsigned long long' but the argument has type 'uint64_t' (aka 'unsigned long') [-Wformat]
 6836 |     printf("c nbLK: %llu, nbSuccLK: %llu(%4.2f%%), nbLKup: %llu(%4.2f%%), hardens %u (fixed %llu), dynVars %d, shorten: %llu\n", 
      |                     ~~~~
      |                     %lu
 6837 |            LOOKAHEAD, nbLKsuccess, 100.0*nbLKsuccess/LOOKAHEAD, lk_propagations, 
      |            ^~~~~~~~~
src/solver/Solver.cc:6837:16: warning: format specifies type 'unsigned long long' but the argument has type 'uint64_t' (aka 'unsigned long') [-Wformat]
 6836 |     printf("c nbLK: %llu, nbSuccLK: %llu(%4.2f%%), nbLKup: %llu(%4.2f%%), hardens %u (fixed %llu), dynVars %d, shorten: %llu\n", 
      |                                     ~~~~
      |                                     %lu
 6837 |            LOOKAHEAD, nbLKsuccess, 100.0*nbLKsuccess/LOOKAHEAD, lk_propagations, 
      |                       ^~~~~~~~~~~
src/solver/Solver.cc:6837:58: warning: format specifies type 'unsigned long long' but the argument has type 'uint64_t' (aka 'unsigned long') [-Wformat]
 6836 |     printf("c nbLK: %llu, nbSuccLK: %llu(%4.2f%%), nbLKup: %llu(%4.2f%%), hardens %u (fixed %llu), dynVars %d, shorten: %llu\n", 
      |                                                            ~~~~
      |                                                            %lu
 6837 |            LOOKAHEAD, nbLKsuccess, 100.0*nbLKsuccess/LOOKAHEAD, lk_propagations, 
      |                                                                 ^~~~~~~~~~~~~~~
src/solver/Solver.cc:6838:52: warning: format specifies type 'unsigned long long' but the argument has type 'uint64_t' (aka 'unsigned long') [-Wformat]
 6836 |     printf("c nbLK: %llu, nbSuccLK: %llu(%4.2f%%), nbLKup: %llu(%4.2f%%), hardens %u (fixed %llu), dynVars %d, shorten: %llu\n", 
      |                                                                                             ~~~~
      |                                                                                             %lu
 6837 |            LOOKAHEAD, nbLKsuccess, 100.0*nbLKsuccess/LOOKAHEAD, lk_propagations, 
 6838 |            100.0*lk_propagations/propagations, nbHardens, fixedByHardens, nVars()-staticNbVars, nbSavedLits);
      |                                                           ^~~~~~~~~~~~~~
src/solver/Solver.cc:6838:90: warning: format specifies type 'unsigned long long' but the argument has type 'uint64_t' (aka 'unsigned long') [-Wformat]
 6836 |     printf("c nbLK: %llu, nbSuccLK: %llu(%4.2f%%), nbLKup: %llu(%4.2f%%), hardens %u (fixed %llu), dynVars %d, shorten: %llu\n", 
      |                                                                                                                         ~~~~
      |                                                                                                                         %lu
 6837 |            LOOKAHEAD, nbLKsuccess, 100.0*nbLKsuccess/LOOKAHEAD, lk_propagations, 
 6838 |            100.0*lk_propagations/propagations, nbHardens, fixedByHardens, nVars()-staticNbVars, nbSavedLits);
      |                                                                                                 ^~~~~~~~~~~
96 warnings generated.
