OK  BB_1080_4_54 card-sinz TIMEOUT None 60.039 | TIMEOUT None 60.03 []
OK  BB_1080_4_54 no-card TIMEOUT None 60.039 | TIMEOUT None 60.042 []
OK  BB_1080_4_54 card-mto TIMEOUT None 60.042 | TIMEOUT None 60.044 []
OK  BB_1080_4_54 default TIMEOUT None 60.039 | TIMEOUT None 60.046 []
OK  BB_108_8_10 no-card done 10 4.52 | done 10 1.301 []
OK  BB_108_8_10 card-mto done 10 5.915 | done 10 1.502 []
OK  BB_108_8_10 default done 10 6.033 | done 10 1.527 []
OK  BB_108_8_10 card-sinz done 10 6.488 | done 10 1.884 []
OK  BB_144_12_12 no-card done 12 35.888 | done 12 5.9 []
OK  BB_144_12_12 default done 12 43.356 | done 12 7.816 []
OK  BB_144_12_12 card-mto done 12 44.022 | done 12 7.796 []
OK  BB_144_12_12 card-sinz TIMEOUT None 60.02 | done 12 9.767 []
OK  BB_144_14_14 default TIMEOUT None 60.017 | TIMEOUT None 60.025 []
OK  BB_144_14_14 no-card TIMEOUT None 60.021 | TIMEOUT None 60.023 []
OK  BB_144_14_14 card-mto TIMEOUT None 60.023 | TIMEOUT None 60.02 []
OK  BB_144_14_14 card-sinz TIMEOUT None 60.05 | TIMEOUT None 60.026 []
OK  BB_288_12_unknown default TIMEOUT None 60.027 | TIMEOUT None 60.02 []
OK  BB_288_12_unknown no-card TIMEOUT None 60.023 | TIMEOUT None 60.019 []
OK  BB_288_12_unknown card-mto TIMEOUT None 60.022 | TIMEOUT None 60.02 []
OK  BB_288_12_unknown card-sinz TIMEOUT None 60.019 | TIMEOUT None 60.022 []
OK  BB_360_12_unknown default TIMEOUT None 60.022 | TIMEOUT None 60.029 []
OK  BB_72_12_6 default done 6 0.101 | done 6 0.106 []
OK  BB_72_12_6 no-card done 6 0.092 | done 6 0.062 []
OK  BB_72_12_6 card-mto done 6 0.141 | done 6 0.092 []
OK  BB_72_12_6 card-sinz done 6 0.121 | done 6 0.071 []
OK  BB_360_12_unknown no-card TIMEOUT None 60.027 | TIMEOUT None 60.028 []
OK  BB_360_12_unknown card-mto TIMEOUT None 60.025 | TIMEOUT None 60.017 []
OK  BB_360_12_unknown card-sinz TIMEOUT None 60.027 | TIMEOUT None 60.027 []
OK  BB_756_16_34 default TIMEOUT None 60.028 | TIMEOUT None 60.037 []
OK  BB_756_16_34 no-card TIMEOUT None 60.026 | TIMEOUT None 60.034 []
OK  BB_756_16_34 card-mto TIMEOUT None 60.029 | TIMEOUT None 60.026 []
OK  BB_756_16_34 card-sinz TIMEOUT None 60.024 | TIMEOUT None 60.032 []
OK  BB_864_4_40 default TIMEOUT None 60.028 | TIMEOUT None 60.033 []
OK  BB_90_8_10 default done 10 4.854 | done 10 1.692 []
OK  BB_864_4_40 no-card TIMEOUT None 60.031 | TIMEOUT None 60.023 []
OK  BB_864_4_40 card-mto TIMEOUT None 60.028 | TIMEOUT None 60.039 []
OK  BB_90_8_10 no-card done 10 3.723 | done 10 1.686 []
OK  BB_90_8_10 card-mto done 10 4.335 | done 10 1.377 []
OK  BB_90_8_10 card-sinz done 10 5.078 | done 10 1.762 []
OK  BB_864_4_40 card-sinz TIMEOUT None 60.03 | TIMEOUT None 60.035 []
OK  GB_144_12_12 default TIMEOUT None 60.024 | TIMEOUT None 60.018 []
OK  GB_144_12_12 no-card TIMEOUT None 60.02 | TIMEOUT None 60.024 []
OK  GB_144_12_8 default done 8 1.933 | done 8 0.433 []
OK  GB_144_12_8 no-card done 8 1.554 | done 8 0.233 []
OK  GB_144_12_12 card-mto TIMEOUT None 60.025 | TIMEOUT None 60.019 []
OK  GB_144_12_8 card-mto done 8 1.942 | done 8 0.415 []
OK  LP_136_32_4 default done 4 0.327 | done 4 0.203 []
OK  LP_136_32_4 no-card done 4 0.219 | done 4 0.131 []
OK  LP_136_32_4 card-mto done 4 0.324 | done 4 0.201 []
OK  GB_144_12_8 card-sinz done 8 2.465 | done 8 0.382 []
OK  LP_136_32_4 card-sinz done 4 0.251 | done 4 0.141 []
OK  GB_144_12_12 card-sinz TIMEOUT None 60.02 | TIMEOUT None 60.027 []
OK  LP_1768_224_unknown default TIMEOUT None 60.076 | TIMEOUT None 60.07 []
OK  LP_1768_224_unknown no-card TIMEOUT None 60.07 | TIMEOUT None 60.072 []
OK  LP_1768_224_unknown card-mto TIMEOUT None 60.071 | TIMEOUT None 60.06 []
OK  LP_238_44_6 no-card done 6 3.017 | done 6 1.438 []
OK  LP_238_44_6 default done 6 3.587 | done 6 1.274 []
OK  LP_238_44_6 card-mto done 6 3.658 | done 6 1.279 []
OK  LP_238_44_6 card-sinz done 6 4.128 | done 6 1.316 []
OK  LP_1768_224_unknown card-sinz TIMEOUT None 60.056 | TIMEOUT None 60.081 []
OK  LP_340_56_8 no-card TIMEOUT None 60.02 | done 8 7.871 []
OK  LP_34_20_2 default done 2 0.02 | done 2 0.019 []
OK  LP_34_20_2 no-card done 2 0.019 | done 2 0.021 []
OK  LP_34_20_2 card-mto done 2 0.02 | done 2 0.031 []
OK  LP_34_20_2 card-sinz done 2 0.02 | done 2 0.021 []
OK  LP_340_56_8 default TIMEOUT None 60.028 | done 8 8.467 []
OK  LP_340_56_8 card-mto TIMEOUT None 60.028 | done 8 8.375 []
OK  LP_340_56_8 card-sinz TIMEOUT None 60.029 | done 8 10.934 []
OK  LP_442_68_10 default TIMEOUT None 60.029 | TIMEOUT None 60.026 []
OK  LP_442_68_10 no-card TIMEOUT None 60.025 | TIMEOUT None 60.028 []
OK  LP_442_68_10 card-mto TIMEOUT None 60.026 | TIMEOUT None 60.023 []
OK  LP_442_68_10 card-sinz TIMEOUT None 60.018 | TIMEOUT None 60.026 []
OK  LP_544_80_12 default TIMEOUT None 60.025 | TIMEOUT None 60.035 []
OK  LP_544_80_12 no-card TIMEOUT None 60.028 | TIMEOUT None 60.024 []
OK  LP_544_80_12 card-mto TIMEOUT None 60.027 | TIMEOUT None 60.03 []
OK  LP_544_80_12 card-sinz TIMEOUT None 60.028 | TIMEOUT None 60.031 []
OK  LP_714_100_unknown default TIMEOUT None 60.034 | TIMEOUT None 60.041 []
OK  LP_714_100_unknown no-card TIMEOUT None 60.03 | TIMEOUT None 60.026 []
OK  LP_714_100_unknown card-mto TIMEOUT None 60.033 | TIMEOUT None 60.03 []
OK  LP_714_100_unknown card-sinz TIMEOUT None 60.03 | TIMEOUT None 60.023 []
OK  PK_31 default TIMEOUT None 60.051 | TIMEOUT None 60.043 []
OK  PK_31 no-card TIMEOUT None 60.05 | TIMEOUT None 60.036 []
OK  PK_31 card-mto TIMEOUT None 60.049 | TIMEOUT None 60.05 []
OK  PK_31 card-sinz TIMEOUT None 60.05 | TIMEOUT None 60.038 []
OK  TN_108_2_12 default TIMEOUT None 60.021 | done 12 34.61 []
OK  TN_108_2_12 no-card done 12 59.595 | done 12 36.097 []
OK  TN_108_2_12 card-mto TIMEOUT None 60.025 | done 12 35.219 []
OK  TN_108_2_12 card-sinz TIMEOUT None 60.022 | done 12 40.126 []
OK  TN_144_2_13 default TIMEOUT None 60.016 | TIMEOUT None 60.023 []
OK  TN_144_2_13 no-card TIMEOUT None 60.027 | TIMEOUT None 60.02 []
OK  TN_144_2_13 card-mto TIMEOUT None 60.026 | TIMEOUT None 60.017 []
OK  TN_144_2_13 card-sinz TIMEOUT None 60.027 | TIMEOUT None 60.019 []
OK  TN_180_2_17 default TIMEOUT None 60.014 | TIMEOUT None 60.026 []
OK  TN_180_2_17 no-card TIMEOUT None 60.025 | TIMEOUT None 60.016 []
OK  TN_180_2_17 card-mto TIMEOUT None 60.019 | TIMEOUT None 60.023 []
OK  TN_180_2_17 card-sinz TIMEOUT None 60.021 | TIMEOUT None 60.016 []
OK  TN_200_10_10 default TIMEOUT None 60.022 | done 10 17.397 []
OK  TN_200_10_10 card-mto TIMEOUT None 60.026 | done 10 16.915 []
OK  TN_200_10_10 no-card done 10 35.349 | TIMEOUT None 60.022 []
OK  TN_200_10_10 card-sinz TIMEOUT None 60.021 | done 10 33.379 []
OK  TN_216_4_18 default TIMEOUT None 60.028 | TIMEOUT None 60.023 []
OK  TN_216_4_18 no-card TIMEOUT None 60.027 | TIMEOUT None 60.03 []
OK  TN_216_4_18 card-mto TIMEOUT None 60.018 | TIMEOUT None 60.023 []
OK  TN_216_4_18 card-sinz TIMEOUT None 60.022 | TIMEOUT None 60.026 []
OK  TN_250_10_15 default TIMEOUT None 60.026 | TIMEOUT None 60.029 []
OK  TN_250_10_15 no-card TIMEOUT None 60.021 | TIMEOUT None 60.023 []
OK  TN_250_10_15 card-mto TIMEOUT None 60.024 | TIMEOUT None 60.018 []
OK  TN_250_10_15 card-sinz TIMEOUT None 60.02 | TIMEOUT None 60.029 []
OK  TN_252_2_21 default TIMEOUT None 60.025 | TIMEOUT None 60.023 []
OK  TN_252_2_21 no-card TIMEOUT None 60.018 | TIMEOUT None 60.015 []
OK  TN_252_2_21 card-mto TIMEOUT None 60.022 | TIMEOUT None 60.026 []
OK  TN_252_2_21 card-sinz TIMEOUT None 60.025 | TIMEOUT None 60.023 []
OK  TN_288_2_24 default TIMEOUT None 60.02 | TIMEOUT None 60.022 []
OK  TN_288_2_24 no-card TIMEOUT None 60.028 | TIMEOUT None 60.017 []
OK  TN_288_2_24 card-mto TIMEOUT None 60.021 | TIMEOUT None 60.021 []
OK  TN_288_2_24 card-sinz TIMEOUT None 60.025 | TIMEOUT None 60.024 []
OK  TN_324_4_25 default TIMEOUT None 60.022 | TIMEOUT None 60.022 []
OK  TN_324_4_25 no-card TIMEOUT None 60.022 | TIMEOUT None 60.021 []
OK  TN_324_4_25 card-mto TIMEOUT None 60.022 | TIMEOUT None 60.018 []
OK  TN_324_4_25 card-sinz TIMEOUT None 60.018 | TIMEOUT None 60.026 []
OK  TN_360_4_24 default TIMEOUT None 60.017 | TIMEOUT None 60.022 []
OK  TN_36_8_3 default done 3 0.033 | done 3 0.031 []
OK  TN_36_8_3 no-card done 3 0.021 | done 3 0.031 []
OK  TN_36_8_3 card-mto done 3 0.021 | done 3 0.029 []
OK  TN_36_8_3 card-sinz done 3 0.022 | done 3 0.031 []
OK  TN_36_8_4 default done 4 0.04 | done 4 0.039 []
OK  TN_36_8_4 no-card done 4 0.049 | done 4 0.041 []
OK  TN_36_8_4 card-mto done 4 0.06 | done 4 0.031 []
OK  TN_36_8_4 card-sinz done 4 0.031 | done 4 0.02 []
OK  TN_360_4_24 no-card TIMEOUT None 60.022 | TIMEOUT None 60.014 []
OK  TN_360_4_24 card-mto TIMEOUT None 60.028 | TIMEOUT None 60.019 []
OK  TN_360_4_24 card-sinz TIMEOUT None 60.027 | TIMEOUT None 60.025 []
OK  TN_396_4_26 default TIMEOUT None 60.017 | TIMEOUT None 60.03 []
OK  TN_396_4_26 no-card TIMEOUT None 60.028 | TIMEOUT None 60.027 []
OK  TN_396_4_26 card-mto TIMEOUT None 60.032 | TIMEOUT None 60.021 []
OK  TN_396_4_26 card-sinz TIMEOUT None 60.025 | TIMEOUT None 60.026 []
OK  TN_432_8_33 default TIMEOUT None 60.024 | TIMEOUT None 60.028 []
OK  TN_432_8_33 no-card TIMEOUT None 60.027 | TIMEOUT None 60.027 []
OK  TN_432_8_33 card-mto TIMEOUT None 60.027 | TIMEOUT None 60.027 []
OK  TN_432_8_33 card-sinz TIMEOUT None 60.032 | TIMEOUT None 60.023 []
OK  TN_468_4_31 default TIMEOUT None 60.029 | TIMEOUT None 60.026 []
OK  TN_468_4_31 no-card TIMEOUT None 60.028 | TIMEOUT None 60.018 []
OK  TN_468_4_31 card-mto TIMEOUT None 60.022 | TIMEOUT None 60.029 []
OK  TN_468_4_31 card-sinz TIMEOUT None 60.03 | TIMEOUT None 60.029 []
OK  TN_496_2_32 default TIMEOUT None 60.025 | TIMEOUT None 60.025 []
OK  TN_496_2_32 no-card TIMEOUT None 60.023 | TIMEOUT None 60.027 []
OK  TN_496_2_32 card-mto TIMEOUT None 60.02 | TIMEOUT None 60.027 []
OK  TN_496_2_32 card-sinz TIMEOUT None 60.029 | TIMEOUT None 60.024 []
OK  TN_504_2_45 default TIMEOUT None 60.02 | TIMEOUT None 60.032 []
OK  TN_504_2_45 no-card TIMEOUT None 60.033 | TIMEOUT None 60.031 []
OK  TN_504_2_45 card-mto TIMEOUT None 60.023 | TIMEOUT None 60.024 []
OK  TN_504_2_45 card-sinz TIMEOUT None 60.026 | TIMEOUT None 60.026 []
OK  TN_540_4_40 default TIMEOUT None 60.025 | TIMEOUT None 60.028 []
OK  TN_54_11_4 default done 4 0.053 | done 4 0.059 []
OK  TN_54_11_4 no-card done 4 0.031 | done 4 0.042 []
OK  TN_54_11_4 card-mto done 4 0.051 | done 4 0.042 []
OK  TN_54_11_4 card-sinz done 4 0.061 | done 4 0.052 []
OK  TN_540_4_40 no-card TIMEOUT None 60.018 | TIMEOUT None 60.032 []
OK  TN_540_4_40 card-mto TIMEOUT None 60.02 | TIMEOUT None 60.024 []
OK  TN_540_4_40 card-sinz TIMEOUT None 60.03 | TIMEOUT None 60.035 []
OK  TN_576_2_57 default TIMEOUT None 60.032 | TIMEOUT None 60.032 []
OK  TN_576_2_57 no-card TIMEOUT None 60.027 | TIMEOUT None 60.023 []
OK  TN_576_2_57 card-mto TIMEOUT None 60.032 | TIMEOUT None 60.025 []
OK  TN_576_2_57 card-sinz TIMEOUT None 60.033 | TIMEOUT None 60.033 []
OK  TN_576_2_59 default TIMEOUT None 60.025 | TIMEOUT None 60.028 []
OK  TN_576_2_59 no-card TIMEOUT None 60.026 | TIMEOUT None 60.023 []
OK  TN_576_2_59 card-mto TIMEOUT None 60.029 | TIMEOUT None 60.029 []
OK  TN_576_2_59 card-sinz TIMEOUT None 60.029 | TIMEOUT None 60.025 []
OK  TN_612_2_52 default TIMEOUT None 60.028 | TIMEOUT None 60.026 []
OK  TN_612_2_52 no-card TIMEOUT None 60.031 | TIMEOUT None 60.032 []
OK  TN_612_2_52 card-mto TIMEOUT None 60.034 | TIMEOUT None 60.03 []
OK  TN_612_2_52 card-sinz TIMEOUT None 60.024 | TIMEOUT None 60.031 []
OK  TN_648_10_71 default TIMEOUT None 60.033 | TIMEOUT None 60.032 []
OK  TN_648_10_71 no-card TIMEOUT None 60.029 | TIMEOUT None 60.024 []
OK  TN_648_10_71 card-mto TIMEOUT None 60.035 | TIMEOUT None 60.033 []
OK  TN_648_10_71 card-sinz TIMEOUT None 60.027 | TIMEOUT None 60.029 []
OK  TN_648_14_50 default TIMEOUT None 60.035 | TIMEOUT None 60.027 []
OK  TN_648_14_50 no-card TIMEOUT None 60.027 | TIMEOUT None 60.019 []
OK  TN_648_14_50 card-mto TIMEOUT None 60.024 | TIMEOUT None 60.02 []
OK  TN_648_14_50 card-sinz TIMEOUT None 60.032 | TIMEOUT None 60.022 []
OK  TN_684_2_29 default TIMEOUT None 60.023 | TIMEOUT None 60.03 []
OK  TN_72_14_4 default done 4 0.071 | done 4 0.079 []
OK  TN_72_14_4 no-card done 4 0.06 | done 4 0.061 []
OK  TN_72_14_4 card-mto done 4 0.058 | done 4 0.082 []
OK  TN_72_14_4 card-sinz done 4 0.1 | done 4 0.04 []
OK  TN_72_8_8 default done 8 1.65 | done 8 0.867 []
OK  TN_684_2_29 no-card TIMEOUT None 60.028 | TIMEOUT None 60.034 []
OK  TN_72_8_8 no-card done 8 1.327 | done 8 0.705 []
OK  TN_72_8_8 card-mto done 8 1.36 | done 8 0.681 []
OK  TN_72_8_8 card-sinz done 8 1.061 | done 8 0.627 []
OK  TN_684_2_29 card-mto TIMEOUT None 60.029 | TIMEOUT None 60.032 []
OK  TN_684_2_29 card-sinz TIMEOUT None 60.038 | TIMEOUT None 60.036 []
OK  xu_30 default TIMEOUT None 60.036 | TIMEOUT None 60.042 []
OK  xu_30 no-card TIMEOUT None 60.039 | TIMEOUT None 60.027 []
OK  xu_30 card-mto TIMEOUT None 60.028 | TIMEOUT None 60.047 []
OK  xu_30 card-sinz TIMEOUT None 60.033 | TIMEOUT None 60.039 []
OK  xu_42 default TIMEOUT None 60.059 | TIMEOUT None 60.048 []
OK  xu_42 no-card TIMEOUT None 60.06 | TIMEOUT None 60.046 []
OK  xu_42 card-mto TIMEOUT None 60.053 | TIMEOUT None 60.06 []
OK  xu_42 card-sinz TIMEOUT None 60.054 | TIMEOUT None 60.06 []
{"both_done": 52, "only_cand_done": 11, "only_base_done": 1, "problems": 0} ALL_OK
