0000.gate.BB_144_14_14.no-card.0.baseline 49.551s o 14 load=1.39
0001.gate.BB_144_14_14.no-card.0.candidate 58.602s o 14 load=1.80
0002.gate.BB_144_14_14.no-card.1.candidate 57.612s o 14 load=2.02
0003.gate.BB_144_14_14.no-card.1.baseline 49.013s o 14 load=1.58
0004.gate.BB_144_14_14.no-card.2.baseline 48.976s o 14 load=1.49
0005.gate.BB_144_14_14.no-card.2.candidate 57.103s o 14 load=1.45
0006.gate.BB_144_14_14.card-mto.0.baseline 51.682s o 14 load=1.56
0007.gate.BB_144_14_14.card-mto.0.candidate 50.974s o 14 load=1.30
0008.gate.BB_144_14_14.card-mto.1.candidate 50.960s o 14 load=1.28
0009.gate.BB_144_14_14.card-mto.1.baseline 51.810s o 14 load=1.31
0010.gate.BB_144_14_14.card-mto.2.baseline 51.641s o 14 load=1.20
0011.gate.BB_144_14_14.card-mto.2.candidate 50.999s o 14 load=1.56
{
 "stopped": null,
 "n_samples": 12,
 "finished": "2026-10-11T00:41:41+0800",
 "binary_sha256_after": {
  "baseline": "6bdcaa2523cdcbeae5164cedbf54c9ac0f9e64f9a91c3da7ef4b804df393db9d",
  "candidate": "fb6846d0613b187a881e08071729e36629bc10775a4aad34e3d5df34d3d1ff37"
 },
 "input_sha256_after_ok": true
}
gate no-card geomean 1.17545 envelope 1.19655 positive False flags ['BB_144_14_14']
gate card-mto geomean 0.98631 envelope 0.98758 positive True flags []
exit=0
