0000.gate.GB_144_12_12.no-card.0.baseline 67.460s o 12 load=1.78
0001.gate.GB_144_12_12.no-card.0.candidate 57.793s o 12 load=2.53
0002.gate.GB_144_12_12.no-card.1.candidate 57.384s o 12 load=2.20
0003.gate.GB_144_12_12.no-card.1.baseline 66.585s o 12 load=1.87
0004.gate.GB_144_12_12.no-card.2.baseline 66.623s o 12 load=1.62
0005.gate.GB_144_12_12.no-card.2.candidate 57.638s o 12 load=1.42
0006.gate.GB_144_12_12.card-mto.0.baseline 111.758s o 12 load=1.60
0007.gate.GB_144_12_12.card-mto.0.candidate 48.604s o 12 load=3.37
0008.gate.GB_144_12_12.card-mto.1.candidate 48.242s o 12 load=3.52
0009.gate.GB_144_12_12.card-mto.1.baseline 107.475s o 12 load=3.60
0010.gate.GB_144_12_12.card-mto.2.baseline 106.666s o 12 load=3.21
0011.gate.GB_144_12_12.card-mto.2.candidate 46.520s o 12 load=1.77
{
 "stopped": null,
 "n_samples": 12,
 "finished": "2026-10-10T23:10:40+0800",
 "binary_sha256_after": {
  "baseline": "6bdcaa2523cdcbeae5164cedbf54c9ac0f9e64f9a91c3da7ef4b804df393db9d",
  "candidate": "fb6846d0613b187a881e08071729e36629bc10775a4aad34e3d5df34d3d1ff37"
 },
 "input_sha256_after_ok": true
}
gate no-card geomean 0.86514 envelope 0.86795 positive True flags []
gate card-mto geomean 0.44886 envelope 0.45566 positive True flags []
exit=0
