0000.gate.TN_144_2_13.no-card.0.baseline 73.427s o 13 load=1.35
0001.gate.TN_144_2_13.no-card.0.candidate 231.337s o 13 load=1.88
0002.gate.TN_144_2_13.no-card.1.candidate 231.057s o 13 load=1.34
0003.gate.TN_144_2_13.no-card.1.baseline 71.566s o 13 load=1.40
0004.gate.TN_144_2_13.no-card.2.baseline 71.664s o 13 load=1.30
0005.gate.TN_144_2_13.no-card.2.candidate 231.146s o 13 load=1.37
0006.gate.TN_144_2_13.card-mto.0.baseline 160.700s o 13 load=1.13
0007.gate.TN_144_2_13.card-mto.0.candidate 131.318s o 13 load=1.39
0008.gate.TN_144_2_13.card-mto.1.candidate 131.301s o 13 load=1.68
0009.gate.TN_144_2_13.card-mto.1.baseline 160.807s o 13 load=1.87
0010.gate.TN_144_2_13.card-mto.2.baseline 160.748s o 13 load=1.63
0011.gate.TN_144_2_13.card-mto.2.candidate 131.282s o 13 load=1.63
{
 "stopped": null,
 "n_samples": 12,
 "finished": "2026-10-11T01:21:38+0800",
 "binary_sha256_after": {
  "baseline": "6bdcaa2523cdcbeae5164cedbf54c9ac0f9e64f9a91c3da7ef4b804df393db9d",
  "candidate": "fb6846d0613b187a881e08071729e36629bc10775a4aad34e3d5df34d3d1ff37"
 },
 "input_sha256_after_ok": true
}
gate no-card geomean 3.22544 envelope 3.23249 positive False flags ['TN_144_2_13']
gate card-mto geomean 0.81681 envelope 0.81716 positive True flags []
exit=0
