OK  BB_1080_4_54 card-mto TIMEOUT None 60.029 | TIMEOUT None 60.034 []
OK  BB_1080_4_54 default TIMEOUT None 60.039 | TIMEOUT None 60.029 []
OK  BB_1080_4_54 no-card TIMEOUT None 60.047 | TIMEOUT None 60.029 []
OK  BB_1080_4_54 card-sinz TIMEOUT None 60.046 | TIMEOUT None 60.031 []
OK  BB_108_8_10 no-card done 10 4.514 | done 10 5.838 []
OK  BB_108_8_10 default done 10 5.774 | done 10 6.151 []
OK  BB_108_8_10 card-mto done 10 6.004 | done 10 6.105 []
OK  BB_108_8_10 card-sinz done 10 6.59 | done 10 8.634 []
OK  BB_144_12_12 no-card done 12 36.578 | done 12 24.645 []
OK  BB_144_12_12 default done 12 43.527 | done 12 23.666 []
OK  BB_144_12_12 card-mto done 12 46.193 | done 12 24.259 []
OK  BB_144_12_12 card-sinz TIMEOUT None 60.02 | done 12 34.91 []
OK  BB_144_14_14 default TIMEOUT None 60.029 | TIMEOUT None 60.02 []
OK  BB_144_14_14 no-card TIMEOUT None 60.025 | TIMEOUT None 60.017 []
OK  BB_144_14_14 card-mto TIMEOUT None 60.021 | TIMEOUT None 60.024 []
OK  BB_144_14_14 card-sinz TIMEOUT None 60.023 | TIMEOUT None 60.024 []
OK  BB_288_12_unknown default TIMEOUT None 60.025 | TIMEOUT None 60.027 []
OK  BB_288_12_unknown no-card TIMEOUT None 60.025 | TIMEOUT None 60.022 []
OK  BB_288_12_unknown card-mto TIMEOUT None 60.024 | TIMEOUT None 60.021 []
OK  BB_288_12_unknown card-sinz TIMEOUT None 60.027 | TIMEOUT None 60.027 []
OK  BB_360_12_unknown default TIMEOUT None 60.029 | TIMEOUT None 60.023 []
OK  BB_72_12_6 default done 6 0.106 | done 6 0.162 []
OK  BB_72_12_6 no-card done 6 0.095 | done 6 0.129 []
OK  BB_72_12_6 card-mto done 6 0.145 | done 6 0.139 []
OK  BB_72_12_6 card-sinz done 6 0.126 | done 6 0.132 []
OK  BB_360_12_unknown no-card TIMEOUT None 60.028 | TIMEOUT None 60.018 []
OK  BB_360_12_unknown card-mto TIMEOUT None 60.03 | TIMEOUT None 60.025 []
OK  BB_360_12_unknown card-sinz TIMEOUT None 60.027 | TIMEOUT None 60.021 []
OK  BB_756_16_34 default TIMEOUT None 60.04 | TIMEOUT None 60.024 []
OK  BB_756_16_34 no-card TIMEOUT None 60.029 | TIMEOUT None 60.019 []
OK  BB_756_16_34 card-mto TIMEOUT None 60.036 | TIMEOUT None 60.033 []
OK  BB_756_16_34 card-sinz TIMEOUT None 60.034 | TIMEOUT None 60.031 []
OK  BB_864_4_40 default TIMEOUT None 60.038 | TIMEOUT None 60.033 []
OK  BB_864_4_40 no-card TIMEOUT None 60.036 | TIMEOUT None 60.03 []
OK  BB_864_4_40 card-mto TIMEOUT None 60.033 | TIMEOUT None 60.035 []
OK  BB_90_8_10 default done 10 4.93 | done 10 6.156 []
OK  BB_90_8_10 no-card done 10 3.657 | done 10 4.783 []
OK  BB_90_8_10 card-mto done 10 4.479 | done 10 5.519 []
OK  BB_90_8_10 card-sinz done 10 5.024 | done 10 5.229 []
OK  BB_864_4_40 card-sinz TIMEOUT None 60.041 | TIMEOUT None 60.039 []
OK  GB_144_12_12 default TIMEOUT None 60.026 | TIMEOUT None 60.021 []
OK  GB_144_12_8 default done 8 1.941 | done 8 1.427 []
OK  GB_144_12_8 no-card done 8 1.507 | done 8 1.082 []
OK  GB_144_12_12 no-card TIMEOUT None 60.028 | TIMEOUT None 60.019 []
OK  GB_144_12_8 card-mto done 8 1.911 | done 8 1.429 []
OK  GB_144_12_12 card-mto TIMEOUT None 60.024 | TIMEOUT None 60.024 []
OK  LP_136_32_4 default done 4 0.322 | done 4 0.214 []
OK  LP_136_32_4 no-card done 4 0.224 | done 4 0.133 []
OK  LP_136_32_4 card-sinz done 4 0.273 | done 4 0.142 []
OK  LP_136_32_4 card-mto done 4 0.332 | done 4 0.214 []
OK  GB_144_12_8 card-sinz done 8 2.465 | done 8 1.33 []
OK  GB_144_12_12 card-sinz TIMEOUT None 60.022 | TIMEOUT None 60.022 []
OK  LP_1768_224_unknown default TIMEOUT None 60.063 | TIMEOUT None 60.063 []
OK  LP_1768_224_unknown no-card TIMEOUT None 60.075 | TIMEOUT None 60.04 []
OK  LP_1768_224_unknown card-mto TIMEOUT None 60.059 | TIMEOUT None 60.057 []
OK  LP_238_44_6 no-card done 6 3.232 | done 6 1.389 []
OK  LP_238_44_6 default done 6 3.492 | done 6 1.182 []
OK  LP_238_44_6 card-mto done 6 3.673 | done 6 1.227 []
OK  LP_238_44_6 card-sinz done 6 4.209 | done 6 1.612 []
OK  LP_1768_224_unknown card-sinz TIMEOUT None 60.075 | TIMEOUT None 60.054 []
OK  LP_340_56_8 no-card TIMEOUT None 60.024 | done 8 7.776 []
OK  LP_34_20_2 default done 2 0.021 | done 2 0.019 []
OK  LP_34_20_2 no-card done 2 0.019 | done 2 0.03 []
OK  LP_34_20_2 card-mto done 2 0.02 | done 2 0.026 []
OK  LP_34_20_2 card-sinz done 2 0.019 | done 2 0.029 []
OK  LP_340_56_8 default TIMEOUT None 60.028 | done 8 8.403 []
OK  LP_340_56_8 card-mto TIMEOUT None 60.027 | done 8 8.5 []
OK  LP_340_56_8 card-sinz TIMEOUT None 60.024 | done 8 11.152 []
OK  LP_442_68_10 default TIMEOUT None 60.025 | TIMEOUT None 60.023 []
OK  LP_442_68_10 no-card TIMEOUT None 60.029 | TIMEOUT None 60.019 []
OK  LP_442_68_10 card-mto TIMEOUT None 60.029 | TIMEOUT None 60.027 []
OK  LP_442_68_10 card-sinz TIMEOUT None 60.031 | TIMEOUT None 60.035 []
OK  LP_544_80_12 default TIMEOUT None 60.029 | TIMEOUT None 60.031 []
OK  LP_544_80_12 no-card TIMEOUT None 60.029 | TIMEOUT None 60.024 []
OK  LP_544_80_12 card-mto TIMEOUT None 60.031 | TIMEOUT None 60.032 []
OK  LP_544_80_12 card-sinz TIMEOUT None 60.029 | TIMEOUT None 60.026 []
OK  LP_714_100_unknown default TIMEOUT None 60.038 | TIMEOUT None 60.03 []
OK  LP_714_100_unknown no-card TIMEOUT None 60.032 | TIMEOUT None 60.031 []
OK  LP_714_100_unknown card-mto TIMEOUT None 60.038 | TIMEOUT None 60.027 []
OK  LP_714_100_unknown card-sinz TIMEOUT None 60.034 | TIMEOUT None 60.027 []
OK  PK_31 default TIMEOUT None 60.044 | TIMEOUT None 60.039 []
OK  PK_31 no-card TIMEOUT None 60.05 | TIMEOUT None 60.04 []
OK  PK_31 card-mto TIMEOUT None 60.039 | TIMEOUT None 60.025 []
OK  PK_31 card-sinz TIMEOUT None 60.044 | TIMEOUT None 60.029 []
OK  TN_108_2_12 no-card done 12 56.002 | done 12 36.694 []
OK  TN_108_2_12 default TIMEOUT None 60.013 | done 12 33.811 []
OK  TN_108_2_12 card-mto TIMEOUT None 60.024 | done 12 32.957 []
OK  TN_108_2_12 card-sinz TIMEOUT None 60.016 | done 12 37.318 []
OK  TN_144_2_13 default TIMEOUT None 60.015 | TIMEOUT None 60.018 []
OK  TN_144_2_13 no-card TIMEOUT None 60.021 | TIMEOUT None 60.018 []
OK  TN_144_2_13 card-mto TIMEOUT None 60.017 | TIMEOUT None 60.018 []
OK  TN_144_2_13 card-sinz TIMEOUT None 60.024 | TIMEOUT None 60.021 []
OK  TN_180_2_17 default TIMEOUT None 60.015 | TIMEOUT None 60.024 []
OK  TN_180_2_17 no-card TIMEOUT None 60.02 | TIMEOUT None 60.014 []
OK  TN_180_2_17 card-mto TIMEOUT None 60.023 | TIMEOUT None 60.023 []
OK  TN_180_2_17 card-sinz TIMEOUT None 60.018 | TIMEOUT None 60.013 []
OK  TN_200_10_10 default TIMEOUT None 60.017 | done 10 14.976 []
OK  TN_200_10_10 card-mto TIMEOUT None 60.03 | done 10 15.985 []
OK  TN_200_10_10 no-card done 10 37.967 | TIMEOUT None 60.02 []
OK  TN_200_10_10 card-sinz TIMEOUT None 60.026 | TIMEOUT None 60.019 []
OK  TN_216_4_18 default TIMEOUT None 60.021 | TIMEOUT None 60.019 []
OK  TN_216_4_18 no-card TIMEOUT None 60.026 | TIMEOUT None 60.021 []
OK  TN_216_4_18 card-mto TIMEOUT None 60.025 | TIMEOUT None 60.021 []
OK  TN_216_4_18 card-sinz TIMEOUT None 60.022 | TIMEOUT None 60.019 []
OK  TN_250_10_15 default TIMEOUT None 60.018 | TIMEOUT None 60.027 []
OK  TN_250_10_15 no-card TIMEOUT None 60.024 | TIMEOUT None 60.024 []
OK  TN_250_10_15 card-mto TIMEOUT None 60.024 | TIMEOUT None 60.019 []
OK  TN_250_10_15 card-sinz TIMEOUT None 60.016 | TIMEOUT None 60.02 []
OK  TN_252_2_21 default TIMEOUT None 60.015 | TIMEOUT None 60.016 []
OK  TN_252_2_21 no-card TIMEOUT None 60.019 | TIMEOUT None 60.02 []
OK  TN_252_2_21 card-mto TIMEOUT None 60.027 | TIMEOUT None 60.016 []
OK  TN_252_2_21 card-sinz TIMEOUT None 60.023 | TIMEOUT None 60.021 []
OK  TN_288_2_24 default TIMEOUT None 60.018 | TIMEOUT None 60.028 []
OK  TN_288_2_24 no-card TIMEOUT None 60.018 | TIMEOUT None 60.013 []
OK  TN_288_2_24 card-mto TIMEOUT None 60.02 | TIMEOUT None 60.02 []
OK  TN_288_2_24 card-sinz TIMEOUT None 60.024 | TIMEOUT None 60.027 []
OK  TN_324_4_25 default TIMEOUT None 60.019 | TIMEOUT None 60.026 []
OK  TN_324_4_25 no-card TIMEOUT None 60.028 | TIMEOUT None 60.022 []
OK  TN_324_4_25 card-mto TIMEOUT None 60.028 | TIMEOUT None 60.023 []
OK  TN_324_4_25 card-sinz TIMEOUT None 60.022 | TIMEOUT None 60.024 []
OK  TN_360_4_24 default TIMEOUT None 60.02 | TIMEOUT None 60.023 []
OK  TN_36_8_3 default done 3 0.021 | done 3 0.029 []
OK  TN_36_8_3 no-card done 3 0.029 | done 3 0.03 []
OK  TN_36_8_3 card-mto done 3 0.02 | done 3 0.028 []
OK  TN_36_8_3 card-sinz done 3 0.018 | done 3 0.028 []
OK  TN_36_8_4 default done 4 0.038 | done 4 0.039 []
OK  TN_36_8_4 no-card done 4 0.049 | done 4 0.037 []
OK  TN_36_8_4 card-mto done 4 0.05 | done 4 0.06 []
OK  TN_36_8_4 card-sinz done 4 0.047 | done 4 0.05 []
OK  TN_360_4_24 no-card TIMEOUT None 60.016 | TIMEOUT None 60.021 []
OK  TN_360_4_24 card-mto TIMEOUT None 60.019 | TIMEOUT None 60.02 []
OK  TN_360_4_24 card-sinz TIMEOUT None 60.028 | TIMEOUT None 60.02 []
OK  TN_396_4_26 default TIMEOUT None 60.024 | TIMEOUT None 60.024 []
OK  TN_396_4_26 no-card TIMEOUT None 60.018 | TIMEOUT None 60.016 []
OK  TN_396_4_26 card-mto TIMEOUT None 60.024 | TIMEOUT None 60.026 []
OK  TN_396_4_26 card-sinz TIMEOUT None 60.024 | TIMEOUT None 60.021 []
OK  TN_432_8_33 default TIMEOUT None 60.03 | TIMEOUT None 60.027 []
OK  TN_432_8_33 no-card TIMEOUT None 60.02 | TIMEOUT None 60.026 []
OK  TN_432_8_33 card-mto TIMEOUT None 60.022 | TIMEOUT None 60.029 []
OK  TN_432_8_33 card-sinz TIMEOUT None 60.027 | TIMEOUT None 60.029 []
OK  TN_468_4_31 default TIMEOUT None 60.021 | TIMEOUT None 60.016 []
OK  TN_468_4_31 no-card TIMEOUT None 60.016 | TIMEOUT None 60.019 []
OK  TN_468_4_31 card-mto TIMEOUT None 60.019 | TIMEOUT None 60.027 []
OK  TN_468_4_31 card-sinz TIMEOUT None 60.02 | TIMEOUT None 60.017 []
OK  TN_496_2_32 default TIMEOUT None 60.024 | TIMEOUT None 60.024 []
OK  TN_496_2_32 no-card TIMEOUT None 60.026 | TIMEOUT None 60.025 []
OK  TN_496_2_32 card-mto TIMEOUT None 60.017 | TIMEOUT None 60.02 []
OK  TN_496_2_32 card-sinz TIMEOUT None 60.018 | TIMEOUT None 60.02 []
OK  TN_504_2_45 default TIMEOUT None 60.025 | TIMEOUT None 60.028 []
OK  TN_504_2_45 no-card TIMEOUT None 60.023 | TIMEOUT None 60.026 []
OK  TN_504_2_45 card-mto TIMEOUT None 60.031 | TIMEOUT None 60.03 []
OK  TN_504_2_45 card-sinz TIMEOUT None 60.029 | TIMEOUT None 60.02 []
OK  TN_540_4_40 default TIMEOUT None 60.019 | TIMEOUT None 60.022 []
OK  TN_54_11_4 default done 4 0.041 | done 4 0.058 []
OK  TN_54_11_4 no-card done 4 0.038 | done 4 0.049 []
OK  TN_54_11_4 card-mto done 4 0.028 | done 4 0.037 []
OK  TN_54_11_4 card-sinz done 4 0.04 | done 4 0.05 []
OK  TN_540_4_40 no-card TIMEOUT None 60.025 | TIMEOUT None 60.024 []
OK  TN_540_4_40 card-mto TIMEOUT None 60.026 | TIMEOUT None 60.031 []
OK  TN_540_4_40 card-sinz TIMEOUT None 60.027 | TIMEOUT None 60.018 []
OK  TN_576_2_57 default TIMEOUT None 60.03 | TIMEOUT None 60.021 []
OK  TN_576_2_57 no-card TIMEOUT None 60.023 | TIMEOUT None 60.03 []
OK  TN_576_2_57 card-mto TIMEOUT None 60.026 | TIMEOUT None 60.024 []
OK  TN_576_2_57 card-sinz TIMEOUT None 60.025 | TIMEOUT None 60.026 []
OK  TN_576_2_59 default TIMEOUT None 60.033 | TIMEOUT None 60.02 []
OK  TN_576_2_59 no-card TIMEOUT None 60.024 | TIMEOUT None 60.022 []
OK  TN_576_2_59 card-mto TIMEOUT None 60.022 | TIMEOUT None 60.029 []
OK  TN_576_2_59 card-sinz TIMEOUT None 60.029 | TIMEOUT None 60.024 []
OK  TN_612_2_52 default TIMEOUT None 60.029 | TIMEOUT None 60.029 []
OK  TN_612_2_52 no-card TIMEOUT None 60.03 | TIMEOUT None 60.021 []
OK  TN_612_2_52 card-mto TIMEOUT None 60.034 | TIMEOUT None 60.027 []
OK  TN_612_2_52 card-sinz TIMEOUT None 60.024 | TIMEOUT None 60.025 []
OK  TN_648_10_71 default TIMEOUT None 60.026 | TIMEOUT None 60.022 []
OK  TN_648_10_71 no-card TIMEOUT None 60.021 | TIMEOUT None 60.029 []
OK  TN_648_10_71 card-mto TIMEOUT None 60.036 | TIMEOUT None 60.025 []
OK  TN_648_10_71 card-sinz TIMEOUT None 60.025 | TIMEOUT None 60.018 []
OK  TN_648_14_50 default TIMEOUT None 60.033 | TIMEOUT None 60.027 []
OK  TN_648_14_50 no-card TIMEOUT None 60.033 | TIMEOUT None 60.026 []
OK  TN_648_14_50 card-mto TIMEOUT None 60.033 | TIMEOUT None 60.031 []
OK  TN_648_14_50 card-sinz TIMEOUT None 60.033 | TIMEOUT None 60.026 []
OK  TN_684_2_29 default TIMEOUT None 60.032 | TIMEOUT None 60.028 []
OK  TN_72_14_4 default done 4 0.072 | done 4 0.072 []
OK  TN_72_14_4 no-card done 4 0.06 | done 4 0.04 []
OK  TN_72_14_4 card-mto done 4 0.04 | done 4 0.081 []
OK  TN_72_14_4 card-sinz done 4 0.101 | done 4 0.061 []
OK  TN_72_8_8 default done 8 1.61 | done 8 0.86 []
OK  TN_72_8_8 no-card done 8 1.339 | done 8 0.726 []
OK  TN_684_2_29 no-card TIMEOUT None 60.02 | TIMEOUT None 60.027 []
OK  TN_72_8_8 card-mto done 8 1.36 | done 8 0.7 []
OK  TN_72_8_8 card-sinz done 8 1.075 | done 8 0.642 []
OK  TN_684_2_29 card-mto TIMEOUT None 60.027 | TIMEOUT None 60.031 []
OK  TN_684_2_29 card-sinz TIMEOUT None 60.026 | TIMEOUT None 60.024 []
OK  xu_30 default TIMEOUT None 60.04 | TIMEOUT None 60.035 []
OK  xu_30 no-card TIMEOUT None 60.035 | TIMEOUT None 60.046 []
OK  xu_30 card-mto TIMEOUT None 60.03 | TIMEOUT None 60.039 []
OK  xu_30 card-sinz TIMEOUT None 60.03 | TIMEOUT None 60.026 []
OK  xu_42 default TIMEOUT None 60.065 | TIMEOUT None 60.038 []
OK  xu_42 no-card TIMEOUT None 60.055 | TIMEOUT None 60.057 []
OK  xu_42 card-mto TIMEOUT None 60.061 | TIMEOUT None 60.058 []
OK  xu_42 card-sinz TIMEOUT None 60.04 | TIMEOUT None 60.038 []
{"both_done": 52, "only_cand_done": 10, "only_base_done": 1, "problems": 0} ALL_OK
