0000.gate.BB_90_8_10.no-card.0.baseline 1.873s o 10 load=1.61
0001.gate.BB_90_8_10.no-card.0.candidate 1.570s o 10 load=1.56
0002.gate.BB_90_8_10.no-card.1.candidate 1.563s o 10 load=1.56
0003.gate.BB_90_8_10.no-card.1.baseline 1.882s o 10 load=1.56
0004.gate.BB_90_8_10.no-card.2.baseline 1.875s o 10 load=1.60
0005.gate.BB_90_8_10.no-card.2.candidate 1.556s o 10 load=1.60
0006.replicate.BB_90_8_10.no-card.0.baseline 1.875s o 10 load=1.60
0007.replicate.BB_90_8_10.no-card.0.candidate 1.563s o 10 load=1.55
0008.replicate.BB_90_8_10.no-card.1.candidate 1.566s o 10 load=1.55
0009.replicate.BB_90_8_10.no-card.1.baseline 1.883s o 10 load=1.55
0010.replicate.BB_90_8_10.no-card.2.baseline 1.899s o 10 load=1.50
0011.replicate.BB_90_8_10.no-card.2.candidate 1.593s o 10 load=1.50
0012.replicate.BB_90_8_10.no-card.3.candidate 1.566s o 10 load=1.50
0013.replicate.BB_90_8_10.no-card.3.baseline 1.866s o 10 load=1.54
0014.replicate.BB_90_8_10.no-card.4.baseline 1.895s o 10 load=1.54
0015.replicate.BB_90_8_10.no-card.4.candidate 1.553s o 10 load=1.54
0016.replicate.BB_90_8_10.no-card.5.candidate 1.568s o 10 load=1.50
0017.replicate.BB_90_8_10.no-card.5.baseline 1.874s o 10 load=1.50
0018.replicate.BB_90_8_10.no-card.6.baseline 1.872s o 10 load=1.50
0019.replicate.BB_90_8_10.no-card.6.candidate 1.559s o 10 load=1.46
0020.replicate.BB_90_8_10.no-card.7.candidate 1.555s o 10 load=1.46
0021.replicate.BB_90_8_10.no-card.7.baseline 1.873s o 10 load=1.46
0022.replicate.BB_90_8_10.no-card.8.baseline 1.880s o 10 load=1.42
0023.replicate.BB_90_8_10.no-card.8.candidate 1.563s o 10 load=1.42
0024.replicate.BB_90_8_10.no-card.9.candidate 1.553s o 10 load=1.42
0025.replicate.BB_90_8_10.no-card.9.baseline 1.877s o 10 load=1.39
0026.gate.BB_90_8_10.card-mto.0.baseline 1.677s o 10 load=1.39
0027.gate.BB_90_8_10.card-mto.0.candidate 2.073s o 10 load=1.39
0028.gate.BB_90_8_10.card-mto.1.candidate 2.066s o 10 load=1.44
0029.gate.BB_90_8_10.card-mto.1.baseline 1.667s o 10 load=1.44
0030.gate.BB_90_8_10.card-mto.2.baseline 1.661s o 10 load=1.40
0031.gate.BB_90_8_10.card-mto.2.candidate 2.077s o 10 load=1.40
0032.replicate.BB_90_8_10.card-mto.0.baseline 1.662s o 10 load=1.40
0033.replicate.BB_90_8_10.card-mto.0.candidate 2.078s o 10 load=1.45
0034.replicate.BB_90_8_10.card-mto.1.candidate 2.079s o 10 load=1.45
0035.replicate.BB_90_8_10.card-mto.1.baseline 1.679s o 10 load=1.57
0036.replicate.BB_90_8_10.card-mto.2.baseline 1.670s o 10 load=1.57
0037.replicate.BB_90_8_10.card-mto.2.candidate 2.068s o 10 load=1.57
0038.replicate.BB_90_8_10.card-mto.3.candidate 2.079s o 10 load=1.53
0039.replicate.BB_90_8_10.card-mto.3.baseline 1.661s o 10 load=1.53
0040.replicate.BB_90_8_10.card-mto.4.baseline 1.667s o 10 load=1.53
0041.replicate.BB_90_8_10.card-mto.4.candidate 2.070s o 10 load=1.56
0042.replicate.BB_90_8_10.card-mto.5.candidate 2.070s o 10 load=1.56
0043.replicate.BB_90_8_10.card-mto.5.baseline 1.665s o 10 load=1.52
0044.replicate.BB_90_8_10.card-mto.6.baseline 1.663s o 10 load=1.52
0045.replicate.BB_90_8_10.card-mto.6.candidate 2.073s o 10 load=1.52
0046.replicate.BB_90_8_10.card-mto.7.candidate 2.073s o 10 load=1.48
0047.replicate.BB_90_8_10.card-mto.7.baseline 1.662s o 10 load=1.48
0048.replicate.BB_90_8_10.card-mto.8.baseline 1.667s o 10 load=1.48
0049.replicate.BB_90_8_10.card-mto.8.candidate 2.071s o 10 load=1.52
0050.replicate.BB_90_8_10.card-mto.9.candidate 2.078s o 10 load=1.52
0051.replicate.BB_90_8_10.card-mto.9.baseline 1.658s o 10 load=1.48
0052.gate.GB_144_12_8.no-card.0.baseline 0.670s o 8 load=1.48
0053.gate.GB_144_12_8.no-card.0.candidate 0.664s o 8 load=1.48
0054.gate.GB_144_12_8.no-card.1.candidate 0.671s o 8 load=1.48
0055.gate.GB_144_12_8.no-card.1.baseline 0.671s o 8 load=1.48
0056.gate.GB_144_12_8.no-card.2.baseline 0.669s o 8 load=1.48
0057.gate.GB_144_12_8.no-card.2.candidate 0.675s o 8 load=1.60
0058.replicate.GB_144_12_8.no-card.0.baseline 0.672s o 8 load=1.60
0059.replicate.GB_144_12_8.no-card.0.candidate 0.674s o 8 load=1.60
0060.replicate.GB_144_12_8.no-card.1.candidate 0.663s o 8 load=1.60
0061.replicate.GB_144_12_8.no-card.1.baseline 0.672s o 8 load=1.60
0062.replicate.GB_144_12_8.no-card.2.baseline 0.667s o 8 load=1.60
0063.replicate.GB_144_12_8.no-card.2.candidate 0.674s o 8 load=1.60
0064.replicate.GB_144_12_8.no-card.3.candidate 0.674s o 8 load=1.63
0065.replicate.GB_144_12_8.no-card.3.baseline 0.666s o 8 load=1.63
0066.replicate.GB_144_12_8.no-card.4.baseline 0.665s o 8 load=1.63
0067.replicate.GB_144_12_8.no-card.4.candidate 0.670s o 8 load=1.63
0068.replicate.GB_144_12_8.no-card.5.candidate 0.671s o 8 load=1.63
0069.replicate.GB_144_12_8.no-card.5.baseline 0.667s o 8 load=1.63
0070.replicate.GB_144_12_8.no-card.6.baseline 0.667s o 8 load=1.63
0071.replicate.GB_144_12_8.no-card.6.candidate 0.663s o 8 load=1.63
0072.replicate.GB_144_12_8.no-card.7.candidate 0.664s o 8 load=1.66
0073.replicate.GB_144_12_8.no-card.7.baseline 0.663s o 8 load=1.66
0074.replicate.GB_144_12_8.no-card.8.baseline 0.663s o 8 load=1.66
0075.replicate.GB_144_12_8.no-card.8.candidate 0.669s o 8 load=1.66
0076.replicate.GB_144_12_8.no-card.9.candidate 0.662s o 8 load=1.66
0077.replicate.GB_144_12_8.no-card.9.baseline 0.662s o 8 load=1.66
0078.gate.GB_144_12_8.card-mto.0.baseline 1.111s o 8 load=1.66
0079.gate.GB_144_12_8.card-mto.0.candidate 0.687s o 8 load=1.61
0080.gate.GB_144_12_8.card-mto.1.candidate 0.682s o 8 load=1.61
0081.gate.GB_144_12_8.card-mto.1.baseline 1.124s o 8 load=1.61
0082.gate.GB_144_12_8.card-mto.2.baseline 1.125s o 8 load=1.61
0083.gate.GB_144_12_8.card-mto.2.candidate 0.686s o 8 load=1.61
0084.replicate.GB_144_12_8.card-mto.0.baseline 1.126s o 8 load=1.56
0085.replicate.GB_144_12_8.card-mto.0.candidate 0.687s o 8 load=1.56
0086.replicate.GB_144_12_8.card-mto.1.candidate 0.683s o 8 load=1.56
0087.replicate.GB_144_12_8.card-mto.1.baseline 1.119s o 8 load=1.56
0088.replicate.GB_144_12_8.card-mto.2.baseline 1.112s o 8 load=1.56
0089.replicate.GB_144_12_8.card-mto.2.candidate 0.682s o 8 load=1.56
0090.replicate.GB_144_12_8.card-mto.3.candidate 0.690s o 8 load=1.51
0091.replicate.GB_144_12_8.card-mto.3.baseline 1.123s o 8 load=1.51
0092.replicate.GB_144_12_8.card-mto.4.baseline 1.112s o 8 load=1.51
0093.replicate.GB_144_12_8.card-mto.4.candidate 0.677s o 8 load=1.51
0094.replicate.GB_144_12_8.card-mto.5.candidate 0.684s o 8 load=1.51
0095.replicate.GB_144_12_8.card-mto.5.baseline 1.118s o 8 load=1.47
0096.replicate.GB_144_12_8.card-mto.6.baseline 1.121s o 8 load=1.47
0097.replicate.GB_144_12_8.card-mto.6.candidate 0.677s o 8 load=1.47
0098.replicate.GB_144_12_8.card-mto.7.candidate 0.687s o 8 load=1.47
0099.replicate.GB_144_12_8.card-mto.7.baseline 1.112s o 8 load=1.47
0100.replicate.GB_144_12_8.card-mto.8.baseline 1.112s o 8 load=1.47
0101.replicate.GB_144_12_8.card-mto.8.candidate 0.678s o 8 load=1.43
0102.replicate.GB_144_12_8.card-mto.9.candidate 0.689s o 8 load=1.43
0103.replicate.GB_144_12_8.card-mto.9.baseline 1.113s o 8 load=1.43
0104.gate.BB_108_8_10.no-card.0.baseline 2.291s o 10 load=1.43
0105.gate.BB_108_8_10.no-card.0.candidate 2.511s o 10 load=1.40
0106.gate.BB_108_8_10.no-card.1.candidate 2.485s o 10 load=1.40
0107.gate.BB_108_8_10.no-card.1.baseline 2.288s o 10 load=1.45
0108.gate.BB_108_8_10.no-card.2.baseline 2.285s o 10 load=1.45
0109.gate.BB_108_8_10.no-card.2.candidate 2.480s o 10 load=1.41
0110.replicate.BB_108_8_10.no-card.0.baseline 2.285s o 10 load=1.41
0111.replicate.BB_108_8_10.no-card.0.candidate 2.486s o 10 load=1.46
0112.replicate.BB_108_8_10.no-card.1.candidate 2.494s o 10 load=1.46
0113.replicate.BB_108_8_10.no-card.1.baseline 2.282s o 10 load=1.58
0114.replicate.BB_108_8_10.no-card.2.baseline 2.284s o 10 load=1.58
0115.replicate.BB_108_8_10.no-card.2.candidate 2.490s o 10 load=1.58
0116.replicate.BB_108_8_10.no-card.3.candidate 2.485s o 10 load=1.53
0117.replicate.BB_108_8_10.no-card.3.baseline 2.293s o 10 load=1.53
0118.replicate.BB_108_8_10.no-card.4.baseline 2.288s o 10 load=1.49
0119.replicate.BB_108_8_10.no-card.4.candidate 2.491s o 10 load=1.49
0120.replicate.BB_108_8_10.no-card.5.candidate 2.487s o 10 load=1.45
0121.replicate.BB_108_8_10.no-card.5.baseline 2.287s o 10 load=1.45
0122.replicate.BB_108_8_10.no-card.6.baseline 2.290s o 10 load=1.41
0123.replicate.BB_108_8_10.no-card.6.candidate 2.486s o 10 load=1.41
0124.replicate.BB_108_8_10.no-card.7.candidate 2.489s o 10 load=1.38
0125.replicate.BB_108_8_10.no-card.7.baseline 2.287s o 10 load=1.38
0126.replicate.BB_108_8_10.no-card.8.baseline 2.289s o 10 load=1.35
0127.replicate.BB_108_8_10.no-card.8.candidate 2.491s o 10 load=1.35
0128.replicate.BB_108_8_10.no-card.9.candidate 2.481s o 10 load=1.32
0129.replicate.BB_108_8_10.no-card.9.baseline 2.284s o 10 load=1.32
0130.gate.BB_108_8_10.card-mto.0.baseline 2.324s o 10 load=1.38
0131.gate.BB_108_8_10.card-mto.0.candidate 1.985s o 10 load=1.38
0132.gate.BB_108_8_10.card-mto.1.candidate 1.974s o 10 load=1.35
0133.gate.BB_108_8_10.card-mto.1.baseline 2.329s o 10 load=1.35
0134.gate.BB_108_8_10.card-mto.2.baseline 2.337s o 10 load=1.35
0135.gate.BB_108_8_10.card-mto.2.candidate 1.981s o 10 load=1.32
0136.replicate.BB_108_8_10.card-mto.0.baseline 2.329s o 10 load=1.32
0137.replicate.BB_108_8_10.card-mto.0.candidate 1.977s o 10 load=1.29
0138.replicate.BB_108_8_10.card-mto.1.candidate 1.978s o 10 load=1.29
0139.replicate.BB_108_8_10.card-mto.1.baseline 2.328s o 10 load=1.29
0140.replicate.BB_108_8_10.card-mto.2.baseline 2.329s o 10 load=1.43
0141.replicate.BB_108_8_10.card-mto.2.candidate 1.977s o 10 load=1.43
0142.replicate.BB_108_8_10.card-mto.3.candidate 1.973s o 10 load=1.47
0143.replicate.BB_108_8_10.card-mto.3.baseline 2.334s o 10 load=1.47
0144.replicate.BB_108_8_10.card-mto.4.baseline 2.330s o 10 load=1.44
0145.replicate.BB_108_8_10.card-mto.4.candidate 1.980s o 10 load=1.44
0146.replicate.BB_108_8_10.card-mto.5.candidate 1.981s o 10 load=1.40
0147.replicate.BB_108_8_10.card-mto.5.baseline 2.336s o 10 load=1.40
0148.replicate.BB_108_8_10.card-mto.6.baseline 2.326s o 10 load=1.40
0149.replicate.BB_108_8_10.card-mto.6.candidate 1.983s o 10 load=1.37
0150.replicate.BB_108_8_10.card-mto.7.candidate 1.978s o 10 load=1.37
0151.replicate.BB_108_8_10.card-mto.7.baseline 2.331s o 10 load=1.34
0152.replicate.BB_108_8_10.card-mto.8.baseline 2.321s o 10 load=1.34
0153.replicate.BB_108_8_10.card-mto.8.candidate 1.993s o 10 load=1.31
0154.replicate.BB_108_8_10.card-mto.9.candidate 1.977s o 10 load=1.31
0155.replicate.BB_108_8_10.card-mto.9.baseline 2.344s o 10 load=1.31
0156.gate.LP_238_44_6.no-card.0.baseline 1.206s o 6 load=1.45
0157.gate.LP_238_44_6.no-card.0.candidate 1.069s o 6 load=1.45
0158.gate.LP_238_44_6.no-card.1.candidate 1.079s o 6 load=1.45
0159.gate.LP_238_44_6.no-card.1.baseline 1.204s o 6 load=1.49
0160.gate.LP_238_44_6.no-card.2.baseline 1.197s o 6 load=1.49
0161.gate.LP_238_44_6.no-card.2.candidate 1.073s o 6 load=1.49
0162.replicate.LP_238_44_6.no-card.0.baseline 1.201s o 6 load=1.49
0163.replicate.LP_238_44_6.no-card.0.candidate 1.079s o 6 load=1.49
0164.replicate.LP_238_44_6.no-card.1.candidate 1.076s o 6 load=1.45
0165.replicate.LP_238_44_6.no-card.1.baseline 1.208s o 6 load=1.45
0166.replicate.LP_238_44_6.no-card.2.baseline 1.204s o 6 load=1.45
0167.replicate.LP_238_44_6.no-card.2.candidate 1.073s o 6 load=1.45
0168.replicate.LP_238_44_6.no-card.3.candidate 1.075s o 6 load=1.42
0169.replicate.LP_238_44_6.no-card.3.baseline 1.206s o 6 load=1.42
0170.replicate.LP_238_44_6.no-card.4.baseline 1.204s o 6 load=1.42
0171.replicate.LP_238_44_6.no-card.4.candidate 1.072s o 6 load=1.42
0172.replicate.LP_238_44_6.no-card.5.candidate 1.076s o 6 load=1.38
0173.replicate.LP_238_44_6.no-card.5.baseline 1.196s o 6 load=1.38
0174.replicate.LP_238_44_6.no-card.6.baseline 1.200s o 6 load=1.38
0175.replicate.LP_238_44_6.no-card.6.candidate 1.076s o 6 load=1.38
0176.replicate.LP_238_44_6.no-card.7.candidate 1.070s o 6 load=1.38
0177.replicate.LP_238_44_6.no-card.7.baseline 1.197s o 6 load=1.51
0178.replicate.LP_238_44_6.no-card.8.baseline 1.201s o 6 load=1.51
0179.replicate.LP_238_44_6.no-card.8.candidate 1.068s o 6 load=1.51
0180.replicate.LP_238_44_6.no-card.9.candidate 1.075s o 6 load=1.51
0181.replicate.LP_238_44_6.no-card.9.baseline 1.200s o 6 load=1.55
0182.gate.LP_238_44_6.card-mto.0.baseline 1.149s o 6 load=1.55
0183.gate.LP_238_44_6.card-mto.0.candidate 0.867s o 6 load=1.55
0184.gate.LP_238_44_6.card-mto.1.candidate 0.866s o 6 load=1.55
0185.gate.LP_238_44_6.card-mto.1.baseline 1.146s o 6 load=1.55
0186.gate.LP_238_44_6.card-mto.2.baseline 1.144s o 6 load=1.67
0187.gate.LP_238_44_6.card-mto.2.candidate 0.871s o 6 load=1.67
0188.replicate.LP_238_44_6.card-mto.0.baseline 1.142s o 6 load=1.67
0189.replicate.LP_238_44_6.card-mto.0.candidate 0.855s o 6 load=1.67
0190.replicate.LP_238_44_6.card-mto.1.candidate 0.856s o 6 load=1.67
0191.replicate.LP_238_44_6.card-mto.1.baseline 1.150s o 6 load=1.61
0192.replicate.LP_238_44_6.card-mto.2.baseline 1.148s o 6 load=1.61
0193.replicate.LP_238_44_6.card-mto.2.candidate 0.857s o 6 load=1.61
0194.replicate.LP_238_44_6.card-mto.3.candidate 0.870s o 6 load=1.61
0195.replicate.LP_238_44_6.card-mto.3.baseline 1.152s o 6 load=1.61
0196.replicate.LP_238_44_6.card-mto.4.baseline 1.164s o 6 load=1.56
0197.replicate.LP_238_44_6.card-mto.4.candidate 0.857s o 6 load=1.56
0198.replicate.LP_238_44_6.card-mto.5.candidate 0.860s o 6 load=1.56
0199.replicate.LP_238_44_6.card-mto.5.baseline 1.140s o 6 load=1.56
0200.replicate.LP_238_44_6.card-mto.6.baseline 1.141s o 6 load=1.52
0201.replicate.LP_238_44_6.card-mto.6.candidate 0.860s o 6 load=1.52
0202.replicate.LP_238_44_6.card-mto.7.candidate 0.859s o 6 load=1.52
0203.replicate.LP_238_44_6.card-mto.7.baseline 1.138s o 6 load=1.52
0204.replicate.LP_238_44_6.card-mto.8.baseline 1.145s o 6 load=1.52
0205.replicate.LP_238_44_6.card-mto.8.candidate 0.867s o 6 load=1.48
0206.replicate.LP_238_44_6.card-mto.9.candidate 0.870s o 6 load=1.48
0207.replicate.LP_238_44_6.card-mto.9.baseline 1.146s o 6 load=1.48
{
 "stopped": null,
 "n_samples": 208,
 "finished": "2026-10-09T18:20:34+0800",
 "binary_sha256_after": {
  "baseline": "3f2fbc4215e17c4a5b5e62d1f10f99619bdf6efaea7881acb46157effe78c9dc",
  "candidate": "b8f31b366deeb8baa3d265a131776b9210b04e11d1a582b54e3bee3a6bc06fad"
 },
 "input_sha256_after_ok": true
}
gate no-card geomean 0.94797 envelope 0.95682 positive False flags ['BB_108_8_10']
gate card-mto geomean 0.83564 envelope 0.84189 positive False flags ['BB_90_8_10']
replicate no-card geomean 0.95019 envelope 0.96237 positive False flags ['BB_108_8_10']
replicate card-mto geomean 0.83512 envelope 0.84546 positive False flags ['BB_90_8_10']
exit=0
