0000.gate.BB_144_12_12.no-card.0.baseline 0.507s o 12 load=3.53
0001.gate.BB_144_12_12.no-card.0.candidate 0.255s o 12 load=3.53
0002.gate.BB_144_12_12.no-card.1.candidate 0.253s o 12 load=3.53
0003.gate.BB_144_12_12.no-card.1.baseline 0.511s o 12 load=3.53
0004.gate.BB_144_12_12.no-card.2.baseline 0.512s o 12 load=3.53
0005.gate.BB_144_12_12.no-card.2.candidate 0.254s o 12 load=3.33
0006.gate.BB_144_12_12.card-mto.0.baseline 1.140s o 12 load=3.33
0007.gate.BB_144_12_12.card-mto.0.candidate 0.564s o 12 load=3.33
0008.gate.BB_144_12_12.card-mto.1.candidate 0.596s o 12 load=3.33
0009.gate.BB_144_12_12.card-mto.1.baseline 1.142s o 12 load=3.33
0010.gate.BB_144_12_12.card-mto.2.baseline 1.162s o 12 load=3.33
0011.gate.BB_144_12_12.card-mto.2.candidate 0.571s o 12 load=3.33
{
 "stopped": null,
 "n_samples": 12,
 "finished": "2026-10-11T04:47:01+0800",
 "binary_sha256_after": {
  "baseline": "6bdcaa2523cdcbeae5164cedbf54c9ac0f9e64f9a91c3da7ef4b804df393db9d",
  "candidate": "68338e32e891b5514ebbbc26f881659a92805931601a03d984411be8128fbfd5"
 },
 "input_sha256_after_ok": true
}
gate no-card geomean 0.49618 envelope 0.50326 positive True flags []
gate card-mto geomean 0.50005 envelope 0.52305 positive True flags []
exit=0
