timeout-prefix-ok BB_1080_4_54 no-card s UNKNOWN [20.017, 20.01]
timeout-prefix-ok BB_1080_4_54 card-sinz s UNKNOWN [20.015, 20.015]
timeout-prefix-ok BB_1080_4_54 card-mto s UNKNOWN [20.016, 20.015]
timeout-prefix-ok BB_1080_4_54 default s UNKNOWN [20.017, 20.014]
identical BB_108_8_10 card-sinz o 10 [2.598, 2.588]
identical BB_108_8_10 no-card o 10 [2.643, 2.632]
identical BB_108_8_10 card-mto o 10 [2.688, 2.659]
identical BB_108_8_10 default o 10 [2.691, 2.674]
identical BB_144_12_12 default o 12 [18.999, 18.774]
identical BB_144_12_12 card-mto o 12 [19.004, 18.857]
timeout-prefix-ok BB_144_12_12 no-card s UNKNOWN [20.007, 20.019]
timeout-prefix-ok BB_144_12_12 card-sinz s UNKNOWN [20.008, 20.006]
timeout-prefix-ok BB_144_14_14 default s UNKNOWN [20.02, 20.015]
timeout-prefix-ok BB_144_14_14 no-card s UNKNOWN [20.012, 20.007]
timeout-prefix-ok BB_144_14_14 card-mto s UNKNOWN [20.017, 20.018]
timeout-prefix-ok BB_144_14_14 card-sinz s UNKNOWN [20.016, 20.019]
timeout-prefix-ok BB_288_12_unknown default s UNKNOWN [20.007, 20.021]
timeout-prefix-ok BB_288_12_unknown no-card s UNKNOWN [20.009, 20.018]
timeout-prefix-ok BB_288_12_unknown card-mto s UNKNOWN [20.018, 20.016]
timeout-prefix-ok BB_288_12_unknown card-sinz s UNKNOWN [20.012, 20.016]
timeout-prefix-ok BB_360_12_unknown default s UNKNOWN [20.012, 20.019]
identical BB_72_12_6 default o 6 [0.042, 0.044]
identical BB_72_12_6 no-card o 6 [0.045, 0.042]
timeout-prefix-ok BB_360_12_unknown no-card s UNKNOWN [20.008, 20.027]
identical BB_72_12_6 card-mto o 6 [0.059, 0.058]
identical BB_72_12_6 card-sinz o 6 [0.058, 0.058]
timeout-prefix-ok BB_360_12_unknown card-mto s UNKNOWN [20.015, 20.016]
timeout-prefix-ok BB_360_12_unknown card-sinz s UNKNOWN [20.007, 20.016]
timeout-prefix-ok BB_756_16_34 default s UNKNOWN [20.02, 20.029]
timeout-prefix-ok BB_756_16_34 no-card s UNKNOWN [20.015, 20.008]
timeout-prefix-ok BB_756_16_34 card-mto s UNKNOWN [20.015, 20.016]
TIMEOUT-PREFIX-MISMATCH BB_756_16_34 card-sinz s UNKNOWN [20.021, 20.007]
timeout-prefix-ok BB_864_4_40 default s UNKNOWN [20.016, 20.011]
timeout-prefix-ok BB_864_4_40 no-card s UNKNOWN [20.016, 20.009]
timeout-prefix-ok BB_864_4_40 card-mto s UNKNOWN [20.018, 20.013]
timeout-prefix-ok BB_864_4_40 card-sinz s UNKNOWN [20.016, 20.024]
identical BB_90_8_10 no-card o 10 [2.204, 2.155]
identical BB_90_8_10 default o 10 [2.338, 2.34]
identical BB_90_8_10 card-mto o 10 [1.922, 1.895]
identical BB_90_8_10 card-sinz o 10 [2.212, 2.201]
timeout-prefix-ok GB_144_12_12 default s UNKNOWN [20.012, 20.006]
timeout-prefix-ok GB_144_12_12 no-card s UNKNOWN [20.008, 20.018]
timeout-prefix-ok GB_144_12_12 card-mto s UNKNOWN [20.014, 20.013]
identical GB_144_12_8 no-card o 8 [0.768, 0.748]
timeout-prefix-ok GB_144_12_12 card-sinz s UNKNOWN [20.018, 20.011]
identical LP_136_32_4 default o 4 [0.155, 0.15]
identical GB_144_12_8 default o 8 [1.285, 1.261]
identical LP_136_32_4 no-card o 4 [0.111, 0.107]
identical LP_136_32_4 card-mto o 4 [0.143, 0.135]
identical LP_136_32_4 card-sinz o 4 [0.135, 0.128]
identical GB_144_12_8 card-sinz o 8 [0.893, 0.897]
identical GB_144_12_8 card-mto o 8 [1.262, 1.284]
timeout-prefix-ok LP_1768_224_unknown default s UNKNOWN [20.025, 20.014]
timeout-prefix-ok LP_1768_224_unknown no-card s UNKNOWN [20.013, 20.021]
timeout-prefix-ok LP_1768_224_unknown card-mto s UNKNOWN [20.013, 20.022]
timeout-prefix-ok LP_1768_224_unknown card-sinz s UNKNOWN [20.025, 20.019]
identical LP_238_44_6 default o 6 [1.35, 1.315]
identical LP_238_44_6 no-card o 6 [1.399, 1.363]
identical LP_238_44_6 card-mto o 6 [1.329, 1.323]
identical LP_238_44_6 card-sinz o 6 [1.596, 1.603]
timeout-prefix-ok LP_340_56_8 default s UNKNOWN [20.018, 20.012]
identical LP_34_20_2 default o 2 [0.018, 0.018]
identical LP_34_20_2 no-card o 2 [0.018, 0.018]
identical LP_34_20_2 card-mto o 2 [0.017, 0.017]
identical LP_34_20_2 card-sinz o 2 [0.018, 0.018]
timeout-prefix-ok LP_340_56_8 no-card s UNKNOWN [20.007, 20.015]
timeout-prefix-ok LP_340_56_8 card-mto s UNKNOWN [20.011, 20.009]
timeout-prefix-ok LP_340_56_8 card-sinz s UNKNOWN [20.014, 20.019]
TIMEOUT-PREFIX-MISMATCH LP_442_68_10 default s UNKNOWN [20.01, 20.026]
timeout-prefix-ok LP_442_68_10 no-card s UNKNOWN [20.013, 20.012]
TIMEOUT-PREFIX-MISMATCH LP_442_68_10 card-mto s UNKNOWN [20.012, 20.016]
timeout-prefix-ok LP_442_68_10 card-sinz s UNKNOWN [20.006, 20.016]
timeout-prefix-ok LP_544_80_12 default s UNKNOWN [20.011, 20.01]
timeout-prefix-ok LP_544_80_12 no-card s UNKNOWN [20.014, 20.01]
timeout-prefix-ok LP_544_80_12 card-mto s UNKNOWN [20.009, 20.013]
timeout-prefix-ok LP_544_80_12 card-sinz s UNKNOWN [20.009, 20.014]
timeout-prefix-ok LP_714_100_unknown default s UNKNOWN [20.014, 20.006]
timeout-prefix-ok LP_714_100_unknown no-card s UNKNOWN [20.015, 20.016]
timeout-prefix-ok LP_714_100_unknown card-mto s UNKNOWN [20.011, 20.009]
timeout-prefix-ok LP_714_100_unknown card-sinz s UNKNOWN [20.011, 20.014]
timeout-prefix-ok PK_31 default s UNKNOWN [20.023, 20.016]
timeout-prefix-ok PK_31 no-card s UNKNOWN [20.015, 20.013]
timeout-prefix-ok PK_31 card-mto s UNKNOWN [20.015, 20.01]
timeout-prefix-ok PK_31 card-sinz s UNKNOWN [20.018, 20.015]
timeout-prefix-ok TN_108_2_12 default s UNKNOWN [20.008, 20.019]
timeout-prefix-ok TN_108_2_12 no-card s UNKNOWN [20.006, 20.006]
timeout-prefix-ok TN_108_2_12 card-mto s UNKNOWN [20.011, 20.007]
timeout-prefix-ok TN_108_2_12 card-sinz s UNKNOWN [20.007, 20.017]
timeout-prefix-ok TN_144_2_13 default s UNKNOWN [20.009, 20.018]
timeout-prefix-ok TN_144_2_13 no-card s UNKNOWN [20.009, 20.007]
timeout-prefix-ok TN_144_2_13 card-mto s UNKNOWN [20.008, 20.009]
timeout-prefix-ok TN_144_2_13 card-sinz s UNKNOWN [20.015, 20.008]
timeout-prefix-ok TN_180_2_17 default s UNKNOWN [20.019, 20.005]
timeout-prefix-ok TN_180_2_17 no-card s UNKNOWN [20.018, 20.014]
timeout-prefix-ok TN_180_2_17 card-mto s UNKNOWN [20.005, 20.015]
timeout-prefix-ok TN_180_2_17 card-sinz s UNKNOWN [20.008, 20.014]
identical TN_200_10_10 default o 10 [12.229, 12.146]
identical TN_200_10_10 card-mto o 10 [12.23, 12.138]
timeout-prefix-ok TN_200_10_10 no-card s UNKNOWN [20.018, 20.01]
timeout-prefix-ok TN_200_10_10 card-sinz s UNKNOWN [20.011, 20.009]
timeout-prefix-ok TN_216_4_18 default s UNKNOWN [20.01, 20.017]
timeout-prefix-ok TN_216_4_18 no-card s UNKNOWN [20.01, 20.013]
timeout-prefix-ok TN_216_4_18 card-mto s UNKNOWN [20.017, 20.007]
timeout-prefix-ok TN_216_4_18 card-sinz s UNKNOWN [20.005, 20.006]
timeout-prefix-ok TN_250_10_15 default s UNKNOWN [20.008, 20.013]
timeout-prefix-ok TN_250_10_15 no-card s UNKNOWN [20.016, 20.018]
timeout-prefix-ok TN_250_10_15 card-mto s UNKNOWN [20.009, 20.006]
timeout-prefix-ok TN_250_10_15 card-sinz s UNKNOWN [20.017, 20.009]
timeout-prefix-ok TN_252_2_21 default s UNKNOWN [20.012, 20.006]
timeout-prefix-ok TN_252_2_21 no-card s UNKNOWN [20.007, 20.017]
timeout-prefix-ok TN_252_2_21 card-mto s UNKNOWN [20.013, 20.013]
timeout-prefix-ok TN_252_2_21 card-sinz s UNKNOWN [20.012, 20.016]
timeout-prefix-ok TN_288_2_24 default s UNKNOWN [20.007, 20.006]
timeout-prefix-ok TN_288_2_24 no-card s UNKNOWN [20.014, 20.013]
timeout-prefix-ok TN_288_2_24 card-mto s UNKNOWN [20.019, 20.006]
timeout-prefix-ok TN_288_2_24 card-sinz s UNKNOWN [20.009, 20.007]
timeout-prefix-ok TN_324_4_25 default s UNKNOWN [20.017, 20.018]
timeout-prefix-ok TN_324_4_25 no-card s UNKNOWN [20.018, 20.013]
timeout-prefix-ok TN_324_4_25 card-mto s UNKNOWN [20.007, 20.016]
timeout-prefix-ok TN_324_4_25 card-sinz s UNKNOWN [20.018, 20.009]
timeout-prefix-ok TN_360_4_24 default s UNKNOWN [20.015, 20.02]
identical TN_36_8_3 default o 3 [0.018, 0.018]
identical TN_36_8_3 no-card o 3 [0.018, 0.018]
identical TN_36_8_3 card-mto o 3 [0.015, 0.018]
identical TN_36_8_3 card-sinz o 3 [0.018, 0.017]
identical TN_36_8_4 default o 4 [0.018, 0.018]
identical TN_36_8_4 no-card o 4 [0.018, 0.018]
identical TN_36_8_4 card-mto o 4 [0.018, 0.018]
identical TN_36_8_4 card-sinz o 4 [0.018, 0.019]
timeout-prefix-ok TN_360_4_24 no-card s UNKNOWN [20.007, 20.015]
timeout-prefix-ok TN_360_4_24 card-mto s UNKNOWN [20.013, 20.011]
timeout-prefix-ok TN_360_4_24 card-sinz s UNKNOWN [20.019, 20.013]
timeout-prefix-ok TN_396_4_26 default s UNKNOWN [20.014, 20.012]
timeout-prefix-ok TN_396_4_26 no-card s UNKNOWN [20.017, 20.006]
timeout-prefix-ok TN_396_4_26 card-mto s UNKNOWN [20.01, 20.018]
timeout-prefix-ok TN_396_4_26 card-sinz s UNKNOWN [20.016, 20.008]
timeout-prefix-ok TN_432_8_33 default s UNKNOWN [20.021, 20.017]
timeout-prefix-ok TN_432_8_33 no-card s UNKNOWN [20.007, 20.013]
timeout-prefix-ok TN_432_8_33 card-mto s UNKNOWN [20.015, 20.017]
timeout-prefix-ok TN_432_8_33 card-sinz s UNKNOWN [20.01, 20.018]
timeout-prefix-ok TN_468_4_31 default s UNKNOWN [20.019, 20.014]
timeout-prefix-ok TN_468_4_31 no-card s UNKNOWN [20.012, 20.008]
timeout-prefix-ok TN_468_4_31 card-mto s UNKNOWN [20.007, 20.015]
timeout-prefix-ok TN_468_4_31 card-sinz s UNKNOWN [20.014, 20.005]
timeout-prefix-ok TN_496_2_32 default s UNKNOWN [20.008, 20.011]
timeout-prefix-ok TN_496_2_32 no-card s UNKNOWN [20.017, 20.015]
timeout-prefix-ok TN_496_2_32 card-mto s UNKNOWN [20.012, 20.012]
timeout-prefix-ok TN_496_2_32 card-sinz s UNKNOWN [20.011, 20.013]
timeout-prefix-ok TN_504_2_45 default s UNKNOWN [20.014, 20.019]
timeout-prefix-ok TN_504_2_45 no-card s UNKNOWN [20.02, 20.016]
timeout-prefix-ok TN_504_2_45 card-mto s UNKNOWN [20.009, 20.02]
timeout-prefix-ok TN_504_2_45 card-sinz s UNKNOWN [20.006, 20.008]
timeout-prefix-ok TN_540_4_40 default s UNKNOWN [20.009, 20.006]
identical TN_54_11_4 default o 4 [0.019, 0.016]
identical TN_54_11_4 no-card o 4 [0.017, 0.018]
identical TN_54_11_4 card-mto o 4 [0.018, 0.018]
identical TN_54_11_4 card-sinz o 4 [0.018, 0.018]
timeout-prefix-ok TN_540_4_40 no-card s UNKNOWN [20.014, 20.01]
timeout-prefix-ok TN_540_4_40 card-mto s UNKNOWN [20.014, 20.013]
timeout-prefix-ok TN_540_4_40 card-sinz s UNKNOWN [20.006, 20.02]
timeout-prefix-ok TN_576_2_57 default s UNKNOWN [20.02, 20.02]
timeout-prefix-ok TN_576_2_57 no-card s UNKNOWN [20.014, 20.009]
timeout-prefix-ok TN_576_2_57 card-mto s UNKNOWN [20.019, 20.014]
timeout-prefix-ok TN_576_2_57 card-sinz s UNKNOWN [20.019, 20.015]
timeout-prefix-ok TN_576_2_59 default s UNKNOWN [20.009, 20.017]
timeout-prefix-ok TN_576_2_59 no-card s UNKNOWN [20.011, 20.018]
timeout-prefix-ok TN_576_2_59 card-mto s UNKNOWN [20.012, 20.014]
timeout-prefix-ok TN_576_2_59 card-sinz s UNKNOWN [20.009, 20.028]
timeout-prefix-ok TN_612_2_52 default s UNKNOWN [20.021, 20.009]
timeout-prefix-ok TN_612_2_52 no-card s UNKNOWN [20.017, 20.018]
timeout-prefix-ok TN_612_2_52 card-mto s UNKNOWN [20.016, 20.021]
timeout-prefix-ok TN_612_2_52 card-sinz s UNKNOWN [20.006, 20.017]
timeout-prefix-ok TN_648_10_71 default s UNKNOWN [20.018, 20.01]
timeout-prefix-ok TN_648_10_71 no-card s UNKNOWN [20.019, 20.019]
timeout-prefix-ok TN_648_10_71 card-mto s UNKNOWN [20.009, 20.011]
timeout-prefix-ok TN_648_10_71 card-sinz s UNKNOWN [20.014, 20.02]
timeout-prefix-ok TN_648_14_50 default s UNKNOWN [20.014, 20.021]
timeout-prefix-ok TN_648_14_50 no-card s UNKNOWN [20.021, 20.01]
timeout-prefix-ok TN_648_14_50 card-mto s UNKNOWN [20.018, 20.016]
timeout-prefix-ok TN_648_14_50 card-sinz s UNKNOWN [20.01, 20.014]
timeout-prefix-ok TN_684_2_29 default s UNKNOWN [20.021, 20.012]
identical TN_72_14_4 default o 4 [0.033, 0.03]
timeout-prefix-ok TN_684_2_29 no-card s UNKNOWN [20.011, 20.008]
identical TN_72_14_4 no-card o 4 [0.03, 0.033]
identical TN_72_14_4 card-mto o 4 [0.031, 0.018]
identical TN_72_14_4 card-sinz o 4 [0.041, 0.045]
identical TN_72_8_8 default o 8 [0.595, 0.597]
identical TN_72_8_8 no-card o 8 [0.643, 0.642]
identical TN_72_8_8 card-sinz o 8 [0.625, 0.625]
identical TN_72_8_8 card-mto o 8 [0.742, 0.738]
timeout-prefix-ok TN_684_2_29 card-mto s UNKNOWN [20.019, 20.017]
TIMEOUT-PREFIX-MISMATCH TN_684_2_29 card-sinz s UNKNOWN [20.012, 20.013]
timeout-prefix-ok xu_30 default s UNKNOWN [20.013, 20.026]
timeout-prefix-ok xu_30 no-card s UNKNOWN [20.021, 20.009]
timeout-prefix-ok xu_30 card-mto s UNKNOWN [20.014, 20.022]
timeout-prefix-ok xu_30 card-sinz s UNKNOWN [20.011, 20.011]
timeout-prefix-ok xu_42 default s UNKNOWN [20.022, 20.016]
timeout-prefix-ok xu_42 no-card s UNKNOWN [20.029, 20.011]
timeout-prefix-ok xu_42 card-mto s UNKNOWN [20.015, 20.019]
TIMEOUT-PREFIX-MISMATCH xu_42 card-sinz s UNKNOWN [20.024, 20.012]
{"TIMEOUT-PREFIX-MISMATCH": 5, "identical": 52, "timeout-prefix-ok": 143} STOP: MISMATCH
exit=2
