c DistQLDPC — QLDPC/CSS minimum distance (symplectic MaxSAT)
c solver: MaxCDCL, cardinality encoding: Sinz only
c Hx: data/matrices/BB_1080_4_54_Hx.txt
c Hz: data/matrices/BB_1080_4_54_Hz.txt
c Gx: data/matrices/BB_1080_4_54_Gx.txt
c Gz: data/matrices/BB_1080_4_54_Gz.txt
c Hx: 540 x 1080, Hz: 540 x 1080, Gx: 4 x 1080, Gz: 4 x 1080, logicals: 8
c Mono: 0, fixed: 0
c |  Eliminated clauses:           0.17 Mb                                      |
c Reduced to 6168 vars, 26058 cls (c/v ratio==4.2, grow=0)
c No iterative elimination performed. (vars=6168, c/v ratio=4.2)
c ============================[ Search Statistics ]==============================
c | Conflicts |          ORIGINAL         |          LEARNT          | Progress |
c |           |    Vars  Clauses Literals |    Limit  Clauses Lit/Cl |          |
c ===============================================================================
c nb soft clauses: 1080, of which 1080 unit, 0 nonUnit and 0 empty
c total nb of literals: 91744
c conflLits 0, conflLits2 0, nbFailedLits 0, fixedVarsBypreproc 0, totalFixedVars 1088
c 1 conflict sets found with length 547
c fixedCost 0, nbSatLits 0, totalFixedVars 1088, objForSearch: 1080

c no UB provided, search from scratch...
c ends of initiationization by VSIDS at 0 conflicts with init 10000

c UB=1 fails, cnfls=0, hcnfls=0, core 0, tier2 0, local 0, quasiC: 0 (fixed: 0)
c prunedLB 0.00, dev 0.00, succRate 0.00, nbSucc 0, nbHardens 1 (fixed 1080), lk: 1, shorten: 0, pureSo 0, nbFlyRd 0, nbFixedLH 0

c Cardinality: 3236 (Sinz) for UB 2
c ***** top quasi confl at level 0*****
c ends of initiationization by VSIDS at 34 conflicts with init 9966

c UB=2 fails, cnfls=34, hcnfls=34, core 18, tier2 0, local 16, quasiC: 1 (fixed: 478)
c prunedLB 0.00, dev 0.00, succRate 0.00, nbSucc 0, nbHardens 1 (fixed 1558), lk: 1, shorten: 0, pureSo 0, nbFlyRd 4, nbFixedLH 0

c Cardinality: 7542 (Sinz) for UB 4
c nbFailedLits 0, nbI 0, fixedVarsByFL 0, totalFixedVars 1092, nbTested: 1001, counter 394013
c ***** top quasi confl at level 0*****
c ends of initiationization by VSIDS at 3407 conflicts with init 6627

c UB=4 fails, cnfls=3407, hcnfls=1968, core 1097, tier2 289, local 2207, quasiC: 216 (fixed: 45362)
c prunedLB 3.59, dev 0.52, succRate 0.64, nbSucc 1439, nbHardens 1 (fixed 46442), lk: 2264, shorten: 0, pureSo 0, nbFlyRd 13, nbFixedLH 57

c Cardinality: 16130 (Sinz) for UB 8
c nbFailedLits 0, nbI 0, fixedVarsByFL 0, totalFixedVars 1088, nbTested: 1001, counter 1589319
c nbFailedLits 0, nbI 0, fixedVarsByFL 0, totalFixedVars 1097, nbTested: 1001, counter 2091909
c nbFailedLits 0, nbI 0, fixedVarsByFL 0, totalFixedVars 1116, nbTested: 1001, counter 2937089
c ends of initiationization by VSIDS at 13442 conflicts with init -35

c nbFailedLits 0, nbI 0, fixedVarsByFL 0, totalFixedVars 1133, nbTested: 1001, counter 3893667
c LRB phase 1: conflicts 15195, phase 20000000, starts 61, UP 20530501
c nbFailedLits 0, nbI 0, fixedVarsByFL 0, totalFixedVars 1180, nbTested: 1001, counter 5252442
c nbFailedLits 3, nbI 3, fixedVarsByFL 7, totalFixedVars 1415, nbTested: 2001, counter 6958147
c VSIDS phase 1: conflicts 13326, phase 20000000, starts 129, UP 20132445
c nbFailedLits 0, nbI 0, fixedVarsByFL 0, totalFixedVars 1974, nbTested: 1001, counter 10687510
c nbFailedLits 0, nbI 0, fixedVarsByFL 0, totalFixedVars 2160, nbTested: 1001, counter 17274806
c LRB phase 2: conflicts 35259, phase 40000000, starts 88, UP 40074714
c DistQLDPC — QLDPC/CSS minimum distance (symplectic MaxSAT)
c solver: MaxCDCL, cardinality encoding: Sinz only
c Hx: data/matrices/BB_1080_4_54_Hx.txt
c Hz: data/matrices/BB_1080_4_54_Hz.txt
c Gx: data/matrices/BB_1080_4_54_Gx.txt
c Gz: data/matrices/BB_1080_4_54_Gz.txt
c Hx: 540 x 1080, Hz: 540 x 1080, Gx: 4 x 1080, Gz: 4 x 1080, logicals: 8
c d_lb: 4
c d_ub: -
c status: TIMEOUT (child killed after -cpu-lim)
c d  : UNKNOWN
s UNKNOWN
