c DistQLDPC — QLDPC/CSS minimum distance (symplectic MaxSAT)
c solver: MaxCDCL, cardinality encoding: off (soft-conflict only)
c Hx: data/matrices/BB_144_12_12_Hx.txt
c Hz: data/matrices/BB_144_12_12_Hz.txt
c Gx: data/matrices/BB_144_12_12_Gx.txt
c Gz: data/matrices/BB_144_12_12_Gz.txt
c Hx: 72 x 144, Hz: 72 x 144, Gx: 12 x 144, Gz: 12 x 144, logicals: 24
c Mono: 0, fixed: 0
c |  Eliminated clauses:           0.03 Mb                                      |
c Reduced to 942 vars, 4234 cls (c/v ratio==4.5, grow=0)
c No iterative elimination performed. (vars=942, c/v ratio=4.5)
c ============================[ Search Statistics ]==============================
c | Conflicts |          ORIGINAL         |          LEARNT          | Progress |
c |           |    Vars  Clauses Literals |    Limit  Clauses Lit/Cl |          |
c ===============================================================================
c nb soft clauses: 144, of which 144 unit, 0 nonUnit and 0 empty
c total nb of literals: 15088
c conflLits 0, conflLits2 0, nbFailedLits 0, fixedVarsBypreproc 0, totalFixedVars 168
c 1 conflict sets found with length 81
c fixedCost 0, nbSatLits 0, totalFixedVars 168, objForSearch: 144

c no UB provided, search from scratch...
c ends of initiationization by VSIDS at 0 conflicts with init 10000

c UB=1 fails, cnfls=0, hcnfls=0, core 0, tier2 0, local 0, quasiC: 0 (fixed: 0)
c prunedLB 0.00, dev 0.00, succRate 0.00, nbSucc 0, nbHardens 1 (fixed 144), lk: 1, shorten: 0, pureSo 0, nbFlyRd 0, nbFixedLH 0

c Cardinality: off (soft-conflict only), UB 2
c ***** top quasi confl at level 0*****
c ends of initiationization by VSIDS at 141 conflicts with init 9859

c UB=2 fails, cnfls=141, hcnfls=95, core 152, tier2 10, local 73, quasiC: 1 (fixed: 50)
c prunedLB 0.00, dev 0.00, succRate 0.00, nbSucc 0, nbHardens 64 (fixed 4575), lk: 1, shorten: 0, pureSo 46, nbFlyRd 10, nbFixedLH 0

c Cardinality: off (soft-conflict only), UB 4
c ***** top quasi confl at level 0*****
c ends of initiationization by VSIDS at 780 conflicts with init 9361

c UB=4 fails, cnfls=780, hcnfls=255, core 352, tier2 36, local 397, quasiC: 21 (fixed: 870)
c prunedLB 2.79, dev 0.53, succRate 0.86, nbSucc 397, nbHardens 171 (fixed 16600), lk: 462, shorten: 0, pureSo 129, nbFlyRd 18, nbFixedLH 1

c Cardinality: off (soft-conflict only), UB 8
c nbFailedLits 0, nbI 0, fixedVarsByFL 0, totalFixedVars 168, nbTested: 942, counter 31741
c nbFailedLits 0, nbI 0, fixedVarsByFL 0, totalFixedVars 191, nbTested: 919, counter 114457
c ends of initiationization by VSIDS at 6397 conflicts with init 4383

c UB=8 fails, cnfls=6397, hcnfls=421, core 1642, tier2 228, local 1935, quasiC: 763 (fixed: 31155)
c prunedLB 5.12, dev 1.05, succRate 0.76, nbSucc 5328, nbHardens 236 (fixed 51687), lk: 7041, shorten: 0, pureSo 253, nbFlyRd 37, nbFixedLH 85

c Cardinality: off (soft-conflict only), UB 16
c UB=16 succs, confls=7385, hconfls=427, core 2, tier2 7, local 991,  14 soft cls unsat (0 at L0), 168 fixed vars at L0, softCnfl 254, nbFlyRd 40, nbFixedLH 97
c nbHardens 238 (fixed 58779), shorten: 0, prunedLB 9.12, dev 1.40, succRate 0.74, nbSucc 981, lk: 1317, shorten: 0, quasiC: 920 (fixed: 38077)

c ends of initiationization by VSIDS at 7385 conflicts with init 9012


c Cardinality: off (soft-conflict only), UB 14
c nbFailedLits 0, nbI 0, fixedVarsByFL 0, totalFixedVars 168, nbTested: 942, counter 172976
c UB=14 succs, confls=7790, hconfls=437, core 11, tier2 2, local 1407,  12 soft cls unsat (0 at L0), 168 fixed vars at L0, softCnfl 265, nbFlyRd 45, nbFixedLH 111
c nbHardens 240 (fixed 62435), shorten: 0, prunedLB 7.75, dev 1.75, succRate 0.65, nbSucc 384, lk: 587, shorten: 0, quasiC: 983 (fixed: 41596)


c Cardinality: off (soft-conflict only), UB 12
c nbFailedLits 0, nbI 0, fixedVarsByFL 0, totalFixedVars 168, nbTested: 942, counter 257546
c nbFailedLits 0, nbI 0, fixedVarsByFL 0, totalFixedVars 168, nbTested: 942, counter 379208
c nbFailedLits 0, nbI 0, fixedVarsByFL 0, totalFixedVars 169, nbTested: 941, counter 590766
c nbFailedLits 0, nbI 0, fixedVarsByFL 0, totalFixedVars 169, nbTested: 941, counter 794545
c nbFailedLits 0, nbI 0, fixedVarsByFL 0, totalFixedVars 170, nbTested: 940, counter 1102829
c nbFailedLits 0, nbI 0, fixedVarsByFL 0, totalFixedVars 171, nbTested: 939, counter 1444745
c nbFailedLits 0, nbI 0, fixedVarsByFL 0, totalFixedVars 174, nbTested: 936, counter 1880967
c nbFailedLits 0, nbI 0, fixedVarsByFL 0, totalFixedVars 176, nbTested: 934, counter 2306716
c nbFailedLits 0, nbI 0, fixedVarsByFL 0, totalFixedVars 176, nbTested: 934, counter 2926952
c nbFailedLits 0, nbI 0, fixedVarsByFL 0, totalFixedVars 179, nbTested: 931, counter 3447315
c nbFailedLits 0, nbI 0, fixedVarsByFL 0, totalFixedVars 184, nbTested: 926, counter 4135378
c nbFailedLits 0, nbI 0, fixedVarsByFL 0, totalFixedVars 188, nbTested: 922, counter 4659978
c nbFailedLits 0, nbI 0, fixedVarsByFL 0, totalFixedVars 199, nbTested: 911, counter 5742534
c ***** top quasi confl at level 0*****
c ***** top quasi confl at level 0*****
c LRB phase 1: conflicts 232143, phase 20000000, starts 511, UP 11740903
c UB=12 fails, cnfls=239528, hcnfls=5408, core 8038, tier2 1523, local 5612, quasiC: 42422 (fixed: 1717994)
c prunedLB 6.74, dev 1.61, succRate 0.70, nbSucc 223297, nbHardens 1670 (fixed 1828563), lk: 320119, shorten: 0, pureSo 3736, nbFlyRd 531, nbFixedLH 2847
c ===============================================================================
c initCost: 0, fixedBySearch: 0, optimal: 12, maxsat: 132, hardConflicts: 5408
c nbLK: 329528, nbSuccLK: 230387(69.91%), nbLKup: 273197609(2256.39%), hardens 1670 (fixed 1828563), dynVars 0, shorten: 0
c MaxSAT: OPTIMAL, Pauli weight 12 (reported cost 12), vars 1574 (base 456 + aux 1118)
c DistQLDPC — QLDPC/CSS minimum distance (symplectic MaxSAT)
c solver: MaxCDCL, cardinality encoding: off (soft-conflict only)
c Hx: data/matrices/BB_144_12_12_Hx.txt
c Hz: data/matrices/BB_144_12_12_Hz.txt
c Gx: data/matrices/BB_144_12_12_Gx.txt
c Gz: data/matrices/BB_144_12_12_Gz.txt
c Hx: 72 x 144, Hz: 72 x 144, Gx: 12 x 144, Gz: 12 x 144, logicals: 24
c d_lb: 12
c d_ub: 12
c d  : 12
o 12
