c DistQLDPC — QLDPC/CSS minimum distance (symplectic MaxSAT)
c solver: MaxCDCL, cardinality encoding: off (soft-conflict only)
c Hx: data/matrices/BB_288_12_unknown_Hx.txt
c Hz: data/matrices/BB_288_12_unknown_Hz.txt
c Gx: data/matrices/BB_288_12_unknown_Gx.txt
c Gz: data/matrices/BB_288_12_unknown_Gz.txt
c Hx: 144 x 288, Hz: 144 x 288, Gx: 12 x 288, Gz: 12 x 288, logicals: 24
c Mono: 0, fixed: 0
c |  Eliminated clauses:           0.06 Mb                                      |
c Reduced to 1946 vars, 9042 cls (c/v ratio==4.6, grow=0)
c No iterative elimination performed. (vars=1946, c/v ratio=4.6)
c ============================[ Search Statistics ]==============================
c | Conflicts |          ORIGINAL         |          LEARNT          | Progress |
c |           |    Vars  Clauses Literals |    Limit  Clauses Lit/Cl |          |
c ===============================================================================
c nb soft clauses: 288, of which 288 unit, 0 nonUnit and 0 empty
c total nb of literals: 32536
c conflLits 0, conflLits2 0, nbFailedLits 0, fixedVarsBypreproc 0, totalFixedVars 312
c 1 conflict sets found with length 162
c fixedCost 0, nbSatLits 0, totalFixedVars 312, objForSearch: 288

c no UB provided, search from scratch...
c ends of initiationization by VSIDS at 0 conflicts with init 10000

c UB=1 fails, cnfls=0, hcnfls=0, core 0, tier2 0, local 0, quasiC: 0 (fixed: 0)
c prunedLB 0.00, dev 0.00, succRate 0.00, nbSucc 0, nbHardens 1 (fixed 288), lk: 1, shorten: 0, pureSo 0, nbFlyRd 0, nbFixedLH 0

c Cardinality: off (soft-conflict only), UB 2
c ***** top quasi confl at level 0*****
c ends of initiationization by VSIDS at 211 conflicts with init 9789

c UB=2 fails, cnfls=211, hcnfls=143, core 385, tier2 15, local 107, quasiC: 1 (fixed: 111)
c prunedLB 0.00, dev 0.00, succRate 0.00, nbSucc 0, nbHardens 97 (fixed 13514), lk: 1, shorten: 0, pureSo 68, nbFlyRd 20, nbFixedLH 0

c Cardinality: off (soft-conflict only), UB 4
c ends of initiationization by VSIDS at 822 conflicts with init 9389

c UB=4 fails, cnfls=822, hcnfls=248, core 182, tier2 146, local 431, quasiC: 39 (fixed: 3378)
c prunedLB 2.94, dev 0.60, succRate 0.80, nbSucc 447, nbHardens 167 (fixed 32992), lk: 561, shorten: 0, pureSo 128, nbFlyRd 27, nbFixedLH 8

c Cardinality: off (soft-conflict only), UB 8
c nbFailedLits 0, nbI 0, fixedVarsByFL 0, totalFixedVars 315, nbTested: 1001, counter 60332
c nbFailedLits 0, nbI 0, fixedVarsByFL 0, totalFixedVars 320, nbTested: 1001, counter 201279
c nbFailedLits 0, nbI 0, fixedVarsByFL 0, totalFixedVars 410, nbTested: 1001, counter 392693
c ends of initiationization by VSIDS at 10823 conflicts with init -1

c LRB phase 1: conflicts 1265, phase 20000000, starts 8, UP 92872
c UB=8 fails, cnfls=12088, hcnfls=540, core 3832, tier2 714, local 6472, quasiC: 1471 (fixed: 113109)
c prunedLB 5.39, dev 1.07, succRate 0.76, nbSucc 10746, nbHardens 282 (fixed 161427), lk: 14089, shorten: 0, pureSo 357, nbFlyRd 61, nbFixedLH 155

c Cardinality: off (soft-conflict only), UB 16
c nbFailedLits 0, nbI 0, fixedVarsByFL 0, totalFixedVars 312, nbTested: 1001, counter 505862
c nbFailedLits 0, nbI 0, fixedVarsByFL 0, totalFixedVars 312, nbTested: 1001, counter 620789
c nbFailedLits 0, nbI 0, fixedVarsByFL 0, totalFixedVars 312, nbTested: 1001, counter 778303
c ends of initiationization by VSIDS at 22100 conflicts with init -12

c nbFailedLits 0, nbI 0, fixedVarsByFL 0, totalFixedVars 312, nbTested: 1001, counter 1054905
c nbFailedLits 0, nbI 0, fixedVarsByFL 0, totalFixedVars 312, nbTested: 1001, counter 1446514
c nbFailedLits 0, nbI 0, fixedVarsByFL 0, totalFixedVars 312, nbTested: 1001, counter 1813191
c nbFailedLits 0, nbI 0, fixedVarsByFL 0, totalFixedVars 312, nbTested: 1001, counter 2302412
c nbFailedLits 0, nbI 0, fixedVarsByFL 0, totalFixedVars 312, nbTested: 1001, counter 2846374
c nbFailedLits 0, nbI 0, fixedVarsByFL 0, totalFixedVars 312, nbTested: 1001, counter 3458012
c nbFailedLits 0, nbI 0, fixedVarsByFL 0, totalFixedVars 312, nbTested: 1001, counter 4208304
c nbFailedLits 0, nbI 0, fixedVarsByFL 0, totalFixedVars 312, nbTested: 1001, counter 5005047
c nbFailedLits 0, nbI 0, fixedVarsByFL 0, totalFixedVars 312, nbTested: 1001, counter 5785170
c nbFailedLits 0, nbI 0, fixedVarsByFL 0, totalFixedVars 312, nbTested: 1001, counter 6693954
c nbFailedLits 0, nbI 0, fixedVarsByFL 0, totalFixedVars 312, nbTested: 1001, counter 7735624
c nbFailedLits 0, nbI 0, fixedVarsByFL 0, totalFixedVars 312, nbTested: 1001, counter 9620295
c nbFailedLits 0, nbI 0, fixedVarsByFL 0, totalFixedVars 312, nbTested: 1001, counter 10667719
c LRB phase 2: conflicts 270676, phase 20000000, starts 636, UP 20014289
c DistQLDPC — QLDPC/CSS minimum distance (symplectic MaxSAT)
c solver: MaxCDCL, cardinality encoding: off (soft-conflict only)
c Hx: data/matrices/BB_288_12_unknown_Hx.txt
c Hz: data/matrices/BB_288_12_unknown_Hz.txt
c Gx: data/matrices/BB_288_12_unknown_Gx.txt
c Gz: data/matrices/BB_288_12_unknown_Gz.txt
c Hx: 144 x 288, Hz: 144 x 288, Gx: 12 x 288, Gz: 12 x 288, logicals: 24
c d_lb: 8
c d_ub: -
c status: TIMEOUT (child killed after -cpu-lim)
c d  : UNKNOWN
s UNKNOWN
