c DistQLDPC — QLDPC/CSS minimum distance (symplectic MaxSAT)
c solver: MaxCDCL, cardinality encoding: off (soft-conflict only)
c Hx: data/matrices/BB_360_12_unknown_Hx.txt
c Hz: data/matrices/BB_360_12_unknown_Hz.txt
c Gx: data/matrices/BB_360_12_unknown_Gx.txt
c Gz: data/matrices/BB_360_12_unknown_Gz.txt
c Hx: 180 x 360, Hz: 180 x 360, Gx: 12 x 360, Gz: 12 x 360, logicals: 24
c Mono: 0, fixed: 0
c |  Eliminated clauses:           0.08 Mb                                      |
c Reduced to 2505 vars, 11714 cls (c/v ratio==4.7, grow=0)
c No iterative elimination performed. (vars=2505, c/v ratio=4.7)
c ============================[ Search Statistics ]==============================
c | Conflicts |          ORIGINAL         |          LEARNT          | Progress |
c |           |    Vars  Clauses Literals |    Limit  Clauses Lit/Cl |          |
c ===============================================================================
c nb soft clauses: 360, of which 360 unit, 0 nonUnit and 0 empty
c total nb of literals: 42144
c conflLits 0, conflLits2 0, nbFailedLits 0, fixedVarsBypreproc 0, totalFixedVars 384
c 1 conflict sets found with length 190
c fixedCost 0, nbSatLits 0, totalFixedVars 384, objForSearch: 360

c no UB provided, search from scratch...
c ends of initiationization by VSIDS at 0 conflicts with init 10000

c UB=1 fails, cnfls=0, hcnfls=0, core 0, tier2 0, local 0, quasiC: 0 (fixed: 0)
c prunedLB 0.00, dev 0.00, succRate 0.00, nbSucc 0, nbHardens 1 (fixed 360), lk: 1, shorten: 0, pureSo 0, nbFlyRd 0, nbFixedLH 0

c Cardinality: off (soft-conflict only), UB 2
c ***** top quasi confl at level 0*****
c ends of initiationization by VSIDS at 250 conflicts with init 9750

c UB=2 fails, cnfls=250, hcnfls=205, core 1164, tier2 8, local 171, quasiC: 1 (fixed: 138)
c prunedLB 0.00, dev 0.00, succRate 0.00, nbSucc 0, nbHardens 180 (fixed 32515), lk: 1, shorten: 0, pureSo 45, nbFlyRd 24, nbFixedLH 0

c Cardinality: off (soft-conflict only), UB 4
c nbFailedLits 0, nbI 0, fixedVarsByFL 0, totalFixedVars 388, nbTested: 1001, counter 23730
c ends of initiationization by VSIDS at 1726 conflicts with init 8524

c UB=4 fails, cnfls=1726, hcnfls=477, core 1394, tier2 25, local 1058, quasiC: 40 (fixed: 3343)
c prunedLB 2.69, dev 0.60, succRate 0.89, nbSucc 1005, nbHardens 328 (fixed 75249), lk: 1124, shorten: 0, pureSo 245, nbFlyRd 48, nbFixedLH 15

c Cardinality: off (soft-conflict only), UB 8
c nbFailedLits 0, nbI 0, fixedVarsByFL 0, totalFixedVars 386, nbTested: 1001, counter 86432
c nbFailedLits 0, nbI 0, fixedVarsByFL 0, totalFixedVars 405, nbTested: 1001, counter 271816
c nbFailedLits 0, nbI 0, fixedVarsByFL 0, totalFixedVars 425, nbTested: 1001, counter 549571
c ends of initiationization by VSIDS at 11727 conflicts with init -1

c LRB phase 1: conflicts 6018, phase 20000000, starts 30, UP 467420
c UB=8 fails, cnfls=17745, hcnfls=826, core 3134, tier2 616, local 5301, quasiC: 1956 (fixed: 189047)
c prunedLB 5.44, dev 1.09, succRate 0.77, nbSucc 15363, nbHardens 488 (fixed 294395), lk: 20001, shorten: 0, pureSo 553, nbFlyRd 84, nbFixedLH 222

c Cardinality: off (soft-conflict only), UB 16
c nbFailedLits 0, nbI 0, fixedVarsByFL 0, totalFixedVars 384, nbTested: 1001, counter 877024
c nbFailedLits 0, nbI 0, fixedVarsByFL 0, totalFixedVars 384, nbTested: 1001, counter 972071
c nbFailedLits 0, nbI 0, fixedVarsByFL 0, totalFixedVars 384, nbTested: 1001, counter 1155721
c ends of initiationization by VSIDS at 27745 conflicts with init 0

c nbFailedLits 0, nbI 0, fixedVarsByFL 0, totalFixedVars 384, nbTested: 1001, counter 1467004
c nbFailedLits 0, nbI 0, fixedVarsByFL 0, totalFixedVars 384, nbTested: 1001, counter 1875680
c nbFailedLits 0, nbI 0, fixedVarsByFL 0, totalFixedVars 384, nbTested: 1001, counter 2263112
c nbFailedLits 0, nbI 0, fixedVarsByFL 0, totalFixedVars 384, nbTested: 1001, counter 2738321
c nbFailedLits 0, nbI 0, fixedVarsByFL 0, totalFixedVars 384, nbTested: 1001, counter 3298994
c nbFailedLits 0, nbI 0, fixedVarsByFL 0, totalFixedVars 384, nbTested: 1001, counter 3967916
c nbFailedLits 0, nbI 0, fixedVarsByFL 0, totalFixedVars 384, nbTested: 1001, counter 4859888
c nbFailedLits 0, nbI 0, fixedVarsByFL 0, totalFixedVars 384, nbTested: 1001, counter 5648506
c nbFailedLits 0, nbI 0, fixedVarsByFL 0, totalFixedVars 384, nbTested: 1001, counter 6550710
c nbFailedLits 0, nbI 0, fixedVarsByFL 0, totalFixedVars 384, nbTested: 1001, counter 7621909
c nbFailedLits 0, nbI 0, fixedVarsByFL 0, totalFixedVars 384, nbTested: 1001, counter 8810110
c nbFailedLits 0, nbI 0, fixedVarsByFL 0, totalFixedVars 384, nbTested: 1001, counter 11210787
c LRB phase 2: conflicts 236932, phase 20000000, starts 518, UP 20019821
c DistQLDPC — QLDPC/CSS minimum distance (symplectic MaxSAT)
c solver: MaxCDCL, cardinality encoding: off (soft-conflict only)
c Hx: data/matrices/BB_360_12_unknown_Hx.txt
c Hz: data/matrices/BB_360_12_unknown_Hz.txt
c Gx: data/matrices/BB_360_12_unknown_Gx.txt
c Gz: data/matrices/BB_360_12_unknown_Gz.txt
c Hx: 180 x 360, Hz: 180 x 360, Gx: 12 x 360, Gz: 12 x 360, logicals: 24
c d_lb: 8
c d_ub: -
c status: TIMEOUT (child killed after -cpu-lim)
c d  : UNKNOWN
s UNKNOWN
