c DistQLDPC — QLDPC/CSS minimum distance (symplectic MaxSAT)
c solver: MaxCDCL, cardinality encoding: Sinz only
c Hx: data/matrices/GB_144_12_12_Hx.txt
c Hz: data/matrices/GB_144_12_12_Hz.txt
c Gx: data/matrices/GB_144_12_12_Gx.txt
c Gz: data/matrices/GB_144_12_12_Gz.txt
c Hx: 66 x 144, Hz: 66 x 144, Gx: 12 x 144, Gz: 12 x 144, logicals: 24
c Mono: 0, fixed: 0
c |  Eliminated clauses:           0.05 Mb                                      |
c Reduced to 1262 vars, 6638 cls (c/v ratio==5.3, grow=0)
c No iterative elimination performed. (vars=1262, c/v ratio=5.3)
c ============================[ Search Statistics ]==============================
c | Conflicts |          ORIGINAL         |          LEARNT          | Progress |
c |           |    Vars  Clauses Literals |    Limit  Clauses Lit/Cl |          |
c ===============================================================================
c nb soft clauses: 144, of which 144 unit, 0 nonUnit and 0 empty
c total nb of literals: 24644
c conflLits 0, conflLits2 0, nbFailedLits 0, fixedVarsBypreproc 0, totalFixedVars 156
c 1 conflict sets found with length 79
c fixedCost 0, nbSatLits 0, totalFixedVars 156, objForSearch: 144

c no UB provided, search from scratch...
c ends of initiationization by VSIDS at 0 conflicts with init 10000

c UB=1 fails, cnfls=0, hcnfls=0, core 0, tier2 0, local 0, quasiC: 0 (fixed: 0)
c prunedLB 0.00, dev 0.00, succRate 0.00, nbSucc 0, nbHardens 1 (fixed 144), lk: 1, shorten: 0, pureSo 0, nbFlyRd 0, nbFixedLH 0

c Cardinality: 428 (Sinz) for UB 2
c ***** top quasi confl at level 0*****
c ends of initiationization by VSIDS at 42 conflicts with init 9958

c UB=2 fails, cnfls=42, hcnfls=42, core 15, tier2 5, local 25, quasiC: 1 (fixed: 43)
c prunedLB 0.00, dev 0.00, succRate 0.00, nbSucc 0, nbHardens 1 (fixed 187), lk: 1, shorten: 0, pureSo 0, nbFlyRd 1, nbFixedLH 0

c Cardinality: 990 (Sinz) for UB 4
c nbFailedLits 6, nbI 0, fixedVarsByFL 24, totalFixedVars 352, nbTested: 1498, counter 80550
c ends of initiationization by VSIDS at 1290 conflicts with init 8752

c UB=4 fails, cnfls=1290, hcnfls=832, core 486, tier2 36, local 680, quasiC: 75 (fixed: 1732)
c prunedLB 3.25, dev 0.60, succRate 0.65, nbSucc 458, nbHardens 1 (fixed 1876), lk: 700, shorten: 0, pureSo 0, nbFlyRd 15, nbFixedLH 25

c Cardinality: 2090 (Sinz) for UB 8
c nbFailedLits 0, nbI 0, fixedVarsByFL 0, totalFixedVars 156, nbTested: 1001, counter 114914
c nbFailedLits 0, nbI 0, fixedVarsByFL 0, totalFixedVars 161, nbTested: 1001, counter 180249
c nbFailedLits 0, nbI 0, fixedVarsByFL 0, totalFixedVars 165, nbTested: 1001, counter 296458
c ends of initiationization by VSIDS at 11290 conflicts with init 0

c nbFailedLits 0, nbI 0, fixedVarsByFL 0, totalFixedVars 183, nbTested: 1001, counter 500503
c ***** top quasi confl at level 0*****
c LRB phase 1: conflicts 13555, phase 20000000, starts 60, UP 3116377
c UB=8 fails, cnfls=24845, hcnfls=2042, core 2279, tier2 342, local 3143, quasiC: 3497 (fixed: 150523)
c prunedLB 4.94, dev 0.98, succRate 0.75, nbSucc 22346, nbHardens 1 (fixed 150667), lk: 29978, shorten: 0, pureSo 0, nbFlyRd 88, nbFixedLH 303

c Cardinality: 4194 (Sinz) for UB 16
c nbFailedLits 0, nbI 0, fixedVarsByFL 0, totalFixedVars 156, nbTested: 1001, counter 730379
c nbFailedLits 0, nbI 0, fixedVarsByFL 0, totalFixedVars 156, nbTested: 1001, counter 797476
c nbFailedLits 0, nbI 0, fixedVarsByFL 0, totalFixedVars 156, nbTested: 1001, counter 914493
c ends of initiationization by VSIDS at 34850 conflicts with init -5

c nbFailedLits 0, nbI 0, fixedVarsByFL 0, totalFixedVars 156, nbTested: 1001, counter 1103502
c nbFailedLits 0, nbI 0, fixedVarsByFL 0, totalFixedVars 156, nbTested: 1001, counter 1349548
c nbFailedLits 0, nbI 0, fixedVarsByFL 0, totalFixedVars 156, nbTested: 1001, counter 1597995
c nbFailedLits 0, nbI 0, fixedVarsByFL 0, totalFixedVars 156, nbTested: 1001, counter 2086937
c UB=16 succs, confls=83626, hconfls=2923, core 729, tier2 62, local 26869,  15 soft cls unsat (0 at L0), 156 fixed vars at L0, softCnfl 0, nbFlyRd 294, nbFixedLH 843
c nbHardens 3 (fixed 720944), shorten: 0, prunedLB 7.49, dev 1.34, succRate 0.72, nbSucc 57900, lk: 80750, shorten: 0, quasiC: 15435 (fixed: 720800)


c Cardinality: 3938 (Sinz) for UB 15
c nbFailedLits 0, nbI 0, fixedVarsByFL 0, totalFixedVars 156, nbTested: 1001, counter 2306256
c nbFailedLits 0, nbI 0, fixedVarsByFL 0, totalFixedVars 156, nbTested: 1001, counter 2740118
c LRB phase 2: conflicts 84351, phase 20000000, starts 253, UP 20565518
c nbFailedLits 0, nbI 0, fixedVarsByFL 0, totalFixedVars 156, nbTested: 1001, counter 3209130
c nbFailedLits 0, nbI 0, fixedVarsByFL 0, totalFixedVars 156, nbTested: 1001, counter 3692751
c nbFailedLits 0, nbI 0, fixedVarsByFL 0, totalFixedVars 156, nbTested: 1001, counter 4250079
c nbFailedLits 0, nbI 0, fixedVarsByFL 0, totalFixedVars 156, nbTested: 1001, counter 4849405
c VSIDS phase 1: conflicts 86744, phase 20000000, starts 476, UP 20118319
c nbFailedLits 0, nbI 0, fixedVarsByFL 0, totalFixedVars 156, nbTested: 1001, counter 5700368
c nbFailedLits 0, nbI 0, fixedVarsByFL 0, totalFixedVars 156, nbTested: 1001, counter 6348640
c nbFailedLits 0, nbI 0, fixedVarsByFL 0, totalFixedVars 156, nbTested: 1001, counter 7143214
c nbFailedLits 0, nbI 0, fixedVarsByFL 0, totalFixedVars 156, nbTested: 1001, counter 8021819
c nbFailedLits 0, nbI 0, fixedVarsByFL 0, totalFixedVars 156, nbTested: 1001, counter 9020937
c LRB phase 3: conflicts 159908, phase 40000000, starts 306, UP 40018887
c nbFailedLits 0, nbI 0, fixedVarsByFL 0, totalFixedVars 156, nbTested: 1001, counter 9781842
c nbFailedLits 0, nbI 0, fixedVarsByFL 0, totalFixedVars 156, nbTested: 1001, counter 10680347
c nbFailedLits 0, nbI 0, fixedVarsByFL 0, totalFixedVars 156, nbTested: 1001, counter 11611488
c nbFailedLits 0, nbI 0, fixedVarsByFL 0, totalFixedVars 156, nbTested: 1001, counter 12612168
c VSIDS phase 2: conflicts 171190, phase 40000000, starts 920, UP 40013040
c DistQLDPC — QLDPC/CSS minimum distance (symplectic MaxSAT)
c solver: MaxCDCL, cardinality encoding: Sinz only
c Hx: data/matrices/GB_144_12_12_Hx.txt
c Hz: data/matrices/GB_144_12_12_Hz.txt
c Gx: data/matrices/GB_144_12_12_Gx.txt
c Gz: data/matrices/GB_144_12_12_Gz.txt
c Hx: 66 x 144, Hz: 66 x 144, Gx: 12 x 144, Gz: 12 x 144, logicals: 24
c d_lb: 8
c d_ub: 15
c status: TIMEOUT (child killed after -cpu-lim)
c d  : UNKNOWN
s UNKNOWN
