c DistQLDPC — QLDPC/CSS minimum distance (symplectic MaxSAT)
c solver: MaxCDCL, cardinality encoding: Sinz+MTO (default, Sinz if n<=100)
c Hx: data/matrices/GB_144_12_12_Hx.txt
c Hz: data/matrices/GB_144_12_12_Hz.txt
c Gx: data/matrices/GB_144_12_12_Gx.txt
c Gz: data/matrices/GB_144_12_12_Gz.txt
c Hx: 66 x 144, Hz: 66 x 144, Gx: 12 x 144, Gz: 12 x 144, logicals: 24
c Mono: 0, fixed: 0
c |  Eliminated clauses:           0.05 Mb                                      |
c Reduced to 1262 vars, 6638 cls (c/v ratio==5.3, grow=0)
c No iterative elimination performed. (vars=1262, c/v ratio=5.3)
c ============================[ Search Statistics ]==============================
c | Conflicts |          ORIGINAL         |          LEARNT          | Progress |
c |           |    Vars  Clauses Literals |    Limit  Clauses Lit/Cl |          |
c ===============================================================================
c nb soft clauses: 144, of which 144 unit, 0 nonUnit and 0 empty
c total nb of literals: 24644
c conflLits 0, conflLits2 0, nbFailedLits 0, fixedVarsBypreproc 0, totalFixedVars 156
c 1 conflict sets found with length 79
c fixedCost 0, nbSatLits 0, totalFixedVars 156, objForSearch: 144

c no UB provided, search from scratch...
c ends of initiationization by VSIDS at 0 conflicts with init 10000

c UB=1 fails, cnfls=0, hcnfls=0, core 0, tier2 0, local 0, quasiC: 0 (fixed: 0)
c prunedLB 0.00, dev 0.00, succRate 0.00, nbSucc 0, nbHardens 1 (fixed 144), lk: 1, shorten: 0, pureSo 0, nbFlyRd 0, nbFixedLH 0

c Cardinality: 429 (Sinz+MTO) for UB 2
c ***** top quasi confl at level 0*****
c ends of initiationization by VSIDS at 4 conflicts with init 9996

c UB=2 fails, cnfls=4, hcnfls=4, core 2, tier2 0, local 0, quasiC: 1 (fixed: 43)
c prunedLB 0.00, dev 0.00, succRate 0.00, nbSucc 0, nbHardens 1 (fixed 187), lk: 1, shorten: 0, pureSo 0, nbFlyRd 1, nbFixedLH 0

c Cardinality: 919 (Sinz+MTO) for UB 4
c nbFailedLits 0, nbI 0, fixedVarsByFL 0, totalFixedVars 160, nbTested: 1001, counter 10581
c ends of initiationization by VSIDS at 2761 conflicts with init 7243

c UB=4 fails, cnfls=2761, hcnfls=666, core 2404, tier2 186, local 1670, quasiC: 40 (fixed: 1829)
c prunedLB 2.31, dev 0.47, succRate 0.96, nbSucc 1896, nbHardens 327 (fixed 35666), lk: 1968, shorten: 0, pureSo 200, nbFlyRd 32, nbFixedLH 18

c Cardinality: 1248 (Sinz+MTO) for UB 8
c nbFailedLits 0, nbI 0, fixedVarsByFL 0, totalFixedVars 158, nbTested: 1001, counter 77263
c nbFailedLits 0, nbI 0, fixedVarsByFL 0, totalFixedVars 162, nbTested: 1001, counter 123323
c nbFailedLits 0, nbI 0, fixedVarsByFL 0, totalFixedVars 170, nbTested: 1001, counter 231541
c ends of initiationization by VSIDS at 12766 conflicts with init -5

c ***** top quasi confl at level 0*****
c LRB phase 1: conflicts 5446, phase 20000000, starts 29, UP 338992
c UB=8 fails, cnfls=18212, hcnfls=1172, core 1794, tier2 333, local 3892, quasiC: 2260 (fixed: 107785)
c prunedLB 5.02, dev 0.99, succRate 0.75, nbSucc 14780, nbHardens 468 (fixed 151164), lk: 19807, shorten: 0, pureSo 366, nbFlyRd 88, nbFixedLH 197

c Cardinality: 1433 (Sinz+MTO) for UB 16
c nbFailedLits 0, nbI 0, fixedVarsByFL 0, totalFixedVars 156, nbTested: 1001, counter 411739
c nbFailedLits 0, nbI 0, fixedVarsByFL 0, totalFixedVars 156, nbTested: 1001, counter 479545
c nbFailedLits 0, nbI 0, fixedVarsByFL 0, totalFixedVars 156, nbTested: 1001, counter 599160
c ends of initiationization by VSIDS at 28214 conflicts with init -2

c nbFailedLits 0, nbI 0, fixedVarsByFL 0, totalFixedVars 156, nbTested: 1001, counter 787718
c nbFailedLits 0, nbI 0, fixedVarsByFL 0, totalFixedVars 156, nbTested: 1001, counter 1038172
c nbFailedLits 0, nbI 0, fixedVarsByFL 0, totalFixedVars 156, nbTested: 1001, counter 1332162
c nbFailedLits 0, nbI 0, fixedVarsByFL 0, totalFixedVars 156, nbTested: 1001, counter 1765944
c nbFailedLits 0, nbI 0, fixedVarsByFL 0, totalFixedVars 156, nbTested: 1001, counter 1986489
c nbFailedLits 0, nbI 0, fixedVarsByFL 0, totalFixedVars 156, nbTested: 1001, counter 2426118
c UB=16 succs, confls=102470, hconfls=2173, core 2182, tier2 470, local 23354,  15 soft cls unsat (0 at L0), 156 fixed vars at L0, softCnfl 535, nbFlyRd 311, nbFixedLH 858
c nbHardens 573 (fixed 991154), shorten: 0, prunedLB 7.64, dev 1.37, succRate 0.72, nbSucc 83088, lk: 115904, shorten: 0, quasiC: 20121 (fixed: 942470)


c Cardinality: 1434 (Sinz+MTO) for UB 15
c nbFailedLits 0, nbI 0, fixedVarsByFL 0, totalFixedVars 156, nbTested: 1001, counter 2922853
c nbFailedLits 0, nbI 0, fixedVarsByFL 0, totalFixedVars 156, nbTested: 1001, counter 3458276
c nbFailedLits 0, nbI 0, fixedVarsByFL 0, totalFixedVars 156, nbTested: 1001, counter 4050855
c nbFailedLits 0, nbI 0, fixedVarsByFL 0, totalFixedVars 156, nbTested: 1001, counter 4665850
c nbFailedLits 0, nbI 0, fixedVarsByFL 0, totalFixedVars 156, nbTested: 1001, counter 5377117
c nbFailedLits 0, nbI 0, fixedVarsByFL 0, totalFixedVars 156, nbTested: 1001, counter 6498959
c nbFailedLits 0, nbI 0, fixedVarsByFL 0, totalFixedVars 156, nbTested: 1001, counter 7241620
c nbFailedLits 0, nbI 0, fixedVarsByFL 0, totalFixedVars 156, nbTested: 1001, counter 8175869
c nbFailedLits 0, nbI 0, fixedVarsByFL 0, totalFixedVars 156, nbTested: 1001, counter 9187790
c nbFailedLits 0, nbI 0, fixedVarsByFL 0, totalFixedVars 156, nbTested: 1001, counter 10111914
c LRB phase 2: conflicts 381251, phase 20000000, starts 893, UP 20122363
c DistQLDPC — QLDPC/CSS minimum distance (symplectic MaxSAT)
c solver: MaxCDCL, cardinality encoding: Sinz+MTO (default, Sinz if n<=100)
c Hx: data/matrices/GB_144_12_12_Hx.txt
c Hz: data/matrices/GB_144_12_12_Hz.txt
c Gx: data/matrices/GB_144_12_12_Gx.txt
c Gz: data/matrices/GB_144_12_12_Gz.txt
c Hx: 66 x 144, Hz: 66 x 144, Gx: 12 x 144, Gz: 12 x 144, logicals: 24
c d_lb: 8
c d_ub: 15
c status: TIMEOUT (child killed after -cpu-lim)
c d  : UNKNOWN
s UNKNOWN
