c DistQLDPC — QLDPC/CSS minimum distance (symplectic MaxSAT)
c solver: MaxCDCL, cardinality encoding: Sinz only
c Hx: data/matrices/LP_442_68_10_Hx.txt
c Hz: data/matrices/LP_442_68_10_Hz.txt
c Gx: data/matrices/LP_442_68_10_Gx.txt
c Gz: data/matrices/LP_442_68_10_Gz.txt
c Hx: 195 x 442, Hz: 195 x 442, Gx: 68 x 442, Gz: 68 x 442, logicals: 136
c Mono: 0, fixed: 0
c |  Eliminated clauses:           0.17 Mb                                      |
c Reduced to 4322 vars, 23344 cls (c/v ratio==5.4, grow=0)
c No iterative elimination performed. (vars=4322, c/v ratio=5.4)
c ============================[ Search Statistics ]==============================
c | Conflicts |          ORIGINAL         |          LEARNT          | Progress |
c |           |    Vars  Clauses Literals |    Limit  Clauses Lit/Cl |          |
c ===============================================================================
c nb soft clauses: 442, of which 442 unit, 0 nonUnit and 0 empty
c total nb of literals: 87106
c conflLits 0, conflLits2 0, nbFailedLits 0, fixedVarsBypreproc 0, totalFixedVars 526
c 1 conflict sets found with length 282
c fixedCost 0, nbSatLits 0, totalFixedVars 526, objForSearch: 442

c no UB provided, search from scratch...
c ends of initiationization by VSIDS at 0 conflicts with init 10000

c UB=1 fails, cnfls=0, hcnfls=0, core 0, tier2 0, local 0, quasiC: 0 (fixed: 0)
c prunedLB 0.00, dev 0.00, succRate 0.00, nbSucc 0, nbHardens 1 (fixed 442), lk: 1, shorten: 0, pureSo 0, nbFlyRd 0, nbFixedLH 0

c Cardinality: 1322 (Sinz) for UB 2
c ***** top quasi confl at level 0*****
c ends of initiationization by VSIDS at 210 conflicts with init 9790

c UB=2 fails, cnfls=210, hcnfls=210, core 76, tier2 9, local 121, quasiC: 1 (fixed: 62)
c prunedLB 0.00, dev 0.00, succRate 0.00, nbSucc 0, nbHardens 1 (fixed 504), lk: 1, shorten: 0, pureSo 0, nbFlyRd 10, nbFixedLH 0

c Cardinality: 3076 (Sinz) for UB 4
c nbFailedLits 0, nbI 0, fixedVarsByFL 0, totalFixedVars 711, nbTested: 1001, counter 133094
c nbFailedLits 10, nbI 0, fixedVarsByFL 44, totalFixedVars 772, nbTested: 4559, counter 584267
c ends of initiationization by VSIDS at 8047 conflicts with init 2163

c UB=4 fails, cnfls=8047, hcnfls=4918, core 2525, tier2 324, local 5418, quasiC: 513 (fixed: 42727)
c prunedLB 3.44, dev 0.61, succRate 0.61, nbSucc 3130, nbHardens 1 (fixed 43169), lk: 5169, shorten: 0, pureSo 0, nbFlyRd 35, nbFixedLH 170

c Cardinality: 6560 (Sinz) for UB 8
c nbFailedLits 0, nbI 0, fixedVarsByFL 0, totalFixedVars 526, nbTested: 1001, counter 1331265
c nbFailedLits 0, nbI 0, fixedVarsByFL 0, totalFixedVars 532, nbTested: 1001, counter 1446659
c nbFailedLits 0, nbI 0, fixedVarsByFL 0, totalFixedVars 540, nbTested: 1001, counter 1662303
c ends of initiationization by VSIDS at 18061 conflicts with init -14

c nbFailedLits 1, nbI 4, fixedVarsByFL 8, totalFixedVars 577, nbTested: 1675, counter 2056468
c nbFailedLits 0, nbI 0, fixedVarsByFL 0, totalFixedVars 626, nbTested: 1001, counter 2674534
c nbFailedLits 0, nbI 0, fixedVarsByFL 0, totalFixedVars 665, nbTested: 1001, counter 3254524
c LRB phase 1: conflicts 33187, phase 20000000, starts 122, UP 20080184
c nbFailedLits 1, nbI 0, fixedVarsByFL 1, totalFixedVars 841, nbTested: 1299, counter 3996045
c VSIDS phase 1: conflicts 14033, phase 20000000, starts 128, UP 9647824
c UB=8 fails, cnfls=65281, hcnfls=7631, core 3004, tier2 452, local 8985, quasiC: 6750 (fixed: 842196)
c prunedLB 5.33, dev 1.02, succRate 0.79, nbSucc 54522, nbHardens 1 (fixed 842638), lk: 69444, shorten: 0, pureSo 0, nbFlyRd 168, nbFixedLH 744

c Cardinality: 13432 (Sinz) for UB 16
c nbFailedLits 0, nbI 0, fixedVarsByFL 0, totalFixedVars 526, nbTested: 1001, counter 4445403
c nbFailedLits 0, nbI 0, fixedVarsByFL 0, totalFixedVars 526, nbTested: 1001, counter 4549690
c nbFailedLits 0, nbI 0, fixedVarsByFL 0, totalFixedVars 526, nbTested: 1001, counter 4740697
c ends of initiationization by VSIDS at 75282 conflicts with init -1

c nbFailedLits 0, nbI 0, fixedVarsByFL 0, totalFixedVars 526, nbTested: 1001, counter 5069735
c nbFailedLits 0, nbI 0, fixedVarsByFL 0, totalFixedVars 526, nbTested: 1001, counter 5424129
c nbFailedLits 0, nbI 0, fixedVarsByFL 0, totalFixedVars 526, nbTested: 1001, counter 5937691
c LRB phase 2: conflicts 31542, phase 20000000, starts 109, UP 20452795
c nbFailedLits 0, nbI 0, fixedVarsByFL 0, totalFixedVars 526, nbTested: 1001, counter 6454704
c nbFailedLits 0, nbI 0, fixedVarsByFL 0, totalFixedVars 526, nbTested: 1001, counter 7074399
c VSIDS phase 2: conflicts 32667, phase 20000000, starts 223, UP 20035062
c nbFailedLits 0, nbI 0, fixedVarsByFL 0, totalFixedVars 526, nbTested: 1001, counter 7819757
c nbFailedLits 0, nbI 0, fixedVarsByFL 0, totalFixedVars 526, nbTested: 1001, counter 8650755
c nbFailedLits 0, nbI 0, fixedVarsByFL 0, totalFixedVars 526, nbTested: 1001, counter 9526158
c LRB phase 3: conflicts 74064, phase 40000000, starts 146, UP 43637896
c DistQLDPC — QLDPC/CSS minimum distance (symplectic MaxSAT)
c solver: MaxCDCL, cardinality encoding: Sinz only
c Hx: data/matrices/LP_442_68_10_Hx.txt
c Hz: data/matrices/LP_442_68_10_Hz.txt
c Gx: data/matrices/LP_442_68_10_Gx.txt
c Gz: data/matrices/LP_442_68_10_Gz.txt
c Hx: 195 x 442, Hz: 195 x 442, Gx: 68 x 442, Gz: 68 x 442, logicals: 136
c d_lb: 8
c d_ub: -
c status: TIMEOUT (child killed after -cpu-lim)
c d  : UNKNOWN
s UNKNOWN
