c DistQLDPC — QLDPC/CSS minimum distance (symplectic MaxSAT)
c solver: MaxCDCL, cardinality encoding: off (soft-conflict only)
c Hx: data/matrices/LP_442_68_10_Hx.txt
c Hz: data/matrices/LP_442_68_10_Hz.txt
c Gx: data/matrices/LP_442_68_10_Gx.txt
c Gz: data/matrices/LP_442_68_10_Gz.txt
c Hx: 195 x 442, Hz: 195 x 442, Gx: 68 x 442, Gz: 68 x 442, logicals: 136
c Mono: 0, fixed: 0
c |  Eliminated clauses:           0.17 Mb                                      |
c Reduced to 4322 vars, 23344 cls (c/v ratio==5.4, grow=0)
c No iterative elimination performed. (vars=4322, c/v ratio=5.4)
c ============================[ Search Statistics ]==============================
c | Conflicts |          ORIGINAL         |          LEARNT          | Progress |
c |           |    Vars  Clauses Literals |    Limit  Clauses Lit/Cl |          |
c ===============================================================================
c nb soft clauses: 442, of which 442 unit, 0 nonUnit and 0 empty
c total nb of literals: 87106
c conflLits 0, conflLits2 0, nbFailedLits 0, fixedVarsBypreproc 0, totalFixedVars 526
c 1 conflict sets found with length 282
c fixedCost 0, nbSatLits 0, totalFixedVars 526, objForSearch: 442

c no UB provided, search from scratch...
c ends of initiationization by VSIDS at 0 conflicts with init 10000

c UB=1 fails, cnfls=0, hcnfls=0, core 0, tier2 0, local 0, quasiC: 0 (fixed: 0)
c prunedLB 0.00, dev 0.00, succRate 0.00, nbSucc 0, nbHardens 1 (fixed 442), lk: 1, shorten: 0, pureSo 0, nbFlyRd 0, nbFixedLH 0

c Cardinality: off (soft-conflict only), UB 2
c ***** top quasi confl at level 0*****
c ***** top quasi confl at level 0*****
c ends of initiationization by VSIDS at 225 conflicts with init 9775

c UB=2 fails, cnfls=225, hcnfls=157, core 885, tier2 3, local 96, quasiC: 3 (fixed: 397)
c prunedLB 2.00, dev 0.00, succRate 0.70, nbSucc 7, nbHardens 109 (fixed 21854), lk: 10, shorten: 0, pureSo 62, nbFlyRd 9, nbFixedLH 0

c Cardinality: off (soft-conflict only), UB 4
c nbFailedLits 0, nbI 0, fixedVarsByFL 0, totalFixedVars 528, nbTested: 1001, counter 42742
c nbFailedLits 1, nbI 0, fixedVarsByFL 3, totalFixedVars 564, nbTested: 1322, counter 154532
c ends of initiationization by VSIDS at 5179 conflicts with init 5046

c UB=4 fails, cnfls=5179, hcnfls=772, core 5094, tier2 86, local 4255, quasiC: 302 (fixed: 35835)
c prunedLB 2.97, dev 0.61, succRate 0.83, nbSucc 3868, nbHardens 391 (fixed 129733), lk: 4643, shorten: 0, pureSo 534, nbFlyRd 32, nbFixedLH 50

c Cardinality: off (soft-conflict only), UB 8
c nbFailedLits 0, nbI 0, fixedVarsByFL 0, totalFixedVars 526, nbTested: 1001, counter 217759
c nbFailedLits 0, nbI 0, fixedVarsByFL 0, totalFixedVars 526, nbTested: 1001, counter 312441
c nbFailedLits 0, nbI 0, fixedVarsByFL 0, totalFixedVars 539, nbTested: 1001, counter 489332
c ends of initiationization by VSIDS at 15179 conflicts with init 0

c nbFailedLits 0, nbI 0, fixedVarsByFL 0, totalFixedVars 561, nbTested: 1001, counter 848347
c nbFailedLits 0, nbI 0, fixedVarsByFL 0, totalFixedVars 599, nbTested: 1001, counter 1342120
c nbFailedLits 0, nbI 0, fixedVarsByFL 0, totalFixedVars 618, nbTested: 1001, counter 1830869
c nbFailedLits 0, nbI 0, fixedVarsByFL 0, totalFixedVars 698, nbTested: 1001, counter 2468794
c ***** top quasi confl at level 0*****
c LRB phase 1: conflicts 52588, phase 20000000, starts 158, UP 6030260
c UB=8 fails, cnfls=67767, hcnfls=2027, core 5805, tier2 2592, local 10388, quasiC: 7352 (fixed: 910867)
c prunedLB 5.34, dev 1.02, succRate 0.79, nbSucc 60186, nbHardens 887 (fixed 1106315), lk: 76519, shorten: 0, pureSo 1682, nbFlyRd 177, nbFixedLH 605

c Cardinality: off (soft-conflict only), UB 16
c nbFailedLits 0, nbI 0, fixedVarsByFL 0, totalFixedVars 526, nbTested: 1001, counter 3092068
c nbFailedLits 0, nbI 0, fixedVarsByFL 0, totalFixedVars 526, nbTested: 1001, counter 3191117
c nbFailedLits 0, nbI 0, fixedVarsByFL 0, totalFixedVars 526, nbTested: 1001, counter 3371788
c ends of initiationization by VSIDS at 77782 conflicts with init -15

c DistQLDPC — QLDPC/CSS minimum distance (symplectic MaxSAT)
c solver: MaxCDCL, cardinality encoding: off (soft-conflict only)
c Hx: data/matrices/LP_442_68_10_Hx.txt
c Hz: data/matrices/LP_442_68_10_Hz.txt
c Gx: data/matrices/LP_442_68_10_Gx.txt
c Gz: data/matrices/LP_442_68_10_Gz.txt
c Hx: 195 x 442, Hz: 195 x 442, Gx: 68 x 442, Gz: 68 x 442, logicals: 136
c d_lb: 8
c d_ub: -
c status: TIMEOUT (child killed after -cpu-lim)
c d  : UNKNOWN
s UNKNOWN
