c DistQLDPC — QLDPC/CSS minimum distance (symplectic MaxSAT)
c solver: MaxCDCL, cardinality encoding: off (soft-conflict only)
c Hx: data/matrices/LP_714_100_unknown_Hx.txt
c Hz: data/matrices/LP_714_100_unknown_Hz.txt
c Gx: data/matrices/LP_714_100_unknown_Gx.txt
c Gz: data/matrices/LP_714_100_unknown_Gz.txt
c Hx: 315 x 714, Hz: 315 x 714, Gx: 100 x 714, Gz: 100 x 714, logicals: 200
c Mono: 0, fixed: 0
c |  Eliminated clauses:           0.33 Mb                                      |
c Reduced to 7970 vars, 45056 cls (c/v ratio==5.7, grow=0)
c No iterative elimination performed. (vars=7970, c/v ratio=5.7)
c ============================[ Search Statistics ]==============================
c | Conflicts |          ORIGINAL         |          LEARNT          | Progress |
c |           |    Vars  Clauses Literals |    Limit  Clauses Lit/Cl |          |
c ===============================================================================
c nb soft clauses: 714, of which 714 unit, 0 nonUnit and 0 empty
c total nb of literals: 169522
c conflLits 0, conflLits2 0, nbFailedLits 0, fixedVarsBypreproc 0, totalFixedVars 830
c 1 conflict sets found with length 450
c fixedCost 0, nbSatLits 0, totalFixedVars 830, objForSearch: 714

c no UB provided, search from scratch...
c ends of initiationization by VSIDS at 0 conflicts with init 10000

c UB=1 fails, cnfls=0, hcnfls=0, core 0, tier2 0, local 0, quasiC: 0 (fixed: 0)
c prunedLB 0.00, dev 0.00, succRate 0.00, nbSucc 0, nbHardens 1 (fixed 714), lk: 1, shorten: 0, pureSo 0, nbFlyRd 0, nbFixedLH 0

c Cardinality: off (soft-conflict only), UB 2
c ***** top quasi confl at level 0*****
c ends of initiationization by VSIDS at 239 conflicts with init 9761

c UB=2 fails, cnfls=239, hcnfls=185, core 4753, tier2 9, local 102, quasiC: 3 (fixed: 625)
c prunedLB 2.00, dev 0.00, succRate 0.80, nbSucc 12, nbHardens 153 (fixed 45068), lk: 15, shorten: 0, pureSo 43, nbFlyRd 1, nbFixedLH 0

c Cardinality: off (soft-conflict only), UB 4
c nbFailedLits 0, nbI 0, fixedVarsByFL 0, totalFixedVars 839, nbTested: 1001, counter 56432
c nbFailedLits 1, nbI 0, fixedVarsByFL 1, totalFixedVars 856, nbTested: 1796, counter 188805
c nbFailedLits 1, nbI 0, fixedVarsByFL 1, totalFixedVars 895, nbTested: 1605, counter 466597
c ends of initiationization by VSIDS at 10250 conflicts with init -11

c LRB phase 1: conflicts 679, phase 20000000, starts 6, UP 176098
c UB=4 fails, cnfls=10929, hcnfls=1265, core 3796, tier2 351, local 9073, quasiC: 656 (fixed: 111311)
c prunedLB 3.04, dev 0.67, succRate 0.80, nbSucc 8460, nbHardens 816 (fixed 407469), lk: 10534, shorten: 0, pureSo 1194, nbFlyRd 33, nbFixedLH 99

c Cardinality: off (soft-conflict only), UB 8
c nbFailedLits 0, nbI 0, fixedVarsByFL 0, totalFixedVars 830, nbTested: 1001, counter 620034
c nbFailedLits 0, nbI 0, fixedVarsByFL 0, totalFixedVars 842, nbTested: 1001, counter 751950
c nbFailedLits 0, nbI 0, fixedVarsByFL 0, totalFixedVars 864, nbTested: 1001, counter 1014226
c ends of initiationization by VSIDS at 20940 conflicts with init -11

c nbFailedLits 0, nbI 0, fixedVarsByFL 0, totalFixedVars 912, nbTested: 1001, counter 1466040
c nbFailedLits 0, nbI 0, fixedVarsByFL 0, totalFixedVars 930, nbTested: 1001, counter 2120469
c nbFailedLits 0, nbI 0, fixedVarsByFL 0, totalFixedVars 984, nbTested: 1001, counter 2751552
c nbFailedLits 0, nbI 1, fixedVarsByFL 1, totalFixedVars 1034, nbTested: 1017, counter 3598566
c nbFailedLits 0, nbI 0, fixedVarsByFL 0, totalFixedVars 1143, nbTested: 1001, counter 4550850
c nbFailedLits 0, nbI 0, fixedVarsByFL 0, totalFixedVars 1183, nbTested: 1001, counter 5623363
c nbFailedLits 0, nbI 0, fixedVarsByFL 0, totalFixedVars 1183, nbTested: 1001, counter 6806074
c LRB phase 2: conflicts 96537, phase 20000000, starts 255, UP 15497306
c UB=8 fails, cnfls=117477, hcnfls=3088, core 3084, tier2 63, local 1510, quasiC: 11497 (fixed: 2196002)
c prunedLB 5.48, dev 1.00, succRate 0.80, nbSucc 102630, nbHardens 1656 (fixed 2774061), lk: 128118, shorten: 0, pureSo 3290, nbFlyRd 189, nbFixedLH 973

c Cardinality: off (soft-conflict only), UB 16
c nbFailedLits 0, nbI 0, fixedVarsByFL 0, totalFixedVars 830, nbTested: 1001, counter 7138954
c nbFailedLits 0, nbI 0, fixedVarsByFL 0, totalFixedVars 830, nbTested: 1001, counter 7283290
c nbFailedLits 0, nbI 0, fixedVarsByFL 0, totalFixedVars 830, nbTested: 1001, counter 7489917
c ends of initiationization by VSIDS at 127487 conflicts with init -10

c DistQLDPC — QLDPC/CSS minimum distance (symplectic MaxSAT)
c solver: MaxCDCL, cardinality encoding: off (soft-conflict only)
c Hx: data/matrices/LP_714_100_unknown_Hx.txt
c Hz: data/matrices/LP_714_100_unknown_Hz.txt
c Gx: data/matrices/LP_714_100_unknown_Gx.txt
c Gz: data/matrices/LP_714_100_unknown_Gz.txt
c Hx: 315 x 714, Hz: 315 x 714, Gx: 100 x 714, Gz: 100 x 714, logicals: 200
c d_lb: 8
c d_ub: -
c status: TIMEOUT (child killed after -cpu-lim)
c d  : UNKNOWN
s UNKNOWN
