c DistQLDPC — QLDPC/CSS minimum distance (symplectic MaxSAT)
c solver: MaxCDCL, cardinality encoding: off (soft-conflict only)
c Hx: data/matrices/PK_31_Hx.txt
c Hz: data/matrices/PK_31_Hz.txt
c Gx: data/matrices/PK_31_Gx.txt
c Gz: data/matrices/PK_31_Gz.txt
c Hx: 465 x 1054, Hz: 465 x 1054, Gx: 140 x 1054, Gz: 140 x 1054, logicals: 280
c Mono: 0, fixed: 0
c |  Eliminated clauses:           0.61 Mb                                      |
c Reduced to 14014 vars, 82300 cls (c/v ratio==5.9, grow=0)
c |  Eliminated clauses:           0.61 Mb                                      |
c No. effective iterative eliminations: 0
c ============================[ Search Statistics ]==============================
c | Conflicts |          ORIGINAL         |          LEARNT          | Progress |
c |           |    Vars  Clauses Literals |    Limit  Clauses Lit/Cl |          |
c ===============================================================================
c nb soft clauses: 1054, of which 1054 unit, 0 nonUnit and 0 empty
c total nb of literals: 311190
c conflLits 0, conflLits2 0, nbFailedLits 0, fixedVarsBypreproc 0, totalFixedVars 1210
c 1 conflict sets found with length 656
c fixedCost 0, nbSatLits 0, totalFixedVars 1210, objForSearch: 1054

c no UB provided, search from scratch...
c ends of initiationization by VSIDS at 0 conflicts with init 10000

c UB=1 fails, cnfls=0, hcnfls=0, core 0, tier2 0, local 0, quasiC: 0 (fixed: 0)
c prunedLB 0.00, dev 0.00, succRate 0.00, nbSucc 0, nbHardens 1 (fixed 1054), lk: 1, shorten: 0, pureSo 0, nbFlyRd 0, nbFixedLH 0

c Cardinality: off (soft-conflict only), UB 2
c ***** top quasi confl at level 0*****
c ***** top quasi confl at level 0*****
c ends of initiationization by VSIDS at 385 conflicts with init 9615

c UB=2 fails, cnfls=385, hcnfls=329, core 1590, tier2 9, local 220, quasiC: 5 (fixed: 1746)
c prunedLB 2.00, dev 0.00, succRate 0.84, nbSucc 27, nbHardens 305 (fixed 127388), lk: 32, shorten: 0, pureSo 30, nbFlyRd 4, nbFixedLH 0

c Cardinality: off (soft-conflict only), UB 4
c nbFailedLits 0, nbI 0, fixedVarsByFL 0, totalFixedVars 1210, nbTested: 1001, counter 90261
c nbFailedLits 0, nbI 0, fixedVarsByFL 0, totalFixedVars 1227, nbTested: 1001, counter 307995
c nbFailedLits 0, nbI 0, fixedVarsByFL 0, totalFixedVars 1248, nbTested: 1001, counter 682145
c ends of initiationization by VSIDS at 10388 conflicts with init -3

c LRB phase 1: conflicts 5946, phase 20000000, starts 29, UP 1715983
c UB=4 fails, cnfls=16334, hcnfls=1779, core 3832, tier2 231, local 7171, quasiC: 1244 (fixed: 329377)
c prunedLB 2.95, dev 0.66, succRate 0.81, nbSucc 12956, nbHardens 1142 (fixed 959358), lk: 15916, shorten: 0, pureSo 1574, nbFlyRd 53, nbFixedLH 107

c Cardinality: off (soft-conflict only), UB 8
c nbFailedLits 0, nbI 0, fixedVarsByFL 0, totalFixedVars 1211, nbTested: 1001, counter 1424334
c nbFailedLits 0, nbI 0, fixedVarsByFL 0, totalFixedVars 1222, nbTested: 1001, counter 1605082
c nbFailedLits 0, nbI 0, fixedVarsByFL 0, totalFixedVars 1229, nbTested: 1001, counter 1944913
c ends of initiationization by VSIDS at 26367 conflicts with init -33

c DistQLDPC — QLDPC/CSS minimum distance (symplectic MaxSAT)
c solver: MaxCDCL, cardinality encoding: off (soft-conflict only)
c Hx: data/matrices/PK_31_Hx.txt
c Hz: data/matrices/PK_31_Hz.txt
c Gx: data/matrices/PK_31_Gx.txt
c Gz: data/matrices/PK_31_Gz.txt
c Hx: 465 x 1054, Hz: 465 x 1054, Gx: 140 x 1054, Gz: 140 x 1054, logicals: 280
c d_lb: 4
c d_ub: -
c status: TIMEOUT (child killed after -cpu-lim)
c d  : UNKNOWN
s UNKNOWN
