c DistQLDPC — QLDPC/CSS minimum distance (symplectic MaxSAT)
c solver: MaxCDCL, cardinality encoding: Sinz+MTO (default, Sinz if n<=100)
c Hx: data/matrices/TN_144_2_13_Hx.txt
c Hz: data/matrices/TN_144_2_13_Hz.txt
c Gx: data/matrices/TN_144_2_13_Gx.txt
c Gz: data/matrices/TN_144_2_13_Gz.txt
c Hx: 72 x 144, Hz: 72 x 144, Gx: 2 x 144, Gz: 2 x 144, logicals: 4
c Mono: 0, fixed: 0
c |  Eliminated clauses:           0.04 Mb                                      |
c Reduced to 952 vars, 4826 cls (c/v ratio==5.1, grow=0)
c No iterative elimination performed. (vars=952, c/v ratio=5.1)
c ============================[ Search Statistics ]==============================
c | Conflicts |          ORIGINAL         |          LEARNT          | Progress |
c |           |    Vars  Clauses Literals |    Limit  Clauses Lit/Cl |          |
c ===============================================================================
c nb soft clauses: 144, of which 144 unit, 0 nonUnit and 0 empty
c total nb of literals: 17948
c conflLits 0, conflLits2 0, nbFailedLits 0, fixedVarsBypreproc 0, totalFixedVars 148
c 1 conflict sets found with length 60
c fixedCost 0, nbSatLits 0, totalFixedVars 148, objForSearch: 144

c no UB provided, search from scratch...
c ends of initiationization by VSIDS at 0 conflicts with init 10000

c UB=1 fails, cnfls=0, hcnfls=0, core 0, tier2 0, local 0, quasiC: 0 (fixed: 0)
c prunedLB 0.00, dev 0.00, succRate 0.00, nbSucc 0, nbHardens 1 (fixed 144), lk: 1, shorten: 0, pureSo 0, nbFlyRd 0, nbFixedLH 0

c Cardinality: 429 (Sinz+MTO) for UB 2
c ***** top quasi confl at level 0*****
c ends of initiationization by VSIDS at 11 conflicts with init 9989

c UB=2 fails, cnfls=11, hcnfls=11, core 9, tier2 1, local 0, quasiC: 1 (fixed: 32)
c prunedLB 0.00, dev 0.00, succRate 0.00, nbSucc 0, nbHardens 1 (fixed 176), lk: 1, shorten: 0, pureSo 0, nbFlyRd 1, nbFixedLH 0

c Cardinality: 919 (Sinz+MTO) for UB 4
c nbFailedLits 0, nbI 0, fixedVarsByFL 0, totalFixedVars 149, nbTested: 1001, counter 45750
c ***** top quasi confl at level 0*****
c ends of initiationization by VSIDS at 2120 conflicts with init 7891

c UB=4 fails, cnfls=2120, hcnfls=605, core 1697, tier2 276, local 1605, quasiC: 191 (fixed: 7620)
c prunedLB 2.81, dev 0.60, succRate 0.76, nbSucc 1376, nbHardens 166 (fixed 22427), lk: 1801, shorten: 0, pureSo 140, nbFlyRd 42, nbFixedLH 35

c Cardinality: 1248 (Sinz+MTO) for UB 8
c nbFailedLits 0, nbI 0, fixedVarsByFL 0, totalFixedVars 148, nbTested: 1001, counter 118967
c nbFailedLits 0, nbI 0, fixedVarsByFL 0, totalFixedVars 153, nbTested: 1001, counter 206778
c ends of initiationization by VSIDS at 12122 conflicts with init -2

c nbFailedLits 0, nbI 0, fixedVarsByFL 0, totalFixedVars 196, nbTested: 1001, counter 347704
c LRB phase 1: conflicts 4395, phase 20000000, starts 22, UP 284038
c UB=8 fails, cnfls=16517, hcnfls=1240, core 2331, tier2 505, local 6892, quasiC: 2388 (fixed: 119881)
c prunedLB 4.94, dev 0.98, succRate 0.74, nbSucc 13592, nbHardens 289 (fixed 143105), lk: 18456, shorten: 0, pureSo 311, nbFlyRd 181, nbFixedLH 272

c Cardinality: 1433 (Sinz+MTO) for UB 16
c nbFailedLits 0, nbI 0, fixedVarsByFL 0, totalFixedVars 148, nbTested: 1001, counter 436885
c nbFailedLits 0, nbI 0, fixedVarsByFL 0, totalFixedVars 148, nbTested: 1001, counter 497829
c nbFailedLits 0, nbI 0, fixedVarsByFL 0, totalFixedVars 148, nbTested: 1001, counter 619359
c ends of initiationization by VSIDS at 26518 conflicts with init -1

c nbFailedLits 0, nbI 0, fixedVarsByFL 0, totalFixedVars 148, nbTested: 1001, counter 789872
c nbFailedLits 0, nbI 0, fixedVarsByFL 0, totalFixedVars 148, nbTested: 1001, counter 1036229
c nbFailedLits 0, nbI 0, fixedVarsByFL 0, totalFixedVars 148, nbTested: 1001, counter 1318496
c nbFailedLits 0, nbI 0, fixedVarsByFL 0, totalFixedVars 148, nbTested: 1001, counter 1765575
c nbFailedLits 0, nbI 0, fixedVarsByFL 0, totalFixedVars 148, nbTested: 1001, counter 1986344
c nbFailedLits 0, nbI 0, fixedVarsByFL 0, totalFixedVars 148, nbTested: 1001, counter 2417340
c nbFailedLits 0, nbI 0, fixedVarsByFL 0, totalFixedVars 148, nbTested: 1001, counter 2901062
c nbFailedLits 0, nbI 0, fixedVarsByFL 0, totalFixedVars 148, nbTested: 1001, counter 3411890
c nbFailedLits 0, nbI 0, fixedVarsByFL 0, totalFixedVars 148, nbTested: 1001, counter 4000463
c nbFailedLits 0, nbI 0, fixedVarsByFL 0, totalFixedVars 148, nbTested: 1001, counter 4650248
c nbFailedLits 0, nbI 0, fixedVarsByFL 0, totalFixedVars 148, nbTested: 1001, counter 5405918
c nbFailedLits 0, nbI 0, fixedVarsByFL 0, totalFixedVars 148, nbTested: 1001, counter 6636517
c nbFailedLits 0, nbI 0, fixedVarsByFL 0, totalFixedVars 148, nbTested: 1001, counter 7398876
c nbFailedLits 0, nbI 0, fixedVarsByFL 0, totalFixedVars 148, nbTested: 1001, counter 8224477
c nbFailedLits 0, nbI 0, fixedVarsByFL 0, totalFixedVars 148, nbTested: 1001, counter 9139618
c nbFailedLits 0, nbI 0, fixedVarsByFL 0, totalFixedVars 148, nbTested: 1001, counter 10024767
c LRB phase 2: conflicts 374420, phase 20000000, starts 892, UP 20000658
c DistQLDPC — QLDPC/CSS minimum distance (symplectic MaxSAT)
c solver: MaxCDCL, cardinality encoding: Sinz+MTO (default, Sinz if n<=100)
c Hx: data/matrices/TN_144_2_13_Hx.txt
c Hz: data/matrices/TN_144_2_13_Hz.txt
c Gx: data/matrices/TN_144_2_13_Gx.txt
c Gz: data/matrices/TN_144_2_13_Gz.txt
c Hx: 72 x 144, Hz: 72 x 144, Gx: 2 x 144, Gz: 2 x 144, logicals: 4
c d_lb: 8
c d_ub: 15
c status: TIMEOUT (child killed after -cpu-lim)
c d  : UNKNOWN
s UNKNOWN
