c DistQLDPC — QLDPC/CSS minimum distance (symplectic MaxSAT)
c solver: MaxCDCL, cardinality encoding: off (soft-conflict only)
c Hx: data/matrices/TN_108_2_12_Hx.txt
c Hz: data/matrices/TN_108_2_12_Hz.txt
c Gx: data/matrices/TN_108_2_12_Gx.txt
c Gz: data/matrices/TN_108_2_12_Gz.txt
c Hx: 54 x 108, Hz: 54 x 108, Gx: 2 x 108, Gz: 2 x 108, logicals: 4
c Mono: 0, fixed: 0
c |  Eliminated clauses:           0.03 Mb                                      |
c Reduced to 715 vars, 3534 cls (c/v ratio==4.9, grow=0)
c No iterative elimination performed. (vars=715, c/v ratio=4.9)
c ============================[ Search Statistics ]==============================
c | Conflicts |          ORIGINAL         |          LEARNT          | Progress |
c |           |    Vars  Clauses Literals |    Limit  Clauses Lit/Cl |          |
c ===============================================================================
c nb soft clauses: 108, of which 108 unit, 0 nonUnit and 0 empty
c total nb of literals: 13024
c conflLits 0, conflLits2 0, nbFailedLits 0, fixedVarsBypreproc 0, totalFixedVars 112
c 1 conflict sets found with length 28
c fixedCost 0, nbSatLits 0, totalFixedVars 112, objForSearch: 108

c no UB provided, search from scratch...
c ends of initiationization by VSIDS at 0 conflicts with init 10000

c UB=1 fails, cnfls=0, hcnfls=0, core 0, tier2 0, local 0, quasiC: 0 (fixed: 0)
c prunedLB 0.00, dev 0.00, succRate 0.00, nbSucc 0, nbHardens 1 (fixed 108), lk: 1, shorten: 0, pureSo 0, nbFlyRd 0, nbFixedLH 0

c Cardinality: off (soft-conflict only), UB 2
c ***** top quasi confl at level 0*****
c ends of initiationization by VSIDS at 37 conflicts with init 9963

c UB=2 fails, cnfls=37, hcnfls=28, core 128, tier2 3, local 13, quasiC: 1 (fixed: 29)
c prunedLB 0.00, dev 0.00, succRate 0.00, nbSucc 0, nbHardens 25 (fixed 1550), lk: 1, shorten: 0, pureSo 9, nbFlyRd 5, nbFixedLH 0

c Cardinality: off (soft-conflict only), UB 4
c nbFailedLits 0, nbI 0, fixedVarsByFL 0, totalFixedVars 120, nbTested: 707, counter 13391
c ends of initiationization by VSIDS at 2176 conflicts with init 7861

c UB=4 fails, cnfls=2176, hcnfls=547, core 851, tier2 108, local 1419, quasiC: 78 (fixed: 2660)
c prunedLB 2.45, dev 0.53, succRate 0.90, nbSucc 1433, nbHardens 259 (fixed 21060), lk: 1586, shorten: 0, pureSo 197, nbFlyRd 62, nbFixedLH 49

c Cardinality: off (soft-conflict only), UB 8
c nbFailedLits 0, nbI 0, fixedVarsByFL 0, totalFixedVars 112, nbTested: 715, counter 73901
c nbFailedLits 0, nbI 0, fixedVarsByFL 0, totalFixedVars 113, nbTested: 714, counter 118956
c nbFailedLits 0, nbI 0, fixedVarsByFL 0, totalFixedVars 121, nbTested: 706, counter 235086
c ends of initiationization by VSIDS at 12176 conflicts with init 0

c ***** top quasi confl at level 0*****
c LRB phase 1: conflicts 2861, phase 20000000, starts 15, UP 165312
c UB=8 fails, cnfls=15037, hcnfls=1288, core 1872, tier2 1037, local 4281, quasiC: 2251 (fixed: 89557)
c prunedLB 4.64, dev 0.97, succRate 0.71, nbSucc 11897, nbHardens 403 (fixed 115572), lk: 16758, shorten: 0, pureSo 421, nbFlyRd 245, nbFixedLH 344

c Cardinality: off (soft-conflict only), UB 16
c nbFailedLits 0, nbI 0, fixedVarsByFL 0, totalFixedVars 112, nbTested: 715, counter 333468
c nbFailedLits 0, nbI 0, fixedVarsByFL 0, totalFixedVars 112, nbTested: 715, counter 401223
c nbFailedLits 0, nbI 0, fixedVarsByFL 0, totalFixedVars 112, nbTested: 715, counter 507782
c ends of initiationization by VSIDS at 25037 conflicts with init 0

c nbFailedLits 0, nbI 0, fixedVarsByFL 0, totalFixedVars 112, nbTested: 715, counter 691222
c nbFailedLits 0, nbI 0, fixedVarsByFL 0, totalFixedVars 112, nbTested: 715, counter 915218
c nbFailedLits 0, nbI 0, fixedVarsByFL 0, totalFixedVars 112, nbTested: 715, counter 1192889
c nbFailedLits 0, nbI 0, fixedVarsByFL 0, totalFixedVars 112, nbTested: 715, counter 1619411
c UB=16 succs, confls=75746, hconfls=3784, core 2540, tier2 964, local 14455,  14 soft cls unsat (0 at L0), 112 fixed vars at L0, softCnfl 645, nbFlyRd 1065, nbFixedLH 2110
c nbHardens 515 (fixed 675637), shorten: 0, prunedLB 7.35, dev 1.39, succRate 0.65, nbSucc 57989, lk: 88782, shorten: 0, quasiC: 17676 (fixed: 644850)


c Cardinality: off (soft-conflict only), UB 14
c UB=14 succs, confls=78210, hconfls=3861, core 2624, tier2 1943, local 16763,  13 soft cls unsat (0 at L0), 112 fixed vars at L0, softCnfl 658, nbFlyRd 1077, nbFixedLH 2161
c nbHardens 525 (fixed 697515), shorten: 0, prunedLB 6.84, dev 1.31, succRate 0.66, nbSucc 2374, lk: 3571, shorten: 0, quasiC: 18267 (fixed: 666355)


c Cardinality: off (soft-conflict only), UB 13
c nbFailedLits 0, nbI 0, fixedVarsByFL 0, totalFixedVars 112, nbTested: 715, counter 1838432
c UB=13 succs, confls=81848, hconfls=4031, core 3583, tier2 1196, local 20138,  12 soft cls unsat (0 at L0), 112 fixed vars at L0, softCnfl 685, nbFlyRd 1152, nbFixedLH 2257
c nbHardens 548 (fixed 730124), shorten: 0, prunedLB 6.44, dev 1.54, succRate 0.66, nbSucc 3441, lk: 5252, shorten: 0, quasiC: 19154 (fixed: 697918)


c Cardinality: off (soft-conflict only), UB 12
c nbFailedLits 0, nbI 0, fixedVarsByFL 0, totalFixedVars 112, nbTested: 715, counter 2282072
c nbFailedLits 0, nbI 0, fixedVarsByFL 0, totalFixedVars 112, nbTested: 715, counter 2696300
c nbFailedLits 0, nbI 0, fixedVarsByFL 0, totalFixedVars 113, nbTested: 714, counter 3185623
c nbFailedLits 0, nbI 0, fixedVarsByFL 0, totalFixedVars 115, nbTested: 712, counter 3736190
c nbFailedLits 0, nbI 0, fixedVarsByFL 0, totalFixedVars 117, nbTested: 710, counter 4336173
c nbFailedLits 0, nbI 1, fixedVarsByFL 1, totalFixedVars 128, nbTested: 699, counter 5038615
c nbFailedLits 0, nbI 0, fixedVarsByFL 0, totalFixedVars 129, nbTested: 698, counter 6208783
c nbFailedLits 0, nbI 0, fixedVarsByFL 0, totalFixedVars 132, nbTested: 695, counter 6998229
c nbFailedLits 0, nbI 0, fixedVarsByFL 0, totalFixedVars 137, nbTested: 690, counter 7897220
c LRB phase 2: conflicts 296587, phase 20000000, starts 705, UP 17576760
c UB=12 fails, cnfls=321624, hcnfls=16106, core 11386, tier2 317, local 1685, quasiC: 72270 (fixed: 2694903)
c prunedLB 6.31, dev 1.52, succRate 0.65, nbSucc 225223, nbHardens 2260 (fixed 2808075), lk: 347245, shorten: 0, pureSo 3164, nbFlyRd 2725, nbFixedLH 8378
c ===============================================================================
c initCost: 0, fixedBySearch: 0, optimal: 12, maxsat: 96, hardConflicts: 16106
c nbLK: 463196, nbSuccLK: 302357(65.28%), nbLKup: 309273170(1647.72%), hardens 2260 (fixed 2808075), dynVars 0, shorten: 0
c MaxSAT: OPTIMAL, Pauli weight 12 (reported cost 12), vars 1242 (base 328 + aux 914)
c DistQLDPC — QLDPC/CSS minimum distance (symplectic MaxSAT)
c solver: MaxCDCL, cardinality encoding: off (soft-conflict only)
c Hx: data/matrices/TN_108_2_12_Hx.txt
c Hz: data/matrices/TN_108_2_12_Hz.txt
c Gx: data/matrices/TN_108_2_12_Gx.txt
c Gz: data/matrices/TN_108_2_12_Gz.txt
c Hx: 54 x 108, Hz: 54 x 108, Gx: 2 x 108, Gz: 2 x 108, logicals: 4
c d_lb: 12
c d_ub: 12
c d  : 12
o 12
