c DistQLDPC — QLDPC/CSS minimum distance (symplectic MaxSAT)
c solver: MaxCDCL, cardinality encoding: MTO only
c Hx: data/matrices/TN_180_2_17_Hx.txt
c Hz: data/matrices/TN_180_2_17_Hz.txt
c Gx: data/matrices/TN_180_2_17_Gx.txt
c Gz: data/matrices/TN_180_2_17_Gz.txt
c Hx: 90 x 180, Hz: 90 x 180, Gx: 2 x 180, Gz: 2 x 180, logicals: 4
c Mono: 0, fixed: 0
c |  Eliminated clauses:           0.04 Mb                                      |
c Reduced to 1218 vars, 6030 cls (c/v ratio==5.0, grow=0)
c No iterative elimination performed. (vars=1218, c/v ratio=5.0)
c ============================[ Search Statistics ]==============================
c | Conflicts |          ORIGINAL         |          LEARNT          | Progress |
c |           |    Vars  Clauses Literals |    Limit  Clauses Lit/Cl |          |
c ===============================================================================
c nb soft clauses: 180, of which 180 unit, 0 nonUnit and 0 empty
c total nb of literals: 22200
c conflLits 0, conflLits2 0, nbFailedLits 0, fixedVarsBypreproc 0, totalFixedVars 184
c 1 conflict sets found with length 60
c fixedCost 0, nbSatLits 0, totalFixedVars 184, objForSearch: 180

c no UB provided, search from scratch...
c ends of initiationization by VSIDS at 0 conflicts with init 10000

c UB=1 fails, cnfls=0, hcnfls=0, core 0, tier2 0, local 0, quasiC: 0 (fixed: 0)
c prunedLB 0.00, dev 0.00, succRate 0.00, nbSucc 0, nbHardens 1 (fixed 180), lk: 1, shorten: 0, pureSo 0, nbFlyRd 0, nbFixedLH 0

c Cardinality: 537 (MTO) for UB 2
c ***** top quasi confl at level 0*****
c ends of initiationization by VSIDS at 6 conflicts with init 9994

c UB=2 fails, cnfls=6, hcnfls=6, core 4, tier2 0, local 0, quasiC: 1 (fixed: 49)
c prunedLB 0.00, dev 0.00, succRate 0.00, nbSucc 0, nbHardens 1 (fixed 229), lk: 1, shorten: 0, pureSo 0, nbFlyRd 1, nbFixedLH 0

c Cardinality: 1135 (MTO) for UB 4
c nbFailedLits 0, nbI 0, fixedVarsByFL 0, totalFixedVars 184, nbTested: 1001, counter 24258
c ends of initiationization by VSIDS at 3081 conflicts with init 6925

c UB=4 fails, cnfls=3081, hcnfls=596, core 1418, tier2 133, local 2388, quasiC: 232 (fixed: 11717)
c prunedLB 2.81, dev 0.63, succRate 0.79, nbSucc 2235, nbHardens 344 (fixed 55600), lk: 2832, shorten: 0, pureSo 251, nbFlyRd 44, nbFixedLH 64

c Cardinality: 1592 (MTO) for UB 8
c nbFailedLits 0, nbI 0, fixedVarsByFL 0, totalFixedVars 184, nbTested: 1001, counter 97772
c nbFailedLits 0, nbI 0, fixedVarsByFL 0, totalFixedVars 186, nbTested: 1001, counter 186306
c nbFailedLits 0, nbI 0, fixedVarsByFL 0, totalFixedVars 190, nbTested: 1001, counter 289468
c ends of initiationization by VSIDS at 13081 conflicts with init 0

c nbFailedLits 0, nbI 0, fixedVarsByFL 0, totalFixedVars 224, nbTested: 1001, counter 511144
c LRB phase 1: conflicts 14034, phase 20000000, starts 61, UP 956894
c UB=8 fails, cnfls=27115, hcnfls=1699, core 2087, tier2 390, local 7619, quasiC: 3602 (fixed: 219796)
c prunedLB 4.98, dev 0.99, succRate 0.74, nbSucc 22547, nbHardens 553 (fixed 282726), lk: 30584, shorten: 0, pureSo 636, nbFlyRd 311, nbFixedLH 569

c Cardinality: 1861 (MTO) for UB 16
c nbFailedLits 0, nbI 0, fixedVarsByFL 0, totalFixedVars 184, nbTested: 1001, counter 764903
c nbFailedLits 0, nbI 0, fixedVarsByFL 0, totalFixedVars 184, nbTested: 1001, counter 831723
c nbFailedLits 0, nbI 0, fixedVarsByFL 0, totalFixedVars 184, nbTested: 1001, counter 952830
c ends of initiationization by VSIDS at 37118 conflicts with init -3

c nbFailedLits 0, nbI 0, fixedVarsByFL 0, totalFixedVars 184, nbTested: 1001, counter 1163498
c nbFailedLits 0, nbI 0, fixedVarsByFL 0, totalFixedVars 184, nbTested: 1001, counter 1431204
c nbFailedLits 0, nbI 0, fixedVarsByFL 0, totalFixedVars 184, nbTested: 1001, counter 1700669
c nbFailedLits 0, nbI 0, fixedVarsByFL 0, totalFixedVars 184, nbTested: 1001, counter 2242458
c nbFailedLits 0, nbI 0, fixedVarsByFL 0, totalFixedVars 184, nbTested: 1001, counter 2487168
c nbFailedLits 0, nbI 0, fixedVarsByFL 0, totalFixedVars 184, nbTested: 1001, counter 2959647
c nbFailedLits 0, nbI 0, fixedVarsByFL 0, totalFixedVars 184, nbTested: 1001, counter 3485545
c nbFailedLits 0, nbI 0, fixedVarsByFL 0, totalFixedVars 184, nbTested: 1001, counter 4057363
c nbFailedLits 0, nbI 0, fixedVarsByFL 0, totalFixedVars 184, nbTested: 1001, counter 4691299
c nbFailedLits 0, nbI 0, fixedVarsByFL 0, totalFixedVars 184, nbTested: 1001, counter 5360735
c nbFailedLits 0, nbI 0, fixedVarsByFL 0, totalFixedVars 184, nbTested: 1001, counter 6156000
c nbFailedLits 0, nbI 0, fixedVarsByFL 0, totalFixedVars 184, nbTested: 1001, counter 7342521
c nbFailedLits 0, nbI 0, fixedVarsByFL 0, totalFixedVars 184, nbTested: 1001, counter 8161859
c nbFailedLits 0, nbI 0, fixedVarsByFL 0, totalFixedVars 184, nbTested: 1001, counter 9125460
c LRB phase 2: conflicts 305924, phase 20000000, starts 734, UP 20006475
c DistQLDPC — QLDPC/CSS minimum distance (symplectic MaxSAT)
c solver: MaxCDCL, cardinality encoding: MTO only
c Hx: data/matrices/TN_180_2_17_Hx.txt
c Hz: data/matrices/TN_180_2_17_Hz.txt
c Gx: data/matrices/TN_180_2_17_Gx.txt
c Gz: data/matrices/TN_180_2_17_Gz.txt
c Hx: 90 x 180, Hz: 90 x 180, Gx: 2 x 180, Gz: 2 x 180, logicals: 4
c d_lb: 8
c d_ub: -
c status: TIMEOUT (child killed after -cpu-lim)
c d  : UNKNOWN
s UNKNOWN
