c DistQLDPC — QLDPC/CSS minimum distance (symplectic MaxSAT)
c solver: MaxCDCL, cardinality encoding: off (soft-conflict only)
c Hx: data/matrices/TN_250_10_15_Hx.txt
c Hz: data/matrices/TN_250_10_15_Hz.txt
c Gx: data/matrices/TN_250_10_15_Gx.txt
c Gz: data/matrices/TN_250_10_15_Gz.txt
c Hx: 120 x 250, Hz: 120 x 250, Gx: 10 x 250, Gz: 10 x 250, logicals: 20
c Mono: 0, fixed: 0
c |  Eliminated clauses:           0.07 Mb                                      |
c Reduced to 1917 vars, 9688 cls (c/v ratio==5.1, grow=0)
c No iterative elimination performed. (vars=1917, c/v ratio=5.1)
c ============================[ Search Statistics ]==============================
c | Conflicts |          ORIGINAL         |          LEARNT          | Progress |
c |           |    Vars  Clauses Literals |    Limit  Clauses Lit/Cl |          |
c ===============================================================================
c nb soft clauses: 250, of which 250 unit, 0 nonUnit and 0 empty
c total nb of literals: 35694
c conflLits 0, conflLits2 0, nbFailedLits 0, fixedVarsBypreproc 0, totalFixedVars 260
c 1 conflict sets found with length 124
c fixedCost 0, nbSatLits 0, totalFixedVars 260, objForSearch: 250

c no UB provided, search from scratch...
c ends of initiationization by VSIDS at 0 conflicts with init 10000

c UB=1 fails, cnfls=0, hcnfls=0, core 0, tier2 0, local 0, quasiC: 0 (fixed: 0)
c prunedLB 0.00, dev 0.00, succRate 0.00, nbSucc 0, nbHardens 1 (fixed 250), lk: 1, shorten: 0, pureSo 0, nbFlyRd 0, nbFixedLH 0

c Cardinality: off (soft-conflict only), UB 2
c ***** top quasi confl at level 0*****
c ends of initiationization by VSIDS at 310 conflicts with init 9690

c UB=2 fails, cnfls=310, hcnfls=218, core 1171, tier2 9, local 191, quasiC: 1 (fixed: 65)
c prunedLB 2.00, dev 0.00, succRate 0.75, nbSucc 3, nbHardens 176 (fixed 23014), lk: 4, shorten: 0, pureSo 90, nbFlyRd 18, nbFixedLH 0

c Cardinality: off (soft-conflict only), UB 4
c ***** top quasi confl at level 0*****
c ***** top quasi confl at level 0*****
c ends of initiationization by VSIDS at 1213 conflicts with init 9097

c UB=4 fails, cnfls=1213, hcnfls=347, core 774, tier2 50, local 688, quasiC: 52 (fixed: 4784)
c prunedLB 2.90, dev 0.55, succRate 0.84, nbSucc 680, nbHardens 214 (fixed 32307), lk: 810, shorten: 0, pureSo 185, nbFlyRd 37, nbFixedLH 12

c Cardinality: off (soft-conflict only), UB 8
c nbFailedLits 0, nbI 0, fixedVarsByFL 0, totalFixedVars 261, nbTested: 1001, counter 42993
c nbFailedLits 0, nbI 0, fixedVarsByFL 0, totalFixedVars 262, nbTested: 1001, counter 139686
c nbFailedLits 0, nbI 0, fixedVarsByFL 0, totalFixedVars 267, nbTested: 1001, counter 300259
c ends of initiationization by VSIDS at 11250 conflicts with init -37

c nbFailedLits 0, nbI 0, fixedVarsByFL 0, totalFixedVars 327, nbTested: 1001, counter 558391
c LRB phase 1: conflicts 14786, phase 20000000, starts 62, UP 1195926
c UB=8 fails, cnfls=26036, hcnfls=1257, core 1884, tier2 149, local 3285, quasiC: 3223 (fixed: 266873)
c prunedLB 5.16, dev 1.00, succRate 0.76, nbSucc 23542, nbHardens 426 (fixed 320071), lk: 31007, shorten: 0, pureSo 557, nbFlyRd 332, nbFixedLH 526

c Cardinality: off (soft-conflict only), UB 16
c nbFailedLits 0, nbI 0, fixedVarsByFL 0, totalFixedVars 260, nbTested: 1001, counter 893709
c nbFailedLits 0, nbI 0, fixedVarsByFL 0, totalFixedVars 260, nbTested: 1001, counter 975937
c nbFailedLits 0, nbI 0, fixedVarsByFL 0, totalFixedVars 260, nbTested: 1001, counter 1128573
c ends of initiationization by VSIDS at 36038 conflicts with init -2

c nbFailedLits 0, nbI 0, fixedVarsByFL 0, totalFixedVars 260, nbTested: 1001, counter 1388424
c nbFailedLits 0, nbI 0, fixedVarsByFL 0, totalFixedVars 260, nbTested: 1001, counter 1728975
c nbFailedLits 0, nbI 0, fixedVarsByFL 0, totalFixedVars 260, nbTested: 1001, counter 2065425
c nbFailedLits 0, nbI 0, fixedVarsByFL 0, totalFixedVars 260, nbTested: 1001, counter 2515447
c nbFailedLits 0, nbI 0, fixedVarsByFL 0, totalFixedVars 260, nbTested: 1001, counter 3020019
c nbFailedLits 0, nbI 0, fixedVarsByFL 0, totalFixedVars 260, nbTested: 1001, counter 3617642
c nbFailedLits 0, nbI 0, fixedVarsByFL 0, totalFixedVars 260, nbTested: 1001, counter 4278680
c nbFailedLits 0, nbI 0, fixedVarsByFL 0, totalFixedVars 260, nbTested: 1001, counter 4937405
c nbFailedLits 0, nbI 0, fixedVarsByFL 0, totalFixedVars 260, nbTested: 1001, counter 5631407
c nbFailedLits 0, nbI 0, fixedVarsByFL 0, totalFixedVars 260, nbTested: 1001, counter 6452572
c nbFailedLits 0, nbI 0, fixedVarsByFL 0, totalFixedVars 260, nbTested: 1001, counter 7494986
c nbFailedLits 0, nbI 0, fixedVarsByFL 0, totalFixedVars 260, nbTested: 1001, counter 8946687
c LRB phase 2: conflicts 248625, phase 20000000, starts 572, UP 20017422
c DistQLDPC — QLDPC/CSS minimum distance (symplectic MaxSAT)
c solver: MaxCDCL, cardinality encoding: off (soft-conflict only)
c Hx: data/matrices/TN_250_10_15_Hx.txt
c Hz: data/matrices/TN_250_10_15_Hz.txt
c Gx: data/matrices/TN_250_10_15_Gx.txt
c Gz: data/matrices/TN_250_10_15_Gz.txt
c Hx: 120 x 250, Hz: 120 x 250, Gx: 10 x 250, Gz: 10 x 250, logicals: 20
c d_lb: 8
c d_ub: -
c status: TIMEOUT (child killed after -cpu-lim)
c d  : UNKNOWN
s UNKNOWN
