c DistQLDPC — QLDPC/CSS minimum distance (symplectic MaxSAT)
c solver: MaxCDCL, cardinality encoding: Sinz only
c Hx: data/matrices/TN_216_4_18_Hx.txt
c Hz: data/matrices/TN_216_4_18_Hz.txt
c Gx: data/matrices/TN_216_4_18_Gx.txt
c Gz: data/matrices/TN_216_4_18_Gz.txt
c Hx: 108 x 216, Hz: 108 x 216, Gx: 4 x 216, Gz: 4 x 216, logicals: 8
c Mono: 0, fixed: 0
c |  Eliminated clauses:           0.06 Mb                                      |
c Reduced to 1524 vars, 7750 cls (c/v ratio==5.1, grow=0)
c No iterative elimination performed. (vars=1524, c/v ratio=5.1)
c ============================[ Search Statistics ]==============================
c | Conflicts |          ORIGINAL         |          LEARNT          | Progress |
c |           |    Vars  Clauses Literals |    Limit  Clauses Lit/Cl |          |
c ===============================================================================
c nb soft clauses: 216, of which 216 unit, 0 nonUnit and 0 empty
c total nb of literals: 28716
c conflLits 0, conflLits2 0, nbFailedLits 0, fixedVarsBypreproc 0, totalFixedVars 224
c 1 conflict sets found with length 101
c fixedCost 0, nbSatLits 0, totalFixedVars 224, objForSearch: 216

c no UB provided, search from scratch...
c ends of initiationization by VSIDS at 0 conflicts with init 10000

c UB=1 fails, cnfls=0, hcnfls=0, core 0, tier2 0, local 0, quasiC: 0 (fixed: 0)
c prunedLB 0.00, dev 0.00, succRate 0.00, nbSucc 0, nbHardens 1 (fixed 216), lk: 1, shorten: 0, pureSo 0, nbFlyRd 0, nbFixedLH 0

c Cardinality: 644 (Sinz) for UB 2
c ***** top quasi confl at level 0*****
c ends of initiationization by VSIDS at 81 conflicts with init 9919

c UB=2 fails, cnfls=81, hcnfls=81, core 15, tier2 6, local 63, quasiC: 1 (fixed: 57)
c prunedLB 0.00, dev 0.00, succRate 0.00, nbSucc 0, nbHardens 1 (fixed 273), lk: 1, shorten: 0, pureSo 0, nbFlyRd 9, nbFixedLH 0

c Cardinality: 1494 (Sinz) for UB 4
c nbFailedLits 0, nbI 0, fixedVarsByFL 0, totalFixedVars 238, nbTested: 1001, counter 111820
c ends of initiationization by VSIDS at 2618 conflicts with init 7463

c UB=4 fails, cnfls=2618, hcnfls=1643, core 858, tier2 166, local 1739, quasiC: 162 (fixed: 8834)
c prunedLB 3.20, dev 0.63, succRate 0.65, nbSucc 976, nbHardens 1 (fixed 9050), lk: 1509, shorten: 0, pureSo 0, nbFlyRd 39, nbFixedLH 62

c Cardinality: 3170 (Sinz) for UB 8
c nbFailedLits 0, nbI 0, fixedVarsByFL 0, totalFixedVars 224, nbTested: 1001, counter 316096
c nbFailedLits 0, nbI 0, fixedVarsByFL 0, totalFixedVars 224, nbTested: 1001, counter 407847
c nbFailedLits 0, nbI 0, fixedVarsByFL 0, totalFixedVars 227, nbTested: 1001, counter 558973
c ends of initiationization by VSIDS at 12619 conflicts with init -1

c nbFailedLits 0, nbI 1, fixedVarsByFL 1, totalFixedVars 255, nbTested: 1004, counter 842374
c nbFailedLits 0, nbI 0, fixedVarsByFL 0, totalFixedVars 264, nbTested: 1001, counter 1313494
c LRB phase 1: conflicts 17409, phase 20000000, starts 63, UP 5996768
c UB=8 fails, cnfls=30028, hcnfls=4055, core 2976, tier2 113, local 4006, quasiC: 3862 (fixed: 276804)
c prunedLB 4.97, dev 1.02, succRate 0.73, nbSucc 24999, nbHardens 1 (fixed 277020), lk: 34382, shorten: 0, pureSo 0, nbFlyRd 383, nbFixedLH 808

c Cardinality: 6426 (Sinz) for UB 16
c nbFailedLits 0, nbI 0, fixedVarsByFL 0, totalFixedVars 224, nbTested: 1001, counter 1403926
c nbFailedLits 0, nbI 0, fixedVarsByFL 0, totalFixedVars 224, nbTested: 1001, counter 1483329
c nbFailedLits 0, nbI 0, fixedVarsByFL 0, totalFixedVars 224, nbTested: 1001, counter 1615350
c ends of initiationization by VSIDS at 40036 conflicts with init -8

c nbFailedLits 0, nbI 0, fixedVarsByFL 0, totalFixedVars 224, nbTested: 1001, counter 1845156
c nbFailedLits 0, nbI 0, fixedVarsByFL 0, totalFixedVars 224, nbTested: 1001, counter 2155672
c nbFailedLits 0, nbI 0, fixedVarsByFL 0, totalFixedVars 224, nbTested: 1001, counter 2481152
c nbFailedLits 0, nbI 0, fixedVarsByFL 0, totalFixedVars 224, nbTested: 1001, counter 3287469
c nbFailedLits 0, nbI 0, fixedVarsByFL 0, totalFixedVars 224, nbTested: 1001, counter 3565622
c LRB phase 2: conflicts 58437, phase 20000000, starts 183, UP 20028286
c nbFailedLits 0, nbI 0, fixedVarsByFL 0, totalFixedVars 224, nbTested: 1001, counter 4023129
c nbFailedLits 0, nbI 0, fixedVarsByFL 0, totalFixedVars 224, nbTested: 1001, counter 4555162
c nbFailedLits 0, nbI 0, fixedVarsByFL 0, totalFixedVars 224, nbTested: 1001, counter 5135257
c VSIDS phase 1: conflicts 62050, phase 20000000, starts 335, UP 20116081
c nbFailedLits 0, nbI 0, fixedVarsByFL 0, totalFixedVars 224, nbTested: 1001, counter 5822601
c nbFailedLits 0, nbI 0, fixedVarsByFL 0, totalFixedVars 224, nbTested: 1001, counter 6734867
c nbFailedLits 0, nbI 0, fixedVarsByFL 0, totalFixedVars 224, nbTested: 1001, counter 7361290
c nbFailedLits 0, nbI 0, fixedVarsByFL 0, totalFixedVars 224, nbTested: 1001, counter 8206505
c LRB phase 3: conflicts 114730, phase 40000000, starts 284, UP 40127662
c DistQLDPC — QLDPC/CSS minimum distance (symplectic MaxSAT)
c solver: MaxCDCL, cardinality encoding: Sinz only
c Hx: data/matrices/TN_216_4_18_Hx.txt
c Hz: data/matrices/TN_216_4_18_Hz.txt
c Gx: data/matrices/TN_216_4_18_Gx.txt
c Gz: data/matrices/TN_216_4_18_Gz.txt
c Hx: 108 x 216, Hz: 108 x 216, Gx: 4 x 216, Gz: 4 x 216, logicals: 8
c d_lb: 8
c d_ub: -
c status: TIMEOUT (child killed after -cpu-lim)
c d  : UNKNOWN
s UNKNOWN
