c DistQLDPC — QLDPC/CSS minimum distance (symplectic MaxSAT)
c solver: MaxCDCL, cardinality encoding: Sinz+MTO (default, Sinz if n<=100)
c Hx: data/matrices/TN_288_2_24_Hx.txt
c Hz: data/matrices/TN_288_2_24_Hz.txt
c Gx: data/matrices/TN_288_2_24_Gx.txt
c Gz: data/matrices/TN_288_2_24_Gz.txt
c Hx: 144 x 288, Hz: 144 x 288, Gx: 2 x 288, Gz: 2 x 288, logicals: 4
c Mono: 0, fixed: 0
c |  Eliminated clauses:           0.07 Mb                                      |
c Reduced to 1908 vars, 9682 cls (c/v ratio==5.1, grow=0)
c No iterative elimination performed. (vars=1908, c/v ratio=5.1)
c ============================[ Search Statistics ]==============================
c | Conflicts |          ORIGINAL         |          LEARNT          | Progress |
c |           |    Vars  Clauses Literals |    Limit  Clauses Lit/Cl |          |
c ===============================================================================
c nb soft clauses: 288, of which 288 unit, 0 nonUnit and 0 empty
c total nb of literals: 36020
c conflLits 0, conflLits2 0, nbFailedLits 0, fixedVarsBypreproc 0, totalFixedVars 292
c 1 conflict sets found with length 110
c fixedCost 0, nbSatLits 0, totalFixedVars 292, objForSearch: 288

c no UB provided, search from scratch...
c ends of initiationization by VSIDS at 0 conflicts with init 10000

c UB=1 fails, cnfls=0, hcnfls=0, core 0, tier2 0, local 0, quasiC: 0 (fixed: 0)
c prunedLB 0.00, dev 0.00, succRate 0.00, nbSucc 0, nbHardens 1 (fixed 288), lk: 1, shorten: 0, pureSo 0, nbFlyRd 0, nbFixedLH 0

c Cardinality: 861 (Sinz+MTO) for UB 2
c ***** top quasi confl at level 0*****
c ends of initiationization by VSIDS at 9 conflicts with init 9991

c UB=2 fails, cnfls=9, hcnfls=9, core 6, tier2 0, local 0, quasiC: 1 (fixed: 73)
c prunedLB 0.00, dev 0.00, succRate 0.00, nbSucc 0, nbHardens 1 (fixed 361), lk: 1, shorten: 0, pureSo 0, nbFlyRd 3, nbFixedLH 0

c Cardinality: 1847 (Sinz+MTO) for UB 4
c nbFailedLits 0, nbI 1, fixedVarsByFL 1, totalFixedVars 313, nbTested: 1017, counter 46367
c ***** top quasi confl at level 0*****
c ends of initiationization by VSIDS at 2174 conflicts with init 7835

c UB=4 fails, cnfls=2174, hcnfls=518, core 2620, tier2 348, local 1582, quasiC: 113 (fixed: 8905)
c prunedLB 2.90, dev 0.59, succRate 0.80, nbSucc 1511, nbHardens 164 (fixed 40582), lk: 1882, shorten: 0, pureSo 146, nbFlyRd 35, nbFixedLH 33

c Cardinality: 2512 (Sinz+MTO) for UB 8
c nbFailedLits 0, nbI 0, fixedVarsByFL 0, totalFixedVars 292, nbTested: 1001, counter 96742
c nbFailedLits 0, nbI 0, fixedVarsByFL 0, totalFixedVars 293, nbTested: 1001, counter 181319
c nbFailedLits 0, nbI 0, fixedVarsByFL 0, totalFixedVars 302, nbTested: 1001, counter 313839
c ends of initiationization by VSIDS at 12175 conflicts with init -1

c nbFailedLits 0, nbI 0, fixedVarsByFL 0, totalFixedVars 327, nbTested: 1001, counter 622792
c nbFailedLits 0, nbI 1, fixedVarsByFL 1, totalFixedVars 337, nbTested: 1050, counter 976577
c ***** top quasi confl at level 0*****
c LRB phase 1: conflicts 23007, phase 20000000, starts 79, UP 2015890
c UB=8 fails, cnfls=35182, hcnfls=1702, core 4229, tier2 627, local 9702, quasiC: 4181 (fixed: 395811)
c prunedLB 5.18, dev 0.96, succRate 0.77, nbSucc 31370, nbHardens 423 (fixed 464583), lk: 40965, shorten: 0, pureSo 601, nbFlyRd 304, nbFixedLH 555

c Cardinality: 2889 (Sinz+MTO) for UB 16
c nbFailedLits 0, nbI 0, fixedVarsByFL 0, totalFixedVars 292, nbTested: 1001, counter 1247735
c nbFailedLits 0, nbI 0, fixedVarsByFL 0, totalFixedVars 292, nbTested: 1001, counter 1325553
c nbFailedLits 0, nbI 0, fixedVarsByFL 0, totalFixedVars 292, nbTested: 1001, counter 1463676
c ends of initiationization by VSIDS at 45186 conflicts with init -4

c nbFailedLits 0, nbI 0, fixedVarsByFL 0, totalFixedVars 292, nbTested: 1001, counter 1720198
c nbFailedLits 0, nbI 0, fixedVarsByFL 0, totalFixedVars 292, nbTested: 1001, counter 2058912
c nbFailedLits 0, nbI 0, fixedVarsByFL 0, totalFixedVars 292, nbTested: 1001, counter 2394155
c nbFailedLits 0, nbI 0, fixedVarsByFL 0, totalFixedVars 292, nbTested: 1001, counter 2828293
c nbFailedLits 0, nbI 0, fixedVarsByFL 0, totalFixedVars 292, nbTested: 1001, counter 3321851
c nbFailedLits 0, nbI 0, fixedVarsByFL 0, totalFixedVars 292, nbTested: 1001, counter 3890330
c nbFailedLits 0, nbI 0, fixedVarsByFL 0, totalFixedVars 292, nbTested: 1001, counter 4558002
c nbFailedLits 0, nbI 0, fixedVarsByFL 0, totalFixedVars 292, nbTested: 1001, counter 5248854
c nbFailedLits 0, nbI 0, fixedVarsByFL 0, totalFixedVars 292, nbTested: 1001, counter 5982760
c nbFailedLits 0, nbI 0, fixedVarsByFL 0, totalFixedVars 292, nbTested: 1001, counter 6801230
c nbFailedLits 0, nbI 0, fixedVarsByFL 0, totalFixedVars 292, nbTested: 1001, counter 7689474
c nbFailedLits 0, nbI 0, fixedVarsByFL 0, totalFixedVars 292, nbTested: 1001, counter 9306430
c LRB phase 2: conflicts 247580, phase 20000000, starts 570, UP 20001870
c DistQLDPC — QLDPC/CSS minimum distance (symplectic MaxSAT)
c solver: MaxCDCL, cardinality encoding: Sinz+MTO (default, Sinz if n<=100)
c Hx: data/matrices/TN_288_2_24_Hx.txt
c Hz: data/matrices/TN_288_2_24_Hz.txt
c Gx: data/matrices/TN_288_2_24_Gx.txt
c Gz: data/matrices/TN_288_2_24_Gz.txt
c Hx: 144 x 288, Hz: 144 x 288, Gx: 2 x 288, Gz: 2 x 288, logicals: 4
c d_lb: 8
c d_ub: -
c status: TIMEOUT (child killed after -cpu-lim)
c d  : UNKNOWN
s UNKNOWN
