c DistQLDPC — QLDPC/CSS minimum distance (symplectic MaxSAT)
c solver: MaxCDCL, cardinality encoding: off (soft-conflict only)
c Hx: data/matrices/TN_200_10_10_Hx.txt
c Hz: data/matrices/TN_200_10_10_Hz.txt
c Gx: data/matrices/TN_200_10_10_Gx.txt
c Gz: data/matrices/TN_200_10_10_Gz.txt
c Hx: 96 x 200, Hz: 96 x 200, Gx: 10 x 200, Gz: 10 x 200, logicals: 20
c Mono: 0, fixed: 0
c |  Eliminated clauses:           0.05 Mb                                      |
c Reduced to 1528 vars, 7642 cls (c/v ratio==5.0, grow=0)
c No iterative elimination performed. (vars=1528, c/v ratio=5.0)
c ============================[ Search Statistics ]==============================
c | Conflicts |          ORIGINAL         |          LEARNT          | Progress |
c |           |    Vars  Clauses Literals |    Limit  Clauses Lit/Cl |          |
c ===============================================================================
c nb soft clauses: 200, of which 200 unit, 0 nonUnit and 0 empty
c total nb of literals: 28060
c conflLits 0, conflLits2 0, nbFailedLits 0, fixedVarsBypreproc 0, totalFixedVars 212
c 1 conflict sets found with length 108
c fixedCost 0, nbSatLits 0, totalFixedVars 212, objForSearch: 200

c no UB provided, search from scratch...
c ends of initiationization by VSIDS at 0 conflicts with init 10000

c UB=1 fails, cnfls=0, hcnfls=0, core 0, tier2 0, local 0, quasiC: 0 (fixed: 0)
c prunedLB 0.00, dev 0.00, succRate 0.00, nbSucc 0, nbHardens 1 (fixed 200), lk: 1, shorten: 0, pureSo 0, nbFlyRd 0, nbFixedLH 0

c Cardinality: off (soft-conflict only), UB 2
c ***** top quasi confl at level 0*****
c ends of initiationization by VSIDS at 226 conflicts with init 9774

c UB=2 fails, cnfls=226, hcnfls=178, core 846, tier2 15, local 133, quasiC: 1 (fixed: 53)
c prunedLB 0.00, dev 0.00, succRate 0.00, nbSucc 0, nbHardens 159 (fixed 16529), lk: 1, shorten: 0, pureSo 48, nbFlyRd 22, nbFixedLH 0

c Cardinality: off (soft-conflict only), UB 4
c nbFailedLits 0, nbI 0, fixedVarsByFL 0, totalFixedVars 214, nbTested: 1001, counter 28202
c ends of initiationization by VSIDS at 1944 conflicts with init 8282

c UB=4 fails, cnfls=1944, hcnfls=467, core 1309, tier2 42, local 1383, quasiC: 118 (fixed: 6893)
c prunedLB 2.86, dev 0.58, succRate 0.81, nbSucc 1282, nbHardens 312 (fixed 43691), lk: 1582, shorten: 0, pureSo 196, nbFlyRd 54, nbFixedLH 32

c Cardinality: off (soft-conflict only), UB 8
c nbFailedLits 0, nbI 0, fixedVarsByFL 0, totalFixedVars 213, nbTested: 1001, counter 69482
c nbFailedLits 0, nbI 0, fixedVarsByFL 0, totalFixedVars 230, nbTested: 1001, counter 155024
c nbFailedLits 0, nbI 0, fixedVarsByFL 0, totalFixedVars 242, nbTested: 1001, counter 302141
c ends of initiationization by VSIDS at 11946 conflicts with init -2

c LRB phase 1: conflicts 4328, phase 20000000, starts 22, UP 319671
c UB=8 fails, cnfls=16274, hcnfls=1060, core 1539, tier2 338, local 5444, quasiC: 2022 (fixed: 134290)
c prunedLB 5.06, dev 1.03, succRate 0.74, nbSucc 13494, nbHardens 459 (fixed 186654), lk: 18189, shorten: 0, pureSo 440, nbFlyRd 255, nbFixedLH 306

c Cardinality: off (soft-conflict only), UB 16
c nbFailedLits 0, nbI 0, fixedVarsByFL 0, totalFixedVars 212, nbTested: 1001, counter 496525
c nbFailedLits 0, nbI 0, fixedVarsByFL 0, totalFixedVars 212, nbTested: 1001, counter 570931
c nbFailedLits 0, nbI 0, fixedVarsByFL 0, totalFixedVars 212, nbTested: 1001, counter 723471
c ends of initiationization by VSIDS at 26277 conflicts with init -3

c UB=16 succs, confls=31954, hconfls=1394, core 1340, tier2 3240, local 7848,  15 soft cls unsat (0 at L0), 212 fixed vars at L0, softCnfl 458, nbFlyRd 503, nbFixedLH 645
c nbHardens 472 (fixed 384301), shorten: 0, prunedLB 9.30, dev 1.37, succRate 0.73, nbSucc 15328, lk: 20934, shorten: 0, quasiC: 4669 (fixed: 331006)


c Cardinality: off (soft-conflict only), UB 15
c nbFailedLits 0, nbI 0, fixedVarsByFL 0, totalFixedVars 212, nbTested: 1001, counter 917654
c nbFailedLits 0, nbI 0, fixedVarsByFL 0, totalFixedVars 212, nbTested: 1001, counter 1211340
c nbFailedLits 0, nbI 0, fixedVarsByFL 0, totalFixedVars 212, nbTested: 1001, counter 1502796
c nbFailedLits 0, nbI 0, fixedVarsByFL 0, totalFixedVars 212, nbTested: 1001, counter 1900221
c nbFailedLits 0, nbI 0, fixedVarsByFL 0, totalFixedVars 212, nbTested: 1001, counter 2368243
c UB=15 succs, confls=83899, hconfls=2575, core 4823, tier2 1089, local 20756,  14 soft cls unsat (0 at L0), 212 fixed vars at L0, softCnfl 764, nbFlyRd 935, nbFixedLH 1635
c nbHardens 624 (fixed 1023336), shorten: 0, prunedLB 7.99, dev 1.81, succRate 0.73, nbSucc 50458, lk: 69508, shorten: 0, quasiC: 13490 (fixed: 957082)


c Cardinality: off (soft-conflict only), UB 14
c nbFailedLits 0, nbI 0, fixedVarsByFL 0, totalFixedVars 212, nbTested: 1001, counter 2875342
c nbFailedLits 0, nbI 0, fixedVarsByFL 0, totalFixedVars 212, nbTested: 1001, counter 3461995
c nbFailedLits 0, nbI 0, fixedVarsByFL 0, totalFixedVars 212, nbTested: 1001, counter 4097784
c nbFailedLits 0, nbI 0, fixedVarsByFL 0, totalFixedVars 212, nbTested: 1001, counter 4739550
c nbFailedLits 0, nbI 0, fixedVarsByFL 0, totalFixedVars 212, nbTested: 1001, counter 5489562
c nbFailedLits 0, nbI 0, fixedVarsByFL 0, totalFixedVars 213, nbTested: 1001, counter 6378966
c nbFailedLits 0, nbI 0, fixedVarsByFL 0, totalFixedVars 215, nbTested: 1001, counter 7742706
c nbFailedLits 0, nbI 0, fixedVarsByFL 0, totalFixedVars 215, nbTested: 1001, counter 8569418
c LRB phase 2: conflicts 286922, phase 20000000, starts 669, UP 20067122
c DistQLDPC — QLDPC/CSS minimum distance (symplectic MaxSAT)
c solver: MaxCDCL, cardinality encoding: off (soft-conflict only)
c Hx: data/matrices/TN_200_10_10_Hx.txt
c Hz: data/matrices/TN_200_10_10_Hz.txt
c Gx: data/matrices/TN_200_10_10_Gx.txt
c Gz: data/matrices/TN_200_10_10_Gz.txt
c Hx: 96 x 200, Hz: 96 x 200, Gx: 10 x 200, Gz: 10 x 200, logicals: 20
c d_lb: 8
c d_ub: 10
c status: TIMEOUT (child killed after -cpu-lim)
c d  : UNKNOWN
s UNKNOWN
