c DistQLDPC — QLDPC/CSS minimum distance (symplectic MaxSAT)
c solver: MaxCDCL, cardinality encoding: off (soft-conflict only)
c Hx: data/matrices/TN_252_2_21_Hx.txt
c Hz: data/matrices/TN_252_2_21_Hz.txt
c Gx: data/matrices/TN_252_2_21_Gx.txt
c Gz: data/matrices/TN_252_2_21_Gz.txt
c Hx: 126 x 252, Hz: 126 x 252, Gx: 2 x 252, Gz: 2 x 252, logicals: 4
c Mono: 0, fixed: 0
c |  Eliminated clauses:           0.06 Mb                                      |
c Reduced to 1680 vars, 8430 cls (c/v ratio==5.0, grow=0)
c No iterative elimination performed. (vars=1680, c/v ratio=5.0)
c ============================[ Search Statistics ]==============================
c | Conflicts |          ORIGINAL         |          LEARNT          | Progress |
c |           |    Vars  Clauses Literals |    Limit  Clauses Lit/Cl |          |
c ===============================================================================
c nb soft clauses: 252, of which 252 unit, 0 nonUnit and 0 empty
c total nb of literals: 31224
c conflLits 0, conflLits2 0, nbFailedLits 0, fixedVarsBypreproc 0, totalFixedVars 256
c 1 conflict sets found with length 98
c fixedCost 0, nbSatLits 0, totalFixedVars 256, objForSearch: 252

c no UB provided, search from scratch...
c ends of initiationization by VSIDS at 0 conflicts with init 10000

c UB=1 fails, cnfls=0, hcnfls=0, core 0, tier2 0, local 0, quasiC: 0 (fixed: 0)
c prunedLB 0.00, dev 0.00, succRate 0.00, nbSucc 0, nbHardens 1 (fixed 252), lk: 1, shorten: 0, pureSo 0, nbFlyRd 0, nbFixedLH 0

c Cardinality: off (soft-conflict only), UB 2
c ***** top quasi confl at level 0*****
c ends of initiationization by VSIDS at 211 conflicts with init 9789

c UB=2 fails, cnfls=211, hcnfls=192, core 629, tier2 6, local 138, quasiC: 1 (fixed: 58)
c prunedLB 0.00, dev 0.00, succRate 0.00, nbSucc 0, nbHardens 172 (fixed 25637), lk: 1, shorten: 0, pureSo 19, nbFlyRd 15, nbFixedLH 0

c Cardinality: off (soft-conflict only), UB 4
c ends of initiationization by VSIDS at 1166 conflicts with init 9045

c UB=4 fails, cnfls=1166, hcnfls=365, core 1259, tier2 227, local 737, quasiC: 58 (fixed: 4511)
c prunedLB 2.90, dev 0.53, succRate 0.81, nbSucc 731, nbHardens 288 (fixed 51650), lk: 897, shorten: 0, pureSo 71, nbFlyRd 32, nbFixedLH 15

c Cardinality: off (soft-conflict only), UB 8
c nbFailedLits 0, nbI 0, fixedVarsByFL 0, totalFixedVars 256, nbTested: 1001, counter 43744
c nbFailedLits 0, nbI 0, fixedVarsByFL 0, totalFixedVars 258, nbTested: 1001, counter 117320
c nbFailedLits 0, nbI 0, fixedVarsByFL 0, totalFixedVars 258, nbTested: 1001, counter 242616
c ends of initiationization by VSIDS at 11170 conflicts with init -4

c nbFailedLits 0, nbI 0, fixedVarsByFL 0, totalFixedVars 294, nbTested: 1001, counter 500758
c nbFailedLits 0, nbI 0, fixedVarsByFL 0, totalFixedVars 343, nbTested: 1001, counter 852430
c nbFailedLits 0, nbI 0, fixedVarsByFL 0, totalFixedVars 419, nbTested: 1001, counter 1202036
c ***** top quasi confl at level 0*****
c LRB phase 1: conflicts 26492, phase 20000000, starts 94, UP 2031391
c UB=8 fails, cnfls=37662, hcnfls=1630, core 2793, tier2 104, local 7349, quasiC: 4825 (fixed: 387050)
c prunedLB 5.08, dev 0.98, succRate 0.76, nbSucc 34674, nbHardens 586 (fixed 471296), lk: 45697, shorten: 0, pureSo 628, nbFlyRd 355, nbFixedLH 646

c Cardinality: off (soft-conflict only), UB 16
c nbFailedLits 0, nbI 0, fixedVarsByFL 0, totalFixedVars 256, nbTested: 1001, counter 1242100
c nbFailedLits 0, nbI 0, fixedVarsByFL 0, totalFixedVars 256, nbTested: 1001, counter 1314366
c nbFailedLits 0, nbI 0, fixedVarsByFL 0, totalFixedVars 256, nbTested: 1001, counter 1449037
c ends of initiationization by VSIDS at 47674 conflicts with init -12

c nbFailedLits 0, nbI 0, fixedVarsByFL 0, totalFixedVars 256, nbTested: 1001, counter 1687306
c nbFailedLits 0, nbI 0, fixedVarsByFL 0, totalFixedVars 256, nbTested: 1001, counter 2006541
c nbFailedLits 0, nbI 0, fixedVarsByFL 0, totalFixedVars 256, nbTested: 1001, counter 2314828
c nbFailedLits 0, nbI 0, fixedVarsByFL 0, totalFixedVars 256, nbTested: 1001, counter 2732253
c nbFailedLits 0, nbI 0, fixedVarsByFL 0, totalFixedVars 256, nbTested: 1001, counter 3206518
c nbFailedLits 0, nbI 0, fixedVarsByFL 0, totalFixedVars 256, nbTested: 1001, counter 3749538
c nbFailedLits 0, nbI 0, fixedVarsByFL 0, totalFixedVars 256, nbTested: 1001, counter 4370435
c nbFailedLits 0, nbI 0, fixedVarsByFL 0, totalFixedVars 256, nbTested: 1001, counter 5013697
c nbFailedLits 0, nbI 0, fixedVarsByFL 0, totalFixedVars 256, nbTested: 1001, counter 5692019
c nbFailedLits 0, nbI 0, fixedVarsByFL 0, totalFixedVars 256, nbTested: 1001, counter 6450229
c nbFailedLits 0, nbI 0, fixedVarsByFL 0, totalFixedVars 256, nbTested: 1001, counter 7387671
c nbFailedLits 0, nbI 0, fixedVarsByFL 0, totalFixedVars 256, nbTested: 1001, counter 8762170
c LRB phase 2: conflicts 256531, phase 20000000, starts 590, UP 20002480
c DistQLDPC — QLDPC/CSS minimum distance (symplectic MaxSAT)
c solver: MaxCDCL, cardinality encoding: off (soft-conflict only)
c Hx: data/matrices/TN_252_2_21_Hx.txt
c Hz: data/matrices/TN_252_2_21_Hz.txt
c Gx: data/matrices/TN_252_2_21_Gx.txt
c Gz: data/matrices/TN_252_2_21_Gz.txt
c Hx: 126 x 252, Hz: 126 x 252, Gx: 2 x 252, Gz: 2 x 252, logicals: 4
c d_lb: 8
c d_ub: -
c status: TIMEOUT (child killed after -cpu-lim)
c d  : UNKNOWN
s UNKNOWN
