c DistQLDPC — QLDPC/CSS minimum distance (symplectic MaxSAT)
c solver: MaxCDCL, cardinality encoding: Sinz+MTO (default, Sinz if n<=100)
c Hx: data/matrices/TN_396_4_26_Hx.txt
c Hz: data/matrices/TN_396_4_26_Hz.txt
c Gx: data/matrices/TN_396_4_26_Gx.txt
c Gz: data/matrices/TN_396_4_26_Gz.txt
c Hx: 198 x 396, Hz: 198 x 396, Gx: 4 x 396, Gz: 4 x 396, logicals: 8
c Mono: 0, fixed: 0
c |  Eliminated clauses:           0.11 Mb                                      |
c Reduced to 2725 vars, 14086 cls (c/v ratio==5.2, grow=0)
c No iterative elimination performed. (vars=2725, c/v ratio=5.2)
c ============================[ Search Statistics ]==============================
c | Conflicts |          ORIGINAL         |          LEARNT          | Progress |
c |           |    Vars  Clauses Literals |    Limit  Clauses Lit/Cl |          |
c ===============================================================================
c nb soft clauses: 396, of which 396 unit, 0 nonUnit and 0 empty
c total nb of literals: 52588
c conflLits 0, conflLits2 0, nbFailedLits 0, fixedVarsBypreproc 0, totalFixedVars 404
c 1 conflict sets found with length 138
c fixedCost 0, nbSatLits 0, totalFixedVars 404, objForSearch: 396

c no UB provided, search from scratch...
c ends of initiationization by VSIDS at 0 conflicts with init 10000

c UB=1 fails, cnfls=0, hcnfls=0, core 0, tier2 0, local 0, quasiC: 0 (fixed: 0)
c prunedLB 0.00, dev 0.00, succRate 0.00, nbSucc 0, nbHardens 1 (fixed 396), lk: 1, shorten: 0, pureSo 0, nbFlyRd 0, nbFixedLH 0

c Cardinality: 1185 (Sinz+MTO) for UB 2
c ***** top quasi confl at level 0*****
c ends of initiationization by VSIDS at 11 conflicts with init 9989

c UB=2 fails, cnfls=11, hcnfls=11, core 9, tier2 0, local 0, quasiC: 1 (fixed: 96)
c prunedLB 0.00, dev 0.00, succRate 0.00, nbSucc 0, nbHardens 1 (fixed 492), lk: 1, shorten: 0, pureSo 0, nbFlyRd 1, nbFixedLH 0

c Cardinality: 2507 (Sinz+MTO) for UB 4
c nbFailedLits 0, nbI 0, fixedVarsByFL 0, totalFixedVars 406, nbTested: 1001, counter 37812
c nbFailedLits 1, nbI 0, fixedVarsByFL 6, totalFixedVars 421, nbTested: 1087, counter 174541
c ***** top quasi confl at level 0*****
c ends of initiationization by VSIDS at 4897 conflicts with init 5114

c UB=4 fails, cnfls=4897, hcnfls=809, core 4620, tier2 365, local 4081, quasiC: 327 (fixed: 37784)
c prunedLB 2.92, dev 0.66, succRate 0.79, nbSucc 3647, nbHardens 437 (fixed 161280), lk: 4636, shorten: 0, pureSo 442, nbFlyRd 47, nbFixedLH 110

c Cardinality: 3536 (Sinz+MTO) for UB 8
c nbFailedLits 0, nbI 0, fixedVarsByFL 0, totalFixedVars 404, nbTested: 1001, counter 227127
c nbFailedLits 0, nbI 0, fixedVarsByFL 0, totalFixedVars 407, nbTested: 1001, counter 324677
c nbFailedLits 0, nbI 0, fixedVarsByFL 0, totalFixedVars 408, nbTested: 1001, counter 486373
c ends of initiationization by VSIDS at 14897 conflicts with init 0

c nbFailedLits 0, nbI 0, fixedVarsByFL 0, totalFixedVars 411, nbTested: 1001, counter 812591
c nbFailedLits 0, nbI 0, fixedVarsByFL 0, totalFixedVars 429, nbTested: 1001, counter 1245004
c nbFailedLits 0, nbI 0, fixedVarsByFL 0, totalFixedVars 436, nbTested: 1001, counter 1672345
c nbFailedLits 0, nbI 0, fixedVarsByFL 0, totalFixedVars 459, nbTested: 1001, counter 2292568
c nbFailedLits 0, nbI 0, fixedVarsByFL 0, totalFixedVars 459, nbTested: 1001, counter 2947551
c LRB phase 1: conflicts 64132, phase 20000000, starts 190, UP 6603001
c UB=8 fails, cnfls=79029, hcnfls=3335, core 3726, tier2 133, local 1181, quasiC: 8817 (fixed: 1117760)
c prunedLB 5.16, dev 1.04, succRate 0.77, nbSucc 70292, nbHardens 1060 (fixed 1365764), lk: 90910, shorten: 0, pureSo 1757, nbFlyRd 702, nbFixedLH 1536

c Cardinality: 4105 (Sinz+MTO) for UB 16
c nbFailedLits 0, nbI 0, fixedVarsByFL 0, totalFixedVars 404, nbTested: 1001, counter 3427620
c nbFailedLits 0, nbI 0, fixedVarsByFL 0, totalFixedVars 404, nbTested: 1001, counter 3530687
c nbFailedLits 0, nbI 0, fixedVarsByFL 0, totalFixedVars 404, nbTested: 1001, counter 3692636
c ends of initiationization by VSIDS at 89079 conflicts with init -50

c DistQLDPC — QLDPC/CSS minimum distance (symplectic MaxSAT)
c solver: MaxCDCL, cardinality encoding: Sinz+MTO (default, Sinz if n<=100)
c Hx: data/matrices/TN_396_4_26_Hx.txt
c Hz: data/matrices/TN_396_4_26_Hz.txt
c Gx: data/matrices/TN_396_4_26_Gx.txt
c Gz: data/matrices/TN_396_4_26_Gz.txt
c Hx: 198 x 396, Hz: 198 x 396, Gx: 4 x 396, Gz: 4 x 396, logicals: 8
c d_lb: 8
c d_ub: -
c status: TIMEOUT (child killed after -cpu-lim)
c d  : UNKNOWN
s UNKNOWN
