c DistQLDPC — QLDPC/CSS minimum distance (symplectic MaxSAT)
c solver: MaxCDCL, cardinality encoding: off (soft-conflict only)
c Hx: data/matrices/TN_360_4_24_Hx.txt
c Hz: data/matrices/TN_360_4_24_Hz.txt
c Gx: data/matrices/TN_360_4_24_Gx.txt
c Gz: data/matrices/TN_360_4_24_Gz.txt
c Hx: 180 x 360, Hz: 180 x 360, Gx: 4 x 360, Gz: 4 x 360, logicals: 8
c Mono: 0, fixed: 0
c |  Eliminated clauses:           0.09 Mb                                      |
c Reduced to 2580 vars, 12994 cls (c/v ratio==5.0, grow=0)
c No iterative elimination performed. (vars=2580, c/v ratio=5.0)
c ============================[ Search Statistics ]==============================
c | Conflicts |          ORIGINAL         |          LEARNT          | Progress |
c |           |    Vars  Clauses Literals |    Limit  Clauses Lit/Cl |          |
c ===============================================================================
c nb soft clauses: 360, of which 360 unit, 0 nonUnit and 0 empty
c total nb of literals: 47928
c conflLits 0, conflLits2 0, nbFailedLits 0, fixedVarsBypreproc 0, totalFixedVars 368
c 1 conflict sets found with length 164
c fixedCost 0, nbSatLits 0, totalFixedVars 368, objForSearch: 360

c no UB provided, search from scratch...
c ends of initiationization by VSIDS at 0 conflicts with init 10000

c UB=1 fails, cnfls=0, hcnfls=0, core 0, tier2 0, local 0, quasiC: 0 (fixed: 0)
c prunedLB 0.00, dev 0.00, succRate 0.00, nbSucc 0, nbHardens 1 (fixed 360), lk: 1, shorten: 0, pureSo 0, nbFlyRd 0, nbFixedLH 0

c Cardinality: off (soft-conflict only), UB 2
c ***** top quasi confl at level 0*****
c ends of initiationization by VSIDS at 443 conflicts with init 9557

c UB=2 fails, cnfls=443, hcnfls=403, core 2095, tier2 2, local 366, quasiC: 1 (fixed: 80)
c prunedLB 2.00, dev 0.00, succRate 0.80, nbSucc 4, nbHardens 376 (fixed 77132), lk: 5, shorten: 0, pureSo 37, nbFlyRd 20, nbFixedLH 0

c Cardinality: off (soft-conflict only), UB 4
c nbFailedLits 0, nbI 0, fixedVarsByFL 0, totalFixedVars 372, nbTested: 1001, counter 43964
c ends of initiationization by VSIDS at 3760 conflicts with init 6683

c UB=4 fails, cnfls=3760, hcnfls=847, core 3762, tier2 204, local 2830, quasiC: 201 (fixed: 21023)
c prunedLB 2.93, dev 0.63, succRate 0.81, nbSucc 2575, nbHardens 584 (fixed 143307), lk: 3168, shorten: 0, pureSo 336, nbFlyRd 53, nbFixedLH 57

c Cardinality: off (soft-conflict only), UB 8
c nbFailedLits 0, nbI 0, fixedVarsByFL 0, totalFixedVars 368, nbTested: 1001, counter 148274
c nbFailedLits 0, nbI 0, fixedVarsByFL 0, totalFixedVars 371, nbTested: 1001, counter 241508
c nbFailedLits 0, nbI 0, fixedVarsByFL 0, totalFixedVars 376, nbTested: 1001, counter 386267
c ends of initiationization by VSIDS at 13761 conflicts with init -1

c nbFailedLits 0, nbI 0, fixedVarsByFL 0, totalFixedVars 418, nbTested: 1001, counter 703784
c nbFailedLits 0, nbI 0, fixedVarsByFL 0, totalFixedVars 447, nbTested: 1001, counter 1138098
c nbFailedLits 0, nbI 0, fixedVarsByFL 0, totalFixedVars 448, nbTested: 1001, counter 1568637
c LRB phase 1: conflicts 31369, phase 20000000, starts 111, UP 3083080
c UB=8 fails, cnfls=45130, hcnfls=2007, core 2750, tier2 43, local 7052, quasiC: 5098 (fixed: 590832)
c prunedLB 5.18, dev 0.98, succRate 0.78, nbSucc 39580, nbHardens 908 (fixed 771223), lk: 50841, shorten: 0, pureSo 967, nbFlyRd 377, nbFixedLH 656

c Cardinality: off (soft-conflict only), UB 16
c nbFailedLits 0, nbI 0, fixedVarsByFL 0, totalFixedVars 368, nbTested: 1001, counter 1808402
c nbFailedLits 0, nbI 0, fixedVarsByFL 0, totalFixedVars 368, nbTested: 1001, counter 1887154
c nbFailedLits 0, nbI 0, fixedVarsByFL 0, totalFixedVars 368, nbTested: 1001, counter 2028363
c ends of initiationization by VSIDS at 55142 conflicts with init -12

c nbFailedLits 0, nbI 0, fixedVarsByFL 0, totalFixedVars 368, nbTested: 1001, counter 2314725
c nbFailedLits 0, nbI 0, fixedVarsByFL 0, totalFixedVars 368, nbTested: 1001, counter 2708814
c nbFailedLits 0, nbI 0, fixedVarsByFL 0, totalFixedVars 368, nbTested: 1001, counter 3079375
c nbFailedLits 0, nbI 0, fixedVarsByFL 0, totalFixedVars 368, nbTested: 1001, counter 3596948
c nbFailedLits 0, nbI 0, fixedVarsByFL 0, totalFixedVars 368, nbTested: 1001, counter 4148542
c nbFailedLits 0, nbI 0, fixedVarsByFL 0, totalFixedVars 368, nbTested: 1001, counter 4792490
c nbFailedLits 0, nbI 0, fixedVarsByFL 0, totalFixedVars 368, nbTested: 1001, counter 5590054
c nbFailedLits 0, nbI 0, fixedVarsByFL 0, totalFixedVars 368, nbTested: 1001, counter 6372169
c nbFailedLits 0, nbI 0, fixedVarsByFL 0, totalFixedVars 368, nbTested: 1001, counter 7241319
c nbFailedLits 0, nbI 0, fixedVarsByFL 0, totalFixedVars 368, nbTested: 1001, counter 8218091
c nbFailedLits 0, nbI 0, fixedVarsByFL 0, totalFixedVars 368, nbTested: 1001, counter 9338374
c LRB phase 2: conflicts 209564, phase 20000000, starts 510, UP 20080245
c DistQLDPC — QLDPC/CSS minimum distance (symplectic MaxSAT)
c solver: MaxCDCL, cardinality encoding: off (soft-conflict only)
c Hx: data/matrices/TN_360_4_24_Hx.txt
c Hz: data/matrices/TN_360_4_24_Hz.txt
c Gx: data/matrices/TN_360_4_24_Gx.txt
c Gz: data/matrices/TN_360_4_24_Gz.txt
c Hx: 180 x 360, Hz: 180 x 360, Gx: 4 x 360, Gz: 4 x 360, logicals: 8
c d_lb: 8
c d_ub: -
c status: TIMEOUT (child killed after -cpu-lim)
c d  : UNKNOWN
s UNKNOWN
