c DistQLDPC — QLDPC/CSS minimum distance (symplectic MaxSAT)
c solver: MaxCDCL, cardinality encoding: Sinz only
c Hx: data/matrices/TN_360_4_24_Hx.txt
c Hz: data/matrices/TN_360_4_24_Hz.txt
c Gx: data/matrices/TN_360_4_24_Gx.txt
c Gz: data/matrices/TN_360_4_24_Gz.txt
c Hx: 180 x 360, Hz: 180 x 360, Gx: 4 x 360, Gz: 4 x 360, logicals: 8
c Mono: 0, fixed: 0
c |  Eliminated clauses:           0.09 Mb                                      |
c Reduced to 2580 vars, 12994 cls (c/v ratio==5.0, grow=0)
c No iterative elimination performed. (vars=2580, c/v ratio=5.0)
c ============================[ Search Statistics ]==============================
c | Conflicts |          ORIGINAL         |          LEARNT          | Progress |
c |           |    Vars  Clauses Literals |    Limit  Clauses Lit/Cl |          |
c ===============================================================================
c nb soft clauses: 360, of which 360 unit, 0 nonUnit and 0 empty
c total nb of literals: 47928
c conflLits 0, conflLits2 0, nbFailedLits 0, fixedVarsBypreproc 0, totalFixedVars 368
c 1 conflict sets found with length 164
c fixedCost 0, nbSatLits 0, totalFixedVars 368, objForSearch: 360

c no UB provided, search from scratch...
c ends of initiationization by VSIDS at 0 conflicts with init 10000

c UB=1 fails, cnfls=0, hcnfls=0, core 0, tier2 0, local 0, quasiC: 0 (fixed: 0)
c prunedLB 0.00, dev 0.00, succRate 0.00, nbSucc 0, nbHardens 1 (fixed 360), lk: 1, shorten: 0, pureSo 0, nbFlyRd 0, nbFixedLH 0

c Cardinality: 1076 (Sinz) for UB 2
c ***** top quasi confl at level 0*****
c ends of initiationization by VSIDS at 68 conflicts with init 9932

c UB=2 fails, cnfls=68, hcnfls=68, core 23, tier2 7, local 45, quasiC: 1 (fixed: 80)
c prunedLB 0.00, dev 0.00, succRate 0.00, nbSucc 0, nbHardens 1 (fixed 440), lk: 1, shorten: 0, pureSo 0, nbFlyRd 6, nbFixedLH 0

c Cardinality: 2502 (Sinz) for UB 4
c nbFailedLits 1, nbI 1, fixedVarsByFL 2, totalFixedVars 380, nbTested: 1500, counter 142870
c ends of initiationization by VSIDS at 3015 conflicts with init 7053

c UB=4 fails, cnfls=3015, hcnfls=1796, core 1096, tier2 252, local 2134, quasiC: 168 (fixed: 11466)
c prunedLB 3.30, dev 0.63, succRate 0.67, nbSucc 1220, nbHardens 1 (fixed 11826), lk: 1834, shorten: 0, pureSo 0, nbFlyRd 47, nbFixedLH 73

c Cardinality: 5330 (Sinz) for UB 8
c nbFailedLits 0, nbI 0, fixedVarsByFL 0, totalFixedVars 369, nbTested: 1001, counter 488831
c nbFailedLits 0, nbI 0, fixedVarsByFL 0, totalFixedVars 374, nbTested: 1001, counter 584545
c nbFailedLits 0, nbI 0, fixedVarsByFL 0, totalFixedVars 385, nbTested: 1001, counter 766493
c ends of initiationization by VSIDS at 13017 conflicts with init -2

c nbFailedLits 0, nbI 0, fixedVarsByFL 0, totalFixedVars 405, nbTested: 1001, counter 1110662
c nbFailedLits 0, nbI 0, fixedVarsByFL 0, totalFixedVars 498, nbTested: 1001, counter 1578639
c nbFailedLits 0, nbI 3, fixedVarsByFL 3, totalFixedVars 512, nbTested: 1495, counter 2078088
c LRB phase 1: conflicts 29448, phase 20000000, starts 105, UP 15219726
c UB=8 fails, cnfls=42465, hcnfls=3952, core 2595, tier2 45, local 3739, quasiC: 4696 (fixed: 539401)
c prunedLB 5.33, dev 0.99, succRate 0.77, nbSucc 37295, nbHardens 1 (fixed 539761), lk: 48390, shorten: 0, pureSo 0, nbFlyRd 397, nbFixedLH 717

c Cardinality: 10890 (Sinz) for UB 16
c nbFailedLits 0, nbI 0, fixedVarsByFL 0, totalFixedVars 368, nbTested: 1001, counter 2331759
c nbFailedLits 0, nbI 0, fixedVarsByFL 0, totalFixedVars 368, nbTested: 1001, counter 2408685
c nbFailedLits 0, nbI 0, fixedVarsByFL 0, totalFixedVars 368, nbTested: 1001, counter 2563734
c ends of initiationization by VSIDS at 52485 conflicts with init -20

c nbFailedLits 0, nbI 0, fixedVarsByFL 0, totalFixedVars 368, nbTested: 1001, counter 2854959
c nbFailedLits 0, nbI 0, fixedVarsByFL 0, totalFixedVars 368, nbTested: 1001, counter 3169988
c nbFailedLits 0, nbI 0, fixedVarsByFL 0, totalFixedVars 368, nbTested: 1001, counter 3620971
c LRB phase 2: conflicts 39691, phase 20000000, starts 126, UP 20245343
c nbFailedLits 0, nbI 0, fixedVarsByFL 0, totalFixedVars 368, nbTested: 1001, counter 4147905
c nbFailedLits 0, nbI 0, fixedVarsByFL 0, totalFixedVars 368, nbTested: 1001, counter 4591829
c nbFailedLits 0, nbI 0, fixedVarsByFL 0, totalFixedVars 368, nbTested: 1001, counter 5156035
c VSIDS phase 1: conflicts 40785, phase 20000000, starts 241, UP 20164721
c nbFailedLits 0, nbI 0, fixedVarsByFL 0, totalFixedVars 368, nbTested: 1001, counter 5881903
c nbFailedLits 0, nbI 0, fixedVarsByFL 0, totalFixedVars 368, nbTested: 1001, counter 6703709
c nbFailedLits 0, nbI 0, fixedVarsByFL 0, totalFixedVars 368, nbTested: 1001, counter 8117971
c LRB phase 3: conflicts 76910, phase 40000000, starts 175, UP 40235478
c DistQLDPC — QLDPC/CSS minimum distance (symplectic MaxSAT)
c solver: MaxCDCL, cardinality encoding: Sinz only
c Hx: data/matrices/TN_360_4_24_Hx.txt
c Hz: data/matrices/TN_360_4_24_Hz.txt
c Gx: data/matrices/TN_360_4_24_Gx.txt
c Gz: data/matrices/TN_360_4_24_Gz.txt
c Hx: 180 x 360, Hz: 180 x 360, Gx: 4 x 360, Gz: 4 x 360, logicals: 8
c d_lb: 8
c d_ub: -
c status: TIMEOUT (child killed after -cpu-lim)
c d  : UNKNOWN
s UNKNOWN
