c DistQLDPC — QLDPC/CSS minimum distance (symplectic MaxSAT)
c solver: MaxCDCL, cardinality encoding: Sinz+MTO (default, Sinz if n<=100)
c Hx: data/matrices/TN_360_4_24_Hx.txt
c Hz: data/matrices/TN_360_4_24_Hz.txt
c Gx: data/matrices/TN_360_4_24_Gx.txt
c Gz: data/matrices/TN_360_4_24_Gz.txt
c Hx: 180 x 360, Hz: 180 x 360, Gx: 4 x 360, Gz: 4 x 360, logicals: 8
c Mono: 0, fixed: 0
c |  Eliminated clauses:           0.09 Mb                                      |
c Reduced to 2580 vars, 12994 cls (c/v ratio==5.0, grow=0)
c No iterative elimination performed. (vars=2580, c/v ratio=5.0)
c ============================[ Search Statistics ]==============================
c | Conflicts |          ORIGINAL         |          LEARNT          | Progress |
c |           |    Vars  Clauses Literals |    Limit  Clauses Lit/Cl |          |
c ===============================================================================
c nb soft clauses: 360, of which 360 unit, 0 nonUnit and 0 empty
c total nb of literals: 47928
c conflLits 0, conflLits2 0, nbFailedLits 0, fixedVarsBypreproc 0, totalFixedVars 368
c 1 conflict sets found with length 164
c fixedCost 0, nbSatLits 0, totalFixedVars 368, objForSearch: 360

c no UB provided, search from scratch...
c ends of initiationization by VSIDS at 0 conflicts with init 10000

c UB=1 fails, cnfls=0, hcnfls=0, core 0, tier2 0, local 0, quasiC: 0 (fixed: 0)
c prunedLB 0.00, dev 0.00, succRate 0.00, nbSucc 0, nbHardens 1 (fixed 360), lk: 1, shorten: 0, pureSo 0, nbFlyRd 0, nbFixedLH 0

c Cardinality: 1077 (Sinz+MTO) for UB 2
c ***** top quasi confl at level 0*****
c ends of initiationization by VSIDS at 19 conflicts with init 9981

c UB=2 fails, cnfls=19, hcnfls=19, core 14, tier2 2, local 3, quasiC: 1 (fixed: 80)
c prunedLB 0.00, dev 0.00, succRate 0.00, nbSucc 0, nbHardens 1 (fixed 440), lk: 1, shorten: 0, pureSo 0, nbFlyRd 1, nbFixedLH 0

c Cardinality: 2279 (Sinz+MTO) for UB 4
c nbFailedLits 4, nbI 1, fixedVarsByFL 6, totalFixedVars 374, nbTested: 1325, counter 25628
c nbFailedLits 4, nbI 0, fixedVarsByFL 6, totalFixedVars 393, nbTested: 1227, counter 131017
c ends of initiationization by VSIDS at 4526 conflicts with init 5493

c UB=4 fails, cnfls=4526, hcnfls=731, core 2639, tier2 203, local 3493, quasiC: 273 (fixed: 27980)
c prunedLB 2.84, dev 0.66, succRate 0.80, nbSucc 3376, nbHardens 420 (fixed 140560), lk: 4241, shorten: 0, pureSo 420, nbFlyRd 106, nbFixedLH 75

c Cardinality: 3200 (Sinz+MTO) for UB 8
c nbFailedLits 0, nbI 0, fixedVarsByFL 0, totalFixedVars 368, nbTested: 1001, counter 161862
c nbFailedLits 0, nbI 0, fixedVarsByFL 0, totalFixedVars 370, nbTested: 1001, counter 248030
c nbFailedLits 0, nbI 0, fixedVarsByFL 0, totalFixedVars 382, nbTested: 1001, counter 386809
c ends of initiationization by VSIDS at 14526 conflicts with init 0

c nbFailedLits 0, nbI 0, fixedVarsByFL 0, totalFixedVars 436, nbTested: 1001, counter 677961
c nbFailedLits 0, nbI 1, fixedVarsByFL 1, totalFixedVars 462, nbTested: 1274, counter 1094299
c nbFailedLits 0, nbI 1, fixedVarsByFL 1, totalFixedVars 531, nbTested: 1021, counter 1516345
c LRB phase 1: conflicts 35681, phase 20000000, starts 125, UP 3349026
c UB=8 fails, cnfls=50207, hcnfls=2070, core 5023, tier2 1943, local 7422, quasiC: 5398 (fixed: 601417)
c prunedLB 5.30, dev 0.98, succRate 0.78, nbSucc 43570, nbHardens 745 (fixed 772941), lk: 56065, shorten: 0, pureSo 1193, nbFlyRd 454, nbFixedLH 776

c Cardinality: 3745 (Sinz+MTO) for UB 16
c nbFailedLits 0, nbI 0, fixedVarsByFL 0, totalFixedVars 368, nbTested: 1001, counter 1930188
c nbFailedLits 0, nbI 0, fixedVarsByFL 0, totalFixedVars 368, nbTested: 1001, counter 2017791
c nbFailedLits 0, nbI 0, fixedVarsByFL 0, totalFixedVars 368, nbTested: 1001, counter 2179688
c ends of initiationization by VSIDS at 60211 conflicts with init -4

c nbFailedLits 0, nbI 0, fixedVarsByFL 0, totalFixedVars 368, nbTested: 1001, counter 2447689
c nbFailedLits 0, nbI 0, fixedVarsByFL 0, totalFixedVars 368, nbTested: 1001, counter 2773920
c nbFailedLits 0, nbI 0, fixedVarsByFL 0, totalFixedVars 368, nbTested: 1001, counter 3224837
c nbFailedLits 0, nbI 0, fixedVarsByFL 0, totalFixedVars 368, nbTested: 1001, counter 3737214
c nbFailedLits 0, nbI 0, fixedVarsByFL 0, totalFixedVars 368, nbTested: 1001, counter 4327318
c nbFailedLits 0, nbI 0, fixedVarsByFL 0, totalFixedVars 368, nbTested: 1001, counter 4972033
c nbFailedLits 0, nbI 0, fixedVarsByFL 0, totalFixedVars 368, nbTested: 1001, counter 5815684
c nbFailedLits 0, nbI 0, fixedVarsByFL 0, totalFixedVars 368, nbTested: 1001, counter 6557028
c nbFailedLits 0, nbI 0, fixedVarsByFL 0, totalFixedVars 368, nbTested: 1001, counter 7479761
c nbFailedLits 0, nbI 0, fixedVarsByFL 0, totalFixedVars 368, nbTested: 1001, counter 8484403
c nbFailedLits 0, nbI 0, fixedVarsByFL 0, totalFixedVars 368, nbTested: 1001, counter 9691136
c LRB phase 2: conflicts 209708, phase 20000000, starts 510, UP 20487803
c DistQLDPC — QLDPC/CSS minimum distance (symplectic MaxSAT)
c solver: MaxCDCL, cardinality encoding: Sinz+MTO (default, Sinz if n<=100)
c Hx: data/matrices/TN_360_4_24_Hx.txt
c Hz: data/matrices/TN_360_4_24_Hz.txt
c Gx: data/matrices/TN_360_4_24_Gx.txt
c Gz: data/matrices/TN_360_4_24_Gz.txt
c Hx: 180 x 360, Hz: 180 x 360, Gx: 4 x 360, Gz: 4 x 360, logicals: 8
c d_lb: 8
c d_ub: -
c status: TIMEOUT (child killed after -cpu-lim)
c d  : UNKNOWN
s UNKNOWN
