c DistQLDPC — QLDPC/CSS minimum distance (symplectic MaxSAT)
c solver: MaxCDCL, cardinality encoding: MTO only
c Hx: data/matrices/TN_432_8_33_Hx.txt
c Hz: data/matrices/TN_432_8_33_Hz.txt
c Gx: data/matrices/TN_432_8_33_Gx.txt
c Gz: data/matrices/TN_432_8_33_Gz.txt
c Hx: 216 x 432, Hz: 216 x 432, Gx: 8 x 432, Gz: 8 x 432, logicals: 16
c Mono: 0, fixed: 0
c |  Eliminated clauses:           0.13 Mb                                      |
c Reduced to 3352 vars, 17418 cls (c/v ratio==5.2, grow=0)
c No iterative elimination performed. (vars=3352, c/v ratio=5.2)
c ============================[ Search Statistics ]==============================
c | Conflicts |          ORIGINAL         |          LEARNT          | Progress |
c |           |    Vars  Clauses Literals |    Limit  Clauses Lit/Cl |          |
c ===============================================================================
c nb soft clauses: 432, of which 432 unit, 0 nonUnit and 0 empty
c total nb of literals: 64600
c conflLits 0, conflLits2 0, nbFailedLits 0, fixedVarsBypreproc 0, totalFixedVars 448
c 1 conflict sets found with length 220
c fixedCost 0, nbSatLits 0, totalFixedVars 448, objForSearch: 432

c no UB provided, search from scratch...
c ends of initiationization by VSIDS at 0 conflicts with init 10000

c UB=1 fails, cnfls=0, hcnfls=0, core 0, tier2 0, local 0, quasiC: 0 (fixed: 0)
c prunedLB 0.00, dev 0.00, succRate 0.00, nbSucc 0, nbHardens 1 (fixed 432), lk: 1, shorten: 0, pureSo 0, nbFlyRd 0, nbFixedLH 0

c Cardinality: 1293 (MTO) for UB 2
c ***** top quasi confl at level 0*****
c ends of initiationization by VSIDS at 25 conflicts with init 9975

c UB=2 fails, cnfls=25, hcnfls=25, core 19, tier2 3, local 4, quasiC: 1 (fixed: 98)
c prunedLB 0.00, dev 0.00, succRate 0.00, nbSucc 0, nbHardens 1 (fixed 530), lk: 1, shorten: 0, pureSo 0, nbFlyRd 1, nbFixedLH 0

c Cardinality: 2759 (MTO) for UB 4
c nbFailedLits 0, nbI 0, fixedVarsByFL 0, totalFixedVars 461, nbTested: 1001, counter 32691
c nbFailedLits 0, nbI 0, fixedVarsByFL 0, totalFixedVars 467, nbTested: 1001, counter 141962
c ends of initiationization by VSIDS at 5505 conflicts with init 4520

c UB=4 fails, cnfls=5505, hcnfls=872, core 5497, tier2 388, local 4595, quasiC: 286 (fixed: 34504)
c prunedLB 2.93, dev 0.61, succRate 0.84, nbSucc 4065, nbHardens 425 (fixed 155247), lk: 4818, shorten: 0, pureSo 569, nbFlyRd 63, nbFixedLH 79

c Cardinality: 3824 (MTO) for UB 8
c nbFailedLits 0, nbI 0, fixedVarsByFL 0, totalFixedVars 448, nbTested: 1001, counter 255236
c nbFailedLits 0, nbI 0, fixedVarsByFL 0, totalFixedVars 449, nbTested: 1001, counter 337394
c nbFailedLits 0, nbI 0, fixedVarsByFL 0, totalFixedVars 456, nbTested: 1001, counter 503391
c ends of initiationization by VSIDS at 15512 conflicts with init -7

c nbFailedLits 0, nbI 0, fixedVarsByFL 0, totalFixedVars 502, nbTested: 1001, counter 851088
c nbFailedLits 0, nbI 0, fixedVarsByFL 0, totalFixedVars 551, nbTested: 1001, counter 1306838
c nbFailedLits 0, nbI 0, fixedVarsByFL 0, totalFixedVars 551, nbTested: 1001, counter 1769921
c ***** top quasi confl at level 0*****
c LRB phase 1: conflicts 39169, phase 20000000, starts 126, UP 4344230
c UB=8 fails, cnfls=54681, hcnfls=2343, core 2553, tier2 132, local 2127, quasiC: 5770 (fixed: 774047)
c prunedLB 5.28, dev 1.01, succRate 0.78, nbSucc 46858, nbHardens 816 (fixed 983061), lk: 60015, shorten: 0, pureSo 1417, nbFlyRd 421, nbFixedLH 853

c Cardinality: 4393 (MTO) for UB 16
c nbFailedLits 0, nbI 0, fixedVarsByFL 0, totalFixedVars 448, nbTested: 1001, counter 2415163
c nbFailedLits 0, nbI 0, fixedVarsByFL 0, totalFixedVars 448, nbTested: 1001, counter 2510115
c nbFailedLits 0, nbI 0, fixedVarsByFL 0, totalFixedVars 448, nbTested: 1001, counter 2673957
c ends of initiationization by VSIDS at 64695 conflicts with init -14

c DistQLDPC — QLDPC/CSS minimum distance (symplectic MaxSAT)
c solver: MaxCDCL, cardinality encoding: MTO only
c Hx: data/matrices/TN_432_8_33_Hx.txt
c Hz: data/matrices/TN_432_8_33_Hz.txt
c Gx: data/matrices/TN_432_8_33_Gx.txt
c Gz: data/matrices/TN_432_8_33_Gz.txt
c Hx: 216 x 432, Hz: 216 x 432, Gx: 8 x 432, Gz: 8 x 432, logicals: 16
c d_lb: 8
c d_ub: -
c status: TIMEOUT (child killed after -cpu-lim)
c d  : UNKNOWN
s UNKNOWN
