c DistQLDPC — QLDPC/CSS minimum distance (symplectic MaxSAT)
c solver: MaxCDCL, cardinality encoding: MTO only
c Hx: data/matrices/TN_468_4_31_Hx.txt
c Hz: data/matrices/TN_468_4_31_Hz.txt
c Gx: data/matrices/TN_468_4_31_Gx.txt
c Gz: data/matrices/TN_468_4_31_Gz.txt
c Hx: 234 x 468, Hz: 234 x 468, Gx: 4 x 468, Gz: 4 x 468, logicals: 8
c Mono: 0, fixed: 0
c |  Eliminated clauses:           0.13 Mb                                      |
c Reduced to 3232 vars, 16726 cls (c/v ratio==5.2, grow=0)
c No iterative elimination performed. (vars=3232, c/v ratio=5.2)
c ============================[ Search Statistics ]==============================
c | Conflicts |          ORIGINAL         |          LEARNT          | Progress |
c |           |    Vars  Clauses Literals |    Limit  Clauses Lit/Cl |          |
c ===============================================================================
c nb soft clauses: 468, of which 468 unit, 0 nonUnit and 0 empty
c total nb of literals: 62452
c conflLits 0, conflLits2 0, nbFailedLits 0, fixedVarsBypreproc 0, totalFixedVars 476
c 1 conflict sets found with length 162
c fixedCost 0, nbSatLits 0, totalFixedVars 476, objForSearch: 468

c no UB provided, search from scratch...
c ends of initiationization by VSIDS at 0 conflicts with init 10000

c UB=1 fails, cnfls=0, hcnfls=0, core 0, tier2 0, local 0, quasiC: 0 (fixed: 0)
c prunedLB 0.00, dev 0.00, succRate 0.00, nbSucc 0, nbHardens 1 (fixed 468), lk: 1, shorten: 0, pureSo 0, nbFlyRd 0, nbFixedLH 0

c Cardinality: 1401 (MTO) for UB 2
c ***** top quasi confl at level 0*****
c ends of initiationization by VSIDS at 9 conflicts with init 9991

c UB=2 fails, cnfls=9, hcnfls=9, core 7, tier2 0, local 0, quasiC: 1 (fixed: 114)
c prunedLB 0.00, dev 0.00, succRate 0.00, nbSucc 0, nbHardens 1 (fixed 582), lk: 1, shorten: 0, pureSo 0, nbFlyRd 1, nbFixedLH 0

c Cardinality: 3011 (MTO) for UB 4
c nbFailedLits 0, nbI 0, fixedVarsByFL 0, totalFixedVars 483, nbTested: 1001, counter 31090
c nbFailedLits 0, nbI 0, fixedVarsByFL 0, totalFixedVars 493, nbTested: 1001, counter 162355
c ends of initiationization by VSIDS at 6956 conflicts with init 3053

c UB=4 fails, cnfls=6956, hcnfls=1059, core 15706, tier2 1737, local 5807, quasiC: 447 (fixed: 56218)
c prunedLB 2.94, dev 0.69, succRate 0.80, nbSucc 5153, nbHardens 587 (fixed 243470), lk: 6431, shorten: 0, pureSo 745, nbFlyRd 97, nbFixedLH 138

c Cardinality: 4112 (MTO) for UB 8
c nbFailedLits 0, nbI 0, fixedVarsByFL 0, totalFixedVars 476, nbTested: 1001, counter 333308
c nbFailedLits 0, nbI 0, fixedVarsByFL 0, totalFixedVars 477, nbTested: 1001, counter 442818
c nbFailedLits 0, nbI 0, fixedVarsByFL 0, totalFixedVars 483, nbTested: 1001, counter 611470
c ends of initiationization by VSIDS at 16967 conflicts with init -11

c nbFailedLits 0, nbI 0, fixedVarsByFL 0, totalFixedVars 491, nbTested: 1001, counter 942555
c nbFailedLits 0, nbI 0, fixedVarsByFL 0, totalFixedVars 526, nbTested: 1001, counter 1340773
c nbFailedLits 0, nbI 0, fixedVarsByFL 0, totalFixedVars 570, nbTested: 1001, counter 1902828
c nbFailedLits 0, nbI 0, fixedVarsByFL 0, totalFixedVars 573, nbTested: 1001, counter 2571491
c nbFailedLits 0, nbI 0, fixedVarsByFL 0, totalFixedVars 638, nbTested: 1001, counter 3327823
c LRB phase 1: conflicts 61517, phase 20000000, starts 189, UP 7295748
c UB=8 fails, cnfls=78484, hcnfls=3432, core 7158, tier2 601, local 21523, quasiC: 8206 (fixed: 1239494)
c prunedLB 5.20, dev 1.03, succRate 0.78, nbSucc 67883, nbHardens 1234 (fixed 1584378), lk: 87076, shorten: 0, pureSo 2018, nbFlyRd 725, nbFixedLH 1475

c Cardinality: 4681 (MTO) for UB 16
c nbFailedLits 0, nbI 0, fixedVarsByFL 0, totalFixedVars 476, nbTested: 1001, counter 3720702
c nbFailedLits 0, nbI 0, fixedVarsByFL 0, totalFixedVars 476, nbTested: 1001, counter 3826585
c nbFailedLits 0, nbI 0, fixedVarsByFL 0, totalFixedVars 476, nbTested: 1001, counter 3999859
c ends of initiationization by VSIDS at 88516 conflicts with init -32

c DistQLDPC — QLDPC/CSS minimum distance (symplectic MaxSAT)
c solver: MaxCDCL, cardinality encoding: MTO only
c Hx: data/matrices/TN_468_4_31_Hx.txt
c Hz: data/matrices/TN_468_4_31_Hz.txt
c Gx: data/matrices/TN_468_4_31_Gx.txt
c Gz: data/matrices/TN_468_4_31_Gz.txt
c Hx: 234 x 468, Hz: 234 x 468, Gx: 4 x 468, Gz: 4 x 468, logicals: 8
c d_lb: 8
c d_ub: -
c status: TIMEOUT (child killed after -cpu-lim)
c d  : UNKNOWN
s UNKNOWN
