c DistQLDPC — QLDPC/CSS minimum distance (symplectic MaxSAT)
c solver: MaxCDCL, cardinality encoding: off (soft-conflict only)
c Hx: data/matrices/TN_504_2_45_Hx.txt
c Hz: data/matrices/TN_504_2_45_Hz.txt
c Gx: data/matrices/TN_504_2_45_Gx.txt
c Gz: data/matrices/TN_504_2_45_Gz.txt
c Hx: 252 x 504, Hz: 252 x 504, Gx: 2 x 504, Gz: 2 x 504, logicals: 4
c Mono: 0, fixed: 0
c |  Eliminated clauses:           0.13 Mb                                      |
c Reduced to 3309 vars, 16874 cls (c/v ratio==5.1, grow=0)
c No iterative elimination performed. (vars=3309, c/v ratio=5.1)
c ============================[ Search Statistics ]==============================
c | Conflicts |          ORIGINAL         |          LEARNT          | Progress |
c |           |    Vars  Clauses Literals |    Limit  Clauses Lit/Cl |          |
c ===============================================================================
c nb soft clauses: 504, of which 504 unit, 0 nonUnit and 0 empty
c total nb of literals: 62932
c conflLits 0, conflLits2 0, nbFailedLits 0, fixedVarsBypreproc 0, totalFixedVars 508
c 1 conflict sets found with length 181
c fixedCost 0, nbSatLits 0, totalFixedVars 508, objForSearch: 504

c no UB provided, search from scratch...
c ends of initiationization by VSIDS at 0 conflicts with init 10000

c UB=1 fails, cnfls=0, hcnfls=0, core 0, tier2 0, local 0, quasiC: 0 (fixed: 0)
c prunedLB 0.00, dev 0.00, succRate 0.00, nbSucc 0, nbHardens 1 (fixed 504), lk: 1, shorten: 0, pureSo 0, nbFlyRd 0, nbFixedLH 0

c Cardinality: off (soft-conflict only), UB 2
c ***** top quasi confl at level 0*****
c ends of initiationization by VSIDS at 415 conflicts with init 9585

c UB=2 fails, cnfls=415, hcnfls=394, core 3156, tier2 7, local 347, quasiC: 1 (fixed: 115)
c prunedLB 0.00, dev 0.00, succRate 0.00, nbSucc 0, nbHardens 375 (fixed 120247), lk: 1, shorten: 0, pureSo 21, nbFlyRd 21, nbFixedLH 0

c Cardinality: off (soft-conflict only), UB 4
c nbFailedLits 1, nbI 0, fixedVarsByFL 1, totalFixedVars 512, nbTested: 1238, counter 40259
c nbFailedLits 0, nbI 0, fixedVarsByFL 0, totalFixedVars 521, nbTested: 1001, counter 173606
c nbFailedLits 2, nbI 0, fixedVarsByFL 6, totalFixedVars 552, nbTested: 1565, counter 409795
c ends of initiationization by VSIDS at 10415 conflicts with init 0

c LRB phase 1: conflicts 1023, phase 20000000, starts 7, UP 154109
c UB=4 fails, cnfls=11438, hcnfls=1635, core 13053, tier2 529, local 9702, quasiC: 721 (fixed: 91003)
c prunedLB 2.94, dev 0.65, succRate 0.81, nbSucc 8773, nbHardens 1026 (fixed 411404), lk: 10770, shorten: 0, pureSo 1031, nbFlyRd 84, nbFixedLH 163

c Cardinality: off (soft-conflict only), UB 8
c nbFailedLits 0, nbI 0, fixedVarsByFL 0, totalFixedVars 508, nbTested: 1001, counter 538792
c nbFailedLits 0, nbI 0, fixedVarsByFL 0, totalFixedVars 516, nbTested: 1001, counter 645403
c nbFailedLits 0, nbI 0, fixedVarsByFL 0, totalFixedVars 520, nbTested: 1001, counter 830065
c ends of initiationization by VSIDS at 21443 conflicts with init -5

c nbFailedLits 0, nbI 0, fixedVarsByFL 0, totalFixedVars 542, nbTested: 1001, counter 1182298
c nbFailedLits 0, nbI 0, fixedVarsByFL 0, totalFixedVars 573, nbTested: 1001, counter 1669918
c nbFailedLits 0, nbI 0, fixedVarsByFL 0, totalFixedVars 587, nbTested: 1001, counter 2156684
c nbFailedLits 0, nbI 0, fixedVarsByFL 0, totalFixedVars 587, nbTested: 1001, counter 2853758
c nbFailedLits 0, nbI 0, fixedVarsByFL 0, totalFixedVars 587, nbTested: 1001, counter 3553840
c ***** top quasi confl at level 0*****
c ***** top quasi confl at level 0*****
c LRB phase 2: conflicts 59657, phase 20000000, starts 186, UP 6835528
c UB=8 fails, cnfls=81100, hcnfls=3391, core 3468, tier2 323, local 4321, quasiC: 8172 (fixed: 1274418)
c prunedLB 5.19, dev 0.98, succRate 0.79, nbSucc 66750, nbHardens 1569 (fixed 1734256), lk: 84526, shorten: 0, pureSo 2188, nbFlyRd 537, nbFixedLH 1111

c Cardinality: off (soft-conflict only), UB 16
c nbFailedLits 0, nbI 0, fixedVarsByFL 0, totalFixedVars 508, nbTested: 1001, counter 3835691
c nbFailedLits 0, nbI 0, fixedVarsByFL 0, totalFixedVars 508, nbTested: 1001, counter 3931086
c nbFailedLits 0, nbI 0, fixedVarsByFL 0, totalFixedVars 508, nbTested: 1001, counter 4082550
c ends of initiationization by VSIDS at 91111 conflicts with init -11

c DistQLDPC — QLDPC/CSS minimum distance (symplectic MaxSAT)
c solver: MaxCDCL, cardinality encoding: off (soft-conflict only)
c Hx: data/matrices/TN_504_2_45_Hx.txt
c Hz: data/matrices/TN_504_2_45_Hz.txt
c Gx: data/matrices/TN_504_2_45_Gx.txt
c Gz: data/matrices/TN_504_2_45_Gz.txt
c Hx: 252 x 504, Hz: 252 x 504, Gx: 2 x 504, Gz: 2 x 504, logicals: 4
c d_lb: 8
c d_ub: -
c status: TIMEOUT (child killed after -cpu-lim)
c d  : UNKNOWN
s UNKNOWN
