c DistQLDPC — QLDPC/CSS minimum distance (symplectic MaxSAT)
c solver: MaxCDCL, cardinality encoding: Sinz+MTO (default, Sinz if n<=100)
c Hx: data/matrices/TN_576_2_59_Hx.txt
c Hz: data/matrices/TN_576_2_59_Hz.txt
c Gx: data/matrices/TN_576_2_59_Gx.txt
c Gz: data/matrices/TN_576_2_59_Gz.txt
c Hx: 288 x 576, Hz: 288 x 576, Gx: 2 x 576, Gz: 2 x 576, logicals: 4
c Mono: 0, fixed: 0
c |  Eliminated clauses:           0.15 Mb                                      |
c Reduced to 3788 vars, 19098 cls (c/v ratio==5.0, grow=0)
c No iterative elimination performed. (vars=3788, c/v ratio=5.0)
c ============================[ Search Statistics ]==============================
c | Conflicts |          ORIGINAL         |          LEARNT          | Progress |
c |           |    Vars  Clauses Literals |    Limit  Clauses Lit/Cl |          |
c ===============================================================================
c nb soft clauses: 576, of which 576 unit, 0 nonUnit and 0 empty
c total nb of literals: 70940
c conflLits 0, conflLits2 0, nbFailedLits 0, fixedVarsBypreproc 0, totalFixedVars 580
c 1 conflict sets found with length 160
c fixedCost 0, nbSatLits 0, totalFixedVars 580, objForSearch: 576

c no UB provided, search from scratch...
c ends of initiationization by VSIDS at 0 conflicts with init 10000

c UB=1 fails, cnfls=0, hcnfls=0, core 0, tier2 0, local 0, quasiC: 0 (fixed: 0)
c prunedLB 0.00, dev 0.00, succRate 0.00, nbSucc 0, nbHardens 1 (fixed 576), lk: 1, shorten: 0, pureSo 0, nbFlyRd 0, nbFixedLH 0

c Cardinality: 1725 (Sinz+MTO) for UB 2
c ***** top quasi confl at level 0*****
c ends of initiationization by VSIDS at 6 conflicts with init 9994

c UB=2 fails, cnfls=6, hcnfls=6, core 4, tier2 0, local 0, quasiC: 1 (fixed: 169)
c prunedLB 0.00, dev 0.00, succRate 0.00, nbSucc 0, nbHardens 1 (fixed 745), lk: 1, shorten: 0, pureSo 0, nbFlyRd 1, nbFixedLH 0

c Cardinality: 3703 (Sinz+MTO) for UB 4
c nbFailedLits 0, nbI 0, fixedVarsByFL 0, totalFixedVars 585, nbTested: 1001, counter 37009
c nbFailedLits 0, nbI 1, fixedVarsByFL 1, totalFixedVars 597, nbTested: 1575, counter 201603
c nbFailedLits 0, nbI 0, fixedVarsByFL 0, totalFixedVars 616, nbTested: 1001, counter 442885
c ends of initiationization by VSIDS at 10010 conflicts with init -4

c ***** top quasi confl at level 0*****
c LRB phase 1: conflicts 594, phase 20000000, starts 5, UP 641105
c UB=4 fails, cnfls=10604, hcnfls=1660, core 7656, tier2 498, local 9004, quasiC: 667 (fixed: 92172)
c prunedLB 3.00, dev 0.67, succRate 0.80, nbSucc 7944, nbHardens 727 (fixed 365183), lk: 9955, shorten: 0, pureSo 1001, nbFlyRd 84, nbFixedLH 161

c Cardinality: 5040 (Sinz+MTO) for UB 8
c nbFailedLits 0, nbI 0, fixedVarsByFL 0, totalFixedVars 580, nbTested: 1001, counter 761353
c nbFailedLits 0, nbI 0, fixedVarsByFL 0, totalFixedVars 584, nbTested: 1001, counter 867586
c nbFailedLits 0, nbI 0, fixedVarsByFL 0, totalFixedVars 596, nbTested: 1001, counter 1054262
c ends of initiationization by VSIDS at 20605 conflicts with init -1

c nbFailedLits 0, nbI 1, fixedVarsByFL 1, totalFixedVars 623, nbTested: 1419, counter 1446753
c nbFailedLits 0, nbI 0, fixedVarsByFL 0, totalFixedVars 646, nbTested: 1001, counter 1936119
c nbFailedLits 1, nbI 0, fixedVarsByFL 2, totalFixedVars 662, nbTested: 1654, counter 2586996
c nbFailedLits 0, nbI 0, fixedVarsByFL 0, totalFixedVars 706, nbTested: 1001, counter 3341078
c nbFailedLits 0, nbI 0, fixedVarsByFL 0, totalFixedVars 725, nbTested: 1001, counter 4199769
c nbFailedLits 0, nbI 0, fixedVarsByFL 0, totalFixedVars 732, nbTested: 1001, counter 5048774
c ***** top quasi confl at level 0*****
c LRB phase 2: conflicts 83828, phase 20000000, starts 253, UP 10459126
c UB=8 fails, cnfls=104433, hcnfls=4194, core 2969, tier2 45, local 477, quasiC: 10741 (fixed: 1798663)
c prunedLB 5.27, dev 1.00, succRate 0.79, nbSucc 89654, nbHardens 1500 (fixed 2300911), lk: 113714, shorten: 0, pureSo 2643, nbFlyRd 734, nbFixedLH 1522

c Cardinality: 5801 (Sinz+MTO) for UB 16
c nbFailedLits 0, nbI 0, fixedVarsByFL 0, totalFixedVars 580, nbTested: 1001, counter 5727365
c nbFailedLits 0, nbI 0, fixedVarsByFL 0, totalFixedVars 580, nbTested: 1001, counter 5825510
c ends of initiationization by VSIDS at 114436 conflicts with init -3

c DistQLDPC — QLDPC/CSS minimum distance (symplectic MaxSAT)
c solver: MaxCDCL, cardinality encoding: Sinz+MTO (default, Sinz if n<=100)
c Hx: data/matrices/TN_576_2_59_Hx.txt
c Hz: data/matrices/TN_576_2_59_Hz.txt
c Gx: data/matrices/TN_576_2_59_Gx.txt
c Gz: data/matrices/TN_576_2_59_Gz.txt
c Hx: 288 x 576, Hz: 288 x 576, Gx: 2 x 576, Gz: 2 x 576, logicals: 4
c d_lb: 8
c d_ub: -
c status: TIMEOUT (child killed after -cpu-lim)
c d  : UNKNOWN
s UNKNOWN
