c DistQLDPC — QLDPC/CSS minimum distance (symplectic MaxSAT)
c solver: MaxCDCL, cardinality encoding: Sinz+MTO (default, Sinz if n<=100)
c Hx: data/matrices/TN_612_2_52_Hx.txt
c Hz: data/matrices/TN_612_2_52_Hz.txt
c Gx: data/matrices/TN_612_2_52_Gx.txt
c Gz: data/matrices/TN_612_2_52_Gz.txt
c Hx: 306 x 612, Hz: 306 x 612, Gx: 2 x 612, Gz: 2 x 612, logicals: 4
c Mono: 0, fixed: 0
c |  Eliminated clauses:           0.15 Mb                                      |
c Reduced to 4139 vars, 20558 cls (c/v ratio==5.0, grow=0)
c No iterative elimination performed. (vars=4139, c/v ratio=5.0)
c ============================[ Search Statistics ]==============================
c | Conflicts |          ORIGINAL         |          LEARNT          | Progress |
c |           |    Vars  Clauses Literals |    Limit  Clauses Lit/Cl |          |
c ===============================================================================
c nb soft clauses: 612, of which 612 unit, 0 nonUnit and 0 empty
c total nb of literals: 75792
c conflLits 0, conflLits2 0, nbFailedLits 0, fixedVarsBypreproc 0, totalFixedVars 616
c 1 conflict sets found with length 217
c fixedCost 0, nbSatLits 0, totalFixedVars 616, objForSearch: 612

c no UB provided, search from scratch...
c ends of initiationization by VSIDS at 0 conflicts with init 10000

c UB=1 fails, cnfls=0, hcnfls=0, core 0, tier2 0, local 0, quasiC: 0 (fixed: 0)
c prunedLB 0.00, dev 0.00, succRate 0.00, nbSucc 0, nbHardens 1 (fixed 612), lk: 1, shorten: 0, pureSo 0, nbFlyRd 0, nbFixedLH 0

c Cardinality: 1833 (Sinz+MTO) for UB 2
c ***** top quasi confl at level 0*****
c ends of initiationization by VSIDS at 22 conflicts with init 9978

c UB=2 fails, cnfls=22, hcnfls=22, core 14, tier2 3, local 5, quasiC: 1 (fixed: 162)
c prunedLB 0.00, dev 0.00, succRate 0.00, nbSucc 0, nbHardens 1 (fixed 774), lk: 1, shorten: 0, pureSo 0, nbFlyRd 6, nbFixedLH 0

c Cardinality: 3919 (Sinz+MTO) for UB 4
c nbFailedLits 0, nbI 3, fixedVarsByFL 3, totalFixedVars 626, nbTested: 1380, counter 19983
c nbFailedLits 2, nbI 0, fixedVarsByFL 2, totalFixedVars 640, nbTested: 1461, counter 167434
c nbFailedLits 1, nbI 0, fixedVarsByFL 1, totalFixedVars 669, nbTested: 1033, counter 420789
c ends of initiationization by VSIDS at 10022 conflicts with init 0

c ***** top quasi confl at level 0*****
c LRB phase 1: conflicts 112, phase 20000000, starts 2, UP 93064
c UB=4 fails, cnfls=10134, hcnfls=1378, core 358, tier2 22, local 4108, quasiC: 591 (fixed: 95979)
c prunedLB 2.93, dev 0.69, succRate 0.82, nbSucc 7861, nbHardens 784 (fixed 451869), lk: 9614, shorten: 0, pureSo 896, nbFlyRd 79, nbFixedLH 139

c Cardinality: 5364 (Sinz+MTO) for UB 8
c nbFailedLits 0, nbI 0, fixedVarsByFL 0, totalFixedVars 616, nbTested: 1001, counter 529390
c nbFailedLits 0, nbI 0, fixedVarsByFL 0, totalFixedVars 620, nbTested: 1001, counter 640233
c nbFailedLits 0, nbI 0, fixedVarsByFL 0, totalFixedVars 626, nbTested: 1001, counter 828349
c ends of initiationization by VSIDS at 20151 conflicts with init -17

c nbFailedLits 0, nbI 0, fixedVarsByFL 0, totalFixedVars 633, nbTested: 1001, counter 1207994
c nbFailedLits 0, nbI 0, fixedVarsByFL 0, totalFixedVars 647, nbTested: 1001, counter 1764609
c nbFailedLits 0, nbI 0, fixedVarsByFL 0, totalFixedVars 745, nbTested: 1001, counter 2371593
c nbFailedLits 0, nbI 0, fixedVarsByFL 0, totalFixedVars 777, nbTested: 1001, counter 3113320
c nbFailedLits 0, nbI 0, fixedVarsByFL 0, totalFixedVars 781, nbTested: 1001, counter 3973729
c nbFailedLits 0, nbI 1, fixedVarsByFL 1, totalFixedVars 783, nbTested: 1003, counter 4970087
c ***** top quasi confl at level 0*****
c LRB phase 2: conflicts 81669, phase 20000000, starts 252, UP 11192040
c UB=8 fails, cnfls=101820, hcnfls=3896, core 6190, tier2 268, local 13838, quasiC: 9925 (fixed: 1840369)
c prunedLB 5.35, dev 1.02, succRate 0.79, nbSucc 87434, nbHardens 1520 (fixed 2424346), lk: 110485, shorten: 0, pureSo 2631, nbFlyRd 720, nbFixedLH 1491

c Cardinality: 6269 (Sinz+MTO) for UB 16
c nbFailedLits 0, nbI 0, fixedVarsByFL 0, totalFixedVars 616, nbTested: 1001, counter 5586155
c nbFailedLits 0, nbI 0, fixedVarsByFL 0, totalFixedVars 616, nbTested: 1001, counter 5705043
c nbFailedLits 0, nbI 0, fixedVarsByFL 0, totalFixedVars 616, nbTested: 1001, counter 5885124
c ends of initiationization by VSIDS at 111860 conflicts with init -40

c DistQLDPC — QLDPC/CSS minimum distance (symplectic MaxSAT)
c solver: MaxCDCL, cardinality encoding: Sinz+MTO (default, Sinz if n<=100)
c Hx: data/matrices/TN_612_2_52_Hx.txt
c Hz: data/matrices/TN_612_2_52_Hz.txt
c Gx: data/matrices/TN_612_2_52_Gx.txt
c Gz: data/matrices/TN_612_2_52_Gz.txt
c Hx: 306 x 612, Hz: 306 x 612, Gx: 2 x 612, Gz: 2 x 612, logicals: 4
c d_lb: 8
c d_ub: -
c status: TIMEOUT (child killed after -cpu-lim)
c d  : UNKNOWN
s UNKNOWN
