0000.gate.LP_340_56_8.no-card.0.baseline 0.847s o 8 load=1.61
0001.gate.LP_340_56_8.no-card.0.candidate 0.838s o 8 load=1.61
0002.gate.LP_340_56_8.no-card.1.candidate 0.842s o 8 load=1.56
0003.gate.LP_340_56_8.no-card.1.baseline 0.837s o 8 load=1.56
0004.gate.LP_340_56_8.no-card.2.baseline 0.835s o 8 load=1.56
0005.gate.LP_340_56_8.no-card.2.candidate 0.840s o 8 load=1.56
0006.gate.LP_340_56_8.card-mto.0.baseline 0.888s o 8 load=1.56
0007.gate.LP_340_56_8.card-mto.0.candidate 0.882s o 8 load=1.56
0008.gate.LP_340_56_8.card-mto.1.candidate 0.873s o 8 load=1.52
0009.gate.LP_340_56_8.card-mto.1.baseline 0.878s o 8 load=1.52
0010.gate.LP_340_56_8.card-mto.2.baseline 0.886s o 8 load=1.52
0011.gate.LP_340_56_8.card-mto.2.candidate 0.884s o 8 load=1.52
{
 "stopped": null,
 "n_samples": 12,
 "finished": "2026-10-10T11:33:34+0800",
 "binary_sha256_after": {
  "baseline": "fb6846d0613b187a881e08071729e36629bc10775a4aad34e3d5df34d3d1ff37",
  "candidate": "4a15a105198094768c45433c516ef9f7b81e22fbbf028abbc5daa4d94050d69a"
 },
 "input_sha256_after_ok": true
}
gate no-card geomean 1.00429 envelope 1.00837 positive False flags []
gate card-mto geomean 0.9954 envelope 1.00666 positive False flags []
exit=0
