0000.gate.BB_90_8_10.no-card.0.baseline 0.108s o 10 load=2.01
0001.gate.BB_90_8_10.no-card.0.candidate 0.063s o 10 load=2.01
0002.gate.BB_90_8_10.no-card.1.candidate 0.062s o 10 load=2.01
0003.gate.BB_90_8_10.no-card.1.baseline 0.104s o 10 load=2.01
0004.gate.BB_90_8_10.no-card.2.baseline 0.105s o 10 load=2.01
0005.gate.BB_90_8_10.no-card.2.candidate 0.059s o 10 load=2.01
0006.gate.BB_90_8_10.card-mto.0.baseline 0.123s o 10 load=2.01
0007.gate.BB_90_8_10.card-mto.0.candidate 0.062s o 10 load=2.01
0008.gate.BB_90_8_10.card-mto.1.candidate 0.063s o 10 load=2.01
0009.gate.BB_90_8_10.card-mto.1.baseline 0.121s o 10 load=2.01
0010.gate.BB_90_8_10.card-mto.2.baseline 0.120s o 10 load=2.01
0011.gate.BB_90_8_10.card-mto.2.candidate 0.062s o 10 load=2.01
0012.gate.GB_144_12_8.no-card.0.baseline 0.077s o 8 load=2.01
0013.gate.GB_144_12_8.no-card.0.candidate 0.033s o 8 load=2.01
0014.gate.GB_144_12_8.no-card.1.candidate 0.033s o 8 load=2.01
0015.gate.GB_144_12_8.no-card.1.baseline 0.073s o 8 load=2.01
0016.gate.GB_144_12_8.no-card.2.baseline 0.074s o 8 load=2.01
0017.gate.GB_144_12_8.no-card.2.candidate 0.032s o 8 load=2.01
0018.gate.GB_144_12_8.card-mto.0.baseline 0.075s o 8 load=2.01
0019.gate.GB_144_12_8.card-mto.0.candidate 0.032s o 8 load=2.01
0020.gate.GB_144_12_8.card-mto.1.candidate 0.032s o 8 load=2.01
0021.gate.GB_144_12_8.card-mto.1.baseline 0.078s o 8 load=2.01
0022.gate.GB_144_12_8.card-mto.2.baseline 0.077s o 8 load=2.01
0023.gate.GB_144_12_8.card-mto.2.candidate 0.033s o 8 load=2.01
0024.gate.BB_108_8_10.no-card.0.baseline 0.144s o 10 load=2.01
0025.gate.BB_108_8_10.no-card.0.candidate 0.237s o 10 load=2.01
0026.gate.BB_108_8_10.no-card.1.candidate 0.243s o 10 load=2.01
0027.gate.BB_108_8_10.no-card.1.baseline 0.153s o 10 load=2.01
0028.gate.BB_108_8_10.no-card.2.baseline 0.153s o 10 load=2.01
0029.gate.BB_108_8_10.no-card.2.candidate 0.243s o 10 load=1.93
0030.gate.BB_108_8_10.card-mto.0.baseline 0.181s o 10 load=1.93
0031.gate.BB_108_8_10.card-mto.0.candidate 0.123s o 10 load=1.93
0032.gate.BB_108_8_10.card-mto.1.candidate 0.123s o 10 load=1.93
0033.gate.BB_108_8_10.card-mto.1.baseline 0.182s o 10 load=1.93
0034.gate.BB_108_8_10.card-mto.2.baseline 0.183s o 10 load=1.93
0035.gate.BB_108_8_10.card-mto.2.candidate 0.122s o 10 load=1.93
0036.gate.LP_238_44_6.no-card.0.baseline 0.311s o 6 load=1.93
0037.gate.LP_238_44_6.no-card.0.candidate 0.318s o 6 load=1.93
0038.gate.LP_238_44_6.no-card.1.candidate 0.313s o 6 load=1.93
0039.gate.LP_238_44_6.no-card.1.baseline 0.316s o 6 load=1.93
0040.gate.LP_238_44_6.no-card.2.baseline 0.314s o 6 load=1.93
0041.gate.LP_238_44_6.no-card.2.candidate 0.318s o 6 load=1.93
0042.gate.LP_238_44_6.card-mto.0.baseline 0.243s o 6 load=1.93
0043.gate.LP_238_44_6.card-mto.0.candidate 0.243s o 6 load=1.93
0044.gate.LP_238_44_6.card-mto.1.candidate 0.253s o 6 load=1.93
0045.gate.LP_238_44_6.card-mto.1.baseline 0.243s o 6 load=1.93
0046.gate.LP_238_44_6.card-mto.2.baseline 0.243s o 6 load=1.93
0047.gate.LP_238_44_6.card-mto.2.candidate 0.249s o 6 load=1.93
{
 "stopped": null,
 "n_samples": 48,
 "finished": "2026-10-10T11:32:59+0800",
 "binary_sha256_after": {
  "baseline": "fb6846d0613b187a881e08071729e36629bc10775a4aad34e3d5df34d3d1ff37",
  "candidate": "4a15a105198094768c45433c516ef9f7b81e22fbbf028abbc5daa4d94050d69a"
 },
 "input_sha256_after_ok": true
}
gate no-card geomean 0.8051 envelope 0.82429 positive False flags ['BB_108_8_10']
gate card-mto geomean 0.62173 envelope 0.63246 positive False flags []
exit=0
