0000.gate.BB_90_8_10.no-card.0.baseline 0.093s o 10 load=1.93
0001.gate.BB_90_8_10.no-card.0.candidate 0.062s o 10 load=1.86
0002.gate.BB_90_8_10.no-card.1.candidate 0.063s o 10 load=1.86
0003.gate.BB_90_8_10.no-card.1.baseline 0.088s o 10 load=1.86
0004.gate.BB_90_8_10.no-card.2.baseline 0.093s o 10 load=1.86
0005.gate.BB_90_8_10.no-card.2.candidate 0.063s o 10 load=1.86
0006.gate.BB_90_8_10.card-mto.0.baseline 0.062s o 10 load=1.86
0007.gate.BB_90_8_10.card-mto.0.candidate 0.062s o 10 load=1.86
0008.gate.BB_90_8_10.card-mto.1.candidate 0.063s o 10 load=1.86
0009.gate.BB_90_8_10.card-mto.1.baseline 0.063s o 10 load=1.86
0010.gate.BB_90_8_10.card-mto.2.baseline 0.062s o 10 load=1.86
0011.gate.BB_90_8_10.card-mto.2.candidate 0.062s o 10 load=1.86
0012.gate.GB_144_12_8.no-card.0.baseline 0.033s o 8 load=1.86
0013.gate.GB_144_12_8.no-card.0.candidate 0.032s o 8 load=1.86
0014.gate.GB_144_12_8.no-card.1.candidate 0.030s o 8 load=1.86
0015.gate.GB_144_12_8.no-card.1.baseline 0.033s o 8 load=1.86
0016.gate.GB_144_12_8.no-card.2.baseline 0.032s o 8 load=1.86
0017.gate.GB_144_12_8.no-card.2.candidate 0.033s o 8 load=1.86
0018.gate.GB_144_12_8.card-mto.0.baseline 0.032s o 8 load=1.86
0019.gate.GB_144_12_8.card-mto.0.candidate 0.031s o 8 load=1.86
0020.gate.GB_144_12_8.card-mto.1.candidate 0.033s o 8 load=1.86
0021.gate.GB_144_12_8.card-mto.1.baseline 0.032s o 8 load=1.86
0022.gate.GB_144_12_8.card-mto.2.baseline 0.032s o 8 load=1.86
0023.gate.GB_144_12_8.card-mto.2.candidate 0.033s o 8 load=1.86
0024.gate.BB_108_8_10.no-card.0.baseline 0.285s o 10 load=1.86
0025.gate.BB_108_8_10.no-card.0.candidate 0.241s o 10 load=1.86
0026.gate.BB_108_8_10.no-card.1.candidate 0.241s o 10 load=1.86
0027.gate.BB_108_8_10.no-card.1.baseline 0.297s o 10 load=1.86
0028.gate.BB_108_8_10.no-card.2.baseline 0.283s o 10 load=1.86
0029.gate.BB_108_8_10.no-card.2.candidate 0.243s o 10 load=1.86
0030.gate.BB_108_8_10.card-mto.0.baseline 0.393s o 10 load=1.86
0031.gate.BB_108_8_10.card-mto.0.candidate 0.135s o 10 load=1.86
0032.gate.BB_108_8_10.card-mto.1.candidate 0.136s o 10 load=1.86
0033.gate.BB_108_8_10.card-mto.1.baseline 0.386s o 10 load=1.86
0034.gate.BB_108_8_10.card-mto.2.baseline 0.386s o 10 load=1.86
0035.gate.BB_108_8_10.card-mto.2.candidate 0.135s o 10 load=1.86
0036.gate.LP_238_44_6.no-card.0.baseline 0.408s o 6 load=1.86
0037.gate.LP_238_44_6.no-card.0.candidate 0.318s o 6 load=1.79
0038.gate.LP_238_44_6.no-card.1.candidate 0.315s o 6 load=1.79
0039.gate.LP_238_44_6.no-card.1.baseline 0.408s o 6 load=1.79
0040.gate.LP_238_44_6.no-card.2.baseline 0.411s o 6 load=1.79
0041.gate.LP_238_44_6.no-card.2.candidate 0.310s o 6 load=1.79
0042.gate.LP_238_44_6.card-mto.0.baseline 0.393s o 6 load=1.79
0043.gate.LP_238_44_6.card-mto.0.candidate 0.243s o 6 load=1.79
0044.gate.LP_238_44_6.card-mto.1.candidate 0.243s o 6 load=1.79
0045.gate.LP_238_44_6.card-mto.1.baseline 0.389s o 6 load=1.79
0046.gate.LP_238_44_6.card-mto.2.baseline 0.388s o 6 load=1.79
0047.gate.LP_238_44_6.card-mto.2.candidate 0.251s o 6 load=1.79
{
 "stopped": null,
 "n_samples": 48,
 "finished": "2026-10-10T11:33:08+0800",
 "binary_sha256_after": {
  "baseline": "49e37dee170eb6685344aefd25b37bdb1dccc129d640d6802ded25562b51d28f",
  "candidate": "4a15a105198094768c45433c516ef9f7b81e22fbbf028abbc5daa4d94050d69a"
 },
 "input_sha256_after_ok": true
}
gate no-card geomean 0.81312 envelope 0.83168 positive True flags []
gate card-mto geomean 0.68434 envelope 0.69325 positive False flags []
exit=0
