waiting for lock Sat Oct 10 09:38:48 CST 2026
lock taken Sat Oct 10 09:38:48 CST 2026: GH-94 Tier0 science sweep Sat Oct 10 09:38:48 CST 2026
OK  BB_1080_4_54 card-mto TIMEOUT None 60.019 | TIMEOUT None 60.019 []
OK  BB_1080_4_54 no-card TIMEOUT None 60.015 | TIMEOUT None 60.026 []
OK  BB_1080_4_54 default TIMEOUT None 60.021 | TIMEOUT None 60.024 []
OK  BB_1080_4_54 card-sinz TIMEOUT None 60.014 | TIMEOUT None 60.029 []
OK  BB_108_8_10 card-sinz done 10 2.73 | done 10 0.161 []
OK  BB_108_8_10 default done 10 2.841 | done 10 0.15 []
OK  BB_108_8_10 card-mto done 10 2.835 | done 10 0.15 []
OK  BB_108_8_10 no-card done 10 2.797 | done 10 0.278 []
OK  BB_144_12_12 default done 12 19.388 | done 12 0.311 []
OK  BB_144_12_12 card-mto done 12 19.366 | done 12 0.306 []
OK  BB_144_12_12 no-card done 12 20.742 | done 12 0.332 []
OK  BB_144_12_12 card-sinz done 12 37.303 | done 12 0.487 []
OK  BB_144_14_14 default TIMEOUT None 60.014 | done 14 38.167 []
OK  BB_144_14_14 card-mto TIMEOUT None 60.01 | done 14 38.189 []
OK  BB_144_14_14 no-card TIMEOUT None 60.007 | done 14 44.903 []
OK  BB_144_14_14 card-sinz TIMEOUT None 60.015 | done 14 55.346 []
OK  BB_288_12_unknown default TIMEOUT None 60.007 | TIMEOUT None 60.011 []
OK  BB_288_12_unknown no-card TIMEOUT None 60.007 | TIMEOUT None 60.016 []
OK  BB_288_12_unknown card-mto TIMEOUT None 60.006 | TIMEOUT None 60.008 []
OK  BB_288_12_unknown card-sinz TIMEOUT None 60.02 | TIMEOUT None 60.007 []
OK  BB_360_12_unknown default TIMEOUT None 60.008 | TIMEOUT None 60.011 []
OK  BB_72_12_6 default done 6 0.049 | done 6 0.018 []
OK  BB_72_12_6 no-card done 6 0.048 | done 6 0.018 []
OK  BB_72_12_6 card-mto done 6 0.063 | done 6 0.019 []
OK  BB_72_12_6 card-sinz done 6 0.048 | done 6 0.018 []
OK  BB_360_12_unknown no-card TIMEOUT None 60.019 | TIMEOUT None 60.01 []
OK  BB_360_12_unknown card-mto TIMEOUT None 60.017 | TIMEOUT None 60.016 []
OK  BB_360_12_unknown card-sinz TIMEOUT None 60.007 | TIMEOUT None 60.019 []
OK  BB_756_16_34 default TIMEOUT None 60.014 | TIMEOUT None 60.023 []
OK  BB_756_16_34 no-card TIMEOUT None 60.012 | TIMEOUT None 60.007 []
OK  BB_756_16_34 card-mto TIMEOUT None 60.011 | TIMEOUT None 60.01 []
OK  BB_756_16_34 card-sinz TIMEOUT None 60.019 | TIMEOUT None 60.021 []
OK  BB_864_4_40 default TIMEOUT None 60.023 | TIMEOUT None 60.02 []
OK  BB_864_4_40 no-card TIMEOUT None 60.013 | TIMEOUT None 60.017 []
OK  BB_90_8_10 default done 10 2.326 | done 10 0.119 []
OK  BB_90_8_10 no-card done 10 2.146 | done 10 0.071 []
OK  BB_90_8_10 card-mto done 10 1.902 | done 10 0.075 []
OK  BB_90_8_10 card-sinz done 10 2.18 | done 10 0.1 []
OK  BB_864_4_40 card-mto TIMEOUT None 60.009 | TIMEOUT None 60.014 []
OK  BB_864_4_40 card-sinz TIMEOUT None 60.024 | TIMEOUT None 60.016 []
OK  GB_144_12_12 default TIMEOUT None 60.018 | done 12 17.457 []
OK  GB_144_12_8 default done 8 1.285 | done 8 0.03 []
OK  GB_144_12_12 card-mto TIMEOUT None 60.01 | done 12 17.484 []
OK  GB_144_12_8 no-card done 8 0.759 | done 8 0.03 []
OK  GB_144_12_8 card-sinz done 8 0.886 | done 8 0.042 []
OK  LP_136_32_4 default done 4 0.148 | done 4 0.03 []
OK  LP_136_32_4 no-card done 4 0.102 | done 4 0.03 []
OK  GB_144_12_8 card-mto done 8 1.279 | done 8 0.03 []
OK  LP_136_32_4 card-mto done 4 0.139 | done 4 0.031 []
OK  LP_136_32_4 card-sinz done 4 0.13 | done 4 0.034 []
OK  GB_144_12_12 no-card TIMEOUT None 60.014 | done 12 26.678 []
OK  GB_144_12_12 card-sinz TIMEOUT None 60.009 | TIMEOUT None 60.009 []
OK  LP_1768_224_unknown default TIMEOUT None 60.021 | TIMEOUT None 60.024 []
OK  LP_1768_224_unknown no-card TIMEOUT None 60.028 | TIMEOUT None 60.024 []
OK  LP_238_44_6 default done 6 1.327 | done 6 0.281 []
OK  LP_238_44_6 no-card done 6 1.389 | done 6 0.355 []
OK  LP_238_44_6 card-mto done 6 1.323 | done 6 0.278 []
OK  LP_238_44_6 card-sinz done 6 1.614 | done 6 0.3 []
OK  LP_1768_224_unknown card-mto TIMEOUT None 60.027 | TIMEOUT None 60.016 []
OK  LP_340_56_8 default TIMEOUT None 60.009 | done 8 1.011 []
OK  LP_340_56_8 no-card TIMEOUT None 60.012 | done 8 0.955 []
OK  LP_34_20_2 default done 2 0.019 | done 2 0.027 []
OK  LP_34_20_2 no-card done 2 0.018 | done 2 0.018 []
OK  LP_34_20_2 card-mto done 2 0.019 | done 2 0.019 []
OK  LP_34_20_2 card-sinz done 2 0.019 | done 2 0.015 []
OK  LP_340_56_8 card-mto TIMEOUT None 60.01 | done 8 1.02 []
OK  LP_1768_224_unknown card-sinz TIMEOUT None 60.013 | TIMEOUT None 60.021 []
OK  LP_340_56_8 card-sinz TIMEOUT None 60.016 | done 8 1.301 []
OK  LP_442_68_10 no-card TIMEOUT None 60.011 | done 10 15.919 []
OK  LP_442_68_10 default TIMEOUT None 60.01 | done 10 41.58 []
OK  LP_442_68_10 card-mto TIMEOUT None 60.007 | done 10 41.67 []
OK  LP_442_68_10 card-sinz TIMEOUT None 60.009 | done 10 28.721 []
OK  LP_544_80_12 default TIMEOUT None 60.021 | TIMEOUT None 60.02 []
OK  LP_544_80_12 no-card TIMEOUT None 60.012 | done 12 48.672 []
OK  LP_544_80_12 card-mto TIMEOUT None 60.02 | TIMEOUT None 60.015 []
OK  LP_544_80_12 card-sinz TIMEOUT None 60.01 | TIMEOUT None 60.006 []
OK  LP_714_100_unknown default TIMEOUT None 60.024 | TIMEOUT None 60.017 []
OK  LP_714_100_unknown no-card TIMEOUT None 60.013 | TIMEOUT None 60.013 []
OK  LP_714_100_unknown card-mto TIMEOUT None 60.01 | TIMEOUT None 60.019 []
OK  LP_714_100_unknown card-sinz TIMEOUT None 60.017 | TIMEOUT None 60.015 []
OK  PK_31 default TIMEOUT None 60.014 | TIMEOUT None 60.015 []
OK  PK_31 no-card TIMEOUT None 60.009 | TIMEOUT None 60.018 []
OK  PK_31 card-mto TIMEOUT None 60.023 | TIMEOUT None 60.015 []
OK  TN_108_2_12 default done 12 29.505 | done 12 10.78 []
OK  TN_108_2_12 no-card done 12 32.182 | done 12 11.759 []
OK  TN_108_2_12 card-mto done 12 29.453 | done 12 10.716 []
OK  PK_31 card-sinz TIMEOUT None 60.019 | TIMEOUT None 60.015 []
OK  TN_108_2_12 card-sinz done 12 41.397 | done 12 14.91 []
OK  TN_144_2_13 default TIMEOUT None 60.019 | TIMEOUT None 60.023 []
OK  TN_144_2_13 no-card TIMEOUT None 60.009 | TIMEOUT None 60.013 []
OK  TN_144_2_13 card-mto TIMEOUT None 60.007 | TIMEOUT None 60.014 []
OK  TN_144_2_13 card-sinz TIMEOUT None 60.008 | TIMEOUT None 60.018 []
OK  TN_180_2_17 default TIMEOUT None 60.019 | TIMEOUT None 60.008 []
OK  TN_180_2_17 no-card TIMEOUT None 60.006 | TIMEOUT None 60.021 []
OK  TN_180_2_17 card-mto TIMEOUT None 60.008 | TIMEOUT None 60.008 []
OK  TN_200_10_10 default done 10 12.136 | done 10 11.814 []
OK  TN_200_10_10 card-mto done 10 12.153 | done 10 11.811 []
OK  TN_180_2_17 card-sinz TIMEOUT None 60.019 | TIMEOUT None 60.008 []
OK  TN_200_10_10 no-card TIMEOUT None 60.009 | done 10 10.907 []
OK  TN_200_10_10 card-sinz TIMEOUT None 60.005 | done 10 22.571 []
OK  TN_216_4_18 default TIMEOUT None 60.017 | TIMEOUT None 60.016 []
OK  TN_216_4_18 no-card TIMEOUT None 60.004 | TIMEOUT None 60.011 []
OK  TN_216_4_18 card-mto TIMEOUT None 60.009 | TIMEOUT None 60.012 []
OK  TN_216_4_18 card-sinz TIMEOUT None 60.013 | TIMEOUT None 60.023 []
OK  TN_250_10_15 default TIMEOUT None 60.008 | TIMEOUT None 60.012 []
OK  TN_250_10_15 no-card TIMEOUT None 60.009 | TIMEOUT None 60.016 []
OK  TN_250_10_15 card-mto TIMEOUT None 60.01 | TIMEOUT None 60.016 []
OK  TN_250_10_15 card-sinz TIMEOUT None 60.013 | TIMEOUT None 60.006 []
OK  TN_252_2_21 default TIMEOUT None 60.012 | TIMEOUT None 60.014 []
OK  TN_252_2_21 no-card TIMEOUT None 60.009 | TIMEOUT None 60.005 []
OK  TN_252_2_21 card-mto TIMEOUT None 60.018 | TIMEOUT None 60.007 []
OK  TN_252_2_21 card-sinz TIMEOUT None 60.009 | TIMEOUT None 60.01 []
OK  TN_288_2_24 default TIMEOUT None 60.017 | TIMEOUT None 60.016 []
OK  TN_288_2_24 no-card TIMEOUT None 60.017 | TIMEOUT None 60.014 []
OK  TN_288_2_24 card-mto TIMEOUT None 60.012 | TIMEOUT None 60.014 []
OK  TN_288_2_24 card-sinz TIMEOUT None 60.012 | TIMEOUT None 60.009 []
OK  TN_324_4_25 default TIMEOUT None 60.015 | TIMEOUT None 60.01 []
OK  TN_324_4_25 no-card TIMEOUT None 60.007 | TIMEOUT None 60.015 []
OK  TN_324_4_25 card-mto TIMEOUT None 60.015 | TIMEOUT None 60.014 []
OK  TN_324_4_25 card-sinz TIMEOUT None 60.01 | TIMEOUT None 60.011 []
OK  TN_360_4_24 default TIMEOUT None 60.019 | TIMEOUT None 60.019 []
OK  TN_36_8_3 default done 3 0.019 | done 3 0.018 []
OK  TN_36_8_3 no-card done 3 0.018 | done 3 0.018 []
OK  TN_36_8_3 card-mto done 3 0.018 | done 3 0.018 []
OK  TN_36_8_3 card-sinz done 3 0.018 | done 3 0.018 []
OK  TN_36_8_4 default done 4 0.018 | done 4 0.018 []
OK  TN_36_8_4 no-card done 4 0.015 | done 4 0.018 []
OK  TN_36_8_4 card-mto done 4 0.018 | done 4 0.018 []
OK  TN_36_8_4 card-sinz done 4 0.018 | done 4 0.014 []
OK  TN_360_4_24 no-card TIMEOUT None 60.017 | TIMEOUT None 60.005 []
OK  TN_360_4_24 card-mto TIMEOUT None 60.018 | TIMEOUT None 60.014 []
OK  TN_360_4_24 card-sinz TIMEOUT None 60.013 | TIMEOUT None 60.013 []
OK  TN_396_4_26 default TIMEOUT None 60.007 | TIMEOUT None 60.014 []
OK  TN_396_4_26 no-card TIMEOUT None 60.012 | TIMEOUT None 60.017 []
OK  TN_396_4_26 card-mto TIMEOUT None 60.013 | TIMEOUT None 60.01 []
OK  TN_396_4_26 card-sinz TIMEOUT None 60.016 | TIMEOUT None 60.017 []
OK  TN_432_8_33 default TIMEOUT None 60.013 | TIMEOUT None 60.023 []
OK  TN_432_8_33 no-card TIMEOUT None 60.02 | TIMEOUT None 60.006 []
OK  TN_432_8_33 card-mto TIMEOUT None 60.015 | TIMEOUT None 60.012 []
OK  TN_432_8_33 card-sinz TIMEOUT None 60.008 | TIMEOUT None 60.011 []
OK  TN_468_4_31 default TIMEOUT None 60.019 | TIMEOUT None 60.009 []
OK  TN_468_4_31 no-card TIMEOUT None 60.019 | TIMEOUT None 60.01 []
OK  TN_468_4_31 card-mto TIMEOUT None 60.01 | TIMEOUT None 60.02 []
OK  TN_468_4_31 card-sinz TIMEOUT None 60.01 | TIMEOUT None 60.019 []
OK  TN_496_2_32 default TIMEOUT None 60.013 | TIMEOUT None 60.027 []
OK  TN_496_2_32 no-card TIMEOUT None 60.018 | TIMEOUT None 60.014 []
OK  TN_496_2_32 card-mto TIMEOUT None 60.011 | TIMEOUT None 60.011 []
OK  TN_496_2_32 card-sinz TIMEOUT None 60.013 | TIMEOUT None 60.013 []
OK  TN_504_2_45 default TIMEOUT None 60.019 | TIMEOUT None 60.01 []
OK  TN_504_2_45 no-card TIMEOUT None 60.016 | TIMEOUT None 60.006 []
OK  TN_504_2_45 card-mto TIMEOUT None 60.009 | TIMEOUT None 60.007 []
OK  TN_504_2_45 card-sinz TIMEOUT None 60.019 | TIMEOUT None 60.011 []
OK  TN_540_4_40 default TIMEOUT None 60.011 | TIMEOUT None 60.006 []
OK  TN_54_11_4 default done 4 0.019 | done 4 0.018 []
OK  TN_54_11_4 no-card done 4 0.017 | done 4 0.018 []
OK  TN_54_11_4 card-mto done 4 0.018 | done 4 0.018 []
OK  TN_54_11_4 card-sinz done 4 0.018 | done 4 0.017 []
OK  TN_540_4_40 no-card TIMEOUT None 60.021 | TIMEOUT None 60.014 []
OK  TN_540_4_40 card-mto TIMEOUT None 60.014 | TIMEOUT None 60.017 []
OK  TN_540_4_40 card-sinz TIMEOUT None 60.015 | TIMEOUT None 60.017 []
OK  TN_576_2_57 default TIMEOUT None 60.007 | TIMEOUT None 60.018 []
OK  TN_576_2_57 no-card TIMEOUT None 60.017 | TIMEOUT None 60.011 []
OK  TN_576_2_57 card-mto TIMEOUT None 60.009 | TIMEOUT None 60.014 []
OK  TN_576_2_57 card-sinz TIMEOUT None 60.015 | TIMEOUT None 60.01 []
OK  TN_576_2_59 default TIMEOUT None 60.01 | TIMEOUT None 60.005 []
OK  TN_576_2_59 no-card TIMEOUT None 60.008 | TIMEOUT None 60.008 []
OK  TN_576_2_59 card-mto TIMEOUT None 60.013 | TIMEOUT None 60.013 []
OK  TN_576_2_59 card-sinz TIMEOUT None 60.008 | TIMEOUT None 60.011 []
OK  TN_612_2_52 default TIMEOUT None 60.017 | TIMEOUT None 60.008 []
OK  TN_612_2_52 no-card TIMEOUT None 60.016 | TIMEOUT None 60.006 []
OK  TN_612_2_52 card-mto TIMEOUT None 60.012 | TIMEOUT None 60.02 []
OK  TN_612_2_52 card-sinz TIMEOUT None 60.014 | TIMEOUT None 60.015 []
OK  TN_648_10_71 default TIMEOUT None 60.019 | TIMEOUT None 60.012 []
OK  TN_648_10_71 no-card TIMEOUT None 60.011 | TIMEOUT None 60.015 []
OK  TN_648_10_71 card-mto TIMEOUT None 60.006 | TIMEOUT None 60.013 []
OK  TN_648_10_71 card-sinz TIMEOUT None 60.021 | TIMEOUT None 60.006 []
OK  TN_648_14_50 default TIMEOUT None 60.012 | TIMEOUT None 60.009 []
OK  TN_648_14_50 no-card TIMEOUT None 60.008 | TIMEOUT None 60.021 []
OK  TN_648_14_50 card-mto TIMEOUT None 60.017 | TIMEOUT None 60.015 []
OK  TN_648_14_50 card-sinz TIMEOUT None 60.016 | TIMEOUT None 60.007 []
OK  TN_684_2_29 default TIMEOUT None 60.015 | TIMEOUT None 60.011 []
OK  TN_72_14_4 default done 4 0.034 | done 4 0.018 []
OK  TN_72_14_4 no-card done 4 0.018 | done 4 0.017 []
OK  TN_72_14_4 card-mto done 4 0.018 | done 4 0.032 []
OK  TN_72_14_4 card-sinz done 4 0.048 | done 4 0.018 []
OK  TN_72_8_8 default done 8 0.599 | done 8 0.191 []
OK  TN_72_8_8 no-card done 8 0.649 | done 8 0.196 []
OK  TN_684_2_29 no-card TIMEOUT None 60.011 | TIMEOUT None 60.016 []
OK  TN_72_8_8 card-sinz done 8 0.628 | done 8 0.192 []
OK  TN_72_8_8 card-mto done 8 0.751 | done 8 0.15 []
OK  TN_684_2_29 card-mto TIMEOUT None 60.012 | TIMEOUT None 60.026 []
OK  TN_684_2_29 card-sinz TIMEOUT None 60.008 | TIMEOUT None 60.025 []
OK  xu_30 default TIMEOUT None 60.023 | TIMEOUT None 60.019 []
OK  xu_30 no-card TIMEOUT None 60.023 | TIMEOUT None 60.018 []
OK  xu_30 card-mto TIMEOUT None 60.014 | TIMEOUT None 60.018 []
OK  xu_30 card-sinz TIMEOUT None 60.021 | TIMEOUT None 60.01 []
OK  xu_42 default TIMEOUT None 60.014 | TIMEOUT None 60.023 []
OK  xu_42 no-card TIMEOUT None 60.011 | TIMEOUT None 60.009 []
OK  xu_42 card-mto TIMEOUT None 60.018 | TIMEOUT None 60.013 []
OK  xu_42 card-sinz TIMEOUT None 60.019 | TIMEOUT None 60.015 []
{"both_done": 58, "only_cand_done": 18, "only_base_done": 0, "problems": 0} ALL_OK
sweep rc=0 Sat Oct 10 10:49:21 CST 2026
posthoc rc=0
candidate timeouts: 124; without any d_lb: 0 []
baseline timeouts: 142; without any d_lb: 0
timeout in both: 124; candidate final d_lb higher in 124, lower in 0 (diagnostic)
completed only by candidate (18): ['BB_144_14_14 card-mto d=14', 'BB_144_14_14 card-sinz d=14', 'BB_144_14_14 default d=14', 'BB_144_14_14 no-card d=14', 'GB_144_12_12 card-mto d=12', 'GB_144_12_12 default d=12', 'GB_144_12_12 no-card d=12', 'LP_340_56_8 card-mto d=8', 'LP_340_56_8 card-sinz d=8', 'LP_340_56_8 default d=8', 'LP_340_56_8 no-card d=8', 'LP_442_68_10 card-mto d=10', 'LP_442_68_10 card-sinz d=10', 'LP_442_68_10 default d=10', 'LP_442_68_10 no-card d=10', 'LP_544_80_12 no-card d=12', 'TN_200_10_10 card-sinz d=10', 'TN_200_10_10 no-card d=10']
completed only by baseline (0): []
problems: []
POSTHOC_PASS
check_sweep rc=0
meta {"base_sha256": "3f2fbc4215e17c4a5b5e62d1f10f99619bdf6efaea7881acb46157effe78c9dc", "cand_sha256": "4a15a105198094768c45433c516ef9f7b81e22fbbf028abbc5daa4d94050d69a", "limit": 60, "jobs": 4, "all_ok": true, "counts": {"both_done": 58, "only_cand_done": 18, "only_base_done": 0, "problems": 0}}
candidate timeouts 124; without any d_lb 0
both timeout 124: cand final LB higher 124, equal 0, lower 0
TN648 TN_648_10_71 card-mto TIMEOUT None 8 0 | TIMEOUT None 9 0
TN648 TN_648_10_71 card-sinz TIMEOUT None 8 0 | TIMEOUT None 9 0
TN648 TN_648_10_71 default TIMEOUT None 8 0 | TIMEOUT None 9 0
TN648 TN_648_10_71 no-card TIMEOUT None 4 0 | TIMEOUT None 9 0
TN648 TN_648_14_50 card-mto TIMEOUT None 8 0 | TIMEOUT None 9 0
TN648 TN_648_14_50 card-sinz TIMEOUT None 8 0 | TIMEOUT None 9 0
TN648 TN_648_14_50 default TIMEOUT None 8 0 | TIMEOUT None 9 0
TN648 TN_648_14_50 no-card TIMEOUT None 8 0 | TIMEOUT None 9 0
candidate abnormal exits 0
VERDICT PASS
