0000.gate.BB_90_8_10.no-card.0.baseline 0.149s o 10 load=2.17
0001.gate.BB_90_8_10.no-card.0.candidate 0.062s o 10 load=2.17
0002.gate.BB_90_8_10.no-card.1.candidate 0.063s o 10 load=2.17
0003.gate.BB_90_8_10.no-card.1.baseline 0.153s o 10 load=2.17
0004.gate.BB_90_8_10.no-card.2.baseline 0.148s o 10 load=2.17
0005.gate.BB_90_8_10.no-card.2.candidate 0.062s o 10 load=2.17
0006.replicate.BB_90_8_10.no-card.0.baseline 0.148s o 10 load=2.17
0007.replicate.BB_90_8_10.no-card.0.candidate 0.062s o 10 load=2.17
0008.replicate.BB_90_8_10.no-card.1.candidate 0.063s o 10 load=2.17
0009.replicate.BB_90_8_10.no-card.1.baseline 0.153s o 10 load=2.17
0010.replicate.BB_90_8_10.no-card.2.baseline 0.153s o 10 load=2.17
0011.replicate.BB_90_8_10.no-card.2.candidate 0.062s o 10 load=2.17
0012.replicate.BB_90_8_10.no-card.3.candidate 0.063s o 10 load=2.17
0013.replicate.BB_90_8_10.no-card.3.baseline 0.152s o 10 load=2.17
0014.replicate.BB_90_8_10.no-card.4.baseline 0.152s o 10 load=2.17
0015.replicate.BB_90_8_10.no-card.4.candidate 0.063s o 10 load=2.17
0016.replicate.BB_90_8_10.no-card.5.candidate 0.063s o 10 load=2.17
0017.replicate.BB_90_8_10.no-card.5.baseline 0.153s o 10 load=2.17
0018.replicate.BB_90_8_10.no-card.6.baseline 0.150s o 10 load=2.17
0019.replicate.BB_90_8_10.no-card.6.candidate 0.063s o 10 load=2.16
0020.replicate.BB_90_8_10.no-card.7.candidate 0.062s o 10 load=2.16
0021.replicate.BB_90_8_10.no-card.7.baseline 0.153s o 10 load=2.16
0022.replicate.BB_90_8_10.no-card.8.baseline 0.153s o 10 load=2.16
0023.replicate.BB_90_8_10.no-card.8.candidate 0.062s o 10 load=2.16
0024.replicate.BB_90_8_10.no-card.9.candidate 0.063s o 10 load=2.16
0025.replicate.BB_90_8_10.no-card.9.baseline 0.147s o 10 load=2.16
0026.gate.BB_90_8_10.card-mto.0.baseline 0.146s o 10 load=2.16
0027.gate.BB_90_8_10.card-mto.0.candidate 0.063s o 10 load=2.16
0028.gate.BB_90_8_10.card-mto.1.candidate 0.062s o 10 load=2.16
0029.gate.BB_90_8_10.card-mto.1.baseline 0.138s o 10 load=2.16
0030.gate.BB_90_8_10.card-mto.2.baseline 0.138s o 10 load=2.16
0031.gate.BB_90_8_10.card-mto.2.candidate 0.062s o 10 load=2.16
0032.replicate.BB_90_8_10.card-mto.0.baseline 0.137s o 10 load=2.16
0033.replicate.BB_90_8_10.card-mto.0.candidate 0.063s o 10 load=2.16
0034.replicate.BB_90_8_10.card-mto.1.candidate 0.062s o 10 load=2.16
0035.replicate.BB_90_8_10.card-mto.1.baseline 0.137s o 10 load=2.16
0036.replicate.BB_90_8_10.card-mto.2.baseline 0.138s o 10 load=2.16
0037.replicate.BB_90_8_10.card-mto.2.candidate 0.062s o 10 load=2.16
0038.replicate.BB_90_8_10.card-mto.3.candidate 0.062s o 10 load=2.16
0039.replicate.BB_90_8_10.card-mto.3.baseline 0.134s o 10 load=2.16
0040.replicate.BB_90_8_10.card-mto.4.baseline 0.138s o 10 load=2.16
0041.replicate.BB_90_8_10.card-mto.4.candidate 0.063s o 10 load=2.16
0042.replicate.BB_90_8_10.card-mto.5.candidate 0.063s o 10 load=2.16
0043.replicate.BB_90_8_10.card-mto.5.baseline 0.138s o 10 load=2.16
0044.replicate.BB_90_8_10.card-mto.6.baseline 0.135s o 10 load=2.16
0045.replicate.BB_90_8_10.card-mto.6.candidate 0.063s o 10 load=2.16
0046.replicate.BB_90_8_10.card-mto.7.candidate 0.062s o 10 load=2.16
0047.replicate.BB_90_8_10.card-mto.7.baseline 0.135s o 10 load=2.16
0048.replicate.BB_90_8_10.card-mto.8.baseline 0.138s o 10 load=2.16
0049.replicate.BB_90_8_10.card-mto.8.candidate 0.063s o 10 load=2.16
0050.replicate.BB_90_8_10.card-mto.9.candidate 0.062s o 10 load=2.16
0051.replicate.BB_90_8_10.card-mto.9.baseline 0.138s o 10 load=2.16
0052.gate.GB_144_12_8.no-card.0.baseline 0.092s o 8 load=2.16
0053.gate.GB_144_12_8.no-card.0.candidate 0.032s o 8 load=2.16
0054.gate.GB_144_12_8.no-card.1.candidate 0.033s o 8 load=2.16
0055.gate.GB_144_12_8.no-card.1.baseline 0.089s o 8 load=2.16
0056.gate.GB_144_12_8.no-card.2.baseline 0.093s o 8 load=2.16
0057.gate.GB_144_12_8.no-card.2.candidate 0.033s o 8 load=2.16
0058.replicate.GB_144_12_8.no-card.0.baseline 0.088s o 8 load=2.16
0059.replicate.GB_144_12_8.no-card.0.candidate 0.032s o 8 load=2.16
0060.replicate.GB_144_12_8.no-card.1.candidate 0.033s o 8 load=2.16
0061.replicate.GB_144_12_8.no-card.1.baseline 0.093s o 8 load=2.16
0062.replicate.GB_144_12_8.no-card.2.baseline 0.091s o 8 load=2.16
0063.replicate.GB_144_12_8.no-card.2.candidate 0.033s o 8 load=2.16
0064.replicate.GB_144_12_8.no-card.3.candidate 0.033s o 8 load=2.16
0065.replicate.GB_144_12_8.no-card.3.baseline 0.093s o 8 load=2.16
0066.replicate.GB_144_12_8.no-card.4.baseline 0.091s o 8 load=2.16
0067.replicate.GB_144_12_8.no-card.4.candidate 0.032s o 8 load=2.16
0068.replicate.GB_144_12_8.no-card.5.candidate 0.032s o 8 load=2.16
0069.replicate.GB_144_12_8.no-card.5.baseline 0.093s o 8 load=2.16
0070.replicate.GB_144_12_8.no-card.6.baseline 0.093s o 8 load=2.31
0071.replicate.GB_144_12_8.no-card.6.candidate 0.033s o 8 load=2.31
0072.replicate.GB_144_12_8.no-card.7.candidate 0.032s o 8 load=2.31
0073.replicate.GB_144_12_8.no-card.7.baseline 0.088s o 8 load=2.31
0074.replicate.GB_144_12_8.no-card.8.baseline 0.092s o 8 load=2.31
0075.replicate.GB_144_12_8.no-card.8.candidate 0.033s o 8 load=2.31
0076.replicate.GB_144_12_8.no-card.9.candidate 0.032s o 8 load=2.31
0077.replicate.GB_144_12_8.no-card.9.baseline 0.091s o 8 load=2.31
0078.gate.GB_144_12_8.card-mto.0.baseline 0.077s o 8 load=2.31
0079.gate.GB_144_12_8.card-mto.0.candidate 0.033s o 8 load=2.31
0080.gate.GB_144_12_8.card-mto.1.candidate 0.033s o 8 load=2.31
0081.gate.GB_144_12_8.card-mto.1.baseline 0.078s o 8 load=2.31
0082.gate.GB_144_12_8.card-mto.2.baseline 0.077s o 8 load=2.31
0083.gate.GB_144_12_8.card-mto.2.candidate 0.032s o 8 load=2.31
0084.replicate.GB_144_12_8.card-mto.0.baseline 0.077s o 8 load=2.31
0085.replicate.GB_144_12_8.card-mto.0.candidate 0.033s o 8 load=2.31
0086.replicate.GB_144_12_8.card-mto.1.candidate 0.032s o 8 load=2.31
0087.replicate.GB_144_12_8.card-mto.1.baseline 0.078s o 8 load=2.31
0088.replicate.GB_144_12_8.card-mto.2.baseline 0.078s o 8 load=2.31
0089.replicate.GB_144_12_8.card-mto.2.candidate 0.033s o 8 load=2.31
0090.replicate.GB_144_12_8.card-mto.3.candidate 0.032s o 8 load=2.31
0091.replicate.GB_144_12_8.card-mto.3.baseline 0.088s o 8 load=2.31
0092.replicate.GB_144_12_8.card-mto.4.baseline 0.078s o 8 load=2.31
0093.replicate.GB_144_12_8.card-mto.4.candidate 0.033s o 8 load=2.31
0094.replicate.GB_144_12_8.card-mto.5.candidate 0.033s o 8 load=2.31
0095.replicate.GB_144_12_8.card-mto.5.baseline 0.074s o 8 load=2.31
0096.replicate.GB_144_12_8.card-mto.6.baseline 0.078s o 8 load=2.31
0097.replicate.GB_144_12_8.card-mto.6.candidate 0.033s o 8 load=2.31
0098.replicate.GB_144_12_8.card-mto.7.candidate 0.032s o 8 load=2.31
0099.replicate.GB_144_12_8.card-mto.7.baseline 0.077s o 8 load=2.31
0100.replicate.GB_144_12_8.card-mto.8.baseline 0.088s o 8 load=2.31
0101.replicate.GB_144_12_8.card-mto.8.candidate 0.033s o 8 load=2.31
0102.replicate.GB_144_12_8.card-mto.9.candidate 0.033s o 8 load=2.31
0103.replicate.GB_144_12_8.card-mto.9.baseline 0.078s o 8 load=2.31
0104.gate.BB_108_8_10.no-card.0.baseline 0.363s o 10 load=2.31
0105.gate.BB_108_8_10.no-card.0.candidate 0.243s o 10 load=2.31
0106.gate.BB_108_8_10.no-card.1.candidate 0.236s o 10 load=2.31
0107.gate.BB_108_8_10.no-card.1.baseline 0.370s o 10 load=2.31
0108.gate.BB_108_8_10.no-card.2.baseline 0.375s o 10 load=2.31
0109.gate.BB_108_8_10.no-card.2.candidate 0.244s o 10 load=2.31
0110.replicate.BB_108_8_10.no-card.0.baseline 0.370s o 10 load=2.31
0111.replicate.BB_108_8_10.no-card.0.candidate 0.243s o 10 load=2.31
0112.replicate.BB_108_8_10.no-card.1.candidate 0.243s o 10 load=2.31
0113.replicate.BB_108_8_10.no-card.1.baseline 0.372s o 10 load=2.20
0114.replicate.BB_108_8_10.no-card.2.baseline 0.361s o 10 load=2.20
0115.replicate.BB_108_8_10.no-card.2.candidate 0.240s o 10 load=2.20
0116.replicate.BB_108_8_10.no-card.3.candidate 0.243s o 10 load=2.20
0117.replicate.BB_108_8_10.no-card.3.baseline 0.374s o 10 load=2.20
0118.replicate.BB_108_8_10.no-card.4.baseline 0.374s o 10 load=2.20
0119.replicate.BB_108_8_10.no-card.4.candidate 0.236s o 10 load=2.20
0120.replicate.BB_108_8_10.no-card.5.candidate 0.238s o 10 load=2.20
0121.replicate.BB_108_8_10.no-card.5.baseline 0.363s o 10 load=2.20
0122.replicate.BB_108_8_10.no-card.6.baseline 0.363s o 10 load=2.20
0123.replicate.BB_108_8_10.no-card.6.candidate 0.241s o 10 load=2.20
0124.replicate.BB_108_8_10.no-card.7.candidate 0.243s o 10 load=2.20
0125.replicate.BB_108_8_10.no-card.7.baseline 0.370s o 10 load=2.20
0126.replicate.BB_108_8_10.no-card.8.baseline 0.376s o 10 load=2.20
0127.replicate.BB_108_8_10.no-card.8.candidate 0.243s o 10 load=2.20
0128.replicate.BB_108_8_10.no-card.9.candidate 0.239s o 10 load=2.10
0129.replicate.BB_108_8_10.no-card.9.baseline 0.363s o 10 load=2.10
0130.gate.BB_108_8_10.card-mto.0.baseline 0.467s o 10 load=2.10
0131.gate.BB_108_8_10.card-mto.0.candidate 0.122s o 10 load=2.10
0132.gate.BB_108_8_10.card-mto.1.candidate 0.131s o 10 load=2.10
0133.gate.BB_108_8_10.card-mto.1.baseline 0.464s o 10 load=2.10
0134.gate.BB_108_8_10.card-mto.2.baseline 0.468s o 10 load=2.10
0135.gate.BB_108_8_10.card-mto.2.candidate 0.130s o 10 load=2.10
0136.replicate.BB_108_8_10.card-mto.0.baseline 0.464s o 10 load=2.10
0137.replicate.BB_108_8_10.card-mto.0.candidate 0.131s o 10 load=2.10
0138.replicate.BB_108_8_10.card-mto.1.candidate 0.122s o 10 load=2.10
0139.replicate.BB_108_8_10.card-mto.1.baseline 0.472s o 10 load=2.10
0140.replicate.BB_108_8_10.card-mto.2.baseline 0.467s o 10 load=2.10
0141.replicate.BB_108_8_10.card-mto.2.candidate 0.123s o 10 load=2.10
0142.replicate.BB_108_8_10.card-mto.3.candidate 0.134s o 10 load=2.10
0143.replicate.BB_108_8_10.card-mto.3.baseline 0.467s o 10 load=2.10
0144.replicate.BB_108_8_10.card-mto.4.baseline 0.465s o 10 load=2.10
0145.replicate.BB_108_8_10.card-mto.4.candidate 0.123s o 10 load=2.10
0146.replicate.BB_108_8_10.card-mto.5.candidate 0.122s o 10 load=2.10
0147.replicate.BB_108_8_10.card-mto.5.baseline 0.464s o 10 load=2.10
0148.replicate.BB_108_8_10.card-mto.6.baseline 0.465s o 10 load=2.10
0149.replicate.BB_108_8_10.card-mto.6.candidate 0.135s o 10 load=2.10
0150.replicate.BB_108_8_10.card-mto.7.candidate 0.123s o 10 load=2.10
0151.replicate.BB_108_8_10.card-mto.7.baseline 0.473s o 10 load=2.10
0152.replicate.BB_108_8_10.card-mto.8.baseline 0.462s o 10 load=2.10
0153.replicate.BB_108_8_10.card-mto.8.candidate 0.131s o 10 load=2.10
0154.replicate.BB_108_8_10.card-mto.9.candidate 0.134s o 10 load=2.10
0155.replicate.BB_108_8_10.card-mto.9.baseline 0.468s o 10 load=2.10
0156.gate.LP_238_44_6.no-card.0.baseline 0.403s o 6 load=2.10
0157.gate.LP_238_44_6.no-card.0.candidate 0.314s o 6 load=2.10
0158.gate.LP_238_44_6.no-card.1.candidate 0.318s o 6 load=2.10
0159.gate.LP_238_44_6.no-card.1.baseline 0.413s o 6 load=2.10
0160.gate.LP_238_44_6.no-card.2.baseline 0.414s o 6 load=2.01
0161.gate.LP_238_44_6.no-card.2.candidate 0.318s o 6 load=2.01
0162.replicate.LP_238_44_6.no-card.0.baseline 0.414s o 6 load=2.01
0163.replicate.LP_238_44_6.no-card.0.candidate 0.312s o 6 load=2.01
0164.replicate.LP_238_44_6.no-card.1.candidate 0.311s o 6 load=2.01
0165.replicate.LP_238_44_6.no-card.1.baseline 0.404s o 6 load=2.01
0166.replicate.LP_238_44_6.no-card.2.baseline 0.416s o 6 load=2.01
0167.replicate.LP_238_44_6.no-card.2.candidate 0.318s o 6 load=2.01
0168.replicate.LP_238_44_6.no-card.3.candidate 0.318s o 6 load=2.01
0169.replicate.LP_238_44_6.no-card.3.baseline 0.408s o 6 load=2.01
0170.replicate.LP_238_44_6.no-card.4.baseline 0.401s o 6 load=2.01
0171.replicate.LP_238_44_6.no-card.4.candidate 0.318s o 6 load=2.01
0172.replicate.LP_238_44_6.no-card.5.candidate 0.313s o 6 load=2.01
0173.replicate.LP_238_44_6.no-card.5.baseline 0.406s o 6 load=1.93
0174.replicate.LP_238_44_6.no-card.6.baseline 0.403s o 6 load=1.93
0175.replicate.LP_238_44_6.no-card.6.candidate 0.318s o 6 load=1.93
0176.replicate.LP_238_44_6.no-card.7.candidate 0.317s o 6 load=1.93
0177.replicate.LP_238_44_6.no-card.7.baseline 0.406s o 6 load=1.93
0178.replicate.LP_238_44_6.no-card.8.baseline 0.403s o 6 load=1.93
0179.replicate.LP_238_44_6.no-card.8.candidate 0.315s o 6 load=1.93
0180.replicate.LP_238_44_6.no-card.9.candidate 0.324s o 6 load=1.93
0181.replicate.LP_238_44_6.no-card.9.baseline 0.409s o 6 load=1.93
0182.gate.LP_238_44_6.card-mto.0.baseline 0.392s o 6 load=1.93
0183.gate.LP_238_44_6.card-mto.0.candidate 0.243s o 6 load=1.93
0184.gate.LP_238_44_6.card-mto.1.candidate 0.252s o 6 load=1.93
0185.gate.LP_238_44_6.card-mto.1.baseline 0.388s o 6 load=1.93
0186.gate.LP_238_44_6.card-mto.2.baseline 0.400s o 6 load=1.93
0187.gate.LP_238_44_6.card-mto.2.candidate 0.242s o 6 load=2.01
0188.replicate.LP_238_44_6.card-mto.0.baseline 0.393s o 6 load=2.01
0189.replicate.LP_238_44_6.card-mto.0.candidate 0.252s o 6 load=2.01
0190.replicate.LP_238_44_6.card-mto.1.candidate 0.253s o 6 load=2.01
0191.replicate.LP_238_44_6.card-mto.1.baseline 0.400s o 6 load=2.01
0192.replicate.LP_238_44_6.card-mto.2.baseline 0.397s o 6 load=2.01
0193.replicate.LP_238_44_6.card-mto.2.candidate 0.243s o 6 load=2.01
0194.replicate.LP_238_44_6.card-mto.3.candidate 0.241s o 6 load=2.01
0195.replicate.LP_238_44_6.card-mto.3.baseline 0.396s o 6 load=2.01
0196.replicate.LP_238_44_6.card-mto.4.baseline 0.402s o 6 load=2.01
0197.replicate.LP_238_44_6.card-mto.4.candidate 0.243s o 6 load=2.01
0198.replicate.LP_238_44_6.card-mto.5.candidate 0.243s o 6 load=2.01
0199.replicate.LP_238_44_6.card-mto.5.baseline 0.397s o 6 load=2.01
0200.replicate.LP_238_44_6.card-mto.6.baseline 0.390s o 6 load=2.01
0201.replicate.LP_238_44_6.card-mto.6.candidate 0.243s o 6 load=2.01
0202.replicate.LP_238_44_6.card-mto.7.candidate 0.247s o 6 load=2.01
0203.replicate.LP_238_44_6.card-mto.7.baseline 0.391s o 6 load=2.01
0204.replicate.LP_238_44_6.card-mto.8.baseline 0.391s o 6 load=2.01
0205.replicate.LP_238_44_6.card-mto.8.candidate 0.239s o 6 load=2.01
0206.replicate.LP_238_44_6.card-mto.9.candidate 0.252s o 6 load=2.01
0207.replicate.LP_238_44_6.card-mto.9.baseline 0.398s o 6 load=2.01
{
 "stopped": null,
 "n_samples": 208,
 "finished": "2026-10-10T11:32:51+0800",
 "binary_sha256_after": {
  "baseline": "6bdcaa2523cdcbeae5164cedbf54c9ac0f9e64f9a91c3da7ef4b804df393db9d",
  "candidate": "4a15a105198094768c45433c516ef9f7b81e22fbbf028abbc5daa4d94050d69a"
 },
 "input_sha256_after_ok": true
}
gate no-card geomean 0.52256 envelope 0.53582 positive True flags []
gate card-mto geomean 0.42602 envelope 0.43269 positive True flags []
replicate no-card geomean 0.52217 envelope 0.54175 positive True flags []
replicate card-mto geomean 0.42246 envelope 0.44535 positive True flags []
exit=0
