00000001006436a0 b .bss
0000000100643860 b .bss
0000000100443000 b .bss
00000001006436a0 b .bss
00000001006436a0 b .bss
00000001006436a0 b .bss
00000001004431e0 b .bss
00000001006436a0 b .bss
00000001006436e0 b .bss
0000000100643840 b .bss
00000001006436a0 b .bss
00000001006436b0 b .bss
0000000100643840 b .bss
0000000100443000 b .bss
00000001006436a0 b .bss
00000001006436e0 b .bss
00000001006436a0 b .bss
00000001006436e0 b .bss
0000000100643840 b .bss
0000000100443000 b .bss
0000000100443000 b .bss
0000000100643840 b .bss
00000001006436a0 b .bss
000000010043ebd8 r .ctors
000000010043ebe0 r .ctors
000000010043ebe8 r .ctors.65535
000000010043b010 d .data
000000010043b010 d .data
000000010043b030 d .data
000000010043b030 d .data
000000010043b030 d .data
000000010043b030 d .data
000000010043b000 d .data
000000010043b030 d .data
000000010043b030 d .data
000000010043b030 d .data
000000010043b030 d .data
000000010043b040 d .data
000000010043b080 d .data
000000010043b080 d .data
000000010043b080 d .data
000000010043b010 d .data
000000010043b080 d .data
000000010043b000 d .data
000000010043b080 d .data
000000010043b080 d .data
000000010043b080 d .data
000000010043b080 d .data
000000010043b080 d .data
000000010043b080 d .data$_ZGVZN7Minisat6Option13getOptionListEvE7options
000000010043b090 d .data$_ZZN7Minisat6Option13getOptionListEvE7options
000000010043b0a0 d .data$_ZZN7Minisat6Option14getUsageStringEvE9usage_str
000000010043b0b0 d .data$_ZZN7Minisat6Option19getHelpPrefixStringEvE15help_prefix_str
000000010074de49 N .debug_abbrev
000000010074dd7a N .debug_abbrev
000000010074dd66 N .debug_abbrev
000000010074e5c4 N .debug_abbrev
000000010074e599 N .debug_abbrev
000000010074d3e0 N .debug_abbrev
000000010074dfa1 N .debug_abbrev
000000010074e35f N .debug_abbrev
000000010074a21e N .debug_abbrev
000000010074a000 N .debug_abbrev
000000010074e50d N .debug_abbrev
000000010074df4b N .debug_abbrev
000000010074def5 N .debug_abbrev
000000010074dd14 N .debug_abbrev
000000010074de9f N .debug_abbrev
000000010074c30d N .debug_abbrev
000000010074e7db N .debug_abbrev
000000010074b364 N .debug_abbrev
00000001006475a0 N .debug_aranges
0000000100647600 N .debug_aranges
0000000100647840 N .debug_aranges
0000000100647030 N .debug_aranges
00000001006470d0 N .debug_aranges
0000000100647810 N .debug_aranges
00000001006477e0 N .debug_aranges
00000001006477b0 N .debug_aranges
0000000100647780 N .debug_aranges
0000000100647750 N .debug_aranges
0000000100647720 N .debug_aranges
0000000100647000 N .debug_aranges
00000001006476f0 N .debug_aranges
00000001006476c0 N .debug_aranges
0000000100647690 N .debug_aranges
0000000100647660 N .debug_aranges
0000000100647630 N .debug_aranges
0000000100647290 N .debug_aranges
00000001007b04c0 N .debug_frame
00000001007b06d0 N .debug_frame
00000001007b04f8 N .debug_frame
00000001007b06a0 N .debug_frame
00000001007b0528 N .debug_frame
00000001007ab038 N .debug_frame
00000001007b0448 N .debug_frame
00000001007ab000 N .debug_frame
00000001007b0670 N .debug_frame
00000001007b0478 N .debug_frame
00000001007aca38 N .debug_frame
00000001007b0608 N .debug_frame
00000001007b0558 N .debug_frame
00000001007b0218 N .debug_frame
00000001007b0588 N .debug_frame
00000001007abc88 N .debug_frame
00000001007b05b8 N .debug_frame
00000001007abaf8 N .debug_frame$_ZN7Minisat10BoolOption4helpEb
00000001007abaa8 N .debug_frame$_ZN7Minisat10BoolOption5parseEPKc
00000001007ab9b8 N .debug_frame$_ZN7Minisat10BoolOptionD0Ev
00000001007ab898 N .debug_frame$_ZN7Minisat10BoolOptionD1Ev
00000001007ac850 N .debug_frame$_ZN7Minisat10SimpSolver14updateElimHeapEi
00000001007abbe8 N .debug_frame$_ZN7Minisat12DoubleOption4helpEb
00000001007ab9e8 N .debug_frame$_ZN7Minisat12DoubleOption5parseEPKc
00000001007ab958 N .debug_frame$_ZN7Minisat12DoubleOptionD0Ev
00000001007ab8f8 N .debug_frame$_ZN7Minisat12DoubleOptionD1Ev
00000001007b0318 N .debug_frame$_ZN7Minisat13selectionSortIPNS_6OptionENS1_8OptionLtEEEvPT_iT0_
00000001007afc08 N .debug_frame$_ZN7Minisat15ClauseAllocator5relocERjRS0_
00000001007ac7b8 N .debug_frame$_ZN7Minisat15RegionAllocatorIjE8capacityEj
00000001007b0100 N .debug_frame$_ZN7Minisat3vecINS0_INS_3LitEEEE8capacityEi
00000001007b00b8 N .debug_frame$_ZN7Minisat3vecINS0_INS_6Solver7WatcherEEEE8capacityEi
00000001007b01d0 N .debug_frame$_ZN7Minisat3vecINS0_IiEEE8capacityEi
00000001007ac9f0 N .debug_frame$_ZN7Minisat3vecINS0_IjEEE8capacityEi
00000001007afbb8 N .debug_frame$_ZN7Minisat3vecINS_3LitEE4pushERKS1_
00000001007ab700 N .debug_frame$_ZN7Minisat3vecINS_3LitEE8capacityEi
00000001007afe00 N .debug_frame$_ZN7Minisat3vecINS_5lboolEE8capacityEi
00000001007afe48 N .debug_frame$_ZN7Minisat3vecINS_6Solver7VarDataEE8capacityEi
00000001007afce0 N .debug_frame$_ZN7Minisat3vecINS_6Solver7WatcherEE8capacityEi
00000001007ac768 N .debug_frame$_ZN7Minisat3vecIPNS_6OptionEE4pushERKS2_
00000001007ac720 N .debug_frame$_ZN7Minisat3vecIPNS_6OptionEE8capacityEi
00000001007ab928 N .debug_frame$_ZN7Minisat3vecIPNS_6OptionEED1Ev
00000001007ac960 N .debug_frame$_ZN7Minisat3vecIcE8capacityEi
00000001007afe90 N .debug_frame$_ZN7Minisat3vecIdE8capacityEi
00000001007afc90 N .debug_frame$_ZN7Minisat3vecIiE4pushERKi
00000001007ac808 N .debug_frame$_ZN7Minisat3vecIiE8capacityEi
00000001007afdb0 N .debug_frame$_ZN7Minisat3vecIjE4pushERKj
00000001007ac9a8 N .debug_frame$_ZN7Minisat3vecIjE8capacityEi
00000001007afed8 N .debug_frame$_ZN7Minisat3vecImE8capacityEi
00000001007aff20 N .debug_frame$_ZN7Minisat4HeapINS_6Solver10VarOrderLtEE13percolateDownEi
00000001007afab0 N .debug_frame$_ZN7Minisat4HeapINS_6Solver10VarOrderLtEED1Ev
00000001007b03a0 N .debug_frame$_ZN7Minisat4sortIPNS_6OptionENS1_8OptionLtEEEvPT_iT0_
00000001007affa8 N .debug_frame$_ZN7Minisat4sortIj11reduceDB_ltEEvPT_iT0_
00000001007b0030 N .debug_frame$_ZN7Minisat4sortIj13reduceCORE_ltEEvPT_iT0_
00000001007afd28 N .debug_frame$_ZN7Minisat4sortIj14reduceTIER2_ltEEvPT_iT0_
00000001007ac6c8 N .debug_frame$_ZN7Minisat6Option13getOptionListEv
00000001007ac8d8 N .debug_frame$_ZN7Minisat6Solver14setDecisionVarEib
00000001007afa18 N .debug_frame$_ZN7Minisat6Solver15claBumpActivityERNS_6ClauseE
00000001007af9c8 N .debug_frame$_ZN7Minisat6Solver15varBumpActivityEid
00000001007b0148 N .debug_frame$_ZN7Minisat6Solver24newAuxiVarForCardinalityEv
00000001007afb68 N .debug_frame$_ZN7Minisat6Solver7binDRUPINS_3vecINS_3LitEEEEEvhRKT_P9__sFILE64
00000001007afb00 N .debug_frame$_ZN7Minisat8OccListsINS_3LitENS_3vecINS_6Solver7WatcherEEENS3_14WatcherDeletedEE8cleanAllEv
00000001007afa48 N .debug_frame$_ZN7Minisat8OccListsINS_3LitENS_3vecINS_6Solver7WatcherEEENS3_14WatcherDeletedEED1Ev
00000001007abb70 N .debug_frame$_ZN7Minisat9IntOption4helpEb
00000001007aba48 N .debug_frame$_ZN7Minisat9IntOption5parseEPKc
00000001007ab988 N .debug_frame$_ZN7Minisat9IntOptionD0Ev
00000001007ab8c8 N .debug_frame$_ZN7Minisat9IntOptionD1Ev
00000001007ab630 N .debug_frame$_ZNSsC1ISaIcEEEPKcRKS0_
00000001007ab748 N .debug_frame$_ZNSt6vectorIN7Minisat3LitESaIS1_EE17_M_realloc_appendIJRKS1_EEEvDpOT_
00000001007ab7b8 N .debug_frame$_ZNSt6vectorIN7Minisat3LitESaIS1_EE17_M_realloc_appendIJS1_EEEvDpOT_
00000001007ab828 N .debug_frame$_ZNSt6vectorIiSaIiEE17_M_realloc_appendIJiEEEvDpOT_
00000001007ab6a8 N .debug_frame$_ZStplIcSt11char_traitsIcESaIcEESbIT_T0_T1_EOS6_PKS3_
0000000100743c3d N .debug_info
00000001007441da N .debug_info
0000000100743ad4 N .debug_info
0000000100743f2c N .debug_info
0000000100744331 N .debug_info
0000000100744488 N .debug_info
000000010074692b N .debug_info
00000001006baa65 N .debug_info
0000000100743c65 N .debug_info
0000000100747189 N .debug_info
0000000100744083 N .debug_info
000000010073d887 N .debug_info
00000001006492e0 N .debug_info
0000000100748822 N .debug_info
00000001007474b3 N .debug_info
0000000100648000 N .debug_info
00000001007475da N .debug_info
000000010069151d N .debug_info
00000001007a9e40 N .debug_line
00000001007a9d36 N .debug_line
00000001007a9ded N .debug_line
00000001007a91a7 N .debug_line
00000001007a9e93 N .debug_line
00000001007a9cda N .debug_line
00000001007aa40d N .debug_line
00000001007a9ee6 N .debug_line
000000010075a04a N .debug_line
00000001007a9f39 N .debug_line
00000001007a9d92 N .debug_line
00000001007aa4c1 N .debug_line
00000001007aa25f N .debug_line
00000001007aa3b9 N .debug_line
000000010074f09e N .debug_line
000000010074f000 N .debug_line
000000010076893f N .debug_line
00000001007aa34c N .debug_line
00000001007b52c8 N .debug_line_str
00000001007b3000 N .debug_line_str
00000001007b5cb8 N .debug_line_str
00000001007b5a4c N .debug_line_str
00000001007b322e N .debug_line_str
00000001007b592f N .debug_line_str
00000001007b580d N .debug_line_str
00000001007b56cd N .debug_line_str
00000001007b51c9 N .debug_line_str
00000001007b50ca N .debug_line_str
00000001007b4fcb N .debug_line_str
00000001007b4ecc N .debug_line_str
00000001007b4dbd N .debug_line_str
00000001007b4d51 N .debug_line_str
00000001007b4c18 N .debug_line_str
00000001007b46ba N .debug_line_str
00000001007b3a83 N .debug_line_str
00000001007b403b N .debug_line_str
000000010082e986 N .debug_loclists
000000010082e9a4 N .debug_loclists
00000001007d081c N .debug_loclists
000000010082e029 N .debug_loclists
00000001007e1143 N .debug_loclists
000000010082ea5a N .debug_loclists
00000001007b6000 N .debug_loclists
000000010082ebd4 N .debug_loclists
000000010082f000 N .debug_rnglists
0000000100832d66 N .debug_rnglists
000000010084b585 N .debug_rnglists
0000000100838126 N .debug_rnglists
00000001007b1fbc N .debug_str
00000001007b276b N .debug_str
00000001007b100e N .debug_str
00000001007b1c46 N .debug_str
00000001007b25e1 N .debug_str
00000001007b284c N .debug_str
00000001007b1000 N .debug_str
00000001007b27e5 N .debug_str
0000000100644028 i .idata$2
000000010064403c i .idata$2
0000000100644000 i .idata$2
0000000100644014 i .idata$2
0000000100644260 i .idata$4
0000000100644258 i .idata$4
0000000100644248 i .idata$4
0000000100644170 i .idata$4
00000001006441f0 i .idata$4
0000000100644168 i .idata$4
0000000100644160 i .idata$4
00000001006440a0 i .idata$4
0000000100644138 i .idata$4
0000000100644338 i .idata$4
0000000100644158 i .idata$4
0000000100644338 i .idata$4
0000000100644340 i .idata$4
0000000100644068 i .idata$4
0000000100644248 i .idata$4
0000000100644258 i .idata$4
0000000100644068 i .idata$4
0000000100644070 i .idata$4
0000000100644078 i .idata$4
0000000100644080 i .idata$4
0000000100644088 i .idata$4
0000000100644090 i .idata$4
0000000100644098 i .idata$4
00000001006440a8 i .idata$4
00000001006440b0 i .idata$4
00000001006440b8 i .idata$4
00000001006440c0 i .idata$4
00000001006440c8 i .idata$4
00000001006440d0 i .idata$4
00000001006440d8 i .idata$4
00000001006440e0 i .idata$4
00000001006440e8 i .idata$4
00000001006440f0 i .idata$4
00000001006440f8 i .idata$4
0000000100644100 i .idata$4
0000000100644108 i .idata$4
0000000100644110 i .idata$4
0000000100644118 i .idata$4
0000000100644120 i .idata$4
00000001006441e8 i .idata$4
0000000100644150 i .idata$4
0000000100644128 i .idata$4
0000000100644330 i .idata$4
0000000100644130 i .idata$4
0000000100644148 i .idata$4
0000000100644250 i .idata$4
0000000100644218 i .idata$4
0000000100644210 i .idata$4
0000000100644208 i .idata$4
0000000100644220 i .idata$4
0000000100644200 i .idata$4
0000000100644180 i .idata$4
0000000100644240 i .idata$4
0000000100644188 i .idata$4
0000000100644238 i .idata$4
00000001006441f8 i .idata$4
0000000100644190 i .idata$4
0000000100644198 i .idata$4
00000001006441a0 i .idata$4
00000001006441a8 i .idata$4
00000001006441b0 i .idata$4
00000001006441b8 i .idata$4
0000000100644230 i .idata$4
0000000100644140 i .idata$4
00000001006441c0 i .idata$4
00000001006441c8 i .idata$4
00000001006441d0 i .idata$4
00000001006441d8 i .idata$4
0000000100644300 i .idata$4
0000000100644308 i .idata$4
0000000100644310 i .idata$4
0000000100644320 i .idata$4
0000000100644318 i .idata$4
0000000100644328 i .idata$4
00000001006442f8 i .idata$4
00000001006441e0 i .idata$4
00000001006442f0 i .idata$4
00000001006442e8 i .idata$4
00000001006442e0 i .idata$4
00000001006442d8 i .idata$4
00000001006442d0 i .idata$4
00000001006442c8 i .idata$4
0000000100644178 i .idata$4
00000001006442c0 i .idata$4
00000001006442b8 i .idata$4
00000001006442b0 i .idata$4
0000000100644228 i .idata$4
00000001006442a8 i .idata$4
00000001006442a0 i .idata$4
0000000100644298 i .idata$4
0000000100644290 i .idata$4
0000000100644288 i .idata$4
0000000100644280 i .idata$4
0000000100644278 i .idata$4
0000000100644270 i .idata$4
0000000100644268 i .idata$4
0000000100644580 i .idata$5
0000000100644610 i .idata$5
0000000100644530 i .idata$5
0000000100644520 i .idata$5
0000000100644518 i .idata$5
0000000100644510 i .idata$5
0000000100644508 i .idata$5
0000000100644500 i .idata$5
00000001006444f8 i .idata$5
00000001006444f0 i .idata$5
00000001006444e8 i .idata$5
00000001006444e0 i .idata$5
00000001006444d8 i .idata$5
00000001006444d0 i .idata$5
00000001006444c8 i .idata$5
00000001006444c0 i .idata$5
00000001006444b8 i .idata$5
00000001006444b0 i .idata$5
00000001006444a8 i .idata$5
00000001006444a0 i .idata$5
0000000100644498 i .idata$5
0000000100644490 i .idata$5
0000000100644488 i .idata$5
0000000100644480 i .idata$5
0000000100644478 i .idata$5
0000000100644470 i .idata$5
0000000100644468 i .idata$5
0000000100644460 i .idata$5
0000000100644608 i .idata$5
0000000100644600 i .idata$5
00000001006445f8 i .idata$5
00000001006445f0 i .idata$5
00000001006445e8 i .idata$5
00000001006445e0 i .idata$5
00000001006445d8 i .idata$5
00000001006445d0 i .idata$5
00000001006445c8 i .idata$5
00000001006445c0 i .idata$5
00000001006445b8 i .idata$5
00000001006445b0 i .idata$5
00000001006445a8 i .idata$5
00000001006445a0 i .idata$5
0000000100644598 i .idata$5
0000000100644590 i .idata$5
0000000100644588 i .idata$5
0000000100644578 i .idata$5
0000000100644570 i .idata$5
0000000100644568 i .idata$5
0000000100644560 i .idata$5
0000000100644558 i .idata$5
0000000100644550 i .idata$5
0000000100644548 i .idata$5
0000000100644540 i .idata$5
0000000100644538 i .idata$5
0000000100644528 i .idata$5
0000000100644458 i .idata$5
0000000100644450 i .idata$5
0000000100644448 i .idata$5
0000000100644440 i .idata$5
0000000100644380 i .idata$5
0000000100644618 i .idata$5
0000000100644438 i .idata$5
0000000100644618 i .idata$5
0000000100644620 i .idata$5
0000000100644348 i .idata$5
0000000100644528 i .idata$5
0000000100644538 i .idata$5
0000000100644348 i .idata$5
0000000100644350 i .idata$5
0000000100644358 i .idata$5
0000000100644360 i .idata$5
0000000100644368 i .idata$5
0000000100644370 i .idata$5
0000000100644378 i .idata$5
0000000100644388 i .idata$5
0000000100644390 i .idata$5
0000000100644398 i .idata$5
00000001006443a0 i .idata$5
00000001006443a8 i .idata$5
00000001006443b0 i .idata$5
00000001006443b8 i .idata$5
00000001006443c0 i .idata$5
00000001006443c8 i .idata$5
00000001006443d0 i .idata$5
00000001006443d8 i .idata$5
00000001006443e0 i .idata$5
00000001006443e8 i .idata$5
00000001006443f0 i .idata$5
00000001006443f8 i .idata$5
0000000100644400 i .idata$5
0000000100644408 i .idata$5
0000000100644410 i .idata$5
0000000100644418 i .idata$5
0000000100644420 i .idata$5
0000000100644428 i .idata$5
0000000100644430 i .idata$5
00000001006448ec i .idata$6
000000010064470c i .idata$6
000000010064488c i .idata$6
0000000100644880 i .idata$6
0000000100644628 i .idata$6
0000000100644900 i .idata$6
00000001006447e4 i .idata$6
0000000100644918 i .idata$6
000000010064479c i .idata$6
0000000100644754 i .idata$6
0000000100644760 i .idata$6
00000001006447a8 i .idata$6
000000010064467c i .idata$6
0000000100644938 i .idata$6
0000000100644728 i .idata$6
00000001006448b0 i .idata$6
00000001006446a8 i .idata$6
000000010064495c i .idata$6
0000000100644704 i .idata$6
00000001006447dc i .idata$6
0000000100644980 i .idata$6
0000000100644694 i .idata$6
00000001006449a4 i .idata$6
0000000100644898 i .idata$6
00000001006449b8 i .idata$6
0000000100644670 i .idata$6
000000010064473c i .idata$6
00000001006449cc i .idata$6
000000010064477c i .idata$6
00000001006446b0 i .idata$6
00000001006449e0 i .idata$6
00000001006446f8 i .idata$6
000000010064469c i .idata$6
00000001006449f4 i .idata$6
00000001006447d4 i .idata$6
0000000100644a0c i .idata$6
000000010064476c i .idata$6
000000010064485c i .idata$6
0000000100644a20 i .idata$6
0000000100644820 i .idata$6
0000000100644800 i .idata$6
00000001006447c8 i .idata$6
00000001006448bc i .idata$6
0000000100644868 i .idata$6
0000000100644a38 i .idata$6
00000001006446f0 i .idata$6
0000000100644718 i .idata$6
00000001006447c0 i .idata$6
0000000100644a4c i .idata$6
0000000100644848 i .idata$6
0000000100644660 i .idata$6
0000000100644744 i .idata$6
0000000100644a6c i .idata$6
00000001006447b4 i .idata$6
0000000100644834 i .idata$6
0000000100644a8c i .idata$6
0000000100644790 i .idata$6
0000000100644654 i .idata$6
00000001006448c4 i .idata$6
0000000100644ab4 i .idata$6
00000001006446e8 i .idata$6
0000000100644874 i .idata$6
0000000100644b94 i .idata$6
0000000100644adc i .idata$6
0000000100644720 i .idata$6
0000000100644818 i .idata$6
00000001006446c4 i .idata$6
0000000100644b08 i .idata$6
000000010064474c i .idata$6
00000001006448a4 i .idata$6
0000000100644b14 i .idata$6
0000000100644840 i .idata$6
0000000100644644 i .idata$6
0000000100644b1c i .idata$6
00000001006446d8 i .idata$6
00000001006448d8 i .idata$6
0000000100644b38 i .idata$6
00000001006447f8 i .idata$6
0000000100644b50 i .idata$6
0000000100644684 i .idata$6
0000000100644828 i .idata$6
0000000100644850 i .idata$6
0000000100644b68 i .idata$6
000000010064480c i .idata$6
0000000100644638 i .idata$6
0000000100644b78 i .idata$6
0000000100644784 i .idata$6
0000000100644730 i .idata$6
0000000100644d18 i .idata$7
0000000100644bdc i .idata$7
0000000100644d1c i .idata$7
0000000100644c60 i .idata$7
0000000100644c24 i .idata$7
0000000100644d20 i .idata$7
0000000100644bc4 i .idata$7
0000000100644c64 i .idata$7
0000000100644c68 i .idata$7
0000000100644c5c i .idata$7
0000000100644c58 i .idata$7
0000000100644c6c i .idata$7
0000000100644bcc i .idata$7
0000000100644c88 i .idata$7
0000000100644c54 i .idata$7
0000000100644c70 i .idata$7
0000000100644c50 i .idata$7
0000000100644c74 i .idata$7
0000000100644c78 i .idata$7
0000000100644c84 i .idata$7
0000000100644c30 i .idata$7
0000000100644c2c i .idata$7
0000000100644c7c i .idata$7
0000000100644bd4 i .idata$7
0000000100644c4c i .idata$7
0000000100644bc8 i .idata$7
0000000100644c0c i .idata$7
0000000100644c48 i .idata$7
0000000100644c80 i .idata$7
0000000100644c08 i .idata$7
0000000100644c44 i .idata$7
0000000100644bc0 i .idata$7
0000000100644bf8 i .idata$7
0000000100644c40 i .idata$7
0000000100644c90 i .idata$7
0000000100644bd8 i .idata$7
0000000100644c3c i .idata$7
0000000100644c28 i .idata$7
0000000100644c38 i .idata$7
0000000100644bbc i .idata$7
0000000100644c34 i .idata$7
0000000100644bb8 i .idata$7
0000000100644c14 i .idata$7
0000000100644c18 i .idata$7
0000000100644bd0 i .idata$7
0000000100644bb4 i .idata$7
0000000100644ca0 i .idata$7
0000000100644c04 i .idata$7
0000000100644bf4 i .idata$7
0000000100644bb0 i .idata$7
0000000100644cb8 i .idata$7
0000000100644bac i .idata$7
0000000100644cbc i .idata$7
0000000100644cc0 i .idata$7
0000000100644ba8 i .idata$7
0000000100644cc4 i .idata$7
0000000100644c00 i .idata$7
0000000100644bf0 i .idata$7
0000000100644cc8 i .idata$7
0000000100644ccc i .idata$7
0000000100644cd0 i .idata$7
0000000100644cd4 i .idata$7
0000000100644bec i .idata$7
0000000100644cd8 i .idata$7
0000000100644cdc i .idata$7
0000000100644ce0 i .idata$7
0000000100644ce4 i .idata$7
0000000100644ce8 i .idata$7
0000000100644c94 i .idata$7
0000000100644c20 i .idata$7
0000000100644be8 i .idata$7
0000000100644cec i .idata$7
0000000100644ca4 i .idata$7
0000000100644cf0 i .idata$7
0000000100644c8c i .idata$7
0000000100644cf4 i .idata$7
0000000100644d24 i .idata$7
0000000100644d38 i .idata$7
0000000100644c10 i .idata$7
0000000100644cf8 i .idata$7
0000000100644be4 i .idata$7
0000000100644cfc i .idata$7
0000000100644bfc i .idata$7
0000000100644d00 i .idata$7
0000000100644d04 i .idata$7
0000000100644d34 i .idata$7
0000000100644d08 i .idata$7
0000000100644be0 i .idata$7
0000000100644d0c i .idata$7
0000000100644d10 i .idata$7
0000000100644d14 i .idata$7
0000000100644c1c i .idata$7
0000000100440abc p .pdata
0000000100440384 p .pdata
0000000100440024 p .pdata
0000000100440b1c p .pdata
0000000100440a50 p .pdata
00000001004401bc p .pdata
000000010044000c p .pdata
0000000100440a98 p .pdata
0000000100440b10 p .pdata
0000000100440b04 p .pdata
0000000100440000 p .pdata
0000000100440aec p .pdata
0000000100440aa4 p .pdata
0000000100440ae0 p .pdata
0000000100440ad4 p .pdata
0000000100440ab0 p .pdata
0000000100440ac8 p .pdata
0000000100440198 p .pdata$_ZN7Minisat10BoolOption4helpEb
000000010044018c p .pdata$_ZN7Minisat10BoolOption5parseEPKc
0000000100440168 p .pdata$_ZN7Minisat10BoolOptionD0Ev
0000000100440120 p .pdata$_ZN7Minisat10BoolOptionD1Ev
000000010044033c p .pdata$_ZN7Minisat10SimpSolver14updateElimHeapEi
00000001004401b0 p .pdata$_ZN7Minisat12DoubleOption4helpEb
0000000100440174 p .pdata$_ZN7Minisat12DoubleOption5parseEPKc
0000000100440150 p .pdata$_ZN7Minisat12DoubleOptionD0Ev
0000000100440138 p .pdata$_ZN7Minisat12DoubleOptionD1Ev
0000000100440a80 p .pdata$_ZN7Minisat13selectionSortIPNS_6OptionENS1_8OptionLtEEEvPT_iT0_
0000000100440984 p .pdata$_ZN7Minisat15ClauseAllocator5relocERjRS0_
0000000100440324 p .pdata$_ZN7Minisat15RegionAllocatorIjE8capacityEj
0000000100440a20 p .pdata$_ZN7Minisat3vecINS0_INS_3LitEEEE8capacityEi
0000000100440a14 p .pdata$_ZN7Minisat3vecINS0_INS_6Solver7WatcherEEEE8capacityEi
0000000100440a38 p .pdata$_ZN7Minisat3vecINS0_IiEEE8capacityEi
000000010044036c p .pdata$_ZN7Minisat3vecINS0_IjEEE8capacityEi
0000000100440978 p .pdata$_ZN7Minisat3vecINS_3LitEE4pushERKS1_
00000001004400e4 p .pdata$_ZN7Minisat3vecINS_3LitEE8capacityEi
00000001004409c0 p .pdata$_ZN7Minisat3vecINS_5lboolEE8capacityEi
00000001004409cc p .pdata$_ZN7Minisat3vecINS_6Solver7VarDataEE8capacityEi
000000010044099c p .pdata$_ZN7Minisat3vecINS_6Solver7WatcherEE8capacityEi
0000000100440318 p .pdata$_ZN7Minisat3vecIPNS_6OptionEE4pushERKS2_
000000010044030c p .pdata$_ZN7Minisat3vecIPNS_6OptionEE8capacityEi
0000000100440144 p .pdata$_ZN7Minisat3vecIPNS_6OptionEED1Ev
0000000100440354 p .pdata$_ZN7Minisat3vecIcE8capacityEi
00000001004409d8 p .pdata$_ZN7Minisat3vecIdE8capacityEi
0000000100440990 p .pdata$_ZN7Minisat3vecIiE4pushERKi
0000000100440330 p .pdata$_ZN7Minisat3vecIiE8capacityEi
00000001004409b4 p .pdata$_ZN7Minisat3vecIjE4pushERKj
0000000100440360 p .pdata$_ZN7Minisat3vecIjE8capacityEi
00000001004409e4 p .pdata$_ZN7Minisat3vecImE8capacityEi
00000001004409f0 p .pdata$_ZN7Minisat4HeapINS_6Solver10VarOrderLtEE13percolateDownEi
0000000100440954 p .pdata$_ZN7Minisat4HeapINS_6Solver10VarOrderLtEED1Ev
0000000100440a8c p .pdata$_ZN7Minisat4sortIPNS_6OptionENS1_8OptionLtEEEvPT_iT0_
00000001004409fc p .pdata$_ZN7Minisat4sortIj11reduceDB_ltEEvPT_iT0_
0000000100440a08 p .pdata$_ZN7Minisat4sortIj13reduceCORE_ltEEvPT_iT0_
00000001004409a8 p .pdata$_ZN7Minisat4sortIj14reduceTIER2_ltEEvPT_iT0_
0000000100440300 p .pdata$_ZN7Minisat6Option13getOptionListEv
0000000100440348 p .pdata$_ZN7Minisat6Solver14setDecisionVarEib
000000010044093c p .pdata$_ZN7Minisat6Solver15claBumpActivityERNS_6ClauseE
0000000100440930 p .pdata$_ZN7Minisat6Solver15varBumpActivityEid
0000000100440a2c p .pdata$_ZN7Minisat6Solver24newAuxiVarForCardinalityEv
000000010044096c p .pdata$_ZN7Minisat6Solver7binDRUPINS_3vecINS_3LitEEEEEvhRKT_P9__sFILE64
0000000100440960 p .pdata$_ZN7Minisat8OccListsINS_3LitENS_3vecINS_6Solver7WatcherEEENS3_14WatcherDeletedEE8cleanAllEv
0000000100440948 p .pdata$_ZN7Minisat8OccListsINS_3LitENS_3vecINS_6Solver7WatcherEEENS3_14WatcherDeletedEED1Ev
00000001004401a4 p .pdata$_ZN7Minisat9IntOption4helpEb
0000000100440180 p .pdata$_ZN7Minisat9IntOption5parseEPKc
000000010044015c p .pdata$_ZN7Minisat9IntOptionD0Ev
000000010044012c p .pdata$_ZN7Minisat9IntOptionD1Ev
00000001004400cc p .pdata$_ZNSsC1ISaIcEEEPKcRKS0_
00000001004400f0 p .pdata$_ZNSt6vectorIN7Minisat3LitESaIS1_EE17_M_realloc_appendIJRKS1_EEEvDpOT_
00000001004400fc p .pdata$_ZNSt6vectorIN7Minisat3LitESaIS1_EE17_M_realloc_appendIJS1_EEEvDpOT_
0000000100440108 p .pdata$_ZNSt6vectorIiSaIiEE17_M_realloc_appendIJiEEEvDpOT_
00000001004400d8 p .pdata$_ZStplIcSt11char_traitsIcESaIcEESbIT_T0_T1_EOS6_PKS3_
0000000100440114 p .pdata.startup
0000000100440a44 p .pdata.startup
0000000100440378 p .pdata.startup
0000000100440b28 p .pdata.startup
000000010043e5d0 r .rdata
000000010043c000 r .rdata
000000010043cae0 r .rdata
000000010043d140 r .rdata
000000010043e510 r .rdata
000000010043e5e0 r .rdata$.refptr._ZN7Minisat6Solver7buf_lenE
000000010043e5f0 r .rdata$.refptr._ZN7Minisat6Solver7buf_ptrE
000000010043e600 r .rdata$.refptr._ZN7Minisat6Solver8drup_bufE
000000010043e610 r .rdata$.refptr._ZNSs4_Rep20_S_empty_rep_storageE
000000010043e620 r .rdata$.refptr.__dso_handle
000000010043e630 r .rdata$_ZTIN7Minisat10BoolOptionE
000000010043e650 r .rdata$_ZTIN7Minisat10SimpSolverE
000000010043e670 r .rdata$_ZTIN7Minisat12DoubleOptionE
000000010043e690 r .rdata$_ZTIN7Minisat20OutOfMemoryExceptionE
000000010043e6a0 r .rdata$_ZTIN7Minisat6OptionE
000000010043e6b0 r .rdata$_ZTIN7Minisat6SolverE
000000010043e6c0 r .rdata$_ZTIN7Minisat9IntOptionE
000000010043e6e0 r .rdata$_ZTSN7Minisat10BoolOptionE
000000010043e700 r .rdata$_ZTSN7Minisat10SimpSolverE
000000010043e720 r .rdata$_ZTSN7Minisat12DoubleOptionE
000000010043e740 r .rdata$_ZTSN7Minisat20OutOfMemoryExceptionE
000000010043e780 r .rdata$_ZTSN7Minisat6OptionE
000000010043e7a0 r .rdata$_ZTSN7Minisat6SolverE
000000010043e7c0 r .rdata$_ZTSN7Minisat9IntOptionE
000000010043e7e0 r .rdata$_ZTVN7Minisat10BoolOptionE
000000010043e810 r .rdata$_ZTVN7Minisat10SimpSolverE
000000010043e840 r .rdata$_ZTVN7Minisat12DoubleOptionE
000000010043e870 r .rdata$_ZTVN7Minisat6OptionE
000000010043e8a0 r .rdata$_ZTVN7Minisat6SolverE
000000010043e8d0 r .rdata$_ZTVN7Minisat9IntOptionE
000000010043e940 r .rdata$zzz
000000010043eae0 r .rdata$zzz
000000010043e9c0 r .rdata$zzz
000000010043e900 r .rdata$zzz
000000010043eb00 r .rdata$zzz
000000010043eac0 r .rdata$zzz
000000010043e960 r .rdata$zzz
000000010043ea40 r .rdata$zzz
000000010043e980 r .rdata$zzz
000000010043eb20 r .rdata$zzz
000000010043eb40 r .rdata$zzz
000000010043eaa0 r .rdata$zzz
000000010043ea00 r .rdata$zzz
000000010043e920 r .rdata$zzz
000000010043ea20 r .rdata$zzz
000000010043ea80 r .rdata$zzz
000000010043ea60 r .rdata$zzz
000000010043e9e0 r .rdata$zzz
000000010043e9a0 r .rdata$zzz
000000010043eba8 r .rdata_runtime_pseudo_reloc
000000010043ebb4 r .rdata_runtime_pseudo_reloc
000000010043eb90 r .rdata_runtime_pseudo_reloc
000000010043eb84 r .rdata_runtime_pseudo_reloc
000000010043eb9c r .rdata_runtime_pseudo_reloc
000000010043ebc0 r .rdata_runtime_pseudo_reloc
000000010043eb78 r .rdata_runtime_pseudo_reloc
000000010043eb60 r .rdata_runtime_pseudo_reloc
000000010043e5e0 R .refptr._ZN7Minisat6Solver7buf_lenE
000000010043e5f0 R .refptr._ZN7Minisat6Solver7buf_ptrE
000000010043e600 R .refptr._ZN7Minisat6Solver8drup_bufE
000000010043e610 R .refptr._ZNSs4_Rep20_S_empty_rep_storageE
000000010043e620 R .refptr.__dso_handle
0000000100645000 r .rsrc
00000001004345e0 t .text
0000000100433c30 t .text
00000001004345e0 t .text
0000000100433c98 t .text
0000000100401050 t .text
0000000100433c28 t .text
0000000100433c28 t .text
0000000100433ca0 t .text
0000000100433c28 t .text
0000000100433c20 t .text
00000001004345d0 t .text
0000000100433ca8 t .text
00000001004345c0 t .text
0000000100433c18 t .text
0000000100433c10 t .text
0000000100433cb0 t .text
0000000100433c08 t .text
0000000100434000 t .text
0000000100433c78 t .text
0000000100434530 t .text
00000001004345e0 t .text
0000000100433c80 t .text
0000000100433c50 t .text
0000000100433c48 t .text
0000000100433c88 t .text
0000000100401080 t .text
0000000100433c40 t .text
0000000100433c88 t .text
00000001004345e0 t .text
0000000100433c38 t .text
0000000100433c90 t .text
0000000100434080 t .text
0000000100433be0 t .text
00000001004340a0 t .text
0000000100434570 t .text
0000000100434550 t .text
0000000100434060 t .text
0000000100434070 t .text
0000000100434580 t .text
0000000100434090 t .text
0000000100433bf0 t .text
0000000100434540 t .text
0000000100434560 t .text
0000000100434550 t .text
0000000100433c68 t .text
0000000100433c60 t .text
0000000100433c70 t .text
0000000100406400 t .text
0000000100433c00 t .text
0000000100434590 t .text
0000000100433cc0 t .text
00000001004334c0 t .text
0000000100434460 t .text
000000010040d980 t .text
0000000100401000 t .text
0000000100433d00 t .text
0000000100433d10 t .text
0000000100433d20 t .text
0000000100433d30 t .text
0000000100433d40 t .text
0000000100433d50 t .text
0000000100433d60 t .text
0000000100433d70 t .text
0000000100433d80 t .text
0000000100433d90 t .text
0000000100433da0 t .text
0000000100433db0 t .text
0000000100433dc0 t .text
0000000100433dd0 t .text
0000000100433de0 t .text
0000000100433df0 t .text
0000000100433e00 t .text
0000000100433e10 t .text
0000000100433e20 t .text
0000000100433e30 t .text
0000000100433e40 t .text
0000000100433e50 t .text
0000000100433e60 t .text
0000000100433e70 t .text
0000000100433e80 t .text
0000000100433e90 t .text
0000000100433ea0 t .text
0000000100433eb0 t .text
0000000100433ec0 t .text
0000000100433ed0 t .text
0000000100433ee0 t .text
0000000100433ef0 t .text
0000000100433f00 t .text
0000000100433f10 t .text
0000000100433f20 t .text
0000000100433f30 t .text
0000000100433f40 t .text
0000000100433f50 t .text
0000000100433f60 t .text
0000000100433f70 t .text
0000000100433f80 t .text
0000000100433f90 t .text
0000000100433fa0 t .text
0000000100433fb0 t .text
0000000100433fc0 t .text
0000000100433fd0 t .text
0000000100433fe0 t .text
0000000100433ff0 t .text
0000000100433c58 t .text
0000000100434010 t .text
0000000100434020 t .text
0000000100434030 t .text
0000000100434040 t .text
0000000100433bf8 t .text
00000001004345e0 t .text$_ZN7Minisat10BoolOption4helpEb
00000001004346e0 t .text$_ZN7Minisat10BoolOption5parseEPKc
0000000100434780 t .text$_ZN7Minisat10BoolOptionD0Ev
0000000100434790 t .text$_ZN7Minisat10BoolOptionD1Ev
00000001004347a0 t .text$_ZN7Minisat10SimpSolver14updateElimHeapEi
0000000100434b90 t .text$_ZN7Minisat12DoubleOption4helpEb
0000000100434cc0 t .text$_ZN7Minisat12DoubleOption5parseEPKc
0000000100434e00 t .text$_ZN7Minisat12DoubleOptionD0Ev
0000000100434e10 t .text$_ZN7Minisat12DoubleOptionD1Ev
0000000100434e20 t .text$_ZN7Minisat13selectionSortIPNS_6OptionENS1_8OptionLtEEEvPT_iT0_
0000000100434f60 t .text$_ZN7Minisat15ClauseAllocator5relocERjRS0_
00000001004354c0 t .text$_ZN7Minisat15RegionAllocatorIjE8capacityEj
0000000100435580 t .text$_ZN7Minisat3vecINS0_INS_3LitEEEE8capacityEi
0000000100435610 t .text$_ZN7Minisat3vecINS0_INS_6Solver7WatcherEEEE8capacityEi
00000001004356a0 t .text$_ZN7Minisat3vecINS0_IiEEE8capacityEi
0000000100435730 t .text$_ZN7Minisat3vecINS0_IjEEE8capacityEi
00000001004357c0 t .text$_ZN7Minisat3vecINS_3LitEE4pushERKS1_
0000000100435800 t .text$_ZN7Minisat3vecINS_3LitEE8capacityEi
0000000100435890 t .text$_ZN7Minisat3vecINS_5lboolEE8capacityEi
0000000100435920 t .text$_ZN7Minisat3vecINS_6Solver7VarDataEE8capacityEi
00000001004359b0 t .text$_ZN7Minisat3vecINS_6Solver7WatcherEE8capacityEi
0000000100435a40 t .text$_ZN7Minisat3vecIPNS_6OptionEE4pushERKS2_
0000000100435a80 t .text$_ZN7Minisat3vecIPNS_6OptionEE8capacityEi
0000000100435b10 t .text$_ZN7Minisat3vecIPNS_6OptionEED1Ev
0000000100435b30 t .text$_ZN7Minisat3vecIcE8capacityEi
0000000100435bc0 t .text$_ZN7Minisat3vecIdE8capacityEi
0000000100435c50 t .text$_ZN7Minisat3vecIiE4pushERKi
0000000100435c90 t .text$_ZN7Minisat3vecIiE8capacityEi
0000000100435d20 t .text$_ZN7Minisat3vecIjE4pushERKj
0000000100435d60 t .text$_ZN7Minisat3vecIjE8capacityEi
0000000100435df0 t .text$_ZN7Minisat3vecImE8capacityEi
0000000100435e80 t .text$_ZN7Minisat4HeapINS_6Solver10VarOrderLtEE13percolateDownEi
0000000100435f80 t .text$_ZN7Minisat4HeapINS_6Solver10VarOrderLtEED1Ev
0000000100435fc0 t .text$_ZN7Minisat4sortIPNS_6OptionENS1_8OptionLtEEEvPT_iT0_
00000001004360d0 t .text$_ZN7Minisat4sortIj11reduceDB_ltEEvPT_iT0_
0000000100436350 t .text$_ZN7Minisat4sortIj13reduceCORE_ltEEvPT_iT0_
0000000100436550 t .text$_ZN7Minisat4sortIj14reduceTIER2_ltEEvPT_iT0_
00000001004367e0 t .text$_ZN7Minisat6Option13getOptionListEv
0000000100436880 t .text$_ZN7Minisat6Solver14setDecisionVarEib
0000000100436e80 t .text$_ZN7Minisat6Solver15claBumpActivityERNS_6ClauseE
00000001004371c0 t .text$_ZN7Minisat6Solver15varBumpActivityEid
00000001004373c0 t .text$_ZN7Minisat6Solver24newAuxiVarForCardinalityEv
0000000100437980 t .text$_ZN7Minisat6Solver7binDRUPINS_3vecINS_3LitEEEEEvhRKT_P9__sFILE64
0000000100437a80 t .text$_ZN7Minisat8OccListsINS_3LitENS_3vecINS_6Solver7WatcherEEENS3_14WatcherDeletedEE8cleanAllEv
0000000100437bc0 t .text$_ZN7Minisat8OccListsINS_3LitENS_3vecINS_6Solver7WatcherEEENS3_14WatcherDeletedEED1Ev
0000000100437c60 t .text$_ZN7Minisat9IntOption4helpEb
0000000100437dc0 t .text$_ZN7Minisat9IntOption5parseEPKc
0000000100437ec0 t .text$_ZN7Minisat9IntOptionD0Ev
0000000100437ed0 t .text$_ZN7Minisat9IntOptionD1Ev
0000000100437ee0 t .text$_ZNSsC1ISaIcEEEPKcRKS0_
0000000100437fa0 t .text$_ZNSt6vectorIN7Minisat3LitESaIS1_EE17_M_realloc_appendIJRKS1_EEEvDpOT_
0000000100438090 t .text$_ZNSt6vectorIN7Minisat3LitESaIS1_EE17_M_realloc_appendIJS1_EEEvDpOT_
0000000100438180 t .text$_ZNSt6vectorIiSaIiEE17_M_realloc_appendIJiEEEvDpOT_
0000000100438270 t .text$_ZStplIcSt11char_traitsIcESaIcEESbIT_T0_T1_EOS6_PKS3_
0000000100439360 t .text.startup
00000001004382c0 t .text.startup
000000010043a040 t .text.startup
00000001004397c0 t .text.startup
0000000000000000 A .weak.__cxa_pure_virtual._ZN7Minisat10BoolOptionD1Ev
0000000000000000 A .weak.__real__ZdaPv._cygwin_crt0_common
0000000000000000 A .weak.__real__ZdaPvRKSt9nothrow_t._cygwin_crt0_common
0000000000000000 A .weak.__real__ZdlPv._cygwin_crt0_common
0000000000000000 A .weak.__real__ZdlPvRKSt9nothrow_t._cygwin_crt0_common
0000000000000000 A .weak.__real__Znam._cygwin_crt0_common
0000000000000000 A .weak.__real__ZnamRKSt9nothrow_t._cygwin_crt0_common
0000000000000000 A .weak.__real__Znwm._cygwin_crt0_common
0000000000000000 A .weak.__real__ZnwmRKSt9nothrow_t._cygwin_crt0_common
0000000100441010 r .xdata
0000000100442b54 r .xdata
0000000100442b2c r .xdata
00000001004415f0 r .xdata
0000000100442b38 r .xdata
0000000100441904 r .xdata
0000000100442b34 r .xdata
0000000100442b1c r .xdata
0000000100442b28 r .xdata
0000000100442b20 r .xdata
0000000100442ab4 r .xdata
0000000100442b58 r .xdata
0000000100442b44 r .xdata
0000000100441000 r .xdata
0000000100442b50 r .xdata
0000000100441008 r .xdata
0000000100442b30 r .xdata
00000001004415b0 r .xdata$_ZN7Minisat10BoolOption4helpEb
00000001004415a4 r .xdata$_ZN7Minisat10BoolOption5parseEPKc
0000000100441588 r .xdata$_ZN7Minisat10BoolOptionD0Ev
0000000100441570 r .xdata$_ZN7Minisat10BoolOptionD1Ev
00000001004418a4 r .xdata$_ZN7Minisat10SimpSolver14updateElimHeapEi
00000001004415d0 r .xdata$_ZN7Minisat12DoubleOption4helpEb
000000010044158c r .xdata$_ZN7Minisat12DoubleOption5parseEPKc
0000000100441580 r .xdata$_ZN7Minisat12DoubleOptionD0Ev
0000000100441578 r .xdata$_ZN7Minisat12DoubleOptionD1Ev
0000000100442aec r .xdata$_ZN7Minisat13selectionSortIPNS_6OptionENS1_8OptionLtEEEvPT_iT0_
00000001004429ac r .xdata$_ZN7Minisat15ClauseAllocator5relocERjRS0_
0000000100441890 r .xdata$_ZN7Minisat15RegionAllocatorIjE8capacityEj
0000000100442a6c r .xdata$_ZN7Minisat3vecINS0_INS_3LitEEEE8capacityEi
0000000100442a64 r .xdata$_ZN7Minisat3vecINS0_INS_6Solver7WatcherEEEE8capacityEi
0000000100442a8c r .xdata$_ZN7Minisat3vecINS0_IiEEE8capacityEi
00000001004418e4 r .xdata$_ZN7Minisat3vecINS0_IjEEE8capacityEi
00000001004429a0 r .xdata$_ZN7Minisat3vecINS_3LitEE4pushERKS1_
000000010044146c r .xdata$_ZN7Minisat3vecINS_3LitEE8capacityEi
00000001004429fc r .xdata$_ZN7Minisat3vecINS_5lboolEE8capacityEi
0000000100442a04 r .xdata$_ZN7Minisat3vecINS_6Solver7VarDataEE8capacityEi
00000001004429d0 r .xdata$_ZN7Minisat3vecINS_6Solver7WatcherEE8capacityEi
0000000100441884 r .xdata$_ZN7Minisat3vecIPNS_6OptionEE4pushERKS2_
000000010044187c r .xdata$_ZN7Minisat3vecIPNS_6OptionEE8capacityEi
000000010044157c r .xdata$_ZN7Minisat3vecIPNS_6OptionEED1Ev
00000001004418d4 r .xdata$_ZN7Minisat3vecIcE8capacityEi
0000000100442a0c r .xdata$_ZN7Minisat3vecIdE8capacityEi
00000001004429c4 r .xdata$_ZN7Minisat3vecIiE4pushERKi
000000010044189c r .xdata$_ZN7Minisat3vecIiE8capacityEi
00000001004429f0 r .xdata$_ZN7Minisat3vecIjE4pushERKj
00000001004418dc r .xdata$_ZN7Minisat3vecIjE8capacityEi
0000000100442a14 r .xdata$_ZN7Minisat3vecImE8capacityEi
0000000100442a1c r .xdata$_ZN7Minisat4HeapINS_6Solver10VarOrderLtEE13percolateDownEi
0000000100442980 r .xdata$_ZN7Minisat4HeapINS_6Solver10VarOrderLtEED1Ev
0000000100442b04 r .xdata$_ZN7Minisat4sortIPNS_6OptionENS1_8OptionLtEEEvPT_iT0_
0000000100442a34 r .xdata$_ZN7Minisat4sortIj11reduceDB_ltEEvPT_iT0_
0000000100442a4c r .xdata$_ZN7Minisat4sortIj13reduceCORE_ltEEvPT_iT0_
00000001004429d8 r .xdata$_ZN7Minisat4sortIj14reduceTIER2_ltEEvPT_iT0_
0000000100441870 r .xdata$_ZN7Minisat6Option13getOptionListEv
00000001004418bc r .xdata$_ZN7Minisat6Solver14setDecisionVarEib
0000000100442970 r .xdata$_ZN7Minisat6Solver15claBumpActivityERNS_6ClauseE
0000000100442964 r .xdata$_ZN7Minisat6Solver15varBumpActivityEid
0000000100442a74 r .xdata$_ZN7Minisat6Solver24newAuxiVarForCardinalityEv
0000000100442998 r .xdata$_ZN7Minisat6Solver7binDRUPINS_3vecINS_3LitEEEEEvhRKT_P9__sFILE64
0000000100442988 r .xdata$_ZN7Minisat8OccListsINS_3LitENS_3vecINS_6Solver7WatcherEEENS3_14WatcherDeletedEE8cleanAllEv
0000000100442974 r .xdata$_ZN7Minisat8OccListsINS_3LitENS_3vecINS_6Solver7WatcherEEENS3_14WatcherDeletedEED1Ev
00000001004415c0 r .xdata$_ZN7Minisat9IntOption4helpEb
0000000100441598 r .xdata$_ZN7Minisat9IntOption5parseEPKc
0000000100441584 r .xdata$_ZN7Minisat9IntOptionD0Ev
0000000100441574 r .xdata$_ZN7Minisat9IntOptionD1Ev
0000000100441450 r .xdata$_ZNSsC1ISaIcEEEPKcRKS0_
0000000100441474 r .xdata$_ZNSt6vectorIN7Minisat3LitESaIS1_EE17_M_realloc_appendIJRKS1_EEEvDpOT_
0000000100441488 r .xdata$_ZNSt6vectorIN7Minisat3LitESaIS1_EE17_M_realloc_appendIJS1_EEEvDpOT_
000000010044149c r .xdata$_ZNSt6vectorIiSaIiEE17_M_realloc_appendIJiEEEvDpOT_
0000000100441460 r .xdata$_ZStplIcSt11char_traitsIcESaIcEESbIT_T0_T1_EOS6_PKS3_
0000000100442b64 r .xdata.startup
0000000100442a94 r .xdata.startup
00000001004418ec r .xdata.startup
00000001004414b0 r .xdata.startup
0000000100434530 T DllMain
00000001004345d0 T GetModuleHandleA
0000000100401000 T WinMainCRTStartup
0000000100439360 t _GLOBAL__sub_I__ZN7Minisat10SimpSolverC2Ev
00000001004397c0 t _GLOBAL__sub_I__ZN7Minisat6Solver7buf_lenE
0000000100433cb0 T _Unwind_Resume
000000010043b080 D guard variable for Minisat::Option::getOptionList()::options
00000001004013d0 t load_matrix(char const*)
0000000100408d70 t mkElimClause(Minisat::vec<unsigned int>&, int, Minisat::Clause&)
0000000100443120 b opt_use_elim
0000000100643640 b opt_step_size
00000001004431a0 b opt_use_asymm
0000000100643520 b opt_var_decay
0000000100401b70 t add_xor_equals(Minisat::SimpSolver&, std::vector<Minisat::Lit, std::allocator<Minisat::Lit> > const&, bool, std::vector<int, std::allocator<int> >&) [clone .constprop.0]
00000001006433c0 b opt_ccmin_mode
00000001004430a0 b opt_clause_lim
0000000100443160 b opt_use_rcheck
0000000100401a50 t add_hard_clause(Minisat::SimpSolver&, std::vector<Minisat::Lit, std::allocator<Minisat::Lit> > const&)
0000000100401130 t apply_pipe_line(BoundsBook&, char const*, ProgressState*)
0000000100643400 b opt_random_seed
00000001006432a0 b opt_restart_inc
00000001004035d0 t write_parity_eq(__sFILE64*, std::vector<int, std::allocator<int> > const&, bool, int&, std::vector<int, std::allocator<int> >&, int&) [clone .constprop.0]
00000001006434c0 b opt_clause_decay
0000000100643240 b opt_garbage_frac
0000000100643380 b opt_phase_saving
0000000100643340 b opt_rnd_init_act
0000000100401900 t drain_bounds_pipe(int, BoundsBook&, std::string&, ProgressState*)
0000000100643580 b opt_min_step_size
0000000100643300 b opt_restart_first
00000001006435e0 b opt_step_size_dec
00000001004010b0 t pipe_write_result(int, int, bool)
0000000100643460 b opt_random_var_freq
0000000100443060 b opt_subsumption_lim
0000000100443000 b opt_simp_garbage_frac
0000000100403a70 t dump_stabilizer_instance(Matrix const&, Matrix const&, Matrix const&, Matrix const&, char const*, char const*, bool)
00000001004023a0 t build_stabilizer_instance(Minisat::SimpSolver&, std::vector<int, std::allocator<int> >&, StabilizerInstance&, Matrix const&, Matrix const&, Matrix const&, Matrix const&, int, int, int) [clone .constprop.0]
00000001004060b0 t min_distance_stabilizer_maxsat(Matrix const&, Matrix const&, Matrix const&, Matrix const&, int, int, int, int, char const*) [clone .isra.0]
00000001004059a0 t min_distance_stabilizer_roundingsat(Matrix const&, Matrix const&, Matrix const&, Matrix const&, int, int, char const*, char const*)
0000000100401080 t die(char const*)
00000001004430e0 b opt_grow
00000001004345e0 T Minisat::BoolOption::help(bool)
                 U Minisat::BoolOption::help(bool)
00000001004346e0 T Minisat::BoolOption::parse(char const*)
                 U Minisat::BoolOption::parse(char const*)
0000000100434780 T Minisat::BoolOption::~BoolOption()
                 U Minisat::BoolOption::~BoolOption()
                 U Minisat::BoolOption::~BoolOption()
0000000100434790 T Minisat::BoolOption::~BoolOption()
0000000100408e80 T Minisat::SimpSolver::addClause_(Minisat::vec<Minisat::Lit>&, unsigned int)
000000010040be70 T Minisat::SimpSolver::eliminate_()
0000000100409530 T Minisat::SimpSolver::substitute(int, Minisat::Lit)
0000000100406670 T Minisat::SimpSolver::extendModel()
000000010040b370 T Minisat::SimpSolver::eliminateVar(int)
0000000100407d80 T Minisat::SimpSolver::removeClause(unsigned int)
0000000100408350 T Minisat::SimpSolver::setFrozenVars()
0000000100407950 T Minisat::SimpSolver::garbageCollect()
00000001004347a0 T Minisat::SimpSolver::updateElimHeap(int)
0000000100408290 T Minisat::SimpSolver::removeSatisfied()
0000000100409f00 T Minisat::SimpSolver::strengthenClause(unsigned int, Minisat::Lit)
0000000100409ee0 T Minisat::SimpSolver::gatherTouchedClauses()
0000000100409900 t Minisat::SimpSolver::gatherTouchedClauses() [clone .part.0]
000000010040aa20 T Minisat::SimpSolver::backwardSubsumptionCheck(bool)
000000010040a8d0 T Minisat::SimpSolver::asymm(int, unsigned int)
0000000100407ae0 T Minisat::SimpSolver::merge(Minisat::Clause const&, Minisat::Clause const&, int, Minisat::vec<Minisat::Lit>&)
0000000100406560 T Minisat::SimpSolver::merge(Minisat::Clause const&, Minisat::Clause const&, int, int&)
000000010040d3e0 T Minisat::SimpSolver::newVar(bool, bool)
000000010040cd00 T Minisat::SimpSolver::solve_(bool, bool)
0000000100407c80 T Minisat::SimpSolver::implied(Minisat::vec<Minisat::Lit> const&)
000000010040bbe0 T Minisat::SimpSolver::asymmVar(int)
0000000100407930 T Minisat::SimpSolver::relocAll(Minisat::ClauseAllocator&)
0000000100406720 t Minisat::SimpSolver::relocAll(Minisat::ClauseAllocator&) [clone .part.0]
000000010040c3d0 T Minisat::SimpSolver::eliminate(bool)
0000000100408960 T Minisat::SimpSolver::SimpSolver()
0000000100408960 T Minisat::SimpSolver::SimpSolver()
0000000100406540 T Minisat::SimpSolver::~SimpSolver()
0000000100406400 T Minisat::SimpSolver::~SimpSolver()
0000000100406400 T Minisat::SimpSolver::~SimpSolver()
                 U Minisat::DoubleOption::help(bool)
0000000100434b90 T Minisat::DoubleOption::help(bool)
                 U Minisat::DoubleOption::parse(char const*)
0000000100434cc0 T Minisat::DoubleOption::parse(char const*)
                 U Minisat::DoubleOption::~DoubleOption()
0000000100434e00 T Minisat::DoubleOption::~DoubleOption()
                 U Minisat::DoubleOption::~DoubleOption()
0000000100434e10 T Minisat::DoubleOption::~DoubleOption()
0000000100433900 T Minisat::parseOptions(int&, char**, bool)
00000001004334c0 T Minisat::setUsageHelp(char const*)
0000000100434e20 T void Minisat::selectionSort<Minisat::Option*, Minisat::Option::OptionLt>(Minisat::Option**, int, Minisat::Option::OptionLt)
0000000100413090 t unsigned int Minisat::ClauseAllocator::alloc<Minisat::vec<Minisat::Lit> >(Minisat::vec<Minisat::Lit> const&, bool) [clone .constprop.1]
0000000100434f60 T Minisat::ClauseAllocator::reloc(unsigned int&, Minisat::ClauseAllocator&)
00000001004354c0 T Minisat::RegionAllocator<unsigned int>::capacity(unsigned int)
                 U Minisat::RegionAllocator<unsigned int>::capacity(unsigned int)
00000001004334d0 T Minisat::setHelpPrefixStr(char const*)
00000001004334e0 T Minisat::printUsageAndExit(int, char**, bool)
0000000100435580 T Minisat::vec<Minisat::vec<Minisat::Lit> >::capacity(int)
0000000100435610 T Minisat::vec<Minisat::vec<Minisat::Solver::Watcher> >::capacity(int)
00000001004356a0 T Minisat::vec<Minisat::vec<int> >::capacity(int)
0000000100435730 T Minisat::vec<Minisat::vec<unsigned int> >::capacity(int)
00000001004357c0 T Minisat::vec<Minisat::Lit>::push(Minisat::Lit const&)
                 U Minisat::vec<Minisat::Lit>::capacity(int)
0000000100435800 T Minisat::vec<Minisat::Lit>::capacity(int)
                 U Minisat::vec<Minisat::Lit>::capacity(int)
0000000100435890 T Minisat::vec<Minisat::lbool>::capacity(int)
0000000100435920 T Minisat::vec<Minisat::Solver::VarData>::capacity(int)
00000001004359b0 T Minisat::vec<Minisat::Solver::Watcher>::capacity(int)
0000000100435a40 T Minisat::vec<Minisat::Option*>::push(Minisat::Option* const&)
                 U Minisat::vec<Minisat::Option*>::push(Minisat::Option* const&)
                 U Minisat::vec<Minisat::Option*>::capacity(int)
0000000100435a80 T Minisat::vec<Minisat::Option*>::capacity(int)
                 U Minisat::vec<Minisat::Option*>::~vec()
0000000100435b10 T Minisat::vec<Minisat::Option*>::~vec()
                 U Minisat::vec<Minisat::Option*>::~vec()
0000000100435b30 T Minisat::vec<char>::capacity(int)
                 U Minisat::vec<char>::capacity(int)
0000000100435bc0 T Minisat::vec<double>::capacity(int)
0000000100435c50 T Minisat::vec<int>::push(int const&)
                 U Minisat::vec<int>::capacity(int)
0000000100435c90 T Minisat::vec<int>::capacity(int)
0000000100435d20 T Minisat::vec<unsigned int>::push(unsigned int const&)
0000000100435d60 T Minisat::vec<unsigned int>::capacity(int)
                 U Minisat::vec<unsigned int>::capacity(int)
0000000100435df0 T Minisat::vec<unsigned long>::capacity(int)
0000000100435e80 T Minisat::Heap<Minisat::Solver::VarOrderLt>::percolateDown(int)
0000000100435f80 T Minisat::Heap<Minisat::Solver::VarOrderLt>::~Heap()
000000010040d980 t void Minisat::sort<Minisat::Lit, Minisat::LessThan_default<Minisat::Lit> >(Minisat::Lit*, int, Minisat::LessThan_default<Minisat::Lit>) [clone .isra.0]
0000000100435fc0 T void Minisat::sort<Minisat::Option*, Minisat::Option::OptionLt>(Minisat::Option**, int, Minisat::Option::OptionLt)
00000001004360d0 T void Minisat::sort<unsigned int, reduceDB_lt>(unsigned int*, int, reduceDB_lt)
0000000100436350 T void Minisat::sort<unsigned int, reduceCORE_lt>(unsigned int*, int, reduceCORE_lt)
0000000100436550 T void Minisat::sort<unsigned int, reduceTIER2_lt>(unsigned int*, int, reduceTIER2_lt)
                 U Minisat::Option::getOptionList()
00000001004367e0 T Minisat::Option::getOptionList()
00000001004218b0 T Minisat::Solver::addClause_(Minisat::vec<Minisat::Lit>&, unsigned int)
0000000100422480 T Minisat::Solver::lPropagate()
0000000100423380 T Minisat::Solver::moreHarden()
000000010042bbc0 T Minisat::Solver::nLevelsMTO(Minisat::vec<Minisat::Lit>&, int, int, Minisat::vec<Minisat::Lit>&)
00000001004283e0 T Minisat::Solver::newAuxiVar(bool)
000000010040ef60 T Minisat::Solver::setCounter(unsigned int)
000000010041f290 T Minisat::Solver::cancelUntil(int)
000000010041ed60 t Minisat::Solver::cancelUntil(int) [clone .part.0]
0000000100417b70 T Minisat::Solver::litsEnqueue(int, Minisat::Clause&)
000000010040f3e0 T Minisat::Solver::pickAuxiVar()
000000010042ea80 T Minisat::Solver::setConflict(int&)
0000000100421270 T Minisat::Solver::simplifyAll()
0000000100410bc0 T Minisat::Solver::analyzeFinal(Minisat::Lit, Minisat::vec<Minisat::Lit>&)
0000000100419880 T Minisat::Solver::attachClause(unsigned int)
00000001004127a0 T Minisat::Solver::detachClause(unsigned int, bool)
0000000100412650 t Minisat::Solver::detachClause(unsigned int, bool) [clone .constprop.0]
0000000100410dc0 T Minisat::Solver::litRedundant(Minisat::Lit, unsigned int)
0000000100419e10 T Minisat::Solver::reduceClause(unsigned int, int)
000000010040ef10 T Minisat::Solver::redundantLit(Minisat::Lit)
00000001004129c0 T Minisat::Solver::removeClause(unsigned int)
00000001004299b0 T Minisat::Solver::splitClauses(Minisat::vec<unsigned int>&)
0000000100419240 T Minisat::Solver::bumpConflVars()
000000010040fb40 T Minisat::Solver::checkSolution()
000000010040f8c0 T Minisat::Solver::emitTryUpdate(unsigned long)
000000010040e870 T Minisat::Solver::pickBranchLit()
0000000100424ac0 T Minisat::Solver::reduceDB_core()
0000000100412e60 T Minisat::Solver::reduceHardens()
000000010040f2f0 T Minisat::Solver::seeUnlockLits(int, int)
000000010040f770 T Minisat::Solver::setBoundsPipe(int)
0000000100419b00 T Minisat::Solver::simpleAnalyze(unsigned int, Minisat::vec<Minisat::Lit>&, bool)
0000000100412550 T Minisat::Solver::addConflictLit(Minisat::Lit, Minisat::Lit)
000000010040ebf0 T Minisat::Solver::binResMinimize(Minisat::vec<Minisat::Lit>&)
0000000100417a20 T Minisat::Solver::collectDynVars()
0000000100422eb0 T Minisat::Solver::fixByLookahead(Minisat::vec<Minisat::Lit>&)
0000000100415520 T Minisat::Solver::garbageCollect()
000000010041b0a0 T Minisat::Solver::propagateForLK()
000000010041cd00 T Minisat::Solver::reduceDB_Tier2()
0000000100417740 T Minisat::Solver::resetConflicts(int)
0000000100436880 T Minisat::Solver::setDecisionVar(int, bool)
                 U Minisat::Solver::setDecisionVar(int, bool)
0000000100418ac0 T Minisat::Solver::simplelookback(unsigned int, int, Minisat::vec<Minisat::Lit>&, Minisat::vec<Minisat::Lit>&)
000000010041b980 T Minisat::Solver::simplifyLearnt(Minisat::Clause&, unsigned int, Minisat::vec<Minisat::Lit>&)
000000010040e4e0 T Minisat::Solver::updateIsetLock(int)
0000000100436e80 T Minisat::Solver::claBumpActivity(Minisat::Clause&)
0000000100416960 T Minisat::Solver::collectFirstUIP(unsigned int)
0000000100412bf0 T Minisat::Solver::removeSatisfied(Minisat::vec<unsigned int>&)
00000001004174a0 T Minisat::Solver::resetConflicts_(int)
000000010041b530 T Minisat::Solver::simplePropagate()
000000010041bf30 T Minisat::Solver::updateClauseUse(unsigned int)
00000001004371c0 T Minisat::Solver::varBumpActivity(int, double)
000000010040f7e0 T Minisat::Solver::emitBoundsUpdate()
0000000100422500 T Minisat::Solver::hardenForRestart(int, int)
000000010040f910 T Minisat::Solver::noteBestSolution(unsigned long)
0000000100417d10 T Minisat::Solver::rebuildOrderHeap()
000000010041f2b0 T Minisat::Solver::uncheckedEnqueue(Minisat::Lit, unsigned int)
000000010041feb0 t Minisat::Solver::uncheckedEnqueue(Minisat::Lit, unsigned int) [clone .constprop.0]
000000010040f600 T Minisat::Solver::simplePickAuxiVar()
0000000100418900 T Minisat::Solver::insertAuxiVarOrder(int)
0000000100419f80 T Minisat::Solver::lookbackResetTrail(unsigned int, int, int, Minisat::vec<Minisat::Lit>&, bool)
00000001004199b0 T Minisat::Solver::simplereduceClause(unsigned int, int)
000000010041dd20 T Minisat::Solver::analyzeSoftConflict(Minisat::vec<Minisat::Lit>&, int&, int&)
000000010040f040 T Minisat::Solver::countCommunLiterals(unsigned int)
00000001004239b0 T Minisat::Solver::detectInitConflicts()
000000010042f0a0 T Minisat::Solver::lookaheadForRestart()
0000000100417180 T Minisat::Solver::removeLearntClauses()
0000000100412d20 T Minisat::Solver::safeRemoveSatisfied(Minisat::vec<unsigned int>&, unsigned int)
0000000100420040 T Minisat::Solver::simplifyLearnt_core()
000000010041f990 T Minisat::Solver::cancelUntilBeginning(int)
0000000100428160 T Minisat::Solver::findConflictSoftLits()
00000001004193e0 T Minisat::Solver::simpleUncheckEnqueue(Minisat::Lit, unsigned int)
0000000100419540 t Minisat::Solver::simpleUncheckEnqueue(Minisat::Lit, unsigned int) [clone .constprop.0]
000000010041aad0 T Minisat::Solver::simplepropagateForLK()
00000001004242e0 T Minisat::Solver::simplifyLearnt_local()
0000000100420610 T Minisat::Solver::simplifyLearnt_tier2()
00000001004196a0 T Minisat::Solver::uncheckedEnqueueForLK(Minisat::Lit, unsigned int)
000000010040e560 T Minisat::Solver::cancelUntilTrailRecord()
0000000100412fa0 T Minisat::Solver::cleanClausesForNewVars(Minisat::vec<unsigned int>&)
0000000100420c40 T Minisat::Solver::failedLiteralDetection()
0000000100429ff0 T Minisat::Solver::identifyClausesToSplit(Minisat::vec<unsigned int>&)
0000000100411630 T Minisat::Solver::simplifyConflictClause(Minisat::vec<Minisat::Lit>&, int&, int&)
000000010040e6b0 T Minisat::Solver::cancelUntilTrailRecord1()
0000000100410a30 T Minisat::Solver::cancelUntilTrailRecord2()
0000000100421310 T Minisat::Solver::simplifyOriginalClauses()
000000010041d180 T Minisat::Solver::analyzeQuasiSoftConflict(Minisat::vec<Minisat::Lit>&, int&, int&)
00000001004373c0 T Minisat::Solver::newAuxiVarForCardinality()
0000000100418f60 T Minisat::Solver::simplelookbackResetTrail(unsigned int, bool)
000000010042a3a0 T Minisat::Solver::addCardinalityConstraints(Minisat::vec<Minisat::Lit>&, int)
000000010042e700 T Minisat::Solver::addCardinalityConstraints()
0000000100426150 T Minisat::Solver::createHardClausesFromLits(Minisat::vec<Minisat::Lit>&)
0000000100410750 T Minisat::Solver::simpleAnalyzeSoftConflict(Minisat::vec<Minisat::Lit>&)
0000000100422890 T Minisat::Solver::hardenFromQuasiSoftConflict(int, int)
000000010040fcf0 T Minisat::Solver::simpleuncheckedEnqueueForLK(Minisat::Lit, unsigned int)
00000001004110a0 T Minisat::Solver::simplifyQuasiConflictClause(Minisat::vec<Minisat::Lit>&, int&, int&)
000000010042e390 T Minisat::Solver::addCardinalityConstraintsMTO(Minisat::vec<Minisat::Lit>&, int)
00000001004268e0 T Minisat::Solver::addHardClausesForSoftClauses()
0000000100410240 T Minisat::Solver::toOpb(__sFILE64*)
00000001004106e0 T Minisat::Solver::toOpb(char const*)
000000010040f120 T Minisat::Solver::avgAct(Minisat::vec<unsigned int>&, int&)
0000000100422060 T Minisat::Solver::harden()
0000000100424c40 T Minisat::Solver::newVar(bool, bool)
0000000100430e20 T Minisat::Solver::search(int&)
00000001004322e0 T Minisat::Solver::solve_()
000000010040fd40 T Minisat::Solver::toWcnf(__sFILE64*)
00000001004101d0 T Minisat::Solver::toWcnf(char const*)
000000010041c450 T Minisat::Solver::analyze(unsigned int, Minisat::vec<Minisat::Lit>&, int&, int&)
0000000100437980 T void Minisat::Solver::binDRUP<Minisat::vec<Minisat::Lit> >(unsigned char, Minisat::vec<Minisat::Lit> const&, __sFILE64*)
00000001006431e0 B Minisat::Solver::buf_len
000000010043b020 D Minisat::Solver::buf_ptr
000000010040e690 T Minisat::Solver::removed(unsigned int)
00000001004431e0 B Minisat::Solver::drup_buf
0000000100424920 T Minisat::Solver::reduceDB()
0000000100413150 T Minisat::Solver::relocAll(Minisat::ClauseAllocator&)
000000010041f880 T Minisat::Solver::simplify(bool)
0000000100416430 T Minisat::Solver::toDimacs(__sFILE64*, Minisat::vec<Minisat::Lit> const&)
0000000100416290 T Minisat::Solver::toDimacs(__sFILE64*, Minisat::Clause&, Minisat::vec<int>&, int&)
00000001004168f0 T Minisat::Solver::toDimacs(char const*, Minisat::vec<Minisat::Lit> const&)
0000000100411f90 T Minisat::Solver::getAllUIP(Minisat::vec<Minisat::Lit>&, int&, int&)
000000010042fe70 T Minisat::Solver::lookahead()
0000000100426e20 T Minisat::Solver::partition()
000000010041f440 T Minisat::Solver::propagate()
0000000100415640 T Minisat::Solver::Solver()
0000000100415640 T Minisat::Solver::Solver()
000000010040e4c0 T Minisat::Solver::~Solver()
000000010040dd10 T Minisat::Solver::~Solver()
000000010040dd10 T Minisat::Solver::~Solver()
0000000100433be0 T Minisat::memUsed()
0000000100437a80 T Minisat::OccLists<Minisat::Lit, Minisat::vec<Minisat::Solver::Watcher>, Minisat::Solver::WatcherDeleted>::cleanAll()
0000000100437bc0 T Minisat::OccLists<Minisat::Lit, Minisat::vec<Minisat::Solver::Watcher>, Minisat::Solver::WatcherDeleted>::~OccLists()
                 U Minisat::IntOption::help(bool)
0000000100437c60 T Minisat::IntOption::help(bool)
                 U Minisat::IntOption::parse(char const*)
0000000100437dc0 T Minisat::IntOption::parse(char const*)
0000000100437ec0 T Minisat::IntOption::~IntOption()
                 U Minisat::IntOption::~IntOption()
0000000100437ed0 T Minisat::IntOption::~IntOption()
                 U Minisat::IntOption::~IntOption()
000000010043e334 r Minisat::lit_Undef
000000010043d0a8 r Minisat::lit_Undef
000000010040f1c0 T Minisat::Solver::progressEstimate() const
000000010040fa00 T Minisat::Solver::printBestSolution() const
000000010040f780 T Minisat::Solver::getCostLB() const
000000010040f7b0 T Minisat::Solver::getCostUB() const
000000010040e810 T Minisat::Solver::satisfied(Minisat::Clause const&) const
0000000100433ca8 T std::string::find(char const*, unsigned long, unsigned long) const
0000000100433ca0 T std::string::find(char, unsigned long) const
0000000100433c98 T std::string::_M_leak_hard()
0000000100433c90 T std::string::_S_construct(unsigned long, char, std::allocator<char> const&)
0000000100433c88 T std::string::_Rep::_M_destroy(std::allocator<char> const&)
0000000100401310 t std::string::_Rep::_M_dispose(std::allocator<char> const&) [clone .part.0]
0000000100433c80 T std::string::_Rep::_S_create(unsigned long, unsigned long, std::allocator<char> const&)
0000000100433c78 T std::string::swap(std::string&)
0000000100433c70 T std::string::append(char const*, unsigned long)
0000000100433c68 T std::string::append(std::string const&)
0000000100433c60 T std::string::_M_leak()
0000000100433c58 T std::string::replace(unsigned long, unsigned long, char const*, unsigned long)
0000000100433c50 T std::string::reserve(unsigned long)
0000000100433c48 T std::string::_M_mutate(unsigned long, unsigned long, unsigned long)
0000000100433c40 T std::basic_string<char, std::char_traits<char>, std::allocator<char> >::basic_string(std::string const&, unsigned long, unsigned long)
0000000100437ee0 T std::basic_string<char, std::char_traits<char>, std::allocator<char> >::basic_string<std::allocator<char> >(char const*, std::allocator<char> const&)
0000000100437fa0 T void std::vector<Minisat::Lit, std::allocator<Minisat::Lit> >::_M_realloc_append<Minisat::Lit const&>(Minisat::Lit const&)
0000000100438090 T void std::vector<Minisat::Lit, std::allocator<Minisat::Lit> >::_M_realloc_append<Minisat::Lit>(Minisat::Lit&&)
0000000100438180 T void std::vector<int, std::allocator<int> >::_M_realloc_append<int>(int&&)
0000000100433c38 T std::__throw_logic_error(char const*)
0000000100433c30 T std::__throw_length_error(char const*)
0000000100433c28 T std::__throw_out_of_range_fmt(char const*, ...)
0000000100438270 T std::basic_string<char, std::char_traits<char>, std::allocator<char> > std::operator+<char, std::char_traits<char>, std::allocator<char> >(std::basic_string<char, std::char_traits<char>, std::allocator<char> >&&, char const*)
0000000100401330 t std::basic_string<char, std::char_traits<char>, std::allocator<char> > std::operator+<char, std::char_traits<char>, std::allocator<char> >(std::basic_string<char, std::char_traits<char>, std::allocator<char> > const&, char const*) [clone .isra.0]
000000010043e630 R typeinfo for Minisat::BoolOption
000000010043e650 R typeinfo for Minisat::SimpSolver
000000010043e670 R typeinfo for Minisat::DoubleOption
000000010043e690 R typeinfo for Minisat::OutOfMemoryException
000000010043e6a0 R typeinfo for Minisat::Option
000000010043e6b0 R typeinfo for Minisat::Solver
000000010043e6c0 R typeinfo for Minisat::IntOption
000000010043e6e0 R typeinfo name for Minisat::BoolOption
000000010043e700 R typeinfo name for Minisat::SimpSolver
000000010043e720 R typeinfo name for Minisat::DoubleOption
000000010043e740 R typeinfo name for Minisat::OutOfMemoryException
000000010043e780 R typeinfo name for Minisat::Option
000000010043e7a0 R typeinfo name for Minisat::Solver
000000010043e7c0 R typeinfo name for Minisat::IntOption
000000010043e7e0 R vtable for Minisat::BoolOption
000000010043e810 R vtable for Minisat::SimpSolver
000000010043e840 R vtable for Minisat::DoubleOption
000000010043e870 R vtable for Minisat::Option
000000010043e8a0 R vtable for Minisat::Solver
000000010043e8d0 R vtable for Minisat::IntOption
000000010043b090 D Minisat::Option::getOptionList()::options
000000010043b0a0 D Minisat::Option::getUsageString()::usage_str
000000010043b0b0 D Minisat::Option::getHelpPrefixString()::help_prefix_str
00000001006431e8 b Minisat::Solver::addCardinalityConstraints()::prevUB
0000000100643220 b Minisat::Solver::search(int&)::prevUB
000000010064321c b Minisat::Solver::lookahead()::prevConflicts
000000010043b010 d Minisat::Solver::lookahead()::coef
00000001006431f4 b Minisat::Solver::lookahead()::myLH
0000000100643200 b Minisat::Solver::lookahead()::sumLB
000000010043b018 d Minisat::Solver::lookahead()::thres
00000001006431f0 b Minisat::Solver::lookahead()::mySucc
0000000100643210 b Minisat::Solver::lookahead()::prevUB
00000001006431f8 b Minisat::Solver::lookahead()::sumSQLB
0000000100643208 b Minisat::Solver::lookahead()::nbSample
0000000100643218 b Minisat::Solver::lookahead()::maxSuccLB
                 U operator delete[](void*)
                 U operator delete[](void*, std::nothrow_t const&)
                 U operator delete(void*)
                 U operator delete(void*, std::nothrow_t const&)
0000000100433c20 T operator delete(void*, unsigned long)
                 U operator new[](unsigned long)
                 U operator new[](unsigned long, std::nothrow_t const&)
0000000100433c18 T operator new(unsigned long)
                 U operator new(unsigned long, std::nothrow_t const&)
000000010043ebd0 R __CTOR_LIST__
000000010043ebd0 R __DELAY_IMPORT_DIRECTORY_end__
000000010043ebd0 R __DELAY_IMPORT_DIRECTORY_start__
000000010043ebf8 R __DTOR_LIST__
0000000100644628 I __IAT_end__
0000000100644348 I __IAT_start__
000000010043ebcc R __RUNTIME_PSEUDO_RELOC_LIST_END__
000000010043eb60 R __RUNTIME_PSEUDO_RELOC_LIST__
000000010043ebd0 R ___CTOR_LIST__
000000010043ebf8 R ___DTOR_LIST__
000000010043ebcc R ___RUNTIME_PSEUDO_RELOC_LIST_END__
000000010043eb60 R ___RUNTIME_PSEUDO_RELOC_LIST__
0000000100433cc0 T ___chkstk_ms
000000010043ec08 R ___crt_xc_end__
000000010043ec08 R ___crt_xc_start__
000000010043ec08 R ___crt_xd_end__
000000010043ec08 R ___crt_xd_start__
000000010043ec08 R ___crt_xi_end__
000000010043ec08 R ___crt_xi_start__
000000010043ec08 R ___crt_xl_start__
000000010043ec08 R ___crt_xp_end__
000000010043ec08 R ___crt_xp_start__
000000010043ec08 R ___crt_xt_end__
000000010043ec08 R ___crt_xt_start__
                 U ___tls_end__
                 U ___tls_start__
0000000100643860 B __bss_end__
0000000100443000 B __bss_start__
0000000100433c10 T __cxa_allocate_exception
0000000100433d00 T __cxa_atexit
0000000100433c08 T __cxa_guard_acquire
0000000100433c00 T __cxa_guard_release
                 U __cxa_pure_virtual
0000000100433bf8 T __cxa_throw
000000010043b040 D __cygwin_cxx_malloc
000000010043b0c0 D __data_end__
000000010043b000 D __data_start__
0000000100434460 t __dllMain
0000000000000000 A __dll__
0000000000008000 A __dll_characteristics__
000000010043b000 D __dso_handle
00000001006436b0 B __dynamically_loaded
                 U __end__
0000000100433d10 T __errno
0000000000000200 A __file_alignment__
000000010043e690 R __fu0__ZTVN10__cxxabiv117__class_type_infoE
000000010043e610 R __fu1__ZNSs4_Rep20_S_empty_rep_storageE
000000010043e6a0 R __fu2__ZTVN10__cxxabiv117__class_type_infoE
000000010043e670 R __fu3__ZTVN10__cxxabiv120__si_class_type_infoE
000000010043e6c0 R __fu4__ZTVN10__cxxabiv120__si_class_type_infoE
000000010043e630 R __fu5__ZTVN10__cxxabiv120__si_class_type_infoE
000000010043e6b0 R __fu6__ZTVN10__cxxabiv117__class_type_infoE
000000010043e650 R __fu7__ZTVN10__cxxabiv120__si_class_type_infoE
0000000100401070 T __gcc_deregister_frame
0000000100401050 T __gcc_register_frame
0000000100433d20 T __getreent
0000000100433bf0 T __gxx_personality_seh0
0000000100644618 I __imp_GetModuleHandleA
0000000100644528 I __imp__Unwind_Resume
0000000100644538 I __imp__ZNKSs4findEPKcmm
0000000100644540 I __imp__ZNKSs4findEcm
0000000100644548 I __imp__ZNSs12_M_leak_hardEv
0000000100644550 I __imp__ZNSs12_S_constructEmcRKSaIcE
0000000100644558 I __imp__ZNSs4_Rep10_M_destroyERKSaIcE
0000000100644560 I __imp__ZNSs4_Rep20_S_empty_rep_storageE
0000000100644560 I __imp__ZNSs4_Rep20_S_empty_rep_storageE
0000000100644568 I __imp__ZNSs4_Rep9_S_createEmmRKSaIcE
0000000100644570 I __imp__ZNSs4swapERSs
0000000100644578 I __imp__ZNSs6appendEPKcm
0000000100644580 I __imp__ZNSs6appendERKSs
0000000100644588 I __imp__ZNSs7_M_leakEv
0000000100644590 I __imp__ZNSs7replaceEmmPKcm
0000000100644598 I __imp__ZNSs7reserveEm
00000001006445a0 I __imp__ZNSs9_M_mutateEmmm
00000001006445a8 I __imp__ZNSsC1ERKSsmm
00000001006445b0 I __imp__ZSt19__throw_logic_errorPKc
00000001006445b8 I __imp__ZSt20__throw_length_errorPKc
00000001006445c0 I __imp__ZSt24__throw_out_of_range_fmtPKcz
00000001006445c8 I __imp__ZTVN10__cxxabiv117__class_type_infoE
00000001006445c8 I __imp__ZTVN10__cxxabiv117__class_type_infoE
00000001006445d0 I __imp__ZTVN10__cxxabiv120__si_class_type_infoE
00000001006445d0 I __imp__ZTVN10__cxxabiv120__si_class_type_infoE
00000001006445d8 I __imp__ZdlPvm
00000001006445e0 I __imp__Znwm
00000001006445e8 I __imp___cxa_allocate_exception
0000000100644348 I __imp___cxa_atexit
00000001006445f0 I __imp___cxa_guard_acquire
00000001006445f8 I __imp___cxa_guard_release
0000000100644600 I __imp___cxa_throw
0000000100644350 I __imp___errno
0000000100644358 I __imp___getreent
0000000100644608 I __imp___gxx_personality_seh0
0000000100644360 I __imp___main
0000000100644368 I __imp___wrap__Znwm
0000000100644370 I __imp__dll_crt0
0000000100644378 I __imp__exit
0000000100644380 I __imp__impure_ptr
0000000100644388 I __imp_atoi
0000000100644390 I __imp_calloc
0000000100644398 I __imp_close
00000001006443a0 I __imp_cygwin_detach_dll
00000001006443a8 I __imp_cygwin_internal
00000001006443b0 I __imp_dll_dllcrt0
00000001006443b8 I __imp_dup2
00000001006443c0 I __imp_exit
00000001006443c8 I __imp_fclose
00000001006443d0 I __imp_fcntl
00000001006443d8 I __imp_fflush
00000001006443e0 I __imp_fgets
00000001006443e8 I __imp_fopen
00000001006443f0 I __imp_fork
00000001006443f8 I __imp_fprintf
0000000100644400 I __imp_fputc
0000000100644408 I __imp_fputs
0000000100644410 I __imp_free
0000000100644418 I __imp_fwrite
0000000100644420 I __imp_getrusage
0000000100644428 I __imp_gettimeofday
0000000100644430 I __imp_kill
0000000100644438 I __imp_malloc
0000000100644440 I __imp_memcpy
0000000100644448 I __imp_memmove
0000000100644450 I __imp_memset
0000000100644458 I __imp_mkstemp
0000000100644460 I __imp_open
0000000100644468 I __imp_pclose
0000000100644470 I __imp_pipe
0000000100644478 I __imp_popen
0000000100644480 I __imp_posix_memalign
0000000100644488 I __imp_pow
0000000100644490 I __imp_printf
0000000100644498 I __imp_putchar
00000001006444a0 I __imp_puts
00000001006444a8 I __imp_read
00000001006444b0 I __imp_realloc
00000001006444b8 I __imp_snprintf
00000001006444c0 I __imp_sqrt
00000001006444c8 I __imp_sqrtf
00000001006444d0 I __imp_sscanf
00000001006444d8 I __imp_strcmp
00000001006444e0 I __imp_strlen
00000001006444e8 I __imp_strncmp
00000001006444f0 I __imp_strtod
00000001006444f8 I __imp_strtol
0000000100644500 I __imp_unlink
0000000100644508 I __imp_usleep
0000000100644510 I __imp_waitpid
0000000100644518 I __imp_write
0000000100644d38 I __lib64_libkernel32_a_iname
0000000000000000 A __loader_flags__
0000000100433d30 T __main
0000000000000000 A __major_image_version__
0000000000000004 A __major_os_version__
0000000000000005 A __major_subsystem_version__
0000000000000000 A __minor_image_version__
0000000000000000 A __minor_os_version__
0000000000000002 A __minor_subsystem_version__
000000010064495c I __nm__ZNSs4_Rep20_S_empty_rep_storageE
0000000100644ab4 I __nm__ZTVN10__cxxabiv117__class_type_infoE
0000000100644adc I __nm__ZTVN10__cxxabiv120__si_class_type_infoE
0000000100644684 I __nm__impure_ptr
000000010043ebcc R __rt_psrelocs_end
000000010043eb60 R __rt_psrelocs_start
0000000000001000 A __section_alignment__
0000000000001000 A __size_of_heap_commit__
0000000000100000 A __size_of_heap_reserve__
0000000000001000 A __size_of_stack_commit__
0000000000200000 A __size_of_stack_reserve__
0000000000000003 A __subsystem__
0000000100433d40 T __wrap__Znwm
00000001004340a0 T _cygwin_crt0_common
0000000100434479 T _cygwin_dll_entry
0000000100433d50 T _exit
00000001006436a0 B _fmode
0000000100644014 I _head_cyggcc_s_seh_1_dll
0000000100644028 I _head_cygstdc___6_dll
0000000100644000 I _head_cygwin1_dll
000000010064403c I _head_lib64_libkernel32_a
0000000100434540 T _pei386_runtime_relocator
0000000100433d60 T atoi
0000000100434550 T calloc
0000000100433d70 T close
0000000100644ca4 I cyggcc_s_seh_1_dll_iname
0000000100644d24 I cygstdc___6_dll_iname
0000000100644c94 I cygwin1_dll_iname
0000000100434590 T cygwin_attach_dll
0000000100434040 T cygwin_crt0
0000000100434560 T cygwin_detach_dll
0000000100434570 T cygwin_internal
0000000100434060 T cygwin_premain0
0000000100434070 T cygwin_premain1
0000000100434080 T cygwin_premain2
0000000100434090 T cygwin_premain3
00000001004345c0 T dll_dllcrt0
00000001006436b8 b dll_index
0000000100433d80 T dup2
0000000100433d90 T exit
0000000100433da0 T fclose
0000000100433db0 T fcntl
0000000100433dc0 T fflush
0000000100433dd0 T fgets
0000000100433de0 T fopen
0000000100433df0 T fork
0000000100433e00 T fprintf
0000000100433e10 T fputc
0000000100433e20 T fputs
0000000100433e30 T free
0000000100644618 i fthunk
0000000100433e40 T fwrite
0000000100433e50 T getrusage
0000000100433e60 T gettimeofday
0000000100644338 i hname
0000000100433e70 T kill
00000001004382c0 T main
0000000100401000 T mainCRTStartup
0000000100433e80 T malloc
0000000100433e90 T memcpy
0000000100433ea0 T memmove
0000000100433eb0 T memset
0000000100433ec0 T mkstemp
0000000100433ed0 T open
0000000100433ee0 T pclose
0000000100433ef0 T pipe
0000000100433f00 T popen
0000000100434580 T posix_memalign
0000000100433f10 T pow
0000000100433f20 T printf
0000000100433f30 T putchar
0000000100433f40 T puts
0000000100433f50 T read
0000000100433f60 T realloc
000000010043a040 t register_frame_ctor
0000000100433f70 T snprintf
0000000100433f80 T sqrt
0000000100433f90 T sqrtf
0000000100433fa0 T sscanf
00000001006436d0 b storedHandle
00000001006436c0 b storedPtr
00000001006436c8 b storedReason
0000000100433fb0 T strcmp
0000000100433fc0 T strlen
0000000100433fd0 T strncmp
0000000100433fe0 T strtod
0000000100433ff0 T strtol
00000001006436e0 b u.0
0000000100434000 T unlink
0000000100434010 T usleep
0000000100434020 T waitpid
0000000100434030 T write
