The following options are target specific:
  -m128bit-long-double        		[enabled]
  -m16                        		[disabled]
  -m32                        		[disabled]
  -m3dnow                     		[disabled]
  -m3dnowa                    		[disabled]
  -m64                        		[enabled]
  -m80387                     		[enabled]
  -m8bit-idiv                 		[disabled]
  -m96bit-long-double         		[disabled]
  -mabi=                      		ms
  -mabm                       		[disabled]
  -maccumulate-outgoing-args  		[enabled]
  -maddress-mode=             		long
  -madx                       		[disabled]
  -maes                       		[disabled]
  -malign-data=               		compat
  -malign-double              		[enabled]
  -malign-functions=          		0
  -malign-jumps=              		0
  -malign-loops=              		0
  -malign-stringops           		[enabled]
  -malign-vector-insn         		[enabled]
  -mamx-bf16                  		[disabled]
  -mamx-complex               		[disabled]
  -mamx-fp16                  		[disabled]
  -mamx-int8                  		[disabled]
  -mamx-tile                  		[disabled]
  -mapx-features=             		none
  -mapx-inline-asm-use-gpr32  		[disabled]
  -mapxf                      		[disabled]
  -march=                     		x86-64-v3
  -masm=                      		att
  -mavx                       		[enabled]
  -mavx10.1                   		-mavx10.1-512
  -mavx10.1-256               		[disabled]
  -mavx10.1-512               		[disabled]
  -mavx2                      		[enabled]
  -mavx256-split-unaligned-load 	[disabled]
  -mavx256-split-unaligned-store 	[disabled]
  -mavx5124fmaps              		[disabled]
  -mavx5124vnniw              		[disabled]
  -mavx512bf16                		[disabled]
  -mavx512bitalg              		[disabled]
  -mavx512bw                  		[disabled]
  -mavx512cd                  		[disabled]
  -mavx512dq                  		[disabled]
  -mavx512er                  		[disabled]
  -mavx512f                   		[disabled]
  -mavx512fp16                		[disabled]
  -mavx512ifma                		[disabled]
  -mavx512pf                  		[disabled]
  -mavx512vbmi                		[disabled]
  -mavx512vbmi2               		[disabled]
  -mavx512vl                  		[disabled]
  -mavx512vnni                		[disabled]
  -mavx512vp2intersect        		[disabled]
  -mavx512vpopcntdq           		[disabled]
  -mavxifma                   		[disabled]
  -mavxneconvert              		[disabled]
  -mavxvnni                   		[disabled]
  -mavxvnniint16              		[disabled]
  -mavxvnniint8               		[disabled]
  -mbmi                       		[enabled]
  -mbmi2                      		[enabled]
  -mbranch-cost=<0,5>         		3
  -mcall-ms2sysv-xlogues      		[disabled]
  -mcet-switch                		[disabled]
  -mcld                       		[disabled]
  -mcldemote                  		[disabled]
  -mclflushopt                		[disabled]
  -mclwb                      		[disabled]
  -mclzero                    		[disabled]
  -mcmodel=                   		[default]
  -mcmpccxadd                 		[disabled]
  -mconsole                   		[disabled]
  -mcpu=                      		
  -mcrc32                     		[enabled]
  -mcx16                      		[enabled]
  -mdaz-ftz                   		[disabled]
  -mdirect-extern-access      		[enabled]
  -mdispatch-scheduler        		[disabled]
  -mdll                       		[disabled]
  -mdump-tune-features        		[disabled]
  -menqcmd                    		[disabled]
  -mevex512                   		[disabled]
  -mf16c                      		[enabled]
  -mfancy-math-387            		[enabled]
  -mfentry                    		[enabled]
  -mfentry-name=              		
  -mfentry-section=           		
  -mfma                       		[enabled]
  -mfma4                      		[disabled]
  -mforce-drap                		[disabled]
  -mforce-indirect-call       		[disabled]
  -mfp-ret-in-387             		[enabled]
  -mfpmath=                   		sse
  -mfsgsbase                  		[disabled]
  -mfunction-return=          		keep
  -mfused-madd                		-ffp-contract=fast
  -mfxsr                      		[enabled]
  -mgather                    		-mtune-ctrl=use_gather
  -mgeneral-regs-only         		[disabled]
  -mgfni                      		[disabled]
  -mhard-float                		[enabled]
  -mharden-sls=               		none
  -mhle                       		[disabled]
  -mhreset                    		[disabled]
  -miamcu                     		[disabled]
  -mieee-fp                   		[enabled]
  -mincoming-stack-boundary=  		0
  -mindirect-branch-cs-prefix 		[disabled]
  -mindirect-branch-register  		[disabled]
  -mindirect-branch=          		keep
  -minline-all-stringops      		[disabled]
  -minline-stringops-dynamically 	[disabled]
  -minstrument-return=        		none
  -mintel-syntax              		-masm=intel
  -mkl                        		[disabled]
  -mlam=                      		none
  -mlarge-data-threshold=<number> 	65536
  -mlong-double-128           		[disabled]
  -mlong-double-64            		[disabled]
  -mlong-double-80            		[enabled]
  -mlwp                       		[disabled]
  -mlzcnt                     		[enabled]
  -mmanual-endbr              		[disabled]
  -mmemcpy-strategy=          		
  -mmemset-strategy=          		
  -mmitigate-rop              		[disabled]
  -mmmx                       		[enabled]
  -mmovbe                     		[enabled]
  -mmovdir64b                 		[disabled]
  -mmovdiri                   		[disabled]
  -mmove-max=                 		256
  -mmpx                       		[disabled]
  -mms-bitfields              		[disabled]
  -mmwait                     		[enabled]
  -mmwaitx                    		[disabled]
  -mneeded                    		[disabled]
  -mno-align-stringops        		[disabled]
  -mno-align-vector-insn      		[disabled]
  -mno-default                		[disabled]
  -mno-fancy-math-387         		[disabled]
  -mno-push-args              		[disabled]
  -mno-red-zone               		[disabled]
  -mno-sse4                   		[disabled]
  -mnop-fun-dllimport         		[disabled]
  -mnop-mcount                		[disabled]
  -mnoreturn-no-callee-saved-registers 	[disabled]
  -momit-leaf-frame-pointer   		[disabled]
  -mpartial-vector-fp-math    		[enabled]
  -mpc32                      		[disabled]
  -mpc64                      		[disabled]
  -mpc80                      		[disabled]
  -mpclmul                    		[disabled]
  -mpcommit                   		[disabled]
  -mpconfig                   		[disabled]
  -mpe-aligned-commons        		[enabled]
  -mpku                       		[disabled]
  -mpopcnt                    		[enabled]
  -mprefer-avx128             		-mprefer-vector-width=128
  -mprefer-vector-width=      		none
  -mpreferred-stack-boundary= 		0
  -mprefetchi                 		[disabled]
  -mprefetchwt1               		[disabled]
  -mprfchw                    		[disabled]
  -mptwrite                   		[disabled]
  -mpush-args                 		[enabled]
  -mraoint                    		[disabled]
  -mrdpid                     		[disabled]
  -mrdrnd                     		[disabled]
  -mrdseed                    		[disabled]
  -mrecip                     		[disabled]
  -mrecip=                    		
  -mrecord-mcount             		[disabled]
  -mrecord-return             		[disabled]
  -mred-zone                  		[enabled]
  -mregparm=                  		4
  -mrelax-cmpxchg-loop        		[disabled]
  -mrtd                       		[disabled]
  -mrtm                       		[disabled]
  -msahf                      		[enabled]
  -mscatter                   		-mtune-ctrl=use_scatter
  -mserialize                 		[disabled]
  -msgx                       		[disabled]
  -msha                       		[disabled]
  -msha512                    		[disabled]
  -mshstk                     		[disabled]
  -mskip-rax-setup            		[disabled]
  -msm3                       		[disabled]
  -msm4                       		[disabled]
  -msoft-float                		[disabled]
  -msse                       		[enabled]
  -msse2                      		[enabled]
  -msse2avx                   		[disabled]
  -msse3                      		[enabled]
  -msse4                      		[enabled]
  -msse4.1                    		[enabled]
  -msse4.2                    		[enabled]
  -msse4a                     		[disabled]
  -msse5                      		-mavx
  -msseregparm                		[disabled]
  -mssse3                     		[enabled]
  -mstack-arg-probe           		[enabled]
  -mstack-protector-guard-offset= 	
  -mstack-protector-guard-reg= 		
  -mstack-protector-guard-symbol= 	
  -mstack-protector-guard=    		global
  -mstackrealign              		[enabled]
  -mstore-max=                		256
  -mstringop-strategy=        		[default]
  -mstv                       		[disabled]
  -mtbm                       		[disabled]
  -mthreads                   		[disabled]
  -mtls-dialect=              		gnu
  -mtls-direct-seg-refs       		[disabled]
  -mtsxldtrk                  		[disabled]
  -mtune-ctrl=                		
  -mtune=                     		generic
  -muintr                     		[disabled]
  -munroll-only-small-loops   		[enabled]
  -muse-libstdc-wrappers      		[disabled]
  -musermsr                   		[disabled]
  -mvaes                      		[disabled]
  -mveclibabi=                		[default]
  -mvect8-ret-in-mem          		[disabled]
  -mvpclmulqdq                		[disabled]
  -mvzeroupper                		[enabled]
  -mwaitpkg                   		[disabled]
  -mwbnoinvd                  		[disabled]
  -mwidekl                    		[disabled]
  -mwin32                     		[disabled]
  -mwindows                   		[disabled]
  -mx32                       		[disabled]
  -mxop                       		[disabled]
  -mxsave                     		[enabled]
  -mxsavec                    		[disabled]
  -mxsaveopt                  		[disabled]
  -mxsaves                    		[disabled]

  Known assembler dialects (for use with the -masm= option):
    att intel

  Known ABIs (for use with the -mabi= option):
    ms sysv

  Known code models (for use with the -mcmodel= option):
    32 kernel large medium small

  Valid arguments to -mfpmath=:
    387 387+sse 387,sse both sse sse+387 sse,387

  Known choices for mitigation against straight line speculation with -mharden-sls=:
    all indirect-jmp none return

  Known indirect branch choices (for use with the -mindirect-branch=/-mfunction-return= options):
    keep thunk thunk-extern thunk-inline

  Known choices for return instrumentation with -minstrument-return=:
    call none nop5

  Known data alignment choices (for use with the -malign-data= option):
    abi cacheline compat

  Known vectorization library ABIs (for use with the -mveclibabi= option):
    acml svml

  Known address mode (for use with the -maddress-mode= option):
    long short

  Known preferred register vector length (to use with the -mprefer-vector-width= option):
    128 256 512 none

  Known stack protector guard (for use with the -mstack-protector-guard= option):
    global tls

  Valid arguments to -mstringop-strategy=:
    byte_loop libcall loop rep_4byte rep_8byte rep_byte unrolled_loop
    vector_loop

  Known TLS dialects (for use with the -mtls-dialect= option):
    gnu gnu2

  Known valid arguments for -march= option:
    i386 i486 i586 pentium lakemont pentium-mmx winchip-c6 winchip2 c3 samuel-2 c3-2 nehemiah c7 esther i686 pentiumpro pentium2 pentium3 pentium3m pentium-m pentium4 pentium4m prescott nocona core2 nehalem corei7 westmere sandybridge corei7-avx ivybridge core-avx-i haswell core-avx2 broadwell skylake skylake-avx512 cannonlake icelake-client rocketlake icelake-server cascadelake tigerlake cooperlake sapphirerapids emeraldrapids alderlake raptorlake meteorlake graniterapids graniterapids-d arrowlake arrowlake-s lunarlake pantherlake bonnell atom silvermont slm goldmont goldmont-plus tremont gracemont sierraforest grandridge clearwaterforest knl knm intel geode k6 k6-2 k6-3 athlon athlon-tbird athlon-4 athlon-xp athlon-mp x86-64 x86-64-v2 x86-64-v3 x86-64-v4 eden-x2 nano nano-1000 nano-2000 nano-3000 nano-x2 eden-x4 nano-x4 lujiazui yongfeng k8 k8-sse3 opteron opteron-sse3 athlon64 athlon64-sse3 athlon-fx amdfam10 barcelona bdver1 bdver2 bdver3 bdver4 znver1 znver2 znver3 znver4 znver5 btver1 btver2 generic native

  Known valid arguments for -mtune= option:
    generic i386 i486 pentium lakemont pentiumpro pentium4 nocona core2 nehalem sandybridge haswell bonnell silvermont goldmont goldmont-plus tremont sierraforest grandridge clearwaterforest knl knm skylake skylake-avx512 cannonlake icelake-client icelake-server cascadelake tigerlake cooperlake sapphirerapids alderlake rocketlake graniterapids graniterapids-d arrowlake arrowlake-s pantherlake intel lujiazui yongfeng geode k6 athlon k8 amdfam10 bdver1 bdver2 bdver3 bdver4 btver1 btver2 znver1 znver2 znver3 znver4 znver5

