{"event": "preflight", "utc": 1791495237.728271, "idle_percent": 91.9007036747459, "reserved_cpus": [102, 230], "allocated_cpu": 102}
{"event": "acquired", "utc": 1791495238.089018, "cpus": [102, 230], "uid": 1004, "maximum_seconds": 7200}
{"event": "capacity", "utc": 1791495240.1103842, "idle_percent": 91.70480772992215, "sibling_idle_percent": 100.0}
{"event": "capacity", "utc": 1791495242.1145403, "idle_percent": 91.59302416516775, "sibling_idle_percent": 100.0}
{"event": "capacity", "utc": 1791495244.1187396, "idle_percent": 89.8415984687201, "sibling_idle_percent": 100.0}
{"event": "capacity", "utc": 1791495246.123075, "idle_percent": 91.50190299599883, "sibling_idle_percent": 100.0}
{"event": "capacity", "utc": 1791495248.1272511, "idle_percent": 91.44486320763929, "sibling_idle_percent": 100.0}
{"event": "capacity", "utc": 1791495250.1312873, "idle_percent": 91.33441425250533, "sibling_idle_percent": 100.0}
{"event": "capacity", "utc": 1791495252.1362174, "idle_percent": 91.54549718574108, "sibling_idle_percent": 100.0}
{"event": "capacity", "utc": 1791495254.1421323, "idle_percent": 92.11814016960717, "sibling_idle_percent": 100.0}
{"event": "capacity", "utc": 1791495256.1479044, "idle_percent": 91.78563070442313, "sibling_idle_percent": 100.0}
{"event": "capacity", "utc": 1791495258.153826, "idle_percent": 91.06219386062486, "sibling_idle_percent": 100.0}
{"event": "capacity", "utc": 1791495260.159643, "idle_percent": 91.6091416091416, "sibling_idle_percent": 100.0}
{"event": "capacity", "utc": 1791495262.1653814, "idle_percent": 91.99968779269435, "sibling_idle_percent": 100.0}
{"event": "capacity", "utc": 1791495264.1710904, "idle_percent": 92.045631825273, "sibling_idle_percent": 100.0}
{"event": "capacity", "utc": 1791495266.176786, "idle_percent": 91.41574787784174, "sibling_idle_percent": 100.0}
{"event": "capacity", "utc": 1791495268.1823854, "idle_percent": 91.74678705852527, "sibling_idle_percent": 100.0}
{"event": "capacity", "utc": 1791495270.1880655, "idle_percent": 91.85513298339416, "sibling_idle_percent": 100.0}
{"event": "capacity", "utc": 1791495272.1936996, "idle_percent": 91.88967777170944, "sibling_idle_percent": 100.0}
{"event": "capacity", "utc": 1791495274.1992726, "idle_percent": 91.68535819469096, "sibling_idle_percent": 100.0}
{"event": "capacity", "utc": 1791495276.2049794, "idle_percent": 91.52181970698972, "sibling_idle_percent": 100.0}
{"event": "capacity", "utc": 1791495278.2106867, "idle_percent": 91.54954321855236, "sibling_idle_percent": 100.0}
{"event": "capacity", "utc": 1791495280.2165494, "idle_percent": 91.47884848248115, "sibling_idle_percent": 100.0}
{"event": "capacity", "utc": 1791495282.2223787, "idle_percent": 91.71411856474259, "sibling_idle_percent": 100.0}
{"event": "capacity", "utc": 1791495284.2281442, "idle_percent": 91.50426249975615, "sibling_idle_percent": 100.0}
{"event": "capacity", "utc": 1791495286.232896, "idle_percent": 91.55253814038784, "sibling_idle_percent": 100.0}
{"event": "capacity", "utc": 1791495288.23709, "idle_percent": 91.78181249633553, "sibling_idle_percent": 100.0}
{"event": "capacity", "utc": 1791495290.2428536, "idle_percent": 91.88566969076187, "sibling_idle_percent": 100.0}
{"event": "capacity", "utc": 1791495292.2485635, "idle_percent": 91.58050797861964, "sibling_idle_percent": 100.0}
{"event": "capacity", "utc": 1791495294.2542572, "idle_percent": 91.48155377708375, "sibling_idle_percent": 100.0}
{"event": "capacity", "utc": 1791495296.2601078, "idle_percent": 91.18508967295745, "sibling_idle_percent": 100.0}
{"event": "capacity", "utc": 1791495298.266198, "idle_percent": 91.78718504205945, "sibling_idle_percent": 100.0}
{"event": "capacity", "utc": 1791495300.27196, "idle_percent": 91.30400827817802, "sibling_idle_percent": 100.0}
{"event": "capacity", "utc": 1791495302.2779744, "idle_percent": 90.98699878967712, "sibling_idle_percent": 100.0}
{"event": "capacity", "utc": 1791495304.284132, "idle_percent": 89.73948677919797, "sibling_idle_percent": 100.0}
{"event": "capacity", "utc": 1791495306.2889981, "idle_percent": 90.94209971498849, "sibling_idle_percent": 100.0}
{"event": "capacity", "utc": 1791495308.2933352, "idle_percent": 91.89458466828162, "sibling_idle_percent": 100.0}
{"event": "capacity", "utc": 1791495310.3015301, "idle_percent": 91.56767283349562, "sibling_idle_percent": 100.0}
{"event": "capacity", "utc": 1791495312.3061414, "idle_percent": 91.06057942136006, "sibling_idle_percent": 100.0}
{"event": "capacity", "utc": 1791495314.3124635, "idle_percent": 91.06958033081415, "sibling_idle_percent": 100.0}
{"event": "capacity", "utc": 1791495316.3185866, "idle_percent": 91.78982257750049, "sibling_idle_percent": 100.0}
{"event": "capacity", "utc": 1791495318.3243918, "idle_percent": 91.57272691812615, "sibling_idle_percent": 100.0}
{"event": "capacity", "utc": 1791495320.3302138, "idle_percent": 91.59860431570534, "sibling_idle_percent": 100.0}
{"event": "capacity", "utc": 1791495322.3361926, "idle_percent": 91.62606696028374, "sibling_idle_percent": 100.0}
{"event": "capacity", "utc": 1791495324.3421056, "idle_percent": 91.77633502953735, "sibling_idle_percent": 100.0}
{"event": "capacity", "utc": 1791495326.348115, "idle_percent": 91.95859406982865, "sibling_idle_percent": 100.0}
{"event": "capacity", "utc": 1791495328.354089, "idle_percent": 91.54207520321242, "sibling_idle_percent": 100.0}
{"event": "capacity", "utc": 1791495330.3602312, "idle_percent": 80.02762158429516, "sibling_idle_percent": 100.0}
{"event": "capacity", "utc": 1791495332.3661065, "idle_percent": 91.54740085013454, "sibling_idle_percent": 100.0}
{"event": "capacity", "utc": 1791495334.3709726, "idle_percent": 91.76146896403692, "sibling_idle_percent": 100.0}
{"event": "capacity", "utc": 1791495336.3754158, "idle_percent": 91.67854701689288, "sibling_idle_percent": 100.0}
{"event": "capacity", "utc": 1791495338.3814638, "idle_percent": 91.57394235828284, "sibling_idle_percent": 100.0}
{"event": "capacity", "utc": 1791495340.3876982, "idle_percent": 91.56466827785141, "sibling_idle_percent": 100.0}
{"event": "capacity", "utc": 1791495342.3938713, "idle_percent": 91.56187245325691, "sibling_idle_percent": 100.0}
{"event": "capacity", "utc": 1791495344.39985, "idle_percent": 91.34467071480172, "sibling_idle_percent": 100.0}
{"event": "capacity", "utc": 1791495346.405691, "idle_percent": 91.65237055520899, "sibling_idle_percent": 100.0}
{"event": "capacity", "utc": 1791495348.411459, "idle_percent": 91.53213227265637, "sibling_idle_percent": 100.0}
{"event": "capacity", "utc": 1791495350.4172385, "idle_percent": 91.55670766172257, "sibling_idle_percent": 100.0}
{"event": "capacity", "utc": 1791495352.4232059, "idle_percent": 91.673006027269, "sibling_idle_percent": 100.0}
{"event": "capacity", "utc": 1791495354.4289932, "idle_percent": 91.98900949003254, "sibling_idle_percent": 100.0}
{"event": "capacity", "utc": 1791495356.4347854, "idle_percent": 91.60672865134593, "sibling_idle_percent": 100.0}
{"event": "capacity", "utc": 1791495358.4408574, "idle_percent": 86.20195516469711, "sibling_idle_percent": 100.0}
{"event": "capacity", "utc": 1791495360.4468246, "idle_percent": 91.99649225372698, "sibling_idle_percent": 100.0}
{"event": "capacity", "utc": 1791495362.4527519, "idle_percent": 91.28663860305582, "sibling_idle_percent": 100.0}
{"event": "capacity", "utc": 1791495364.4586854, "idle_percent": 89.83804878048781, "sibling_idle_percent": 100.0}
{"event": "capacity", "utc": 1791495366.4647872, "idle_percent": 91.59858839127298, "sibling_idle_percent": 100.0}
{"event": "capacity", "utc": 1791495368.4696703, "idle_percent": 91.47306462929758, "sibling_idle_percent": 100.0}
{"event": "capacity", "utc": 1791495370.4741025, "idle_percent": 91.07718140461175, "sibling_idle_percent": 100.0}
{"event": "capacity", "utc": 1791495372.4807189, "idle_percent": 87.03347969264544, "sibling_idle_percent": 100.0}
{"event": "capacity", "utc": 1791495374.4870682, "idle_percent": 91.31377028055995, "sibling_idle_percent": 100.0}
{"event": "capacity", "utc": 1791495376.4924245, "idle_percent": 91.3223221076032, "sibling_idle_percent": 100.0}
{"event": "capacity", "utc": 1791495378.4963796, "idle_percent": 91.41584796578059, "sibling_idle_percent": 100.0}
{"event": "capacity", "utc": 1791495380.500496, "idle_percent": 92.00733701484965, "sibling_idle_percent": 100.0}
{"event": "capacity", "utc": 1791495382.504632, "idle_percent": 91.70634610881274, "sibling_idle_percent": 100.0}
{"event": "capacity", "utc": 1791495384.508888, "idle_percent": 91.5547399656411, "sibling_idle_percent": 100.0}
{"event": "capacity", "utc": 1791495386.5127232, "idle_percent": 91.62063513750903, "sibling_idle_percent": 100.0}
{"event": "capacity", "utc": 1791495388.5172083, "idle_percent": 91.62796143788299, "sibling_idle_percent": 100.0}
{"event": "capacity", "utc": 1791495390.5222006, "idle_percent": 91.65188232312401, "sibling_idle_percent": 100.0}
{"event": "capacity", "utc": 1791495392.5265565, "idle_percent": 91.95900439238653, "sibling_idle_percent": 100.0}
{"event": "capacity", "utc": 1791495394.5324981, "idle_percent": 91.95323916220165, "sibling_idle_percent": 100.0}
{"event": "capacity", "utc": 1791495396.538448, "idle_percent": 91.75888403990025, "sibling_idle_percent": 100.0}
{"event": "capacity", "utc": 1791495398.544808, "idle_percent": 91.4243930973969, "sibling_idle_percent": 100.0}
{"event": "capacity", "utc": 1791495400.5500252, "idle_percent": 92.13879364089776, "sibling_idle_percent": 100.0}
{"event": "capacity", "utc": 1791495402.554248, "idle_percent": 91.79608240986421, "sibling_idle_percent": 100.0}
{"event": "capacity", "utc": 1791495404.5582573, "idle_percent": 91.79130706447455, "sibling_idle_percent": 100.0}
{"event": "capacity", "utc": 1791495406.562315, "idle_percent": 91.85928471029204, "sibling_idle_percent": 100.0}
{"event": "capacity", "utc": 1791495408.5665715, "idle_percent": 91.45779651752947, "sibling_idle_percent": 100.0}
{"event": "capacity", "utc": 1791495410.570758, "idle_percent": 91.65218749389922, "sibling_idle_percent": 100.0}
{"event": "capacity", "utc": 1791495412.5750656, "idle_percent": 92.13277166705672, "sibling_idle_percent": 100.0}
{"event": "capacity", "utc": 1791495414.5801075, "idle_percent": 91.76839970357658, "sibling_idle_percent": 100.0}
{"event": "capacity", "utc": 1791495416.5861883, "idle_percent": 91.75762064395416, "sibling_idle_percent": 100.0}
{"event": "capacity", "utc": 1791495418.591108, "idle_percent": 91.56908665105387, "sibling_idle_percent": 100.0}
{"event": "capacity", "utc": 1791495420.5953274, "idle_percent": 91.94272113621288, "sibling_idle_percent": 100.0}
{"event": "capacity", "utc": 1791495422.6031435, "idle_percent": 91.34606028762138, "sibling_idle_percent": 100.0}
{"event": "capacity", "utc": 1791495424.6071267, "idle_percent": 90.27349091619458, "sibling_idle_percent": 100.0}
{"event": "capacity", "utc": 1791495426.6112008, "idle_percent": 91.86742874978054, "sibling_idle_percent": 100.0}
{"event": "capacity", "utc": 1791495428.6152241, "idle_percent": 91.7529794994831, "sibling_idle_percent": 100.0}
{"event": "capacity", "utc": 1791495430.6191921, "idle_percent": 91.20501454765578, "sibling_idle_percent": 100.0}
{"event": "capacity", "utc": 1791495432.6232412, "idle_percent": 91.84592881521209, "sibling_idle_percent": 100.0}
{"event": "capacity", "utc": 1791495434.6273432, "idle_percent": 91.7349247211171, "sibling_idle_percent": 100.0}
{"event": "capacity", "utc": 1791495436.6312644, "idle_percent": 91.14608760178875, "sibling_idle_percent": 100.0}
{"event": "capacity", "utc": 1791495438.6351914, "idle_percent": 91.29152588715505, "sibling_idle_percent": 100.0}
{"event": "capacity", "utc": 1791495440.6390839, "idle_percent": 91.69173079176595, "sibling_idle_percent": 100.0}
{"event": "capacity", "utc": 1791495442.6433191, "idle_percent": 91.67057078160381, "sibling_idle_percent": 100.0}
{"event": "capacity", "utc": 1791495444.64919, "idle_percent": 91.72755080172229, "sibling_idle_percent": 100.0}
{"event": "capacity", "utc": 1791495446.655236, "idle_percent": 91.75920514319111, "sibling_idle_percent": 100.0}
{"event": "capacity", "utc": 1791495448.661546, "idle_percent": 91.74900126668615, "sibling_idle_percent": 100.0}
{"event": "capacity", "utc": 1791495450.6675851, "idle_percent": 91.91364158921299, "sibling_idle_percent": 100.0}
{"event": "capacity", "utc": 1791495452.6737819, "idle_percent": 91.99914283487882, "sibling_idle_percent": 100.0}
{"event": "capacity", "utc": 1791495454.6801274, "idle_percent": 91.73109505540516, "sibling_idle_percent": 100.0}
{"event": "capacity", "utc": 1791495456.68636, "idle_percent": 91.75757811891218, "sibling_idle_percent": 100.0}
{"event": "capacity", "utc": 1791495458.6922135, "idle_percent": 91.7511305161391, "sibling_idle_percent": 100.0}
{"event": "capacity", "utc": 1791495460.6980903, "idle_percent": 92.06828678892289, "sibling_idle_percent": 100.0}
{"event": "capacity", "utc": 1791495462.7028098, "idle_percent": 80.92740985152015, "sibling_idle_percent": 100.0}
{"event": "capacity", "utc": 1791495464.7069983, "idle_percent": 91.7317149324799, "sibling_idle_percent": 100.0}
{"event": "capacity", "utc": 1791495466.7128227, "idle_percent": 91.75826317430621, "sibling_idle_percent": 100.0}
{"event": "capacity", "utc": 1791495468.7186043, "idle_percent": 91.73800284694732, "sibling_idle_percent": 100.0}
{"event": "capacity", "utc": 1791495470.724615, "idle_percent": 92.10710944808233, "sibling_idle_percent": 100.0}
{"event": "capacity", "utc": 1791495472.7294297, "idle_percent": 91.83076623123416, "sibling_idle_percent": 100.0}
{"event": "capacity", "utc": 1791495474.7336888, "idle_percent": 91.04232618126392, "sibling_idle_percent": 100.0}
{"event": "capacity", "utc": 1791495476.7395833, "idle_percent": 91.55248026508137, "sibling_idle_percent": 100.0}
{"event": "capacity", "utc": 1791495478.7443836, "idle_percent": 91.55237333437384, "sibling_idle_percent": 100.0}
{"event": "capacity", "utc": 1791495480.748022, "idle_percent": 91.66031466823024, "sibling_idle_percent": 100.0}
{"event": "capacity", "utc": 1791495482.7514102, "idle_percent": 91.4092833590229, "sibling_idle_percent": 100.0}
{"event": "capacity", "utc": 1791495484.755767, "idle_percent": 90.02987522699314, "sibling_idle_percent": 100.0}
{"event": "capacity", "utc": 1791495486.7606156, "idle_percent": 91.67251325226069, "sibling_idle_percent": 100.0}
{"event": "capacity", "utc": 1791495488.7644215, "idle_percent": 91.6871752802844, "sibling_idle_percent": 100.0}
{"event": "capacity", "utc": 1791495490.768904, "idle_percent": 92.13544511196068, "sibling_idle_percent": 100.0}
{"event": "capacity", "utc": 1791495492.773223, "idle_percent": 91.64878467480786, "sibling_idle_percent": 100.0}
{"event": "capacity", "utc": 1791495494.778326, "idle_percent": 91.43469785575049, "sibling_idle_percent": 100.0}
{"event": "capacity", "utc": 1791495496.7818701, "idle_percent": 91.46776994984485, "sibling_idle_percent": 100.0}
{"event": "capacity", "utc": 1791495498.7862287, "idle_percent": 91.0590718949138, "sibling_idle_percent": 100.0}
{"event": "capacity", "utc": 1791495500.7930145, "idle_percent": 91.95245518316446, "sibling_idle_percent": 100.0}
{"event": "capacity", "utc": 1791495502.7982082, "idle_percent": 92.11280232308862, "sibling_idle_percent": 100.0}
{"event": "capacity", "utc": 1791495504.8022764, "idle_percent": 91.73379625114592, "sibling_idle_percent": 100.0}
{"event": "capacity", "utc": 1791495506.8070586, "idle_percent": 91.31860410648763, "sibling_idle_percent": 100.0}
{"event": "capacity", "utc": 1791495508.8132412, "idle_percent": 91.65237724084177, "sibling_idle_percent": 100.0}
{"event": "capacity", "utc": 1791495510.8192441, "idle_percent": 91.34439024390244, "sibling_idle_percent": 100.0}
{"event": "capacity", "utc": 1791495512.825289, "idle_percent": 92.11074956647117, "sibling_idle_percent": 100.0}
{"event": "capacity", "utc": 1791495514.8316717, "idle_percent": 91.75109102244389, "sibling_idle_percent": 100.0}
{"event": "capacity", "utc": 1791495516.8377652, "idle_percent": 91.36243076683049, "sibling_idle_percent": 100.0}
{"event": "capacity", "utc": 1791495518.843915, "idle_percent": 91.68566029649543, "sibling_idle_percent": 100.0}
{"event": "capacity", "utc": 1791495520.8497317, "idle_percent": 91.54855232546774, "sibling_idle_percent": 100.0}
{"event": "capacity", "utc": 1791495522.8555772, "idle_percent": 91.84622296888125, "sibling_idle_percent": 100.0}
{"event": "capacity", "utc": 1791495524.8617277, "idle_percent": 91.5237351045126, "sibling_idle_percent": 100.0}
{"event": "capacity", "utc": 1791495526.8682466, "idle_percent": 91.4564130604593, "sibling_idle_percent": 100.0}
{"event": "capacity", "utc": 1791495528.8743272, "idle_percent": 91.5398423476157, "sibling_idle_percent": 100.0}
{"event": "capacity", "utc": 1791495530.8803954, "idle_percent": 91.73376484120641, "sibling_idle_percent": 100.0}
{"event": "capacity", "utc": 1791495532.8864443, "idle_percent": 92.03920957243638, "sibling_idle_percent": 100.0}
{"event": "capacity", "utc": 1791495534.8924737, "idle_percent": 92.0148904654245, "sibling_idle_percent": 100.0}
{"event": "capacity", "utc": 1791495536.8986719, "idle_percent": 91.75792057986828, "sibling_idle_percent": 100.0}
{"event": "capacity", "utc": 1791495538.9049118, "idle_percent": 91.55132753713595, "sibling_idle_percent": 100.0}
{"event": "capacity", "utc": 1791495540.9110112, "idle_percent": 90.6993553428404, "sibling_idle_percent": 100.0}
{"event": "capacity", "utc": 1791495542.9169185, "idle_percent": 91.10959438377535, "sibling_idle_percent": 100.0}
{"event": "capacity", "utc": 1791495544.9228804, "idle_percent": 90.34007765399099, "sibling_idle_percent": 100.0}
{"event": "capacity", "utc": 1791495546.9280462, "idle_percent": 91.72579136129737, "sibling_idle_percent": 100.0}
{"event": "capacity", "utc": 1791495548.9324064, "idle_percent": 91.72663975191621, "sibling_idle_percent": 100.0}
{"event": "capacity", "utc": 1791495550.936751, "idle_percent": 91.73834181733076, "sibling_idle_percent": 100.0}
{"event": "capacity", "utc": 1791495552.9415407, "idle_percent": 91.75074647255127, "sibling_idle_percent": 100.0}
{"event": "capacity", "utc": 1791495554.9464536, "idle_percent": 91.95088676671215, "sibling_idle_percent": 100.0}
{"event": "capacity", "utc": 1791495556.9510999, "idle_percent": 91.20495099761821, "sibling_idle_percent": 100.0}
{"event": "capacity", "utc": 1791495558.9574568, "idle_percent": 90.99125478254079, "sibling_idle_percent": 100.0}
{"event": "capacity", "utc": 1791495560.9627862, "idle_percent": 91.50936037441498, "sibling_idle_percent": 100.0}
{"event": "capacity", "utc": 1791495562.9668407, "idle_percent": 92.06860220088973, "sibling_idle_percent": 100.0}
{"event": "capacity", "utc": 1791495564.9714668, "idle_percent": 91.9806442801116, "sibling_idle_percent": 100.0}
{"event": "capacity", "utc": 1791495566.9767644, "idle_percent": 91.74397754736104, "sibling_idle_percent": 100.0}
{"event": "capacity", "utc": 1791495568.9807315, "idle_percent": 91.74863387978142, "sibling_idle_percent": 100.0}
{"event": "capacity", "utc": 1791495570.9854062, "idle_percent": 91.79355040212384, "sibling_idle_percent": 100.0}
{"event": "capacity", "utc": 1791495572.9903476, "idle_percent": 91.7605990873279, "sibling_idle_percent": 100.0}
{"event": "capacity", "utc": 1791495574.994299, "idle_percent": 91.611909450738, "sibling_idle_percent": 100.0}
{"event": "capacity", "utc": 1791495576.9981787, "idle_percent": 91.75690176568139, "sibling_idle_percent": 100.0}
{"event": "capacity", "utc": 1791495579.002883, "idle_percent": 91.98680409151245, "sibling_idle_percent": 100.0}
{"event": "capacity", "utc": 1791495581.0087764, "idle_percent": 91.6869890941725, "sibling_idle_percent": 100.0}
{"event": "capacity", "utc": 1791495583.0137448, "idle_percent": 91.74574718915022, "sibling_idle_percent": 100.0}
{"event": "capacity", "utc": 1791495585.0172584, "idle_percent": 91.73902015491777, "sibling_idle_percent": 100.0}
{"event": "capacity", "utc": 1791495587.0217588, "idle_percent": 91.99281656874037, "sibling_idle_percent": 100.0}
{"event": "capacity", "utc": 1791495589.027345, "idle_percent": 92.08408829660803, "sibling_idle_percent": 100.0}
{"event": "capacity", "utc": 1791495591.0316637, "idle_percent": 91.75458782690094, "sibling_idle_percent": 100.0}
{"event": "capacity", "utc": 1791495593.0358973, "idle_percent": 91.74875646152346, "sibling_idle_percent": 100.0}
{"event": "capacity", "utc": 1791495595.0411544, "idle_percent": 91.82434147579715, "sibling_idle_percent": 100.0}
{"event": "capacity", "utc": 1791495597.0471585, "idle_percent": 92.12843893694958, "sibling_idle_percent": 100.0}
{"event": "capacity", "utc": 1791495599.052023, "idle_percent": 91.73228346456693, "sibling_idle_percent": 100.0}
{"event": "capacity", "utc": 1791495601.0564153, "idle_percent": 91.43197531346432, "sibling_idle_percent": 100.0}
{"event": "capacity", "utc": 1791495603.0623286, "idle_percent": 90.54605841555143, "sibling_idle_percent": 100.0}
{"event": "capacity", "utc": 1791495605.0683053, "idle_percent": 90.26089332058461, "sibling_idle_percent": 100.0}
{"event": "capacity", "utc": 1791495607.0731628, "idle_percent": 91.75677518654899, "sibling_idle_percent": 100.0}
{"event": "capacity", "utc": 1791495609.077552, "idle_percent": 91.74179448152051, "sibling_idle_percent": 100.0}
{"event": "capacity", "utc": 1791495611.0824242, "idle_percent": 91.77569364556321, "sibling_idle_percent": 100.0}
{"event": "capacity", "utc": 1791495613.0856802, "idle_percent": 92.13838318796465, "sibling_idle_percent": 100.0}
{"event": "capacity", "utc": 1791495615.0900736, "idle_percent": 91.65592909296787, "sibling_idle_percent": 100.0}
{"event": "capacity", "utc": 1791495617.0961132, "idle_percent": 90.62713618874632, "sibling_idle_percent": 100.0}
{"event": "capacity", "utc": 1791495619.10125, "idle_percent": 91.32071056685452, "sibling_idle_percent": 100.0}
{"event": "capacity", "utc": 1791495621.1050978, "idle_percent": 92.06234637743357, "sibling_idle_percent": 100.0}
{"event": "capacity", "utc": 1791495623.109039, "idle_percent": 91.87053728198525, "sibling_idle_percent": 100.0}
{"event": "capacity", "utc": 1791495625.1130025, "idle_percent": 91.72388234376218, "sibling_idle_percent": 100.0}
{"event": "capacity", "utc": 1791495627.1170251, "idle_percent": 91.80132708821233, "sibling_idle_percent": 100.0}
{"event": "capacity", "utc": 1791495629.1211622, "idle_percent": 92.09946367625548, "sibling_idle_percent": 100.0}
{"event": "capacity", "utc": 1791495631.1256154, "idle_percent": 86.59425271552317, "sibling_idle_percent": 100.0}
{"event": "capacity", "utc": 1791495633.1295645, "idle_percent": 91.75394457121682, "sibling_idle_percent": 100.0}
{"event": "capacity", "utc": 1791495635.1337576, "idle_percent": 91.68227946916471, "sibling_idle_percent": 100.0}
{"event": "capacity", "utc": 1791495637.1387177, "idle_percent": 91.75110798727034, "sibling_idle_percent": 100.0}
{"event": "capacity", "utc": 1791495639.143627, "idle_percent": 91.95456051129167, "sibling_idle_percent": 100.0}
{"event": "capacity", "utc": 1791495641.1481864, "idle_percent": 91.74698560112381, "sibling_idle_percent": 100.0}
{"event": "capacity", "utc": 1791495643.1537488, "idle_percent": 91.74946425092539, "sibling_idle_percent": 100.0}
{"event": "capacity", "utc": 1791495645.1584558, "idle_percent": 91.68131567639361, "sibling_idle_percent": 100.0}
{"event": "capacity", "utc": 1791495647.1633708, "idle_percent": 91.98168355416992, "sibling_idle_percent": 100.0}
{"event": "capacity", "utc": 1791495649.167627, "idle_percent": 91.74829268292683, "sibling_idle_percent": 100.0}
{"event": "capacity", "utc": 1791495651.1733427, "idle_percent": 91.40795631825273, "sibling_idle_percent": 100.0}
{"event": "capacity", "utc": 1791495653.1792583, "idle_percent": 91.73851976122664, "sibling_idle_percent": 100.0}
{"event": "capacity", "utc": 1791495655.1851983, "idle_percent": 91.74401372747836, "sibling_idle_percent": 100.0}
{"assignment": "https://github.com/guluchen/DistQLDPC/issues/15#issuecomment-6069447421", "argv": ["/usr/bin/python3.12", "-B", "/home/yfc/GH41-server-isolated-tier1-package-01/support/server_tier1_isolated.py", "--package", "/home/yfc/GH41-server-isolated-tier1-package-01", "--out", "/home/yfc/GH41-linux-isolated-tier1-01", "--runtime-inventory", "/home/yfc/distqldpc-gh41-runtime-03.json", "--tier0", "/home/yfc/GH41-linux-tier0-04", "--tier0-audit", "/home/yfc/GH26-independent-GH41-native-tier0-04-audit.json", "--hosted-audit", "/home/yfc/GH41-hosted-tier1-proof.json", "--prerecord", "/home/yfc/GH41-server-isolated-tier1-prerecord-01.json", "--lease-audit", "/home/yfc/GH41-lease-validation-audit01.json", "--run-assignment", "https://github.com/guluchen/DistQLDPC/issues/15#issuecomment-6069447421", "--manifest-sha", "db525d6831ab04a3861bb5af5d914e73e1359fce5ef27c8ed99e477b7d0ab333", "--runtime-sha", "940fce2a7063e8f6c3fce44fe1e013d194712a7ed9b05873dc2a89ad61accd8a", "--support-sha", "0235cb3b30fc226e237e41c724f9bb52e3e1eb99", "--tier0-sha", "ecf1f127d1d6f130fa99d954220e10f70a8accec5b6d7d01de2b14ab1118deeb", "--tier0-audit-sha", "c9fe629d492e50c9c94f6644390ce2fa47a309da8f92fc218f7b49e27b6a7d0d", "--hosted-audit-sha", "87c45397e734dab37910c633a42db2e28cdb1474eef1570987a17b7a3c870481", "--prerecord-sha", "73ab35667dac13e583ed2112164515bfb792b8f8d686fd86315e92fc280649ee", "--cpu", "102", "--sibling", "230"], "outer_seconds": 6960, "state": "CHILD_EXITED", "actions": [], "pid": 3454484, "leader": {"pid": 3454484, "group": 3454484, "session": 3454484, "birth": 135242485}, "returncode": 0, "remaining": [], "owned_empty": true, "actual_affinity": [102], "affinity_restored": true, "full_runtime_post_confirmed": true, "valid_transport": true}
{"event": "released", "utc": 1791495657.350967, "cpus": [102, 230]}
