START BB_90_8_10-no-card-1-baseline
START BB_90_8_10-no-card-1-candidate
START BB_90_8_10-no-card-2-candidate
START BB_90_8_10-no-card-2-baseline
START BB_90_8_10-no-card-3-baseline
START BB_90_8_10-no-card-3-candidate
START BB_90_8_10-card-mto-1-baseline
START BB_90_8_10-card-mto-1-candidate
START BB_90_8_10-card-mto-2-candidate
START BB_90_8_10-card-mto-2-baseline
START BB_90_8_10-card-mto-3-baseline
START BB_90_8_10-card-mto-3-candidate
START GB_144_12_8-no-card-1-baseline
START GB_144_12_8-no-card-1-candidate
START GB_144_12_8-no-card-2-candidate
START GB_144_12_8-no-card-2-baseline
START GB_144_12_8-no-card-3-baseline
START GB_144_12_8-no-card-3-candidate
START GB_144_12_8-card-mto-1-baseline
START GB_144_12_8-card-mto-1-candidate
START GB_144_12_8-card-mto-2-candidate
START GB_144_12_8-card-mto-2-baseline
START GB_144_12_8-card-mto-3-baseline
START GB_144_12_8-card-mto-3-candidate
START BB_108_8_10-no-card-1-baseline
START BB_108_8_10-no-card-1-candidate
START BB_108_8_10-no-card-2-candidate
START BB_108_8_10-no-card-2-baseline
START BB_108_8_10-no-card-3-baseline
START BB_108_8_10-no-card-3-candidate
START BB_108_8_10-card-mto-1-baseline
START BB_108_8_10-card-mto-1-candidate
START BB_108_8_10-card-mto-2-candidate
START BB_108_8_10-card-mto-2-baseline
START BB_108_8_10-card-mto-3-baseline
START BB_108_8_10-card-mto-3-candidate
START LP_238_44_6-no-card-1-baseline
START LP_238_44_6-no-card-1-candidate
START LP_238_44_6-no-card-2-candidate
START LP_238_44_6-no-card-2-baseline
START LP_238_44_6-no-card-3-baseline
START LP_238_44_6-no-card-3-candidate
START LP_238_44_6-card-mto-1-baseline
START LP_238_44_6-card-mto-1-candidate
START LP_238_44_6-card-mto-2-candidate
START LP_238_44_6-card-mto-2-baseline
START LP_238_44_6-card-mto-3-baseline
START LP_238_44_6-card-mto-3-candidate
{
  "status": "FILTER_COMPLETE",
  "Tier1": "48_SCIENCE_PASS",
  "decision": "INCONCLUSIVE",
  "performance": "OBSERVED_QUIET_DIAGNOSTIC",
  "exclusive": false,
  "interpretation": "PAIR_ISOLATION_DIAGNOSTIC_FORMAL_INCONCLUSIVE",
  "assignment": "https://github.com/guluchen/DistQLDPC/issues/15#issuecomment-6069447421",
  "robustness_prerecord_commit": "ab61a882cea88fdc689b1eaaa591e624b9eb3701",
  "robustness_prerecord_sha": "e5a81bcdaf65af5b2da91a5e89c59016780a93d04b5c8d14b8fba1cd56519ff0",
  "numeric_filter": "inconclusive",
  "numeric_reason": {
    "no-card": {
      "median_geomean": 1.0082517787448626,
      "range_envelope_geomean": 1.0135266371131497,
      "no_worse_medians": false
    },
    "card-mto": {
      "median_geomean": 0.7488838204352065,
      "range_envelope_geomean": 0.7568117606198492,
      "no_worse_medians": true
    }
  },
  "legacy_filter_details": [
    {
      "case": "BB_90_8_10",
      "mode": "no-card",
      "baseline_raw": [
        3.7719918510410935,
        3.7362087978981435,
        3.7383073079399765
      ],
      "candidate_raw": [
        3.7614957641344517,
        3.7493791298475116,
        3.7381571801379323
      ],
      "baseline_median": 3.7383073079399765,
      "candidate_median": 3.7493791298475116,
      "median_ratio": 1.0029617206386483,
      "baseline_range_over_median": 0.00957199347066747,
      "baseline_min": 3.7362087978981435,
      "baseline_max": 3.7719918510410935,
      "candidate_min": 3.7381571801379323,
      "candidate_max": 3.7614957641344517
    },
    {
      "case": "GB_144_12_8",
      "mode": "no-card",
      "baseline_raw": [
        1.5130809729453176,
        1.4643944702111185,
        1.4633648018352687
      ],
      "candidate_raw": [
        1.5109019661322236,
        1.513700190000236,
        1.461000083014369
      ],
      "baseline_median": 1.4643944702111185,
      "candidate_median": 1.5109019661322236,
      "median_ratio": 1.031758857921937,
      "baseline_range_over_median": 0.03394998555469922,
      "baseline_min": 1.4633648018352687,
      "baseline_max": 1.5130809729453176,
      "candidate_min": 1.461000083014369,
      "candidate_max": 1.513700190000236
    },
    {
      "case": "BB_108_8_10",
      "mode": "no-card",
      "baseline_raw": [
        4.835339789045975,
        4.839542190078646,
        4.879748945124447
      ],
      "candidate_raw": [
        4.808863008162007,
        4.83114407886751,
        4.86213010083884
      ],
      "baseline_median": 4.839542190078646,
      "candidate_median": 4.83114407886751,
      "median_ratio": 0.9982646889145108,
      "baseline_range_over_median": 0.009176313447481496,
      "baseline_min": 4.835339789045975,
      "baseline_max": 4.879748945124447,
      "candidate_min": 4.808863008162007,
      "candidate_max": 4.86213010083884
    },
    {
      "case": "LP_238_44_6",
      "mode": "no-card",
      "baseline_raw": [
        3.2042247757781297,
        3.1469021590892226,
        3.1488494880031794
      ],
      "candidate_raw": [
        3.171083169989288,
        3.1500657328870147,
        3.1453187791630626
      ],
      "baseline_median": 3.1488494880031794,
      "candidate_median": 3.1500657328870147,
      "median_ratio": 1.0003862505618224,
      "baseline_range_over_median": 0.01820430506675563,
      "baseline_min": 3.1469021590892226,
      "baseline_max": 3.2042247757781297,
      "candidate_min": 3.1453187791630626,
      "candidate_max": 3.171083169989288
    },
    {
      "case": "BB_90_8_10",
      "mode": "card-mto",
      "baseline_raw": [
        4.738240879960358,
        4.745747563894838,
        4.7264792509377
      ],
      "candidate_raw": [
        3.941462436923757,
        3.9563272648956627,
        3.9745845191646367
      ],
      "baseline_median": 4.738240879960358,
      "candidate_median": 3.9563272648956627,
      "median_ratio": 0.8349780783894555,
      "baseline_range_over_median": 0.004066554116872807,
      "baseline_min": 4.7264792509377,
      "baseline_max": 4.745747563894838,
      "candidate_min": 3.941462436923757,
      "candidate_max": 3.9745845191646367
    },
    {
      "case": "GB_144_12_8",
      "mode": "card-mto",
      "baseline_raw": [
        1.8635646130423993,
        1.8628897881135345,
        1.8638780019246042
      ],
      "candidate_raw": [
        0.9620168369729072,
        1.0128260089550167,
        1.0100409919396043
      ],
      "baseline_median": 1.8635646130423993,
      "candidate_median": 1.0100409919396043,
      "median_ratio": 0.5419940821320072,
      "baseline_range_over_median": 0.0005302814853606814,
      "baseline_min": 1.8628897881135345,
      "baseline_max": 1.8638780019246042,
      "candidate_min": 0.9620168369729072,
      "candidate_max": 1.0128260089550167
    },
    {
      "case": "BB_108_8_10",
      "mode": "card-mto",
      "baseline_raw": [
        6.057082410901785,
        5.990071973064914,
        6.306671853875741
      ],
      "candidate_raw": [
        5.306181547930464,
        5.325779844075441,
        5.300067976117134
      ],
      "baseline_median": 6.057082410901785,
      "candidate_median": 5.306181547930464,
      "median_ratio": 0.8760292807606813,
      "baseline_range_over_median": 0.05226936986047896,
      "baseline_min": 5.990071973064914,
      "baseline_max": 6.306671853875741,
      "candidate_min": 5.300067976117134,
      "candidate_max": 5.325779844075441
    },
    {
      "case": "LP_238_44_6",
      "mode": "card-mto",
      "baseline_raw": [
        3.7258323449641466,
        3.698327896883711,
        3.6570121981203556
      ],
      "candidate_raw": [
        2.9341003550216556,
        2.9513795559760183,
        2.90466689504683
      ],
      "baseline_median": 3.698327896883711,
      "candidate_median": 2.9341003550216556,
      "median_ratio": 0.7933586303945602,
      "baseline_range_over_median": 0.01860844921343516,
      "baseline_min": 3.6570121981203556,
      "baseline_max": 3.7258323449641466,
      "candidate_min": 2.90466689504683,
      "candidate_max": 2.9513795559760183
    }
  ],
  "medians": [
    {
      "case": "BB_90_8_10",
      "mode": "no-card",
      "raw": {
        "baseline": [
          3.7719918510410935,
          3.7362087978981435,
          3.7383073079399765
        ],
        "candidate": [
          3.7614957641344517,
          3.7493791298475116,
          3.7381571801379323
        ]
      },
      "baseline_median": 3.7383073079399765,
      "candidate_median": 3.7493791298475116,
      "ratio": 1.0029617206386483,
      "range_envelope": 1.006768081658213,
      "nonoverlapping_regression": false
    },
    {
      "case": "BB_90_8_10",
      "mode": "card-mto",
      "raw": {
        "baseline": [
          4.738240879960358,
          4.745747563894838,
          4.7264792509377
        ],
        "candidate": [
          3.941462436923757,
          3.9563272648956627,
          3.9745845191646367
        ]
      },
      "baseline_median": 4.738240879960358,
      "candidate_median": 3.9563272648956627,
      "ratio": 0.8349780783894555,
      "range_envelope": 0.8409186432747181,
      "nonoverlapping_regression": false
    },
    {
      "case": "GB_144_12_8",
      "mode": "no-card",
      "raw": {
        "baseline": [
          1.5130809729453176,
          1.4643944702111185,
          1.4633648018352687
        ],
        "candidate": [
          1.5109019661322236,
          1.513700190000236,
          1.461000083014369
        ]
      },
      "baseline_median": 1.4643944702111185,
      "candidate_median": 1.5109019661322236,
      "ratio": 1.031758857921937,
      "range_envelope": 1.0343970198694403,
      "nonoverlapping_regression": false
    },
    {
      "case": "GB_144_12_8",
      "mode": "card-mto",
      "raw": {
        "baseline": [
          1.8635646130423993,
          1.8628897881135345,
          1.8638780019246042
        ],
        "candidate": [
          0.9620168369729072,
          1.0128260089550167,
          1.0100409919396043
        ]
      },
      "baseline_median": 1.8635646130423993,
      "candidate_median": 1.0100409919396043,
      "ratio": 0.5419940821320072,
      "range_envelope": 0.5436854157543375,
      "nonoverlapping_regression": false
    },
    {
      "case": "BB_108_8_10",
      "mode": "no-card",
      "raw": {
        "baseline": [
          4.835339789045975,
          4.839542190078646,
          4.879748945124447
        ],
        "candidate": [
          4.808863008162007,
          4.83114407886751,
          4.86213010083884
        ]
      },
      "baseline_median": 4.839542190078646,
      "candidate_median": 4.83114407886751,
      "ratio": 0.9982646889145108,
      "range_envelope": 1.0055405230990295,
      "nonoverlapping_regression": false
    },
    {
      "case": "BB_108_8_10",
      "mode": "card-mto",
      "raw": {
        "baseline": [
          6.057082410901785,
          5.990071973064914,
          6.306671853875741
        ],
        "candidate": [
          5.306181547930464,
          5.325779844075441,
          5.300067976117134
        ]
      },
      "baseline_median": 6.057082410901785,
      "candidate_median": 5.306181547930464,
      "ratio": 0.8760292807606813,
      "range_envelope": 0.8891011440302315,
      "nonoverlapping_regression": false
    },
    {
      "case": "LP_238_44_6",
      "mode": "no-card",
      "raw": {
        "baseline": [
          3.2042247757781297,
          3.1469021590892226,
          3.1488494880031794
        ],
        "candidate": [
          3.171083169989288,
          3.1500657328870147,
          3.1453187791630626
        ]
      },
      "baseline_median": 3.1488494880031794,
      "candidate_median": 3.1500657328870147,
      "ratio": 1.0003862505618224,
      "range_envelope": 1.0076840682288843,
      "nonoverlapping_regression": false
    },
    {
      "case": "LP_238_44_6",
      "mode": "card-mto",
      "raw": {
        "baseline": [
          3.7258323449641466,
          3.698327896883711,
          3.6570121981203556
        ],
        "candidate": [
          2.9341003550216556,
          2.9513795559760183,
          2.90466689504683
        ]
      },
      "baseline_median": 3.698327896883711,
      "candidate_median": 2.9341003550216556,
      "ratio": 0.7933586303945602,
      "range_envelope": 0.8070466807556669,
      "nonoverlapping_regression": false
    }
  ],
  "robustness_details": [
    {
      "case": "BB_90_8_10",
      "mode": "no-card",
      "exit_intervals": {
        "baseline": [
          [
            3.7218225370161235,
            3.7719883010722697
          ],
          [
            3.686053284909576,
            3.736207827925682
          ],
          [
            3.6881672551389784,
            3.738306068116799
          ]
        ],
        "candidate": [
          [
            3.7112105591222644,
            3.761420683003962
          ],
          [
            3.699209396028891,
            3.7493781100492924
          ],
          [
            3.688052908051759,
            3.7381562201771885
          ]
        ]
      },
      "cpu_raw": {
        "baseline": [
          3.487821,
          3.4797109999999996,
          3.4840419999999996
        ],
        "candidate": [
          3.471288,
          3.4768550000000005,
          3.475175
        ]
      },
      "median_exit_intervals": {
        "baseline": [
          3.6881672551389784,
          3.738306068116799
        ],
        "candidate": [
          3.699209396028891,
          3.7493781100492924
        ]
      },
      "candidate_max_exit_upper": 3.761420683003962,
      "baseline_min_exit_lower": 3.686053284909576,
      "candidate_max_cpu": 3.4768550000000005,
      "baseline_min_cpu": 3.4797109999999996,
      "pairs": [
        {
          "repeat": 1,
          "order": [
            "baseline",
            "candidate"
          ],
          "exit_interval_win": false,
          "cpu_win": true,
          "conservative_exit_difference_sec": 0.03959814598783851,
          "cpu_difference_sec": -0.01653299999999991
        },
        {
          "repeat": 2,
          "order": [
            "candidate",
            "baseline"
          ],
          "exit_interval_win": false,
          "cpu_win": true,
          "conservative_exit_difference_sec": 0.06332482513971627,
          "cpu_difference_sec": -0.0028559999999990815
        },
        {
          "repeat": 3,
          "order": [
            "baseline",
            "candidate"
          ],
          "exit_interval_win": false,
          "cpu_win": true,
          "conservative_exit_difference_sec": 0.049988965038210154,
          "cpu_difference_sec": -0.008866999999999514
        }
      ],
      "exit_ranges_disjoint_positive": false,
      "cpu_ranges_disjoint_positive": true,
      "corroborated": false
    },
    {
      "case": "BB_90_8_10",
      "mode": "card-mto",
      "exit_intervals": {
        "baseline": [
          [
            4.6881014469545335,
            4.738240449922159
          ],
          [
            4.69563516206108,
            4.7457471140660346
          ],
          [
            4.676368048880249,
            4.726478790864348
          ]
        ],
        "candidate": [
          [
            3.8913568139541894,
            3.9414619160816073
          ],
          [
            3.906229383079335,
            3.9563268350902945
          ],
          [
            3.924444187199697,
            3.9745833890046924
          ]
        ]
      },
      "cpu_raw": {
        "baseline": [
          4.212251,
          4.230354999999997,
          4.210271999999997
        ],
        "candidate": [
          3.674457000000001,
          3.679272000000002,
          3.682274000000002
        ]
      },
      "median_exit_intervals": {
        "baseline": [
          4.6881014469545335,
          4.738240449922159
        ],
        "candidate": [
          3.906229383079335,
          3.9563268350902945
        ]
      },
      "candidate_max_exit_upper": 3.9745833890046924,
      "baseline_min_exit_lower": 4.676368048880249,
      "candidate_max_cpu": 3.682274000000002,
      "baseline_min_cpu": 4.210271999999997,
      "pairs": [
        {
          "repeat": 1,
          "order": [
            "baseline",
            "candidate"
          ],
          "exit_interval_win": true,
          "cpu_win": true,
          "conservative_exit_difference_sec": -0.7466395308729261,
          "cpu_difference_sec": -0.537793999999999
        },
        {
          "repeat": 2,
          "order": [
            "candidate",
            "baseline"
          ],
          "exit_interval_win": true,
          "cpu_win": true,
          "conservative_exit_difference_sec": -0.7393083269707859,
          "cpu_difference_sec": -0.5510829999999949
        },
        {
          "repeat": 3,
          "order": [
            "baseline",
            "candidate"
          ],
          "exit_interval_win": true,
          "cpu_win": true,
          "conservative_exit_difference_sec": -0.7017846598755568,
          "cpu_difference_sec": -0.5279979999999953
        }
      ],
      "exit_ranges_disjoint_positive": true,
      "cpu_ranges_disjoint_positive": true,
      "corroborated": true
    },
    {
      "case": "GB_144_12_8",
      "mode": "no-card",
      "exit_intervals": {
        "baseline": [
          [
            1.4629760209936649,
            1.5130801328923553
          ],
          [
            1.4142459470313042,
            1.4643934899941087
          ],
          [
            1.4132635998539627,
            1.46336437179707
          ]
        ],
        "candidate": [
          [
            1.4606458409689367,
            1.5109008660074323
          ],
          [
            1.463610498001799,
            1.513699690112844
          ],
          [
            1.4108445399906486,
            1.4609991530887783
          ]
        ]
      },
      "cpu_raw": {
        "baseline": [
          1.447280000000001,
          1.4372729999999994,
          1.4418819999999997
        ],
        "candidate": [
          1.4437840000000002,
          1.4488199999999993,
          1.4345810000000032
        ]
      },
      "median_exit_intervals": {
        "baseline": [
          1.4142459470313042,
          1.4643934899941087
        ],
        "candidate": [
          1.4606458409689367,
          1.5109008660074323
        ]
      },
      "candidate_max_exit_upper": 1.513699690112844,
      "baseline_min_exit_lower": 1.4132635998539627,
      "candidate_max_cpu": 1.4488199999999993,
      "baseline_min_cpu": 1.4372729999999994,
      "pairs": [
        {
          "repeat": 1,
          "order": [
            "baseline",
            "candidate"
          ],
          "exit_interval_win": false,
          "cpu_win": true,
          "conservative_exit_difference_sec": 0.04792484501376748,
          "cpu_difference_sec": -0.0034960000000008318
        },
        {
          "repeat": 2,
          "order": [
            "candidate",
            "baseline"
          ],
          "exit_interval_win": false,
          "cpu_win": false,
          "conservative_exit_difference_sec": 0.09945374308153987,
          "cpu_difference_sec": 0.011546999999999974
        },
        {
          "repeat": 3,
          "order": [
            "baseline",
            "candidate"
          ],
          "exit_interval_win": false,
          "cpu_win": true,
          "conservative_exit_difference_sec": 0.0477355532348156,
          "cpu_difference_sec": -0.007300999999996449
        }
      ],
      "exit_ranges_disjoint_positive": false,
      "cpu_ranges_disjoint_positive": false,
      "corroborated": false
    },
    {
      "case": "GB_144_12_8",
      "mode": "card-mto",
      "exit_intervals": {
        "baseline": [
          [
            1.8134173708967865,
            1.8635636528488249
          ],
          [
            1.8128093369305134,
            1.8628892281558365
          ],
          [
            1.8137640899512917,
            1.8638775318395346
          ]
        ],
        "candidate": [
          [
            0.9118709049653262,
            0.962015856988728
          ],
          [
            0.9626671471633017,
            1.01282501895912
          ],
          [
            0.9599398800637573,
            1.0100400520022959
          ]
        ]
      },
      "cpu_raw": {
        "baseline": [
          1.8388339999999994,
          1.8358899999999994,
          1.8354240000000055
        ],
        "candidate": [
          0.9438409999999998,
          0.9525999999999967,
          0.9506980000000009
        ]
      },
      "median_exit_intervals": {
        "baseline": [
          1.8134173708967865,
          1.8635636528488249
        ],
        "candidate": [
          0.9599398800637573,
          1.0100400520022959
        ]
      },
      "candidate_max_exit_upper": 1.01282501895912,
      "baseline_min_exit_lower": 1.8128093369305134,
      "candidate_max_cpu": 0.9525999999999967,
      "baseline_min_cpu": 1.8354240000000055,
      "pairs": [
        {
          "repeat": 1,
          "order": [
            "baseline",
            "candidate"
          ],
          "exit_interval_win": true,
          "cpu_win": true,
          "conservative_exit_difference_sec": -0.8514015139080584,
          "cpu_difference_sec": -0.8949929999999996
        },
        {
          "repeat": 2,
          "order": [
            "candidate",
            "baseline"
          ],
          "exit_interval_win": true,
          "cpu_win": true,
          "conservative_exit_difference_sec": -0.7999843179713935,
          "cpu_difference_sec": -0.8832900000000027
        },
        {
          "repeat": 3,
          "order": [
            "baseline",
            "candidate"
          ],
          "exit_interval_win": true,
          "cpu_win": true,
          "conservative_exit_difference_sec": -0.8037240379489958,
          "cpu_difference_sec": -0.8847260000000046
        }
      ],
      "exit_ranges_disjoint_positive": true,
      "cpu_ranges_disjoint_positive": true,
      "corroborated": true
    },
    {
      "case": "BB_108_8_10",
      "mode": "no-card",
      "exit_intervals": {
        "baseline": [
          [
            4.785218026954681,
            4.835339348996058
          ],
          [
            4.789428549120203,
            4.839541740017012
          ],
          [
            4.829632943030447,
            4.879747945116833
          ]
        ],
        "candidate": [
          [
            4.758755247108638,
            4.8088625790551305
          ],
          [
            4.781030616955832,
            4.831143588991836
          ],
          [
            4.812010928988457,
            4.8621291308663785
          ]
        ]
      },
      "cpu_raw": {
        "baseline": [
          4.321429999999996,
          4.3324660000000055,
          4.340556999999998
        ],
        "candidate": [
          4.2787720000000045,
          4.289215999999995,
          4.3107120000000005
        ]
      },
      "median_exit_intervals": {
        "baseline": [
          4.789428549120203,
          4.839541740017012
        ],
        "candidate": [
          4.781030616955832,
          4.831143588991836
        ]
      },
      "candidate_max_exit_upper": 4.8621291308663785,
      "baseline_min_exit_lower": 4.785218026954681,
      "candidate_max_cpu": 4.3107120000000005,
      "baseline_min_cpu": 4.321429999999996,
      "pairs": [
        {
          "repeat": 1,
          "order": [
            "baseline",
            "candidate"
          ],
          "exit_interval_win": false,
          "cpu_win": true,
          "conservative_exit_difference_sec": 0.0236445521004498,
          "cpu_difference_sec": -0.042657999999991425
        },
        {
          "repeat": 2,
          "order": [
            "candidate",
            "baseline"
          ],
          "exit_interval_win": false,
          "cpu_win": true,
          "conservative_exit_difference_sec": 0.04171503987163305,
          "cpu_difference_sec": -0.043250000000010225
        },
        {
          "repeat": 3,
          "order": [
            "baseline",
            "candidate"
          ],
          "exit_interval_win": false,
          "cpu_win": true,
          "conservative_exit_difference_sec": 0.03249618783593178,
          "cpu_difference_sec": -0.029844999999997235
        }
      ],
      "exit_ranges_disjoint_positive": false,
      "cpu_ranges_disjoint_positive": true,
      "corroborated": false
    },
    {
      "case": "BB_108_8_10",
      "mode": "card-mto",
      "exit_intervals": {
        "baseline": [
          [
            6.006883347872645,
            6.057081460952759
          ],
          [
            5.939971792045981,
            5.990071043139324
          ],
          [
            6.009701817994937,
            6.306671463884413
          ]
        ],
        "candidate": [
          [
            5.256056566955522,
            5.306181108113378
          ],
          [
            5.275651271920651,
            5.325778873870149
          ],
          [
            5.249971765093505,
            5.300067536067218
          ]
        ]
      },
      "cpu_raw": {
        "baseline": [
          5.539438999999998,
          5.482711999999999,
          5.509129999999999
        ],
        "candidate": [
          4.794804999999997,
          4.774865000000004,
          4.7800500000000055
        ]
      },
      "median_exit_intervals": {
        "baseline": [
          6.006883347872645,
          6.057081460952759
        ],
        "candidate": [
          5.256056566955522,
          5.306181108113378
        ]
      },
      "candidate_max_exit_upper": 5.325778873870149,
      "baseline_min_exit_lower": 5.939971792045981,
      "candidate_max_cpu": 4.794804999999997,
      "baseline_min_cpu": 5.482711999999999,
      "pairs": [
        {
          "repeat": 1,
          "order": [
            "baseline",
            "candidate"
          ],
          "exit_interval_win": true,
          "cpu_win": true,
          "conservative_exit_difference_sec": -0.7007022397592664,
          "cpu_difference_sec": -0.7446340000000014
        },
        {
          "repeat": 2,
          "order": [
            "candidate",
            "baseline"
          ],
          "exit_interval_win": true,
          "cpu_win": true,
          "conservative_exit_difference_sec": -0.6141929181758314,
          "cpu_difference_sec": -0.7078469999999957
        },
        {
          "repeat": 3,
          "order": [
            "baseline",
            "candidate"
          ],
          "exit_interval_win": true,
          "cpu_win": true,
          "conservative_exit_difference_sec": -0.7096342819277197,
          "cpu_difference_sec": -0.7290799999999935
        }
      ],
      "exit_ranges_disjoint_positive": true,
      "cpu_ranges_disjoint_positive": true,
      "corroborated": true
    },
    {
      "case": "LP_238_44_6",
      "mode": "no-card",
      "exit_intervals": {
        "baseline": [
          [
            3.154069053940475,
            3.204223765991628
          ],
          [
            3.096788167953491,
            3.1469016789924353
          ],
          [
            3.0986940159928054,
            3.1488485380541533
          ]
        ],
        "candidate": [
          [
            3.1209291180130094,
            3.1710821599699557
          ],
          [
            3.099911160999909,
            3.1500647829379886
          ],
          [
            3.095163657097146,
            3.1453177591320127
          ]
        ]
      },
      "cpu_raw": {
        "baseline": [
          2.9180999999999933,
          2.871520000000014,
          2.885642999999978
        ],
        "candidate": [
          2.884026000000008,
          2.864785999999991,
          2.8662520000000136
        ]
      },
      "median_exit_intervals": {
        "baseline": [
          3.0986940159928054,
          3.1488485380541533
        ],
        "candidate": [
          3.099911160999909,
          3.1500647829379886
        ]
      },
      "candidate_max_exit_upper": 3.1710821599699557,
      "baseline_min_exit_lower": 3.096788167953491,
      "candidate_max_cpu": 2.884026000000008,
      "baseline_min_cpu": 2.871520000000014,
      "pairs": [
        {
          "repeat": 1,
          "order": [
            "baseline",
            "candidate"
          ],
          "exit_interval_win": false,
          "cpu_win": true,
          "conservative_exit_difference_sec": 0.017013106029480696,
          "cpu_difference_sec": -0.03407399999998528
        },
        {
          "repeat": 2,
          "order": [
            "candidate",
            "baseline"
          ],
          "exit_interval_win": false,
          "cpu_win": true,
          "conservative_exit_difference_sec": 0.05327661498449743,
          "cpu_difference_sec": -0.006734000000022888
        },
        {
          "repeat": 3,
          "order": [
            "baseline",
            "candidate"
          ],
          "exit_interval_win": false,
          "cpu_win": true,
          "conservative_exit_difference_sec": 0.04662374313920736,
          "cpu_difference_sec": -0.01939099999996463
        }
      ],
      "exit_ranges_disjoint_positive": false,
      "cpu_ranges_disjoint_positive": false,
      "corroborated": false
    },
    {
      "case": "LP_238_44_6",
      "mode": "card-mto",
      "exit_intervals": {
        "baseline": [
          [
            3.67571570398286,
            3.725831405026838
          ],
          [
            3.6482033459469676,
            3.698327286867425
          ],
          [
            3.6068647261708975,
            3.657011108007282
          ]
        ],
        "candidate": [
          [
            2.8839774241205305,
            2.934099195059389
          ],
          [
            2.9012202240992337,
            2.9513785659801215
          ],
          [
            2.854548905044794,
            2.9046664549969137
          ]
        ]
      },
      "cpu_raw": {
        "baseline": [
          3.4040589999999975,
          3.415708000000005,
          3.3968549999999746
        ],
        "candidate": [
          2.640017000000012,
          2.6467569999999934,
          2.6362540000000116
        ]
      },
      "median_exit_intervals": {
        "baseline": [
          3.6482033459469676,
          3.698327286867425
        ],
        "candidate": [
          2.8839774241205305,
          2.934099195059389
        ]
      },
      "candidate_max_exit_upper": 2.9513785659801215,
      "baseline_min_exit_lower": 3.6068647261708975,
      "candidate_max_cpu": 2.6467569999999934,
      "baseline_min_cpu": 3.3968549999999746,
      "pairs": [
        {
          "repeat": 1,
          "order": [
            "baseline",
            "candidate"
          ],
          "exit_interval_win": true,
          "cpu_win": true,
          "conservative_exit_difference_sec": -0.741616508923471,
          "cpu_difference_sec": -0.7640419999999857
        },
        {
          "repeat": 2,
          "order": [
            "candidate",
            "baseline"
          ],
          "exit_interval_win": true,
          "cpu_win": true,
          "conservative_exit_difference_sec": -0.6968247799668461,
          "cpu_difference_sec": -0.7689510000000115
        },
        {
          "repeat": 3,
          "order": [
            "baseline",
            "candidate"
          ],
          "exit_interval_win": true,
          "cpu_win": true,
          "conservative_exit_difference_sec": -0.7021982711739838,
          "cpu_difference_sec": -0.760600999999963
        }
      ],
      "exit_ranges_disjoint_positive": true,
      "cpu_ranges_disjoint_positive": true,
      "corroborated": true
    }
  ],
  "preliminary_corroboration": false,
  "reason": "Original numeric filter and preregistered corroboration reported separately; no Tier2/control/adoption claim",
  "available_configuration_unchanged": true,
  "unavailable_configuration_fields": [
    "/sys/devices/system/cpu/intel_pstate/no_turbo"
  ],
  "cleanup_restoration_confirmed": true,
  "full_identity_confirmed": true,
  "valid_run": true,
  "engineering_corroboration_valid": false,
  "pair_reserved": true,
  "host_exclusive": false,
  "forced_supervisor_death_recovery_tested": false,
  "engineering_status": "inconclusive"
}
