OK  BB_1080_4_54 default TIMEOUT None 60.04 | TIMEOUT None 60.032 []
OK  BB_1080_4_54 card-sinz TIMEOUT None 60.046 | TIMEOUT None 60.03 []
OK  BB_1080_4_54 card-mto TIMEOUT None 60.038 | TIMEOUT None 60.039 []
OK  BB_1080_4_54 no-card TIMEOUT None 60.043 | TIMEOUT None 60.038 []
OK  BB_108_8_10 no-card done 10 4.651 | done 10 4.386 []
OK  BB_108_8_10 card-mto done 10 5.697 | done 10 4.346 []
OK  BB_108_8_10 default done 10 5.705 | done 10 4.516 []
OK  BB_108_8_10 card-sinz done 10 6.689 | done 10 6.66 []
OK  BB_144_12_12 no-card done 12 36.522 | done 12 39.587 []
OK  BB_144_12_12 card-mto done 12 43.907 | done 12 40.117 []
OK  BB_144_12_12 default done 12 43.711 | done 12 41.903 []
OK  BB_144_12_12 card-sinz TIMEOUT None 60.019 | TIMEOUT None 60.021 []
OK  BB_144_14_14 default TIMEOUT None 60.024 | TIMEOUT None 60.017 []
OK  BB_144_14_14 no-card TIMEOUT None 60.018 | TIMEOUT None 60.024 []
OK  BB_144_14_14 card-mto TIMEOUT None 60.023 | TIMEOUT None 60.018 []
OK  BB_144_14_14 card-sinz TIMEOUT None 60.027 | TIMEOUT None 60.025 []
OK  BB_288_12_unknown default TIMEOUT None 60.02 | TIMEOUT None 60.02 []
OK  BB_288_12_unknown no-card TIMEOUT None 60.027 | TIMEOUT None 60.028 []
OK  BB_288_12_unknown card-mto TIMEOUT None 60.015 | TIMEOUT None 60.02 []
OK  BB_288_12_unknown card-sinz TIMEOUT None 60.021 | TIMEOUT None 60.021 []
OK  BB_360_12_unknown default TIMEOUT None 60.023 | TIMEOUT None 60.024 []
OK  BB_72_12_6 default done 6 0.093 | done 6 0.163 []
OK  BB_72_12_6 no-card done 6 0.094 | done 6 0.102 []
OK  BB_72_12_6 card-mto done 6 0.144 | done 6 0.143 []
OK  BB_72_12_6 card-sinz done 6 0.123 | done 6 0.12 []
OK  BB_360_12_unknown no-card TIMEOUT None 60.024 | TIMEOUT None 60.025 []
OK  BB_360_12_unknown card-mto TIMEOUT None 60.022 | TIMEOUT None 60.028 []
OK  BB_360_12_unknown card-sinz TIMEOUT None 60.033 | TIMEOUT None 60.02 []
OK  BB_756_16_34 default TIMEOUT None 60.031 | TIMEOUT None 60.035 []
OK  BB_756_16_34 no-card TIMEOUT None 60.028 | TIMEOUT None 60.028 []
OK  BB_756_16_34 card-mto TIMEOUT None 60.038 | TIMEOUT None 60.031 []
OK  BB_756_16_34 card-sinz TIMEOUT None 60.042 | TIMEOUT None 60.022 []
OK  BB_864_4_40 default TIMEOUT None 60.037 | TIMEOUT None 60.025 []
OK  BB_864_4_40 no-card TIMEOUT None 60.032 | TIMEOUT None 60.024 []
OK  BB_864_4_40 card-mto TIMEOUT None 60.034 | TIMEOUT None 60.035 []
OK  BB_90_8_10 default done 10 4.885 | done 10 5.837 []
OK  BB_90_8_10 no-card done 10 3.657 | done 10 3.786 []
OK  BB_90_8_10 card-mto done 10 4.483 | done 10 4.038 []
OK  BB_90_8_10 card-sinz done 10 5.085 | done 10 4.597 []
OK  BB_864_4_40 card-sinz TIMEOUT None 60.038 | TIMEOUT None 60.032 []
OK  GB_144_12_12 default TIMEOUT None 60.019 | TIMEOUT None 60.019 []
OK  GB_144_12_12 no-card TIMEOUT None 60.02 | TIMEOUT None 60.019 []
OK  GB_144_12_8 default done 8 2.041 | done 8 1.544 []
OK  GB_144_12_8 no-card done 8 1.504 | done 8 2.179 []
OK  GB_144_12_12 card-mto TIMEOUT None 60.023 | TIMEOUT None 60.022 []
OK  LP_136_32_4 default done 4 0.345 | done 4 0.303 []
OK  LP_136_32_4 no-card done 4 0.219 | done 4 0.163 []
OK  GB_144_12_8 card-mto done 8 1.915 | done 8 1.521 []
OK  LP_136_32_4 card-mto done 4 0.347 | done 4 0.283 []
OK  LP_136_32_4 card-sinz done 4 0.272 | done 4 0.351 []
OK  GB_144_12_8 card-sinz done 8 2.505 | done 8 1.92 []
OK  GB_144_12_12 card-sinz TIMEOUT None 60.025 | TIMEOUT None 60.018 []
OK  LP_1768_224_unknown default TIMEOUT None 60.068 | TIMEOUT None 60.094 []
OK  LP_1768_224_unknown no-card TIMEOUT None 60.051 | TIMEOUT None 60.076 []
OK  LP_1768_224_unknown card-mto TIMEOUT None 60.075 | TIMEOUT None 60.063 []
OK  LP_238_44_6 no-card done 6 2.973 | done 6 2.458 []
OK  LP_238_44_6 default done 6 3.688 | done 6 2.598 []
OK  LP_238_44_6 card-mto done 6 3.474 | done 6 2.547 []
OK  LP_238_44_6 card-sinz done 6 4.13 | done 6 3.977 []
OK  LP_1768_224_unknown card-sinz TIMEOUT None 60.074 | TIMEOUT None 60.073 []
OK  LP_340_56_8 no-card TIMEOUT None 60.024 | done 8 25.777 []
OK  LP_34_20_2 default done 2 0.018 | done 2 0.019 []
OK  LP_34_20_2 no-card done 2 0.017 | done 2 0.017 []
OK  LP_34_20_2 card-mto done 2 0.017 | done 2 0.018 []
OK  LP_34_20_2 card-sinz done 2 0.016 | done 2 0.017 []
OK  LP_340_56_8 default TIMEOUT None 60.024 | TIMEOUT None 60.025 []
OK  LP_340_56_8 card-mto TIMEOUT None 60.024 | TIMEOUT None 60.046 []
OK  LP_340_56_8 card-sinz TIMEOUT None 60.022 | TIMEOUT None 60.024 []
OK  LP_442_68_10 default TIMEOUT None 60.022 | TIMEOUT None 60.022 []
OK  LP_442_68_10 no-card TIMEOUT None 60.029 | TIMEOUT None 60.027 []
OK  LP_442_68_10 card-mto TIMEOUT None 60.027 | TIMEOUT None 60.033 []
OK  LP_442_68_10 card-sinz TIMEOUT None 60.031 | TIMEOUT None 60.027 []
OK  LP_544_80_12 default TIMEOUT None 60.024 | TIMEOUT None 60.02 []
OK  LP_544_80_12 no-card TIMEOUT None 60.025 | TIMEOUT None 60.026 []
OK  LP_544_80_12 card-mto TIMEOUT None 60.02 | TIMEOUT None 60.027 []
OK  LP_544_80_12 card-sinz TIMEOUT None 60.026 | TIMEOUT None 60.025 []
OK  LP_714_100_unknown default TIMEOUT None 60.031 | TIMEOUT None 60.028 []
OK  LP_714_100_unknown no-card TIMEOUT None 60.03 | TIMEOUT None 60.029 []
OK  LP_714_100_unknown card-mto TIMEOUT None 60.029 | TIMEOUT None 60.036 []
OK  LP_714_100_unknown card-sinz TIMEOUT None 60.032 | TIMEOUT None 60.021 []
OK  PK_31 default TIMEOUT None 60.042 | TIMEOUT None 60.039 []
OK  PK_31 no-card TIMEOUT None 60.051 | TIMEOUT None 60.043 []
OK  PK_31 card-mto TIMEOUT None 60.05 | TIMEOUT None 60.041 []
OK  PK_31 card-sinz TIMEOUT None 60.04 | TIMEOUT None 60.035 []
OK  TN_108_2_12 default TIMEOUT None 60.017 | done 12 59.567 []
OK  TN_108_2_12 no-card done 12 56.242 | done 12 59.686 []
OK  TN_108_2_12 card-mto TIMEOUT None 60.021 | TIMEOUT None 60.013 []
OK  TN_108_2_12 card-sinz TIMEOUT None 60.017 | TIMEOUT None 60.015 []
OK  TN_144_2_13 default TIMEOUT None 60.022 | TIMEOUT None 60.019 []
OK  TN_144_2_13 no-card TIMEOUT None 60.016 | TIMEOUT None 60.021 []
OK  TN_144_2_13 card-mto TIMEOUT None 60.024 | TIMEOUT None 60.021 []
OK  TN_144_2_13 card-sinz TIMEOUT None 60.018 | TIMEOUT None 60.018 []
OK  TN_180_2_17 default TIMEOUT None 60.017 | TIMEOUT None 60.02 []
OK  TN_180_2_17 no-card TIMEOUT None 60.021 | TIMEOUT None 60.025 []
OK  TN_180_2_17 card-mto TIMEOUT None 60.018 | TIMEOUT None 60.018 []
OK  TN_180_2_17 card-sinz TIMEOUT None 60.019 | TIMEOUT None 60.016 []
OK  TN_200_10_10 default TIMEOUT None 60.023 | done 10 30.807 []
OK  TN_200_10_10 no-card done 10 34.286 | TIMEOUT None 60.022 []
OK  TN_200_10_10 card-mto TIMEOUT None 60.023 | done 10 31.268 []
OK  TN_200_10_10 card-sinz TIMEOUT None 60.025 | TIMEOUT None 60.016 []
OK  TN_216_4_18 default TIMEOUT None 60.016 | TIMEOUT None 60.019 []
OK  TN_216_4_18 no-card TIMEOUT None 60.022 | TIMEOUT None 60.018 []
OK  TN_216_4_18 card-mto TIMEOUT None 60.028 | TIMEOUT None 60.02 []
OK  TN_216_4_18 card-sinz TIMEOUT None 60.023 | TIMEOUT None 60.018 []
OK  TN_250_10_15 default TIMEOUT None 60.024 | TIMEOUT None 60.023 []
OK  TN_250_10_15 no-card TIMEOUT None 60.018 | TIMEOUT None 60.021 []
OK  TN_250_10_15 card-mto TIMEOUT None 60.021 | TIMEOUT None 60.019 []
OK  TN_250_10_15 card-sinz TIMEOUT None 60.014 | TIMEOUT None 60.021 []
OK  TN_252_2_21 default TIMEOUT None 60.022 | TIMEOUT None 60.021 []
OK  TN_252_2_21 no-card TIMEOUT None 60.02 | TIMEOUT None 60.021 []
OK  TN_252_2_21 card-mto TIMEOUT None 60.02 | TIMEOUT None 60.018 []
OK  TN_252_2_21 card-sinz TIMEOUT None 60.026 | TIMEOUT None 60.02 []
OK  TN_288_2_24 default TIMEOUT None 60.026 | TIMEOUT None 60.024 []
OK  TN_288_2_24 no-card TIMEOUT None 60.025 | TIMEOUT None 60.017 []
OK  TN_288_2_24 card-mto TIMEOUT None 60.018 | TIMEOUT None 60.026 []
OK  TN_288_2_24 card-sinz TIMEOUT None 60.02 | TIMEOUT None 60.027 []
OK  TN_324_4_25 default TIMEOUT None 60.023 | TIMEOUT None 60.028 []
OK  TN_324_4_25 no-card TIMEOUT None 60.026 | TIMEOUT None 60.02 []
OK  TN_324_4_25 card-mto TIMEOUT None 60.019 | TIMEOUT None 60.024 []
OK  TN_324_4_25 card-sinz TIMEOUT None 60.026 | TIMEOUT None 60.018 []
OK  TN_360_4_24 default TIMEOUT None 60.024 | TIMEOUT None 60.026 []
OK  TN_36_8_3 default done 3 0.021 | done 3 0.031 []
OK  TN_36_8_3 no-card done 3 0.027 | done 3 0.03 []
OK  TN_36_8_3 card-mto done 3 0.02 | done 3 0.019 []
OK  TN_36_8_3 card-sinz done 3 0.02 | done 3 0.03 []
OK  TN_36_8_4 default done 4 0.039 | done 4 0.05 []
OK  TN_36_8_4 no-card done 4 0.049 | done 4 0.038 []
OK  TN_36_8_4 card-mto done 4 0.061 | done 4 0.03 []
OK  TN_36_8_4 card-sinz done 4 0.051 | done 4 0.05 []
OK  TN_360_4_24 no-card TIMEOUT None 60.02 | TIMEOUT None 60.018 []
OK  TN_360_4_24 card-mto TIMEOUT None 60.027 | TIMEOUT None 60.018 []
OK  TN_360_4_24 card-sinz TIMEOUT None 60.026 | TIMEOUT None 60.015 []
OK  TN_396_4_26 default TIMEOUT None 60.023 | TIMEOUT None 60.027 []
OK  TN_396_4_26 no-card TIMEOUT None 60.022 | TIMEOUT None 60.02 []
OK  TN_396_4_26 card-mto TIMEOUT None 60.026 | TIMEOUT None 60.022 []
OK  TN_396_4_26 card-sinz TIMEOUT None 60.025 | TIMEOUT None 60.022 []
OK  TN_432_8_33 default TIMEOUT None 60.022 | TIMEOUT None 60.027 []
OK  TN_432_8_33 no-card TIMEOUT None 60.023 | TIMEOUT None 60.025 []
OK  TN_432_8_33 card-mto TIMEOUT None 60.023 | TIMEOUT None 60.021 []
OK  TN_432_8_33 card-sinz TIMEOUT None 60.029 | TIMEOUT None 60.02 []
OK  TN_468_4_31 default TIMEOUT None 60.022 | TIMEOUT None 60.021 []
OK  TN_468_4_31 no-card TIMEOUT None 60.031 | TIMEOUT None 60.028 []
OK  TN_468_4_31 card-mto TIMEOUT None 60.029 | TIMEOUT None 60.026 []
OK  TN_468_4_31 card-sinz TIMEOUT None 60.026 | TIMEOUT None 60.027 []
OK  TN_496_2_32 default TIMEOUT None 60.029 | TIMEOUT None 60.027 []
OK  TN_496_2_32 no-card TIMEOUT None 60.03 | TIMEOUT None 60.025 []
OK  TN_496_2_32 card-mto TIMEOUT None 60.025 | TIMEOUT None 60.025 []
OK  TN_496_2_32 card-sinz TIMEOUT None 60.024 | TIMEOUT None 60.021 []
OK  TN_504_2_45 default TIMEOUT None 60.027 | TIMEOUT None 60.025 []
OK  TN_504_2_45 no-card TIMEOUT None 60.027 | TIMEOUT None 60.027 []
OK  TN_504_2_45 card-mto TIMEOUT None 60.029 | TIMEOUT None 60.026 []
OK  TN_504_2_45 card-sinz TIMEOUT None 60.023 | TIMEOUT None 60.025 []
OK  TN_540_4_40 default TIMEOUT None 60.026 | TIMEOUT None 60.03 []
OK  TN_54_11_4 default done 4 0.05 | done 4 0.047 []
OK  TN_54_11_4 no-card done 4 0.038 | done 4 0.03 []
OK  TN_54_11_4 card-mto done 4 0.029 | done 4 0.038 []
OK  TN_54_11_4 card-sinz done 4 0.038 | done 4 0.047 []
OK  TN_540_4_40 no-card TIMEOUT None 60.027 | TIMEOUT None 60.033 []
OK  TN_540_4_40 card-mto TIMEOUT None 60.024 | TIMEOUT None 60.029 []
OK  TN_540_4_40 card-sinz TIMEOUT None 60.03 | TIMEOUT None 60.031 []
OK  TN_576_2_57 default TIMEOUT None 60.031 | TIMEOUT None 60.025 []
OK  TN_576_2_57 no-card TIMEOUT None 60.035 | TIMEOUT None 60.029 []
OK  TN_576_2_57 card-mto TIMEOUT None 60.028 | TIMEOUT None 60.023 []
OK  TN_576_2_57 card-sinz TIMEOUT None 60.026 | TIMEOUT None 60.025 []
OK  TN_576_2_59 default TIMEOUT None 60.025 | TIMEOUT None 60.022 []
OK  TN_576_2_59 no-card TIMEOUT None 60.033 | TIMEOUT None 60.024 []
OK  TN_576_2_59 card-mto TIMEOUT None 60.031 | TIMEOUT None 60.032 []
OK  TN_576_2_59 card-sinz TIMEOUT None 60.021 | TIMEOUT None 60.024 []
OK  TN_612_2_52 default TIMEOUT None 60.024 | TIMEOUT None 60.027 []
OK  TN_612_2_52 no-card TIMEOUT None 60.032 | TIMEOUT None 60.024 []
OK  TN_612_2_52 card-mto TIMEOUT None 60.024 | TIMEOUT None 60.024 []
OK  TN_612_2_52 card-sinz TIMEOUT None 60.027 | TIMEOUT None 60.032 []
OK  TN_648_10_71 default TIMEOUT None 60.03 | TIMEOUT None 60.021 []
OK  TN_648_10_71 no-card TIMEOUT None 60.025 | TIMEOUT None 60.027 []
OK  TN_648_10_71 card-mto TIMEOUT None 60.027 | TIMEOUT None 60.031 []
OK  TN_648_10_71 card-sinz TIMEOUT None 60.027 | TIMEOUT None 60.027 []
OK  TN_648_14_50 default TIMEOUT None 60.038 | TIMEOUT None 60.031 []
OK  TN_648_14_50 no-card TIMEOUT None 60.037 | TIMEOUT None 60.035 []
OK  TN_648_14_50 card-mto TIMEOUT None 60.027 | TIMEOUT None 60.036 []
OK  TN_648_14_50 card-sinz TIMEOUT None 60.026 | TIMEOUT None 60.029 []
OK  TN_684_2_29 default TIMEOUT None 60.034 | TIMEOUT None 60.035 []
OK  TN_72_14_4 default done 4 0.074 | done 4 0.083 []
OK  TN_72_14_4 no-card done 4 0.062 | done 4 0.052 []
OK  TN_72_14_4 card-mto done 4 0.04 | done 4 0.069 []
OK  TN_72_14_4 card-sinz done 4 0.079 | done 4 0.071 []
OK  TN_72_8_8 default done 8 1.664 | done 8 1.361 []
OK  TN_72_8_8 no-card done 8 1.359 | done 8 1.206 []
OK  TN_72_8_8 card-mto done 8 1.351 | done 8 1.099 []
OK  TN_72_8_8 card-sinz done 8 1.077 | done 8 1.402 []
OK  TN_684_2_29 no-card TIMEOUT None 60.029 | TIMEOUT None 60.037 []
OK  TN_684_2_29 card-mto TIMEOUT None 60.035 | TIMEOUT None 60.029 []
OK  TN_684_2_29 card-sinz TIMEOUT None 60.03 | TIMEOUT None 60.026 []
OK  xu_30 default TIMEOUT None 60.043 | TIMEOUT None 60.028 []
OK  xu_30 no-card TIMEOUT None 60.05 | TIMEOUT None 60.032 []
OK  xu_30 card-mto TIMEOUT None 60.039 | TIMEOUT None 60.045 []
OK  xu_30 card-sinz TIMEOUT None 60.041 | TIMEOUT None 60.036 []
OK  xu_42 default TIMEOUT None 60.066 | TIMEOUT None 60.066 []
OK  xu_42 no-card TIMEOUT None 60.042 | TIMEOUT None 60.07 []
OK  xu_42 card-mto TIMEOUT None 60.072 | TIMEOUT None 60.067 []
OK  xu_42 card-sinz TIMEOUT None 60.057 | TIMEOUT None 60.055 []
{"both_done": 52, "only_cand_done": 4, "only_base_done": 1, "problems": 0} ALL_OK
