c DistQLDPC — QLDPC/CSS minimum distance (symplectic MaxSAT)
c solver: MaxCDCL, cardinality encoding: MTO only
c Hx: data/matrices/LP_238_44_6_Hx.txt
c Hz: data/matrices/LP_238_44_6_Hz.txt
c Gx: data/matrices/LP_238_44_6_Gx.txt
c Gz: data/matrices/LP_238_44_6_Gz.txt
c Hx: 105 x 238, Hz: 105 x 238, Gx: 44 x 238, Gz: 44 x 238, logicals: 88
c Mono: 0, fixed: 0
c |  Eliminated clauses:           0.07 Mb                                      |
c Reduced to 1990 vars, 10044 cls (c/v ratio==5.0, grow=0)
c No iterative elimination performed. (vars=1990, c/v ratio=5.0)
c ============================[ Search Statistics ]==============================
c | Conflicts |          ORIGINAL         |          LEARNT          | Progress |
c |           |    Vars  Clauses Literals |    Limit  Clauses Lit/Cl |          |
c ===============================================================================
c nb soft clauses: 238, of which 238 unit, 0 nonUnit and 0 empty
c total nb of literals: 36982
c conflLits 0, conflLits2 0, nbFailedLits 0, fixedVarsBypreproc 0, totalFixedVars 298
c 1 conflict sets found with length 156
c fixedCost 0, nbSatLits 0, totalFixedVars 298, objForSearch: 238

c no UB provided, search from scratch...
c ends of initiationization by VSIDS at 0 conflicts with init 10000

c UB=1 fails, cnfls=0, hcnfls=0, core 0, tier2 0, local 0, quasiC: 0 (fixed: 0)
c prunedLB 0.00, dev 0.00, succRate 0.00, nbSucc 0, nbHardens 1 (fixed 238), lk: 1, shorten: 0, pureSo 0, nbFlyRd 0, nbFixedLH 0

c Cardinality: 711 (MTO) for UB 2
c ***** top quasi confl at level 0*****
c ends of initiationization by VSIDS at 45 conflicts with init 9955

c UB=2 fails, cnfls=45, hcnfls=45, core 33, tier2 4, local 11, quasiC: 1 (fixed: 32)
c prunedLB 0.00, dev 0.00, succRate 0.00, nbSucc 0, nbHardens 1 (fixed 270), lk: 1, shorten: 0, pureSo 0, nbFlyRd 3, nbFixedLH 0

c Cardinality: 1529 (MTO) for UB 4
c nbFailedLits 0, nbI 0, fixedVarsByFL 0, totalFixedVars 300, nbTested: 1001, counter 53208
c ends of initiationization by VSIDS at 3895 conflicts with init 6150

c UB=4 fails, cnfls=3895, hcnfls=979, core 6600, tier2 652, local 3108, quasiC: 248 (fixed: 14597)
c prunedLB 2.92, dev 0.62, succRate 0.79, nbSucc 2596, nbHardens 280 (fixed 51084), lk: 3284, shorten: 0, pureSo 321, nbFlyRd 57, nbFixedLH 51

c Cardinality: 2080 (MTO) for UB 8
c UB=8 succs, confls=5014, hconfls=1032, core 779, tier2 347, local 770,  6 soft cls unsat (0 at L0), 298 fixed vars at L0, softCnfl 329, nbFlyRd 69, nbFixedLH 64
c nbHardens 288 (fixed 57240), shorten: 0, prunedLB 4.45, dev 0.90, succRate 0.89, nbSucc 1058, lk: 1186, shorten: 0, quasiC: 300 (fixed: 19344)

c ends of initiationization by VSIDS at 5014 conflicts with init 8881


c Cardinality: 2081 (MTO) for UB 6
c nbFailedLits 0, nbI 0, fixedVarsByFL 0, totalFixedVars 298, nbTested: 1001, counter 155347
c nbFailedLits 0, nbI 0, fixedVarsByFL 0, totalFixedVars 302, nbTested: 1001, counter 274132
c nbFailedLits 0, nbI 0, fixedVarsByFL 0, totalFixedVars 302, nbTested: 1001, counter 430830
c ***** top quasi confl at level 0*****
c ***** top quasi confl at level 0*****
c LRB phase 1: conflicts 10886, phase 20000000, starts 46, UP 927299
c UB=6 fails, cnfls=15900, hcnfls=1652, core 2701, tier2 427, local 9574, quasiC: 1684 (fixed: 104802)
c prunedLB 3.81, dev 0.84, succRate 0.76, nbSucc 9855, nbHardens 522 (fixed 167587), lk: 12999, shorten: 0, pureSo 740, nbFlyRd 155, nbFixedLH 236
c ===============================================================================
c initCost: 0, fixedBySearch: 0, optimal: 6, maxsat: 232, hardConflicts: 1652
c nbLK: 17471, nbSuccLK: 13509(77.32%), nbLKup: 23258934(1514.23%), hardens 522 (fixed 167587), dynVars 1930, shorten: 0
c MaxSAT: OPTIMAL, Pauli weight 6 (reported cost 6), vars 5362 (base 802 + aux 2630)
c DistQLDPC — QLDPC/CSS minimum distance (symplectic MaxSAT)
c solver: MaxCDCL, cardinality encoding: MTO only
c Hx: data/matrices/LP_238_44_6_Hx.txt
c Hz: data/matrices/LP_238_44_6_Hz.txt
c Gx: data/matrices/LP_238_44_6_Gx.txt
c Gz: data/matrices/LP_238_44_6_Gz.txt
c Hx: 105 x 238, Hz: 105 x 238, Gx: 44 x 238, Gz: 44 x 238, logicals: 88
c d_lb: 6
c d_ub: 6
c d  : 6
o 6
