WARNING! DIMACS header mismatch: wrong number of variables.
c This is COMiniSatPS.
c ============================[ Problem Statistics ]=============================
c |                                                                             |
c initial UB: 2147483647
c |  Number of variables:          1128                                         |
c |  Number of clauses:            2990                                         |
c |  Parse time:                   0.00 s                                       |
c |                                                                             |
c ============================[ Search Statistics ]==============================
c | Conflicts |          ORIGINAL         |          LEARNT          | Progress |
c |           |    Vars  Clauses Literals |    Limit  Clauses Lit/Cl |          |
c ===============================================================================
c nb soft clauses: 108, of which 108 unit, 0 nonUnit and 0 empty
c total nb of literals: 10556
c conflLits 0, conflLits2 0, nbFailedLits 0, fixedVarsBypreproc 0, totalFixedVars 0
c 1 conflict sets found with length 60
c fixedCost 0, nbSatLits 0, totalFixedVars 0, objForSearch: 108

c no UB provided, search from scratch...
c ends of initiationization by VSIDS at 0 conflicts with init 10000

c UB=1 fails, cnfls=0, hcnfls=0, core 0, tier2 0, local 0, quasiC: 0 (fixed: 0)
c prunedLB 0.00, dev 0.00, succRate 0.00, nbSucc 0, nbHardens 1 (fixed 108), lk: 1, shorten: 0, pureSo 0, nbFlyRd 0, nbFixedLH 0

c Cardinality: 321 (Sinz+MTO) for UB 2
c ***** top quasi confl at level 0*****
c ends of initiationization by VSIDS at 4 conflicts with init 9996

c UB=2 fails, cnfls=4, hcnfls=4, core 2, tier2 0, local 0, quasiC: 1 (fixed: 37)
c prunedLB 0.00, dev 0.00, succRate 0.00, nbSucc 0, nbHardens 1 (fixed 145), lk: 1, shorten: 0, pureSo 0, nbFlyRd 1, nbFixedLH 0

c Cardinality: 683 (Sinz+MTO) for UB 4
c ends of initiationization by VSIDS at 853 conflicts with init 9151

c UB=4 fails, cnfls=853, hcnfls=572, core 448, tier2 156, local 447, quasiC: 10 (fixed: 245)
c prunedLB 2.86, dev 0.55, succRate 0.90, nbSucc 246, nbHardens 127 (fixed 11449), lk: 272, shorten: 0, pureSo 36, nbFlyRd 9, nbFixedLH 9

c Cardinality: 944 (Sinz+MTO) for UB 8
c nbFailedLits 0, nbI 0, fixedVarsByFL 0, totalFixedVars 0, nbTested: 1001, counter 57690
c nbFailedLits 0, nbI 0, fixedVarsByFL 0, totalFixedVars 6, nbTested: 1001, counter 128550
c ends of initiationization by VSIDS at 5968 conflicts with init 4885

c UB=8 fails, cnfls=5968, hcnfls=736, core 3129, tier2 593, local 2628, quasiC: 818 (fixed: 25413)
c prunedLB 5.01, dev 1.04, succRate 0.73, nbSucc 4872, nbHardens 189 (fixed 40145), lk: 6652, shorten: 0, pureSo 116, nbFlyRd 36, nbFixedLH 87

c Cardinality: 1081 (Sinz+MTO) for UB 16
c nbFailedLits 0, nbI 0, fixedVarsByFL 0, totalFixedVars 0, nbTested: 1001, counter 175695
c UB=16 succs, confls=7208, hconfls=782, core 47, tier2 10, local 1198,  14 soft cls unsat (0 at L0), 0 fixed vars at L0, softCnfl 120, nbFlyRd 41, nbFixedLH 99
c nbHardens 190 (fixed 46497), shorten: 0, prunedLB 9.02, dev 1.51, succRate 0.71, nbSucc 1190, lk: 1667, shorten: 0, quasiC: 1042 (fixed: 31683)

c ends of initiationization by VSIDS at 7208 conflicts with init 8760

LKPREFIX_EVENTS partial=135884 kept_literals=4284435

c Cardinality: 1082 (Sinz+MTO) for UB 14
c nbFailedLits 0, nbI 0, fixedVarsByFL 0, totalFixedVars 0, nbTested: 1001, counter 254415
c UB=14 succs, confls=13643, hconfls=1008, core 503, tier2 1596, local 7341,  12 soft cls unsat (0 at L0), 0 fixed vars at L0, softCnfl 167, nbFlyRd 82, nbFixedLH 182
c nbHardens 204 (fixed 81742), shorten: 0, prunedLB 6.67, dev 1.23, succRate 0.72, nbSucc 6162, lk: 8608, shorten: 0, quasiC: 2289 (fixed: 66298)


c Cardinality: 1082 (Sinz+MTO) for UB 12
c nbFailedLits 0, nbI 0, fixedVarsByFL 0, totalFixedVars 0, nbTested: 1001, counter 363171
c UB=12 succs, confls=19972, hconfls=1128, core 3137, tier2 3743, local 12445,  10 soft cls unsat (0 at L0), 0 fixed vars at L0, softCnfl 212, nbFlyRd 101, nbFixedLH 242
c nbHardens 227 (fixed 124931), shorten: 0, prunedLB 6.32, dev 1.32, succRate 0.70, nbSucc 6164, lk: 8773, shorten: 0, quasiC: 3581 (fixed: 108402)


c Cardinality: 1083 (Sinz+MTO) for UB 10
c nbFailedLits 0, nbI 0, fixedVarsByFL 0, totalFixedVars 1, nbTested: 1001, counter 538474
c nbFailedLits 0, nbI 0, fixedVarsByFL 0, totalFixedVars 7, nbTested: 1001, counter 721544
c nbFailedLits 0, nbI 0, fixedVarsByFL 0, totalFixedVars 33, nbTested: 1001, counter 995814
c ***** top quasi confl at level 0*****
c LRB phase 1: conflicts 45543, phase 20000000, starts 131, UP 1908257
c UB=10 fails, cnfls=52751, hcnfls=2282, core 3281, tier2 831, local 4222, quasiC: 9333 (fixed: 283043)
c prunedLB 5.85, dev 1.32, succRate 0.70, nbSucc 31073, nbHardens 511 (fixed 312372), lk: 44625, shorten: 0, pureSo 765, nbFlyRd 213, nbFixedLH 667
c ===============================================================================
c initCost: 0, fixedBySearch: 0, optimal: 10, maxsat: 98, hardConflicts: 2282
c nbLK: 70599, nbSuccLK: 49707(70.41%), nbLKup: 35605578(1553.96%), hardens 511 (fixed 312372), dynVars 2036, shorten: 0
c restarts              : 181
c conflicts             : 52751          (21918 /sec)
c decisions             : 73365          (0.00 % random) (30483 /sec)
c propagations          : 2291285        (952013 /sec)
c conflict literals     : 1542705        (35.80 % deleted)
c CPU time              : 2.40678 s
c nbSimplifyAll         : 8
c s_propagations        : 141841      
c s_cost_ratio          : 6.19%

s UNSATISFIABLE
