WARNING! DIMACS header mismatch: wrong number of variables.
c This is COMiniSatPS.
c ============================[ Problem Statistics ]=============================
c |                                                                             |
c initial UB: 2147483647
c |  Number of variables:          3430                                         |
c |  Number of clauses:           10044                                         |
c |  Parse time:                   0.00 s                                       |
c |                                                                             |
c ============================[ Search Statistics ]==============================
c | Conflicts |          ORIGINAL         |          LEARNT          | Progress |
c |           |    Vars  Clauses Literals |    Limit  Clauses Lit/Cl |          |
c ===============================================================================
c nb soft clauses: 238, of which 238 unit, 0 nonUnit and 0 empty
c total nb of literals: 36982
c conflLits 0, conflLits2 0, nbFailedLits 0, fixedVarsBypreproc 0, totalFixedVars 0
c 1 conflict sets found with length 156
c fixedCost 0, nbSatLits 0, totalFixedVars 0, objForSearch: 238

c no UB provided, search from scratch...
c ends of initiationization by VSIDS at 0 conflicts with init 10000

c UB=1 fails, cnfls=0, hcnfls=0, core 0, tier2 0, local 0, quasiC: 0 (fixed: 0)
c prunedLB 0.00, dev 0.00, succRate 0.00, nbSucc 0, nbHardens 1 (fixed 238), lk: 1, shorten: 0, pureSo 0, nbFlyRd 0, nbFixedLH 0

c Cardinality: 711 (Sinz+MTO) for UB 2
c ***** top quasi confl at level 0*****
c ends of initiationization by VSIDS at 48 conflicts with init 9952

c UB=2 fails, cnfls=48, hcnfls=48, core 33, tier2 6, local 11, quasiC: 1 (fixed: 32)
c prunedLB 0.00, dev 0.00, succRate 0.00, nbSucc 0, nbHardens 1 (fixed 270), lk: 1, shorten: 0, pureSo 0, nbFlyRd 1, nbFixedLH 0

c Cardinality: 1529 (Sinz+MTO) for UB 4
c nbFailedLits 0, nbI 0, fixedVarsByFL 0, totalFixedVars 1, nbTested: 1001, counter 30283
c ***** top quasi confl at level 0*****
c ends of initiationization by VSIDS at 3045 conflicts with init 7003

c UB=4 fails, cnfls=3045, hcnfls=676, core 1182, tier2 142, local 2257, quasiC: 172 (fixed: 11284)
c prunedLB 2.85, dev 0.61, succRate 0.80, nbSucc 2104, nbHardens 360 (fixed 69414), lk: 2628, shorten: 0, pureSo 266, nbFlyRd 47, nbFixedLH 44

c Cardinality: 2080 (Sinz+MTO) for UB 8
c UB=8 succs, confls=3608, hconfls=701, core 753, tier2 660, local 352,  6 soft cls unsat (0 at L0), 0 fixed vars at L0, softCnfl 277, nbFlyRd 52, nbFixedLH 50
c nbHardens 367 (fixed 74495), shorten: 0, prunedLB 4.22, dev 0.94, succRate 0.80, nbSucc 527, lk: 659, shorten: 0, quasiC: 220 (fixed: 15417)

c ends of initiationization by VSIDS at 3608 conflicts with init 9437

LKPREFIX_EVENTS partial=13452 kept_literals=863619

c Cardinality: 2081 (Sinz+MTO) for UB 6
c nbFailedLits 0, nbI 0, fixedVarsByFL 0, totalFixedVars 0, nbTested: 1001, counter 114765
c nbFailedLits 0, nbI 0, fixedVarsByFL 0, totalFixedVars 23, nbTested: 1001, counter 211001
c ***** top quasi confl at level 0*****
c LRB phase 1: conflicts 7382, phase 20000000, starts 31, UP 683948
c UB=6 fails, cnfls=10990, hcnfls=1147, core 1552, tier2 205, local 5282, quasiC: 1216 (fixed: 80425)
c prunedLB 3.81, dev 0.78, succRate 0.75, nbSucc 6693, nbHardens 517 (fixed 156498), lk: 8982, shorten: 0, pureSo 521, nbFlyRd 123, nbFixedLH 151
c ===============================================================================
c initCost: 0, fixedBySearch: 0, optimal: 6, maxsat: 232, hardConflicts: 1147
c nbLK: 12271, nbSuccLK: 9324(75.98%), nbLKup: 17233275(1552.67%), hardens 517 (fixed 156498), dynVars 1930, shorten: 0
c restarts              : 84
c conflicts             : 10990          (9975 /sec)
c decisions             : 32757          (0.00 % random) (29730 /sec)
c propagations          : 1109913        (1007357 /sec)
c conflict literals     : 785216         (32.60 % deleted)
c CPU time              : 1.10181 s
c nbSimplifyAll         : 3
c s_propagations        : 88515       
c s_cost_ratio          : 7.97%

s UNSATISFIABLE
