WARNING! DIMACS header mismatch: wrong number of variables.
c This is COMiniSatPS.
c ============================[ Problem Statistics ]=============================
c |                                                                             |
c initial UB: 2147483647
c |  Number of variables:           938                                         |
c |  Number of clauses:            2464                                         |
c |  Parse time:                   0.00 s                                       |
c |                                                                             |
c ============================[ Search Statistics ]==============================
c | Conflicts |          ORIGINAL         |          LEARNT          | Progress |
c |           |    Vars  Clauses Literals |    Limit  Clauses Lit/Cl |          |
c ===============================================================================
c nb soft clauses: 90, of which 90 unit, 0 nonUnit and 0 empty
c total nb of literals: 8714
c conflLits 0, conflLits2 0, nbFailedLits 0, fixedVarsBypreproc 0, totalFixedVars 0
c 1 conflict sets found with length 52
c fixedCost 0, nbSatLits 0, totalFixedVars 0, objForSearch: 90

c no UB provided, search from scratch...
c ends of initiationization by VSIDS at 0 conflicts with init 10000

c UB=1 fails, cnfls=0, hcnfls=0, core 0, tier2 0, local 0, quasiC: 0 (fixed: 0)
c prunedLB 0.00, dev 0.00, succRate 0.00, nbSucc 0, nbHardens 1 (fixed 90), lk: 1, shorten: 0, pureSo 0, nbFlyRd 0, nbFixedLH 0

c Cardinality: 533 (Sinz+MTO) for UB 2
c ***** top quasi confl at level 0*****
c ends of initiationization by VSIDS at 7 conflicts with init 9993

c UB=2 fails, cnfls=7, hcnfls=7, core 5, tier2 0, local 0, quasiC: 1 (fixed: 25)
c prunedLB 0.00, dev 0.00, succRate 0.00, nbSucc 0, nbHardens 1 (fixed 115), lk: 1, shorten: 0, pureSo 0, nbFlyRd 1, nbFixedLH 0

c Cardinality: 1175 (Sinz+MTO) for UB 4
c ends of initiationization by VSIDS at 686 conflicts with init 9321

c UB=4 fails, cnfls=686, hcnfls=424, core 256, tier2 65, local 436, quasiC: 36 (fixed: 575)
c prunedLB 3.29, dev 0.57, succRate 0.71, nbSucc 263, nbHardens 1 (fixed 665), lk: 370, shorten: 0, pureSo 0, nbFlyRd 3, nbFixedLH 9

c Cardinality: 2068 (Sinz+MTO) for UB 8
c nbFailedLits 0, nbI 0, fixedVarsByFL 0, totalFixedVars 4, nbTested: 1001, counter 55545
c nbFailedLits 5, nbI 0, fixedVarsByFL 49, totalFixedVars 56, nbTested: 1870, counter 126006
c ***** top quasi confl at level 0*****
c ***** top quasi confl at level 0*****
c ends of initiationization by VSIDS at 6427 conflicts with init 4259

c UB=8 fails, cnfls=6427, hcnfls=715, core 486, tier2 23, local 547, quasiC: 956 (fixed: 24197)
c prunedLB 5.10, dev 1.03, succRate 0.73, nbSucc 5451, nbHardens 1 (fixed 24287), lk: 7438, shorten: 0, pureSo 0, nbFlyRd 30, nbFixedLH 85

c Cardinality: 3439 (Sinz+MTO) for UB 16
c nbFailedLits 0, nbI 13, fixedVarsByFL 13, totalFixedVars 13, nbTested: 1655, counter 172578
c UB=16 succs, confls=7659, hconfls=761, core 26, tier2 2, local 1213,  14 soft cls unsat (0 at L0), 13 fixed vars at L0, softCnfl 0, nbFlyRd 36, nbFixedLH 93
c nbHardens 1 (fixed 27849), shorten: 0, prunedLB 7.22, dev 1.76, succRate 0.80, nbSucc 1186, lk: 1491, shorten: 0, quasiC: 1120 (fixed: 27759)

c ends of initiationization by VSIDS at 7659 conflicts with init 8768

LKPREFIX_EVENTS partial=105140 kept_literals=3893179

c Cardinality: 3142 (Sinz+MTO) for UB 14
c UB=14 succs, confls=8682, hconfls=924, core 96, tier2 26, local 2179,  12 soft cls unsat (0 at L0), 13 fixed vars at L0, softCnfl 0, nbFlyRd 50, nbFixedLH 119
c nbHardens 1 (fixed 32348), shorten: 0, prunedLB 7.61, dev 1.32, succRate 0.66, nbSucc 860, lk: 1306, shorten: 0, quasiC: 1305 (fixed: 32258)


c Cardinality: 2836 (Sinz+MTO) for UB 12
c UB=12 succs, confls=9635, hconfls=981, core 585, tier2 777, local 2820,  10 soft cls unsat (0 at L0), 13 fixed vars at L0, softCnfl 0, nbFlyRd 53, nbFixedLH 123
c nbHardens 1 (fixed 36093), shorten: 0, prunedLB 6.32, dev 1.00, succRate 0.78, nbSucc 896, lk: 1144, shorten: 0, quasiC: 1446 (fixed: 36003)


c Cardinality: 2523 (Sinz+MTO) for UB 10
c nbFailedLits 0, nbI 0, fixedVarsByFL 0, totalFixedVars 13, nbTested: 1001, counter 230200
c nbFailedLits 0, nbI 0, fixedVarsByFL 0, totalFixedVars 15, nbTested: 1001, counter 353937
c nbFailedLits 0, nbI 0, fixedVarsByFL 0, totalFixedVars 23, nbTested: 1001, counter 555610
c nbFailedLits 0, nbI 0, fixedVarsByFL 0, totalFixedVars 26, nbTested: 1001, counter 765893
c ***** top quasi confl at level 0*****
c LRB phase 1: conflicts 34742, phase 20000000, starts 125, UP 5812554
c UB=10 fails, cnfls=42401, hcnfls=3481, core 2952, tier2 766, local 4410, quasiC: 7950 (fixed: 210238)
c prunedLB 5.67, dev 1.35, succRate 0.67, nbSucc 30267, nbHardens 1 (fixed 210328), lk: 45360, shorten: 0, pureSo 0, nbFlyRd 186, nbFixedLH 616
c ===============================================================================
c initCost: 0, fixedBySearch: 0, optimal: 10, maxsat: 80, hardConflicts: 3481
c nbLK: 57111, nbSuccLK: 38923(68.15%), nbLKup: 32077727(462.11%), hardens 1 (fixed 210328), dynVars 5770, shorten: 0
c restarts              : 180
c conflicts             : 42401          (20600 /sec)
c decisions             : 60763          (0.00 % random) (29521 /sec)
c propagations          : 6941563        (3372439 /sec)
c conflict literals     : 1041788        (36.91 % deleted)
c CPU time              : 2.05832 s
c nbSimplifyAll         : 7
c s_propagations        : 1612096     
c s_cost_ratio          : 23.22%

s UNSATISFIABLE
