OK  BB_1080_4_54 card-sinz TIMEOUT None 60.046 | TIMEOUT None 60.025 []
OK  BB_1080_4_54 default TIMEOUT None 60.04 | TIMEOUT None 60.036 []
OK  BB_1080_4_54 card-mto TIMEOUT None 60.032 | TIMEOUT None 60.043 []
OK  BB_1080_4_54 no-card TIMEOUT None 60.04 | TIMEOUT None 60.041 []
OK  BB_108_8_10 default done 10 2.891 | done 10 2.422 []
OK  BB_108_8_10 card-mto done 10 2.901 | done 10 2.431 []
OK  BB_108_8_10 no-card done 10 3.12 | done 10 2.306 []
OK  BB_108_8_10 card-sinz done 10 3.681 | done 10 3.136 []
OK  BB_144_12_12 default done 12 13.693 | done 12 12.904 []
OK  BB_144_12_12 no-card done 12 14.109 | done 12 13.122 []
OK  BB_144_12_12 card-mto done 12 13.9 | done 12 13.268 []
OK  BB_144_12_12 card-sinz done 12 20.029 | done 12 17.783 []
OK  BB_144_14_14 default TIMEOUT None 60.02 | TIMEOUT None 60.023 []
OK  BB_144_14_14 no-card TIMEOUT None 60.015 | TIMEOUT None 60.025 []
OK  BB_144_14_14 card-mto TIMEOUT None 60.023 | TIMEOUT None 60.021 []
OK  BB_144_14_14 card-sinz TIMEOUT None 60.024 | TIMEOUT None 60.019 []
OK  BB_288_12_unknown default TIMEOUT None 60.025 | TIMEOUT None 60.02 []
OK  BB_288_12_unknown no-card TIMEOUT None 60.022 | TIMEOUT None 60.014 []
OK  BB_288_12_unknown card-mto TIMEOUT None 60.019 | TIMEOUT None 60.018 []
OK  BB_288_12_unknown card-sinz TIMEOUT None 60.018 | TIMEOUT None 60.022 []
OK  BB_360_12_unknown default TIMEOUT None 60.026 | TIMEOUT None 60.017 []
OK  BB_72_12_6 default done 6 0.155 | done 6 0.062 []
OK  BB_72_12_6 no-card done 6 0.113 | done 6 0.072 []
OK  BB_72_12_6 card-mto done 6 0.124 | done 6 0.068 []
OK  BB_360_12_unknown no-card TIMEOUT None 60.021 | TIMEOUT None 60.02 []
OK  BB_360_12_unknown card-mto TIMEOUT None 60.024 | TIMEOUT None 60.021 []
OK  BB_72_12_6 card-sinz done 6 0.1 | done 6 0.099 []
OK  BB_360_12_unknown card-sinz TIMEOUT None 60.027 | TIMEOUT None 60.021 []
OK  BB_756_16_34 default TIMEOUT None 60.033 | TIMEOUT None 60.031 []
OK  BB_756_16_34 no-card TIMEOUT None 60.03 | TIMEOUT None 60.03 []
OK  BB_756_16_34 card-mto TIMEOUT None 60.032 | TIMEOUT None 60.03 []
OK  BB_756_16_34 card-sinz TIMEOUT None 60.032 | TIMEOUT None 60.027 []
OK  BB_864_4_40 default TIMEOUT None 60.033 | TIMEOUT None 60.037 []
OK  BB_864_4_40 no-card TIMEOUT None 60.03 | TIMEOUT None 60.029 []
OK  BB_864_4_40 card-mto TIMEOUT None 60.034 | TIMEOUT None 60.041 []
OK  BB_90_8_10 no-card done 10 1.888 | done 10 1.981 []
OK  BB_90_8_10 default done 10 2.328 | done 10 2.475 []
OK  BB_90_8_10 card-mto done 10 2.891 | done 10 1.945 []
OK  BB_90_8_10 card-sinz done 10 3.462 | done 10 2.591 []
OK  BB_864_4_40 card-sinz TIMEOUT None 60.025 | TIMEOUT None 60.033 []
OK  GB_144_12_12 default TIMEOUT None 60.016 | TIMEOUT None 60.022 []
OK  GB_144_12_12 no-card TIMEOUT None 60.022 | TIMEOUT None 60.022 []
OK  GB_144_12_8 no-card done 8 0.668 | done 8 0.47 []
OK  GB_144_12_8 default done 8 0.912 | done 8 0.717 []
OK  GB_144_12_8 card-sinz done 8 0.583 | done 8 0.697 []
OK  GB_144_12_8 card-mto done 8 0.919 | done 8 0.719 []
OK  LP_136_32_4 no-card done 4 0.131 | done 4 0.099 []
OK  LP_136_32_4 default done 4 0.204 | done 4 0.121 []
OK  LP_136_32_4 card-sinz done 4 0.142 | done 4 0.111 []
OK  LP_136_32_4 card-mto done 4 0.19 | done 4 0.119 []
OK  GB_144_12_12 card-mto TIMEOUT None 60.025 | TIMEOUT None 60.017 []
OK  GB_144_12_12 card-sinz TIMEOUT None 60.027 | TIMEOUT None 60.022 []
OK  LP_1768_224_unknown default TIMEOUT None 60.073 | TIMEOUT None 60.058 []
OK  LP_1768_224_unknown no-card TIMEOUT None 60.057 | TIMEOUT None 60.078 []
OK  LP_1768_224_unknown card-mto TIMEOUT None 60.05 | TIMEOUT None 60.075 []
OK  LP_238_44_6 no-card done 6 1.498 | done 6 0.793 []
OK  LP_238_44_6 default done 6 1.35 | done 6 1.142 []
OK  LP_1768_224_unknown card-sinz TIMEOUT None 60.065 | TIMEOUT None 60.054 []
OK  LP_238_44_6 card-mto done 6 1.347 | done 6 1.145 []
OK  LP_238_44_6 card-sinz done 6 1.389 | done 6 1.456 []
OK  LP_340_56_8 no-card done 8 7.767 | done 8 6.332 []
OK  LP_34_20_2 default done 2 0.029 | done 2 0.021 []
OK  LP_34_20_2 no-card done 2 0.018 | done 2 0.021 []
OK  LP_34_20_2 card-mto done 2 0.018 | done 2 0.021 []
OK  LP_34_20_2 card-sinz done 2 0.018 | done 2 0.02 []
OK  LP_340_56_8 default done 8 9.163 | done 8 7.759 []
OK  LP_340_56_8 card-mto done 8 9.092 | done 8 7.792 []
OK  LP_340_56_8 card-sinz done 8 11.422 | done 8 9.499 []
OK  LP_442_68_10 default TIMEOUT None 60.024 | TIMEOUT None 60.033 []
OK  LP_442_68_10 no-card TIMEOUT None 60.022 | TIMEOUT None 60.03 []
OK  LP_442_68_10 card-mto TIMEOUT None 60.03 | TIMEOUT None 60.029 []
OK  LP_442_68_10 card-sinz TIMEOUT None 60.028 | TIMEOUT None 60.024 []
OK  LP_544_80_12 default TIMEOUT None 60.027 | TIMEOUT None 60.027 []
OK  LP_544_80_12 no-card TIMEOUT None 60.029 | TIMEOUT None 60.025 []
OK  LP_544_80_12 card-mto TIMEOUT None 60.026 | TIMEOUT None 60.026 []
OK  LP_544_80_12 card-sinz TIMEOUT None 60.024 | TIMEOUT None 60.021 []
OK  LP_714_100_unknown default TIMEOUT None 60.023 | TIMEOUT None 60.036 []
OK  LP_714_100_unknown no-card TIMEOUT None 60.03 | TIMEOUT None 60.022 []
OK  LP_714_100_unknown card-mto TIMEOUT None 60.032 | TIMEOUT None 60.038 []
OK  LP_714_100_unknown card-sinz TIMEOUT None 60.024 | TIMEOUT None 60.038 []
OK  PK_31 default TIMEOUT None 60.04 | TIMEOUT None 60.042 []
OK  PK_31 no-card TIMEOUT None 60.036 | TIMEOUT None 60.04 []
OK  PK_31 card-mto TIMEOUT None 60.035 | TIMEOUT None 60.046 []
OK  PK_31 card-sinz TIMEOUT None 60.048 | TIMEOUT None 60.042 []
OK  TN_108_2_12 default done 12 32.658 | done 12 34.65 []
OK  TN_108_2_12 card-mto done 12 32.506 | done 12 34.755 []
OK  TN_108_2_12 no-card done 12 34.533 | done 12 39.108 []
OK  TN_108_2_12 card-sinz done 12 38.635 | done 12 42.451 []
OK  TN_144_2_13 default TIMEOUT None 60.026 | TIMEOUT None 60.023 []
OK  TN_144_2_13 no-card TIMEOUT None 60.017 | TIMEOUT None 60.018 []
OK  TN_144_2_13 card-mto TIMEOUT None 60.014 | TIMEOUT None 60.023 []
OK  TN_144_2_13 card-sinz TIMEOUT None 60.017 | TIMEOUT None 60.023 []
OK  TN_180_2_17 default TIMEOUT None 60.021 | TIMEOUT None 60.027 []
OK  TN_180_2_17 no-card TIMEOUT None 60.015 | TIMEOUT None 60.025 []
OK  TN_180_2_17 card-mto TIMEOUT None 60.02 | TIMEOUT None 60.021 []
OK  TN_180_2_17 card-sinz TIMEOUT None 60.024 | TIMEOUT None 60.016 []
OK  TN_200_10_10 card-sinz done 10 33.284 | done 10 20.954 []
OK  TN_200_10_10 default done 10 16.649 | TIMEOUT None 60.02 []
OK  TN_200_10_10 card-mto done 10 16.652 | TIMEOUT None 60.019 []
OK  TN_200_10_10 no-card TIMEOUT None 60.023 | done 10 22.698 []
OK  TN_216_4_18 default TIMEOUT None 60.014 | TIMEOUT None 60.016 []
OK  TN_216_4_18 no-card TIMEOUT None 60.022 | TIMEOUT None 60.015 []
OK  TN_216_4_18 card-mto TIMEOUT None 60.017 | TIMEOUT None 60.019 []
OK  TN_216_4_18 card-sinz TIMEOUT None 60.021 | TIMEOUT None 60.017 []
OK  TN_250_10_15 default TIMEOUT None 60.023 | TIMEOUT None 60.029 []
OK  TN_250_10_15 no-card TIMEOUT None 60.024 | TIMEOUT None 60.016 []
OK  TN_250_10_15 card-mto TIMEOUT None 60.019 | TIMEOUT None 60.021 []
OK  TN_250_10_15 card-sinz TIMEOUT None 60.019 | TIMEOUT None 60.018 []
OK  TN_252_2_21 default TIMEOUT None 60.021 | TIMEOUT None 60.019 []
OK  TN_252_2_21 no-card TIMEOUT None 60.018 | TIMEOUT None 60.023 []
OK  TN_252_2_21 card-mto TIMEOUT None 60.024 | TIMEOUT None 60.026 []
OK  TN_252_2_21 card-sinz TIMEOUT None 60.023 | TIMEOUT None 60.023 []
OK  TN_288_2_24 default TIMEOUT None 60.02 | TIMEOUT None 60.022 []
OK  TN_288_2_24 no-card TIMEOUT None 60.02 | TIMEOUT None 60.025 []
OK  TN_288_2_24 card-mto TIMEOUT None 60.02 | TIMEOUT None 60.019 []
OK  TN_288_2_24 card-sinz TIMEOUT None 60.027 | TIMEOUT None 60.023 []
OK  TN_324_4_25 default TIMEOUT None 60.027 | TIMEOUT None 60.026 []
OK  TN_324_4_25 no-card TIMEOUT None 60.017 | TIMEOUT None 60.014 []
OK  TN_324_4_25 card-mto TIMEOUT None 60.018 | TIMEOUT None 60.022 []
OK  TN_324_4_25 card-sinz TIMEOUT None 60.024 | TIMEOUT None 60.027 []
OK  TN_360_4_24 default TIMEOUT None 60.025 | TIMEOUT None 60.023 []
OK  TN_36_8_3 default done 3 0.033 | done 3 0.021 []
OK  TN_36_8_3 no-card done 3 0.029 | done 3 0.02 []
OK  TN_36_8_3 card-mto done 3 0.029 | done 3 0.031 []
OK  TN_36_8_3 card-sinz done 3 0.03 | done 3 0.02 []
OK  TN_36_8_4 default done 4 0.037 | done 4 0.036 []
OK  TN_36_8_4 no-card done 4 0.036 | done 4 0.036 []
OK  TN_36_8_4 card-mto done 4 0.056 | done 4 0.039 []
OK  TN_36_8_4 card-sinz done 4 0.049 | done 4 0.027 []
OK  TN_360_4_24 no-card TIMEOUT None 60.022 | TIMEOUT None 60.028 []
OK  TN_360_4_24 card-mto TIMEOUT None 60.018 | TIMEOUT None 60.025 []
OK  TN_360_4_24 card-sinz TIMEOUT None 60.021 | TIMEOUT None 60.03 []
OK  TN_396_4_26 default TIMEOUT None 60.02 | TIMEOUT None 60.027 []
OK  TN_396_4_26 no-card TIMEOUT None 60.021 | TIMEOUT None 60.023 []
OK  TN_396_4_26 card-mto TIMEOUT None 60.018 | TIMEOUT None 60.023 []
OK  TN_396_4_26 card-sinz TIMEOUT None 60.026 | TIMEOUT None 60.029 []
OK  TN_432_8_33 default TIMEOUT None 60.018 | TIMEOUT None 60.026 []
OK  TN_432_8_33 no-card TIMEOUT None 60.02 | TIMEOUT None 60.029 []
OK  TN_432_8_33 card-mto TIMEOUT None 60.018 | TIMEOUT None 60.02 []
OK  TN_432_8_33 card-sinz TIMEOUT None 60.024 | TIMEOUT None 60.02 []
OK  TN_468_4_31 default TIMEOUT None 60.03 | TIMEOUT None 60.022 []
OK  TN_468_4_31 no-card TIMEOUT None 60.024 | TIMEOUT None 60.027 []
OK  TN_468_4_31 card-mto TIMEOUT None 60.021 | TIMEOUT None 60.03 []
OK  TN_468_4_31 card-sinz TIMEOUT None 60.019 | TIMEOUT None 60.027 []
OK  TN_496_2_32 default TIMEOUT None 60.019 | TIMEOUT None 60.023 []
OK  TN_496_2_32 no-card TIMEOUT None 60.022 | TIMEOUT None 60.025 []
OK  TN_496_2_32 card-mto TIMEOUT None 60.03 | TIMEOUT None 60.024 []
OK  TN_496_2_32 card-sinz TIMEOUT None 60.025 | TIMEOUT None 60.029 []
OK  TN_504_2_45 default TIMEOUT None 60.029 | TIMEOUT None 60.027 []
OK  TN_504_2_45 no-card TIMEOUT None 60.03 | TIMEOUT None 60.022 []
OK  TN_504_2_45 card-mto TIMEOUT None 60.021 | TIMEOUT None 60.029 []
OK  TN_504_2_45 card-sinz TIMEOUT None 60.027 | TIMEOUT None 60.024 []
OK  TN_540_4_40 default TIMEOUT None 60.021 | TIMEOUT None 60.021 []
OK  TN_540_4_40 no-card TIMEOUT None 60.023 | TIMEOUT None 60.027 []
OK  TN_54_11_4 default done 4 0.06 | done 4 0.041 []
OK  TN_54_11_4 no-card done 4 0.051 | done 4 0.041 []
OK  TN_54_11_4 card-mto done 4 0.06 | done 4 0.028 []
OK  TN_54_11_4 card-sinz done 4 0.05 | done 4 0.05 []
OK  TN_540_4_40 card-mto TIMEOUT None 60.023 | TIMEOUT None 60.027 []
OK  TN_540_4_40 card-sinz TIMEOUT None 60.025 | TIMEOUT None 60.032 []
OK  TN_576_2_57 default TIMEOUT None 60.023 | TIMEOUT None 60.027 []
OK  TN_576_2_57 no-card TIMEOUT None 60.029 | TIMEOUT None 60.026 []
OK  TN_576_2_57 card-mto TIMEOUT None 60.026 | TIMEOUT None 60.028 []
OK  TN_576_2_57 card-sinz TIMEOUT None 60.03 | TIMEOUT None 60.026 []
OK  TN_576_2_59 default TIMEOUT None 60.034 | TIMEOUT None 60.031 []
OK  TN_576_2_59 no-card TIMEOUT None 60.029 | TIMEOUT None 60.033 []
OK  TN_576_2_59 card-mto TIMEOUT None 60.032 | TIMEOUT None 60.028 []
OK  TN_576_2_59 card-sinz TIMEOUT None 60.029 | TIMEOUT None 60.027 []
OK  TN_612_2_52 default TIMEOUT None 60.033 | TIMEOUT None 60.035 []
OK  TN_612_2_52 no-card TIMEOUT None 60.031 | TIMEOUT None 60.026 []
OK  TN_612_2_52 card-mto TIMEOUT None 60.031 | TIMEOUT None 60.025 []
OK  TN_612_2_52 card-sinz TIMEOUT None 60.028 | TIMEOUT None 60.027 []
OK  TN_648_10_71 default TIMEOUT None 60.02 | TIMEOUT None 60.03 []
OK  TN_648_10_71 no-card TIMEOUT None 60.029 | TIMEOUT None 60.03 []
OK  TN_648_10_71 card-mto TIMEOUT None 60.029 | TIMEOUT None 60.032 []
OK  TN_648_10_71 card-sinz TIMEOUT None 60.028 | TIMEOUT None 60.03 []
OK  TN_648_14_50 default TIMEOUT None 60.032 | TIMEOUT None 60.035 []
OK  TN_648_14_50 no-card TIMEOUT None 60.034 | TIMEOUT None 60.03 []
OK  TN_648_14_50 card-mto TIMEOUT None 60.029 | TIMEOUT None 60.029 []
OK  TN_648_14_50 card-sinz TIMEOUT None 60.016 | TIMEOUT None 60.024 []
OK  TN_684_2_29 default TIMEOUT None 60.021 | TIMEOUT None 60.035 []
OK  TN_684_2_29 no-card TIMEOUT None 60.029 | TIMEOUT None 60.031 []
OK  TN_72_14_4 no-card done 4 0.061 | done 4 0.052 []
OK  TN_72_14_4 default done 4 0.064 | done 4 0.062 []
OK  TN_72_14_4 card-sinz done 4 0.051 | done 4 0.03 []
OK  TN_72_14_4 card-mto done 4 0.062 | done 4 0.059 []
OK  TN_72_8_8 no-card done 8 0.71 | done 8 0.362 []
OK  TN_72_8_8 default done 8 0.85 | done 8 0.469 []
OK  TN_72_8_8 card-mto done 8 0.69 | done 8 0.453 []
OK  TN_72_8_8 card-sinz done 8 0.64 | done 8 0.438 []
OK  TN_684_2_29 card-mto TIMEOUT None 60.032 | TIMEOUT None 60.029 []
OK  TN_684_2_29 card-sinz TIMEOUT None 60.028 | TIMEOUT None 60.028 []
OK  xu_30 default TIMEOUT None 60.042 | TIMEOUT None 60.037 []
OK  xu_30 no-card TIMEOUT None 60.033 | TIMEOUT None 60.039 []
OK  xu_30 card-mto TIMEOUT None 60.04 | TIMEOUT None 60.04 []
OK  xu_30 card-sinz TIMEOUT None 60.027 | TIMEOUT None 60.043 []
OK  xu_42 default TIMEOUT None 60.058 | TIMEOUT None 60.062 []
OK  xu_42 no-card TIMEOUT None 60.034 | TIMEOUT None 60.062 []
OK  xu_42 card-mto TIMEOUT None 60.054 | TIMEOUT None 60.057 []
OK  xu_42 card-sinz TIMEOUT None 60.056 | TIMEOUT None 60.058 []
{"both_done": 61, "only_cand_done": 1, "only_base_done": 2, "problems": 0} ALL_OK
