c This is COMiniSatPS.
c ============================[ Problem Statistics ]=============================
c |                                                                             |
c initial UB: 2147483647
c |  Number of variables:             6                                         |
c |  Number of clauses:               1                                         |
c |  Parse time:                   0.00 s                                       |
c |                                                                             |
c ============================[ Search Statistics ]==============================
c | Conflicts |          ORIGINAL         |          LEARNT          | Progress |
c |           |    Vars  Clauses Literals |    Limit  Clauses Lit/Cl |          |
c ===============================================================================
c nb soft clauses: 6, of which 6 unit, 0 nonUnit and 0 empty
c total nb of literals: 6
c conflLits 0, conflLits2 0, nbFailedLits 0, fixedVarsBypreproc 0, totalFixedVars 0
c 1 conflict sets found with length 6
c fixedCost 0, nbSatLits 0, totalFixedVars 0, objForSearch: 6

c no UB provided, search from scratch...
c ends of initiationization by VSIDS at 0 conflicts with init 10000

c UB=1 fails, cnfls=0, hcnfls=0, core 0, tier2 0, local 0, quasiC: 0 (fixed: 0)
c prunedLB 0.00, dev 0.00, succRate 0.00, nbSucc 0, nbHardens 1 (fixed 6), lk: 1, shorten: 0, pureSo 0, nbFlyRd 0, nbFixedLH 0

c Cardinality: 29 (Sinz+MTO) for UB 2
c UB=2 succs, confls=0, hconfls=0, core 0, tier2 0, local 0,  1 soft cls unsat (0 at L0), 0 fixed vars at L0, softCnfl 0, nbFlyRd 0, nbFixedLH 0
c nbHardens 3 (fixed 6), shorten: 0, prunedLB 0.00, dev 0.00, succRate 0.00, nbSucc 0, lk: 1, shorten: 0, quasiC: 1 (fixed: 0)

c ends of initiationization by VSIDS at 0 conflicts with init 10000

c UB=1 fails, cnfls=0, hcnfls=0, core 0, tier2 0, local 0, quasiC: 1 (fixed: 0)
c prunedLB 0.00, dev 0.00, succRate 0.00, nbSucc 0, nbHardens 3 (fixed 6), lk: 0, shorten: 0, pureSo 0, nbFlyRd 0, nbFixedLH 0
c ===============================================================================
c initCost: 0, fixedBySearch: 0, optimal: 1, maxsat: 5, hardConflicts: 0
c nbLK: 2, nbSuccLK: 0(0.00%), nbLKup: 11(64.71%), hardens 3 (fixed 6), dynVars 10, shorten: 0
c restarts              : 2
c conflicts             : 0              (-nan /sec)
c decisions             : 6              (0.00 % random) (inf /sec)
c propagations          : 17             (inf /sec)
c conflict literals     : 0              (-nan % deleted)
c CPU time              : 0 s
c nbSimplifyAll         : 0
c s_propagations        : 12          
c s_cost_ratio          : 70.59%

s UNSATISFIABLE
