c This is COMiniSatPS.
c ============================[ Problem Statistics ]=============================
c |                                                                             |
c initial UB: 2
c |  Number of variables:             5                                         |
c |  Number of clauses:               5                                         |
c |  Parse time:                   0.00 s                                       |
c |                                                                             |
c ============================[ Search Statistics ]==============================
c | Conflicts |          ORIGINAL         |          LEARNT          | Progress |
c |           |    Vars  Clauses Literals |    Limit  Clauses Lit/Cl |          |
c ===============================================================================
c nb soft clauses: 5, of which 5 unit, 0 nonUnit and 0 empty
c total nb of literals: 10
c conflLits 6, conflLits2 0, nbFailedLits 1, fixedVarsBypreproc 1, totalFixedVars 1
c init nbIsets: 3
c nbIsets after pass 1: 2
c isets 2, derivedCost 1
c 0 conflict sets found with length 0
c fixedCost 1, nbSatLits 0, totalFixedVars 1, objForSearch: 3

c provided UB: 1
c UB=1 succs, confls=0, hconfls=0, core 0, tier2 0, local 0,  0 soft cls unsat (0 at L0), 0 fixed vars at L0, softCnfl 0, nbFlyRd 0, nbFixedLH 0
c nbHardens 2 (fixed 3), shorten: 0, prunedLB 0.00, dev 0.00, succRate 0.00, nbSucc 0, lk: 1, shorten: 0, quasiC: 0 (fixed: 0)

c ends of initiationization by VSIDS at 0 conflicts with init 10000

c UB=0 succ, confls=0 and hconfls=0 with 0 soft clauses unsat (0 at level 0) and 0 fixed vars at level 0,  prunedLB 0.00, dev 0.00, succRate 0.00, nbSucc 0, shortened : 0
c ===============================================================================
c initCost: 0, fixedBySearch: 1, optimal: 2, maxsat: 3, hardConflicts: 0
c nbLK: 1, nbSuccLK: 0(0.00%), nbLKup: 5(83.33%), hardens 2 (fixed 3), dynVars 0, shorten: 0
c restarts              : 1
c conflicts             : 0              (0 /sec)
c decisions             : 1              (0.00 % random) (67 /sec)
c propagations          : 6              (400 /sec)
c conflict literals     : 0              (-nan % deleted)
c CPU time              : 0.015 s
c nbSimplifyAll         : 0
c s_propagations        : 30          
c s_cost_ratio          : 500.00%

s SATISFIABLE
