000000010043c000 b .bss
000000010063c6e0 b .bss
000000010043c000 b .bss
000000010063c840 b .bss
000000010063c6a0 b .bss
000000010063c6a0 b .bss
000000010043c000 b .bss
000000010063c6a0 b .bss
000000010063c6a0 b .bss
000000010063c6a0 b .bss
000000010063c840 b .bss
000000010043c000 b .bss
000000010063c6a0 b .bss
000000010063c6a0 b .bss
000000010063c6e0 b .bss
000000010063c6a0 b .bss
000000010043c1e0 b .bss
000000010063c6b0 b .bss
000000010063c6e0 b .bss
000000010063c840 b .bss
000000010063c860 b .bss
000000010063c840 b .bss
000000010063c6a0 b .bss
0000000100437c00 r .ctors
0000000100437bf8 r .ctors
0000000100437c08 r .ctors.65535
0000000100434080 d .data
0000000100434030 d .data
0000000100434080 d .data
0000000100434080 d .data
0000000100434030 d .data
0000000100434080 d .data
0000000100434030 d .data
0000000100434080 d .data
0000000100434080 d .data
0000000100434010 d .data
0000000100434080 d .data
0000000100434010 d .data
0000000100434010 d .data
0000000100434030 d .data
0000000100434000 d .data
0000000100434030 d .data
0000000100434000 d .data
0000000100434080 d .data
0000000100434030 d .data
0000000100434040 d .data
0000000100434080 d .data
0000000100434030 d .data
0000000100434030 d .data
0000000100434080 d .data$_ZGVZN7Minisat6Option13getOptionListEvE7options
0000000100434090 d .data$_ZZN7Minisat6Option13getOptionListEvE7options
00000001004340a0 d .data$_ZZN7Minisat6Option14getUsageStringEvE9usage_str
00000001004340b0 d .data$_ZZN7Minisat6Option19getHelpPrefixStringEvE15help_prefix_str
000000010073de5d N .debug_abbrev
000000010073e7ef N .debug_abbrev
000000010073e5d8 N .debug_abbrev
000000010073e5ad N .debug_abbrev
000000010073e521 N .debug_abbrev
000000010073e373 N .debug_abbrev
000000010073d3d3 N .debug_abbrev
000000010073dfb5 N .debug_abbrev
000000010073b361 N .debug_abbrev
000000010073a000 N .debug_abbrev
000000010073df5f N .debug_abbrev
000000010073df09 N .debug_abbrev
000000010073deb3 N .debug_abbrev
000000010073dd8e N .debug_abbrev
000000010073a21e N .debug_abbrev
000000010073dd28 N .debug_abbrev
000000010073dd7a N .debug_abbrev
000000010073c304 N .debug_abbrev
0000000100640fc0 N .debug_aranges
0000000100641050 N .debug_aranges
0000000100641080 N .debug_aranges
0000000100640ec0 N .debug_aranges
0000000100640f60 N .debug_aranges
00000001006400d0 N .debug_aranges
0000000100640030 N .debug_aranges
0000000100640f90 N .debug_aranges
00000001006410b0 N .debug_aranges
00000001006410e0 N .debug_aranges
0000000100641170 N .debug_aranges
00000001006411a0 N .debug_aranges
0000000100641110 N .debug_aranges
0000000100640490 N .debug_aranges
0000000100640ff0 N .debug_aranges
0000000100641020 N .debug_aranges
0000000100640000 N .debug_aranges
0000000100641140 N .debug_aranges
00000001007a4728 N .debug_frame
000000010079f990 N .debug_frame
000000010079f038 N .debug_frame
00000001007a0d90 N .debug_frame
000000010079f000 N .debug_frame
00000001007a4758 N .debug_frame
00000001007a47a0 N .debug_frame
00000001007a47d8 N .debug_frame
00000001007a4568 N .debug_frame
00000001007a4808 N .debug_frame
00000001007a4838 N .debug_frame
00000001007a4868 N .debug_frame
00000001007a4898 N .debug_frame
00000001007a48e8 N .debug_frame
00000001007a4950 N .debug_frame
00000001007a4980 N .debug_frame
00000001007a49b0 N .debug_frame
00000001007a0c98 N .debug_frame$_ZN7Minisat10BoolOption4helpEb
00000001007a0d10 N .debug_frame$_ZN7Minisat10BoolOption5parseEPKc
00000001007a0ab0 N .debug_frame$_ZN7Minisat10BoolOptionD0Ev
00000001007a0990 N .debug_frame$_ZN7Minisat10BoolOptionD1Ev
00000001007a06b0 N .debug_frame$_ZN7Minisat10SimpSolver14updateElimHeapEi
00000001007a0ae0 N .debug_frame$_ZN7Minisat12DoubleOption4helpEb
00000001007a0b80 N .debug_frame$_ZN7Minisat12DoubleOption5parseEPKc
00000001007a0a50 N .debug_frame$_ZN7Minisat12DoubleOptionD0Ev
00000001007a09f0 N .debug_frame$_ZN7Minisat12DoubleOptionD1Ev
00000001007a3c70 N .debug_frame$_ZN7Minisat15ClauseAllocator5allocINS_3vecINS_3LitEEEEEjRKT_b
00000001007a07e0 N .debug_frame$_ZN7Minisat15ClauseAllocator5relocERjRS0_
00000001007a0388 N .debug_frame$_ZN7Minisat15RegionAllocatorIjE5allocEi
00000001007a3a60 N .debug_frame$_ZN7Minisat15RegionAllocatorIjE8capacityEj
00000001007a4320 N .debug_frame$_ZN7Minisat3vecINS0_INS_3LitEEEE5clearEb
00000001007a3c10 N .debug_frame$_ZN7Minisat3vecINS0_INS_3LitEEEE6growToEi
00000001007a4198 N .debug_frame$_ZN7Minisat3vecINS0_IiEEE8capacityEi
00000001007a0858 N .debug_frame$_ZN7Minisat3vecINS0_IjEEE5clearEb
00000001007a3bc8 N .debug_frame$_ZN7Minisat3vecINS_3LitEE4pushERKS1_
00000001007a4020 N .debug_frame$_ZN7Minisat3vecINS_3LitEE4pushEv
00000001007a3f30 N .debug_frame$_ZN7Minisat3vecINS_3LitEE6growToEiRKS1_
000000010079f710 N .debug_frame$_ZN7Minisat3vecINS_3LitEE8capacityEi
00000001007a3aa8 N .debug_frame$_ZN7Minisat3vecINS_5lboolEE8capacityEi
00000001007a3af0 N .debug_frame$_ZN7Minisat3vecINS_6Solver7VarDataEE8capacityEi
00000001007a3ce8 N .debug_frame$_ZN7Minisat3vecINS_6Solver7WatcherEE8capacityEi
000000010079f8f8 N .debug_frame$_ZN7Minisat3vecIPNS_6OptionEE4pushERKS2_
000000010079f948 N .debug_frame$_ZN7Minisat3vecIPNS_6OptionEE8capacityEi
00000001007a0a20 N .debug_frame$_ZN7Minisat3vecIPNS_6OptionEED1Ev
00000001007a03e0 N .debug_frame$_ZN7Minisat3vecIcE8capacityEi
00000001007a3b38 N .debug_frame$_ZN7Minisat3vecIdE8capacityEi
00000001007a04b0 N .debug_frame$_ZN7Minisat3vecIiE4pushERKi
00000001007a02b0 N .debug_frame$_ZN7Minisat3vecIiE8capacityEi
00000001007a05f0 N .debug_frame$_ZN7Minisat3vecIjE4pushERKj
00000001007a02f8 N .debug_frame$_ZN7Minisat3vecIjE6growToEi
00000001007a0340 N .debug_frame$_ZN7Minisat3vecIjE8capacityEi
00000001007a3b80 N .debug_frame$_ZN7Minisat3vecImE8capacityEi
00000001007a0578 N .debug_frame$_ZN7Minisat4HeapINS_10SimpSolver6ElimLtEE11percolateUpEi
00000001007a0640 N .debug_frame$_ZN7Minisat4HeapINS_10SimpSolver6ElimLtEE13percolateDownEi
00000001007a08b0 N .debug_frame$_ZN7Minisat4HeapINS_10SimpSolver6ElimLtEE5clearEb
00000001007a04f8 N .debug_frame$_ZN7Minisat4HeapINS_10SimpSolver6ElimLtEE6insertEi
00000001007a08f8 N .debug_frame$_ZN7Minisat4HeapINS_10SimpSolver6ElimLtEED1Ev
00000001007a4130 N .debug_frame$_ZN7Minisat4HeapINS_6Solver10VarOrderGtEE11percolateUpEi
00000001007a3f98 N .debug_frame$_ZN7Minisat4HeapINS_6Solver10VarOrderGtEE9removeMinEv
00000001007a40d0 N .debug_frame$_ZN7Minisat4HeapINS_6Solver10VarOrderLtEE11percolateUpEi
00000001007a3dd0 N .debug_frame$_ZN7Minisat4HeapINS_6Solver10VarOrderLtEE5buildERKNS_3vecIiEE
00000001007a42c8 N .debug_frame$_ZN7Minisat4HeapINS_6Solver10VarOrderLtEE6insertEi
00000001007a4378 N .debug_frame$_ZN7Minisat4HeapINS_6Solver10VarOrderLtEED1Ev
00000001007a4690 N .debug_frame$_ZN7Minisat4sortIPNS_6OptionENS1_8OptionLtEEEvPT_iT0_
00000001007a41e0 N .debug_frame$_ZN7Minisat4sortIj11reduceDB_ltEEvPT_iT0_
00000001007a44f8 N .debug_frame$_ZN7Minisat4sortIj13reduceCORE_ltEEvPT_iT0_
00000001007a4478 N .debug_frame$_ZN7Minisat4sortIj14reduceTIER2_ltEEvPT_iT0_
00000001007a07a0 N .debug_frame$_ZN7Minisat6Clause10strengthenENS_3LitE
000000010079f8a8 N .debug_frame$_ZN7Minisat6Option13getOptionListEv
00000001007a4268 N .debug_frame$_ZN7Minisat6Solver10computeLBDINS_6ClauseEEEiRKT_
00000001007a0428 N .debug_frame$_ZN7Minisat6Solver14setDecisionVarEib
00000001007a4298 N .debug_frame$_ZN7Minisat6Solver15claBumpActivityERNS_6ClauseE
00000001007a4068 N .debug_frame$_ZN7Minisat6Solver15varBumpActivityEid
00000001007a3eb0 N .debug_frame$_ZN7Minisat6Solver24newAuxiVarForCardinalityEv
00000001007a4420 N .debug_frame$_ZN7Minisat6Solver7binDRUPINS_3vecINS_3LitEEEEEvhRKT_P9__sFILE64
00000001007a0d60 N .debug_frame$_ZN7Minisat6Solver8byteDRUPENS_3LitE
00000001007a3d30 N .debug_frame$_ZN7Minisat8OccListsINS_3LitENS_3vecINS_6Solver7WatcherEEENS3_14WatcherDeletedEE8cleanAllEv
00000001007a43c8 N .debug_frame$_ZN7Minisat8OccListsINS_3LitENS_3vecINS_6Solver7WatcherEEENS3_14WatcherDeletedEED1Ev
00000001007a0758 N .debug_frame$_ZN7Minisat8OccListsIiNS_3vecIjEENS_10SimpSolver13ClauseDeletedEE5cleanERKi
00000001007a0948 N .debug_frame$_ZN7Minisat8OccListsIiNS_3vecIjEENS_10SimpSolver13ClauseDeletedEED1Ev
00000001007a0bd0 N .debug_frame$_ZN7Minisat9IntOption4helpEb
00000001007a0c48 N .debug_frame$_ZN7Minisat9IntOption5parseEPKc
00000001007a0a80 N .debug_frame$_ZN7Minisat9IntOptionD0Ev
00000001007a09c0 N .debug_frame$_ZN7Minisat9IntOptionD1Ev
00000001007a3e58 N .debug_frame$_ZNK7Minisat3vecINS_3LitEE6copyToERS2_
00000001007a3da0 N .debug_frame$_ZNK7Minisat6Solver6lockedERKNS_6ClauseE
000000010079f640 N .debug_frame$_ZNSsC1ISaIcEEEPKcRKS0_
000000010079f758 N .debug_frame$_ZNSt6vectorIN7Minisat3LitESaIS1_EE17_M_realloc_appendIJRKS1_EEEvDpOT_
000000010079f7c8 N .debug_frame$_ZNSt6vectorIN7Minisat3LitESaIS1_EE17_M_realloc_appendIJS1_EEEvDpOT_
000000010079f838 N .debug_frame$_ZNSt6vectorIiSaIiEE17_M_realloc_appendIJiEEEvDpOT_
000000010079f6b8 N .debug_frame$_ZStplIcSt11char_traitsIcESaIcEESbIT_T0_T1_EOS6_PKS3_
0000000100733ee6 N .debug_info
000000010072d933 N .debug_info
000000010073403d N .debug_info
0000000100642000 N .debug_info
000000010068aec0 N .debug_info
000000010073381a N .debug_info
0000000100736d3e N .debug_info
00000001006432e0 N .debug_info
00000001007364e0 N .debug_info
000000010073718f N .debug_info
00000001007337f2 N .debug_info
00000001007383d7 N .debug_info
0000000100733610 N .debug_info
0000000100733ae1 N .debug_info
0000000100737068 N .debug_info
00000001006b1ccf N .debug_info
0000000100733d8f N .debug_info
0000000100733c38 N .debug_info
000000010079def6 N .debug_line
000000010074962d N .debug_line
000000010079da76 N .debug_line
000000010079d873 N .debug_line
000000010079da23 N .debug_line
000000010079d12b N .debug_line
000000010079dffe N .debug_line
000000010079d9d0 N .debug_line
000000010079d8cf N .debug_line
000000010079d97d N .debug_line
000000010079dd9c N .debug_line
000000010079d92a N .debug_line
000000010079df4a N .debug_line
000000010073f09e N .debug_line
000000010079d817 N .debug_line
000000010079de89 N .debug_line
000000010073f000 N .debug_line
0000000100758968 N .debug_line
00000001007a722e N .debug_line_str
00000001007a84b0 N .debug_line_str
00000001007a85af N .debug_line_str
00000001007a7f1e N .debug_line_str
00000001007a86ae N .debug_line_str
00000001007a83a1 N .debug_line_str
00000001007a87ad N .debug_line_str
00000001007a88ac N .debug_line_str
00000001007a929c N .debug_line_str
00000001007a77d7 N .debug_line_str
00000001007a8238 N .debug_line_str
00000001007a8cb1 N .debug_line_str
00000001007a8df1 N .debug_line_str
00000001007a8f13 N .debug_line_str
00000001007a9030 N .debug_line_str
00000001007a8335 N .debug_line_str
00000001007a7000 N .debug_line_str
00000001007a7b4b N .debug_line_str
0000000100828d07 N .debug_loclists
0000000100828dbd N .debug_loclists
0000000100828f37 N .debug_loclists
00000001007c370f N .debug_loclists
00000001007aa000 N .debug_loclists
00000001007d4f64 N .debug_loclists
000000010082866e N .debug_loclists
0000000100828ce9 N .debug_loclists
000000010084756a N .debug_rnglists
0000000100829000 N .debug_rnglists
000000010082cad5 N .debug_rnglists
000000010084768a N .debug_rnglists
00000001008321bb N .debug_rnglists
00000001007a5c46 N .debug_str
00000001007a65e1 N .debug_str
00000001007a500e N .debug_str
00000001007a684c N .debug_str
00000001007a5fbc N .debug_str
00000001007a676b N .debug_str
00000001007a67e5 N .debug_str
00000001007a5000 N .debug_str
000000010063d014 i .idata$2
000000010063d000 i .idata$2
000000010063d028 i .idata$2
000000010063d03c i .idata$2
000000010063d288 i .idata$4
000000010063d198 i .idata$4
000000010063d190 i .idata$4
000000010063d188 i .idata$4
000000010063d180 i .idata$4
000000010063d178 i .idata$4
000000010063d170 i .idata$4
000000010063d168 i .idata$4
000000010063d160 i .idata$4
000000010063d158 i .idata$4
000000010063d150 i .idata$4
000000010063d148 i .idata$4
000000010063d140 i .idata$4
000000010063d138 i .idata$4
000000010063d130 i .idata$4
000000010063d128 i .idata$4
000000010063d120 i .idata$4
000000010063d118 i .idata$4
000000010063d110 i .idata$4
000000010063d108 i .idata$4
000000010063d100 i .idata$4
000000010063d0f8 i .idata$4
000000010063d0f0 i .idata$4
000000010063d0e8 i .idata$4
000000010063d0e0 i .idata$4
000000010063d0d8 i .idata$4
000000010063d0d0 i .idata$4
000000010063d0c8 i .idata$4
000000010063d0c0 i .idata$4
000000010063d0b8 i .idata$4
000000010063d0b0 i .idata$4
000000010063d0a8 i .idata$4
000000010063d098 i .idata$4
000000010063d090 i .idata$4
000000010063d088 i .idata$4
000000010063d080 i .idata$4
000000010063d078 i .idata$4
000000010063d070 i .idata$4
000000010063d068 i .idata$4
000000010063d258 i .idata$4
000000010063d248 i .idata$4
000000010063d068 i .idata$4
000000010063d1a0 i .idata$4
000000010063d340 i .idata$4
000000010063d338 i .idata$4
000000010063d338 i .idata$4
000000010063d1a8 i .idata$4
000000010063d0a0 i .idata$4
000000010063d330 i .idata$4
000000010063d250 i .idata$4
000000010063d240 i .idata$4
000000010063d1b0 i .idata$4
000000010063d238 i .idata$4
000000010063d230 i .idata$4
000000010063d1b8 i .idata$4
000000010063d228 i .idata$4
000000010063d220 i .idata$4
000000010063d218 i .idata$4
000000010063d210 i .idata$4
000000010063d208 i .idata$4
000000010063d1c0 i .idata$4
000000010063d200 i .idata$4
000000010063d1f8 i .idata$4
000000010063d248 i .idata$4
000000010063d1f0 i .idata$4
000000010063d258 i .idata$4
000000010063d260 i .idata$4
000000010063d1e8 i .idata$4
000000010063d268 i .idata$4
000000010063d1e0 i .idata$4
000000010063d1d8 i .idata$4
000000010063d270 i .idata$4
000000010063d278 i .idata$4
000000010063d1d0 i .idata$4
000000010063d280 i .idata$4
000000010063d1c8 i .idata$4
000000010063d290 i .idata$4
000000010063d298 i .idata$4
000000010063d2a0 i .idata$4
000000010063d2a8 i .idata$4
000000010063d2b0 i .idata$4
000000010063d2b8 i .idata$4
000000010063d2c0 i .idata$4
000000010063d2c8 i .idata$4
000000010063d2d0 i .idata$4
000000010063d2d8 i .idata$4
000000010063d2e0 i .idata$4
000000010063d2e8 i .idata$4
000000010063d2f0 i .idata$4
000000010063d2f8 i .idata$4
000000010063d300 i .idata$4
000000010063d328 i .idata$4
000000010063d320 i .idata$4
000000010063d308 i .idata$4
000000010063d318 i .idata$4
000000010063d310 i .idata$4
000000010063d500 i .idata$5
000000010063d578 i .idata$5
000000010063d5d0 i .idata$5
000000010063d4f8 i .idata$5
000000010063d400 i .idata$5
000000010063d5f8 i .idata$5
000000010063d3f8 i .idata$5
000000010063d4f0 i .idata$5
000000010063d390 i .idata$5
000000010063d480 i .idata$5
000000010063d3f0 i .idata$5
000000010063d3e8 i .idata$5
000000010063d398 i .idata$5
000000010063d5b8 i .idata$5
000000010063d618 i .idata$5
000000010063d3e0 i .idata$5
000000010063d3a0 i .idata$5
000000010063d420 i .idata$5
000000010063d5a0 i .idata$5
000000010063d570 i .idata$5
000000010063d4e0 i .idata$5
000000010063d3a8 i .idata$5
000000010063d5c0 i .idata$5
000000010063d470 i .idata$5
000000010063d3b0 i .idata$5
000000010063d538 i .idata$5
000000010063d5c8 i .idata$5
000000010063d438 i .idata$5
000000010063d348 i .idata$5
000000010063d3b8 i .idata$5
000000010063d440 i .idata$5
000000010063d568 i .idata$5
000000010063d588 i .idata$5
000000010063d3d8 i .idata$5
000000010063d3c0 i .idata$5
000000010063d3d0 i .idata$5
000000010063d348 i .idata$5
000000010063d4e8 i .idata$5
000000010063d4a0 i .idata$5
000000010063d5a8 i .idata$5
000000010063d3c8 i .idata$5
000000010063d528 i .idata$5
000000010063d4a8 i .idata$5
000000010063d350 i .idata$5
000000010063d5b0 i .idata$5
000000010063d560 i .idata$5
000000010063d428 i .idata$5
000000010063d358 i .idata$5
000000010063d600 i .idata$5
000000010063d4b0 i .idata$5
000000010063d360 i .idata$5
000000010063d530 i .idata$5
000000010063d598 i .idata$5
000000010063d450 i .idata$5
000000010063d558 i .idata$5
000000010063d488 i .idata$5
000000010063d550 i .idata$5
000000010063d368 i .idata$5
000000010063d520 i .idata$5
000000010063d410 i .idata$5
000000010063d548 i .idata$5
000000010063d490 i .idata$5
000000010063d4b8 i .idata$5
000000010063d5e8 i .idata$5
000000010063d478 i .idata$5
000000010063d618 i .idata$5
000000010063d498 i .idata$5
000000010063d460 i .idata$5
000000010063d518 i .idata$5
000000010063d610 i .idata$5
000000010063d4c0 i .idata$5
000000010063d380 i .idata$5
000000010063d4c8 i .idata$5
000000010063d540 i .idata$5
000000010063d370 i .idata$5
000000010063d418 i .idata$5
000000010063d5e0 i .idata$5
000000010063d378 i .idata$5
000000010063d580 i .idata$5
000000010063d538 i .idata$5
000000010063d5d8 i .idata$5
000000010063d620 i .idata$5
000000010063d388 i .idata$5
000000010063d510 i .idata$5
000000010063d4d0 i .idata$5
000000010063d590 i .idata$5
000000010063d608 i .idata$5
000000010063d528 i .idata$5
000000010063d430 i .idata$5
000000010063d458 i .idata$5
000000010063d508 i .idata$5
000000010063d448 i .idata$5
000000010063d408 i .idata$5
000000010063d5f0 i .idata$5
000000010063d468 i .idata$5
000000010063d4d8 i .idata$5
000000010063da6c i .idata$6
000000010063da20 i .idata$6
000000010063da4c i .idata$6
000000010063da38 i .idata$6
000000010063d684 i .idata$6
000000010063db38 i .idata$6
000000010063db08 i .idata$6
000000010063dadc i .idata$6
000000010063d7f8 i .idata$6
000000010063d7a8 i .idata$6
000000010063dab4 i .idata$6
000000010063d628 i .idata$6
000000010063d638 i .idata$6
000000010063d644 i .idata$6
000000010063d654 i .idata$6
000000010063d7b4 i .idata$6
000000010063d800 i .idata$6
000000010063d8bc i .idata$6
000000010063d660 i .idata$6
000000010063d8b0 i .idata$6
000000010063d670 i .idata$6
000000010063d67c i .idata$6
000000010063d7c0 i .idata$6
000000010063d8a4 i .idata$6
000000010063d694 i .idata$6
000000010063d79c i .idata$6
000000010063d898 i .idata$6
000000010063d88c i .idata$6
000000010063d7c8 i .idata$6
000000010063d880 i .idata$6
000000010063d69c i .idata$6
000000010063d6a8 i .idata$6
000000010063d80c i .idata$6
000000010063d6b0 i .idata$6
000000010063d790 i .idata$6
000000010063d6c4 i .idata$6
000000010063d6d8 i .idata$6
000000010063d6e8 i .idata$6
000000010063d874 i .idata$6
000000010063d6f0 i .idata$6
000000010063d7e4 i .idata$6
000000010063d6f8 i .idata$6
000000010063d704 i .idata$6
000000010063d70c i .idata$6
000000010063d784 i .idata$6
000000010063d868 i .idata$6
000000010063d77c i .idata$6
000000010063d718 i .idata$6
000000010063d85c i .idata$6
000000010063d720 i .idata$6
000000010063d818 i .idata$6
000000010063d728 i .idata$6
000000010063db14 i .idata$6
000000010063d730 i .idata$6
000000010063d73c i .idata$6
000000010063d8c4 i .idata$6
000000010063d850 i .idata$6
000000010063d8d8 i .idata$6
000000010063db50 i .idata$6
000000010063d8ec i .idata$6
000000010063d848 i .idata$6
000000010063d900 i .idata$6
000000010063d840 i .idata$6
000000010063d7d4 i .idata$6
000000010063d834 i .idata$6
000000010063d918 i .idata$6
000000010063d76c i .idata$6
000000010063d938 i .idata$6
000000010063d828 i .idata$6
000000010063d7dc i .idata$6
000000010063d95c i .idata$6
000000010063d980 i .idata$6
000000010063d820 i .idata$6
000000010063d9a4 i .idata$6
000000010063d9b8 i .idata$6
000000010063d760 i .idata$6
000000010063d744 i .idata$6
000000010063db94 i .idata$6
000000010063d9cc i .idata$6
000000010063d754 i .idata$6
000000010063d9e0 i .idata$6
000000010063d74c i .idata$6
000000010063d9f4 i .idata$6
000000010063db78 i .idata$6
000000010063da8c i .idata$6
000000010063da0c i .idata$6
000000010063db68 i .idata$6
000000010063db1c i .idata$6
000000010063dc38 i .idata$7
000000010063dca0 i .idata$7
000000010063dc8c i .idata$7
000000010063dc14 i .idata$7
000000010063dce4 i .idata$7
000000010063dbc8 i .idata$7
000000010063dc6c i .idata$7
000000010063dcb8 i .idata$7
000000010063dcd8 i .idata$7
000000010063dbc0 i .idata$7
000000010063dd1c i .idata$7
000000010063dc1c i .idata$7
000000010063dbbc i .idata$7
000000010063dcbc i .idata$7
000000010063dce8 i .idata$7
000000010063dc2c i .idata$7
000000010063dc68 i .idata$7
000000010063dcf4 i .idata$7
000000010063dca4 i .idata$7
000000010063dc40 i .idata$7
000000010063dc90 i .idata$7
000000010063dc64 i .idata$7
000000010063dd34 i .idata$7
000000010063dc50 i .idata$7
000000010063dc34 i .idata$7
000000010063dc4c i .idata$7
000000010063dc60 i .idata$7
000000010063dcc0 i .idata$7
000000010063dbc4 i .idata$7
000000010063dcdc i .idata$7
000000010063dbb8 i .idata$7
000000010063dcc4 i .idata$7
000000010063dc10 i .idata$7
000000010063dd38 i .idata$7
000000010063dc94 i .idata$7
000000010063dcc8 i .idata$7
000000010063dd14 i .idata$7
000000010063dcf8 i .idata$7
000000010063dbb4 i .idata$7
000000010063dd24 i .idata$7
000000010063dbb0 i .idata$7
000000010063dc5c i .idata$7
000000010063dcfc i .idata$7
000000010063dccc i .idata$7
000000010063dd08 i .idata$7
000000010063dc78 i .idata$7
000000010063dd10 i .idata$7
000000010063dbe8 i .idata$7
000000010063dbec i .idata$7
000000010063dc24 i .idata$7
000000010063dc3c i .idata$7
000000010063dcec i .idata$7
000000010063dbf0 i .idata$7
000000010063dbe4 i .idata$7
000000010063dc44 i .idata$7
000000010063dc54 i .idata$7
000000010063dbac i .idata$7
000000010063dbe0 i .idata$7
000000010063dbdc i .idata$7
000000010063dc20 i .idata$7
000000010063dd18 i .idata$7
000000010063dc58 i .idata$7
000000010063dcd0 i .idata$7
000000010063dbd8 i .idata$7
000000010063dbf4 i .idata$7
000000010063dbd4 i .idata$7
000000010063dc0c i .idata$7
000000010063dc74 i .idata$7
000000010063dd0c i .idata$7
000000010063dbf8 i .idata$7
000000010063dc7c i .idata$7
000000010063dd00 i .idata$7
000000010063dba8 i .idata$7
000000010063dbfc i .idata$7
000000010063dbd0 i .idata$7
000000010063dcd4 i .idata$7
000000010063dce0 i .idata$7
000000010063dc00 i .idata$7
000000010063dc28 i .idata$7
000000010063dc18 i .idata$7
000000010063dcf0 i .idata$7
000000010063dc04 i .idata$7
000000010063dc80 i .idata$7
000000010063dc84 i .idata$7
000000010063dc30 i .idata$7
000000010063dc08 i .idata$7
000000010063dc88 i .idata$7
000000010063dc70 i .idata$7
000000010063dd20 i .idata$7
000000010063dd04 i .idata$7
000000010063dbcc i .idata$7
000000010063dc48 i .idata$7
0000000100439150 p .pdata
0000000100439c0c p .pdata
0000000100439c00 p .pdata
0000000100439bf4 p .pdata
0000000100439bdc p .pdata
0000000100439bd0 p .pdata
0000000100439bc4 p .pdata
0000000100439bb8 p .pdata
0000000100439bac p .pdata
0000000100439ba0 p .pdata
0000000100439b94 p .pdata
000000010043900c p .pdata
0000000100439000 p .pdata
0000000100439408 p .pdata
0000000100439024 p .pdata
0000000100439390 p .pdata$_ZN7Minisat10BoolOption4helpEb
000000010043939c p .pdata$_ZN7Minisat10BoolOption5parseEPKc
0000000100439354 p .pdata$_ZN7Minisat10BoolOptionD0Ev
000000010043930c p .pdata$_ZN7Minisat10BoolOptionD1Ev
00000001004392ac p .pdata$_ZN7Minisat10SimpSolver14updateElimHeapEi
0000000100439360 p .pdata$_ZN7Minisat12DoubleOption4helpEb
000000010043936c p .pdata$_ZN7Minisat12DoubleOption5parseEPKc
000000010043933c p .pdata$_ZN7Minisat12DoubleOptionD0Ev
0000000100439324 p .pdata$_ZN7Minisat12DoubleOptionD1Ev
0000000100439840 p .pdata$_ZN7Minisat15ClauseAllocator5allocINS_3vecINS_3LitEEEEEjRKT_b
00000001004392d0 p .pdata$_ZN7Minisat15ClauseAllocator5relocERjRS0_
00000001004391b0 p .pdata$_ZN7Minisat15RegionAllocatorIjE5allocEi
00000001004394ec p .pdata$_ZN7Minisat15RegionAllocatorIjE8capacityEj
0000000100439918 p .pdata$_ZN7Minisat3vecINS0_INS_3LitEEEE5clearEb
0000000100439834 p .pdata$_ZN7Minisat3vecINS0_INS_3LitEEEE6growToEi
00000001004398dc p .pdata$_ZN7Minisat3vecINS0_IiEEE8capacityEi
00000001004392dc p .pdata$_ZN7Minisat3vecINS0_IjEEE5clearEb
0000000100439828 p .pdata$_ZN7Minisat3vecINS_3LitEE4pushERKS1_
00000001004398ac p .pdata$_ZN7Minisat3vecINS_3LitEE4pushEv
0000000100439894 p .pdata$_ZN7Minisat3vecINS_3LitEE6growToEiRKS1_
00000001004390e4 p .pdata$_ZN7Minisat3vecINS_3LitEE8capacityEi
00000001004397f8 p .pdata$_ZN7Minisat3vecINS_5lboolEE8capacityEi
0000000100439804 p .pdata$_ZN7Minisat3vecINS_6Solver7VarDataEE8capacityEi
000000010043984c p .pdata$_ZN7Minisat3vecINS_6Solver7WatcherEE8capacityEi
000000010043912c p .pdata$_ZN7Minisat3vecIPNS_6OptionEE4pushERKS2_
0000000100439138 p .pdata$_ZN7Minisat3vecIPNS_6OptionEE8capacityEi
0000000100439330 p .pdata$_ZN7Minisat3vecIPNS_6OptionEED1Ev
0000000100439258 p .pdata$_ZN7Minisat3vecIcE8capacityEi
0000000100439810 p .pdata$_ZN7Minisat3vecIdE8capacityEi
0000000100439270 p .pdata$_ZN7Minisat3vecIiE4pushERKi
000000010043918c p .pdata$_ZN7Minisat3vecIiE8capacityEi
0000000100439294 p .pdata$_ZN7Minisat3vecIjE4pushERKj
0000000100439198 p .pdata$_ZN7Minisat3vecIjE6growToEi
00000001004391a4 p .pdata$_ZN7Minisat3vecIjE8capacityEi
000000010043981c p .pdata$_ZN7Minisat3vecImE8capacityEi
0000000100439288 p .pdata$_ZN7Minisat4HeapINS_10SimpSolver6ElimLtEE11percolateUpEi
00000001004392a0 p .pdata$_ZN7Minisat4HeapINS_10SimpSolver6ElimLtEE13percolateDownEi
00000001004392e8 p .pdata$_ZN7Minisat4HeapINS_10SimpSolver6ElimLtEE5clearEb
000000010043927c p .pdata$_ZN7Minisat4HeapINS_10SimpSolver6ElimLtEE6insertEi
00000001004392f4 p .pdata$_ZN7Minisat4HeapINS_10SimpSolver6ElimLtEED1Ev
00000001004398d0 p .pdata$_ZN7Minisat4HeapINS_6Solver10VarOrderGtEE11percolateUpEi
00000001004398a0 p .pdata$_ZN7Minisat4HeapINS_6Solver10VarOrderGtEE9removeMinEv
00000001004398c4 p .pdata$_ZN7Minisat4HeapINS_6Solver10VarOrderLtEE11percolateUpEi
0000000100439870 p .pdata$_ZN7Minisat4HeapINS_6Solver10VarOrderLtEE5buildERKNS_3vecIiEE
000000010043990c p .pdata$_ZN7Minisat4HeapINS_6Solver10VarOrderLtEE6insertEi
0000000100439924 p .pdata$_ZN7Minisat4HeapINS_6Solver10VarOrderLtEED1Ev
0000000100439b7c p .pdata$_ZN7Minisat4sortIPNS_6OptionENS1_8OptionLtEEEvPT_iT0_
00000001004398e8 p .pdata$_ZN7Minisat4sortIj11reduceDB_ltEEvPT_iT0_
0000000100439b34 p .pdata$_ZN7Minisat4sortIj13reduceCORE_ltEEvPT_iT0_
0000000100439b28 p .pdata$_ZN7Minisat4sortIj14reduceTIER2_ltEEvPT_iT0_
00000001004392c4 p .pdata$_ZN7Minisat6Clause10strengthenENS_3LitE
0000000100439120 p .pdata$_ZN7Minisat6Option13getOptionListEv
00000001004398f4 p .pdata$_ZN7Minisat6Solver10computeLBDINS_6ClauseEEEiRKT_
0000000100439264 p .pdata$_ZN7Minisat6Solver14setDecisionVarEib
0000000100439900 p .pdata$_ZN7Minisat6Solver15claBumpActivityERNS_6ClauseE
00000001004398b8 p .pdata$_ZN7Minisat6Solver15varBumpActivityEid
0000000100439888 p .pdata$_ZN7Minisat6Solver24newAuxiVarForCardinalityEv
0000000100439b1c p .pdata$_ZN7Minisat6Solver7binDRUPINS_3vecINS_3LitEEEEEvhRKT_P9__sFILE64
00000001004393a8 p .pdata$_ZN7Minisat6Solver8byteDRUPENS_3LitE
0000000100439858 p .pdata$_ZN7Minisat8OccListsINS_3LitENS_3vecINS_6Solver7WatcherEEENS3_14WatcherDeletedEE8cleanAllEv
0000000100439930 p .pdata$_ZN7Minisat8OccListsINS_3LitENS_3vecINS_6Solver7WatcherEEENS3_14WatcherDeletedEED1Ev
00000001004392b8 p .pdata$_ZN7Minisat8OccListsIiNS_3vecIjEENS_10SimpSolver13ClauseDeletedEE5cleanERKi
0000000100439300 p .pdata$_ZN7Minisat8OccListsIiNS_3vecIjEENS_10SimpSolver13ClauseDeletedEED1Ev
0000000100439378 p .pdata$_ZN7Minisat9IntOption4helpEb
0000000100439384 p .pdata$_ZN7Minisat9IntOption5parseEPKc
0000000100439348 p .pdata$_ZN7Minisat9IntOptionD0Ev
0000000100439318 p .pdata$_ZN7Minisat9IntOptionD1Ev
000000010043987c p .pdata$_ZNK7Minisat3vecINS_3LitEE6copyToERS2_
0000000100439864 p .pdata$_ZNK7Minisat6Solver6lockedERKNS_6ClauseE
00000001004390cc p .pdata$_ZNSsC1ISaIcEEEPKcRKS0_
00000001004390f0 p .pdata$_ZNSt6vectorIN7Minisat3LitESaIS1_EE17_M_realloc_appendIJRKS1_EEEvDpOT_
00000001004390fc p .pdata$_ZNSt6vectorIN7Minisat3LitESaIS1_EE17_M_realloc_appendIJS1_EEEvDpOT_
0000000100439108 p .pdata$_ZNSt6vectorIiSaIiEE17_M_realloc_appendIJiEEEvDpOT_
00000001004390d8 p .pdata$_ZStplIcSt11char_traitsIcESaIcEESbIT_T0_T1_EOS6_PKS3_
00000001004394f8 p .pdata.hot
00000001004391bc p .pdata.hot
00000001004393fc p .pdata.startup
0000000100439144 p .pdata.startup
0000000100439c18 p .pdata.startup
0000000100439114 p .pdata.startup
000000010043993c p .pdata.unlikely
00000001004393b4 p .pdata.unlikely
0000000100439b40 p .pdata.unlikely
0000000100439b88 p .pdata.unlikely
0000000100436150 r .rdata
0000000100435000 r .rdata
0000000100435ae0 r .rdata
0000000100437520 r .rdata
00000001004375f0 r .rdata
0000000100437600 r .rdata$.refptr._ZN7Minisat6Solver7buf_lenE
0000000100437610 r .rdata$.refptr._ZN7Minisat6Solver7buf_ptrE
0000000100437620 r .rdata$.refptr._ZN7Minisat6Solver8drup_bufE
0000000100437630 r .rdata$.refptr._ZNSs4_Rep20_S_empty_rep_storageE
0000000100437640 r .rdata$.refptr.__dso_handle
0000000100437650 r .rdata$_ZTIN7Minisat10BoolOptionE
0000000100437670 r .rdata$_ZTIN7Minisat10SimpSolverE
0000000100437690 r .rdata$_ZTIN7Minisat12DoubleOptionE
00000001004376b0 r .rdata$_ZTIN7Minisat20OutOfMemoryExceptionE
00000001004376c0 r .rdata$_ZTIN7Minisat6OptionE
00000001004376d0 r .rdata$_ZTIN7Minisat6SolverE
00000001004376e0 r .rdata$_ZTIN7Minisat9IntOptionE
0000000100437700 r .rdata$_ZTSN7Minisat10BoolOptionE
0000000100437720 r .rdata$_ZTSN7Minisat10SimpSolverE
0000000100437740 r .rdata$_ZTSN7Minisat12DoubleOptionE
0000000100437760 r .rdata$_ZTSN7Minisat20OutOfMemoryExceptionE
00000001004377a0 r .rdata$_ZTSN7Minisat6OptionE
00000001004377c0 r .rdata$_ZTSN7Minisat6SolverE
00000001004377e0 r .rdata$_ZTSN7Minisat9IntOptionE
0000000100437800 r .rdata$_ZTVN7Minisat10BoolOptionE
0000000100437830 r .rdata$_ZTVN7Minisat10SimpSolverE
0000000100437860 r .rdata$_ZTVN7Minisat12DoubleOptionE
0000000100437890 r .rdata$_ZTVN7Minisat6OptionE
00000001004378c0 r .rdata$_ZTVN7Minisat6SolverE
00000001004378f0 r .rdata$_ZTVN7Minisat9IntOptionE
00000001004379a0 r .rdata$zzz
0000000100437ae0 r .rdata$zzz
0000000100437a60 r .rdata$zzz
0000000100437b60 r .rdata$zzz
0000000100437ac0 r .rdata$zzz
0000000100437aa0 r .rdata$zzz
0000000100437a80 r .rdata$zzz
0000000100437b20 r .rdata$zzz
0000000100437940 r .rdata$zzz
00000001004379c0 r .rdata$zzz
0000000100437a00 r .rdata$zzz
0000000100437980 r .rdata$zzz
0000000100437920 r .rdata$zzz
00000001004379e0 r .rdata$zzz
0000000100437960 r .rdata$zzz
0000000100437a20 r .rdata$zzz
0000000100437b00 r .rdata$zzz
0000000100437b40 r .rdata$zzz
0000000100437a40 r .rdata$zzz
0000000100437bbc r .rdata_runtime_pseudo_reloc
0000000100437b80 r .rdata_runtime_pseudo_reloc
0000000100437b98 r .rdata_runtime_pseudo_reloc
0000000100437ba4 r .rdata_runtime_pseudo_reloc
0000000100437bb0 r .rdata_runtime_pseudo_reloc
0000000100437bc8 r .rdata_runtime_pseudo_reloc
0000000100437bd4 r .rdata_runtime_pseudo_reloc
0000000100437be0 r .rdata_runtime_pseudo_reloc
0000000100437600 R .refptr._ZN7Minisat6Solver7buf_lenE
0000000100437610 R .refptr._ZN7Minisat6Solver7buf_ptrE
0000000100437620 R .refptr._ZN7Minisat6Solver8drup_bufE
0000000100437630 R .refptr._ZNSs4_Rep20_S_empty_rep_storageE
0000000100437640 R .refptr.__dso_handle
000000010063e000 r .rsrc
000000010040a1c0 t .text
000000010040a1f8 t .text
000000010040a1d0 t .text
000000010040a1d8 t .text
000000010040a1e0 t .text
000000010040a1f8 t .text
0000000100401080 t .text
000000010040a1f8 t .text
000000010040a300 t .text
000000010040a1c0 t .text
000000010040a1f0 t .text
000000010040a1c0 t .text
000000010040a1e8 t .text
000000010040a1c8 t .text
000000010040a290 t .text
000000010040a370 t .text
000000010040a360 t .text
000000010040a350 t .text
000000010040a340 t .text
000000010040a330 t .text
000000010040a320 t .text
000000010040a2d0 t .text
000000010040a2e0 t .text
000000010040a2f0 t .text
000000010040a310 t .text
000000010040a200 t .text
000000010040a208 t .text
0000000100406000 t .text
000000010040a210 t .text
0000000100401000 t .text
0000000100401050 t .text
000000010040abb0 t .text
000000010040a218 t .text
000000010040abb0 t .text
000000010040abb0 t .text
000000010040abb0 t .text
000000010040aba0 t .text
000000010040a220 t .text
000000010040ab90 t .text
000000010040ab60 t .text
000000010040ab50 t .text
000000010040ab40 t .text
000000010040a228 t .text
000000010040ab30 t .text
000000010040ab20 t .text
000000010040ab20 t .text
000000010040ab10 t .text
000000010040a230 t .text
000000010040ab00 t .text
000000010040aa30 t .text
000000010040a670 t .text
000000010040a238 t .text
000000010040a660 t .text
000000010040a650 t .text
000000010040a640 t .text
000000010040a630 t .text
000000010040a240 t .text
000000010040a610 t .text
000000010040a600 t .text
000000010040a5f0 t .text
0000000100406ac0 t .text
000000010040a248 t .text
000000010040a5e0 t .text
000000010040a5d0 t .text
000000010040a5c0 t .text
000000010040a5b0 t .text
000000010040a250 t .text
000000010040a5a0 t .text
000000010040a590 t .text
000000010040a580 t .text
000000010040a570 t .text
000000010040a258 t .text
000000010040a560 t .text
000000010040a550 t .text
000000010040a540 t .text
000000010040a530 t .text
000000010040a258 t .text
000000010040a520 t .text
000000010040a510 t .text
000000010040a500 t .text
000000010040a4f0 t .text
000000010040a260 t .text
000000010040a4e0 t .text
000000010040a4d0 t .text
000000010040a4c0 t .text
000000010040a4b0 t .text
000000010040a268 t .text
000000010040a4a0 t .text
000000010040a490 t .text
000000010040a480 t .text
000000010040a470 t .text
000000010040a270 t .text
000000010040a460 t .text
000000010040a450 t .text
000000010040a440 t .text
000000010040a430 t .text
000000010040a278 t .text
000000010040a420 t .text
000000010040a410 t .text
000000010040a400 t .text
000000010040a3f0 t .text
000000010040a280 t .text
000000010040a3e0 t .text
000000010040a3d0 t .text
000000010040a3c0 t .text
000000010040a3b0 t .text
000000010040a3a0 t .text
000000010040a390 t .text
000000010040a380 t .text
000000010040abb0 t .text$_ZN7Minisat10BoolOption4helpEb
000000010040aca0 t .text$_ZN7Minisat10BoolOption5parseEPKc
000000010040ad20 t .text$_ZN7Minisat10BoolOptionD0Ev
000000010040ad30 t .text$_ZN7Minisat10BoolOptionD1Ev
000000010040ad40 t .text$_ZN7Minisat10SimpSolver14updateElimHeapEi
000000010040af60 t .text$_ZN7Minisat12DoubleOption4helpEb
000000010040b070 t .text$_ZN7Minisat12DoubleOption5parseEPKc
000000010040b190 t .text$_ZN7Minisat12DoubleOptionD0Ev
000000010040b1a0 t .text$_ZN7Minisat12DoubleOptionD1Ev
000000010040b1c0 t .text$_ZN7Minisat15ClauseAllocator5allocINS_3vecINS_3LitEEEEEjRKT_b
000000010040b460 t .text$_ZN7Minisat15ClauseAllocator5relocERjRS0_
000000010040b770 t .text$_ZN7Minisat15RegionAllocatorIjE5allocEi
000000010040b840 t .text$_ZN7Minisat15RegionAllocatorIjE8capacityEj
000000010040b900 t .text$_ZN7Minisat3vecINS0_INS_3LitEEEE5clearEb
000000010040b980 t .text$_ZN7Minisat3vecINS0_INS_3LitEEEE6growToEi
000000010040ba80 t .text$_ZN7Minisat3vecINS0_IiEEE8capacityEi
000000010040bb10 t .text$_ZN7Minisat3vecINS0_IjEEE5clearEb
000000010040bb70 t .text$_ZN7Minisat3vecINS_3LitEE4pushERKS1_
000000010040bbb0 t .text$_ZN7Minisat3vecINS_3LitEE4pushEv
000000010040bbf0 t .text$_ZN7Minisat3vecINS_3LitEE6growToEiRKS1_
000000010040bc60 t .text$_ZN7Minisat3vecINS_3LitEE8capacityEi
000000010040bd00 t .text$_ZN7Minisat3vecINS_5lboolEE8capacityEi
000000010040bd90 t .text$_ZN7Minisat3vecINS_6Solver7VarDataEE8capacityEi
000000010040be30 t .text$_ZN7Minisat3vecINS_6Solver7WatcherEE8capacityEi
000000010040bed0 t .text$_ZN7Minisat3vecIPNS_6OptionEE4pushERKS2_
000000010040bf10 t .text$_ZN7Minisat3vecIPNS_6OptionEE8capacityEi
000000010040bfb0 t .text$_ZN7Minisat3vecIPNS_6OptionEED1Ev
000000010040bfc0 t .text$_ZN7Minisat3vecIcE8capacityEi
000000010040c050 t .text$_ZN7Minisat3vecIdE8capacityEi
000000010040c0f0 t .text$_ZN7Minisat3vecIiE4pushERKi
000000010040c140 t .text$_ZN7Minisat3vecIiE8capacityEi
000000010040c1e0 t .text$_ZN7Minisat3vecIjE4pushERKj
000000010040c220 t .text$_ZN7Minisat3vecIjE6growToEi
000000010040c270 t .text$_ZN7Minisat3vecIjE8capacityEi
000000010040c310 t .text$_ZN7Minisat3vecImE8capacityEi
000000010040c3b0 t .text$_ZN7Minisat4HeapINS_10SimpSolver6ElimLtEE11percolateUpEi
000000010040c460 t .text$_ZN7Minisat4HeapINS_10SimpSolver6ElimLtEE13percolateDownEi
000000010040c560 t .text$_ZN7Minisat4HeapINS_10SimpSolver6ElimLtEE5clearEb
000000010040c5b0 t .text$_ZN7Minisat4HeapINS_10SimpSolver6ElimLtEE6insertEi
000000010040c6e0 t .text$_ZN7Minisat4HeapINS_10SimpSolver6ElimLtEED1Ev
000000010040c710 t .text$_ZN7Minisat4HeapINS_6Solver10VarOrderGtEE11percolateUpEi
000000010040c790 t .text$_ZN7Minisat4HeapINS_6Solver10VarOrderGtEE9removeMinEv
000000010040c8a0 t .text$_ZN7Minisat4HeapINS_6Solver10VarOrderLtEE11percolateUpEi
000000010040c940 t .text$_ZN7Minisat4HeapINS_6Solver10VarOrderLtEE5buildERKNS_3vecIiEE
000000010040cdc0 t .text$_ZN7Minisat4HeapINS_6Solver10VarOrderLtEE6insertEi
000000010040ce60 t .text$_ZN7Minisat4HeapINS_6Solver10VarOrderLtEED1Ev
000000010040ce90 t .text$_ZN7Minisat4sortIPNS_6OptionENS1_8OptionLtEEEvPT_iT0_
000000010040cf90 t .text$_ZN7Minisat4sortIj11reduceDB_ltEEvPT_iT0_
000000010040d0a0 t .text$_ZN7Minisat4sortIj13reduceCORE_ltEEvPT_iT0_
000000010040d1f0 t .text$_ZN7Minisat4sortIj14reduceTIER2_ltEEvPT_iT0_
000000010040d2f0 t .text$_ZN7Minisat6Clause10strengthenENS_3LitE
000000010040d380 t .text$_ZN7Minisat6Option13getOptionListEv
000000010040d3f0 t .text$_ZN7Minisat6Solver10computeLBDINS_6ClauseEEEiRKT_
000000010040d470 t .text$_ZN7Minisat6Solver14setDecisionVarEib
000000010040dc20 t .text$_ZN7Minisat6Solver15claBumpActivityERNS_6ClauseE
000000010040de20 t .text$_ZN7Minisat6Solver15varBumpActivityEid
000000010040df40 t .text$_ZN7Minisat6Solver24newAuxiVarForCardinalityEv
000000010040e240 t .text$_ZN7Minisat6Solver7binDRUPINS_3vecINS_3LitEEEEEvhRKT_P9__sFILE64
000000010040e2e0 t .text$_ZN7Minisat6Solver8byteDRUPENS_3LitE
000000010040e320 t .text$_ZN7Minisat8OccListsINS_3LitENS_3vecINS_6Solver7WatcherEEENS3_14WatcherDeletedEE8cleanAllEv
000000010040e5c0 t .text$_ZN7Minisat8OccListsINS_3LitENS_3vecINS_6Solver7WatcherEEENS3_14WatcherDeletedEED1Ev
000000010040e680 t .text$_ZN7Minisat8OccListsIiNS_3vecIjEENS_10SimpSolver13ClauseDeletedEE5cleanERKi
000000010040e740 t .text$_ZN7Minisat8OccListsIiNS_3vecIjEENS_10SimpSolver13ClauseDeletedEED1Ev
000000010040e780 t .text$_ZN7Minisat9IntOption4helpEb
000000010040e8c0 t .text$_ZN7Minisat9IntOption5parseEPKc
000000010040e9b0 t .text$_ZN7Minisat9IntOptionD0Ev
000000010040e9c0 t .text$_ZN7Minisat9IntOptionD1Ev
000000010040e9e0 t .text$_ZNK7Minisat3vecINS_3LitEE6copyToERS2_
000000010040ea80 t .text$_ZNK7Minisat6Solver6lockedERKNS_6ClauseE
000000010040eaf0 t .text$_ZNSsC1ISaIcEEEPKcRKS0_
000000010040ebb0 t .text$_ZNSt6vectorIN7Minisat3LitESaIS1_EE17_M_realloc_appendIJRKS1_EEEvDpOT_
000000010040eca0 t .text$_ZNSt6vectorIN7Minisat3LitESaIS1_EE17_M_realloc_appendIJS1_EEEvDpOT_
000000010040ed90 t .text$_ZNSt6vectorIiSaIiEE17_M_realloc_appendIJiEEEvDpOT_
000000010040ee80 t .text$_ZStplIcSt11char_traitsIcESaIcEESbIT_T0_T1_EOS6_PKS3_
0000000100410400 t .text.hot
0000000100416000 t .text.hot
000000010040eed0 t .text.startup
0000000100433f30 t .text.startup
000000010040ff40 t .text.startup
0000000100415680 t .text.startup
0000000100415280 t .text.unlikely
0000000100433bc0 t .text.unlikely
0000000100433f20 t .text.unlikely
000000010042ff80 t .text.unlikely
0000000000000000 A .weak.__cxa_pure_virtual._ZN7Minisat6Option13getOptionListEv
0000000000000000 A .weak.__real__ZdaPv._cygwin_crt0_common
0000000000000000 A .weak.__real__ZdaPvRKSt9nothrow_t._cygwin_crt0_common
0000000000000000 A .weak.__real__ZdlPv._cygwin_crt0_common
0000000000000000 A .weak.__real__ZdlPvRKSt9nothrow_t._cygwin_crt0_common
0000000000000000 A .weak.__real__Znam._cygwin_crt0_common
0000000000000000 A .weak.__real__ZnamRKSt9nothrow_t._cygwin_crt0_common
0000000000000000 A .weak.__real__Znwm._cygwin_crt0_common
0000000000000000 A .weak.__real__ZnwmRKSt9nothrow_t._cygwin_crt0_common
000000010043bb64 r .xdata
000000010043a5e4 r .xdata
000000010043bb68 r .xdata
000000010043bb60 r .xdata
000000010043bb8c r .xdata
000000010043a008 r .xdata
000000010043bb70 r .xdata
000000010043a000 r .xdata
000000010043a9d4 r .xdata
000000010043bb90 r .xdata
000000010043bb6c r .xdata
000000010043bb7c r .xdata
000000010043a010 r .xdata
000000010043bb88 r .xdata
000000010043bb58 r .xdata
000000010043a920 r .xdata$_ZN7Minisat10BoolOption4helpEb
000000010043a930 r .xdata$_ZN7Minisat10BoolOption5parseEPKc
000000010043a8d4 r .xdata$_ZN7Minisat10BoolOptionD0Ev
000000010043a8bc r .xdata$_ZN7Minisat10BoolOptionD1Ev
000000010043a860 r .xdata$_ZN7Minisat10SimpSolver14updateElimHeapEi
000000010043a8d8 r .xdata$_ZN7Minisat12DoubleOption4helpEb
000000010043a8f8 r .xdata$_ZN7Minisat12DoubleOption5parseEPKc
000000010043a8cc r .xdata$_ZN7Minisat12DoubleOptionD0Ev
000000010043a8c4 r .xdata$_ZN7Minisat12DoubleOptionD1Ev
000000010043b4e4 r .xdata$_ZN7Minisat15ClauseAllocator5allocINS_3vecINS_3LitEEEEEjRKT_b
000000010043a884 r .xdata$_ZN7Minisat15ClauseAllocator5relocERjRS0_
000000010043a6a8 r .xdata$_ZN7Minisat15RegionAllocatorIjE5allocEi
000000010043aba8 r .xdata$_ZN7Minisat15RegionAllocatorIjE8capacityEj
000000010043b5d8 r .xdata$_ZN7Minisat3vecINS0_INS_3LitEEEE5clearEb
000000010043b4d8 r .xdata$_ZN7Minisat3vecINS0_INS_3LitEEEE6growToEi
000000010043b5a4 r .xdata$_ZN7Minisat3vecINS0_IiEEE8capacityEi
000000010043a898 r .xdata$_ZN7Minisat3vecINS0_IjEEE5clearEb
000000010043b4d0 r .xdata$_ZN7Minisat3vecINS_3LitEE4pushERKS1_
000000010043b56c r .xdata$_ZN7Minisat3vecINS_3LitEE4pushEv
000000010043b548 r .xdata$_ZN7Minisat3vecINS_3LitEE6growToEiRKS1_
000000010043a488 r .xdata$_ZN7Minisat3vecINS_3LitEE8capacityEi
000000010043b4b0 r .xdata$_ZN7Minisat3vecINS_5lboolEE8capacityEi
000000010043b4b8 r .xdata$_ZN7Minisat3vecINS_6Solver7VarDataEE8capacityEi
000000010043b4f4 r .xdata$_ZN7Minisat3vecINS_6Solver7WatcherEE8capacityEi
000000010043a594 r .xdata$_ZN7Minisat3vecIPNS_6OptionEE4pushERKS2_
000000010043a5a0 r .xdata$_ZN7Minisat3vecIPNS_6OptionEE8capacityEi
000000010043a8c8 r .xdata$_ZN7Minisat3vecIPNS_6OptionEED1Ev
000000010043a7f0 r .xdata$_ZN7Minisat3vecIcE8capacityEi
000000010043b4c0 r .xdata$_ZN7Minisat3vecIdE8capacityEi
000000010043a810 r .xdata$_ZN7Minisat3vecIiE4pushERKi
000000010043a68c r .xdata$_ZN7Minisat3vecIiE8capacityEi
000000010043a840 r .xdata$_ZN7Minisat3vecIjE4pushERKj
000000010043a694 r .xdata$_ZN7Minisat3vecIjE6growToEi
000000010043a6a0 r .xdata$_ZN7Minisat3vecIjE8capacityEi
000000010043b4c8 r .xdata$_ZN7Minisat3vecImE8capacityEi
000000010043a82c r .xdata$_ZN7Minisat4HeapINS_10SimpSolver6ElimLtEE11percolateUpEi
000000010043a84c r .xdata$_ZN7Minisat4HeapINS_10SimpSolver6ElimLtEE13percolateDownEi
000000010043a8a4 r .xdata$_ZN7Minisat4HeapINS_10SimpSolver6ElimLtEE5clearEb
000000010043a818 r .xdata$_ZN7Minisat4HeapINS_10SimpSolver6ElimLtEE6insertEi
000000010043a8ac r .xdata$_ZN7Minisat4HeapINS_10SimpSolver6ElimLtEED1Ev
000000010043b594 r .xdata$_ZN7Minisat4HeapINS_6Solver10VarOrderGtEE11percolateUpEi
000000010043b554 r .xdata$_ZN7Minisat4HeapINS_6Solver10VarOrderGtEE9removeMinEv
000000010043b584 r .xdata$_ZN7Minisat4HeapINS_6Solver10VarOrderLtEE11percolateUpEi
000000010043b510 r .xdata$_ZN7Minisat4HeapINS_6Solver10VarOrderLtEE5buildERKNS_3vecIiEE
000000010043b5cc r .xdata$_ZN7Minisat4HeapINS_6Solver10VarOrderLtEE6insertEi
000000010043b5e4 r .xdata$_ZN7Minisat4HeapINS_6Solver10VarOrderLtEED1Ev
000000010043bb40 r .xdata$_ZN7Minisat4sortIPNS_6OptionENS1_8OptionLtEEEvPT_iT0_
000000010043b5ac r .xdata$_ZN7Minisat4sortIj11reduceDB_ltEEvPT_iT0_
000000010043baec r .xdata$_ZN7Minisat4sortIj13reduceCORE_ltEEvPT_iT0_
000000010043bad4 r .xdata$_ZN7Minisat4sortIj14reduceTIER2_ltEEvPT_iT0_
000000010043a87c r .xdata$_ZN7Minisat6Clause10strengthenENS_3LitE
000000010043a588 r .xdata$_ZN7Minisat6Option13getOptionListEv
000000010043b5c4 r .xdata$_ZN7Minisat6Solver10computeLBDINS_6ClauseEEEiRKT_
000000010043a7f8 r .xdata$_ZN7Minisat6Solver14setDecisionVarEib
000000010043b5c8 r .xdata$_ZN7Minisat6Solver15claBumpActivityERNS_6ClauseE
000000010043b574 r .xdata$_ZN7Minisat6Solver15varBumpActivityEid
000000010043b534 r .xdata$_ZN7Minisat6Solver24newAuxiVarForCardinalityEv
000000010043bac8 r .xdata$_ZN7Minisat6Solver7binDRUPINS_3vecINS_3LitEEEEEvhRKT_P9__sFILE64
000000010043a93c r .xdata$_ZN7Minisat6Solver8byteDRUPENS_3LitE
000000010043b4fc r .xdata$_ZN7Minisat8OccListsINS_3LitENS_3vecINS_6Solver7WatcherEEENS3_14WatcherDeletedEE8cleanAllEv
000000010043b5ec r .xdata$_ZN7Minisat8OccListsINS_3LitENS_3vecINS_6Solver7WatcherEEENS3_14WatcherDeletedEED1Ev
000000010043a874 r .xdata$_ZN7Minisat8OccListsIiNS_3vecIjEENS_10SimpSolver13ClauseDeletedEE5cleanERKi
000000010043a8b4 r .xdata$_ZN7Minisat8OccListsIiNS_3vecIjEENS_10SimpSolver13ClauseDeletedEED1Ev
000000010043a904 r .xdata$_ZN7Minisat9IntOption4helpEb
000000010043a914 r .xdata$_ZN7Minisat9IntOption5parseEPKc
000000010043a8d0 r .xdata$_ZN7Minisat9IntOptionD0Ev
000000010043a8c0 r .xdata$_ZN7Minisat9IntOptionD1Ev
000000010043b528 r .xdata$_ZNK7Minisat3vecINS_3LitEE6copyToERS2_
000000010043b50c r .xdata$_ZNK7Minisat6Solver6lockedERKNS_6ClauseE
000000010043a46c r .xdata$_ZNSsC1ISaIcEEEPKcRKS0_
000000010043a490 r .xdata$_ZNSt6vectorIN7Minisat3LitESaIS1_EE17_M_realloc_appendIJRKS1_EEEvDpOT_
000000010043a4a4 r .xdata$_ZNSt6vectorIN7Minisat3LitESaIS1_EE17_M_realloc_appendIJS1_EEEvDpOT_
000000010043a4b8 r .xdata$_ZNSt6vectorIiSaIiEE17_M_realloc_appendIJiEEEvDpOT_
000000010043a47c r .xdata$_ZStplIcSt11char_traitsIcESaIcEESbIT_T0_T1_EOS6_PKS3_
000000010043abb0 r .xdata.hot
000000010043a6b4 r .xdata.hot
000000010043a4cc r .xdata.startup
000000010043a994 r .xdata.startup
000000010043a5a8 r .xdata.startup
000000010043bb9c r .xdata.startup
000000010043b5f8 r .xdata.unlikely
000000010043bb00 r .xdata.unlikely
000000010043a940 r .xdata.unlikely
000000010043bb54 r .xdata.unlikely
000000010040ab00 T DllMain
000000010040aba0 T GetModuleHandleA
0000000100401000 T WinMainCRTStartup
000000010040ff40 t _GLOBAL__sub_I__ZN7Minisat10SimpSolverC2Ev
0000000100415680 t _GLOBAL__sub_I__ZN7Minisat6Solver7buf_lenE
000000010040a280 T _Unwind_Resume
0000000100434080 D _ZGVZN7Minisat6Option13getOptionListEvE7options
00000001004013d0 t _ZL11load_matrixPKc
000000010043c120 b _ZL12opt_use_elim
000000010063c640 b _ZL13opt_step_size
000000010043c1a0 b _ZL13opt_use_asymm
000000010063c520 b _ZL13opt_var_decay
0000000100401b30 t _ZL14add_xor_equalsRN7Minisat10SimpSolverERKSt6vectorINS_3LitESaIS3_EEbRS2_IiSaIiEE.constprop.0
000000010063c3c0 b _ZL14opt_ccmin_mode
000000010043c0a0 b _ZL14opt_clause_lim
000000010043c160 b _ZL14opt_use_rcheck
0000000100401a30 t _ZL15add_hard_clauseRN7Minisat10SimpSolverERKSt6vectorINS_3LitESaIS3_EE
0000000100401130 t _ZL15apply_pipe_lineR10BoundsBookPKcP13ProgressState
000000010063c400 b _ZL15opt_random_seed
000000010063c2a0 b _ZL15opt_restart_inc
0000000100403560 t _ZL15write_parity_eqP9__sFILE64RKSt6vectorIiSaIiEEbRiRS3_S6_.constprop.0
000000010063c4c0 b _ZL16opt_clause_decay
000000010063c240 b _ZL16opt_garbage_frac
000000010063c380 b _ZL16opt_phase_saving
000000010063c340 b _ZL16opt_rnd_init_act
00000001004018f0 t _ZL17drain_bounds_pipeiR10BoundsBookRSsP13ProgressState
000000010063c580 b _ZL17opt_min_step_size
000000010063c300 b _ZL17opt_restart_first
000000010063c5e0 b _ZL17opt_step_size_dec
00000001004010b0 t _ZL17pipe_write_resultiib
000000010063c460 b _ZL19opt_random_var_freq
000000010043c060 b _ZL19opt_subsumption_lim
000000010043c000 b _ZL21opt_simp_garbage_frac
00000001004039f0 t _ZL24dump_stabilizer_instanceRK6MatrixS1_S1_S1_PKcS3_b
0000000100402380 t _ZL25build_stabilizer_instanceRN7Minisat10SimpSolverERSt6vectorIiSaIiEER18StabilizerInstanceRK6MatrixSA_SA_SA_iii.constprop.0
0000000100405cc0 t _ZL30min_distance_stabilizer_maxsatRK6MatrixS1_S1_S1_iiiiPKc.isra.0
00000001004055e0 t _ZL35min_distance_stabilizer_roundingsatRK6MatrixS1_S1_S1_iiPKcS3_
0000000100401080 t _ZL3diePKc
00000001004313f3 t _ZL6mapVariRN7Minisat3vecIiEERi
000000010043c0e0 b _ZL8opt_grow
000000010042ffc2 t _ZN11reduceDB_ltclEjj.isra.0
000000010043001a t _ZN14reduceTIER2_ltclEjj.isra.0
000000010040abb0 T _ZN7Minisat10BoolOption4helpEb
                 U _ZN7Minisat10BoolOption4helpEb
                 U _ZN7Minisat10BoolOption5parseEPKc
000000010040aca0 T _ZN7Minisat10BoolOption5parseEPKc
000000010040ad20 T _ZN7Minisat10BoolOptionD0Ev
                 U _ZN7Minisat10BoolOptionD0Ev
000000010040ad30 T _ZN7Minisat10BoolOptionD1Ev
                 U _ZN7Minisat10BoolOptionD1Ev
0000000100410980 T _ZN7Minisat10SimpSolver10addClause_ERNS_3vecINS_3LitEEEj
0000000100411bf0 T _ZN7Minisat10SimpSolver10eliminate_Ev
0000000100415394 T _ZN7Minisat10SimpSolver10substituteEiNS_3LitE
0000000100415280 T _ZN7Minisat10SimpSolver11extendModelEv
0000000100413810 T _ZN7Minisat10SimpSolver12eliminateVarEi
00000001004116c0 T _ZN7Minisat10SimpSolver12removeClauseEj
00000001004110f0 T _ZN7Minisat10SimpSolver13setFrozenVarsEv
0000000100406720 T _ZN7Minisat10SimpSolver14garbageCollectEv
000000010040ad40 T _ZN7Minisat10SimpSolver14updateElimHeapEi
0000000100411600 T _ZN7Minisat10SimpSolver15removeSatisfiedEv
0000000100413040 T _ZN7Minisat10SimpSolver16strengthenClauseEjNS_3LitE
00000001004121c0 T _ZN7Minisat10SimpSolver20gatherTouchedClausesEv
00000001004127e0 T _ZN7Minisat10SimpSolver24backwardSubsumptionCheckEb
0000000100415504 T _ZN7Minisat10SimpSolver5asymmEij
0000000100414b20 T _ZN7Minisat10SimpSolver5mergeERKNS_6ClauseES3_iRNS_3vecINS_3LitEEE
0000000100414aa0 T _ZN7Minisat10SimpSolver5mergeERKNS_6ClauseES3_iRi
0000000100410400 T _ZN7Minisat10SimpSolver6newVarEbb
0000000100406880 T _ZN7Minisat10SimpSolver6solve_Ebb
00000001004152d4 T _ZN7Minisat10SimpSolver7impliedERKNS_3vecINS_3LitEEE
00000001004155f2 T _ZN7Minisat10SimpSolver8asymmVarEi
0000000100414c30 T _ZN7Minisat10SimpSolver8relocAllERNS_15ClauseAllocatorE
00000001004062e0 T _ZN7Minisat10SimpSolver9eliminateEb
0000000100406000 T _ZN7Minisat10SimpSolverC1Ev
0000000100406000 T _ZN7Minisat10SimpSolverC2Ev
0000000100415374 T _ZN7Minisat10SimpSolverD0Ev
0000000100406a10 T _ZN7Minisat10SimpSolverD1Ev
0000000100406a10 T _ZN7Minisat10SimpSolverD2Ev
000000010040af60 T _ZN7Minisat12DoubleOption4helpEb
                 U _ZN7Minisat12DoubleOption4helpEb
000000010040b070 T _ZN7Minisat12DoubleOption5parseEPKc
                 U _ZN7Minisat12DoubleOption5parseEPKc
000000010040b190 T _ZN7Minisat12DoubleOptionD0Ev
                 U _ZN7Minisat12DoubleOptionD0Ev
000000010040b1a0 T _ZN7Minisat12DoubleOptionD1Ev
                 U _ZN7Minisat12DoubleOptionD1Ev
0000000100433d7d T _ZN7Minisat12parseOptionsERiPPcb
0000000100433bfc T _ZN7Minisat12setUsageHelpEPKc
000000010040b1c0 T _ZN7Minisat15ClauseAllocator5allocINS_3vecINS_3LitEEEEEjRKT_b
                 U _ZN7Minisat15ClauseAllocator5relocERjRS0_
000000010040b460 T _ZN7Minisat15ClauseAllocator5relocERjRS0_
000000010040b770 T _ZN7Minisat15RegionAllocatorIjE5allocEi
000000010040b840 T _ZN7Minisat15RegionAllocatorIjE8capacityEj
0000000100433c04 T _ZN7Minisat16setHelpPrefixStrEPKc
0000000100433c0c T _ZN7Minisat17printUsageAndExitEiPPcb
000000010040b900 T _ZN7Minisat3vecINS0_INS_3LitEEEE5clearEb
000000010040b980 T _ZN7Minisat3vecINS0_INS_3LitEEEE6growToEi
000000010040ba80 T _ZN7Minisat3vecINS0_IiEEE8capacityEi
000000010040bb10 T _ZN7Minisat3vecINS0_IjEEE5clearEb
000000010040bb70 T _ZN7Minisat3vecINS_3LitEE4pushERKS1_
000000010040bbb0 T _ZN7Minisat3vecINS_3LitEE4pushEv
000000010040bbf0 T _ZN7Minisat3vecINS_3LitEE6growToEiRKS1_
000000010040bc60 T _ZN7Minisat3vecINS_3LitEE8capacityEi
                 U _ZN7Minisat3vecINS_3LitEE8capacityEi
                 U _ZN7Minisat3vecINS_3LitEE8capacityEi
000000010040bd00 T _ZN7Minisat3vecINS_5lboolEE8capacityEi
000000010040bd90 T _ZN7Minisat3vecINS_6Solver7VarDataEE8capacityEi
000000010040be30 T _ZN7Minisat3vecINS_6Solver7WatcherEE8capacityEi
                 U _ZN7Minisat3vecIPNS_6OptionEE4pushERKS2_
000000010040bed0 T _ZN7Minisat3vecIPNS_6OptionEE4pushERKS2_
                 U _ZN7Minisat3vecIPNS_6OptionEE8capacityEi
000000010040bf10 T _ZN7Minisat3vecIPNS_6OptionEE8capacityEi
000000010040bfb0 T _ZN7Minisat3vecIPNS_6OptionEED1Ev
                 U _ZN7Minisat3vecIPNS_6OptionEED1Ev
                 U _ZN7Minisat3vecIPNS_6OptionEED1Ev
000000010040bfc0 T _ZN7Minisat3vecIcE8capacityEi
                 U _ZN7Minisat3vecIcE8capacityEi
000000010040c050 T _ZN7Minisat3vecIdE8capacityEi
000000010040c0f0 T _ZN7Minisat3vecIiE4pushERKi
                 U _ZN7Minisat3vecIiE4pushERKi
0000000100407470 t _ZN7Minisat3vecIiE6growToEi.part.0
                 U _ZN7Minisat3vecIiE8capacityEi
000000010040c140 T _ZN7Minisat3vecIiE8capacityEi
000000010040c1e0 T _ZN7Minisat3vecIjE4pushERKj
                 U _ZN7Minisat3vecIjE4pushERKj
000000010040c220 T _ZN7Minisat3vecIjE6growToEi
                 U _ZN7Minisat3vecIjE8capacityEi
000000010040c270 T _ZN7Minisat3vecIjE8capacityEi
000000010040c310 T _ZN7Minisat3vecImE8capacityEi
000000010040c3b0 T _ZN7Minisat4HeapINS_10SimpSolver6ElimLtEE11percolateUpEi
000000010040c460 T _ZN7Minisat4HeapINS_10SimpSolver6ElimLtEE13percolateDownEi
000000010040c560 T _ZN7Minisat4HeapINS_10SimpSolver6ElimLtEE5clearEb
000000010040c5b0 T _ZN7Minisat4HeapINS_10SimpSolver6ElimLtEE6insertEi
000000010040c6e0 T _ZN7Minisat4HeapINS_10SimpSolver6ElimLtEED1Ev
000000010040c710 T _ZN7Minisat4HeapINS_6Solver10VarOrderGtEE11percolateUpEi
000000010040c790 T _ZN7Minisat4HeapINS_6Solver10VarOrderGtEE9removeMinEv
000000010040c8a0 T _ZN7Minisat4HeapINS_6Solver10VarOrderLtEE11percolateUpEi
000000010040c940 T _ZN7Minisat4HeapINS_6Solver10VarOrderLtEE5buildERKNS_3vecIiEE
000000010040cdc0 T _ZN7Minisat4HeapINS_6Solver10VarOrderLtEE6insertEi
000000010040ce60 T _ZN7Minisat4HeapINS_6Solver10VarOrderLtEED1Ev
00000001004183f0 t _ZN7Minisat4sortINS_3LitENS_16LessThan_defaultIS1_EEEEvPT_iT0_.isra.0
00000001004074d0 t _ZN7Minisat4sortINS_3LitENS_16LessThan_defaultIS1_EEEEvPT_iT0_.part.0
000000010040ce90 T _ZN7Minisat4sortIPNS_6OptionENS1_8OptionLtEEEvPT_iT0_
000000010040cf90 T _ZN7Minisat4sortIj11reduceDB_ltEEvPT_iT0_
000000010040d0a0 T _ZN7Minisat4sortIj13reduceCORE_ltEEvPT_iT0_
000000010040d1f0 T _ZN7Minisat4sortIj14reduceTIER2_ltEEvPT_iT0_
000000010040d2f0 T _ZN7Minisat6Clause10strengthenENS_3LitE
                 U _ZN7Minisat6Option13getOptionListEv
                 U _ZN7Minisat6Option13getOptionListEv
000000010040d380 T _ZN7Minisat6Option13getOptionListEv
0000000100433bc0 t _ZN7Minisat6Option8OptionLtclEPKS0_S3_.isra.0
00000001004178e0 T _ZN7Minisat6Solver10addClause_ERNS_3vecINS_3LitEEEj
000000010042b050 t _ZN7Minisat6Solver10computeLBDINS_3vecINS_3LitEEEEEiRKT_.isra.0
000000010040d3f0 T _ZN7Minisat6Solver10computeLBDINS_6ClauseEEEiRKT_
0000000100420ae0 T _ZN7Minisat6Solver10lPropagateEv
0000000100431aa6 T _ZN7Minisat6Solver10moreHardenEv
0000000100421da0 T _ZN7Minisat6Solver10nLevelsMTOERNS_3vecINS_3LitEEEiiS4_
0000000100422c30 T _ZN7Minisat6Solver10newAuxiVarEb
00000001004300ce T _ZN7Minisat6Solver10setCounterEj
0000000100427e70 T _ZN7Minisat6Solver11cancelUntilEi
0000000100431868 T _ZN7Minisat6Solver11litsEnqueueEiRNS_6ClauseE
0000000100422a70 T _ZN7Minisat6Solver11pickAuxiVarEv
0000000100426030 T _ZN7Minisat6Solver11setConflictERi
0000000100409f90 T _ZN7Minisat6Solver11simplifyAllEv
0000000100430c7a T _ZN7Minisat6Solver12analyzeFinalENS_3LitERNS_3vecIS1_EE
0000000100418450 T _ZN7Minisat6Solver12attachClauseEj
000000010041a120 T _ZN7Minisat6Solver12detachClauseEjb
000000010042ae00 T _ZN7Minisat6Solver12litRedundantENS_3LitEj
000000010042c760 T _ZN7Minisat6Solver12reduceClauseEji
000000010043008a T _ZN7Minisat6Solver12redundantLitENS_3LitE
0000000100419db0 T _ZN7Minisat6Solver12removeClauseEj
000000010043319c T _ZN7Minisat6Solver12splitClausesERNS_3vecIjEE
0000000100427180 T _ZN7Minisat6Solver13bumpConflVarsEv
000000010042d2e0 T _ZN7Minisat6Solver13checkSolutionEv
0000000100409200 T _ZN7Minisat6Solver13emitTryUpdateEm
0000000100428b50 T _ZN7Minisat6Solver13pickBranchLitEv
0000000100433ade T _ZN7Minisat6Solver13reduceDB_coreEv
000000010042c620 T _ZN7Minisat6Solver13reduceHardensEv
000000010042dde0 T _ZN7Minisat6Solver13seeUnlockLitsEii
00000001004074c0 T _ZN7Minisat6Solver13setBoundsPipeEi
000000010041dad0 T _ZN7Minisat6Solver13simpleAnalyzeEjRNS_3vecINS_3LitEEEb
0000000100430be6 T _ZN7Minisat6Solver14addConflictLitENS_3LitES1_
000000010042c240 T _ZN7Minisat6Solver14binResMinimizeERNS_3vecINS_3LitEEE
0000000100430f2e T _ZN7Minisat6Solver14collectDynVarsEv
000000010042dc00 T _ZN7Minisat6Solver14fixByLookaheadERNS_3vecINS_3LitEEE
0000000100430e8a T _ZN7Minisat6Solver14garbageCollectEv
0000000100423e50 T _ZN7Minisat6Solver14propagateForLKEv
0000000100431e24 T _ZN7Minisat6Solver14reduceDB_Tier2Ev
0000000100426d20 T _ZN7Minisat6Solver14resetConflictsEi
000000010040d470 T _ZN7Minisat6Solver14setDecisionVarEib
000000010042e720 T _ZN7Minisat6Solver14simplelookbackEjiRNS_3vecINS_3LitEEES4_
000000010041bf30 T _ZN7Minisat6Solver14simplifyLearntERNS_6ClauseEjRNS_3vecINS_3LitEEE
000000010040a030 T _ZN7Minisat6Solver14updateIsetLockEi
000000010040dc20 T _ZN7Minisat6Solver15claBumpActivityERNS_6ClauseE
000000010043101a T _ZN7Minisat6Solver15collectFirstUIPEj
000000010041a3c0 T _ZN7Minisat6Solver15removeSatisfiedERNS_3vecIjEE
0000000100409910 T _ZN7Minisat6Solver15resetConflicts_Ei
000000010041cd90 T _ZN7Minisat6Solver15simplePropagateEv
0000000100429d90 T _ZN7Minisat6Solver15updateClauseUseEj
000000010040de20 T _ZN7Minisat6Solver15varBumpActivityEid
0000000100409250 T _ZN7Minisat6Solver16emitBoundsUpdateEv
000000010043189e T _ZN7Minisat6Solver16hardenForRestartEii
00000001004302de T _ZN7Minisat6Solver16noteBestSolutionEm
000000010041a6d0 T _ZN7Minisat6Solver16rebuildOrderHeapEv
00000001004185a0 T _ZN7Minisat6Solver16uncheckedEnqueueENS_3LitEj
0000000100430e46 T _ZN7Minisat6Solver17simplePickAuxiVarEv
000000010041e830 T _ZN7Minisat6Solver18insertAuxiVarOrderEi
0000000100424e10 T _ZN7Minisat6Solver18lookbackResetTrailEjiiRNS_3vecINS_3LitEEEb
000000010040a0a0 T _ZN7Minisat6Solver18simplereduceClauseEji
000000010042b0c0 T _ZN7Minisat6Solver19analyzeSoftConflictERNS_3vecINS_3LitEEERiS5_
0000000100430176 T _ZN7Minisat6Solver19countCommunLiteralsEj
0000000100408d10 T _ZN7Minisat6Solver19detectInitConflictsEv
000000010042dec0 T _ZN7Minisat6Solver19lookaheadForRestartEv
0000000100420860 T _ZN7Minisat6Solver19removeLearntClausesEv
000000010041a5e0 T _ZN7Minisat6Solver19safeRemoveSatisfiedERNS_3vecIjEEj
000000010042f3f0 T _ZN7Minisat6Solver19simplifyLearnt_coreEv
00000001004202e0 T _ZN7Minisat6Solver20cancelUntilBeginningEi
0000000100408af0 T _ZN7Minisat6Solver20findConflictSoftLitsEv
000000010041cc50 T _ZN7Minisat6Solver20simpleUncheckEnqueueENS_3LitEj
000000010041dea0 T _ZN7Minisat6Solver20simplepropagateForLKEv
0000000100433796 T _ZN7Minisat6Solver20simplifyLearnt_localEv
000000010042fb20 T _ZN7Minisat6Solver20simplifyLearnt_tier2Ev
0000000100423d00 T _ZN7Minisat6Solver21uncheckedEnqueueForLKENS_3LitEj
000000010041dd50 T _ZN7Minisat6Solver22cancelUntilTrailRecordEv
0000000100430da0 T _ZN7Minisat6Solver22cleanClausesForNewVarsERNS_3vecIjEE
000000010042eb70 T _ZN7Minisat6Solver22failedLiteralDetectionEv
0000000100433522 T _ZN7Minisat6Solver22identifyClausesToSplitERNS_3vecIjEE
000000010042a1b0 T _ZN7Minisat6Solver22simplifyConflictClauseERNS_3vecINS_3LitEEERiS5_
000000010042f1a0 T _ZN7Minisat6Solver23cancelUntilTrailRecord1Ev
000000010042f2b0 T _ZN7Minisat6Solver23cancelUntilTrailRecord2Ev
000000010041bb60 T _ZN7Minisat6Solver23simplifyOriginalClausesEv
0000000100427670 T _ZN7Minisat6Solver24analyzeQuasiSoftConflictERNS_3vecINS_3LitEEERiS5_
000000010040df40 T _ZN7Minisat6Solver24newAuxiVarForCardinalityEv
000000010041e520 T _ZN7Minisat6Solver24simplelookbackResetTrailEjb
0000000100432ae0 T _ZN7Minisat6Solver25addCardinalityConstraintsERNS_3vecINS_3LitEEEi
0000000100409320 T _ZN7Minisat6Solver25addCardinalityConstraintsEv
0000000100431ee6 T _ZN7Minisat6Solver25createHardClausesFromLitsERNS_3vecINS_3LitEEE
000000010042f7b0 T _ZN7Minisat6Solver25simpleAnalyzeSoftConflictERNS_3vecINS_3LitEEE
00000001004264e0 T _ZN7Minisat6Solver27hardenFromQuasiSoftConflictEii
000000010043041e T _ZN7Minisat6Solver27simpleuncheckedEnqueueForLKENS_3LitEj
000000010042d490 T _ZN7Minisat6Solver27simplifyQuasiConflictClauseERNS_3vecINS_3LitEEERiS5_
0000000100409640 T _ZN7Minisat6Solver28addCardinalityConstraintsMTOERNS_3vecINS_3LitEEEi
00000001004087b0 T _ZN7Minisat6Solver28addHardClausesForSoftClausesEv
0000000100430834 T _ZN7Minisat6Solver5toOpbEP9__sFILE64
0000000100430b86 T _ZN7Minisat6Solver5toOpbEPKc
0000000100430232 T _ZN7Minisat6Solver6avgActERNS_3vecIjEERi
000000010041eaa0 T _ZN7Minisat6Solver6hardenEv
0000000100416000 T _ZN7Minisat6Solver6newVarEbb
000000010041f170 T _ZN7Minisat6Solver6searchERi
00000001004076b0 T _ZN7Minisat6Solver6solve_Ev
000000010043046c T _ZN7Minisat6Solver6toWcnfEP9__sFILE64
00000001004307d4 T _ZN7Minisat6Solver6toWcnfEPKc
00000001004292a0 T _ZN7Minisat6Solver7analyzeEjRNS_3vecINS_3LitEEERiS5_
000000010040e240 T _ZN7Minisat6Solver7binDRUPINS_3vecINS_3LitEEEEEvhRKT_P9__sFILE64
000000010063c1e0 B _ZN7Minisat6Solver7buf_lenE
0000000100434020 D _ZN7Minisat6Solver7buf_ptrE
0000000100430074 T _ZN7Minisat6Solver7removedEj
                 U _ZN7Minisat6Solver8byteDRUPENS_3LitE
000000010040e2e0 T _ZN7Minisat6Solver8byteDRUPENS_3LitE
000000010043c1e0 B _ZN7Minisat6Solver8drup_bufE
00000001004097e0 T _ZN7Minisat6Solver8reduceDBEv
000000010041aaf0 T _ZN7Minisat6Solver8relocAllERNS_15ClauseAllocatorE
0000000100407590 T _ZN7Minisat6Solver8simplifyEb
0000000100431556 T _ZN7Minisat6Solver8toDimacsEP9__sFILE64RKNS_3vecINS_3LitEEE
0000000100431462 T _ZN7Minisat6Solver8toDimacsEP9__sFILE64RNS_6ClauseERNS_3vecIiEERi
0000000100431800 T _ZN7Minisat6Solver8toDimacsEPKcRKNS_3vecINS_3LitEEE
000000010042c890 T _ZN7Minisat6Solver9getAllUIPERNS_3vecINS_3LitEEERiS5_
0000000100420b60 T _ZN7Minisat6Solver9lookaheadEv
0000000100432058 T _ZN7Minisat6Solver9partitionEv
0000000100418a30 T _ZN7Minisat6Solver9propagateEv
0000000100406ac0 T _ZN7Minisat6SolverC1Ev
0000000100406ac0 T _ZN7Minisat6SolverC2Ev
0000000100431a86 T _ZN7Minisat6SolverD0Ev
00000001004099c0 T _ZN7Minisat6SolverD1Ev
00000001004099c0 T _ZN7Minisat6SolverD2Ev
0000000100433f20 T _ZN7Minisat7memUsedEv
000000010040e320 T _ZN7Minisat8OccListsINS_3LitENS_3vecINS_6Solver7WatcherEEENS3_14WatcherDeletedEE8cleanAllEv
000000010040e5c0 T _ZN7Minisat8OccListsINS_3LitENS_3vecINS_6Solver7WatcherEEENS3_14WatcherDeletedEED1Ev
000000010040e680 T _ZN7Minisat8OccListsIiNS_3vecIjEENS_10SimpSolver13ClauseDeletedEE5cleanERKi
000000010040e740 T _ZN7Minisat8OccListsIiNS_3vecIjEENS_10SimpSolver13ClauseDeletedEED1Ev
000000010040e780 T _ZN7Minisat9IntOption4helpEb
                 U _ZN7Minisat9IntOption4helpEb
000000010040e8c0 T _ZN7Minisat9IntOption5parseEPKc
                 U _ZN7Minisat9IntOption5parseEPKc
000000010040e9b0 T _ZN7Minisat9IntOptionD0Ev
                 U _ZN7Minisat9IntOptionD0Ev
000000010040e9c0 T _ZN7Minisat9IntOptionD1Ev
                 U _ZN7Minisat9IntOptionD1Ev
000000010042ff80 t _ZN7MinisatL8xreallocEPvm
0000000100437348 r _ZN7MinisatL9lit_UndefE
00000001004360bc r _ZN7MinisatL9lit_UndefE
000000010040e9e0 T _ZNK7Minisat3vecINS_3LitEE6copyToERS2_
000000010042d1a0 T _ZNK7Minisat6Solver16progressEstimateEv
0000000100430304 T _ZNK7Minisat6Solver17printBestSolutionEv
000000010040ea80 T _ZNK7Minisat6Solver6lockedERKNS_6ClauseE
0000000100430296 T _ZNK7Minisat6Solver9getCostLBEv
00000001004302ba T _ZNK7Minisat6Solver9getCostUBEv
0000000100419d10 T _ZNK7Minisat6Solver9satisfiedERKNS_6ClauseE
000000010040a278 T _ZNKSs4findEPKcmm
000000010040a270 T _ZNKSs4findEcm
000000010040a268 T _ZNSs12_M_leak_hardEv
000000010040a260 T _ZNSs12_S_constructEmcRKSaIcE
000000010040a258 T _ZNSs4_Rep10_M_destroyERKSaIcE
0000000100401310 t _ZNSs4_Rep10_M_disposeERKSaIcE.part.0
000000010040a250 T _ZNSs4_Rep9_S_createEmmRKSaIcE
000000010040a248 T _ZNSs4swapERSs
000000010040a240 T _ZNSs6appendEPKcm
000000010040a238 T _ZNSs6appendERKSs
000000010040a230 T _ZNSs7_M_leakEv
000000010040a228 T _ZNSs7replaceEmmPKcm
000000010040a220 T _ZNSs7reserveEm
000000010040a218 T _ZNSs9_M_mutateEmmm
000000010040a210 T _ZNSsC1ERKSsmm
000000010040eaf0 T _ZNSsC1ISaIcEEEPKcRKS0_
000000010040ebb0 T _ZNSt6vectorIN7Minisat3LitESaIS1_EE17_M_realloc_appendIJRKS1_EEEvDpOT_
000000010040eca0 T _ZNSt6vectorIN7Minisat3LitESaIS1_EE17_M_realloc_appendIJS1_EEEvDpOT_
000000010040ed90 T _ZNSt6vectorIiSaIiEE17_M_realloc_appendIJiEEEvDpOT_
000000010040a208 T _ZSt19__throw_logic_errorPKc
000000010040a200 T _ZSt20__throw_length_errorPKc
000000010040a1f8 T _ZSt24__throw_out_of_range_fmtPKcz
000000010040ee80 T _ZStplIcSt11char_traitsIcESaIcEESbIT_T0_T1_EOS6_PKS3_
0000000100401330 t _ZStplIcSt11char_traitsIcESaIcEESbIT_T0_T1_ERKS6_PKS3_.isra.0
0000000100437650 R _ZTIN7Minisat10BoolOptionE
0000000100437670 R _ZTIN7Minisat10SimpSolverE
0000000100437690 R _ZTIN7Minisat12DoubleOptionE
00000001004376b0 R _ZTIN7Minisat20OutOfMemoryExceptionE
00000001004376c0 R _ZTIN7Minisat6OptionE
00000001004376d0 R _ZTIN7Minisat6SolverE
00000001004376e0 R _ZTIN7Minisat9IntOptionE
0000000100437700 R _ZTSN7Minisat10BoolOptionE
0000000100437720 R _ZTSN7Minisat10SimpSolverE
0000000100437740 R _ZTSN7Minisat12DoubleOptionE
0000000100437760 R _ZTSN7Minisat20OutOfMemoryExceptionE
00000001004377a0 R _ZTSN7Minisat6OptionE
00000001004377c0 R _ZTSN7Minisat6SolverE
00000001004377e0 R _ZTSN7Minisat9IntOptionE
0000000100437800 R _ZTVN7Minisat10BoolOptionE
0000000100437830 R _ZTVN7Minisat10SimpSolverE
0000000100437860 R _ZTVN7Minisat12DoubleOptionE
0000000100437890 R _ZTVN7Minisat6OptionE
00000001004378c0 R _ZTVN7Minisat6SolverE
00000001004378f0 R _ZTVN7Minisat9IntOptionE
0000000100434090 D _ZZN7Minisat6Option13getOptionListEvE7options
00000001004340a0 D _ZZN7Minisat6Option14getUsageStringEvE9usage_str
00000001004340b0 D _ZZN7Minisat6Option19getHelpPrefixStringEvE15help_prefix_str
000000010063c1e8 b _ZZN7Minisat6Solver25addCardinalityConstraintsEvE6prevUB
000000010063c220 b _ZZN7Minisat6Solver6searchERiE6prevUB
000000010063c21c b _ZZN7Minisat6Solver9lookaheadEvE13prevConflicts
0000000100434010 d _ZZN7Minisat6Solver9lookaheadEvE4coef
000000010063c1f4 b _ZZN7Minisat6Solver9lookaheadEvE4myLH
000000010063c200 b _ZZN7Minisat6Solver9lookaheadEvE5sumLB
0000000100434018 d _ZZN7Minisat6Solver9lookaheadEvE5thres
000000010063c1f0 b _ZZN7Minisat6Solver9lookaheadEvE6mySucc
000000010063c210 b _ZZN7Minisat6Solver9lookaheadEvE6prevUB
000000010063c1f8 b _ZZN7Minisat6Solver9lookaheadEvE7sumSQLB
000000010063c208 b _ZZN7Minisat6Solver9lookaheadEvE8nbSample
000000010063c218 b _ZZN7Minisat6Solver9lookaheadEvE9maxSuccLB
                 U _ZdaPv
                 U _ZdaPvRKSt9nothrow_t
                 U _ZdlPv
                 U _ZdlPvRKSt9nothrow_t
000000010040a1f0 T _ZdlPvm
                 U _Znam
                 U _ZnamRKSt9nothrow_t
000000010040a1e8 T _Znwm
                 U _ZnwmRKSt9nothrow_t
0000000100437bf0 R __CTOR_LIST__
0000000100437bf0 R __DELAY_IMPORT_DIRECTORY_end__
0000000100437bf0 R __DELAY_IMPORT_DIRECTORY_start__
0000000100437c18 R __DTOR_LIST__
000000010063d628 I __IAT_end__
000000010063d348 I __IAT_start__
0000000100437bec R __RUNTIME_PSEUDO_RELOC_LIST_END__
0000000100437b80 R __RUNTIME_PSEUDO_RELOC_LIST__
0000000100437bf0 R ___CTOR_LIST__
0000000100437c18 R ___DTOR_LIST__
0000000100437bec R ___RUNTIME_PSEUDO_RELOC_LIST_END__
0000000100437b80 R ___RUNTIME_PSEUDO_RELOC_LIST__
000000010040a290 T ___chkstk_ms
0000000100437c28 R ___crt_xc_end__
0000000100437c28 R ___crt_xc_start__
0000000100437c28 R ___crt_xd_end__
0000000100437c28 R ___crt_xd_start__
0000000100437c28 R ___crt_xi_end__
0000000100437c28 R ___crt_xi_start__
0000000100437c28 R ___crt_xl_start__
0000000100437c28 R ___crt_xp_end__
0000000100437c28 R ___crt_xp_start__
0000000100437c28 R ___crt_xt_end__
0000000100437c28 R ___crt_xt_start__
                 U ___tls_end__
                 U ___tls_start__
000000010063c860 B __bss_end__
000000010043c000 B __bss_start__
000000010040a1e0 T __cxa_allocate_exception
000000010040a2d0 T __cxa_atexit
000000010040a1d8 T __cxa_guard_acquire
000000010040a1d0 T __cxa_guard_release
                 U __cxa_pure_virtual
000000010040a1c8 T __cxa_throw
0000000100434040 D __cygwin_cxx_malloc
00000001004340c0 D __data_end__
0000000100434000 D __data_start__
000000010040aa30 t __dllMain
0000000000000000 A __dll__
0000000000008000 A __dll_characteristics__
0000000100434000 D __dso_handle
000000010063c6b0 B __dynamically_loaded
                 U __end__
000000010040a2e0 T __errno
0000000000000200 A __file_alignment__
00000001004376b0 R __fu0__ZTVN10__cxxabiv117__class_type_infoE
0000000100437630 R __fu1__ZNSs4_Rep20_S_empty_rep_storageE
00000001004376c0 R __fu2__ZTVN10__cxxabiv117__class_type_infoE
0000000100437690 R __fu3__ZTVN10__cxxabiv120__si_class_type_infoE
00000001004376e0 R __fu4__ZTVN10__cxxabiv120__si_class_type_infoE
0000000100437650 R __fu5__ZTVN10__cxxabiv120__si_class_type_infoE
00000001004376d0 R __fu6__ZTVN10__cxxabiv117__class_type_infoE
0000000100437670 R __fu7__ZTVN10__cxxabiv120__si_class_type_infoE
0000000100401070 T __gcc_deregister_frame
0000000100401050 T __gcc_register_frame
000000010040a2f0 T __getreent
000000010040a1c0 T __gxx_personality_seh0
000000010063d618 I __imp_GetModuleHandleA
000000010063d528 I __imp__Unwind_Resume
000000010063d538 I __imp__ZNKSs4findEPKcmm
000000010063d540 I __imp__ZNKSs4findEcm
000000010063d548 I __imp__ZNSs12_M_leak_hardEv
000000010063d550 I __imp__ZNSs12_S_constructEmcRKSaIcE
000000010063d558 I __imp__ZNSs4_Rep10_M_destroyERKSaIcE
000000010063d560 I __imp__ZNSs4_Rep20_S_empty_rep_storageE
000000010063d560 I __imp__ZNSs4_Rep20_S_empty_rep_storageE
000000010063d568 I __imp__ZNSs4_Rep9_S_createEmmRKSaIcE
000000010063d570 I __imp__ZNSs4swapERSs
000000010063d578 I __imp__ZNSs6appendEPKcm
000000010063d580 I __imp__ZNSs6appendERKSs
000000010063d588 I __imp__ZNSs7_M_leakEv
000000010063d590 I __imp__ZNSs7replaceEmmPKcm
000000010063d598 I __imp__ZNSs7reserveEm
000000010063d5a0 I __imp__ZNSs9_M_mutateEmmm
000000010063d5a8 I __imp__ZNSsC1ERKSsmm
000000010063d5b0 I __imp__ZSt19__throw_logic_errorPKc
000000010063d5b8 I __imp__ZSt20__throw_length_errorPKc
000000010063d5c0 I __imp__ZSt24__throw_out_of_range_fmtPKcz
000000010063d5c8 I __imp__ZTVN10__cxxabiv117__class_type_infoE
000000010063d5c8 I __imp__ZTVN10__cxxabiv117__class_type_infoE
000000010063d5d0 I __imp__ZTVN10__cxxabiv120__si_class_type_infoE
000000010063d5d0 I __imp__ZTVN10__cxxabiv120__si_class_type_infoE
000000010063d5d8 I __imp__ZdlPvm
000000010063d5e0 I __imp__Znwm
000000010063d5e8 I __imp___cxa_allocate_exception
000000010063d348 I __imp___cxa_atexit
000000010063d5f0 I __imp___cxa_guard_acquire
000000010063d5f8 I __imp___cxa_guard_release
000000010063d600 I __imp___cxa_throw
000000010063d350 I __imp___errno
000000010063d358 I __imp___getreent
000000010063d608 I __imp___gxx_personality_seh0
000000010063d360 I __imp___main
000000010063d368 I __imp___wrap__Znwm
000000010063d370 I __imp__dll_crt0
000000010063d378 I __imp__exit
000000010063d380 I __imp__impure_ptr
000000010063d388 I __imp_atoi
000000010063d390 I __imp_calloc
000000010063d398 I __imp_close
000000010063d3a0 I __imp_cygwin_detach_dll
000000010063d3a8 I __imp_cygwin_internal
000000010063d3b0 I __imp_dll_dllcrt0
000000010063d3b8 I __imp_dup2
000000010063d3c0 I __imp_exit
000000010063d3c8 I __imp_fclose
000000010063d3d0 I __imp_fcntl
000000010063d3d8 I __imp_fflush
000000010063d3e0 I __imp_fgets
000000010063d3e8 I __imp_fopen
000000010063d3f0 I __imp_fork
000000010063d3f8 I __imp_fprintf
000000010063d400 I __imp_fputc
000000010063d408 I __imp_fputs
000000010063d410 I __imp_free
000000010063d418 I __imp_fwrite
000000010063d420 I __imp_getrusage
000000010063d428 I __imp_gettimeofday
000000010063d430 I __imp_kill
000000010063d438 I __imp_malloc
000000010063d440 I __imp_memcpy
000000010063d448 I __imp_memmove
000000010063d450 I __imp_memset
000000010063d458 I __imp_mkstemp
000000010063d460 I __imp_open
000000010063d468 I __imp_pclose
000000010063d470 I __imp_pipe
000000010063d478 I __imp_popen
000000010063d480 I __imp_posix_memalign
000000010063d488 I __imp_pow
000000010063d490 I __imp_printf
000000010063d498 I __imp_putchar
000000010063d4a0 I __imp_puts
000000010063d4a8 I __imp_read
000000010063d4b0 I __imp_realloc
000000010063d4b8 I __imp_snprintf
000000010063d4c0 I __imp_sqrt
000000010063d4c8 I __imp_sqrtf
000000010063d4d0 I __imp_sscanf
000000010063d4d8 I __imp_strcmp
000000010063d4e0 I __imp_strlen
000000010063d4e8 I __imp_strncmp
000000010063d4f0 I __imp_strtod
000000010063d4f8 I __imp_strtol
000000010063d500 I __imp_unlink
000000010063d508 I __imp_usleep
000000010063d510 I __imp_waitpid
000000010063d518 I __imp_write
000000010063dd38 I __lib64_libkernel32_a_iname
0000000000000000 A __loader_flags__
000000010040a300 T __main
0000000000000000 A __major_image_version__
0000000000000004 A __major_os_version__
0000000000000005 A __major_subsystem_version__
0000000000000000 A __minor_image_version__
0000000000000000 A __minor_os_version__
0000000000000002 A __minor_subsystem_version__
000000010063d95c I __nm__ZNSs4_Rep20_S_empty_rep_storageE
000000010063dab4 I __nm__ZTVN10__cxxabiv117__class_type_infoE
000000010063dadc I __nm__ZTVN10__cxxabiv120__si_class_type_infoE
000000010063d684 I __nm__impure_ptr
0000000100437bec R __rt_psrelocs_end
0000000100437b80 R __rt_psrelocs_start
0000000000001000 A __section_alignment__
0000000000001000 A __size_of_heap_commit__
0000000000100000 A __size_of_heap_reserve__
0000000000001000 A __size_of_stack_commit__
0000000000200000 A __size_of_stack_reserve__
0000000000000003 A __subsystem__
000000010040a310 T __wrap__Znwm
000000010040a670 T _cygwin_crt0_common
000000010040aa49 T _cygwin_dll_entry
000000010040a320 T _exit
000000010063c6a0 B _fmode
000000010063d014 I _head_cyggcc_s_seh_1_dll
000000010063d028 I _head_cygstdc___6_dll
000000010063d000 I _head_cygwin1_dll
000000010063d03c I _head_lib64_libkernel32_a
000000010040ab10 T _pei386_runtime_relocator
000000010040a330 T atoi
000000010040ab20 T calloc
000000010040a340 T close
000000010063dca4 I cyggcc_s_seh_1_dll_iname
000000010063dd24 I cygstdc___6_dll_iname
000000010063dc94 I cygwin1_dll_iname
000000010040ab60 T cygwin_attach_dll
000000010040a610 T cygwin_crt0
000000010040ab30 T cygwin_detach_dll
000000010040ab40 T cygwin_internal
000000010040a630 T cygwin_premain0
000000010040a640 T cygwin_premain1
000000010040a650 T cygwin_premain2
000000010040a660 T cygwin_premain3
000000010040ab90 T dll_dllcrt0
000000010063c6b8 b dll_index
000000010040a350 T dup2
000000010040a360 T exit
000000010040a370 T fclose
000000010040a380 T fcntl
000000010040a390 T fflush
000000010040a3a0 T fgets
000000010040a3b0 T fopen
000000010040a3c0 T fork
000000010040a3d0 T fprintf
000000010040a3e0 T fputc
000000010040a3f0 T fputs
000000010040a400 T free
000000010063d618 i fthunk
000000010040a410 T fwrite
000000010040a420 T getrusage
000000010040a430 T gettimeofday
000000010063d338 i hname
000000010040a440 T kill
000000010040eed0 T main
0000000100401000 T mainCRTStartup
000000010040a450 T malloc
000000010040a460 T memcpy
000000010040a470 T memmove
000000010040a480 T memset
000000010040a490 T mkstemp
000000010040a4a0 T open
000000010040a4b0 T pclose
000000010040a4c0 T pipe
000000010040a4d0 T popen
000000010040ab50 T posix_memalign
000000010040a4e0 T pow
000000010040a4f0 T printf
000000010040a500 T putchar
000000010040a510 T puts
000000010040a520 T read
000000010040a530 T realloc
0000000100433f30 t register_frame_ctor
000000010040a540 T snprintf
000000010040a550 T sqrt
000000010040a560 T sqrtf
000000010040a570 T sscanf
000000010063c6d0 b storedHandle
000000010063c6c0 b storedPtr
000000010063c6c8 b storedReason
000000010040a580 T strcmp
000000010040a590 T strlen
000000010040a5a0 T strncmp
000000010040a5b0 T strtod
000000010040a5c0 T strtol
000000010063c6e0 b u.0
000000010040a5d0 T unlink
000000010040a5e0 T usleep
000000010040a5f0 T waitpid
000000010040a600 T write
