File 'src/solver/Solver.cc'
Lines executed:71.04% of 3885

File 'src/solver/utils/Options.h'
Lines executed:4.23% of 71

File 'src/solver/mtl/Sort.h'
Lines executed:36.56% of 93

File 'src/solver/SolverTypes.h'
Lines executed:95.80% of 143

File 'src/solver/mtl/Vec.h'
Lines executed:71.61% of 155

File 'src/solver/mtl/Alloc.h'
Lines executed:31.43% of 35

File 'src/solver/mtl/Heap.h'
Lines executed:100.00% of 101

File 'src/solver/Solver.h'
Lines executed:65.49% of 142

File 'src/solver/mtl/Alg.h'
Lines executed:100.00% of 6

File '/usr/lib/gcc/x86_64-pc-cygwin/14/include/c++/cmath'
Lines executed:100.00% of 4

File 'src/solver/utils/System.h'
Lines executed:100.00% of 4

File 'src/solver/utils/ParseUtils.h'
Lines executed:0.00% of 5

File 'src/solver/mtl/XAlloc.h'
Lines executed:0.00% of 5

Creating 'Solver.gcov.json.gz'
Lines executed:70.21% of 4649
