0000.gate.BB_90_8_10.no-card.0.baseline 0.149s o 10 load=3.77
0001.gate.BB_90_8_10.no-card.0.candidate 0.093s o 10 load=3.77
0002.gate.BB_90_8_10.no-card.1.candidate 0.093s o 10 load=3.77
0003.gate.BB_90_8_10.no-card.1.baseline 0.153s o 10 load=3.77
0004.gate.BB_90_8_10.no-card.2.baseline 0.153s o 10 load=3.77
0005.gate.BB_90_8_10.no-card.2.candidate 0.092s o 10 load=3.77
0006.replicate.BB_90_8_10.no-card.0.baseline 0.146s o 10 load=3.77
0007.replicate.BB_90_8_10.no-card.0.candidate 0.088s o 10 load=3.77
0008.replicate.BB_90_8_10.no-card.1.candidate 0.093s o 10 load=3.77
0009.replicate.BB_90_8_10.no-card.1.baseline 0.153s o 10 load=3.77
0010.replicate.BB_90_8_10.no-card.2.baseline 0.150s o 10 load=3.77
0011.replicate.BB_90_8_10.no-card.2.candidate 0.093s o 10 load=3.77
0012.replicate.BB_90_8_10.no-card.3.candidate 0.090s o 10 load=3.77
0013.replicate.BB_90_8_10.no-card.3.baseline 0.147s o 10 load=3.77
0014.replicate.BB_90_8_10.no-card.4.baseline 0.148s o 10 load=3.77
0015.replicate.BB_90_8_10.no-card.4.candidate 0.093s o 10 load=3.77
0016.replicate.BB_90_8_10.no-card.5.candidate 0.093s o 10 load=3.77
0017.replicate.BB_90_8_10.no-card.5.baseline 0.148s o 10 load=3.77
0018.replicate.BB_90_8_10.no-card.6.baseline 0.151s o 10 load=3.77
0019.replicate.BB_90_8_10.no-card.6.candidate 0.089s o 10 load=3.77
0020.replicate.BB_90_8_10.no-card.7.candidate 0.092s o 10 load=3.77
0021.replicate.BB_90_8_10.no-card.7.baseline 0.156s o 10 load=3.77
0022.replicate.BB_90_8_10.no-card.8.baseline 0.146s o 10 load=3.77
0023.replicate.BB_90_8_10.no-card.8.candidate 0.088s o 10 load=3.77
0024.replicate.BB_90_8_10.no-card.9.candidate 0.090s o 10 load=3.77
0025.replicate.BB_90_8_10.no-card.9.baseline 0.153s o 10 load=3.77
0026.gate.BB_90_8_10.card-mto.0.baseline 0.135s o 10 load=3.77
0027.gate.BB_90_8_10.card-mto.0.candidate 0.077s o 10 load=3.77
0028.gate.BB_90_8_10.card-mto.1.candidate 0.071s o 10 load=3.77
0029.gate.BB_90_8_10.card-mto.1.baseline 0.134s o 10 load=3.77
0030.gate.BB_90_8_10.card-mto.2.baseline 0.146s o 10 load=3.77
0031.gate.BB_90_8_10.card-mto.2.candidate 0.077s o 10 load=3.77
0032.replicate.BB_90_8_10.card-mto.0.baseline 0.145s o 10 load=3.77
0033.replicate.BB_90_8_10.card-mto.0.candidate 0.075s o 10 load=3.77
0034.replicate.BB_90_8_10.card-mto.1.candidate 0.074s o 10 load=3.77
0035.replicate.BB_90_8_10.card-mto.1.baseline 0.143s o 10 load=3.77
0036.replicate.BB_90_8_10.card-mto.2.baseline 0.133s o 10 load=3.54
0037.replicate.BB_90_8_10.card-mto.2.candidate 0.073s o 10 load=3.54
0038.replicate.BB_90_8_10.card-mto.3.candidate 0.074s o 10 load=3.54
0039.replicate.BB_90_8_10.card-mto.3.baseline 0.138s o 10 load=3.54
0040.replicate.BB_90_8_10.card-mto.4.baseline 0.137s o 10 load=3.54
0041.replicate.BB_90_8_10.card-mto.4.candidate 0.075s o 10 load=3.54
0042.replicate.BB_90_8_10.card-mto.5.candidate 0.078s o 10 load=3.54
0043.replicate.BB_90_8_10.card-mto.5.baseline 0.137s o 10 load=3.54
0044.replicate.BB_90_8_10.card-mto.6.baseline 0.137s o 10 load=3.54
0045.replicate.BB_90_8_10.card-mto.6.candidate 0.078s o 10 load=3.54
0046.replicate.BB_90_8_10.card-mto.7.candidate 0.078s o 10 load=3.54
0047.replicate.BB_90_8_10.card-mto.7.baseline 0.133s o 10 load=3.54
0048.replicate.BB_90_8_10.card-mto.8.baseline 0.136s o 10 load=3.54
0049.replicate.BB_90_8_10.card-mto.8.candidate 0.074s o 10 load=3.54
0050.replicate.BB_90_8_10.card-mto.9.candidate 0.074s o 10 load=3.54
0051.replicate.BB_90_8_10.card-mto.9.baseline 0.143s o 10 load=3.54
0052.gate.GB_144_12_8.no-card.0.baseline 0.088s o 8 load=3.54
0053.gate.GB_144_12_8.no-card.0.candidate 0.073s o 8 load=3.54
0054.gate.GB_144_12_8.no-card.1.candidate 0.063s o 8 load=3.54
0055.gate.GB_144_12_8.no-card.1.baseline 0.093s o 8 load=3.54
0056.gate.GB_144_12_8.no-card.2.baseline 0.093s o 8 load=3.54
0057.gate.GB_144_12_8.no-card.2.candidate 0.063s o 8 load=3.54
0058.replicate.GB_144_12_8.no-card.0.baseline 0.093s o 8 load=3.54
0059.replicate.GB_144_12_8.no-card.0.candidate 0.063s o 8 load=3.54
0060.replicate.GB_144_12_8.no-card.1.candidate 0.063s o 8 load=3.54
0061.replicate.GB_144_12_8.no-card.1.baseline 0.091s o 8 load=3.54
0062.replicate.GB_144_12_8.no-card.2.baseline 0.089s o 8 load=3.54
0063.replicate.GB_144_12_8.no-card.2.candidate 0.075s o 8 load=3.54
0064.replicate.GB_144_12_8.no-card.3.candidate 0.072s o 8 load=3.54
0065.replicate.GB_144_12_8.no-card.3.baseline 0.093s o 8 load=3.54
0066.replicate.GB_144_12_8.no-card.4.baseline 0.093s o 8 load=3.54
0067.replicate.GB_144_12_8.no-card.4.candidate 0.063s o 8 load=3.54
0068.replicate.GB_144_12_8.no-card.5.candidate 0.074s o 8 load=3.54
0069.replicate.GB_144_12_8.no-card.5.baseline 0.088s o 8 load=3.54
0070.replicate.GB_144_12_8.no-card.6.baseline 0.089s o 8 load=3.54
0071.replicate.GB_144_12_8.no-card.6.candidate 0.075s o 8 load=3.54
0072.replicate.GB_144_12_8.no-card.7.candidate 0.062s o 8 load=3.54
0073.replicate.GB_144_12_8.no-card.7.baseline 0.093s o 8 load=3.54
0074.replicate.GB_144_12_8.no-card.8.baseline 0.093s o 8 load=3.54
0075.replicate.GB_144_12_8.no-card.8.candidate 0.075s o 8 load=3.54
0076.replicate.GB_144_12_8.no-card.9.candidate 0.063s o 8 load=3.54
0077.replicate.GB_144_12_8.no-card.9.baseline 0.093s o 8 load=3.54
0078.gate.GB_144_12_8.card-mto.0.baseline 0.078s o 8 load=3.54
0079.gate.GB_144_12_8.card-mto.0.candidate 0.048s o 8 load=3.54
0080.gate.GB_144_12_8.card-mto.1.candidate 0.048s o 8 load=3.54
0081.gate.GB_144_12_8.card-mto.1.baseline 0.078s o 8 load=3.54
0082.gate.GB_144_12_8.card-mto.2.baseline 0.078s o 8 load=3.54
0083.gate.GB_144_12_8.card-mto.2.candidate 0.048s o 8 load=3.54
0084.replicate.GB_144_12_8.card-mto.0.baseline 0.078s o 8 load=3.54
0085.replicate.GB_144_12_8.card-mto.0.candidate 0.048s o 8 load=3.54
0086.replicate.GB_144_12_8.card-mto.1.candidate 0.048s o 8 load=3.54
0087.replicate.GB_144_12_8.card-mto.1.baseline 0.078s o 8 load=3.34
0088.replicate.GB_144_12_8.card-mto.2.baseline 0.078s o 8 load=3.34
0089.replicate.GB_144_12_8.card-mto.2.candidate 0.060s o 8 load=3.34
0090.replicate.GB_144_12_8.card-mto.3.candidate 0.059s o 8 load=3.34
0091.replicate.GB_144_12_8.card-mto.3.baseline 0.090s o 8 load=3.34
0092.replicate.GB_144_12_8.card-mto.4.baseline 0.078s o 8 load=3.34
0093.replicate.GB_144_12_8.card-mto.4.candidate 0.048s o 8 load=3.34
0094.replicate.GB_144_12_8.card-mto.5.candidate 0.048s o 8 load=3.34
0095.replicate.GB_144_12_8.card-mto.5.baseline 0.078s o 8 load=3.34
0096.replicate.GB_144_12_8.card-mto.6.baseline 0.088s o 8 load=3.34
0097.replicate.GB_144_12_8.card-mto.6.candidate 0.048s o 8 load=3.34
0098.replicate.GB_144_12_8.card-mto.7.candidate 0.048s o 8 load=3.34
0099.replicate.GB_144_12_8.card-mto.7.baseline 0.078s o 8 load=3.34
0100.replicate.GB_144_12_8.card-mto.8.baseline 0.078s o 8 load=3.34
0101.replicate.GB_144_12_8.card-mto.8.candidate 0.048s o 8 load=3.34
0102.replicate.GB_144_12_8.card-mto.9.candidate 0.048s o 8 load=3.34
0103.replicate.GB_144_12_8.card-mto.9.baseline 0.078s o 8 load=3.34
0104.gate.BB_108_8_10.no-card.0.baseline 0.373s o 10 load=3.34
0105.gate.BB_108_8_10.no-card.0.candidate 0.306s o 10 load=3.34
0106.gate.BB_108_8_10.no-card.1.candidate 0.300s o 10 load=3.34
0107.gate.BB_108_8_10.no-card.1.baseline 0.369s o 10 load=3.34
0108.gate.BB_108_8_10.no-card.2.baseline 0.363s o 10 load=3.34
0109.gate.BB_108_8_10.no-card.2.candidate 0.297s o 10 load=3.34
0110.replicate.BB_108_8_10.no-card.0.baseline 0.371s o 10 load=3.34
0111.replicate.BB_108_8_10.no-card.0.candidate 0.301s o 10 load=3.34
0112.replicate.BB_108_8_10.no-card.1.candidate 0.302s o 10 load=3.34
0113.replicate.BB_108_8_10.no-card.1.baseline 0.373s o 10 load=3.34
0114.replicate.BB_108_8_10.no-card.2.baseline 0.372s o 10 load=3.34
0115.replicate.BB_108_8_10.no-card.2.candidate 0.302s o 10 load=3.15
0116.replicate.BB_108_8_10.no-card.3.candidate 0.301s o 10 load=3.15
0117.replicate.BB_108_8_10.no-card.3.baseline 0.374s o 10 load=3.15
0118.replicate.BB_108_8_10.no-card.4.baseline 0.370s o 10 load=3.15
0119.replicate.BB_108_8_10.no-card.4.candidate 0.293s o 10 load=3.15
0120.replicate.BB_108_8_10.no-card.5.candidate 0.305s o 10 load=3.15
0121.replicate.BB_108_8_10.no-card.5.baseline 0.366s o 10 load=3.15
0122.replicate.BB_108_8_10.no-card.6.baseline 0.363s o 10 load=3.15
0123.replicate.BB_108_8_10.no-card.6.candidate 0.294s o 10 load=3.15
0124.replicate.BB_108_8_10.no-card.7.candidate 0.295s o 10 load=3.15
0125.replicate.BB_108_8_10.no-card.7.baseline 0.376s o 10 load=3.15
0126.replicate.BB_108_8_10.no-card.8.baseline 0.364s o 10 load=3.15
0127.replicate.BB_108_8_10.no-card.8.candidate 0.326s o 10 load=3.15
0128.replicate.BB_108_8_10.no-card.9.candidate 0.307s o 10 load=3.15
0129.replicate.BB_108_8_10.no-card.9.baseline 0.373s o 10 load=2.98
0130.gate.BB_108_8_10.card-mto.0.baseline 0.463s o 10 load=2.98
0131.gate.BB_108_8_10.card-mto.0.candidate 0.391s o 10 load=2.98
0132.gate.BB_108_8_10.card-mto.1.candidate 0.398s o 10 load=2.98
0133.gate.BB_108_8_10.card-mto.1.baseline 0.468s o 10 load=2.98
0134.gate.BB_108_8_10.card-mto.2.baseline 0.463s o 10 load=2.98
0135.gate.BB_108_8_10.card-mto.2.candidate 0.404s o 10 load=2.98
0136.replicate.BB_108_8_10.card-mto.0.baseline 0.465s o 10 load=2.98
0137.replicate.BB_108_8_10.card-mto.0.candidate 0.404s o 10 load=2.98
0138.replicate.BB_108_8_10.card-mto.1.candidate 0.402s o 10 load=2.98
0139.replicate.BB_108_8_10.card-mto.1.baseline 0.465s o 10 load=2.98
0140.replicate.BB_108_8_10.card-mto.2.baseline 0.477s o 10 load=2.98
0141.replicate.BB_108_8_10.card-mto.2.candidate 0.404s o 10 load=2.82
0142.replicate.BB_108_8_10.card-mto.3.candidate 0.397s o 10 load=2.82
0143.replicate.BB_108_8_10.card-mto.3.baseline 0.465s o 10 load=2.82
0144.replicate.BB_108_8_10.card-mto.4.baseline 0.464s o 10 load=2.82
0145.replicate.BB_108_8_10.card-mto.4.candidate 0.417s o 10 load=2.82
0146.replicate.BB_108_8_10.card-mto.5.candidate 0.407s o 10 load=2.82
0147.replicate.BB_108_8_10.card-mto.5.baseline 0.482s o 10 load=2.82
0148.replicate.BB_108_8_10.card-mto.6.baseline 0.468s o 10 load=2.82
0149.replicate.BB_108_8_10.card-mto.6.candidate 0.395s o 10 load=2.82
0150.replicate.BB_108_8_10.card-mto.7.candidate 0.392s o 10 load=2.82
0151.replicate.BB_108_8_10.card-mto.7.baseline 0.464s o 10 load=2.82
0152.replicate.BB_108_8_10.card-mto.8.baseline 0.464s o 10 load=2.67
0153.replicate.BB_108_8_10.card-mto.8.candidate 0.398s o 10 load=2.67
0154.replicate.BB_108_8_10.card-mto.9.candidate 0.393s o 10 load=2.67
0155.replicate.BB_108_8_10.card-mto.9.baseline 0.466s o 10 load=2.67
0156.gate.LP_238_44_6.no-card.0.baseline 0.404s o 6 load=2.67
0157.gate.LP_238_44_6.no-card.0.candidate 0.408s o 6 load=2.67
0158.gate.LP_238_44_6.no-card.1.candidate 0.404s o 6 load=2.67
0159.gate.LP_238_44_6.no-card.1.baseline 0.406s o 6 load=2.67
0160.gate.LP_238_44_6.no-card.2.baseline 0.410s o 6 load=2.67
0161.gate.LP_238_44_6.no-card.2.candidate 0.415s o 6 load=2.67
0162.replicate.LP_238_44_6.no-card.0.baseline 0.414s o 6 load=2.67
0163.replicate.LP_238_44_6.no-card.0.candidate 0.409s o 6 load=2.54
0164.replicate.LP_238_44_6.no-card.1.candidate 0.403s o 6 load=2.54
0165.replicate.LP_238_44_6.no-card.1.baseline 0.405s o 6 load=2.54
0166.replicate.LP_238_44_6.no-card.2.baseline 0.405s o 6 load=2.54
0167.replicate.LP_238_44_6.no-card.2.candidate 0.404s o 6 load=2.54
0168.replicate.LP_238_44_6.no-card.3.candidate 0.415s o 6 load=2.54
0169.replicate.LP_238_44_6.no-card.3.baseline 0.408s o 6 load=2.54
0170.replicate.LP_238_44_6.no-card.4.baseline 0.416s o 6 load=2.54
0171.replicate.LP_238_44_6.no-card.4.candidate 0.402s o 6 load=2.54
0172.replicate.LP_238_44_6.no-card.5.candidate 0.411s o 6 load=2.54
0173.replicate.LP_238_44_6.no-card.5.baseline 0.410s o 6 load=2.54
0174.replicate.LP_238_44_6.no-card.6.baseline 0.407s o 6 load=2.54
0175.replicate.LP_238_44_6.no-card.6.candidate 0.404s o 6 load=2.42
0176.replicate.LP_238_44_6.no-card.7.candidate 0.416s o 6 load=2.42
0177.replicate.LP_238_44_6.no-card.7.baseline 0.415s o 6 load=2.42
0178.replicate.LP_238_44_6.no-card.8.baseline 0.416s o 6 load=2.42
0179.replicate.LP_238_44_6.no-card.8.candidate 0.412s o 6 load=2.42
0180.replicate.LP_238_44_6.no-card.9.candidate 0.414s o 6 load=2.42
0181.replicate.LP_238_44_6.no-card.9.baseline 0.402s o 6 load=2.42
0182.gate.LP_238_44_6.card-mto.0.baseline 0.387s o 6 load=2.42
0183.gate.LP_238_44_6.card-mto.0.candidate 0.391s o 6 load=2.42
0184.gate.LP_238_44_6.card-mto.1.candidate 0.392s o 6 load=2.42
0185.gate.LP_238_44_6.card-mto.1.baseline 0.389s o 6 load=2.42
0186.gate.LP_238_44_6.card-mto.2.baseline 0.396s o 6 load=2.42
0187.gate.LP_238_44_6.card-mto.2.candidate 0.393s o 6 load=2.30
0188.replicate.LP_238_44_6.card-mto.0.baseline 0.393s o 6 load=2.30
0189.replicate.LP_238_44_6.card-mto.0.candidate 0.392s o 6 load=2.30
0190.replicate.LP_238_44_6.card-mto.1.candidate 0.402s o 6 load=2.30
0191.replicate.LP_238_44_6.card-mto.1.baseline 0.399s o 6 load=2.30
0192.replicate.LP_238_44_6.card-mto.2.baseline 0.400s o 6 load=2.30
0193.replicate.LP_238_44_6.card-mto.2.candidate 0.394s o 6 load=2.30
0194.replicate.LP_238_44_6.card-mto.3.candidate 0.388s o 6 load=2.30
0195.replicate.LP_238_44_6.card-mto.3.baseline 0.399s o 6 load=2.30
0196.replicate.LP_238_44_6.card-mto.4.baseline 0.391s o 6 load=2.30
0197.replicate.LP_238_44_6.card-mto.4.candidate 0.388s o 6 load=2.30
0198.replicate.LP_238_44_6.card-mto.5.candidate 0.400s o 6 load=2.30
0199.replicate.LP_238_44_6.card-mto.5.baseline 0.391s o 6 load=2.30
0200.replicate.LP_238_44_6.card-mto.6.baseline 0.403s o 6 load=2.20
0201.replicate.LP_238_44_6.card-mto.6.candidate 0.390s o 6 load=2.20
0202.replicate.LP_238_44_6.card-mto.7.candidate 0.390s o 6 load=2.20
0203.replicate.LP_238_44_6.card-mto.7.baseline 0.401s o 6 load=2.20
0204.replicate.LP_238_44_6.card-mto.8.baseline 0.399s o 6 load=2.20
0205.replicate.LP_238_44_6.card-mto.8.candidate 0.393s o 6 load=2.20
0206.replicate.LP_238_44_6.card-mto.9.candidate 0.398s o 6 load=2.20
0207.replicate.LP_238_44_6.card-mto.9.baseline 0.389s o 6 load=2.20
{
 "stopped": null,
 "n_samples": 208,
 "finished": "2026-10-11T04:21:22+0800",
 "binary_sha256_after": {
  "baseline": "6bdcaa2523cdcbeae5164cedbf54c9ac0f9e64f9a91c3da7ef4b804df393db9d",
  "candidate": "68338e32e891b5514ebbbc26f881659a92805931601a03d984411be8128fbfd5"
 },
 "input_sha256_after_ok": true
}
gate no-card geomean 0.7628 envelope 0.81647 positive False flags []
gate card-mto geomean 0.74203 envelope 0.74993 positive False flags []
replicate no-card geomean 0.7758 envelope 0.84344 positive False flags []
replicate card-mto geomean 0.7294 envelope 0.80565 positive True flags []
exit=0
