waiting for mac.sh Sun Oct 11 02:45:40 CST 2026
waiting for lock Sun Oct 11 02:57:41 CST 2026
lock taken Sun Oct 11 02:57:41 CST 2026: GH-107 Tier0 science sweep (200 cases x 2 binaries, 60 s, jobs 4) Sun Oct 11 02:57:41 CST 2026
OK  BB_1080_4_54 card-sinz TIMEOUT None 60.009 | TIMEOUT None 60.014 []
OK  BB_1080_4_54 default TIMEOUT None 60.014 | TIMEOUT None 60.011 []
OK  BB_1080_4_54 no-card TIMEOUT None 60.013 | TIMEOUT None 60.013 []
OK  BB_1080_4_54 card-mto TIMEOUT None 60.011 | TIMEOUT None 60.018 []
OK  BB_108_8_10 card-sinz done 10 0.401 | done 10 0.285 []
OK  BB_108_8_10 no-card done 10 0.451 | done 10 0.371 []
OK  BB_108_8_10 card-mto done 10 0.561 | done 10 0.486 []
OK  BB_108_8_10 default done 10 0.578 | done 10 0.488 []
OK  BB_144_12_12 no-card done 12 0.631 | done 12 0.326 []
OK  BB_144_12_12 card-sinz done 12 0.831 | done 12 0.413 []
OK  BB_144_12_12 default done 12 1.434 | done 12 0.695 []
OK  BB_144_12_12 card-mto done 12 1.404 | done 12 0.701 []
OK  BB_144_14_14 no-card done 14 56.647 | done 14 36.582 []
OK  BB_144_14_14 default done 14 59.76 | done 14 34.016 []
OK  BB_144_14_14 card-mto done 14 59.777 | done 14 34.327 []
OK  BB_144_14_14 card-sinz TIMEOUT None 60.014 | done 14 58.668 []
OK  BB_288_12_unknown default TIMEOUT None 60.011 | TIMEOUT None 60.013 []
OK  BB_288_12_unknown no-card TIMEOUT None 60.008 | TIMEOUT None 60.014 []
OK  BB_288_12_unknown card-mto TIMEOUT None 60.008 | TIMEOUT None 60.027 []
OK  BB_288_12_unknown card-sinz TIMEOUT None 60.006 | TIMEOUT None 60.007 []
OK  BB_360_12_unknown default TIMEOUT None 60.018 | TIMEOUT None 60.008 []
OK  BB_360_12_unknown no-card TIMEOUT None 60.006 | TIMEOUT None 60.007 []
OK  BB_72_12_6 no-card done 6 0.032 | done 6 0.018 []
OK  BB_72_12_6 default done 6 0.034 | done 6 0.022 []
OK  BB_72_12_6 card-mto done 6 0.033 | done 6 0.018 []
OK  BB_72_12_6 card-sinz done 6 0.033 | done 6 0.018 []
OK  BB_360_12_unknown card-mto TIMEOUT None 60.014 | TIMEOUT None 60.017 []
OK  BB_360_12_unknown card-sinz TIMEOUT None 60.009 | TIMEOUT None 60.012 []
OK  BB_756_16_34 default TIMEOUT None 60.016 | TIMEOUT None 60.013 []
OK  BB_756_16_34 no-card TIMEOUT None 60.012 | TIMEOUT None 60.016 []
OK  BB_756_16_34 card-mto TIMEOUT None 60.011 | TIMEOUT None 60.013 []
OK  BB_756_16_34 card-sinz TIMEOUT None 60.015 | TIMEOUT None 60.01 []
OK  BB_864_4_40 default TIMEOUT None 60.014 | TIMEOUT None 60.012 []
OK  BB_864_4_40 no-card TIMEOUT None 60.011 | TIMEOUT None 60.017 []
OK  BB_90_8_10 default done 10 0.181 | done 10 0.092 []
OK  BB_90_8_10 no-card done 10 0.176 | done 10 0.103 []
OK  BB_90_8_10 card-mto done 10 0.164 | done 10 0.079 []
OK  BB_90_8_10 card-sinz done 10 0.236 | done 10 0.14 []
OK  BB_864_4_40 card-mto TIMEOUT None 60.022 | TIMEOUT None 60.026 []
OK  BB_864_4_40 card-sinz TIMEOUT None 60.022 | TIMEOUT None 60.013 []
OK  GB_144_12_12 default TIMEOUT None 60.01 | TIMEOUT None 60.013 []
OK  GB_144_12_12 no-card TIMEOUT None 60.006 | TIMEOUT None 60.007 []
OK  GB_144_12_8 default done 8 0.094 | done 8 0.06 []
OK  GB_144_12_8 card-mto done 8 0.097 | done 8 0.071 []
OK  GB_144_12_8 no-card done 8 0.105 | done 8 0.085 []
OK  LP_136_32_4 default done 4 0.063 | done 4 0.058 []
OK  GB_144_12_8 card-sinz done 8 0.109 | done 8 0.06 []
OK  LP_136_32_4 no-card done 4 0.07 | done 4 0.067 []
OK  LP_136_32_4 card-mto done 4 0.061 | done 4 0.071 []
OK  LP_136_32_4 card-sinz done 4 0.049 | done 4 0.06 []
OK  GB_144_12_12 card-mto TIMEOUT None 60.013 | TIMEOUT None 60.011 []
OK  GB_144_12_12 card-sinz TIMEOUT None 60.013 | TIMEOUT None 60.017 []
OK  LP_1768_224_unknown default TIMEOUT None 60.016 | TIMEOUT None 60.023 []
OK  LP_1768_224_unknown no-card TIMEOUT None 60.028 | TIMEOUT None 60.026 []
OK  LP_1768_224_unknown card-mto TIMEOUT None 60.025 | TIMEOUT None 60.017 []
OK  LP_238_44_6 default done 6 0.436 | done 6 0.441 []
OK  LP_238_44_6 no-card done 6 0.473 | done 6 0.463 []
OK  LP_238_44_6 card-mto done 6 0.449 | done 6 0.442 []
OK  LP_238_44_6 card-sinz done 6 0.326 | done 6 0.332 []
OK  LP_340_56_8 no-card done 8 1.748 | done 8 1.763 []
OK  LP_340_56_8 default done 8 1.842 | done 8 1.85 []
OK  LP_34_20_2 default done 2 0.02 | done 2 0.019 []
OK  LP_34_20_2 no-card done 2 0.019 | done 2 0.019 []
OK  LP_34_20_2 card-mto done 2 0.019 | done 2 0.018 []
OK  LP_34_20_2 card-sinz done 2 0.019 | done 2 0.019 []
OK  LP_340_56_8 card-mto done 8 1.853 | done 8 1.859 []
OK  LP_340_56_8 card-sinz done 8 2.123 | done 8 2.11 []
OK  LP_1768_224_unknown card-sinz TIMEOUT None 60.027 | TIMEOUT None 60.013 []
OK  LP_442_68_10 default done 10 25.347 | done 10 25.982 []
OK  LP_442_68_10 card-mto done 10 25.686 | done 10 25.74 []
OK  LP_442_68_10 card-sinz done 10 20.007 | done 10 19.272 []
OK  LP_442_68_10 no-card done 10 40.457 | done 10 38.252 []
OK  LP_544_80_12 default done 12 58.61 | TIMEOUT None 60.015 []
OK  LP_544_80_12 no-card TIMEOUT None 60.013 | TIMEOUT None 60.016 []
OK  LP_544_80_12 card-mto done 12 58.415 | TIMEOUT None 60.016 []
OK  LP_544_80_12 card-sinz TIMEOUT None 60.012 | TIMEOUT None 60.011 []
OK  LP_714_100_unknown default TIMEOUT None 60.01 | TIMEOUT None 60.014 []
OK  LP_714_100_unknown no-card TIMEOUT None 60.018 | TIMEOUT None 60.019 []
OK  LP_714_100_unknown card-mto TIMEOUT None 60.013 | TIMEOUT None 60.022 []
OK  LP_714_100_unknown card-sinz TIMEOUT None 60.02 | TIMEOUT None 60.016 []
OK  PK_31 default TIMEOUT None 60.008 | TIMEOUT None 60.022 []
OK  PK_31 no-card TIMEOUT None 60.01 | TIMEOUT None 60.023 []
OK  PK_31 card-mto TIMEOUT None 60.019 | TIMEOUT None 60.01 []
OK  TN_108_2_12 default done 12 12.716 | done 12 12.715 []
OK  TN_108_2_12 no-card done 12 10.978 | done 12 10.968 []
OK  PK_31 card-sinz TIMEOUT None 60.029 | TIMEOUT None 60.01 []
OK  TN_108_2_12 card-mto done 12 12.623 | done 12 12.617 []
OK  TN_108_2_12 card-sinz done 12 12.475 | done 12 12.545 []
OK  TN_144_2_13 default TIMEOUT None 60.01 | TIMEOUT None 60.007 []
OK  TN_144_2_13 no-card TIMEOUT None 60.012 | TIMEOUT None 60.017 []
OK  TN_144_2_13 card-mto TIMEOUT None 60.01 | TIMEOUT None 60.013 []
OK  TN_144_2_13 card-sinz TIMEOUT None 60.009 | TIMEOUT None 60.008 []
OK  TN_180_2_17 default TIMEOUT None 60.005 | TIMEOUT None 60.015 []
OK  TN_180_2_17 no-card TIMEOUT None 60.009 | TIMEOUT None 60.014 []
OK  TN_180_2_17 card-mto TIMEOUT None 60.009 | TIMEOUT None 60.017 []
OK  TN_180_2_17 card-sinz TIMEOUT None 60.015 | TIMEOUT None 60.005 []
OK  TN_200_10_10 default done 10 12.004 | done 10 11.997 []
OK  TN_200_10_10 card-mto done 10 11.991 | done 10 11.961 []
OK  TN_200_10_10 no-card done 10 15.511 | done 10 15.466 []
OK  TN_200_10_10 card-sinz done 10 15.616 | done 10 15.636 []
OK  TN_216_4_18 default TIMEOUT None 60.017 | TIMEOUT None 60.012 []
OK  TN_216_4_18 no-card TIMEOUT None 60.006 | TIMEOUT None 60.005 []
OK  TN_216_4_18 card-mto TIMEOUT None 60.01 | TIMEOUT None 60.01 []
OK  TN_216_4_18 card-sinz TIMEOUT None 60.013 | TIMEOUT None 60.006 []
OK  TN_250_10_15 default TIMEOUT None 60.013 | TIMEOUT None 60.008 []
OK  TN_250_10_15 no-card TIMEOUT None 60.013 | TIMEOUT None 60.021 []
OK  TN_250_10_15 card-mto TIMEOUT None 60.016 | TIMEOUT None 60.017 []
OK  TN_250_10_15 card-sinz TIMEOUT None 60.015 | TIMEOUT None 60.01 []
OK  TN_252_2_21 default TIMEOUT None 60.009 | TIMEOUT None 60.014 []
OK  TN_252_2_21 no-card TIMEOUT None 60.015 | TIMEOUT None 60.013 []
OK  TN_252_2_21 card-mto TIMEOUT None 60.017 | TIMEOUT None 60.011 []
OK  TN_252_2_21 card-sinz TIMEOUT None 60.01 | TIMEOUT None 60.012 []
OK  TN_288_2_24 default TIMEOUT None 60.013 | TIMEOUT None 60.017 []
OK  TN_288_2_24 no-card TIMEOUT None 60.015 | TIMEOUT None 60.013 []
OK  TN_288_2_24 card-mto TIMEOUT None 60.013 | TIMEOUT None 60.011 []
OK  TN_288_2_24 card-sinz TIMEOUT None 60.01 | TIMEOUT None 60.013 []
OK  TN_324_4_25 default TIMEOUT None 60.017 | TIMEOUT None 60.011 []
OK  TN_324_4_25 no-card TIMEOUT None 60.018 | TIMEOUT None 60.014 []
OK  TN_324_4_25 card-mto TIMEOUT None 60.019 | TIMEOUT None 60.01 []
OK  TN_324_4_25 card-sinz TIMEOUT None 60.014 | TIMEOUT None 60.011 []
OK  TN_360_4_24 default TIMEOUT None 60.015 | TIMEOUT None 60.012 []
OK  TN_36_8_3 default done 3 0.019 | done 3 0.018 []
OK  TN_36_8_3 no-card done 3 0.018 | done 3 0.018 []
OK  TN_36_8_3 card-mto done 3 0.018 | done 3 0.018 []
OK  TN_36_8_3 card-sinz done 3 0.018 | done 3 0.018 []
OK  TN_36_8_4 default done 4 0.018 | done 4 0.018 []
OK  TN_36_8_4 no-card done 4 0.018 | done 4 0.018 []
OK  TN_36_8_4 card-mto done 4 0.029 | done 4 0.018 []
OK  TN_36_8_4 card-sinz done 4 0.018 | done 4 0.014 []
OK  TN_360_4_24 no-card TIMEOUT None 60.012 | TIMEOUT None 60.011 []
OK  TN_360_4_24 card-mto TIMEOUT None 60.011 | TIMEOUT None 60.009 []
OK  TN_360_4_24 card-sinz TIMEOUT None 60.009 | TIMEOUT None 60.018 []
OK  TN_396_4_26 default TIMEOUT None 60.011 | TIMEOUT None 60.008 []
OK  TN_396_4_26 no-card TIMEOUT None 60.007 | TIMEOUT None 60.012 []
OK  TN_396_4_26 card-mto TIMEOUT None 60.02 | TIMEOUT None 60.008 []
OK  TN_396_4_26 card-sinz TIMEOUT None 60.018 | TIMEOUT None 60.014 []
OK  TN_432_8_33 default TIMEOUT None 60.015 | TIMEOUT None 60.015 []
OK  TN_432_8_33 no-card TIMEOUT None 60.011 | TIMEOUT None 60.012 []
OK  TN_432_8_33 card-mto TIMEOUT None 60.009 | TIMEOUT None 60.016 []
OK  TN_432_8_33 card-sinz TIMEOUT None 60.018 | TIMEOUT None 60.013 []
OK  TN_468_4_31 default TIMEOUT None 60.008 | TIMEOUT None 60.006 []
OK  TN_468_4_31 no-card TIMEOUT None 60.02 | TIMEOUT None 60.007 []
OK  TN_468_4_31 card-mto TIMEOUT None 60.009 | TIMEOUT None 60.011 []
OK  TN_468_4_31 card-sinz TIMEOUT None 60.016 | TIMEOUT None 60.006 []
OK  TN_496_2_32 default TIMEOUT None 60.017 | TIMEOUT None 60.005 []
OK  TN_496_2_32 no-card TIMEOUT None 60.013 | TIMEOUT None 60.016 []
OK  TN_496_2_32 card-mto TIMEOUT None 60.008 | TIMEOUT None 60.012 []
OK  TN_496_2_32 card-sinz TIMEOUT None 60.02 | TIMEOUT None 60.016 []
OK  TN_504_2_45 default TIMEOUT None 60.008 | TIMEOUT None 60.009 []
OK  TN_504_2_45 no-card TIMEOUT None 60.02 | TIMEOUT None 60.01 []
OK  TN_504_2_45 card-mto TIMEOUT None 60.012 | TIMEOUT None 60.016 []
OK  TN_504_2_45 card-sinz TIMEOUT None 60.015 | TIMEOUT None 60.007 []
OK  TN_540_4_40 default TIMEOUT None 60.012 | TIMEOUT None 60.01 []
OK  TN_54_11_4 default done 4 0.019 | done 4 0.015 []
OK  TN_54_11_4 no-card done 4 0.018 | done 4 0.018 []
OK  TN_54_11_4 card-mto done 4 0.018 | done 4 0.018 []
OK  TN_54_11_4 card-sinz done 4 0.018 | done 4 0.018 []
OK  TN_540_4_40 no-card TIMEOUT None 60.019 | TIMEOUT None 60.015 []
OK  TN_540_4_40 card-mto TIMEOUT None 60.021 | TIMEOUT None 60.018 []
OK  TN_540_4_40 card-sinz TIMEOUT None 60.018 | TIMEOUT None 60.009 []
OK  TN_576_2_57 default TIMEOUT None 60.013 | TIMEOUT None 60.019 []
OK  TN_576_2_57 no-card TIMEOUT None 60.022 | TIMEOUT None 60.016 []
OK  TN_576_2_57 card-mto TIMEOUT None 60.008 | TIMEOUT None 60.009 []
OK  TN_576_2_57 card-sinz TIMEOUT None 60.01 | TIMEOUT None 60.012 []
OK  TN_576_2_59 default TIMEOUT None 60.018 | TIMEOUT None 60.009 []
OK  TN_576_2_59 no-card TIMEOUT None 60.012 | TIMEOUT None 60.013 []
OK  TN_576_2_59 card-mto TIMEOUT None 60.008 | TIMEOUT None 60.012 []
OK  TN_576_2_59 card-sinz TIMEOUT None 60.014 | TIMEOUT None 60.018 []
OK  TN_612_2_52 default TIMEOUT None 60.018 | TIMEOUT None 60.017 []
OK  TN_612_2_52 no-card TIMEOUT None 60.008 | TIMEOUT None 60.013 []
OK  TN_612_2_52 card-mto TIMEOUT None 60.009 | TIMEOUT None 60.018 []
OK  TN_612_2_52 card-sinz TIMEOUT None 60.017 | TIMEOUT None 60.014 []
OK  TN_648_10_71 default TIMEOUT None 60.018 | TIMEOUT None 60.009 []
OK  TN_648_10_71 no-card TIMEOUT None 60.007 | TIMEOUT None 60.016 []
OK  TN_648_10_71 card-mto TIMEOUT None 60.015 | TIMEOUT None 60.018 []
OK  TN_648_10_71 card-sinz TIMEOUT None 60.017 | TIMEOUT None 60.007 []
OK  TN_648_14_50 default TIMEOUT None 60.019 | TIMEOUT None 60.021 []
OK  TN_648_14_50 no-card TIMEOUT None 60.012 | TIMEOUT None 60.012 []
OK  TN_648_14_50 card-mto TIMEOUT None 60.012 | TIMEOUT None 60.014 []
OK  TN_648_14_50 card-sinz TIMEOUT None 60.017 | TIMEOUT None 60.014 []
OK  TN_684_2_29 default TIMEOUT None 60.016 | TIMEOUT None 60.019 []
OK  TN_72_14_4 default done 4 0.033 | done 4 0.03 []
OK  TN_72_14_4 no-card done 4 0.018 | done 4 0.018 []
OK  TN_72_14_4 card-mto done 4 0.03 | done 4 0.03 []
OK  TN_72_14_4 card-sinz done 4 0.018 | done 4 0.027 []
OK  TN_72_8_8 default done 8 0.327 | done 8 0.329 []
OK  TN_72_8_8 no-card done 8 0.234 | done 8 0.227 []
OK  TN_72_8_8 card-mto done 8 0.379 | done 8 0.378 []
OK  TN_72_8_8 card-sinz done 8 0.29 | done 8 0.291 []
OK  TN_684_2_29 no-card TIMEOUT None 60.014 | TIMEOUT None 60.021 []
OK  TN_684_2_29 card-mto TIMEOUT None 60.01 | TIMEOUT None 60.02 []
OK  TN_684_2_29 card-sinz TIMEOUT None 60.011 | TIMEOUT None 60.031 []
OK  xu_30 default TIMEOUT None 60.017 | TIMEOUT None 60.012 []
OK  xu_30 no-card TIMEOUT None 60.017 | TIMEOUT None 60.017 []
OK  xu_30 card-mto TIMEOUT None 60.02 | TIMEOUT None 60.019 []
OK  xu_30 card-sinz TIMEOUT None 60.018 | TIMEOUT None 60.014 []
OK  xu_42 default TIMEOUT None 60.023 | TIMEOUT None 60.017 []
OK  xu_42 no-card TIMEOUT None 60.015 | TIMEOUT None 60.013 []
OK  xu_42 card-mto TIMEOUT None 60.012 | TIMEOUT None 60.011 []
OK  xu_42 card-sinz TIMEOUT None 60.015 | TIMEOUT None 60.014 []
{"both_done": 71, "only_cand_done": 1, "only_base_done": 2, "problems": 0, "memout_base": 0, "memout_cand": 0} ALL_OK
sweep rc=0 Sun Oct 11 04:05:35 CST 2026
lock released Sun Oct 11 04:05:35 CST 2026
posthoc rc=0
candidate timeouts: 128; without any d_lb: 0 []
baseline timeouts: 127; without any d_lb: 0
timeout in both: 126; candidate final d_lb higher in 0, lower in 0 (diagnostic)
completed only by candidate (1): ['BB_144_14_14 card-sinz d=14']
completed only by baseline (2): ['LP_544_80_12 card-mto d=12', 'LP_544_80_12 default d=12']
problems: []
POSTHOC_PASS
check_sweep rc=0
meta {"base_sha256": "6bdcaa2523cdcbeae5164cedbf54c9ac0f9e64f9a91c3da7ef4b804df393db9d", "cand_sha256": "68338e32e891b5514ebbbc26f881659a92805931601a03d984411be8128fbfd5", "limit": 60, "jobs": 4, "all_ok": true, "counts": {"both_done": 71, "only_cand_done": 1, "only_base_done": 2, "problems": 0, "memout_base": 0, "memout_cand": 0}}
candidate timeouts 128; without any d_lb 0
both timeout 126: cand final LB higher 0, equal 126, lower 0
ONLY_BASE_DONE LP_544_80_12 card-mto TIMEOUT
ONLY_BASE_DONE LP_544_80_12 default TIMEOUT
TN648 TN_648_10_71 card-mto TIMEOUT None 9 0 | TIMEOUT None 9 0
TN648 TN_648_10_71 card-sinz TIMEOUT None 9 0 | TIMEOUT None 9 0
TN648 TN_648_10_71 default TIMEOUT None 9 0 | TIMEOUT None 9 0
TN648 TN_648_10_71 no-card TIMEOUT None 9 0 | TIMEOUT None 9 0
TN648 TN_648_14_50 card-mto TIMEOUT None 9 0 | TIMEOUT None 9 0
TN648 TN_648_14_50 card-sinz TIMEOUT None 9 0 | TIMEOUT None 9 0
TN648 TN_648_14_50 default TIMEOUT None 9 0 | TIMEOUT None 9 0
TN648 TN_648_14_50 no-card TIMEOUT None 9 0 | TIMEOUT None 9 0
candidate abnormal exits 0
VERDICT PASS
