0000.gate.LP_340_56_8.no-card.0.baseline 1.542s o 8 load=3.13
0001.gate.LP_340_56_8.no-card.0.candidate 1.541s o 8 load=3.13
0002.gate.LP_340_56_8.no-card.1.candidate 1.542s o 8 load=3.13
0003.gate.LP_340_56_8.no-card.1.baseline 1.572s o 8 load=2.96
0004.gate.LP_340_56_8.no-card.2.baseline 1.534s o 8 load=2.96
0005.gate.LP_340_56_8.no-card.2.candidate 1.568s o 8 load=2.96
0006.gate.LP_340_56_8.card-mto.0.baseline 1.615s o 8 load=2.80
0007.gate.LP_340_56_8.card-mto.0.candidate 1.626s o 8 load=2.80
0008.gate.LP_340_56_8.card-mto.1.candidate 1.623s o 8 load=2.80
0009.gate.LP_340_56_8.card-mto.1.baseline 1.624s o 8 load=2.90
0010.gate.LP_340_56_8.card-mto.2.baseline 1.617s o 8 load=2.90
0011.gate.LP_340_56_8.card-mto.2.candidate 1.625s o 8 load=2.90
{
 "stopped": null,
 "n_samples": 12,
 "finished": "2026-10-11T04:35:53+0800",
 "binary_sha256_after": {
  "baseline": "6bdcaa2523cdcbeae5164cedbf54c9ac0f9e64f9a91c3da7ef4b804df393db9d",
  "candidate": "68338e32e891b5514ebbbc26f881659a92805931601a03d984411be8128fbfd5"
 },
 "input_sha256_after_ok": true
}
gate no-card geomean 1.00021 envelope 1.02156 positive False flags []
gate card-mto geomean 1.00478 envelope 1.00644 positive False flags []
exit=0
