c DistQLDPC — QLDPC/CSS minimum distance (symplectic MaxSAT)
c solver: MaxCDCL, cardinality encoding: MTO only
c Hx: data/matrices/BB_108_8_10_Hx.txt
c Hz: data/matrices/BB_108_8_10_Hz.txt
c Gx: data/matrices/BB_108_8_10_Gx.txt
c Gz: data/matrices/BB_108_8_10_Gz.txt
c Hx: 54 x 108, Hz: 54 x 108, Gx: 8 x 108, Gz: 8 x 108, logicals: 16
c Mono: 0, fixed: 0
c |  Eliminated clauses:           0.02 Mb                                      |
c Reduced to 685 vars, 2990 cls (c/v ratio==4.4, grow=0)
c No iterative elimination performed. (vars=685, c/v ratio=4.4)
c ============================[ Search Statistics ]==============================
c | Conflicts |          ORIGINAL         |          LEARNT          | Progress |
c |           |    Vars  Clauses Literals |    Limit  Clauses Lit/Cl |          |
c ===============================================================================
c nb soft clauses: 108, of which 108 unit, 0 nonUnit and 0 empty
c total nb of literals: 10556
c conflLits 0, conflLits2 0, nbFailedLits 0, fixedVarsBypreproc 0, totalFixedVars 124
c 1 conflict sets found with length 60
c fixedCost 0, nbSatLits 0, totalFixedVars 124, objForSearch: 108

c no UB provided, search from scratch...
c ends of initiationization by VSIDS at 0 conflicts with init 10000

c UB=1 fails, cnfls=0, hcnfls=0, core 0, tier2 0, local 0, quasiC: 0 (fixed: 0)
c prunedLB 0.00, dev 0.00, succRate 0.00, nbSucc 0, nbHardens 1 (fixed 108), lk: 1, shorten: 0, pureSo 0, nbFlyRd 0, nbFixedLH 0

c Cardinality: 321 (MTO) for UB 2
c ***** top quasi confl at level 0*****
c ends of initiationization by VSIDS at 4 conflicts with init 9996

c UB=2 fails, cnfls=4, hcnfls=4, core 2, tier2 0, local 0, quasiC: 1 (fixed: 37)
c prunedLB 0.00, dev 0.00, succRate 0.00, nbSucc 0, nbHardens 1 (fixed 145), lk: 1, shorten: 0, pureSo 0, nbFlyRd 1, nbFixedLH 0

c Cardinality: 683 (MTO) for UB 4
c ends of initiationization by VSIDS at 1037 conflicts with init 8967

c UB=4 fails, cnfls=1037, hcnfls=662, core 258, tier2 81, local 472, quasiC: 7 (fixed: 242)
c prunedLB 2.64, dev 0.49, succRate 0.95, nbSucc 313, nbHardens 147 (fixed 12679), lk: 331, shorten: 0, pureSo 62, nbFlyRd 12, nbFixedLH 17

c Cardinality: 944 (MTO) for UB 8
c nbFailedLits 0, nbI 0, fixedVarsByFL 0, totalFixedVars 124, nbTested: 1001, counter 59173
c nbFailedLits 0, nbI 0, fixedVarsByFL 0, totalFixedVars 132, nbTested: 1001, counter 135450
c ends of initiationization by VSIDS at 8910 conflicts with init 2127

c UB=8 fails, cnfls=8910, hcnfls=964, core 2904, tier2 999, local 4131, quasiC: 1338 (fixed: 37571)
c prunedLB 5.03, dev 1.04, succRate 0.72, nbSucc 7419, nbHardens 230 (fixed 54872), lk: 10313, shorten: 0, pureSo 215, nbFlyRd 43, nbFixedLH 92

c Cardinality: 1081 (MTO) for UB 16
c nbFailedLits 0, nbI 0, fixedVarsByFL 0, totalFixedVars 124, nbTested: 1001, counter 238215
c UB=16 succs, confls=10006, hconfls=1058, core 66, tier2 15, local 1029,  14 soft cls unsat (0 at L0), 124 fixed vars at L0, softCnfl 218, nbFlyRd 49, nbFixedLH 98
c nbHardens 232 (fixed 60355), shorten: 0, prunedLB 9.17, dev 1.56, succRate 0.72, nbSucc 999, lk: 1396, shorten: 0, quasiC: 1524 (fixed: 42923)

c ends of initiationization by VSIDS at 10006 conflicts with init 8904


c Cardinality: 1082 (MTO) for UB 14
c UB=14 succs, confls=10886, hconfls=1224, core 178, tier2 65, local 1833,  12 soft cls unsat (0 at L0), 124 fixed vars at L0, softCnfl 221, nbFlyRd 59, nbFixedLH 116
c nbHardens 233 (fixed 63918), shorten: 0, prunedLB 7.72, dev 1.26, succRate 0.65, nbSucc 711, lk: 1099, shorten: 0, quasiC: 1666 (fixed: 46450)


c Cardinality: 1082 (MTO) for UB 12
c UB=12 succs, confls=11919, hconfls=1283, core 290, tier2 510, local 2709,  10 soft cls unsat (0 at L0), 124 fixed vars at L0, softCnfl 234, nbFlyRd 62, nbFixedLH 117
c nbHardens 241 (fixed 69506), shorten: 0, prunedLB 6.22, dev 1.13, succRate 0.74, nbSucc 961, lk: 1305, shorten: 0, quasiC: 1826 (fixed: 51631)


c Cardinality: 1083 (MTO) for UB 10
c nbFailedLits 0, nbI 0, fixedVarsByFL 0, totalFixedVars 124, nbTested: 1001, counter 302404
c nbFailedLits 0, nbI 0, fixedVarsByFL 0, totalFixedVars 127, nbTested: 1001, counter 408395
c nbFailedLits 0, nbI 0, fixedVarsByFL 0, totalFixedVars 131, nbTested: 1001, counter 570851
c nbFailedLits 0, nbI 0, fixedVarsByFL 0, totalFixedVars 140, nbTested: 1001, counter 743834
c nbFailedLits 0, nbI 0, fixedVarsByFL 0, totalFixedVars 148, nbTested: 1001, counter 993239
c ***** top quasi confl at level 0*****
c LRB phase 1: conflicts 35639, phase 20000000, starts 126, UP 1590032
c UB=10 fails, cnfls=45645, hcnfls=2811, core 5665, tier2 388, local 7833, quasiC: 7531 (fixed: 231269)
c prunedLB 5.56, dev 1.50, succRate 0.66, nbSucc 31538, nbHardens 714 (fixed 273468), lk: 47573, shorten: 0, pureSo 895, nbFlyRd 194, nbFixedLH 372
c ===============================================================================
c initCost: 0, fixedBySearch: 0, optimal: 10, maxsat: 98, hardConflicts: 2811
c nbLK: 62019, nbSuccLK: 41941(67.63%), nbLKup: 39307037(1890.80%), hardens 714 (fixed 273468), dynVars 2036, shorten: 0
c MaxSAT: OPTIMAL, Pauli weight 10 (reported cost 10), vars 3166 (base 340 + aux 790)
LKSKIP_EVENTS skipped_visits=0 reason_checks=0
c DistQLDPC — QLDPC/CSS minimum distance (symplectic MaxSAT)
c solver: MaxCDCL, cardinality encoding: MTO only
c Hx: data/matrices/BB_108_8_10_Hx.txt
c Hz: data/matrices/BB_108_8_10_Hz.txt
c Gx: data/matrices/BB_108_8_10_Gx.txt
c Gz: data/matrices/BB_108_8_10_Gz.txt
c Hx: 54 x 108, Hz: 54 x 108, Gx: 8 x 108, Gz: 8 x 108, logicals: 16
c d_lb: 10
c d_ub: 10
c d  : 10
o 10
