c DistQLDPC — QLDPC/CSS minimum distance (symplectic MaxSAT)
c solver: MaxCDCL, cardinality encoding: MTO only
c Hx: data/matrices/BB_90_8_10_Hx.txt
c Hz: data/matrices/BB_90_8_10_Hz.txt
c Gx: data/matrices/BB_90_8_10_Gx.txt
c Gz: data/matrices/BB_90_8_10_Gz.txt
c Hx: 45 x 90, Hz: 45 x 90, Gx: 8 x 90, Gz: 8 x 90, logicals: 16
c Mono: 0, fixed: 0
c |  Eliminated clauses:           0.02 Mb                                      |
c Reduced to 564 vars, 2464 cls (c/v ratio==4.4, grow=0)
c No iterative elimination performed. (vars=564, c/v ratio=4.4)
c ============================[ Search Statistics ]==============================
c | Conflicts |          ORIGINAL         |          LEARNT          | Progress |
c |           |    Vars  Clauses Literals |    Limit  Clauses Lit/Cl |          |
c ===============================================================================
c nb soft clauses: 90, of which 90 unit, 0 nonUnit and 0 empty
c total nb of literals: 8714
c conflLits 0, conflLits2 0, nbFailedLits 0, fixedVarsBypreproc 0, totalFixedVars 106
c 1 conflict sets found with length 52
c fixedCost 0, nbSatLits 0, totalFixedVars 106, objForSearch: 90

c no UB provided, search from scratch...
c ends of initiationization by VSIDS at 0 conflicts with init 10000

c UB=1 fails, cnfls=0, hcnfls=0, core 0, tier2 0, local 0, quasiC: 0 (fixed: 0)
c prunedLB 0.00, dev 0.00, succRate 0.00, nbSucc 0, nbHardens 1 (fixed 90), lk: 1, shorten: 0, pureSo 0, nbFlyRd 0, nbFixedLH 0

c Cardinality: 267 (MTO) for UB 2
c ***** top quasi confl at level 0*****
c ends of initiationization by VSIDS at 7 conflicts with init 9993

c UB=2 fails, cnfls=7, hcnfls=7, core 5, tier2 0, local 0, quasiC: 1 (fixed: 25)
c prunedLB 0.00, dev 0.00, succRate 0.00, nbSucc 0, nbHardens 1 (fixed 115), lk: 1, shorten: 0, pureSo 0, nbFlyRd 1, nbFixedLH 0

c Cardinality: 563 (MTO) for UB 4
c ends of initiationization by VSIDS at 1078 conflicts with init 8929

c UB=4 fails, cnfls=1078, hcnfls=356, core 534, tier2 78, local 688, quasiC: 10 (fixed: 257)
c prunedLB 2.73, dev 0.45, succRate 0.98, nbSucc 593, nbHardens 232 (fixed 14597), lk: 607, shorten: 0, pureSo 130, nbFlyRd 16, nbFixedLH 8

c Cardinality: 788 (MTO) for UB 8
c nbFailedLits 0, nbI 0, fixedVarsByFL 0, totalFixedVars 106, nbTested: 945, counter 32625
c nbFailedLits 0, nbI 0, fixedVarsByFL 0, totalFixedVars 113, nbTested: 938, counter 95527
c ***** top quasi confl at level 0*****
c ends of initiationization by VSIDS at 6995 conflicts with init 4083

c UB=8 fails, cnfls=6995, hcnfls=605, core 2900, tier2 954, local 3072, quasiC: 1027 (fixed: 24895)
c prunedLB 4.84, dev 1.01, succRate 0.72, nbSucc 5555, nbHardens 297 (fixed 42212), lk: 7682, shorten: 0, pureSo 244, nbFlyRd 45, nbFixedLH 70

c Cardinality: 919 (MTO) for UB 16
c nbFailedLits 0, nbI 0, fixedVarsByFL 0, totalFixedVars 106, nbTested: 1001, counter 159673
c UB=16 succs, confls=8222, hconfls=676, core 36, tier2 9, local 1188,  14 soft cls unsat (0 at L0), 106 fixed vars at L0, softCnfl 248, nbFlyRd 50, nbFixedLH 74
c nbHardens 306 (fixed 49133), shorten: 0, prunedLB 7.76, dev 1.26, succRate 0.70, nbSucc 1152, lk: 1656, shorten: 0, quasiC: 1288 (fixed: 31437)

c ends of initiationization by VSIDS at 8222 conflicts with init 8773


c Cardinality: 920 (MTO) for UB 14
c UB=14 succs, confls=8514, hconfls=819, core 112, tier2 37, local 1415,  12 soft cls unsat (0 at L0), 106 fixed vars at L0, softCnfl 253, nbFlyRd 62, nbFixedLH 102
c nbHardens 308 (fixed 50423), shorten: 0, prunedLB 6.73, dev 1.39, succRate 0.41, nbSucc 144, lk: 354, shorten: 0, quasiC: 1329 (fixed: 32659)


c Cardinality: 920 (MTO) for UB 12
c UB=12 succs, confls=9593, hconfls=855, core 390, tier2 492, local 2302,  10 soft cls unsat (0 at L0), 106 fixed vars at L0, softCnfl 264, nbFlyRd 63, nbFixedLH 105
c nbHardens 318 (fixed 55673), shorten: 0, prunedLB 5.94, dev 1.42, succRate 0.72, nbSucc 1032, lk: 1430, shorten: 0, quasiC: 1510 (fixed: 37449)


c Cardinality: 921 (MTO) for UB 10
c nbFailedLits 0, nbI 0, fixedVarsByFL 0, totalFixedVars 106, nbTested: 1001, counter 220162
c nbFailedLits 0, nbI 0, fixedVarsByFL 0, totalFixedVars 107, nbTested: 1001, counter 324136
c nbFailedLits 0, nbI 0, fixedVarsByFL 0, totalFixedVars 107, nbTested: 1001, counter 501447
c nbFailedLits 0, nbI 0, fixedVarsByFL 0, totalFixedVars 112, nbTested: 1001, counter 671873
c nbFailedLits 0, nbI 0, fixedVarsByFL 0, totalFixedVars 124, nbTested: 1001, counter 919045
c LRB phase 1: conflicts 43638, phase 20000000, starts 127, UP 1694974
c UB=10 fails, cnfls=51860, hcnfls=2546, core 2833, tier2 585, local 4546, quasiC: 10092 (fixed: 248836)
c prunedLB 5.46, dev 1.33, succRate 0.66, nbSucc 39835, nbHardens 782 (fixed 285384), lk: 59935, shorten: 0, pureSo 1006, nbFlyRd 223, nbFixedLH 409
c ===============================================================================
c initCost: 0, fixedBySearch: 0, optimal: 10, maxsat: 80, hardConflicts: 2546
c nbLK: 71666, nbSuccLK: 48311(67.41%), nbLKup: 33361027(1669.51%), hardens 782 (fixed 285384), dynVars 1772, shorten: 0
c MaxSAT: OPTIMAL, Pauli weight 10 (reported cost 10), vars 2712 (base 286 + aux 654)
LKSKIP_EVENTS skipped_visits=0 reason_checks=0
c DistQLDPC — QLDPC/CSS minimum distance (symplectic MaxSAT)
c solver: MaxCDCL, cardinality encoding: MTO only
c Hx: data/matrices/BB_90_8_10_Hx.txt
c Hz: data/matrices/BB_90_8_10_Hz.txt
c Gx: data/matrices/BB_90_8_10_Gx.txt
c Gz: data/matrices/BB_90_8_10_Gz.txt
c Hx: 45 x 90, Hz: 45 x 90, Gx: 8 x 90, Gz: 8 x 90, logicals: 16
c d_lb: 10
c d_ub: 10
c d  : 10
o 10
