c DistQLDPC — QLDPC/CSS minimum distance (symplectic MaxSAT)
c solver: MaxCDCL, cardinality encoding: off (soft-conflict only)
c Hx: data/matrices/GB_144_12_8_Hx.txt
c Hz: data/matrices/GB_144_12_8_Hz.txt
c Gx: data/matrices/GB_144_12_8_Gx.txt
c Gz: data/matrices/GB_144_12_8_Gz.txt
c Hx: 66 x 144, Hz: 66 x 144, Gx: 12 x 144, Gz: 12 x 144, logicals: 24
c Mono: 0, fixed: 0
c |  Eliminated clauses:           0.04 Mb                                      |
c Reduced to 1007 vars, 4942 cls (c/v ratio==4.9, grow=0)
c No iterative elimination performed. (vars=1007, c/v ratio=4.9)
c ============================[ Search Statistics ]==============================
c | Conflicts |          ORIGINAL         |          LEARNT          | Progress |
c |           |    Vars  Clauses Literals |    Limit  Clauses Lit/Cl |          |
c ===============================================================================
c nb soft clauses: 144, of which 144 unit, 0 nonUnit and 0 empty
c total nb of literals: 18204
c conflLits 0, conflLits2 0, nbFailedLits 0, fixedVarsBypreproc 0, totalFixedVars 156
c 1 conflict sets found with length 81
c fixedCost 0, nbSatLits 0, totalFixedVars 156, objForSearch: 144

c no UB provided, search from scratch...
c ends of initiationization by VSIDS at 0 conflicts with init 10000

c UB=1 fails, cnfls=0, hcnfls=0, core 0, tier2 0, local 0, quasiC: 0 (fixed: 0)
c prunedLB 0.00, dev 0.00, succRate 0.00, nbSucc 0, nbHardens 1 (fixed 144), lk: 1, shorten: 0, pureSo 0, nbFlyRd 0, nbFixedLH 0

c Cardinality: off (soft-conflict only), UB 2
c ***** top quasi confl at level 0*****
c ends of initiationization by VSIDS at 143 conflicts with init 9857

c UB=2 fails, cnfls=143, hcnfls=89, core 87, tier2 5, local 59, quasiC: 1 (fixed: 53)
c prunedLB 0.00, dev 0.00, succRate 0.00, nbSucc 0, nbHardens 65 (fixed 4509), lk: 1, shorten: 0, pureSo 54, nbFlyRd 11, nbFixedLH 0

c Cardinality: off (soft-conflict only), UB 4
c nbFailedLits 0, nbI 0, fixedVarsByFL 0, totalFixedVars 179, nbTested: 984, counter 18722
c ends of initiationization by VSIDS at 1427 conflicts with init 8716

c UB=4 fails, cnfls=1427, hcnfls=398, core 926, tier2 148, local 737, quasiC: 73 (fixed: 2213)
c prunedLB 2.54, dev 0.56, succRate 0.79, nbSucc 853, nbHardens 233 (fixed 23610), lk: 1074, shorten: 0, pureSo 177, nbFlyRd 36, nbFixedLH 9

c Cardinality: off (soft-conflict only), UB 8
c nbFailedLits 0, nbI 0, fixedVarsByFL 0, totalFixedVars 160, nbTested: 1001, counter 43759
c nbFailedLits 0, nbI 0, fixedVarsByFL 0, totalFixedVars 176, nbTested: 987, counter 108102
c ends of initiationization by VSIDS at 8406 conflicts with init 3021

c UB=8 fails, cnfls=8406, hcnfls=670, core 1674, tier2 798, local 3339, quasiC: 943 (fixed: 42729)
c prunedLB 5.05, dev 1.06, succRate 0.75, nbSucc 6577, nbHardens 298 (fixed 68305), lk: 8734, shorten: 0, pureSo 308, nbFlyRd 67, nbFixedLH 72

c Cardinality: off (soft-conflict only), UB 16
c nbFailedLits 0, nbI 0, fixedVarsByFL 0, totalFixedVars 156, nbTested: 1001, counter 198905
c UB=16 succs, confls=11481, hconfls=703, core 26, tier2 131, local 3012,  15 soft cls unsat (0 at L0), 156 fixed vars at L0, softCnfl 313, nbFlyRd 79, nbFixedLH 83
c nbHardens 305 (fixed 96061), shorten: 0, prunedLB 9.37, dev 1.33, succRate 0.74, nbSucc 3037, lk: 4116, shorten: 0, quasiC: 1514 (fixed: 70148)

c ends of initiationization by VSIDS at 11481 conflicts with init 6925


c Cardinality: off (soft-conflict only), UB 15
c UB=15 succs, confls=11788, hconfls=718, core 35, tier2 134, local 3314,  14 soft cls unsat (0 at L0), 156 fixed vars at L0, softCnfl 313, nbFlyRd 85, nbFixedLH 88
c nbHardens 307 (fixed 98685), shorten: 0, prunedLB 7.43, dev 1.25, succRate 0.72, nbSucc 292, lk: 408, shorten: 0, quasiC: 1564 (fixed: 72766)


c Cardinality: off (soft-conflict only), UB 14
c UB=14 succs, confls=11883, hconfls=718, core 35, tier2 134, local 3409,  13 soft cls unsat (0 at L0), 156 fixed vars at L0, softCnfl 314, nbFlyRd 85, nbFixedLH 88
c nbHardens 309 (fixed 99569), shorten: 0, prunedLB 8.10, dev 1.09, succRate 0.65, nbSucc 94, lk: 144, shorten: 0, quasiC: 1585 (fixed: 73650)


c Cardinality: off (soft-conflict only), UB 13
c UB=13 succs, confls=12474, hconfls=727, core 309, tier2 499, local 3913,  12 soft cls unsat (0 at L0), 156 fixed vars at L0, softCnfl 315, nbFlyRd 86, nbFixedLH 89
c nbHardens 313 (fixed 104529), shorten: 0, prunedLB 7.06, dev 1.24, succRate 0.75, nbSucc 581, lk: 779, shorten: 0, quasiC: 1695 (fixed: 78534)


c Cardinality: off (soft-conflict only), UB 12
c nbFailedLits 0, nbI 0, fixedVarsByFL 0, totalFixedVars 156, nbTested: 1001, counter 266861
c UB=12 succs, confls=12583, hconfls=728, core 176, tier2 55, local 4019,  10 soft cls unsat (0 at L0), 156 fixed vars at L0, softCnfl 316, nbFlyRd 86, nbFixedLH 89
c nbHardens 313 (fixed 105091), shorten: 0, prunedLB 6.70, dev 1.79, succRate 0.75, nbSucc 107, lk: 143, shorten: 0, quasiC: 1705 (fixed: 79096)


c Cardinality: off (soft-conflict only), UB 10
c UB=10 succs, confls=13249, hconfls=747, core 623, tier2 300, local 4588,  9 soft cls unsat (0 at L0), 156 fixed vars at L0, softCnfl 331, nbFlyRd 89, nbFixedLH 91
c nbHardens 320 (fixed 108898), shorten: 0, prunedLB 5.25, dev 1.46, succRate 0.76, nbSucc 632, lk: 829, shorten: 0, quasiC: 1790 (fixed: 82508)


c Cardinality: off (soft-conflict only), UB 9
c UB=9 succs, confls=16249, hconfls=831, core 1259, tier2 975, local 2979,  8 soft cls unsat (0 at L0), 171 fixed vars at L0, softCnfl 382, nbFlyRd 107, nbFixedLH 113
c nbHardens 347 (fixed 133532), shorten: 0, prunedLB 5.88, dev 1.08, succRate 0.70, nbSucc 2865, lk: 4067, shorten: 0, quasiC: 2338 (fixed: 105579)

c LRB phase 1: conflicts 4768, phase 20000000, starts 29, UP 226774
c UB=8 fails, cnfls=16249, hcnfls=831, core 1259, tier2 975, local 2979, quasiC: 2338 (fixed: 105579)
c prunedLB 0.00, dev 0.00, succRate 0.00, nbSucc 0, nbHardens 347 (fixed 133532), lk: 0, shorten: 0, pureSo 382, nbFlyRd 107, nbFixedLH 113
c ===============================================================================
c initCost: 0, fixedBySearch: 0, optimal: 8, maxsat: 136, hardConflicts: 831
c nbLK: 20296, nbSuccLK: 15038(74.09%), nbLKup: 16733393(2066.80%), hardens 347 (fixed 133532), dynVars 0, shorten: 0
c MaxSAT: OPTIMAL, Pauli weight 8 (reported cost 8), vars 1739 (base 456 + aux 1283)
LKSKIP_EVENTS skipped_visits=0 reason_checks=0
c DistQLDPC — QLDPC/CSS minimum distance (symplectic MaxSAT)
c solver: MaxCDCL, cardinality encoding: off (soft-conflict only)
c Hx: data/matrices/GB_144_12_8_Hx.txt
c Hz: data/matrices/GB_144_12_8_Hz.txt
c Gx: data/matrices/GB_144_12_8_Gx.txt
c Gz: data/matrices/GB_144_12_8_Gz.txt
c Hx: 66 x 144, Hz: 66 x 144, Gx: 12 x 144, Gz: 12 x 144, logicals: 24
c d_lb: 8
c d_ub: 8
c d  : 8
o 8
