c DistQLDPC — QLDPC/CSS minimum distance (symplectic MaxSAT)
c solver: MaxCDCL, cardinality encoding: off (soft-conflict only)
c Hx: data/matrices/LP_136_32_4_Hx.txt
c Hz: data/matrices/LP_136_32_4_Hz.txt
c Gx: data/matrices/LP_136_32_4_Gx.txt
c Gz: data/matrices/LP_136_32_4_Gz.txt
c Hx: 60 x 136, Hz: 60 x 136, Gx: 32 x 136, Gz: 32 x 136, logicals: 64
c Mono: 0, fixed: 0
c |  Eliminated clauses:           0.04 Mb                                      |
c Reduced to 1072 vars, 5274 cls (c/v ratio==4.9, grow=0)
c No iterative elimination performed. (vars=1072, c/v ratio=4.9)
c ============================[ Search Statistics ]==============================
c | Conflicts |          ORIGINAL         |          LEARNT          | Progress |
c |           |    Vars  Clauses Literals |    Limit  Clauses Lit/Cl |          |
c ===============================================================================
c nb soft clauses: 136, of which 136 unit, 0 nonUnit and 0 empty
c total nb of literals: 19336
c conflLits 0, conflLits2 0, nbFailedLits 0, fixedVarsBypreproc 0, totalFixedVars 184
c 1 conflict sets found with length 91
c fixedCost 0, nbSatLits 0, totalFixedVars 184, objForSearch: 136

c no UB provided, search from scratch...
c ends of initiationization by VSIDS at 0 conflicts with init 10000

c UB=1 fails, cnfls=0, hcnfls=0, core 0, tier2 0, local 0, quasiC: 0 (fixed: 0)
c prunedLB 0.00, dev 0.00, succRate 0.00, nbSucc 0, nbHardens 1 (fixed 136), lk: 1, shorten: 0, pureSo 0, nbFlyRd 0, nbFixedLH 0

c Cardinality: off (soft-conflict only), UB 2
c ***** top quasi confl at level 0*****
c ***** top quasi confl at level 0*****
c ends of initiationization by VSIDS at 373 conflicts with init 9627

c UB=2 fails, cnfls=373, hcnfls=259, core 1079, tier2 11, local 215, quasiC: 6 (fixed: 267)
c prunedLB 2.00, dev 0.00, succRate 0.40, nbSucc 4, nbHardens 155 (fixed 9862), lk: 10, shorten: 0, pureSo 110, nbFlyRd 10, nbFixedLH 0

c Cardinality: off (soft-conflict only), UB 4
c nbFailedLits 0, nbI 0, fixedVarsByFL 0, totalFixedVars 187, nbTested: 1001, counter 32819
c ***** top quasi confl at level 0*****
c ends of initiationization by VSIDS at 3032 conflicts with init 7341

c UB=4 fails, cnfls=3032, hcnfls=811, core 2436, tier2 283, local 1917, quasiC: 134 (fixed: 6418)
c prunedLB 2.67, dev 0.47, succRate 0.90, nbSucc 1710, nbHardens 364 (fixed 30922), lk: 1906, shorten: 0, pureSo 508, nbFlyRd 59, nbFixedLH 52

c Cardinality: off (soft-conflict only), UB 8
c UB=8 succs, confls=3373, hconfls=821, core 52, tier2 99, local 210,  6 soft cls unsat (0 at L0), 184 fixed vars at L0, softCnfl 508, nbFlyRd 61, nbFixedLH 52
c nbHardens 367 (fixed 31319), shorten: 0, prunedLB 3.99, dev 0.71, succRate 0.95, nbSucc 331, lk: 349, shorten: 0, quasiC: 135 (fixed: 6478)

c ends of initiationization by VSIDS at 3373 conflicts with init 9659


c Cardinality: off (soft-conflict only), UB 6
c UB=6 succs, confls=3439, hconfls=830, core 78, tier2 110, local 259,  4 soft cls unsat (0 at L0), 184 fixed vars at L0, softCnfl 511, nbFlyRd 64, nbFixedLH 54
c nbHardens 371 (fixed 31915), shorten: 0, prunedLB 3.72, dev 0.95, succRate 0.62, nbSucc 54, lk: 87, shorten: 0, quasiC: 139 (fixed: 6728)

c LRB phase 1: conflicts 66, phase 20000000, starts 1, UP 5059
c UB=4 fails, cnfls=3439, hcnfls=830, core 78, tier2 110, local 259, quasiC: 139 (fixed: 6728)
c prunedLB 0.00, dev 0.00, succRate 0.00, nbSucc 0, nbHardens 371 (fixed 31915), lk: 0, shorten: 0, pureSo 511, nbFlyRd 64, nbFixedLH 54
c ===============================================================================
c initCost: 0, fixedBySearch: 0, optimal: 4, maxsat: 132, hardConflicts: 830
c nbLK: 2353, nbSuccLK: 2099(89.21%), nbLKup: 1352344(480.94%), hardens 371 (fixed 31915), dynVars 0, shorten: 0
c MaxSAT: OPTIMAL, Pauli weight 4 (reported cost 4), vars 1872 (base 472 + aux 1400)
LKSKIP_EVENTS skipped_visits=0 reason_checks=0
c DistQLDPC — QLDPC/CSS minimum distance (symplectic MaxSAT)
c solver: MaxCDCL, cardinality encoding: off (soft-conflict only)
c Hx: data/matrices/LP_136_32_4_Hx.txt
c Hz: data/matrices/LP_136_32_4_Hz.txt
c Gx: data/matrices/LP_136_32_4_Gx.txt
c Gz: data/matrices/LP_136_32_4_Gz.txt
c Hx: 60 x 136, Hz: 60 x 136, Gx: 32 x 136, Gz: 32 x 136, logicals: 64
c d_lb: 4
c d_ub: 4
c d  : 4
o 4
