c DistQLDPC — QLDPC/CSS minimum distance (symplectic MaxSAT)
c solver: MaxCDCL, cardinality encoding: off (soft-conflict only)
c Hx: data/matrices/LP_238_44_6_Hx.txt
c Hz: data/matrices/LP_238_44_6_Hz.txt
c Gx: data/matrices/LP_238_44_6_Gx.txt
c Gz: data/matrices/LP_238_44_6_Gz.txt
c Hx: 105 x 238, Hz: 105 x 238, Gx: 44 x 238, Gz: 44 x 238, logicals: 88
c Mono: 0, fixed: 0
c |  Eliminated clauses:           0.07 Mb                                      |
c Reduced to 1990 vars, 10044 cls (c/v ratio==5.0, grow=0)
c No iterative elimination performed. (vars=1990, c/v ratio=5.0)
c ============================[ Search Statistics ]==============================
c | Conflicts |          ORIGINAL         |          LEARNT          | Progress |
c |           |    Vars  Clauses Literals |    Limit  Clauses Lit/Cl |          |
c ===============================================================================
c nb soft clauses: 238, of which 238 unit, 0 nonUnit and 0 empty
c total nb of literals: 36982
c conflLits 0, conflLits2 0, nbFailedLits 0, fixedVarsBypreproc 0, totalFixedVars 298
c 1 conflict sets found with length 156
c fixedCost 0, nbSatLits 0, totalFixedVars 298, objForSearch: 238

c no UB provided, search from scratch...
c ends of initiationization by VSIDS at 0 conflicts with init 10000

c UB=1 fails, cnfls=0, hcnfls=0, core 0, tier2 0, local 0, quasiC: 0 (fixed: 0)
c prunedLB 0.00, dev 0.00, succRate 0.00, nbSucc 0, nbHardens 1 (fixed 238), lk: 1, shorten: 0, pureSo 0, nbFlyRd 0, nbFixedLH 0

c Cardinality: off (soft-conflict only), UB 2
c ***** top quasi confl at level 0*****
c ends of initiationization by VSIDS at 321 conflicts with init 9679

c UB=2 fails, cnfls=321, hcnfls=234, core 676, tier2 5, local 183, quasiC: 7 (fixed: 596)
c prunedLB 2.00, dev 0.00, succRate 0.56, nbSucc 9, nbHardens 150 (fixed 17240), lk: 16, shorten: 0, pureSo 79, nbFlyRd 9, nbFixedLH 0

c Cardinality: off (soft-conflict only), UB 4
c nbFailedLits 0, nbI 0, fixedVarsByFL 0, totalFixedVars 298, nbTested: 1001, counter 38689
c nbFailedLits 2, nbI 1, fixedVarsByFL 3, totalFixedVars 342, nbTested: 1441, counter 142210
c ends of initiationization by VSIDS at 5948 conflicts with init 4373

c UB=4 fails, cnfls=5948, hcnfls=1432, core 5768, tier2 261, local 4642, quasiC: 494 (fixed: 21697)
c prunedLB 2.78, dev 0.53, succRate 0.63, nbSucc 3564, nbHardens 530 (fixed 81622), lk: 5684, shorten: 0, pureSo 945, nbFlyRd 53, nbFixedLH 80

c Cardinality: off (soft-conflict only), UB 8
c UB=8 succs, confls=6233, hconfls=1442, core 291, tier2 438, local 194,  6 soft cls unsat (0 at L0), 298 fixed vars at L0, softCnfl 947, nbFlyRd 54, nbFixedLH 80
c nbHardens 536 (fixed 84691), shorten: 0, prunedLB 4.64, dev 0.87, succRate 0.80, nbSucc 273, lk: 341, shorten: 0, quasiC: 524 (fixed: 24131)

c ends of initiationization by VSIDS at 6233 conflicts with init 9715


c Cardinality: off (soft-conflict only), UB 6
c nbFailedLits 0, nbI 0, fixedVarsByFL 0, totalFixedVars 301, nbTested: 1001, counter 219584
c nbFailedLits 0, nbI 0, fixedVarsByFL 0, totalFixedVars 335, nbTested: 1001, counter 307186
c nbFailedLits 0, nbI 0, fixedVarsByFL 0, totalFixedVars 388, nbTested: 1001, counter 487373
c ***** top quasi confl at level 0*****
c LRB phase 1: conflicts 10028, phase 20000000, starts 44, UP 959211
c UB=6 fails, cnfls=16261, hcnfls=2127, core 1815, tier2 472, local 5010, quasiC: 1997 (fixed: 121603)
c prunedLB 3.81, dev 0.78, succRate 0.71, nbSucc 8989, nbHardens 733 (fixed 204347), lk: 12693, shorten: 0, pureSo 1301, nbFlyRd 143, nbFixedLH 156
c ===============================================================================
c initCost: 0, fixedBySearch: 0, optimal: 6, maxsat: 232, hardConflicts: 2127
c nbLK: 18735, nbSuccLK: 12835(68.51%), nbLKup: 30935054(1748.40%), hardens 733 (fixed 204347), dynVars 0, shorten: 0
c MaxSAT: OPTIMAL, Pauli weight 6 (reported cost 6), vars 3432 (base 802 + aux 2630)
LKSKIP_EVENTS skipped_visits=0 reason_checks=0
c DistQLDPC — QLDPC/CSS minimum distance (symplectic MaxSAT)
c solver: MaxCDCL, cardinality encoding: off (soft-conflict only)
c Hx: data/matrices/LP_238_44_6_Hx.txt
c Hz: data/matrices/LP_238_44_6_Hz.txt
c Gx: data/matrices/LP_238_44_6_Gx.txt
c Gz: data/matrices/LP_238_44_6_Gz.txt
c Hx: 105 x 238, Hz: 105 x 238, Gx: 44 x 238, Gz: 44 x 238, logicals: 88
c d_lb: 6
c d_ub: 6
c d  : 6
o 6
