c DistQLDPC — QLDPC/CSS minimum distance (symplectic MaxSAT)
c solver: MaxCDCL, cardinality encoding: MTO only
c Hx: data/matrices/LP_238_44_6_Hx.txt
c Hz: data/matrices/LP_238_44_6_Hz.txt
c Gx: data/matrices/LP_238_44_6_Gx.txt
c Gz: data/matrices/LP_238_44_6_Gz.txt
c Hx: 105 x 238, Hz: 105 x 238, Gx: 44 x 238, Gz: 44 x 238, logicals: 88
c Mono: 0, fixed: 0
c |  Eliminated clauses:           0.07 Mb                                      |
c Reduced to 1990 vars, 10044 cls (c/v ratio==5.0, grow=0)
c No iterative elimination performed. (vars=1990, c/v ratio=5.0)
c ============================[ Search Statistics ]==============================
c | Conflicts |          ORIGINAL         |          LEARNT          | Progress |
c |           |    Vars  Clauses Literals |    Limit  Clauses Lit/Cl |          |
c ===============================================================================
c nb soft clauses: 238, of which 238 unit, 0 nonUnit and 0 empty
c total nb of literals: 36982
c conflLits 0, conflLits2 0, nbFailedLits 0, fixedVarsBypreproc 0, totalFixedVars 298
c 1 conflict sets found with length 156
c fixedCost 0, nbSatLits 0, totalFixedVars 298, objForSearch: 238

c no UB provided, search from scratch...
c ends of initiationization by VSIDS at 0 conflicts with init 10000

c UB=1 fails, cnfls=0, hcnfls=0, core 0, tier2 0, local 0, quasiC: 0 (fixed: 0)
c prunedLB 0.00, dev 0.00, succRate 0.00, nbSucc 0, nbHardens 1 (fixed 238), lk: 1, shorten: 0, pureSo 0, nbFlyRd 0, nbFixedLH 0

c Cardinality: 711 (MTO) for UB 2
c ***** top quasi confl at level 0*****
c ends of initiationization by VSIDS at 45 conflicts with init 9955

c UB=2 fails, cnfls=45, hcnfls=45, core 33, tier2 4, local 11, quasiC: 1 (fixed: 32)
c prunedLB 0.00, dev 0.00, succRate 0.00, nbSucc 0, nbHardens 1 (fixed 270), lk: 1, shorten: 0, pureSo 0, nbFlyRd 3, nbFixedLH 0

c Cardinality: 1529 (MTO) for UB 4
c nbFailedLits 0, nbI 0, fixedVarsByFL 0, totalFixedVars 299, nbTested: 1001, counter 53731
c nbFailedLits 5, nbI 0, fixedVarsByFL 7, totalFixedVars 326, nbTested: 2154, counter 159768
c ends of initiationization by VSIDS at 6197 conflicts with init 3848

c UB=4 fails, cnfls=6197, hcnfls=1840, core 6950, tier2 573, local 4908, quasiC: 561 (fixed: 24360)
c prunedLB 2.83, dev 0.55, succRate 0.61, nbSucc 3719, nbHardens 453 (fixed 80808), lk: 6083, shorten: 0, pureSo 639, nbFlyRd 75, nbFixedLH 86

c Cardinality: 2080 (MTO) for UB 8
c UB=8 succs, confls=7127, hconfls=1868, core 260, tier2 218, local 672,  6 soft cls unsat (0 at L0), 298 fixed vars at L0, softCnfl 641, nbFlyRd 79, nbFixedLH 87
c nbHardens 454 (fixed 84667), shorten: 0, prunedLB 4.42, dev 0.88, succRate 0.89, nbSucc 900, lk: 1007, shorten: 0, quasiC: 607 (fixed: 27997)

c ends of initiationization by VSIDS at 7127 conflicts with init 9070


c Cardinality: 2081 (MTO) for UB 6
c nbFailedLits 0, nbI 0, fixedVarsByFL 0, totalFixedVars 298, nbTested: 1001, counter 260919
c nbFailedLits 0, nbI 0, fixedVarsByFL 0, totalFixedVars 309, nbTested: 1001, counter 366441
c nbFailedLits 0, nbI 0, fixedVarsByFL 0, totalFixedVars 309, nbTested: 1001, counter 533482
c LRB phase 1: conflicts 8861, phase 20000000, starts 37, UP 836705
c UB=6 fails, cnfls=15988, hcnfls=2570, core 1111, tier2 16, local 1930, quasiC: 1923 (fixed: 111542)
c prunedLB 3.76, dev 0.76, succRate 0.70, nbSucc 7820, nbHardens 657 (fixed 190724), lk: 11151, shorten: 0, pureSo 981, nbFlyRd 160, nbFixedLH 158
c ===============================================================================
c initCost: 0, fixedBySearch: 0, optimal: 6, maxsat: 232, hardConflicts: 2570
c nbLK: 18243, nbSuccLK: 12439(68.19%), nbLKup: 29447914(1642.43%), hardens 657 (fixed 190724), dynVars 1930, shorten: 0
c MaxSAT: OPTIMAL, Pauli weight 6 (reported cost 6), vars 5362 (base 802 + aux 2630)
LKSKIP_EVENTS skipped_visits=0 reason_checks=0
c DistQLDPC — QLDPC/CSS minimum distance (symplectic MaxSAT)
c solver: MaxCDCL, cardinality encoding: MTO only
c Hx: data/matrices/LP_238_44_6_Hx.txt
c Hz: data/matrices/LP_238_44_6_Hz.txt
c Gx: data/matrices/LP_238_44_6_Gx.txt
c Gz: data/matrices/LP_238_44_6_Gz.txt
c Hx: 105 x 238, Hz: 105 x 238, Gx: 44 x 238, Gz: 44 x 238, logicals: 88
c d_lb: 6
c d_ub: 6
c d  : 6
o 6
