WARNING! DIMACS header mismatch: wrong number of variables.
c This is COMiniSatPS.
c ============================[ Problem Statistics ]=============================
c |                                                                             |
c initial UB: 2147483647
c |  Number of variables:          3430                                         |
c |  Number of clauses:           10044                                         |
c |  Parse time:                   0.00 s                                       |
c |                                                                             |
c ============================[ Search Statistics ]==============================
c | Conflicts |          ORIGINAL         |          LEARNT          | Progress |
c |           |    Vars  Clauses Literals |    Limit  Clauses Lit/Cl |          |
c ===============================================================================
c nb soft clauses: 238, of which 238 unit, 0 nonUnit and 0 empty
c total nb of literals: 36982
c conflLits 0, conflLits2 0, nbFailedLits 0, fixedVarsBypreproc 0, totalFixedVars 0
c 1 conflict sets found with length 156
c fixedCost 0, nbSatLits 0, totalFixedVars 0, objForSearch: 238

c no UB provided, search from scratch...
c ends of initiationization by VSIDS at 0 conflicts with init 10000

c UB=1 fails, cnfls=0, hcnfls=0, core 0, tier2 0, local 0, quasiC: 0 (fixed: 0)
c prunedLB 0.00, dev 0.00, succRate 0.00, nbSucc 0, nbHardens 1 (fixed 238), lk: 1, shorten: 0, pureSo 0, nbFlyRd 0, nbFixedLH 0

c Cardinality: 711 (Sinz+MTO) for UB 2
c ***** top quasi confl at level 0*****
c ends of initiationization by VSIDS at 48 conflicts with init 9952

c UB=2 fails, cnfls=48, hcnfls=48, core 33, tier2 6, local 11, quasiC: 1 (fixed: 32)
c prunedLB 0.00, dev 0.00, succRate 0.00, nbSucc 0, nbHardens 1 (fixed 270), lk: 1, shorten: 0, pureSo 0, nbFlyRd 1, nbFixedLH 0

c Cardinality: 1529 (Sinz+MTO) for UB 4
c nbFailedLits 0, nbI 0, fixedVarsByFL 0, totalFixedVars 3, nbTested: 1001, counter 22074
c nbFailedLits 0, nbI 0, fixedVarsByFL 0, totalFixedVars 27, nbTested: 1001, counter 132641
c ***** top quasi confl at level 0*****
c ends of initiationization by VSIDS at 6571 conflicts with init 3477

c UB=4 fails, cnfls=6571, hcnfls=1608, core 8357, tier2 244, local 4847, quasiC: 616 (fixed: 26204)
c prunedLB 2.73, dev 0.58, succRate 0.70, nbSucc 4260, nbHardens 595 (fixed 116074), lk: 6093, shorten: 0, pureSo 704, nbFlyRd 70, nbFixedLH 71

c Cardinality: 2080 (Sinz+MTO) for UB 8
c UB=8 succs, confls=7214, hconfls=1637, core 30, tier2 48, local 590,  6 soft cls unsat (0 at L0), 0 fixed vars at L0, softCnfl 704, nbFlyRd 73, nbFixedLH 73
c nbHardens 597 (fixed 118248), shorten: 0, prunedLB 4.49, dev 0.69, succRate 0.92, nbSucc 614, lk: 671, shorten: 0, quasiC: 638 (fixed: 28026)

c ends of initiationization by VSIDS at 7214 conflicts with init 9357

LKSKIP_EVENTS skipped_visits=33098520 reason_checks=5637747

c Cardinality: 2081 (Sinz+MTO) for UB 6
c nbFailedLits 0, nbI 0, fixedVarsByFL 0, totalFixedVars 3, nbTested: 1001, counter 241934
c nbFailedLits 0, nbI 0, fixedVarsByFL 0, totalFixedVars 31, nbTested: 1001, counter 348321
c LRB phase 1: conflicts 7863, phase 20000000, starts 31, UP 761790
c UB=6 fails, cnfls=15077, hcnfls=2277, core 540, tier2 106, local 1634, quasiC: 1763 (fixed: 103139)
c prunedLB 3.79, dev 0.77, succRate 0.71, nbSucc 6983, nbHardens 756 (fixed 210620), lk: 9860, shorten: 0, pureSo 945, nbFlyRd 163, nbFixedLH 152
c ===============================================================================
c initCost: 0, fixedBySearch: 0, optimal: 6, maxsat: 232, hardConflicts: 2277
c nbLK: 16626, nbSuccLK: 11857(71.32%), nbLKup: 26676598(1594.20%), hardens 756 (fixed 210620), dynVars 1930, shorten: 0
c restarts              : 148
c conflicts             : 15077          (9889 /sec)
c decisions             : 51589          (0.00 % random) (33837 /sec)
c propagations          : 1673354        (1097538 /sec)
c conflict literals     : 1151998        (33.02 % deleted)
c CPU time              : 1.52464 s
c nbSimplifyAll         : 4
c s_propagations        : 105041      
c s_cost_ratio          : 6.28%

s UNSATISFIABLE
