WARNING! DIMACS header mismatch: wrong number of variables.
c This is COMiniSatPS.
c ============================[ Problem Statistics ]=============================
c |                                                                             |
c initial UB: 2147483647
c |  Number of variables:          1737                                         |
c |  Number of clauses:            4942                                         |
c |  Parse time:                   0.00 s                                       |
c |                                                                             |
c ============================[ Search Statistics ]==============================
c | Conflicts |          ORIGINAL         |          LEARNT          | Progress |
c |           |    Vars  Clauses Literals |    Limit  Clauses Lit/Cl |          |
c ===============================================================================
c nb soft clauses: 144, of which 144 unit, 0 nonUnit and 0 empty
c total nb of literals: 18204
c conflLits 0, conflLits2 0, nbFailedLits 0, fixedVarsBypreproc 0, totalFixedVars 0
c 1 conflict sets found with length 81
c fixedCost 0, nbSatLits 0, totalFixedVars 0, objForSearch: 144

c no UB provided, search from scratch...
c ends of initiationization by VSIDS at 0 conflicts with init 10000

c UB=1 fails, cnfls=0, hcnfls=0, core 0, tier2 0, local 0, quasiC: 0 (fixed: 0)
c prunedLB 0.00, dev 0.00, succRate 0.00, nbSucc 0, nbHardens 1 (fixed 144), lk: 1, shorten: 0, pureSo 0, nbFlyRd 0, nbFixedLH 0

c Cardinality: 429 (Sinz+MTO) for UB 2
c ***** top quasi confl at level 0*****
c ends of initiationization by VSIDS at 4 conflicts with init 9996

c UB=2 fails, cnfls=4, hcnfls=4, core 2, tier2 0, local 0, quasiC: 1 (fixed: 53)
c prunedLB 0.00, dev 0.00, succRate 0.00, nbSucc 0, nbHardens 1 (fixed 197), lk: 1, shorten: 0, pureSo 0, nbFlyRd 1, nbFixedLH 0

c Cardinality: 919 (Sinz+MTO) for UB 4
c nbFailedLits 0, nbI 3, fixedVarsByFL 3, totalFixedVars 10, nbTested: 1138, counter 21480
c ends of initiationization by VSIDS at 2573 conflicts with init 7431

c UB=4 fails, cnfls=2573, hcnfls=1243, core 1030, tier2 123, local 1322, quasiC: 60 (fixed: 2159)
c prunedLB 2.52, dev 0.55, succRate 0.90, nbSucc 1166, nbHardens 289 (fixed 33765), lk: 1297, shorten: 0, pureSo 165, nbFlyRd 31, nbFixedLH 19

c Cardinality: 1248 (Sinz+MTO) for UB 8
c nbFailedLits 0, nbI 0, fixedVarsByFL 0, totalFixedVars 1, nbTested: 1001, counter 125294
c nbFailedLits 0, nbI 0, fixedVarsByFL 0, totalFixedVars 2, nbTested: 1001, counter 205464
c ***** top quasi confl at level 0*****
c ends of initiationization by VSIDS at 9901 conflicts with init 2672

c UB=8 fails, cnfls=9901, hcnfls=1561, core 1644, tier2 409, local 4164, quasiC: 1110 (fixed: 48923)
c prunedLB 5.20, dev 1.07, succRate 0.72, nbSucc 6834, nbHardens 375 (fixed 86494), lk: 9479, shorten: 0, pureSo 342, nbFlyRd 79, nbFixedLH 101

c Cardinality: 1433 (Sinz+MTO) for UB 16
c nbFailedLits 0, nbI 0, fixedVarsByFL 0, totalFixedVars 0, nbTested: 1001, counter 311529
c nbFailedLits 0, nbI 0, fixedVarsByFL 0, totalFixedVars 0, nbTested: 1001, counter 377350
c UB=16 succs, confls=17737, hconfls=1690, core 453, tier2 1298, local 7321,  15 soft cls unsat (0 at L0), 0 fixed vars at L0, softCnfl 354, nbFlyRd 129, nbFixedLH 144
c nbHardens 381 (fixed 163624), shorten: 0, prunedLB 9.57, dev 1.41, succRate 0.71, nbSucc 7695, lk: 10855, shorten: 0, quasiC: 2698 (fixed: 125780)

c ends of initiationization by VSIDS at 17737 conflicts with init 2164

LKSKIP_EVENTS skipped_visits=41281846 reason_checks=4246600

c Cardinality: 1434 (Sinz+MTO) for UB 15
c UB=15 succs, confls=18324, hconfls=1859, core 556, tier2 1317, local 7818,  14 soft cls unsat (0 at L0), 0 fixed vars at L0, softCnfl 356, nbFlyRd 135, nbFixedLH 170
c nbHardens 383 (fixed 166480), shorten: 0, prunedLB 8.26, dev 1.31, succRate 0.69, nbSucc 416, lk: 601, shorten: 0, quasiC: 2761 (fixed: 128636)


c Cardinality: 1434 (Sinz+MTO) for UB 14
c UB=14 succs, confls=18470, hconfls=1882, core 578, tier2 1318, local 7942,  13 soft cls unsat (0 at L0), 0 fixed vars at L0, softCnfl 356, nbFlyRd 135, nbFixedLH 170
c nbHardens 385 (fixed 167805), shorten: 0, prunedLB 7.87, dev 1.42, succRate 0.72, nbSucc 123, lk: 172, shorten: 0, quasiC: 2791 (fixed: 129961)


c Cardinality: 1435 (Sinz+MTO) for UB 13
c UB=13 succs, confls=18500, hconfls=1908, core 604, tier2 1318, local 7946,  12 soft cls unsat (0 at L0), 0 fixed vars at L0, softCnfl 356, nbFlyRd 135, nbFixedLH 170
c nbHardens 387 (fixed 167951), shorten: 0, prunedLB 8.50, dev 0.50, succRate 0.57, nbSucc 4, lk: 7, shorten: 0, quasiC: 2793 (fixed: 130090)


c Cardinality: 1434 (Sinz+MTO) for UB 12
c nbFailedLits 0, nbI 0, fixedVarsByFL 0, totalFixedVars 0, nbTested: 1001, counter 491760
c UB=12 succs, confls=21589, hconfls=2076, core 1505, tier2 670, local 10837,  11 soft cls unsat (0 at L0), 0 fixed vars at L0, softCnfl 444, nbFlyRd 151, nbFixedLH 187
c nbHardens 427 (fixed 193052), shorten: 0, prunedLB 5.60, dev 1.79, succRate 0.68, nbSucc 2833, lk: 4163, shorten: 0, quasiC: 3363 (fixed: 152367)


c Cardinality: 1435 (Sinz+MTO) for UB 11
c UB=11 succs, confls=22425, hconfls=2116, core 2322, tier2 1092, local 11506,  10 soft cls unsat (0 at L0), 0 fixed vars at L0, softCnfl 448, nbFlyRd 156, nbFixedLH 190
c nbHardens 432 (fixed 199448), shorten: 0, prunedLB 6.23, dev 1.36, succRate 0.75, nbSucc 792, lk: 1062, shorten: 0, quasiC: 3491 (fixed: 158543)


c Cardinality: 1435 (Sinz+MTO) for UB 10
c UB=10 succs, confls=22474, hconfls=2137, core 2404, tier2 1113, local 11523,  9 soft cls unsat (0 at L0), 0 fixed vars at L0, softCnfl 448, nbFlyRd 156, nbFixedLH 190
c nbHardens 434 (fixed 199807), shorten: 0, prunedLB 6.82, dev 0.66, succRate 0.68, nbSucc 28, lk: 41, shorten: 0, quasiC: 3499 (fixed: 158902)


c Cardinality: 1436 (Sinz+MTO) for UB 9
c UB=9 succs, confls=23216, hconfls=2202, core 2768, tier2 1323, local 12119,  8 soft cls unsat (0 at L0), 0 fixed vars at L0, softCnfl 461, nbFlyRd 161, nbFixedLH 192
c nbHardens 442 (fixed 204637), shorten: 0, prunedLB 5.33, dev 1.07, succRate 0.75, nbSucc 664, lk: 890, shorten: 0, quasiC: 3599 (fixed: 163287)

c LRB phase 1: conflicts 5479, phase 20000000, starts 31, UP 335333
c UB=8 fails, cnfls=23216, hcnfls=2202, core 2768, tier2 1323, local 12119, quasiC: 3599 (fixed: 163287)
c prunedLB 0.00, dev 0.00, succRate 0.00, nbSucc 0, nbHardens 442 (fixed 204637), lk: 0, shorten: 0, pureSo 461, nbFlyRd 161, nbFixedLH 192
c ===============================================================================
c initCost: 0, fixedBySearch: 0, optimal: 8, maxsat: 136, hardConflicts: 2202
c nbLK: 28569, nbSuccLK: 20555(71.95%), nbLKup: 23719480(1630.52%), hardens 442 (fixed 204637), dynVars 5448, shorten: 0
c restarts              : 144
c conflicts             : 23216          (16378 /sec)
c decisions             : 70621          (0.00 % random) (49821 /sec)
c propagations          : 1454722        (1026260 /sec)
c conflict literals     : 781638         (30.82 % deleted)
c CPU time              : 1.4175 s
c nbSimplifyAll         : 6
c s_propagations        : 157757      
c s_cost_ratio          : 10.84%

s UNSATISFIABLE
