0000.gate.GB_144_12_12.no-card.0.baseline 66.276s o 12 load=1.56
0001.gate.GB_144_12_12.no-card.0.candidate 25.702s o 12 load=1.60
0002.gate.GB_144_12_12.no-card.1.candidate 25.645s o 12 load=1.54
0003.gate.GB_144_12_12.no-card.1.baseline 66.526s o 12 load=1.51
0004.gate.GB_144_12_12.no-card.2.baseline 66.305s o 12 load=1.48
0005.gate.GB_144_12_12.no-card.2.candidate 25.532s o 12 load=1.35
0006.gate.GB_144_12_12.card-mto.0.baseline 106.973s o 12 load=1.45
0007.gate.GB_144_12_12.card-mto.0.candidate 143.904s o 12 load=2.00
0008.gate.GB_144_12_12.card-mto.1.candidate 143.915s o 12 load=2.63
0009.gate.GB_144_12_12.card-mto.1.baseline 107.343s o 12 load=2.80
0010.gate.GB_144_12_12.card-mto.2.baseline 107.307s o 12 load=2.56
0011.gate.GB_144_12_12.card-mto.2.candidate 142.840s o 12 load=2.56
{
 "stopped": null,
 "n_samples": 12,
 "finished": "2026-10-11T01:46:50+0800",
 "binary_sha256_after": {
  "baseline": "6bdcaa2523cdcbeae5164cedbf54c9ac0f9e64f9a91c3da7ef4b804df393db9d",
  "candidate": "e1801a58a33db97c638fbdd0ad4235928956c3474a6225caed6cd0fca362d4e1"
 },
 "input_sha256_after_ok": true
}
gate no-card geomean 0.38677 envelope 0.38781 positive True flags []
gate card-mto geomean 1.34104 envelope 1.34534 positive False flags ['GB_144_12_12']
exit=0
