OK  BB_1080_4_54 card-sinz TIMEOUT None 60.016 | TIMEOUT None 60.331 []
OK  BB_1080_4_54 card-mto TIMEOUT None 60.014 | TIMEOUT None 60.334 []
OK  BB_1080_4_54 default TIMEOUT None 60.016 | TIMEOUT None 60.335 []
OK  BB_1080_4_54 no-card TIMEOUT None 60.016 | TIMEOUT None 60.334 []
OK  BB_108_8_10 no-card done 10 0.411 | done 10 0.45 []
OK  BB_108_8_10 card-sinz done 10 0.352 | done 10 0.583 []
OK  BB_108_8_10 default done 10 0.528 | done 10 0.493 []
OK  BB_108_8_10 card-mto done 10 0.526 | done 10 0.493 []
OK  BB_144_12_12 no-card done 12 0.561 | done 12 0.564 []
OK  BB_144_12_12 card-sinz done 12 0.767 | done 12 0.742 []
OK  BB_144_12_12 default done 12 1.277 | done 12 1.266 []
OK  BB_144_12_12 card-mto done 12 1.293 | done 12 1.281 []
OK  BB_144_14_14 no-card done 14 55.544 | done 14 54.066 []
OK  BB_144_14_14 default done 14 58.635 | done 14 57.164 []
OK  BB_144_14_14 card-mto done 14 58.58 | done 14 57.219 []
OK  BB_144_14_14 card-sinz TIMEOUT None 60.008 | TIMEOUT None 60.014 []
OK  BB_288_12_unknown default TIMEOUT None 60.012 | TIMEOUT None 60.007 []
OK  BB_288_12_unknown no-card TIMEOUT None 60.011 | TIMEOUT None 60.018 []
OK  BB_288_12_unknown card-mto TIMEOUT None 60.013 | TIMEOUT None 60.012 []
OK  BB_288_12_unknown card-sinz TIMEOUT None 60.016 | TIMEOUT None 60.015 []
OK  BB_360_12_unknown default TIMEOUT None 60.019 | TIMEOUT None 60.016 []
OK  BB_72_12_6 default done 6 0.033 | done 6 0.031 []
OK  BB_72_12_6 no-card done 6 0.03 | done 6 0.03 []
OK  BB_72_12_6 card-mto done 6 0.03 | done 6 0.029 []
OK  BB_72_12_6 card-sinz done 6 0.033 | done 6 0.033 []
OK  BB_360_12_unknown no-card TIMEOUT None 60.017 | TIMEOUT None 60.013 []
OK  BB_360_12_unknown card-mto TIMEOUT None 60.007 | TIMEOUT None 60.007 []
OK  BB_360_12_unknown card-sinz TIMEOUT None 60.017 | TIMEOUT None 60.013 []
OK  BB_756_16_34 default TIMEOUT None 60.008 | TIMEOUT None 60.017 []
OK  BB_756_16_34 no-card TIMEOUT None 60.008 | TIMEOUT None 60.012 []
OK  BB_756_16_34 card-mto TIMEOUT None 60.011 | TIMEOUT None 60.023 []
OK  BB_756_16_34 card-sinz TIMEOUT None 60.018 | TIMEOUT None 60.011 []
OK  BB_864_4_40 default TIMEOUT None 60.021 | TIMEOUT None 60.02 []
OK  BB_90_8_10 default done 10 0.168 | done 10 0.189 []
OK  BB_90_8_10 no-card done 10 0.165 | done 10 0.171 []
OK  BB_90_8_10 card-mto done 10 0.162 | done 10 0.143 []
OK  BB_90_8_10 card-sinz done 10 0.203 | done 10 0.233 []
OK  BB_864_4_40 no-card TIMEOUT None 60.02 | TIMEOUT None 60.014 []
OK  BB_864_4_40 card-mto TIMEOUT None 60.019 | TIMEOUT None 60.02 []
OK  BB_864_4_40 card-sinz TIMEOUT None 60.025 | TIMEOUT None 60.009 []
OK  GB_144_12_12 default TIMEOUT None 60.011 | done 12 53.356 []
OK  GB_144_12_8 default done 8 0.099 | done 8 0.102 []
OK  GB_144_12_8 no-card done 8 0.102 | done 8 0.108 []
OK  GB_144_12_8 card-mto done 8 0.09 | done 8 0.103 []
OK  GB_144_12_8 card-sinz done 8 0.1 | done 8 0.102 []
OK  LP_136_32_4 default done 4 0.07 | done 4 0.06 []
OK  LP_136_32_4 no-card done 4 0.072 | done 4 0.055 []
OK  LP_136_32_4 card-mto done 4 0.06 | done 4 0.056 []
OK  LP_136_32_4 card-sinz done 4 0.055 | done 4 0.06 []
OK  GB_144_12_12 card-mto TIMEOUT None 60.006 | done 12 53.405 []
OK  GB_144_12_12 no-card TIMEOUT None 60.012 | TIMEOUT None 60.016 []
OK  GB_144_12_12 card-sinz TIMEOUT None 60.015 | done 12 56.239 []
OK  LP_1768_224_unknown default TIMEOUT None 60.024 | TIMEOUT None 60.027 []
OK  LP_238_44_6 default done 6 0.455 | done 6 0.597 []
OK  LP_238_44_6 no-card done 6 0.468 | done 6 0.448 []
OK  LP_238_44_6 card-mto done 6 0.455 | done 6 0.592 []
OK  LP_238_44_6 card-sinz done 6 0.326 | done 6 0.485 []
OK  LP_1768_224_unknown no-card TIMEOUT None 60.018 | TIMEOUT None 60.017 []
OK  LP_340_56_8 default done 8 1.858 | done 8 1.82 []
OK  LP_340_56_8 no-card done 8 1.767 | done 8 1.946 []
OK  LP_1768_224_unknown card-mto TIMEOUT None 60.025 | TIMEOUT None 60.018 []
OK  LP_34_20_2 default done 2 0.018 | done 2 0.018 []
OK  LP_34_20_2 no-card done 2 0.018 | done 2 0.018 []
OK  LP_34_20_2 card-mto done 2 0.018 | done 2 0.018 []
OK  LP_34_20_2 card-sinz done 2 0.018 | done 2 0.018 []
OK  LP_340_56_8 card-mto done 8 1.843 | done 8 1.82 []
OK  LP_1768_224_unknown card-sinz TIMEOUT None 60.019 | TIMEOUT None 60.016 []
OK  LP_340_56_8 card-sinz done 8 2.121 | done 8 2.392 []
OK  LP_442_68_10 card-sinz done 10 17.881 | done 10 16.037 []
OK  LP_442_68_10 default done 10 23.539 | done 10 34.186 []
OK  LP_442_68_10 card-mto done 10 23.548 | done 10 34.178 []
OK  LP_442_68_10 no-card done 10 37.206 | done 10 38.551 []
OK  LP_544_80_12 default done 12 58.231 | TIMEOUT None 60.012 []
OK  LP_544_80_12 no-card TIMEOUT None 60.009 | done 12 52.111 []
OK  LP_544_80_12 card-mto done 12 58.167 | TIMEOUT None 60.019 []
OK  LP_544_80_12 card-sinz TIMEOUT None 60.011 | TIMEOUT None 60.01 []
OK  LP_714_100_unknown default TIMEOUT None 60.01 | TIMEOUT None 60.017 []
OK  LP_714_100_unknown no-card TIMEOUT None 60.011 | TIMEOUT None 60.009 []
OK  LP_714_100_unknown card-mto TIMEOUT None 60.013 | TIMEOUT None 60.014 []
OK  LP_714_100_unknown card-sinz TIMEOUT None 60.008 | TIMEOUT None 60.013 []
OK  PK_31 default TIMEOUT None 60.015 | TIMEOUT None 60.012 []
OK  PK_31 no-card TIMEOUT None 60.022 | TIMEOUT None 60.015 []
OK  PK_31 card-mto TIMEOUT None 60.01 | TIMEOUT None 60.012 []
OK  TN_108_2_12 default done 12 12.626 | done 12 13.243 []
OK  TN_108_2_12 no-card done 12 10.949 | done 12 11.401 []
OK  PK_31 card-sinz TIMEOUT None 60.015 | TIMEOUT None 60.013 []
OK  TN_108_2_12 card-mto done 12 12.609 | done 12 13.202 []
OK  TN_108_2_12 card-sinz done 12 12.476 | done 12 12.221 []
OK  TN_144_2_13 default TIMEOUT None 60.014 | TIMEOUT None 60.019 []
OK  TN_144_2_13 no-card TIMEOUT None 60.017 | TIMEOUT None 60.014 []
OK  TN_144_2_13 card-mto TIMEOUT None 60.008 | TIMEOUT None 60.016 []
OK  TN_144_2_13 card-sinz TIMEOUT None 60.019 | TIMEOUT None 60.008 []
OK  TN_180_2_17 default TIMEOUT None 60.007 | TIMEOUT None 60.01 []
OK  TN_180_2_17 no-card TIMEOUT None 60.012 | TIMEOUT None 60.007 []
OK  TN_180_2_17 card-mto TIMEOUT None 60.016 | TIMEOUT None 60.018 []
OK  TN_180_2_17 card-sinz TIMEOUT None 60.006 | TIMEOUT None 60.01 []
OK  TN_200_10_10 default done 10 11.965 | done 10 10.929 []
OK  TN_200_10_10 no-card done 10 15.485 | done 10 13.329 []
OK  TN_200_10_10 card-mto done 10 11.979 | done 10 10.947 []
OK  TN_200_10_10 card-sinz done 10 15.592 | done 10 17.785 []
OK  TN_216_4_18 default TIMEOUT None 60.015 | TIMEOUT None 60.013 []
OK  TN_216_4_18 no-card TIMEOUT None 60.007 | TIMEOUT None 60.012 []
OK  TN_216_4_18 card-mto TIMEOUT None 60.011 | TIMEOUT None 60.014 []
OK  TN_216_4_18 card-sinz TIMEOUT None 60.016 | TIMEOUT None 60.011 []
OK  TN_250_10_15 default TIMEOUT None 60.021 | TIMEOUT None 60.018 []
OK  TN_250_10_15 no-card TIMEOUT None 60.017 | TIMEOUT None 60.009 []
OK  TN_250_10_15 card-mto TIMEOUT None 60.009 | TIMEOUT None 60.012 []
OK  TN_250_10_15 card-sinz TIMEOUT None 60.016 | TIMEOUT None 60.012 []
OK  TN_252_2_21 default TIMEOUT None 60.014 | TIMEOUT None 60.008 []
OK  TN_252_2_21 no-card TIMEOUT None 60.011 | TIMEOUT None 60.011 []
OK  TN_252_2_21 card-mto TIMEOUT None 60.013 | TIMEOUT None 60.012 []
OK  TN_252_2_21 card-sinz TIMEOUT None 60.019 | TIMEOUT None 60.022 []
OK  TN_288_2_24 default TIMEOUT None 60.017 | TIMEOUT None 60.012 []
OK  TN_288_2_24 no-card TIMEOUT None 60.01 | TIMEOUT None 60.015 []
OK  TN_288_2_24 card-mto TIMEOUT None 60.02 | TIMEOUT None 60.014 []
OK  TN_288_2_24 card-sinz TIMEOUT None 60.028 | TIMEOUT None 60.021 []
OK  TN_324_4_25 default TIMEOUT None 60.017 | TIMEOUT None 60.02 []
OK  TN_324_4_25 no-card TIMEOUT None 60.027 | TIMEOUT None 60.01 []
OK  TN_324_4_25 card-mto TIMEOUT None 60.018 | TIMEOUT None 60.008 []
OK  TN_324_4_25 card-sinz TIMEOUT None 60.007 | TIMEOUT None 60.012 []
OK  TN_360_4_24 default TIMEOUT None 60.017 | TIMEOUT None 60.016 []
OK  TN_36_8_3 default done 3 0.019 | done 3 0.018 []
OK  TN_36_8_3 no-card done 3 0.018 | done 3 0.018 []
OK  TN_36_8_3 card-mto done 3 0.018 | done 3 0.018 []
OK  TN_36_8_3 card-sinz done 3 0.018 | done 3 0.018 []
OK  TN_36_8_4 default done 4 0.019 | done 4 0.018 []
OK  TN_36_8_4 no-card done 4 0.018 | done 4 0.018 []
OK  TN_36_8_4 card-mto done 4 0.018 | done 4 0.018 []
OK  TN_36_8_4 card-sinz done 4 0.018 | done 4 0.018 []
OK  TN_360_4_24 no-card TIMEOUT None 60.015 | TIMEOUT None 60.015 []
OK  TN_360_4_24 card-mto TIMEOUT None 60.007 | TIMEOUT None 60.009 []
OK  TN_360_4_24 card-sinz TIMEOUT None 60.019 | TIMEOUT None 60.008 []
OK  TN_396_4_26 default TIMEOUT None 60.011 | TIMEOUT None 60.013 []
OK  TN_396_4_26 no-card TIMEOUT None 60.014 | TIMEOUT None 60.007 []
OK  TN_396_4_26 card-mto TIMEOUT None 60.017 | TIMEOUT None 60.008 []
OK  TN_396_4_26 card-sinz TIMEOUT None 60.015 | TIMEOUT None 60.016 []
OK  TN_432_8_33 default TIMEOUT None 60.016 | TIMEOUT None 60.008 []
OK  TN_432_8_33 no-card TIMEOUT None 60.006 | TIMEOUT None 60.021 []
OK  TN_432_8_33 card-mto TIMEOUT None 60.008 | TIMEOUT None 60.009 []
OK  TN_432_8_33 card-sinz TIMEOUT None 60.016 | TIMEOUT None 60.018 []
OK  TN_468_4_31 default TIMEOUT None 60.027 | TIMEOUT None 60.009 []
OK  TN_468_4_31 no-card TIMEOUT None 60.017 | TIMEOUT None 60.014 []
OK  TN_468_4_31 card-mto TIMEOUT None 60.007 | TIMEOUT None 60.02 []
OK  TN_468_4_31 card-sinz TIMEOUT None 60.006 | TIMEOUT None 60.012 []
OK  TN_496_2_32 default TIMEOUT None 60.005 | TIMEOUT None 60.011 []
OK  TN_496_2_32 no-card TIMEOUT None 60.013 | TIMEOUT None 60.006 []
OK  TN_496_2_32 card-mto TIMEOUT None 60.011 | TIMEOUT None 60.017 []
OK  TN_496_2_32 card-sinz TIMEOUT None 60.018 | TIMEOUT None 60.019 []
OK  TN_504_2_45 default TIMEOUT None 60.022 | TIMEOUT None 60.008 []
OK  TN_504_2_45 no-card TIMEOUT None 60.016 | TIMEOUT None 60.014 []
OK  TN_504_2_45 card-mto TIMEOUT None 60.008 | TIMEOUT None 60.017 []
OK  TN_504_2_45 card-sinz TIMEOUT None 60.006 | TIMEOUT None 60.014 []
OK  TN_540_4_40 default TIMEOUT None 60.02 | TIMEOUT None 60.019 []
OK  TN_54_11_4 default done 4 0.018 | done 4 0.018 []
OK  TN_54_11_4 no-card done 4 0.017 | done 4 0.014 []
OK  TN_54_11_4 card-mto done 4 0.018 | done 4 0.018 []
OK  TN_54_11_4 card-sinz done 4 0.018 | done 4 0.018 []
OK  TN_540_4_40 no-card TIMEOUT None 60.007 | TIMEOUT None 60.011 []
OK  TN_540_4_40 card-mto TIMEOUT None 60.021 | TIMEOUT None 60.019 []
OK  TN_540_4_40 card-sinz TIMEOUT None 60.009 | TIMEOUT None 60.018 []
OK  TN_576_2_57 default TIMEOUT None 60.014 | TIMEOUT None 60.019 []
OK  TN_576_2_57 no-card TIMEOUT None 60.011 | TIMEOUT None 60.012 []
OK  TN_576_2_57 card-mto TIMEOUT None 60.022 | TIMEOUT None 60.02 []
OK  TN_576_2_57 card-sinz TIMEOUT None 60.015 | TIMEOUT None 60.007 []
OK  TN_576_2_59 default TIMEOUT None 60.009 | TIMEOUT None 60.02 []
OK  TN_576_2_59 no-card TIMEOUT None 60.014 | TIMEOUT None 60.016 []
OK  TN_576_2_59 card-mto TIMEOUT None 60.009 | TIMEOUT None 60.011 []
OK  TN_576_2_59 card-sinz TIMEOUT None 60.012 | TIMEOUT None 60.015 []
OK  TN_612_2_52 default TIMEOUT None 60.011 | TIMEOUT None 60.01 []
OK  TN_612_2_52 no-card TIMEOUT None 60.006 | TIMEOUT None 60.008 []
OK  TN_612_2_52 card-mto TIMEOUT None 60.019 | TIMEOUT None 60.016 []
OK  TN_612_2_52 card-sinz TIMEOUT None 60.012 | TIMEOUT None 60.02 []
OK  TN_648_10_71 default TIMEOUT None 60.021 | TIMEOUT None 60.016 []
OK  TN_648_10_71 no-card TIMEOUT None 60.017 | TIMEOUT None 60.019 []
OK  TN_648_10_71 card-mto TIMEOUT None 60.007 | TIMEOUT None 60.015 []
OK  TN_648_10_71 card-sinz TIMEOUT None 60.014 | TIMEOUT None 60.007 []
OK  TN_648_14_50 default TIMEOUT None 60.012 | TIMEOUT None 60.009 []
OK  TN_648_14_50 no-card TIMEOUT None 60.018 | TIMEOUT None 60.02 []
OK  TN_648_14_50 card-mto TIMEOUT None 60.01 | TIMEOUT None 60.009 []
OK  TN_648_14_50 card-sinz TIMEOUT None 60.017 | TIMEOUT None 60.019 []
OK  TN_684_2_29 default TIMEOUT None 60.015 | TIMEOUT None 60.008 []
OK  TN_72_14_4 default done 4 0.033 | done 4 0.03 []
OK  TN_72_14_4 no-card done 4 0.018 | done 4 0.018 []
OK  TN_72_14_4 card-mto done 4 0.032 | done 4 0.033 []
OK  TN_72_14_4 card-sinz done 4 0.018 | done 4 0.018 []
OK  TN_72_8_8 default done 8 0.329 | done 8 0.332 []
OK  TN_72_8_8 no-card done 8 0.235 | done 8 0.352 []
OK  TN_72_8_8 card-mto done 8 0.379 | done 8 0.316 []
OK  TN_72_8_8 card-sinz done 8 0.292 | done 8 0.321 []
OK  TN_684_2_29 no-card TIMEOUT None 60.017 | TIMEOUT None 60.011 []
OK  TN_684_2_29 card-mto TIMEOUT None 60.012 | TIMEOUT None 60.008 []
OK  TN_684_2_29 card-sinz TIMEOUT None 60.015 | TIMEOUT None 60.021 []
OK  xu_30 default TIMEOUT None 60.023 | TIMEOUT None 60.011 []
OK  xu_30 no-card TIMEOUT None 60.011 | TIMEOUT None 60.021 []
OK  xu_30 card-mto TIMEOUT None 60.02 | TIMEOUT None 60.009 []
OK  xu_30 card-sinz TIMEOUT None 60.016 | TIMEOUT None 60.02 []
OK  xu_42 default TIMEOUT None 60.017 | TIMEOUT None 60.023 []
OK  xu_42 no-card TIMEOUT None 60.021 | TIMEOUT None 60.01 []
OK  xu_42 card-mto TIMEOUT None 60.014 | TIMEOUT None 60.013 []
OK  xu_42 card-sinz TIMEOUT None 60.022 | TIMEOUT None 60.016 []
{"both_done": 71, "only_cand_done": 4, "only_base_done": 2, "problems": 0} ALL_OK
