0000.gate.BB_90_8_10.no-card.0.baseline 0.149s o 10 load=1.33
0001.gate.BB_90_8_10.no-card.0.candidate 0.153s o 10 load=1.33
0002.gate.BB_90_8_10.no-card.1.candidate 0.152s o 10 load=1.33
0003.gate.BB_90_8_10.no-card.1.baseline 0.149s o 10 load=1.33
0004.gate.BB_90_8_10.no-card.2.baseline 0.152s o 10 load=1.33
0005.gate.BB_90_8_10.no-card.2.candidate 0.152s o 10 load=1.33
0006.replicate.BB_90_8_10.no-card.0.baseline 0.153s o 10 load=1.33
0007.replicate.BB_90_8_10.no-card.0.candidate 0.152s o 10 load=1.33
0008.replicate.BB_90_8_10.no-card.1.candidate 0.148s o 10 load=1.33
0009.replicate.BB_90_8_10.no-card.1.baseline 0.152s o 10 load=1.33
0010.replicate.BB_90_8_10.no-card.2.baseline 0.143s o 10 load=1.33
0011.replicate.BB_90_8_10.no-card.2.candidate 0.147s o 10 load=1.33
0012.replicate.BB_90_8_10.no-card.3.candidate 0.153s o 10 load=1.33
0013.replicate.BB_90_8_10.no-card.3.baseline 0.153s o 10 load=1.33
0014.replicate.BB_90_8_10.no-card.4.baseline 0.153s o 10 load=1.33
0015.replicate.BB_90_8_10.no-card.4.candidate 0.150s o 10 load=1.33
0016.replicate.BB_90_8_10.no-card.5.candidate 0.153s o 10 load=1.33
0017.replicate.BB_90_8_10.no-card.5.baseline 0.153s o 10 load=1.33
0018.replicate.BB_90_8_10.no-card.6.baseline 0.149s o 10 load=1.33
0019.replicate.BB_90_8_10.no-card.6.candidate 0.150s o 10 load=1.33
0020.replicate.BB_90_8_10.no-card.7.candidate 0.148s o 10 load=1.33
0021.replicate.BB_90_8_10.no-card.7.baseline 0.153s o 10 load=1.30
0022.replicate.BB_90_8_10.no-card.8.baseline 0.146s o 10 load=1.30
0023.replicate.BB_90_8_10.no-card.8.candidate 0.153s o 10 load=1.30
0024.replicate.BB_90_8_10.no-card.9.candidate 0.153s o 10 load=1.30
0025.replicate.BB_90_8_10.no-card.9.baseline 0.149s o 10 load=1.30
0026.gate.BB_90_8_10.card-mto.0.baseline 0.138s o 10 load=1.30
0027.gate.BB_90_8_10.card-mto.0.candidate 0.137s o 10 load=1.30
0028.gate.BB_90_8_10.card-mto.1.candidate 0.138s o 10 load=1.30
0029.gate.BB_90_8_10.card-mto.1.baseline 0.138s o 10 load=1.30
0030.gate.BB_90_8_10.card-mto.2.baseline 0.135s o 10 load=1.30
0031.gate.BB_90_8_10.card-mto.2.candidate 0.147s o 10 load=1.30
0032.replicate.BB_90_8_10.card-mto.0.baseline 0.137s o 10 load=1.30
0033.replicate.BB_90_8_10.card-mto.0.candidate 0.137s o 10 load=1.30
0034.replicate.BB_90_8_10.card-mto.1.candidate 0.138s o 10 load=1.30
0035.replicate.BB_90_8_10.card-mto.1.baseline 0.136s o 10 load=1.30
0036.replicate.BB_90_8_10.card-mto.2.baseline 0.134s o 10 load=1.30
0037.replicate.BB_90_8_10.card-mto.2.candidate 0.148s o 10 load=1.30
0038.replicate.BB_90_8_10.card-mto.3.candidate 0.148s o 10 load=1.30
0039.replicate.BB_90_8_10.card-mto.3.baseline 0.138s o 10 load=1.30
0040.replicate.BB_90_8_10.card-mto.4.baseline 0.138s o 10 load=1.30
0041.replicate.BB_90_8_10.card-mto.4.candidate 0.137s o 10 load=1.30
0042.replicate.BB_90_8_10.card-mto.5.candidate 0.138s o 10 load=1.30
0043.replicate.BB_90_8_10.card-mto.5.baseline 0.137s o 10 load=1.30
0044.replicate.BB_90_8_10.card-mto.6.baseline 0.138s o 10 load=1.30
0045.replicate.BB_90_8_10.card-mto.6.candidate 0.148s o 10 load=1.30
0046.replicate.BB_90_8_10.card-mto.7.candidate 0.151s o 10 load=1.30
0047.replicate.BB_90_8_10.card-mto.7.baseline 0.137s o 10 load=1.30
0048.replicate.BB_90_8_10.card-mto.8.baseline 0.134s o 10 load=1.30
0049.replicate.BB_90_8_10.card-mto.8.candidate 0.152s o 10 load=1.30
0050.replicate.BB_90_8_10.card-mto.9.candidate 0.137s o 10 load=1.30
0051.replicate.BB_90_8_10.card-mto.9.baseline 0.138s o 10 load=1.30
0052.gate.GB_144_12_8.no-card.0.baseline 0.093s o 8 load=1.30
0053.gate.GB_144_12_8.no-card.0.candidate 0.092s o 8 load=1.30
0054.gate.GB_144_12_8.no-card.1.candidate 0.092s o 8 load=1.30
0055.gate.GB_144_12_8.no-card.1.baseline 0.093s o 8 load=1.36
0056.gate.GB_144_12_8.no-card.2.baseline 0.093s o 8 load=1.36
0057.gate.GB_144_12_8.no-card.2.candidate 0.093s o 8 load=1.36
0058.replicate.GB_144_12_8.no-card.0.baseline 0.093s o 8 load=1.36
0059.replicate.GB_144_12_8.no-card.0.candidate 0.092s o 8 load=1.36
0060.replicate.GB_144_12_8.no-card.1.candidate 0.092s o 8 load=1.36
0061.replicate.GB_144_12_8.no-card.1.baseline 0.088s o 8 load=1.36
0062.replicate.GB_144_12_8.no-card.2.baseline 0.093s o 8 load=1.36
0063.replicate.GB_144_12_8.no-card.2.candidate 0.093s o 8 load=1.36
0064.replicate.GB_144_12_8.no-card.3.candidate 0.092s o 8 load=1.36
0065.replicate.GB_144_12_8.no-card.3.baseline 0.093s o 8 load=1.36
0066.replicate.GB_144_12_8.no-card.4.baseline 0.092s o 8 load=1.36
0067.replicate.GB_144_12_8.no-card.4.candidate 0.092s o 8 load=1.36
0068.replicate.GB_144_12_8.no-card.5.candidate 0.092s o 8 load=1.36
0069.replicate.GB_144_12_8.no-card.5.baseline 0.093s o 8 load=1.36
0070.replicate.GB_144_12_8.no-card.6.baseline 0.090s o 8 load=1.36
0071.replicate.GB_144_12_8.no-card.6.candidate 0.092s o 8 load=1.36
0072.replicate.GB_144_12_8.no-card.7.candidate 0.093s o 8 load=1.36
0073.replicate.GB_144_12_8.no-card.7.baseline 0.093s o 8 load=1.36
0074.replicate.GB_144_12_8.no-card.8.baseline 0.092s o 8 load=1.36
0075.replicate.GB_144_12_8.no-card.8.candidate 0.092s o 8 load=1.36
0076.replicate.GB_144_12_8.no-card.9.candidate 0.092s o 8 load=1.36
0077.replicate.GB_144_12_8.no-card.9.baseline 0.093s o 8 load=1.36
0078.gate.GB_144_12_8.card-mto.0.baseline 0.077s o 8 load=1.36
0079.gate.GB_144_12_8.card-mto.0.candidate 0.078s o 8 load=1.36
0080.gate.GB_144_12_8.card-mto.1.candidate 0.078s o 8 load=1.36
0081.gate.GB_144_12_8.card-mto.1.baseline 0.078s o 8 load=1.36
0082.gate.GB_144_12_8.card-mto.2.baseline 0.088s o 8 load=1.36
0083.gate.GB_144_12_8.card-mto.2.candidate 0.078s o 8 load=1.36
0084.replicate.GB_144_12_8.card-mto.0.baseline 0.089s o 8 load=1.36
0085.replicate.GB_144_12_8.card-mto.0.candidate 0.078s o 8 load=1.36
0086.replicate.GB_144_12_8.card-mto.1.candidate 0.078s o 8 load=1.36
0087.replicate.GB_144_12_8.card-mto.1.baseline 0.074s o 8 load=1.36
0088.replicate.GB_144_12_8.card-mto.2.baseline 0.078s o 8 load=1.36
0089.replicate.GB_144_12_8.card-mto.2.candidate 0.077s o 8 load=1.36
0090.replicate.GB_144_12_8.card-mto.3.candidate 0.078s o 8 load=1.36
0091.replicate.GB_144_12_8.card-mto.3.baseline 0.076s o 8 load=1.36
0092.replicate.GB_144_12_8.card-mto.4.baseline 0.078s o 8 load=1.36
0093.replicate.GB_144_12_8.card-mto.4.candidate 0.078s o 8 load=1.36
0094.replicate.GB_144_12_8.card-mto.5.candidate 0.078s o 8 load=1.36
0095.replicate.GB_144_12_8.card-mto.5.baseline 0.077s o 8 load=1.36
0096.replicate.GB_144_12_8.card-mto.6.baseline 0.078s o 8 load=1.36
0097.replicate.GB_144_12_8.card-mto.6.candidate 0.078s o 8 load=1.36
0098.replicate.GB_144_12_8.card-mto.7.candidate 0.077s o 8 load=1.36
0099.replicate.GB_144_12_8.card-mto.7.baseline 0.088s o 8 load=1.36
0100.replicate.GB_144_12_8.card-mto.8.baseline 0.077s o 8 load=1.36
0101.replicate.GB_144_12_8.card-mto.8.candidate 0.077s o 8 load=1.36
0102.replicate.GB_144_12_8.card-mto.9.candidate 0.077s o 8 load=1.36
0103.replicate.GB_144_12_8.card-mto.9.baseline 0.077s o 8 load=1.36
0104.gate.BB_108_8_10.no-card.0.baseline 0.360s o 10 load=1.36
0105.gate.BB_108_8_10.no-card.0.candidate 0.391s o 10 load=1.33
0106.gate.BB_108_8_10.no-card.1.candidate 0.391s o 10 load=1.33
0107.gate.BB_108_8_10.no-card.1.baseline 0.373s o 10 load=1.33
0108.gate.BB_108_8_10.no-card.2.baseline 0.374s o 10 load=1.33
0109.gate.BB_108_8_10.no-card.2.candidate 0.394s o 10 load=1.33
0110.replicate.BB_108_8_10.no-card.0.baseline 0.382s o 10 load=1.33
0111.replicate.BB_108_8_10.no-card.0.candidate 0.395s o 10 load=1.33
0112.replicate.BB_108_8_10.no-card.1.candidate 0.389s o 10 load=1.33
0113.replicate.BB_108_8_10.no-card.1.baseline 0.360s o 10 load=1.33
0114.replicate.BB_108_8_10.no-card.2.baseline 0.358s o 10 load=1.33
0115.replicate.BB_108_8_10.no-card.2.candidate 0.395s o 10 load=1.33
0116.replicate.BB_108_8_10.no-card.3.candidate 0.396s o 10 load=1.33
0117.replicate.BB_108_8_10.no-card.3.baseline 0.358s o 10 load=1.33
0118.replicate.BB_108_8_10.no-card.4.baseline 0.363s o 10 load=1.38
0119.replicate.BB_108_8_10.no-card.4.candidate 0.389s o 10 load=1.38
0120.replicate.BB_108_8_10.no-card.5.candidate 0.391s o 10 load=1.38
0121.replicate.BB_108_8_10.no-card.5.baseline 0.370s o 10 load=1.38
0122.replicate.BB_108_8_10.no-card.6.baseline 0.359s o 10 load=1.38
0123.replicate.BB_108_8_10.no-card.6.candidate 0.390s o 10 load=1.38
0124.replicate.BB_108_8_10.no-card.7.candidate 0.389s o 10 load=1.38
0125.replicate.BB_108_8_10.no-card.7.baseline 0.359s o 10 load=1.38
0126.replicate.BB_108_8_10.no-card.8.baseline 0.357s o 10 load=1.38
0127.replicate.BB_108_8_10.no-card.8.candidate 0.391s o 10 load=1.38
0128.replicate.BB_108_8_10.no-card.9.candidate 0.386s o 10 load=1.38
0129.replicate.BB_108_8_10.no-card.9.baseline 0.358s o 10 load=1.38
0130.gate.BB_108_8_10.card-mto.0.baseline 0.463s o 10 load=1.38
0131.gate.BB_108_8_10.card-mto.0.candidate 0.498s o 10 load=1.35
0132.gate.BB_108_8_10.card-mto.1.candidate 0.502s o 10 load=1.35
0133.gate.BB_108_8_10.card-mto.1.baseline 0.457s o 10 load=1.35
0134.gate.BB_108_8_10.card-mto.2.baseline 0.458s o 10 load=1.35
0135.gate.BB_108_8_10.card-mto.2.candidate 0.508s o 10 load=1.35
0136.replicate.BB_108_8_10.card-mto.0.baseline 0.465s o 10 load=1.35
0137.replicate.BB_108_8_10.card-mto.0.candidate 0.509s o 10 load=1.35
0138.replicate.BB_108_8_10.card-mto.1.candidate 0.509s o 10 load=1.35
0139.replicate.BB_108_8_10.card-mto.1.baseline 0.463s o 10 load=1.35
0140.replicate.BB_108_8_10.card-mto.2.baseline 0.464s o 10 load=1.35
0141.replicate.BB_108_8_10.card-mto.2.candidate 0.508s o 10 load=1.32
0142.replicate.BB_108_8_10.card-mto.3.candidate 0.501s o 10 load=1.32
0143.replicate.BB_108_8_10.card-mto.3.baseline 0.469s o 10 load=1.32
0144.replicate.BB_108_8_10.card-mto.4.baseline 0.462s o 10 load=1.32
0145.replicate.BB_108_8_10.card-mto.4.candidate 0.501s o 10 load=1.32
0146.replicate.BB_108_8_10.card-mto.5.candidate 0.511s o 10 load=1.32
0147.replicate.BB_108_8_10.card-mto.5.baseline 0.469s o 10 load=1.32
0148.replicate.BB_108_8_10.card-mto.6.baseline 0.465s o 10 load=1.32
0149.replicate.BB_108_8_10.card-mto.6.candidate 0.506s o 10 load=1.32
0150.replicate.BB_108_8_10.card-mto.7.candidate 0.506s o 10 load=1.32
0151.replicate.BB_108_8_10.card-mto.7.baseline 0.461s o 10 load=1.38
0152.replicate.BB_108_8_10.card-mto.8.baseline 0.461s o 10 load=1.38
0153.replicate.BB_108_8_10.card-mto.8.candidate 0.500s o 10 load=1.38
0154.replicate.BB_108_8_10.card-mto.9.candidate 0.507s o 10 load=1.38
0155.replicate.BB_108_8_10.card-mto.9.baseline 0.465s o 10 load=1.38
0156.gate.LP_238_44_6.no-card.0.baseline 0.402s o 6 load=1.38
0157.gate.LP_238_44_6.no-card.0.candidate 0.423s o 6 load=1.38
0158.gate.LP_238_44_6.no-card.1.candidate 0.417s o 6 load=1.38
0159.gate.LP_238_44_6.no-card.1.baseline 0.404s o 6 load=1.38
0160.gate.LP_238_44_6.no-card.2.baseline 0.403s o 6 load=1.38
0161.gate.LP_238_44_6.no-card.2.candidate 0.411s o 6 load=1.38
0162.replicate.LP_238_44_6.no-card.0.baseline 0.408s o 6 load=1.35
0163.replicate.LP_238_44_6.no-card.0.candidate 0.423s o 6 load=1.35
0164.replicate.LP_238_44_6.no-card.1.candidate 0.422s o 6 load=1.35
0165.replicate.LP_238_44_6.no-card.1.baseline 0.407s o 6 load=1.35
0166.replicate.LP_238_44_6.no-card.2.baseline 0.399s o 6 load=1.35
0167.replicate.LP_238_44_6.no-card.2.candidate 0.421s o 6 load=1.35
0168.replicate.LP_238_44_6.no-card.3.candidate 0.423s o 6 load=1.35
0169.replicate.LP_238_44_6.no-card.3.baseline 0.402s o 6 load=1.35
0170.replicate.LP_238_44_6.no-card.4.baseline 0.407s o 6 load=1.35
0171.replicate.LP_238_44_6.no-card.4.candidate 0.420s o 6 load=1.35
0172.replicate.LP_238_44_6.no-card.5.candidate 0.413s o 6 load=1.35
0173.replicate.LP_238_44_6.no-card.5.baseline 0.408s o 6 load=1.56
0174.replicate.LP_238_44_6.no-card.6.baseline 0.410s o 6 load=1.56
0175.replicate.LP_238_44_6.no-card.6.candidate 0.419s o 6 load=1.56
0176.replicate.LP_238_44_6.no-card.7.candidate 0.418s o 6 load=1.56
0177.replicate.LP_238_44_6.no-card.7.baseline 0.403s o 6 load=1.56
0178.replicate.LP_238_44_6.no-card.8.baseline 0.405s o 6 load=1.56
0179.replicate.LP_238_44_6.no-card.8.candidate 0.423s o 6 load=1.56
0180.replicate.LP_238_44_6.no-card.9.candidate 0.423s o 6 load=1.56
0181.replicate.LP_238_44_6.no-card.9.baseline 0.407s o 6 load=1.56
0182.gate.LP_238_44_6.card-mto.0.baseline 0.390s o 6 load=1.56
0183.gate.LP_238_44_6.card-mto.0.candidate 0.399s o 6 load=1.56
0184.gate.LP_238_44_6.card-mto.1.candidate 0.408s o 6 load=1.56
0185.gate.LP_238_44_6.card-mto.1.baseline 0.394s o 6 load=1.51
0186.gate.LP_238_44_6.card-mto.2.baseline 0.390s o 6 load=1.51
0187.gate.LP_238_44_6.card-mto.2.candidate 0.404s o 6 load=1.51
0188.replicate.LP_238_44_6.card-mto.0.baseline 0.390s o 6 load=1.51
0189.replicate.LP_238_44_6.card-mto.0.candidate 0.405s o 6 load=1.51
0190.replicate.LP_238_44_6.card-mto.1.candidate 0.408s o 6 load=1.51
0191.replicate.LP_238_44_6.card-mto.1.baseline 0.393s o 6 load=1.51
0192.replicate.LP_238_44_6.card-mto.2.baseline 0.393s o 6 load=1.51
0193.replicate.LP_238_44_6.card-mto.2.candidate 0.407s o 6 load=1.51
0194.replicate.LP_238_44_6.card-mto.3.candidate 0.403s o 6 load=1.51
0195.replicate.LP_238_44_6.card-mto.3.baseline 0.389s o 6 load=1.51
0196.replicate.LP_238_44_6.card-mto.4.baseline 0.399s o 6 load=1.51
0197.replicate.LP_238_44_6.card-mto.4.candidate 0.404s o 6 load=1.51
0198.replicate.LP_238_44_6.card-mto.5.candidate 0.396s o 6 load=1.71
0199.replicate.LP_238_44_6.card-mto.5.baseline 0.393s o 6 load=1.71
0200.replicate.LP_238_44_6.card-mto.6.baseline 0.400s o 6 load=1.71
0201.replicate.LP_238_44_6.card-mto.6.candidate 0.408s o 6 load=1.71
0202.replicate.LP_238_44_6.card-mto.7.candidate 0.396s o 6 load=1.71
0203.replicate.LP_238_44_6.card-mto.7.baseline 0.392s o 6 load=1.71
0204.replicate.LP_238_44_6.card-mto.8.baseline 0.388s o 6 load=1.71
0205.replicate.LP_238_44_6.card-mto.8.candidate 0.401s o 6 load=1.71
0206.replicate.LP_238_44_6.card-mto.9.candidate 0.408s o 6 load=1.71
0207.replicate.LP_238_44_6.card-mto.9.baseline 0.387s o 6 load=1.71
{
 "stopped": null,
 "n_samples": 208,
 "finished": "2026-10-10T19:33:33+0800",
 "binary_sha256_after": {
  "baseline": "6bdcaa2523cdcbeae5164cedbf54c9ac0f9e64f9a91c3da7ef4b804df393db9d",
  "candidate": "2ed8f23c22beb98b62c6133e8052dac06d30ff8b524411c9f079dbd3f568caab"
 },
 "input_sha256_after_ok": true
}
gate no-card geomean 1.0256 envelope 1.04259 positive False flags ['BB_90_8_10', 'BB_108_8_10', 'LP_238_44_6']
gate card-mto geomean 1.0318 envelope 1.0622 positive False flags ['BB_108_8_10', 'LP_238_44_6']
replicate no-card geomean 1.02767 envelope 1.07339 positive False flags ['BB_108_8_10', 'LP_238_44_6']
replicate card-mto geomean 1.04079 envelope 1.08855 positive False flags ['BB_108_8_10']
exit=0
