c DistQLDPC — QLDPC/CSS minimum distance (symplectic MaxSAT)
c solver: MaxCDCL, cardinality encoding: MTO only
c Hx: /home/yfc/GH41-linux-tier0-04/frozen-package/inputs/BB_108_8_10_Hx.txt
c Hz: /home/yfc/GH41-linux-tier0-04/frozen-package/inputs/BB_108_8_10_Hz.txt
c Gx: /home/yfc/GH41-linux-tier0-04/frozen-package/inputs/BB_108_8_10_Gx.txt
c Gz: /home/yfc/GH41-linux-tier0-04/frozen-package/inputs/BB_108_8_10_Gz.txt
c Hx: 54 x 108, Hz: 54 x 108, Gx: 8 x 108, Gz: 8 x 108, logicals: 16
c Mono: 0, fixed: 0
c |  Eliminated clauses:           0.02 Mb                                      |
c Reduced to 685 vars, 2990 cls (c/v ratio==4.4, grow=0)
c No iterative elimination performed. (vars=685, c/v ratio=4.4)
c ============================[ Search Statistics ]==============================
c | Conflicts |          ORIGINAL         |          LEARNT          | Progress |
c |           |    Vars  Clauses Literals |    Limit  Clauses Lit/Cl |          |
c ===============================================================================
c nb soft clauses: 108, of which 108 unit, 0 nonUnit and 0 empty
c total nb of literals: 10556
c conflLits 0, conflLits2 0, nbFailedLits 0, fixedVarsBypreproc 0, totalFixedVars 124
c 1 conflict sets found with length 60
c fixedCost 0, nbSatLits 0, totalFixedVars 124, objForSearch: 108

c provided UB: 13
c ends of initiationization by VSIDS at 0 conflicts with init 10000

c UB=1 fails, cnfls=0, hcnfls=0, core 0, tier2 0, local 0, quasiC: 0 (fixed: 0)
c prunedLB 0.00, dev 0.00, succRate 0.00, nbSucc 0, nbHardens 1 (fixed 108), lk: 1, shorten: 0, pureSo 0, nbFlyRd 0, nbFixedLH 0

c Cardinality: 321 (MTO) for UB 2
c ***** top quasi confl at level 0*****
c ends of initiationization by VSIDS at 4 conflicts with init 9996

c UB=2 fails, cnfls=4, hcnfls=4, core 2, tier2 0, local 0, quasiC: 1 (fixed: 37)
c prunedLB 0.00, dev 0.00, succRate 0.00, nbSucc 0, nbHardens 1 (fixed 145), lk: 1, shorten: 0, pureSo 0, nbFlyRd 1, nbFixedLH 0

c Cardinality: 683 (MTO) for UB 4
c nbFailedLits 0, nbI 0, fixedVarsByFL 0, totalFixedVars 132, nbTested: 998, counter 39271
c ends of initiationization by VSIDS at 1341 conflicts with init 8663

c UB=4 fails, cnfls=1341, hcnfls=705, core 364, tier2 27, local 791, quasiC: 31 (fixed: 761)
c prunedLB 2.74, dev 0.56, succRate 0.89, nbSucc 560, nbHardens 172 (fixed 14995), lk: 626, shorten: 0, pureSo 77, nbFlyRd 11, nbFixedLH 12

c Cardinality: 944 (MTO) for UB 8
c nbFailedLits 0, nbI 0, fixedVarsByFL 0, totalFixedVars 124, nbTested: 1001, counter 89024
c nbFailedLits 0, nbI 0, fixedVarsByFL 0, totalFixedVars 129, nbTested: 1001, counter 144254
c ends of initiationization by VSIDS at 6937 conflicts with init 4404

c UB=8 fails, cnfls=6937, hcnfls=885, core 2664, tier2 699, local 3359, quasiC: 931 (fixed: 26510)
c prunedLB 4.96, dev 1.01, succRate 0.73, nbSucc 5331, nbHardens 213 (fixed 42833), lk: 7302, shorten: 0, pureSo 163, nbFlyRd 39, nbFixedLH 101

c Cardinality: 1083 (MTO) for UB 13
c UB=13 succs, confls=7608, hconfls=920, core 37, tier2 109, local 624,  12 soft cls unsat (0 at L0), 124 fixed vars at L0, softCnfl 164, nbFlyRd 43, nbFixedLH 105
c nbHardens 216 (fixed 45186), shorten: 0, prunedLB 7.55, dev 1.01, succRate 0.86, nbSucc 635, lk: 742, shorten: 0, quasiC: 996 (fixed: 28813)

c ends of initiationization by VSIDS at 7608 conflicts with init 9329


c Cardinality: 1082 (MTO) for UB 12
c nbFailedLits 0, nbI 0, fixedVarsByFL 0, totalFixedVars 124, nbTested: 1001, counter 199919
c UB=12 succs, confls=10880, hconfls=1277, core 991, tier2 1585, local 3350,  10 soft cls unsat (0 at L0), 124 fixed vars at L0, softCnfl 183, nbFlyRd 66, nbFixedLH 211
c nbHardens 227 (fixed 65694), shorten: 0, prunedLB 6.52, dev 1.31, succRate 0.65, nbSucc 2896, lk: 4424, shorten: 0, quasiC: 1614 (fixed: 48710)


c Cardinality: 1083 (MTO) for UB 10
c nbFailedLits 0, nbI 0, fixedVarsByFL 0, totalFixedVars 124, nbTested: 1001, counter 276277
c nbFailedLits 0, nbI 0, fixedVarsByFL 0, totalFixedVars 127, nbTested: 1001, counter 384164
c nbFailedLits 0, nbI 0, fixedVarsByFL 0, totalFixedVars 131, nbTested: 1001, counter 561562
c nbFailedLits 0, nbI 0, fixedVarsByFL 0, totalFixedVars 134, nbTested: 1001, counter 761044
c nbFailedLits 0, nbI 0, fixedVarsByFL 0, totalFixedVars 160, nbTested: 1001, counter 1022204
c LRB phase 1: conflicts 36199, phase 20000000, starts 126, UP 1654717
c UB=10 fails, cnfls=43807, hcnfls=2474, core 4043, tier2 338, local 3155, quasiC: 7614 (fixed: 236574)
c prunedLB 5.78, dev 1.38, succRate 0.69, nbSucc 31167, nbHardens 536 (fixed 268580), lk: 45365, shorten: 0, pureSo 747, nbFlyRd 200, nbFixedLH 646
c ===============================================================================
c initCost: 0, fixedBySearch: 0, optimal: 10, maxsat: 98, hardConflicts: 2474
c nbLK: 58461, nbSuccLK: 40589(69.43%), nbLKup: 35491157(1729.30%), hardens 536 (fixed 268580), dynVars 1527, shorten: 0
c MaxSAT: OPTIMAL, Pauli weight 10 (reported cost 10), vars 2657 (base 340 + aux 790)
c DistQLDPC — QLDPC/CSS minimum distance (symplectic MaxSAT)
c solver: MaxCDCL, cardinality encoding: MTO only
c Hx: /home/yfc/GH41-linux-tier0-04/frozen-package/inputs/BB_108_8_10_Hx.txt
c Hz: /home/yfc/GH41-linux-tier0-04/frozen-package/inputs/BB_108_8_10_Hz.txt
c Gx: /home/yfc/GH41-linux-tier0-04/frozen-package/inputs/BB_108_8_10_Gx.txt
c Gz: /home/yfc/GH41-linux-tier0-04/frozen-package/inputs/BB_108_8_10_Gz.txt
c Hx: 54 x 108, Hz: 54 x 108, Gx: 8 x 108, Gz: 8 x 108, logicals: 16
c d_lb: 10
c d_ub: 10
c d  : 10
o 10
