c DistQLDPC — QLDPC/CSS minimum distance (symplectic MaxSAT)
c solver: MaxCDCL, cardinality encoding: MTO only
c Hx: /home/yfc/GH41-linux-tier0-04/frozen-package/inputs/LP_238_44_6_Hx.txt
c Hz: /home/yfc/GH41-linux-tier0-04/frozen-package/inputs/LP_238_44_6_Hz.txt
c Gx: /home/yfc/GH41-linux-tier0-04/frozen-package/inputs/LP_238_44_6_Gx.txt
c Gz: /home/yfc/GH41-linux-tier0-04/frozen-package/inputs/LP_238_44_6_Gz.txt
c Hx: 105 x 238, Hz: 105 x 238, Gx: 44 x 238, Gz: 44 x 238, logicals: 88
c Mono: 0, fixed: 0
c |  Eliminated clauses:           0.07 Mb                                      |
c Reduced to 1990 vars, 10044 cls (c/v ratio==5.0, grow=0)
c No iterative elimination performed. (vars=1990, c/v ratio=5.0)
c ============================[ Search Statistics ]==============================
c | Conflicts |          ORIGINAL         |          LEARNT          | Progress |
c |           |    Vars  Clauses Literals |    Limit  Clauses Lit/Cl |          |
c ===============================================================================
c nb soft clauses: 238, of which 238 unit, 0 nonUnit and 0 empty
c total nb of literals: 36982
c conflLits 0, conflLits2 0, nbFailedLits 0, fixedVarsBypreproc 0, totalFixedVars 298
c 1 conflict sets found with length 156
c fixedCost 0, nbSatLits 0, totalFixedVars 298, objForSearch: 238

c provided UB: 7
c ends of initiationization by VSIDS at 0 conflicts with init 10000

c UB=1 fails, cnfls=0, hcnfls=0, core 0, tier2 0, local 0, quasiC: 0 (fixed: 0)
c prunedLB 0.00, dev 0.00, succRate 0.00, nbSucc 0, nbHardens 1 (fixed 238), lk: 1, shorten: 0, pureSo 0, nbFlyRd 0, nbFixedLH 0

c Cardinality: 711 (MTO) for UB 2
c ***** top quasi confl at level 0*****
c ends of initiationization by VSIDS at 45 conflicts with init 9955

c UB=2 fails, cnfls=45, hcnfls=45, core 33, tier2 4, local 11, quasiC: 1 (fixed: 32)
c prunedLB 0.00, dev 0.00, succRate 0.00, nbSucc 0, nbHardens 1 (fixed 270), lk: 1, shorten: 0, pureSo 0, nbFlyRd 3, nbFixedLH 0

c Cardinality: 1529 (MTO) for UB 4
c nbFailedLits 0, nbI 0, fixedVarsByFL 0, totalFixedVars 315, nbTested: 1001, counter 47929
c ends of initiationization by VSIDS at 3756 conflicts with init 6289

c UB=4 fails, cnfls=3756, hcnfls=917, core 6567, tier2 736, local 2973, quasiC: 248 (fixed: 15229)
c prunedLB 2.91, dev 0.63, succRate 0.78, nbSucc 2537, nbHardens 262 (fixed 51877), lk: 3248, shorten: 0, pureSo 303, nbFlyRd 60, nbFixedLH 68

c Cardinality: 2081 (MTO) for UB 7
c UB=7 succs, confls=3839, hconfls=927, core 128, tier2 15, local 32,  6 soft cls unsat (0 at L0), 298 fixed vars at L0, softCnfl 303, nbFlyRd 61, nbFixedLH 68
c nbHardens 264 (fixed 52220), shorten: 0, prunedLB 4.30, dev 0.59, succRate 0.92, nbSucc 73, lk: 79, shorten: 0, quasiC: 252 (fixed: 15572)

c ends of initiationization by VSIDS at 3839 conflicts with init 9917


c Cardinality: 2081 (MTO) for UB 6
c nbFailedLits 0, nbI 0, fixedVarsByFL 0, totalFixedVars 303, nbTested: 1001, counter 181442
c nbFailedLits 0, nbI 0, fixedVarsByFL 0, totalFixedVars 329, nbTested: 1001, counter 287449
c LRB phase 1: conflicts 7522, phase 20000000, starts 31, UP 666215
c UB=6 fails, cnfls=11361, hcnfls=1369, core 1691, tier2 613, local 5178, quasiC: 1277 (fixed: 83035)
c prunedLB 3.77, dev 0.79, succRate 0.75, nbSucc 6824, nbHardens 412 (fixed 135588), lk: 9066, shorten: 0, pureSo 560, nbFlyRd 128, nbFixedLH 163
c ===============================================================================
c initCost: 0, fixedBySearch: 0, optimal: 6, maxsat: 232, hardConflicts: 1369
c nbLK: 12395, nbSuccLK: 9434(76.11%), nbLKup: 18300188(1511.79%), hardens 412 (fixed 135588), dynVars 1930, shorten: 0
c MaxSAT: OPTIMAL, Pauli weight 6 (reported cost 6), vars 5362 (base 802 + aux 2630)
c DistQLDPC — QLDPC/CSS minimum distance (symplectic MaxSAT)
c solver: MaxCDCL, cardinality encoding: MTO only
c Hx: /home/yfc/GH41-linux-tier0-04/frozen-package/inputs/LP_238_44_6_Hx.txt
c Hz: /home/yfc/GH41-linux-tier0-04/frozen-package/inputs/LP_238_44_6_Hz.txt
c Gx: /home/yfc/GH41-linux-tier0-04/frozen-package/inputs/LP_238_44_6_Gx.txt
c Gz: /home/yfc/GH41-linux-tier0-04/frozen-package/inputs/LP_238_44_6_Gz.txt
c Hx: 105 x 238, Hz: 105 x 238, Gx: 44 x 238, Gz: 44 x 238, logicals: 88
c d_lb: 6
c d_ub: 6
c d  : 6
o 6
