0000.gate.BB_90_8_10.no-card.0.baseline 1.883s o 10 load=2.30
0001.gate.BB_90_8_10.no-card.0.candidate 2.391s o 10 load=2.30
0002.gate.BB_90_8_10.no-card.1.candidate 2.391s o 10 load=2.20
0003.gate.BB_90_8_10.no-card.1.baseline 1.890s o 10 load=2.20
0004.gate.BB_90_8_10.no-card.2.baseline 1.874s o 10 load=2.10
0005.gate.BB_90_8_10.no-card.2.candidate 2.414s o 10 load=2.10
0006.replicate.BB_90_8_10.no-card.0.baseline 1.881s o 10 load=2.10
0007.replicate.BB_90_8_10.no-card.0.candidate 2.390s o 10 load=2.01
0008.replicate.BB_90_8_10.no-card.1.candidate 2.392s o 10 load=2.01
0009.replicate.BB_90_8_10.no-card.1.baseline 1.896s o 10 load=1.93
0010.replicate.BB_90_8_10.no-card.2.baseline 1.876s o 10 load=1.93
0011.replicate.BB_90_8_10.no-card.2.candidate 2.386s o 10 load=1.93
0012.replicate.BB_90_8_10.no-card.3.candidate 2.389s o 10 load=1.86
0013.replicate.BB_90_8_10.no-card.3.baseline 1.881s o 10 load=1.86
0014.replicate.BB_90_8_10.no-card.4.baseline 1.885s o 10 load=2.03
0015.replicate.BB_90_8_10.no-card.4.candidate 2.385s o 10 load=2.03
0016.replicate.BB_90_8_10.no-card.5.candidate 2.389s o 10 load=2.10
0017.replicate.BB_90_8_10.no-card.5.baseline 1.887s o 10 load=2.10
0018.replicate.BB_90_8_10.no-card.6.baseline 1.893s o 10 load=2.02
0019.replicate.BB_90_8_10.no-card.6.candidate 2.401s o 10 load=2.02
0020.replicate.BB_90_8_10.no-card.7.candidate 2.425s o 10 load=2.02
0021.replicate.BB_90_8_10.no-card.7.baseline 1.874s o 10 load=2.17
0022.replicate.BB_90_8_10.no-card.8.baseline 1.875s o 10 load=2.17
0023.replicate.BB_90_8_10.no-card.8.candidate 2.386s o 10 load=2.24
0024.replicate.BB_90_8_10.no-card.9.candidate 2.386s o 10 load=2.24
0025.replicate.BB_90_8_10.no-card.9.baseline 1.875s o 10 load=2.22
0026.gate.BB_90_8_10.card-mto.0.baseline 1.662s o 10 load=2.22
0027.gate.BB_90_8_10.card-mto.0.candidate 2.436s o 10 load=2.22
0028.gate.BB_90_8_10.card-mto.1.candidate 2.445s o 10 load=2.28
0029.gate.BB_90_8_10.card-mto.1.baseline 1.671s o 10 load=2.28
0030.gate.BB_90_8_10.card-mto.2.baseline 1.666s o 10 load=2.18
0031.gate.BB_90_8_10.card-mto.2.candidate 2.442s o 10 load=2.18
0032.replicate.BB_90_8_10.card-mto.0.baseline 1.661s o 10 load=2.18
0033.replicate.BB_90_8_10.card-mto.0.candidate 2.445s o 10 load=2.08
0034.replicate.BB_90_8_10.card-mto.1.candidate 2.441s o 10 load=2.08
0035.replicate.BB_90_8_10.card-mto.1.baseline 1.661s o 10 load=2.16
0036.replicate.BB_90_8_10.card-mto.2.baseline 1.670s o 10 load=2.16
0037.replicate.BB_90_8_10.card-mto.2.candidate 2.441s o 10 load=2.16
0038.replicate.BB_90_8_10.card-mto.3.candidate 2.437s o 10 load=2.07
0039.replicate.BB_90_8_10.card-mto.3.baseline 1.671s o 10 load=2.07
0040.replicate.BB_90_8_10.card-mto.4.baseline 1.678s o 10 load=1.98
0041.replicate.BB_90_8_10.card-mto.4.candidate 2.438s o 10 load=1.98
0042.replicate.BB_90_8_10.card-mto.5.candidate 2.444s o 10 load=1.98
0043.replicate.BB_90_8_10.card-mto.5.baseline 1.667s o 10 load=1.98
0044.replicate.BB_90_8_10.card-mto.6.baseline 1.670s o 10 load=1.98
0045.replicate.BB_90_8_10.card-mto.6.candidate 2.445s o 10 load=1.90
0046.replicate.BB_90_8_10.card-mto.7.candidate 2.439s o 10 load=1.90
0047.replicate.BB_90_8_10.card-mto.7.baseline 1.671s o 10 load=1.91
0048.replicate.BB_90_8_10.card-mto.8.baseline 1.670s o 10 load=1.91
0049.replicate.BB_90_8_10.card-mto.8.candidate 2.440s o 10 load=1.91
0050.replicate.BB_90_8_10.card-mto.9.candidate 2.440s o 10 load=1.84
0051.replicate.BB_90_8_10.card-mto.9.baseline 1.661s o 10 load=1.84
0052.gate.GB_144_12_8.no-card.0.baseline 0.673s o 8 load=1.77
0053.gate.GB_144_12_8.no-card.0.candidate 0.928s o 8 load=1.77
0054.gate.GB_144_12_8.no-card.1.candidate 0.927s o 8 load=1.77
0055.gate.GB_144_12_8.no-card.1.baseline 0.671s o 8 load=1.77
0056.gate.GB_144_12_8.no-card.2.baseline 0.670s o 8 load=1.77
0057.gate.GB_144_12_8.no-card.2.candidate 0.918s o 8 load=1.77
0058.replicate.GB_144_12_8.no-card.0.baseline 0.664s o 8 load=1.87
0059.replicate.GB_144_12_8.no-card.0.candidate 0.929s o 8 load=1.87
0060.replicate.GB_144_12_8.no-card.1.candidate 0.920s o 8 load=1.87
0061.replicate.GB_144_12_8.no-card.1.baseline 0.661s o 8 load=1.87
0062.replicate.GB_144_12_8.no-card.2.baseline 0.670s o 8 load=1.87
0063.replicate.GB_144_12_8.no-card.2.candidate 0.922s o 8 load=1.87
0064.replicate.GB_144_12_8.no-card.3.candidate 0.931s o 8 load=1.80
0065.replicate.GB_144_12_8.no-card.3.baseline 0.668s o 8 load=1.80
0066.replicate.GB_144_12_8.no-card.4.baseline 0.669s o 8 load=1.80
0067.replicate.GB_144_12_8.no-card.4.candidate 0.925s o 8 load=1.80
0068.replicate.GB_144_12_8.no-card.5.candidate 0.924s o 8 load=1.80
0069.replicate.GB_144_12_8.no-card.5.baseline 0.666s o 8 load=1.80
0070.replicate.GB_144_12_8.no-card.6.baseline 0.669s o 8 load=1.73
0071.replicate.GB_144_12_8.no-card.6.candidate 0.917s o 8 load=1.73
0072.replicate.GB_144_12_8.no-card.7.candidate 0.917s o 8 load=1.73
0073.replicate.GB_144_12_8.no-card.7.baseline 0.659s o 8 load=1.73
0074.replicate.GB_144_12_8.no-card.8.baseline 0.672s o 8 load=1.73
0075.replicate.GB_144_12_8.no-card.8.candidate 0.922s o 8 load=1.73
0076.replicate.GB_144_12_8.no-card.9.candidate 0.921s o 8 load=1.67
0077.replicate.GB_144_12_8.no-card.9.baseline 0.666s o 8 load=1.67
0078.gate.GB_144_12_8.card-mto.0.baseline 1.113s o 8 load=1.67
0079.gate.GB_144_12_8.card-mto.0.candidate 1.172s o 8 load=1.67
0080.gate.GB_144_12_8.card-mto.1.candidate 1.167s o 8 load=1.67
0081.gate.GB_144_12_8.card-mto.1.baseline 1.121s o 8 load=1.62
0082.gate.GB_144_12_8.card-mto.2.baseline 1.121s o 8 load=1.62
0083.gate.GB_144_12_8.card-mto.2.candidate 1.166s o 8 load=1.62
0084.replicate.GB_144_12_8.card-mto.0.baseline 1.123s o 8 load=1.62
0085.replicate.GB_144_12_8.card-mto.0.candidate 1.173s o 8 load=1.62
0086.replicate.GB_144_12_8.card-mto.1.candidate 1.166s o 8 load=1.57
0087.replicate.GB_144_12_8.card-mto.1.baseline 1.125s o 8 load=1.57
0088.replicate.GB_144_12_8.card-mto.2.baseline 1.124s o 8 load=1.57
0089.replicate.GB_144_12_8.card-mto.2.candidate 1.172s o 8 load=1.57
0090.replicate.GB_144_12_8.card-mto.3.candidate 1.169s o 8 load=1.52
0091.replicate.GB_144_12_8.card-mto.3.baseline 1.126s o 8 load=1.52
0092.replicate.GB_144_12_8.card-mto.4.baseline 1.125s o 8 load=1.52
0093.replicate.GB_144_12_8.card-mto.4.candidate 1.162s o 8 load=1.52
0094.replicate.GB_144_12_8.card-mto.5.candidate 1.163s o 8 load=1.72
0095.replicate.GB_144_12_8.card-mto.5.baseline 1.116s o 8 load=1.72
0096.replicate.GB_144_12_8.card-mto.6.baseline 1.113s o 8 load=1.72
0097.replicate.GB_144_12_8.card-mto.6.candidate 1.170s o 8 load=1.72
0098.replicate.GB_144_12_8.card-mto.7.candidate 1.161s o 8 load=1.72
0099.replicate.GB_144_12_8.card-mto.7.baseline 1.121s o 8 load=1.66
0100.replicate.GB_144_12_8.card-mto.8.baseline 1.121s o 8 load=1.66
0101.replicate.GB_144_12_8.card-mto.8.candidate 1.161s o 8 load=1.66
0102.replicate.GB_144_12_8.card-mto.9.candidate 1.177s o 8 load=1.66
0103.replicate.GB_144_12_8.card-mto.9.baseline 1.119s o 8 load=1.69
0104.gate.BB_108_8_10.no-card.0.baseline 2.294s o 10 load=1.69
0105.gate.BB_108_8_10.no-card.0.candidate 2.235s o 10 load=1.69
0106.gate.BB_108_8_10.no-card.1.candidate 2.233s o 10 load=1.72
0107.gate.BB_108_8_10.no-card.1.baseline 2.286s o 10 load=1.72
0108.gate.BB_108_8_10.no-card.2.baseline 2.291s o 10 load=1.66
0109.gate.BB_108_8_10.no-card.2.candidate 2.235s o 10 load=1.66
0110.replicate.BB_108_8_10.no-card.0.baseline 2.299s o 10 load=1.85
0111.replicate.BB_108_8_10.no-card.0.candidate 2.227s o 10 load=1.85
0112.replicate.BB_108_8_10.no-card.1.candidate 2.234s o 10 load=1.78
0113.replicate.BB_108_8_10.no-card.1.baseline 2.292s o 10 load=1.78
0114.replicate.BB_108_8_10.no-card.2.baseline 2.284s o 10 load=1.78
0115.replicate.BB_108_8_10.no-card.2.candidate 2.241s o 10 load=1.72
0116.replicate.BB_108_8_10.no-card.3.candidate 2.235s o 10 load=1.72
0117.replicate.BB_108_8_10.no-card.3.baseline 2.288s o 10 load=1.74
0118.replicate.BB_108_8_10.no-card.4.baseline 2.294s o 10 load=1.74
0119.replicate.BB_108_8_10.no-card.4.candidate 2.250s o 10 load=1.68
0120.replicate.BB_108_8_10.no-card.5.candidate 2.240s o 10 load=1.68
0121.replicate.BB_108_8_10.no-card.5.baseline 2.286s o 10 load=1.62
0122.replicate.BB_108_8_10.no-card.6.baseline 2.296s o 10 load=1.62
0123.replicate.BB_108_8_10.no-card.6.candidate 2.236s o 10 load=1.65
0124.replicate.BB_108_8_10.no-card.7.candidate 2.245s o 10 load=1.65
0125.replicate.BB_108_8_10.no-card.7.baseline 2.299s o 10 load=1.65
0126.replicate.BB_108_8_10.no-card.8.baseline 2.288s o 10 load=1.60
0127.replicate.BB_108_8_10.no-card.8.candidate 2.246s o 10 load=1.60
0128.replicate.BB_108_8_10.no-card.9.candidate 2.237s o 10 load=1.63
0129.replicate.BB_108_8_10.no-card.9.baseline 2.298s o 10 load=1.63
0130.gate.BB_108_8_10.card-mto.0.baseline 2.342s o 10 load=1.58
0131.gate.BB_108_8_10.card-mto.0.candidate 2.737s o 10 load=1.58
0132.gate.BB_108_8_10.card-mto.1.candidate 2.749s o 10 load=1.54
0133.gate.BB_108_8_10.card-mto.1.baseline 2.338s o 10 load=1.54
0134.gate.BB_108_8_10.card-mto.2.baseline 2.329s o 10 load=1.49
0135.gate.BB_108_8_10.card-mto.2.candidate 2.736s o 10 load=1.49
0136.replicate.BB_108_8_10.card-mto.0.baseline 2.339s o 10 load=1.45
0137.replicate.BB_108_8_10.card-mto.0.candidate 2.743s o 10 load=1.45
0138.replicate.BB_108_8_10.card-mto.1.candidate 2.747s o 10 load=1.42
0139.replicate.BB_108_8_10.card-mto.1.baseline 2.341s o 10 load=1.42
0140.replicate.BB_108_8_10.card-mto.2.baseline 2.331s o 10 load=1.38
0141.replicate.BB_108_8_10.card-mto.2.candidate 2.748s o 10 load=1.38
0142.replicate.BB_108_8_10.card-mto.3.candidate 2.740s o 10 load=1.43
0143.replicate.BB_108_8_10.card-mto.3.baseline 2.338s o 10 load=1.43
0144.replicate.BB_108_8_10.card-mto.4.baseline 2.338s o 10 load=1.40
0145.replicate.BB_108_8_10.card-mto.4.candidate 2.751s o 10 load=1.40
0146.replicate.BB_108_8_10.card-mto.5.candidate 2.737s o 10 load=1.36
0147.replicate.BB_108_8_10.card-mto.5.baseline 2.338s o 10 load=1.36
0148.replicate.BB_108_8_10.card-mto.6.baseline 2.333s o 10 load=1.34
0149.replicate.BB_108_8_10.card-mto.6.candidate 2.738s o 10 load=1.34
0150.replicate.BB_108_8_10.card-mto.7.candidate 2.740s o 10 load=1.31
0151.replicate.BB_108_8_10.card-mto.7.baseline 2.330s o 10 load=1.31
0152.replicate.BB_108_8_10.card-mto.8.baseline 2.334s o 10 load=1.28
0153.replicate.BB_108_8_10.card-mto.8.candidate 2.743s o 10 load=1.28
0154.replicate.BB_108_8_10.card-mto.9.candidate 2.742s o 10 load=1.34
0155.replicate.BB_108_8_10.card-mto.9.baseline 2.326s o 10 load=1.34
0156.gate.LP_238_44_6.no-card.0.baseline 1.205s o 6 load=1.39
0157.gate.LP_238_44_6.no-card.0.candidate 1.749s o 6 load=1.39
0158.gate.LP_238_44_6.no-card.1.candidate 1.744s o 6 load=1.36
0159.gate.LP_238_44_6.no-card.1.baseline 1.206s o 6 load=1.36
0160.gate.LP_238_44_6.no-card.2.baseline 1.207s o 6 load=1.36
0161.gate.LP_238_44_6.no-card.2.candidate 1.747s o 6 load=1.36
0162.replicate.LP_238_44_6.no-card.0.baseline 1.202s o 6 load=1.33
0163.replicate.LP_238_44_6.no-card.0.candidate 1.745s o 6 load=1.33
0164.replicate.LP_238_44_6.no-card.1.candidate 1.756s o 6 load=1.33
0165.replicate.LP_238_44_6.no-card.1.baseline 1.199s o 6 load=1.31
0166.replicate.LP_238_44_6.no-card.2.baseline 1.198s o 6 load=1.31
0167.replicate.LP_238_44_6.no-card.2.candidate 1.750s o 6 load=1.31
0168.replicate.LP_238_44_6.no-card.3.candidate 1.743s o 6 load=1.31
0169.replicate.LP_238_44_6.no-card.3.baseline 1.204s o 6 load=1.44
0170.replicate.LP_238_44_6.no-card.4.baseline 1.208s o 6 load=1.44
0171.replicate.LP_238_44_6.no-card.4.candidate 1.745s o 6 load=1.44
0172.replicate.LP_238_44_6.no-card.5.candidate 1.751s o 6 load=1.48
0173.replicate.LP_238_44_6.no-card.5.baseline 1.199s o 6 load=1.48
0174.replicate.LP_238_44_6.no-card.6.baseline 1.202s o 6 load=1.48
0175.replicate.LP_238_44_6.no-card.6.candidate 1.754s o 6 load=1.48
0176.replicate.LP_238_44_6.no-card.7.candidate 1.753s o 6 load=1.77
0177.replicate.LP_238_44_6.no-card.7.baseline 1.199s o 6 load=1.77
0178.replicate.LP_238_44_6.no-card.8.baseline 1.197s o 6 load=1.77
0179.replicate.LP_238_44_6.no-card.8.candidate 1.751s o 6 load=1.70
0180.replicate.LP_238_44_6.no-card.9.candidate 1.748s o 6 load=1.70
0181.replicate.LP_238_44_6.no-card.9.baseline 1.199s o 6 load=1.70
0182.gate.LP_238_44_6.card-mto.0.baseline 1.153s o 6 load=2.05
0183.gate.LP_238_44_6.card-mto.0.candidate 1.746s o 6 load=2.05
0184.gate.LP_238_44_6.card-mto.1.candidate 1.747s o 6 load=2.05
0185.gate.LP_238_44_6.card-mto.1.baseline 1.143s o 6 load=1.96
0186.gate.LP_238_44_6.card-mto.2.baseline 1.149s o 6 load=1.96
0187.gate.LP_238_44_6.card-mto.2.candidate 1.755s o 6 load=1.96
0188.replicate.LP_238_44_6.card-mto.0.baseline 1.152s o 6 load=1.96
0189.replicate.LP_238_44_6.card-mto.0.candidate 1.752s o 6 load=1.89
0190.replicate.LP_238_44_6.card-mto.1.candidate 1.743s o 6 load=1.89
0191.replicate.LP_238_44_6.card-mto.1.baseline 1.141s o 6 load=1.89
0192.replicate.LP_238_44_6.card-mto.2.baseline 1.151s o 6 load=1.90
0193.replicate.LP_238_44_6.card-mto.2.candidate 1.741s o 6 load=1.90
0194.replicate.LP_238_44_6.card-mto.3.candidate 1.756s o 6 load=1.90
0195.replicate.LP_238_44_6.card-mto.3.baseline 1.143s o 6 load=1.90
0196.replicate.LP_238_44_6.card-mto.4.baseline 1.148s o 6 load=1.82
0197.replicate.LP_238_44_6.card-mto.4.candidate 1.745s o 6 load=1.82
0198.replicate.LP_238_44_6.card-mto.5.candidate 1.745s o 6 load=1.82
0199.replicate.LP_238_44_6.card-mto.5.baseline 1.146s o 6 load=1.84
0200.replicate.LP_238_44_6.card-mto.6.baseline 1.149s o 6 load=1.84
0201.replicate.LP_238_44_6.card-mto.6.candidate 1.750s o 6 load=1.84
0202.replicate.LP_238_44_6.card-mto.7.candidate 1.748s o 6 load=1.84
0203.replicate.LP_238_44_6.card-mto.7.baseline 1.151s o 6 load=1.77
0204.replicate.LP_238_44_6.card-mto.8.baseline 1.144s o 6 load=1.77
0205.replicate.LP_238_44_6.card-mto.8.candidate 1.753s o 6 load=1.77
0206.replicate.LP_238_44_6.card-mto.9.candidate 1.745s o 6 load=1.79
0207.replicate.LP_238_44_6.card-mto.9.baseline 1.141s o 6 load=1.79
{
 "stopped": null,
 "n_samples": 208,
 "finished": "2026-10-09T15:00:34+0800",
 "binary_sha256_after": {
  "baseline": "ac43af52144330f72d838667c82851511bc208f1cb35966359126c2d6a69eb26",
  "candidate": "8d358185d59e977c0cc65de6735a03703a479a2cff30ebbe514a3dfc585208bd"
 },
 "input_sha256_after_ok": true
}
gate no-card geomean 1.25493 envelope 1.26169 positive False flags ['BB_90_8_10', 'GB_144_12_8', 'LP_238_44_6']
gate card-mto geomean 1.28361 envelope 1.29439 positive False flags ['BB_90_8_10', 'GB_144_12_8', 'BB_108_8_10', 'LP_238_44_6']
replicate no-card geomean 1.2577 envelope 1.27501 positive False flags ['BB_90_8_10', 'GB_144_12_8', 'LP_238_44_6']
replicate card-mto geomean 1.28397 envelope 1.29763 positive False flags ['BB_90_8_10', 'GB_144_12_8', 'BB_108_8_10', 'LP_238_44_6']
exit=0
