[{"algebra_instances": 676, "status": "PASS"}, {"fixture": "css4", "oracle_distance": 2, "status": "PASS"}, {"fixture": "css5", "oracle_distance": 1, "status": "PASS"}, {"smoke_cross_repo_timeouts": "PASS"}]
tier1-BB_90_8_10-no-card-1-baseline 2.393 {'d': 10, 'objective': 10, 'lb': 10, 'ub': 10, 'timeout': False, 'unknown': False}
tier1-BB_90_8_10-no-card-1-candidate 2.248 {'d': 10, 'objective': 10, 'lb': 10, 'ub': 10, 'timeout': False, 'unknown': False}
tier1-BB_90_8_10-no-card-2-candidate 2.216 {'d': 10, 'objective': 10, 'lb': 10, 'ub': 10, 'timeout': False, 'unknown': False}
tier1-BB_90_8_10-no-card-2-baseline 2.366 {'d': 10, 'objective': 10, 'lb': 10, 'ub': 10, 'timeout': False, 'unknown': False}
tier1-BB_90_8_10-no-card-3-baseline 2.399 {'d': 10, 'objective': 10, 'lb': 10, 'ub': 10, 'timeout': False, 'unknown': False}
tier1-BB_90_8_10-no-card-3-candidate 2.215 {'d': 10, 'objective': 10, 'lb': 10, 'ub': 10, 'timeout': False, 'unknown': False}
tier1-BB_90_8_10-card-mto-1-baseline 2.85 {'d': 10, 'objective': 10, 'lb': 10, 'ub': 10, 'timeout': False, 'unknown': False}
tier1-BB_90_8_10-card-mto-1-candidate 2.414 {'d': 10, 'objective': 10, 'lb': 10, 'ub': 10, 'timeout': False, 'unknown': False}
tier1-BB_90_8_10-card-mto-2-candidate 2.517 {'d': 10, 'objective': 10, 'lb': 10, 'ub': 10, 'timeout': False, 'unknown': False}
tier1-BB_90_8_10-card-mto-2-baseline 2.883 {'d': 10, 'objective': 10, 'lb': 10, 'ub': 10, 'timeout': False, 'unknown': False}
tier1-BB_90_8_10-card-mto-3-baseline 2.831 {'d': 10, 'objective': 10, 'lb': 10, 'ub': 10, 'timeout': False, 'unknown': False}
tier1-BB_90_8_10-card-mto-3-candidate 2.367 {'d': 10, 'objective': 10, 'lb': 10, 'ub': 10, 'timeout': False, 'unknown': False}
tier1-GB_144_12_8-no-card-1-baseline 1.015 {'d': 8, 'objective': 8, 'lb': 8, 'ub': 8, 'timeout': False, 'unknown': False}
tier1-GB_144_12_8-no-card-1-candidate 1.466 {'d': 8, 'objective': 8, 'lb': 8, 'ub': 8, 'timeout': False, 'unknown': False}
tier1-GB_144_12_8-no-card-2-candidate 1.466 {'d': 8, 'objective': 8, 'lb': 8, 'ub': 8, 'timeout': False, 'unknown': False}
tier1-GB_144_12_8-no-card-2-baseline 0.982 {'d': 8, 'objective': 8, 'lb': 8, 'ub': 8, 'timeout': False, 'unknown': False}
tier1-GB_144_12_8-no-card-3-baseline 0.997 {'d': 8, 'objective': 8, 'lb': 8, 'ub': 8, 'timeout': False, 'unknown': False}
tier1-GB_144_12_8-no-card-3-candidate 1.466 {'d': 8, 'objective': 8, 'lb': 8, 'ub': 8, 'timeout': False, 'unknown': False}
tier1-GB_144_12_8-card-mto-1-baseline 1.265 {'d': 8, 'objective': 8, 'lb': 8, 'ub': 8, 'timeout': False, 'unknown': False}
tier1-GB_144_12_8-card-mto-1-candidate 1.815 {'d': 8, 'objective': 8, 'lb': 8, 'ub': 8, 'timeout': False, 'unknown': False}
tier1-GB_144_12_8-card-mto-2-candidate 1.849 {'d': 8, 'objective': 8, 'lb': 8, 'ub': 8, 'timeout': False, 'unknown': False}
tier1-GB_144_12_8-card-mto-2-baseline 1.249 {'d': 8, 'objective': 8, 'lb': 8, 'ub': 8, 'timeout': False, 'unknown': False}
tier1-GB_144_12_8-card-mto-3-baseline 1.25 {'d': 8, 'objective': 8, 'lb': 8, 'ub': 8, 'timeout': False, 'unknown': False}
tier1-GB_144_12_8-card-mto-3-candidate 1.765 {'d': 8, 'objective': 8, 'lb': 8, 'ub': 8, 'timeout': False, 'unknown': False}
tier1-BB_108_8_10-no-card-1-baseline 2.864 {'d': 10, 'objective': 10, 'lb': 10, 'ub': 10, 'timeout': False, 'unknown': False}
tier1-BB_108_8_10-no-card-1-candidate 2.567 {'d': 10, 'objective': 10, 'lb': 10, 'ub': 10, 'timeout': False, 'unknown': False}
tier1-BB_108_8_10-no-card-2-candidate 2.515 {'d': 10, 'objective': 10, 'lb': 10, 'ub': 10, 'timeout': False, 'unknown': False}
tier1-BB_108_8_10-no-card-2-baseline 2.899 {'d': 10, 'objective': 10, 'lb': 10, 'ub': 10, 'timeout': False, 'unknown': False}
tier1-BB_108_8_10-no-card-3-baseline 2.865 {'d': 10, 'objective': 10, 'lb': 10, 'ub': 10, 'timeout': False, 'unknown': False}
tier1-BB_108_8_10-no-card-3-candidate 2.516 {'d': 10, 'objective': 10, 'lb': 10, 'ub': 10, 'timeout': False, 'unknown': False}
tier1-BB_108_8_10-card-mto-1-baseline 3.716 {'d': 10, 'objective': 10, 'lb': 10, 'ub': 10, 'timeout': False, 'unknown': False}
tier1-BB_108_8_10-card-mto-1-candidate 2.997 {'d': 10, 'objective': 10, 'lb': 10, 'ub': 10, 'timeout': False, 'unknown': False}
tier1-BB_108_8_10-card-mto-2-candidate 2.984 {'d': 10, 'objective': 10, 'lb': 10, 'ub': 10, 'timeout': False, 'unknown': False}
tier1-BB_108_8_10-card-mto-2-baseline 3.698 {'d': 10, 'objective': 10, 'lb': 10, 'ub': 10, 'timeout': False, 'unknown': False}
tier1-BB_108_8_10-card-mto-3-baseline 3.682 {'d': 10, 'objective': 10, 'lb': 10, 'ub': 10, 'timeout': False, 'unknown': False}
tier1-BB_108_8_10-card-mto-3-candidate 3.0 {'d': 10, 'objective': 10, 'lb': 10, 'ub': 10, 'timeout': False, 'unknown': False}
tier1-LP_238_44_6-no-card-1-baseline 1.882 {'d': 6, 'objective': 6, 'lb': 6, 'ub': 6, 'timeout': False, 'unknown': False}
tier1-LP_238_44_6-no-card-1-candidate 1.781 {'d': 6, 'objective': 6, 'lb': 6, 'ub': 6, 'timeout': False, 'unknown': False}
tier1-LP_238_44_6-no-card-2-candidate 1.782 {'d': 6, 'objective': 6, 'lb': 6, 'ub': 6, 'timeout': False, 'unknown': False}
tier1-LP_238_44_6-no-card-2-baseline 1.882 {'d': 6, 'objective': 6, 'lb': 6, 'ub': 6, 'timeout': False, 'unknown': False}
tier1-LP_238_44_6-no-card-3-baseline 1.899 {'d': 6, 'objective': 6, 'lb': 6, 'ub': 6, 'timeout': False, 'unknown': False}
tier1-LP_238_44_6-no-card-3-candidate 1.781 {'d': 6, 'objective': 6, 'lb': 6, 'ub': 6, 'timeout': False, 'unknown': False}
tier1-LP_238_44_6-card-mto-1-baseline 2.216 {'d': 6, 'objective': 6, 'lb': 6, 'ub': 6, 'timeout': False, 'unknown': False}
tier1-LP_238_44_6-card-mto-1-candidate 1.765 {'d': 6, 'objective': 6, 'lb': 6, 'ub': 6, 'timeout': False, 'unknown': False}
tier1-LP_238_44_6-card-mto-2-candidate 1.715 {'d': 6, 'objective': 6, 'lb': 6, 'ub': 6, 'timeout': False, 'unknown': False}
tier1-LP_238_44_6-card-mto-2-baseline 2.199 {'d': 6, 'objective': 6, 'lb': 6, 'ub': 6, 'timeout': False, 'unknown': False}
tier1-LP_238_44_6-card-mto-3-baseline 2.249 {'d': 6, 'objective': 6, 'lb': 6, 'ub': 6, 'timeout': False, 'unknown': False}
tier1-LP_238_44_6-card-mto-3-candidate 1.731 {'d': 6, 'objective': 6, 'lb': 6, 'ub': 6, 'timeout': False, 'unknown': False}
{
  "decision": "INCONCLUSIVE",
  "tier0": "PASS",
  "tier1": {
    "numeric_filter": "reject",
    "reason": "confirmed per-case regression",
    "medians": [
      {
        "case": "BB_90_8_10",
        "mode": "no-card",
        "baseline_raw": [
          2.3932814999716356,
          2.365967500023544,
          2.3985835999483243
        ],
        "candidate_raw": [
          2.2480137000093237,
          2.2162066000746563,
          2.214716099901125
        ],
        "baseline_median": 2.3932814999716356,
        "candidate_median": 2.2162066000746563,
        "median_ratio": 0.9260116706291851,
        "baseline_range_over_median": 0.01362819205562195,
        "baseline_min": 2.365967500023544,
        "baseline_max": 2.3985835999483243,
        "candidate_min": 2.214716099901125,
        "candidate_max": 2.2480137000093237
      },
      {
        "case": "GB_144_12_8",
        "mode": "no-card",
        "baseline_raw": [
          1.0150253000902012,
          0.9820722000440583,
          0.9972273000748828
        ],
        "candidate_raw": [
          1.4658771000104025,
          1.46573769999668,
          1.4663979000179097
        ],
        "baseline_median": 0.9972273000748828,
        "candidate_median": 1.4658771000104025,
        "median_ratio": 1.469952838134624,
        "baseline_range_over_median": 0.03304472314753964,
        "baseline_min": 0.9820722000440583,
        "baseline_max": 1.0150253000902012,
        "candidate_min": 1.46573769999668,
        "candidate_max": 1.4663979000179097
      }
    ]
  },
  "tier2": "not reached",
  "tier3": "not run",
  "reason": "Interactive Windows host; original controlled-host gate not satisfied",
  "correctness": "identical certified distances and bounds for every completed run"
}
