0000.gate.BB_90_8_10.no-card.0.baseline 1.902s o 10 load=1.99
0001.gate.BB_90_8_10.no-card.0.candidate 0.864s o 10 load=1.99
0002.gate.BB_90_8_10.no-card.1.candidate 0.859s o 10 load=2.07
0003.gate.BB_90_8_10.no-card.1.baseline 1.909s o 10 load=2.07
0004.gate.BB_90_8_10.no-card.2.baseline 1.899s o 10 load=2.07
0005.gate.BB_90_8_10.no-card.2.candidate 0.852s o 10 load=2.22
0006.replicate.BB_90_8_10.no-card.0.baseline 1.898s o 10 load=2.22
0007.replicate.BB_90_8_10.no-card.0.candidate 0.853s o 10 load=2.22
0008.replicate.BB_90_8_10.no-card.1.candidate 0.853s o 10 load=2.22
0009.replicate.BB_90_8_10.no-card.1.baseline 1.890s o 10 load=2.22
0010.replicate.BB_90_8_10.no-card.2.baseline 1.901s o 10 load=2.52
0011.replicate.BB_90_8_10.no-card.2.candidate 0.853s o 10 load=2.52
0012.replicate.BB_90_8_10.no-card.3.candidate 0.851s o 10 load=2.52
0013.replicate.BB_90_8_10.no-card.3.baseline 1.869s o 10 load=2.48
0014.replicate.BB_90_8_10.no-card.4.baseline 1.872s o 10 load=2.48
0015.replicate.BB_90_8_10.no-card.4.candidate 0.844s o 10 load=2.48
0016.replicate.BB_90_8_10.no-card.5.candidate 0.848s o 10 load=2.48
0017.replicate.BB_90_8_10.no-card.5.baseline 1.879s o 10 load=2.52
0018.replicate.BB_90_8_10.no-card.6.baseline 1.871s o 10 load=2.52
0019.replicate.BB_90_8_10.no-card.6.candidate 0.844s o 10 load=2.52
0020.replicate.BB_90_8_10.no-card.7.candidate 0.845s o 10 load=2.56
0021.replicate.BB_90_8_10.no-card.7.baseline 1.874s o 10 load=2.56
0022.replicate.BB_90_8_10.no-card.8.baseline 1.877s o 10 load=2.56
0023.replicate.BB_90_8_10.no-card.8.candidate 0.849s o 10 load=2.56
0024.replicate.BB_90_8_10.no-card.9.candidate 0.853s o 10 load=2.44
0025.replicate.BB_90_8_10.no-card.9.baseline 1.880s o 10 load=2.44
0026.gate.BB_90_8_10.card-mto.0.baseline 1.670s o 10 load=2.44
0027.gate.BB_90_8_10.card-mto.0.candidate 1.080s o 10 load=2.48
0028.gate.BB_90_8_10.card-mto.1.candidate 1.074s o 10 load=2.48
0029.gate.BB_90_8_10.card-mto.1.baseline 1.675s o 10 load=2.48
0030.gate.BB_90_8_10.card-mto.2.baseline 1.662s o 10 load=2.48
0031.gate.BB_90_8_10.card-mto.2.candidate 1.084s o 10 load=2.44
0032.replicate.BB_90_8_10.card-mto.0.baseline 1.669s o 10 load=2.44
0033.replicate.BB_90_8_10.card-mto.0.candidate 1.084s o 10 load=2.44
0034.replicate.BB_90_8_10.card-mto.1.candidate 1.081s o 10 load=2.44
0035.replicate.BB_90_8_10.card-mto.1.baseline 1.663s o 10 load=2.33
0036.replicate.BB_90_8_10.card-mto.2.baseline 1.658s o 10 load=2.33
0037.replicate.BB_90_8_10.card-mto.2.candidate 1.078s o 10 load=2.33
0038.replicate.BB_90_8_10.card-mto.3.candidate 1.083s o 10 load=2.38
0039.replicate.BB_90_8_10.card-mto.3.baseline 1.659s o 10 load=2.38
0040.replicate.BB_90_8_10.card-mto.4.baseline 1.669s o 10 load=2.38
0041.replicate.BB_90_8_10.card-mto.4.candidate 1.074s o 10 load=2.38
0042.replicate.BB_90_8_10.card-mto.5.candidate 1.081s o 10 load=2.27
0043.replicate.BB_90_8_10.card-mto.5.baseline 1.664s o 10 load=2.27
0044.replicate.BB_90_8_10.card-mto.6.baseline 1.669s o 10 load=2.27
0045.replicate.BB_90_8_10.card-mto.6.candidate 1.074s o 10 load=2.17
0046.replicate.BB_90_8_10.card-mto.7.candidate 1.087s o 10 load=2.17
0047.replicate.BB_90_8_10.card-mto.7.baseline 1.675s o 10 load=2.17
0048.replicate.BB_90_8_10.card-mto.8.baseline 1.661s o 10 load=2.17
0049.replicate.BB_90_8_10.card-mto.8.candidate 1.082s o 10 load=2.23
0050.replicate.BB_90_8_10.card-mto.9.candidate 1.078s o 10 load=2.23
0051.replicate.BB_90_8_10.card-mto.9.baseline 1.665s o 10 load=2.23
0052.gate.GB_144_12_8.no-card.0.baseline 0.672s o 8 load=2.23
0053.gate.GB_144_12_8.no-card.0.candidate 0.237s o 8 load=2.13
0054.gate.GB_144_12_8.no-card.1.candidate 0.236s o 8 load=2.13
0055.gate.GB_144_12_8.no-card.1.baseline 0.661s o 8 load=2.13
0056.gate.GB_144_12_8.no-card.2.baseline 0.658s o 8 load=2.13
0057.gate.GB_144_12_8.no-card.2.candidate 0.240s o 8 load=2.13
0058.replicate.GB_144_12_8.no-card.0.baseline 0.666s o 8 load=2.13
0059.replicate.GB_144_12_8.no-card.0.candidate 0.240s o 8 load=2.13
0060.replicate.GB_144_12_8.no-card.1.candidate 0.235s o 8 load=2.13
0061.replicate.GB_144_12_8.no-card.1.baseline 0.660s o 8 load=2.13
0062.replicate.GB_144_12_8.no-card.2.baseline 0.677s o 8 load=2.13
0063.replicate.GB_144_12_8.no-card.2.candidate 0.237s o 8 load=2.13
0064.replicate.GB_144_12_8.no-card.3.candidate 0.238s o 8 load=2.04
0065.replicate.GB_144_12_8.no-card.3.baseline 0.661s o 8 load=2.04
0066.replicate.GB_144_12_8.no-card.4.baseline 0.665s o 8 load=2.04
0067.replicate.GB_144_12_8.no-card.4.candidate 0.243s o 8 load=2.04
0068.replicate.GB_144_12_8.no-card.5.candidate 0.239s o 8 load=2.04
0069.replicate.GB_144_12_8.no-card.5.baseline 0.669s o 8 load=2.04
0070.replicate.GB_144_12_8.no-card.6.baseline 0.671s o 8 load=2.04
0071.replicate.GB_144_12_8.no-card.6.candidate 0.234s o 8 load=2.04
0072.replicate.GB_144_12_8.no-card.7.candidate 0.240s o 8 load=2.04
0073.replicate.GB_144_12_8.no-card.7.baseline 0.661s o 8 load=2.04
0074.replicate.GB_144_12_8.no-card.8.baseline 0.662s o 8 load=2.04
0075.replicate.GB_144_12_8.no-card.8.candidate 0.238s o 8 load=2.20
0076.replicate.GB_144_12_8.no-card.9.candidate 0.242s o 8 load=2.20
0077.replicate.GB_144_12_8.no-card.9.baseline 0.669s o 8 load=2.20
0078.gate.GB_144_12_8.card-mto.0.baseline 1.121s o 8 load=2.20
0079.gate.GB_144_12_8.card-mto.0.candidate 0.255s o 8 load=2.20
0080.gate.GB_144_12_8.card-mto.1.candidate 0.254s o 8 load=2.20
0081.gate.GB_144_12_8.card-mto.1.baseline 1.114s o 8 load=2.20
0082.gate.GB_144_12_8.card-mto.2.baseline 1.121s o 8 load=2.20
0083.gate.GB_144_12_8.card-mto.2.candidate 0.255s o 8 load=2.26
0084.replicate.GB_144_12_8.card-mto.0.baseline 1.119s o 8 load=2.26
0085.replicate.GB_144_12_8.card-mto.0.candidate 0.263s o 8 load=2.26
0086.replicate.GB_144_12_8.card-mto.1.candidate 0.261s o 8 load=2.26
0087.replicate.GB_144_12_8.card-mto.1.baseline 1.113s o 8 load=2.26
0088.replicate.GB_144_12_8.card-mto.2.baseline 1.134s o 8 load=2.26
0089.replicate.GB_144_12_8.card-mto.2.candidate 0.264s o 8 load=2.26
0090.replicate.GB_144_12_8.card-mto.3.candidate 0.253s o 8 load=2.32
0091.replicate.GB_144_12_8.card-mto.3.baseline 1.112s o 8 load=2.32
0092.replicate.GB_144_12_8.card-mto.4.baseline 1.123s o 8 load=2.32
0093.replicate.GB_144_12_8.card-mto.4.candidate 0.254s o 8 load=2.32
0094.replicate.GB_144_12_8.card-mto.5.candidate 0.258s o 8 load=2.32
0095.replicate.GB_144_12_8.card-mto.5.baseline 1.115s o 8 load=2.32
0096.replicate.GB_144_12_8.card-mto.6.baseline 1.127s o 8 load=2.32
0097.replicate.GB_144_12_8.card-mto.6.candidate 0.258s o 8 load=2.22
0098.replicate.GB_144_12_8.card-mto.7.candidate 0.253s o 8 load=2.22
0099.replicate.GB_144_12_8.card-mto.7.baseline 1.116s o 8 load=2.22
0100.replicate.GB_144_12_8.card-mto.8.baseline 1.120s o 8 load=2.22
0101.replicate.GB_144_12_8.card-mto.8.candidate 0.263s o 8 load=2.22
0102.replicate.GB_144_12_8.card-mto.9.candidate 0.253s o 8 load=2.22
0103.replicate.GB_144_12_8.card-mto.9.baseline 1.119s o 8 load=2.22
0104.gate.BB_108_8_10.no-card.0.baseline 2.291s o 10 load=2.22
0105.gate.BB_108_8_10.no-card.0.candidate 1.008s o 10 load=2.12
0106.gate.BB_108_8_10.no-card.1.candidate 1.023s o 10 load=2.12
0107.gate.BB_108_8_10.no-card.1.baseline 2.306s o 10 load=2.12
0108.gate.BB_108_8_10.no-card.2.baseline 2.286s o 10 load=2.03
0109.gate.BB_108_8_10.no-card.2.candidate 1.010s o 10 load=2.03
0110.replicate.BB_108_8_10.no-card.0.baseline 2.285s o 10 load=2.03
0111.replicate.BB_108_8_10.no-card.0.candidate 1.010s o 10 load=1.95
0112.replicate.BB_108_8_10.no-card.1.candidate 1.008s o 10 load=1.95
0113.replicate.BB_108_8_10.no-card.1.baseline 2.292s o 10 load=1.95
0114.replicate.BB_108_8_10.no-card.2.baseline 2.286s o 10 load=1.87
0115.replicate.BB_108_8_10.no-card.2.candidate 1.010s o 10 load=1.87
0116.replicate.BB_108_8_10.no-card.3.candidate 1.019s o 10 load=1.87
0117.replicate.BB_108_8_10.no-card.3.baseline 2.304s o 10 load=1.88
0118.replicate.BB_108_8_10.no-card.4.baseline 2.322s o 10 load=1.88
0119.replicate.BB_108_8_10.no-card.4.candidate 1.018s o 10 load=1.89
0120.replicate.BB_108_8_10.no-card.5.candidate 1.026s o 10 load=1.89
0121.replicate.BB_108_8_10.no-card.5.baseline 2.287s o 10 load=1.89
0122.replicate.BB_108_8_10.no-card.6.baseline 2.285s o 10 load=1.89
0123.replicate.BB_108_8_10.no-card.6.candidate 1.010s o 10 load=1.82
0124.replicate.BB_108_8_10.no-card.7.candidate 1.013s o 10 load=1.82
0125.replicate.BB_108_8_10.no-card.7.baseline 2.289s o 10 load=1.82
0126.replicate.BB_108_8_10.no-card.8.baseline 2.286s o 10 load=1.75
0127.replicate.BB_108_8_10.no-card.8.candidate 1.003s o 10 load=1.75
0128.replicate.BB_108_8_10.no-card.9.candidate 1.016s o 10 load=1.75
0129.replicate.BB_108_8_10.no-card.9.baseline 2.295s o 10 load=1.69
0130.gate.BB_108_8_10.card-mto.0.baseline 2.323s o 10 load=1.69
0131.gate.BB_108_8_10.card-mto.0.candidate 1.161s o 10 load=1.64
0132.gate.BB_108_8_10.card-mto.1.candidate 1.166s o 10 load=1.64
0133.gate.BB_108_8_10.card-mto.1.baseline 2.332s o 10 load=1.64
0134.gate.BB_108_8_10.card-mto.2.baseline 2.336s o 10 load=1.58
0135.gate.BB_108_8_10.card-mto.2.candidate 1.171s o 10 load=1.58
0136.replicate.BB_108_8_10.card-mto.0.baseline 2.336s o 10 load=1.58
0137.replicate.BB_108_8_10.card-mto.0.candidate 1.171s o 10 load=1.62
0138.replicate.BB_108_8_10.card-mto.1.candidate 1.178s o 10 load=1.62
0139.replicate.BB_108_8_10.card-mto.1.baseline 2.333s o 10 load=1.62
0140.replicate.BB_108_8_10.card-mto.2.baseline 2.345s o 10 load=1.57
0141.replicate.BB_108_8_10.card-mto.2.candidate 1.170s o 10 load=1.57
0142.replicate.BB_108_8_10.card-mto.3.candidate 1.167s o 10 load=1.57
0143.replicate.BB_108_8_10.card-mto.3.baseline 2.329s o 10 load=1.52
0144.replicate.BB_108_8_10.card-mto.4.baseline 2.336s o 10 load=1.52
0145.replicate.BB_108_8_10.card-mto.4.candidate 1.162s o 10 load=1.40
0146.replicate.BB_108_8_10.card-mto.5.candidate 1.165s o 10 load=1.40
0147.replicate.BB_108_8_10.card-mto.5.baseline 2.330s o 10 load=1.40
0148.replicate.BB_108_8_10.card-mto.6.baseline 2.336s o 10 load=1.40
0149.replicate.BB_108_8_10.card-mto.6.candidate 1.166s o 10 load=1.45
0150.replicate.BB_108_8_10.card-mto.7.candidate 1.170s o 10 load=1.45
0151.replicate.BB_108_8_10.card-mto.7.baseline 2.344s o 10 load=1.45
0152.replicate.BB_108_8_10.card-mto.8.baseline 2.341s o 10 load=1.49
0153.replicate.BB_108_8_10.card-mto.8.candidate 1.179s o 10 load=1.49
0154.replicate.BB_108_8_10.card-mto.9.candidate 1.171s o 10 load=1.69
0155.replicate.BB_108_8_10.card-mto.9.baseline 2.339s o 10 load=1.69
0156.gate.LP_238_44_6.no-card.0.baseline 1.206s o 6 load=1.69
0157.gate.LP_238_44_6.no-card.0.candidate 0.417s o 6 load=1.64
0158.gate.LP_238_44_6.no-card.1.candidate 0.406s o 6 load=1.64
0159.gate.LP_238_44_6.no-card.1.baseline 1.226s o 6 load=1.64
0160.gate.LP_238_44_6.no-card.2.baseline 1.205s o 6 load=1.64
0161.gate.LP_238_44_6.no-card.2.candidate 0.415s o 6 load=1.64
0162.replicate.LP_238_44_6.no-card.0.baseline 1.210s o 6 load=1.64
0163.replicate.LP_238_44_6.no-card.0.candidate 0.416s o 6 load=1.64
0164.replicate.LP_238_44_6.no-card.1.candidate 0.404s o 6 load=1.67
0165.replicate.LP_238_44_6.no-card.1.baseline 1.204s o 6 load=1.67
0166.replicate.LP_238_44_6.no-card.2.baseline 1.206s o 6 load=1.67
0167.replicate.LP_238_44_6.no-card.2.candidate 0.407s o 6 load=1.67
0168.replicate.LP_238_44_6.no-card.3.candidate 0.411s o 6 load=1.67
0169.replicate.LP_238_44_6.no-card.3.baseline 1.204s o 6 load=1.67
0170.replicate.LP_238_44_6.no-card.4.baseline 1.199s o 6 load=1.61
0171.replicate.LP_238_44_6.no-card.4.candidate 0.403s o 6 load=1.61
0172.replicate.LP_238_44_6.no-card.5.candidate 0.407s o 6 load=1.61
0173.replicate.LP_238_44_6.no-card.5.baseline 1.197s o 6 load=1.61
0174.replicate.LP_238_44_6.no-card.6.baseline 1.226s o 6 load=1.61
0175.replicate.LP_238_44_6.no-card.6.candidate 0.410s o 6 load=1.61
0176.replicate.LP_238_44_6.no-card.7.candidate 0.414s o 6 load=1.56
0177.replicate.LP_238_44_6.no-card.7.baseline 1.198s o 6 load=1.56
0178.replicate.LP_238_44_6.no-card.8.baseline 1.210s o 6 load=1.56
0179.replicate.LP_238_44_6.no-card.8.candidate 0.414s o 6 load=1.56
0180.replicate.LP_238_44_6.no-card.9.candidate 0.407s o 6 load=1.56
0181.replicate.LP_238_44_6.no-card.9.baseline 1.195s o 6 load=1.56
0182.gate.LP_238_44_6.card-mto.0.baseline 1.144s o 6 load=1.84
0183.gate.LP_238_44_6.card-mto.0.candidate 0.453s o 6 load=1.84
0184.gate.LP_238_44_6.card-mto.1.candidate 0.462s o 6 load=1.84
0185.gate.LP_238_44_6.card-mto.1.baseline 1.151s o 6 load=1.84
0186.gate.LP_238_44_6.card-mto.2.baseline 1.146s o 6 load=1.84
0187.gate.LP_238_44_6.card-mto.2.candidate 0.462s o 6 load=1.84
0188.replicate.LP_238_44_6.card-mto.0.baseline 1.154s o 6 load=1.77
0189.replicate.LP_238_44_6.card-mto.0.candidate 0.455s o 6 load=1.77
0190.replicate.LP_238_44_6.card-mto.1.candidate 0.451s o 6 load=1.77
0191.replicate.LP_238_44_6.card-mto.1.baseline 1.155s o 6 load=1.77
0192.replicate.LP_238_44_6.card-mto.2.baseline 1.147s o 6 load=1.77
0193.replicate.LP_238_44_6.card-mto.2.candidate 0.453s o 6 load=1.77
0194.replicate.LP_238_44_6.card-mto.3.candidate 0.457s o 6 load=1.77
0195.replicate.LP_238_44_6.card-mto.3.baseline 1.178s o 6 load=1.87
0196.replicate.LP_238_44_6.card-mto.4.baseline 1.146s o 6 load=1.87
0197.replicate.LP_238_44_6.card-mto.4.candidate 0.453s o 6 load=1.87
0198.replicate.LP_238_44_6.card-mto.5.candidate 0.463s o 6 load=1.87
0199.replicate.LP_238_44_6.card-mto.5.baseline 1.148s o 6 load=1.87
0200.replicate.LP_238_44_6.card-mto.6.baseline 1.165s o 6 load=1.87
0201.replicate.LP_238_44_6.card-mto.6.candidate 0.450s o 6 load=1.80
0202.replicate.LP_238_44_6.card-mto.7.candidate 0.461s o 6 load=1.80
0203.replicate.LP_238_44_6.card-mto.7.baseline 1.139s o 6 load=1.80
0204.replicate.LP_238_44_6.card-mto.8.baseline 1.148s o 6 load=1.80
0205.replicate.LP_238_44_6.card-mto.8.candidate 0.455s o 6 load=1.80
0206.replicate.LP_238_44_6.card-mto.9.candidate 0.457s o 6 load=1.80
0207.replicate.LP_238_44_6.card-mto.9.baseline 1.143s o 6 load=1.73
{
 "stopped": null,
 "n_samples": 208,
 "finished": "2026-10-09T19:25:12+0800",
 "binary_sha256_after": {
  "baseline": "3f2fbc4215e17c4a5b5e62d1f10f99619bdf6efaea7881acb46157effe78c9dc",
  "candidate": "67a7a7d78ebfae4690365d8a954cfa6e821a40cdcb8b346ec704792fe7bd165e"
 },
 "input_sha256_after_ok": true
}
gate no-card geomean 0.39607 envelope 0.40019 positive True flags []
gate card-mto geomean 0.41489 envelope 0.41765 positive True flags []
replicate no-card geomean 0.39498 envelope 0.40263 positive True flags []
replicate card-mto geomean 0.415 envelope 0.42296 positive True flags []
exit=0
