0000.gate.LP_340_56_8.no-card.0.baseline 85.786s o 8 load=1.77
0001.gate.LP_340_56_8.no-card.0.candidate 2.544s o 8 load=1.85
0002.gate.LP_340_56_8.no-card.1.candidate 2.532s o 8 load=1.86
0003.gate.LP_340_56_8.no-card.1.baseline 85.692s o 8 load=1.86
0004.gate.LP_340_56_8.no-card.2.baseline 85.412s o 8 load=1.54
0005.gate.LP_340_56_8.no-card.2.candidate 2.536s o 8 load=1.44
0006.gate.LP_340_56_8.card-mto.0.baseline 59.448s o 8 load=1.41
0007.gate.LP_340_56_8.card-mto.0.candidate 2.815s o 8 load=1.40
0008.gate.LP_340_56_8.card-mto.1.candidate 2.814s o 8 load=1.37
0009.gate.LP_340_56_8.card-mto.1.baseline 59.430s o 8 load=1.34
0010.gate.LP_340_56_8.card-mto.2.baseline 59.477s o 8 load=1.59
0011.gate.LP_340_56_8.card-mto.2.candidate 2.821s o 8 load=1.62
{
 "stopped": null,
 "n_samples": 12,
 "finished": "2026-10-09T19:33:05+0800",
 "binary_sha256_after": {
  "baseline": "3f2fbc4215e17c4a5b5e62d1f10f99619bdf6efaea7881acb46157effe78c9dc",
  "candidate": "67a7a7d78ebfae4690365d8a954cfa6e821a40cdcb8b346ec704792fe7bd165e"
 },
 "input_sha256_after_ok": true
}
gate no-card geomean 0.02959 envelope 0.02979 positive True flags []
gate card-mto geomean 0.04736 envelope 0.04747 positive True flags []
exit=0
