0000.gate.BB_90_8_10.no-card.0.baseline 0.137s o 10 load=1.26
0001.gate.BB_90_8_10.no-card.0.candidate 0.138s o 10 load=1.26
0002.gate.BB_90_8_10.no-card.1.candidate 0.137s o 10 load=1.26
0003.gate.BB_90_8_10.no-card.1.baseline 0.137s o 10 load=1.26
0004.gate.BB_90_8_10.no-card.2.baseline 0.137s o 10 load=1.26
0005.gate.BB_90_8_10.no-card.2.candidate 0.138s o 10 load=1.26
0006.replicate.BB_90_8_10.no-card.0.baseline 0.149s o 10 load=1.26
0007.replicate.BB_90_8_10.no-card.0.candidate 0.137s o 10 load=1.26
0008.replicate.BB_90_8_10.no-card.1.candidate 0.137s o 10 load=1.26
0009.replicate.BB_90_8_10.no-card.1.baseline 0.137s o 10 load=1.26
0010.replicate.BB_90_8_10.no-card.2.baseline 0.151s o 10 load=1.24
0011.replicate.BB_90_8_10.no-card.2.candidate 0.137s o 10 load=1.24
0012.replicate.BB_90_8_10.no-card.3.candidate 0.150s o 10 load=1.24
0013.replicate.BB_90_8_10.no-card.3.baseline 0.137s o 10 load=1.24
0014.replicate.BB_90_8_10.no-card.4.baseline 0.151s o 10 load=1.24
0015.replicate.BB_90_8_10.no-card.4.candidate 0.137s o 10 load=1.24
0016.replicate.BB_90_8_10.no-card.5.candidate 0.137s o 10 load=1.24
0017.replicate.BB_90_8_10.no-card.5.baseline 0.137s o 10 load=1.24
0018.replicate.BB_90_8_10.no-card.6.baseline 0.137s o 10 load=1.24
0019.replicate.BB_90_8_10.no-card.6.candidate 0.137s o 10 load=1.24
0020.replicate.BB_90_8_10.no-card.7.candidate 0.151s o 10 load=1.24
0021.replicate.BB_90_8_10.no-card.7.baseline 0.137s o 10 load=1.24
0022.replicate.BB_90_8_10.no-card.8.baseline 0.143s o 10 load=1.24
0023.replicate.BB_90_8_10.no-card.8.candidate 0.138s o 10 load=1.24
0024.replicate.BB_90_8_10.no-card.9.candidate 0.138s o 10 load=1.24
0025.replicate.BB_90_8_10.no-card.9.baseline 0.149s o 10 load=1.24
0026.gate.BB_90_8_10.card-mto.0.baseline 0.137s o 10 load=1.24
0027.gate.BB_90_8_10.card-mto.0.candidate 0.137s o 10 load=1.24
0028.gate.BB_90_8_10.card-mto.1.candidate 0.137s o 10 load=1.24
0029.gate.BB_90_8_10.card-mto.1.baseline 0.134s o 10 load=1.24
0030.gate.BB_90_8_10.card-mto.2.baseline 0.137s o 10 load=1.24
0031.gate.BB_90_8_10.card-mto.2.candidate 0.138s o 10 load=1.24
0032.replicate.BB_90_8_10.card-mto.0.baseline 0.138s o 10 load=1.24
0033.replicate.BB_90_8_10.card-mto.0.candidate 0.138s o 10 load=1.24
0034.replicate.BB_90_8_10.card-mto.1.candidate 0.137s o 10 load=1.24
0035.replicate.BB_90_8_10.card-mto.1.baseline 0.138s o 10 load=1.24
0036.replicate.BB_90_8_10.card-mto.2.baseline 0.134s o 10 load=1.24
0037.replicate.BB_90_8_10.card-mto.2.candidate 0.138s o 10 load=1.24
0038.replicate.BB_90_8_10.card-mto.3.candidate 0.138s o 10 load=1.24
0039.replicate.BB_90_8_10.card-mto.3.baseline 0.137s o 10 load=1.24
0040.replicate.BB_90_8_10.card-mto.4.baseline 0.133s o 10 load=1.24
0041.replicate.BB_90_8_10.card-mto.4.candidate 0.136s o 10 load=1.24
0042.replicate.BB_90_8_10.card-mto.5.candidate 0.137s o 10 load=1.24
0043.replicate.BB_90_8_10.card-mto.5.baseline 0.136s o 10 load=1.24
0044.replicate.BB_90_8_10.card-mto.6.baseline 0.136s o 10 load=1.22
0045.replicate.BB_90_8_10.card-mto.6.candidate 0.137s o 10 load=1.22
0046.replicate.BB_90_8_10.card-mto.7.candidate 0.137s o 10 load=1.22
0047.replicate.BB_90_8_10.card-mto.7.baseline 0.138s o 10 load=1.22
0048.replicate.BB_90_8_10.card-mto.8.baseline 0.135s o 10 load=1.22
0049.replicate.BB_90_8_10.card-mto.8.candidate 0.138s o 10 load=1.22
0050.replicate.BB_90_8_10.card-mto.9.candidate 0.137s o 10 load=1.22
0051.replicate.BB_90_8_10.card-mto.9.baseline 0.137s o 10 load=1.22
0052.gate.GB_144_12_8.no-card.0.baseline 0.092s o 8 load=1.22
0053.gate.GB_144_12_8.no-card.0.candidate 0.092s o 8 load=1.22
0054.gate.GB_144_12_8.no-card.1.candidate 0.092s o 8 load=1.22
0055.gate.GB_144_12_8.no-card.1.baseline 0.091s o 8 load=1.22
0056.gate.GB_144_12_8.no-card.2.baseline 0.092s o 8 load=1.22
0057.gate.GB_144_12_8.no-card.2.candidate 0.092s o 8 load=1.22
0058.replicate.GB_144_12_8.no-card.0.baseline 0.088s o 8 load=1.22
0059.replicate.GB_144_12_8.no-card.0.candidate 0.091s o 8 load=1.22
0060.replicate.GB_144_12_8.no-card.1.candidate 0.090s o 8 load=1.22
0061.replicate.GB_144_12_8.no-card.1.baseline 0.093s o 8 load=1.22
0062.replicate.GB_144_12_8.no-card.2.baseline 0.092s o 8 load=1.22
0063.replicate.GB_144_12_8.no-card.2.candidate 0.093s o 8 load=1.22
0064.replicate.GB_144_12_8.no-card.3.candidate 0.092s o 8 load=1.22
0065.replicate.GB_144_12_8.no-card.3.baseline 0.092s o 8 load=1.22
0066.replicate.GB_144_12_8.no-card.4.baseline 0.093s o 8 load=1.22
0067.replicate.GB_144_12_8.no-card.4.candidate 0.092s o 8 load=1.22
0068.replicate.GB_144_12_8.no-card.5.candidate 0.093s o 8 load=1.22
0069.replicate.GB_144_12_8.no-card.5.baseline 0.093s o 8 load=1.22
0070.replicate.GB_144_12_8.no-card.6.baseline 0.090s o 8 load=1.22
0071.replicate.GB_144_12_8.no-card.6.candidate 0.093s o 8 load=1.22
0072.replicate.GB_144_12_8.no-card.7.candidate 0.091s o 8 load=1.22
0073.replicate.GB_144_12_8.no-card.7.baseline 0.093s o 8 load=1.22
0074.replicate.GB_144_12_8.no-card.8.baseline 0.092s o 8 load=1.22
0075.replicate.GB_144_12_8.no-card.8.candidate 0.092s o 8 load=1.22
0076.replicate.GB_144_12_8.no-card.9.candidate 0.091s o 8 load=1.22
0077.replicate.GB_144_12_8.no-card.9.baseline 0.092s o 8 load=1.22
0078.gate.GB_144_12_8.card-mto.0.baseline 0.077s o 8 load=1.22
0079.gate.GB_144_12_8.card-mto.0.candidate 0.078s o 8 load=1.22
0080.gate.GB_144_12_8.card-mto.1.candidate 0.078s o 8 load=1.22
0081.gate.GB_144_12_8.card-mto.1.baseline 0.078s o 8 load=1.22
0082.gate.GB_144_12_8.card-mto.2.baseline 0.078s o 8 load=1.22
0083.gate.GB_144_12_8.card-mto.2.candidate 0.077s o 8 load=1.22
0084.replicate.GB_144_12_8.card-mto.0.baseline 0.077s o 8 load=1.22
0085.replicate.GB_144_12_8.card-mto.0.candidate 0.078s o 8 load=1.22
0086.replicate.GB_144_12_8.card-mto.1.candidate 0.078s o 8 load=1.22
0087.replicate.GB_144_12_8.card-mto.1.baseline 0.077s o 8 load=1.22
0088.replicate.GB_144_12_8.card-mto.2.baseline 0.077s o 8 load=1.22
0089.replicate.GB_144_12_8.card-mto.2.candidate 0.078s o 8 load=1.22
0090.replicate.GB_144_12_8.card-mto.3.candidate 0.078s o 8 load=1.20
0091.replicate.GB_144_12_8.card-mto.3.baseline 0.078s o 8 load=1.20
0092.replicate.GB_144_12_8.card-mto.4.baseline 0.074s o 8 load=1.20
0093.replicate.GB_144_12_8.card-mto.4.candidate 0.077s o 8 load=1.20
0094.replicate.GB_144_12_8.card-mto.5.candidate 0.077s o 8 load=1.20
0095.replicate.GB_144_12_8.card-mto.5.baseline 0.077s o 8 load=1.20
0096.replicate.GB_144_12_8.card-mto.6.baseline 0.078s o 8 load=1.20
0097.replicate.GB_144_12_8.card-mto.6.candidate 0.078s o 8 load=1.20
0098.replicate.GB_144_12_8.card-mto.7.candidate 0.076s o 8 load=1.20
0099.replicate.GB_144_12_8.card-mto.7.baseline 0.078s o 8 load=1.20
0100.replicate.GB_144_12_8.card-mto.8.baseline 0.076s o 8 load=1.20
0101.replicate.GB_144_12_8.card-mto.8.candidate 0.078s o 8 load=1.20
0102.replicate.GB_144_12_8.card-mto.9.candidate 0.077s o 8 load=1.20
0103.replicate.GB_144_12_8.card-mto.9.baseline 0.077s o 8 load=1.20
0104.gate.BB_108_8_10.no-card.0.baseline 0.359s o 10 load=1.20
0105.gate.BB_108_8_10.no-card.0.candidate 0.348s o 10 load=1.20
0106.gate.BB_108_8_10.no-card.1.candidate 0.348s o 10 load=1.20
0107.gate.BB_108_8_10.no-card.1.baseline 0.347s o 10 load=1.20
0108.gate.BB_108_8_10.no-card.2.baseline 0.360s o 10 load=1.20
0109.gate.BB_108_8_10.no-card.2.candidate 0.355s o 10 load=1.20
0110.replicate.BB_108_8_10.no-card.0.baseline 0.352s o 10 load=1.20
0111.replicate.BB_108_8_10.no-card.0.candidate 0.354s o 10 load=1.20
0112.replicate.BB_108_8_10.no-card.1.candidate 0.369s o 10 load=1.20
0113.replicate.BB_108_8_10.no-card.1.baseline 0.354s o 10 load=1.20
0114.replicate.BB_108_8_10.no-card.2.baseline 0.346s o 10 load=1.20
0115.replicate.BB_108_8_10.no-card.2.candidate 0.361s o 10 load=1.19
0116.replicate.BB_108_8_10.no-card.3.candidate 0.360s o 10 load=1.19
0117.replicate.BB_108_8_10.no-card.3.baseline 0.348s o 10 load=1.19
0118.replicate.BB_108_8_10.no-card.4.baseline 0.347s o 10 load=1.19
0119.replicate.BB_108_8_10.no-card.4.candidate 0.352s o 10 load=1.19
0120.replicate.BB_108_8_10.no-card.5.candidate 0.348s o 10 load=1.19
0121.replicate.BB_108_8_10.no-card.5.baseline 0.361s o 10 load=1.19
0122.replicate.BB_108_8_10.no-card.6.baseline 0.346s o 10 load=1.19
0123.replicate.BB_108_8_10.no-card.6.candidate 0.358s o 10 load=1.19
0124.replicate.BB_108_8_10.no-card.7.candidate 0.359s o 10 load=1.19
0125.replicate.BB_108_8_10.no-card.7.baseline 0.355s o 10 load=1.19
0126.replicate.BB_108_8_10.no-card.8.baseline 0.347s o 10 load=1.19
0127.replicate.BB_108_8_10.no-card.8.candidate 0.347s o 10 load=1.19
0128.replicate.BB_108_8_10.no-card.9.candidate 0.348s o 10 load=1.25
0129.replicate.BB_108_8_10.no-card.9.baseline 0.346s o 10 load=1.25
0130.gate.BB_108_8_10.card-mto.0.baseline 0.450s o 10 load=1.25
0131.gate.BB_108_8_10.card-mto.0.candidate 0.452s o 10 load=1.25
0132.gate.BB_108_8_10.card-mto.1.candidate 0.452s o 10 load=1.25
0133.gate.BB_108_8_10.card-mto.1.baseline 0.490s o 10 load=1.25
0134.gate.BB_108_8_10.card-mto.2.baseline 0.468s o 10 load=1.25
0135.gate.BB_108_8_10.card-mto.2.candidate 0.455s o 10 load=1.25
0136.replicate.BB_108_8_10.card-mto.0.baseline 0.460s o 10 load=1.25
0137.replicate.BB_108_8_10.card-mto.0.candidate 0.457s o 10 load=1.25
0138.replicate.BB_108_8_10.card-mto.1.candidate 0.448s o 10 load=1.25
0139.replicate.BB_108_8_10.card-mto.1.baseline 0.449s o 10 load=1.25
0140.replicate.BB_108_8_10.card-mto.2.baseline 0.458s o 10 load=1.23
0141.replicate.BB_108_8_10.card-mto.2.candidate 0.452s o 10 load=1.23
0142.replicate.BB_108_8_10.card-mto.3.candidate 0.455s o 10 load=1.23
0143.replicate.BB_108_8_10.card-mto.3.baseline 0.445s o 10 load=1.23
0144.replicate.BB_108_8_10.card-mto.4.baseline 0.450s o 10 load=1.23
0145.replicate.BB_108_8_10.card-mto.4.candidate 0.451s o 10 load=1.23
0146.replicate.BB_108_8_10.card-mto.5.candidate 0.444s o 10 load=1.23
0147.replicate.BB_108_8_10.card-mto.5.baseline 0.461s o 10 load=1.23
0148.replicate.BB_108_8_10.card-mto.6.baseline 0.446s o 10 load=1.23
0149.replicate.BB_108_8_10.card-mto.6.candidate 0.452s o 10 load=1.23
0150.replicate.BB_108_8_10.card-mto.7.candidate 0.449s o 10 load=1.21
0151.replicate.BB_108_8_10.card-mto.7.baseline 0.451s o 10 load=1.21
0152.replicate.BB_108_8_10.card-mto.8.baseline 0.452s o 10 load=1.21
0153.replicate.BB_108_8_10.card-mto.8.candidate 0.449s o 10 load=1.21
0154.replicate.BB_108_8_10.card-mto.9.candidate 0.451s o 10 load=1.21
0155.replicate.BB_108_8_10.card-mto.9.baseline 0.461s o 10 load=1.21
0156.gate.LP_238_44_6.no-card.0.baseline 0.392s o 6 load=1.21
0157.gate.LP_238_44_6.no-card.0.candidate 0.395s o 6 load=1.21
0158.gate.LP_238_44_6.no-card.1.candidate 0.405s o 6 load=1.21
0159.gate.LP_238_44_6.no-card.1.baseline 0.400s o 6 load=1.21
0160.gate.LP_238_44_6.no-card.2.baseline 0.396s o 6 load=1.21
0161.gate.LP_238_44_6.no-card.2.candidate 0.405s o 6 load=1.21
0162.replicate.LP_238_44_6.no-card.0.baseline 0.397s o 6 load=1.19
0163.replicate.LP_238_44_6.no-card.0.candidate 0.404s o 6 load=1.19
0164.replicate.LP_238_44_6.no-card.1.candidate 0.405s o 6 load=1.19
0165.replicate.LP_238_44_6.no-card.1.baseline 0.398s o 6 load=1.19
0166.replicate.LP_238_44_6.no-card.2.baseline 0.398s o 6 load=1.19
0167.replicate.LP_238_44_6.no-card.2.candidate 0.405s o 6 load=1.19
0168.replicate.LP_238_44_6.no-card.3.candidate 0.398s o 6 load=1.19
0169.replicate.LP_238_44_6.no-card.3.baseline 0.405s o 6 load=1.19
0170.replicate.LP_238_44_6.no-card.4.baseline 0.403s o 6 load=1.19
0171.replicate.LP_238_44_6.no-card.4.candidate 0.395s o 6 load=1.19
0172.replicate.LP_238_44_6.no-card.5.candidate 0.405s o 6 load=1.19
0173.replicate.LP_238_44_6.no-card.5.baseline 0.404s o 6 load=1.19
0174.replicate.LP_238_44_6.no-card.6.baseline 0.401s o 6 load=1.18
0175.replicate.LP_238_44_6.no-card.6.candidate 0.404s o 6 load=1.18
0176.replicate.LP_238_44_6.no-card.7.candidate 0.398s o 6 load=1.18
0177.replicate.LP_238_44_6.no-card.7.baseline 0.399s o 6 load=1.18
0178.replicate.LP_238_44_6.no-card.8.baseline 0.402s o 6 load=1.18
0179.replicate.LP_238_44_6.no-card.8.candidate 0.393s o 6 load=1.18
0180.replicate.LP_238_44_6.no-card.9.candidate 0.399s o 6 load=1.18
0181.replicate.LP_238_44_6.no-card.9.baseline 0.408s o 6 load=1.18
0182.gate.LP_238_44_6.card-mto.0.baseline 0.389s o 6 load=1.18
0183.gate.LP_238_44_6.card-mto.0.candidate 0.390s o 6 load=1.18
0184.gate.LP_238_44_6.card-mto.1.candidate 0.386s o 6 load=1.18
0185.gate.LP_238_44_6.card-mto.1.baseline 0.381s o 6 load=1.18
0186.gate.LP_238_44_6.card-mto.2.baseline 0.388s o 6 load=1.56
0187.gate.LP_238_44_6.card-mto.2.candidate 0.391s o 6 load=1.56
0188.replicate.LP_238_44_6.card-mto.0.baseline 0.392s o 6 load=1.56
0189.replicate.LP_238_44_6.card-mto.0.candidate 0.390s o 6 load=1.56
0190.replicate.LP_238_44_6.card-mto.1.candidate 0.385s o 6 load=1.56
0191.replicate.LP_238_44_6.card-mto.1.baseline 0.389s o 6 load=1.56
0192.replicate.LP_238_44_6.card-mto.2.baseline 0.390s o 6 load=1.56
0193.replicate.LP_238_44_6.card-mto.2.candidate 0.389s o 6 load=1.56
0194.replicate.LP_238_44_6.card-mto.3.candidate 0.383s o 6 load=1.56
0195.replicate.LP_238_44_6.card-mto.3.baseline 0.390s o 6 load=1.56
0196.replicate.LP_238_44_6.card-mto.4.baseline 0.389s o 6 load=1.56
0197.replicate.LP_238_44_6.card-mto.4.candidate 0.380s o 6 load=1.56
0198.replicate.LP_238_44_6.card-mto.5.candidate 0.385s o 6 load=1.56
0199.replicate.LP_238_44_6.card-mto.5.baseline 0.391s o 6 load=1.52
0200.replicate.LP_238_44_6.card-mto.6.baseline 0.389s o 6 load=1.52
0201.replicate.LP_238_44_6.card-mto.6.candidate 0.391s o 6 load=1.52
0202.replicate.LP_238_44_6.card-mto.7.candidate 0.391s o 6 load=1.52
0203.replicate.LP_238_44_6.card-mto.7.baseline 0.393s o 6 load=1.52
0204.replicate.LP_238_44_6.card-mto.8.baseline 0.390s o 6 load=1.52
0205.replicate.LP_238_44_6.card-mto.8.candidate 0.389s o 6 load=1.52
0206.replicate.LP_238_44_6.card-mto.9.candidate 0.395s o 6 load=1.52
0207.replicate.LP_238_44_6.card-mto.9.baseline 0.391s o 6 load=1.52
{
 "stopped": null,
 "n_samples": 208,
 "finished": "2026-10-10T15:57:59+0800",
 "binary_sha256_after": {
  "baseline": "6bdcaa2523cdcbeae5164cedbf54c9ac0f9e64f9a91c3da7ef4b804df393db9d",
  "candidate": "de88d7ffd7bba6900eecd2e75861c3c0aedd92532024317c08db8e397543f9a9"
 },
 "input_sha256_after_ok": true
}
gate no-card geomean 0.99894 envelope 1.0187 positive False flags []
gate card-mto geomean 0.99328 envelope 1.018 positive False flags []
replicate no-card geomean 1.0007 envelope 1.0592 positive False flags []
replicate card-mto geomean 1.00084 envelope 1.0326 positive False flags []
exit=0
