c DistQLDPC — QLDPC/CSS minimum distance (symplectic MaxSAT)
c solver: MaxCDCL, cardinality encoding: MTO only
c Hx: data/matrices/BB_1080_4_54_Hx.txt
c Hz: data/matrices/BB_1080_4_54_Hz.txt
c Gx: data/matrices/BB_1080_4_54_Gx.txt
c Gz: data/matrices/BB_1080_4_54_Gz.txt
c Hx: 540 x 1080, Hz: 540 x 1080, Gx: 4 x 1080, Gz: 4 x 1080, logicals: 8
c Mono: 0, fixed: 0
c |  Eliminated clauses:           0.17 Mb                                      |
c Reduced to 6168 vars, 26058 cls (c/v ratio==4.2, grow=0)
c No iterative elimination performed. (vars=6168, c/v ratio=4.2)
c ============================[ Search Statistics ]==============================
c | Conflicts |          ORIGINAL         |          LEARNT          | Progress |
c |           |    Vars  Clauses Literals |    Limit  Clauses Lit/Cl |          |
c ===============================================================================
c nb soft clauses: 1080, of which 1080 unit, 0 nonUnit and 0 empty
c total nb of literals: 91744
c conflLits 0, conflLits2 0, nbFailedLits 0, fixedVarsBypreproc 0, totalFixedVars 1088
c 1 conflict sets found with length 547
c fixedCost 0, nbSatLits 0, totalFixedVars 1088, objForSearch: 1080

c no UB provided, search from scratch...
c ends of initiationization by VSIDS at 0 conflicts with init 10000

c UB=1 fails, cnfls=0, hcnfls=0, core 0, tier2 0, local 0, quasiC: 0 (fixed: 0)
c prunedLB 0.00, dev 0.00, succRate 0.00, nbSucc 0, nbHardens 1 (fixed 1080), lk: 1, shorten: 0, pureSo 0, nbFlyRd 0, nbFixedLH 0

c Cardinality: 3237 (MTO) for UB 2
c ***** top quasi confl at level 0*****
c ends of initiationization by VSIDS at 4 conflicts with init 9996

c UB=2 fails, cnfls=4, hcnfls=4, core 2, tier2 0, local 0, quasiC: 1 (fixed: 478)
c prunedLB 0.00, dev 0.00, succRate 0.00, nbSucc 0, nbHardens 1 (fixed 1558), lk: 1, shorten: 0, pureSo 0, nbFlyRd 1, nbFixedLH 0

c Cardinality: 6983 (MTO) for UB 4
c nbFailedLits 0, nbI 0, fixedVarsByFL 0, totalFixedVars 1090, nbTested: 1001, counter 70991
c ***** top quasi confl at level 0*****
c ends of initiationization by VSIDS at 2430 conflicts with init 7574

c UB=4 fails, cnfls=2430, hcnfls=414, core 4901, tier2 376, local 1983, quasiC: 142 (fixed: 47820)
c prunedLB 3.12, dev 0.63, succRate 0.81, nbSucc 1897, nbHardens 203 (fixed 238480), lk: 2332, shorten: 0, pureSo 120, nbFlyRd 8, nbFixedLH 23

c Cardinality: 9448 (MTO) for UB 8
c nbFailedLits 0, nbI 0, fixedVarsByFL 0, totalFixedVars 1089, nbTested: 1001, counter 267601
c nbFailedLits 0, nbI 0, fixedVarsByFL 0, totalFixedVars 1092, nbTested: 1001, counter 723404
c nbFailedLits 0, nbI 0, fixedVarsByFL 0, totalFixedVars 1113, nbTested: 1001, counter 1464002
c ends of initiationization by VSIDS at 12438 conflicts with init -8

c DistQLDPC — QLDPC/CSS minimum distance (symplectic MaxSAT)
c solver: MaxCDCL, cardinality encoding: MTO only
c Hx: data/matrices/BB_1080_4_54_Hx.txt
c Hz: data/matrices/BB_1080_4_54_Hz.txt
c Gx: data/matrices/BB_1080_4_54_Gx.txt
c Gz: data/matrices/BB_1080_4_54_Gz.txt
c Hx: 540 x 1080, Hz: 540 x 1080, Gx: 4 x 1080, Gz: 4 x 1080, logicals: 8
c d_lb: 4
c d_ub: -
c status: TIMEOUT (child killed after -cpu-lim)
c d  : UNKNOWN
s UNKNOWN
