c DistQLDPC — QLDPC/CSS minimum distance (symplectic MaxSAT)
c solver: MaxCDCL, cardinality encoding: Sinz only
c Hx: data/matrices/BB_144_14_14_Hx.txt
c Hz: data/matrices/BB_144_14_14_Hz.txt
c Gx: data/matrices/BB_144_14_14_Gx.txt
c Gz: data/matrices/BB_144_14_14_Gz.txt
c Hx: 72 x 144, Hz: 72 x 144, Gx: 14 x 144, Gz: 14 x 144, logicals: 28
c Mono: 0, fixed: 0
c |  Eliminated clauses:           0.05 Mb                                      |
c Reduced to 1323 vars, 7066 cls (c/v ratio==5.3, grow=0)
c No iterative elimination performed. (vars=1323, c/v ratio=5.3)
c ============================[ Search Statistics ]==============================
c | Conflicts |          ORIGINAL         |          LEARNT          | Progress |
c |           |    Vars  Clauses Literals |    Limit  Clauses Lit/Cl |          |
c ===============================================================================
c nb soft clauses: 144, of which 144 unit, 0 nonUnit and 0 empty
c total nb of literals: 26204
c conflLits 0, conflLits2 0, nbFailedLits 0, fixedVarsBypreproc 0, totalFixedVars 172
c 1 conflict sets found with length 82
c fixedCost 0, nbSatLits 0, totalFixedVars 172, objForSearch: 144

c no UB provided, search from scratch...
c ends of initiationization by VSIDS at 0 conflicts with init 10000

c UB=1 fails, cnfls=0, hcnfls=0, core 0, tier2 0, local 0, quasiC: 0 (fixed: 0)
c prunedLB 0.00, dev 0.00, succRate 0.00, nbSucc 0, nbHardens 1 (fixed 144), lk: 1, shorten: 0, pureSo 0, nbFlyRd 0, nbFixedLH 0

c Cardinality: 428 (Sinz) for UB 2
c ***** top quasi confl at level 0*****
c ends of initiationization by VSIDS at 57 conflicts with init 9943

c UB=2 fails, cnfls=57, hcnfls=57, core 17, tier2 8, local 39, quasiC: 1 (fixed: 46)
c prunedLB 0.00, dev 0.00, succRate 0.00, nbSucc 0, nbHardens 1 (fixed 190), lk: 1, shorten: 0, pureSo 0, nbFlyRd 3, nbFixedLH 0

c Cardinality: 990 (Sinz) for UB 4
c nbFailedLits 4, nbI 0, fixedVarsByFL 106, totalFixedVars 282, nbTested: 1643, counter 80595
c ***** top quasi confl at level 0*****
c ends of initiationization by VSIDS at 2225 conflicts with init 7832

c UB=4 fails, cnfls=2225, hcnfls=1461, core 567, tier2 63, local 1598, quasiC: 109 (fixed: 3258)
c prunedLB 3.16, dev 0.51, succRate 0.71, nbSucc 765, nbHardens 1 (fixed 3402), lk: 1084, shorten: 0, pureSo 0, nbFlyRd 9, nbFixedLH 41

c Cardinality: 2090 (Sinz) for UB 8
c nbFailedLits 0, nbI 0, fixedVarsByFL 0, totalFixedVars 172, nbTested: 1001, counter 171109
c nbFailedLits 0, nbI 0, fixedVarsByFL 0, totalFixedVars 172, nbTested: 1001, counter 241729
c nbFailedLits 0, nbI 0, fixedVarsByFL 0, totalFixedVars 193, nbTested: 1001, counter 355843
c ends of initiationization by VSIDS at 12227 conflicts with init -2

c LRB phase 1: conflicts 5494, phase 20000000, starts 29, UP 1270744
c UB=8 fails, cnfls=17721, hcnfls=2114, core 1844, tier2 878, local 3515, quasiC: 2191 (fixed: 92660)
c prunedLB 5.09, dev 0.96, succRate 0.76, nbSucc 14844, nbHardens 1 (fixed 92804), lk: 19466, shorten: 0, pureSo 0, nbFlyRd 65, nbFixedLH 215

c Cardinality: 4194 (Sinz) for UB 16
c nbFailedLits 0, nbI 0, fixedVarsByFL 0, totalFixedVars 172, nbTested: 1001, counter 562077
c nbFailedLits 0, nbI 0, fixedVarsByFL 0, totalFixedVars 172, nbTested: 1001, counter 628589
c nbFailedLits 0, nbI 0, fixedVarsByFL 0, totalFixedVars 172, nbTested: 1001, counter 736899
c ends of initiationization by VSIDS at 27725 conflicts with init -4

c nbFailedLits 0, nbI 0, fixedVarsByFL 0, totalFixedVars 172, nbTested: 1001, counter 931243
c nbFailedLits 0, nbI 0, fixedVarsByFL 0, totalFixedVars 172, nbTested: 1001, counter 1184743
c nbFailedLits 0, nbI 0, fixedVarsByFL 0, totalFixedVars 172, nbTested: 1001, counter 1435966
c nbFailedLits 0, nbI 0, fixedVarsByFL 0, totalFixedVars 172, nbTested: 1001, counter 1789791
c nbFailedLits 0, nbI 0, fixedVarsByFL 0, totalFixedVars 172, nbTested: 1001, counter 2177704
c nbFailedLits 0, nbI 0, fixedVarsByFL 0, totalFixedVars 172, nbTested: 1001, counter 2625013
c LRB phase 2: conflicts 90697, phase 20000000, starts 254, UP 20960413
c nbFailedLits 0, nbI 0, fixedVarsByFL 0, totalFixedVars 172, nbTested: 1001, counter 3135395
c nbFailedLits 0, nbI 0, fixedVarsByFL 0, totalFixedVars 172, nbTested: 1001, counter 3585047
c nbFailedLits 0, nbI 0, fixedVarsByFL 0, totalFixedVars 172, nbTested: 1001, counter 4114469
c nbFailedLits 0, nbI 0, fixedVarsByFL 0, totalFixedVars 172, nbTested: 1001, counter 4692418
c VSIDS phase 1: conflicts 88110, phase 20000000, starts 416, UP 20068293
c nbFailedLits 0, nbI 0, fixedVarsByFL 0, totalFixedVars 172, nbTested: 1001, counter 5508872
c UB=16 succs, confls=242137, hconfls=4215, core 3545, tier2 5896, local 28872,  14 soft cls unsat (0 at L0), 172 fixed vars at L0, softCnfl 0, nbFlyRd 432, nbFixedLH 1536
c nbHardens 1 (fixed 2261730), shorten: 0, prunedLB 7.82, dev 1.39, succRate 0.72, nbSucc 222315, lk: 308704, shorten: 0, quasiC: 49821 (fixed: 2261586)


c Cardinality: 3680 (Sinz) for UB 14
c nbFailedLits 0, nbI 0, fixedVarsByFL 0, totalFixedVars 172, nbTested: 1001, counter 6096700
c nbFailedLits 0, nbI 0, fixedVarsByFL 0, totalFixedVars 172, nbTested: 1001, counter 6904006
c nbFailedLits 0, nbI 0, fixedVarsByFL 0, totalFixedVars 172, nbTested: 1001, counter 7876775
c nbFailedLits 0, nbI 0, fixedVarsByFL 0, totalFixedVars 172, nbTested: 1001, counter 8849736
c LRB phase 3: conflicts 164699, phase 40000000, starts 337, UP 40027710
c nbFailedLits 0, nbI 0, fixedVarsByFL 0, totalFixedVars 172, nbTested: 1001, counter 9620889
c nbFailedLits 0, nbI 0, fixedVarsByFL 0, totalFixedVars 172, nbTested: 1001, counter 10520374
c nbFailedLits 0, nbI 0, fixedVarsByFL 0, totalFixedVars 172, nbTested: 1001, counter 11431393
c nbFailedLits 0, nbI 0, fixedVarsByFL 0, totalFixedVars 172, nbTested: 1001, counter 12402556
c nbFailedLits 0, nbI 0, fixedVarsByFL 0, totalFixedVars 172, nbTested: 1001, counter 13425908
c VSIDS phase 2: conflicts 177781, phase 40000000, starts 745, UP 40029996
c DistQLDPC — QLDPC/CSS minimum distance (symplectic MaxSAT)
c solver: MaxCDCL, cardinality encoding: Sinz only
c Hx: data/matrices/BB_144_14_14_Hx.txt
c Hz: data/matrices/BB_144_14_14_Hz.txt
c Gx: data/matrices/BB_144_14_14_Gx.txt
c Gz: data/matrices/BB_144_14_14_Gz.txt
c Hx: 72 x 144, Hz: 72 x 144, Gx: 14 x 144, Gz: 14 x 144, logicals: 28
c d_lb: 8
c d_ub: 14
c status: TIMEOUT (child killed after -cpu-lim)
c d  : UNKNOWN
s UNKNOWN
