c DistQLDPC — QLDPC/CSS minimum distance (symplectic MaxSAT)
c solver: MaxCDCL, cardinality encoding: Sinz only
c Hx: data/matrices/GB_144_12_8_Hx.txt
c Hz: data/matrices/GB_144_12_8_Hz.txt
c Gx: data/matrices/GB_144_12_8_Gx.txt
c Gz: data/matrices/GB_144_12_8_Gz.txt
c Hx: 66 x 144, Hz: 66 x 144, Gx: 12 x 144, Gz: 12 x 144, logicals: 24
c Mono: 0, fixed: 0
c |  Eliminated clauses:           0.04 Mb                                      |
c Reduced to 1007 vars, 4942 cls (c/v ratio==4.9, grow=0)
c No iterative elimination performed. (vars=1007, c/v ratio=4.9)
c ============================[ Search Statistics ]==============================
c | Conflicts |          ORIGINAL         |          LEARNT          | Progress |
c |           |    Vars  Clauses Literals |    Limit  Clauses Lit/Cl |          |
c ===============================================================================
c nb soft clauses: 144, of which 144 unit, 0 nonUnit and 0 empty
c total nb of literals: 18204
c conflLits 0, conflLits2 0, nbFailedLits 0, fixedVarsBypreproc 0, totalFixedVars 156
c 1 conflict sets found with length 81
c fixedCost 0, nbSatLits 0, totalFixedVars 156, objForSearch: 144

c no UB provided, search from scratch...
c ends of initiationization by VSIDS at 0 conflicts with init 10000

c UB=1 fails, cnfls=0, hcnfls=0, core 0, tier2 0, local 0, quasiC: 0 (fixed: 0)
c prunedLB 0.00, dev 0.00, succRate 0.00, nbSucc 0, nbHardens 1 (fixed 144), lk: 1, shorten: 0, pureSo 0, nbFlyRd 0, nbFixedLH 0

c Cardinality: 428 (Sinz) for UB 2
c ***** top quasi confl at level 0*****
c ends of initiationization by VSIDS at 23 conflicts with init 9977

c UB=2 fails, cnfls=23, hcnfls=23, core 10, tier2 2, local 11, quasiC: 1 (fixed: 53)
c prunedLB 0.00, dev 0.00, succRate 0.00, nbSucc 0, nbHardens 1 (fixed 197), lk: 1, shorten: 0, pureSo 0, nbFlyRd 3, nbFixedLH 0

c Cardinality: 990 (Sinz) for UB 4
c nbFailedLits 8, nbI 65, fixedVarsByFL 140, totalFixedVars 298, nbTested: 1299, counter 68476
c ends of initiationization by VSIDS at 1475 conflicts with init 8548

c UB=4 fails, cnfls=1475, hcnfls=1248, core 669, tier2 135, local 709, quasiC: 28 (fixed: 1034)
c prunedLB 2.94, dev 0.50, succRate 0.79, nbSucc 228, nbHardens 1 (fixed 1178), lk: 289, shorten: 0, pureSo 0, nbFlyRd 13, nbFixedLH 14

c Cardinality: 2090 (Sinz) for UB 8
c nbFailedLits 0, nbI 0, fixedVarsByFL 0, totalFixedVars 156, nbTested: 1001, counter 113784
c nbFailedLits 0, nbI 0, fixedVarsByFL 0, totalFixedVars 167, nbTested: 1001, counter 191374
c ends of initiationization by VSIDS at 7510 conflicts with init 3965

c UB=8 fails, cnfls=7510, hcnfls=1585, core 1747, tier2 224, local 3493, quasiC: 731 (fixed: 32636)
c prunedLB 5.15, dev 1.06, succRate 0.76, nbSucc 5699, nbHardens 1 (fixed 32780), lk: 7495, shorten: 0, pureSo 0, nbFlyRd 44, nbFixedLH 89

c Cardinality: 4194 (Sinz) for UB 16
c nbFailedLits 0, nbI 0, fixedVarsByFL 0, totalFixedVars 156, nbTested: 1001, counter 270361
c nbFailedLits 0, nbI 0, fixedVarsByFL 0, totalFixedVars 156, nbTested: 1001, counter 344968
c UB=16 succs, confls=12709, hconfls=1657, core 521, tier2 22, local 4708,  14 soft cls unsat (0 at L0), 156 fixed vars at L0, softCnfl 0, nbFlyRd 67, nbFixedLH 124
c nbHardens 1 (fixed 82197), shorten: 0, prunedLB 9.56, dev 1.33, succRate 0.71, nbSucc 5127, lk: 7194, shorten: 0, quasiC: 1798 (fixed: 82053)

c ends of initiationization by VSIDS at 12709 conflicts with init 4801


c Cardinality: 3680 (Sinz) for UB 14
c UB=14 succs, confls=12798, hconfls=1688, core 525, tier2 29, local 4800,  8 soft cls unsat (0 at L0), 156 fixed vars at L0, softCnfl 0, nbFlyRd 74, nbFixedLH 135
c nbHardens 1 (fixed 82304), shorten: 0, prunedLB 8.98, dev 1.97, succRate 0.44, nbSucc 58, lk: 131, shorten: 0, quasiC: 1814 (fixed: 82160)

c LRB phase 1: conflicts 89, phase 20000000, starts 1, UP 21622
c UB=8 fails, cnfls=12798, hcnfls=1688, core 525, tier2 29, local 4800, quasiC: 1814 (fixed: 82160)
c prunedLB 0.00, dev 0.00, succRate 0.00, nbSucc 0, nbHardens 1 (fixed 82304), lk: 0, shorten: 0, pureSo 0, nbFlyRd 74, nbFixedLH 135
c ===============================================================================
c initCost: 0, fixedBySearch: 0, optimal: 8, maxsat: 136, hardConflicts: 1688
c nbLK: 15111, nbSuccLK: 11112(73.54%), nbLKup: 16701439(588.30%), hardens 1 (fixed 82304), dynVars 3821, shorten: 0
c MaxSAT: OPTIMAL, Pauli weight 8 (reported cost 8), vars 5560 (base 456 + aux 1283)
c DistQLDPC — QLDPC/CSS minimum distance (symplectic MaxSAT)
c solver: MaxCDCL, cardinality encoding: Sinz only
c Hx: data/matrices/GB_144_12_8_Hx.txt
c Hz: data/matrices/GB_144_12_8_Hz.txt
c Gx: data/matrices/GB_144_12_8_Gx.txt
c Gz: data/matrices/GB_144_12_8_Gz.txt
c Hx: 66 x 144, Hz: 66 x 144, Gx: 12 x 144, Gz: 12 x 144, logicals: 24
c d_lb: 8
c d_ub: 8
c d  : 8
o 8
