c DistQLDPC — QLDPC/CSS minimum distance (symplectic MaxSAT)
c solver: MaxCDCL, cardinality encoding: off (soft-conflict only)
c Hx: data/matrices/LP_1768_224_unknown_Hx.txt
c Hz: data/matrices/LP_1768_224_unknown_Hz.txt
c Gx: data/matrices/LP_1768_224_unknown_Gx.txt
c Gz: data/matrices/LP_1768_224_unknown_Gz.txt
c Hx: 780 x 1768, Hz: 780 x 1768, Gx: 224 x 1768, Gz: 224 x 1768, logicals: 448
c Mono: 0, fixed: 0
c |  Eliminated clauses:           1.46 Mb                                      |
c Reduced to 31196 vars, 194106 cls (c/v ratio==6.2, grow=0)
c |  Eliminated clauses:           1.46 Mb                                      |
c No. effective iterative eliminations: 0
c ============================[ Search Statistics ]==============================
c | Conflicts |          ORIGINAL         |          LEARNT          | Progress |
c |           |    Vars  Clauses Literals |    Limit  Clauses Lit/Cl |          |
c ===============================================================================
c nb soft clauses: 1768, of which 1768 unit, 0 nonUnit and 0 empty
c total nb of literals: 740744
c conflLits 0, conflLits2 0, nbFailedLits 0, fixedVarsBypreproc 0, totalFixedVars 2008
c 1 conflict sets found with length 1091
c fixedCost 0, nbSatLits 0, totalFixedVars 2008, objForSearch: 1768

c no UB provided, search from scratch...
c ends of initiationization by VSIDS at 0 conflicts with init 10000

c UB=1 fails, cnfls=0, hcnfls=0, core 0, tier2 0, local 0, quasiC: 0 (fixed: 0)
c prunedLB 0.00, dev 0.00, succRate 0.00, nbSucc 0, nbHardens 1 (fixed 1768), lk: 1, shorten: 0, pureSo 0, nbFlyRd 0, nbFixedLH 0

c Cardinality: off (soft-conflict only), UB 2
c ***** top quasi confl at level 0*****
c ***** top quasi confl at level 0*****
c ends of initiationization by VSIDS at 236 conflicts with init 9764

c UB=2 fails, cnfls=236, hcnfls=219, core 2064, tier2 7, local 113, quasiC: 2 (fixed: 907)
c prunedLB 2.00, dev 0.00, succRate 0.67, nbSucc 4, nbHardens 203 (fixed 147621), lk: 6, shorten: 0, pureSo 14, nbFlyRd 2, nbFixedLH 0

c Cardinality: off (soft-conflict only), UB 4
c nbFailedLits 0, nbI 0, fixedVarsByFL 0, totalFixedVars 2012, nbTested: 1001, counter 166499
c nbFailedLits 0, nbI 0, fixedVarsByFL 0, totalFixedVars 2025, nbTested: 1001, counter 533507
c nbFailedLits 0, nbI 0, fixedVarsByFL 0, totalFixedVars 2046, nbTested: 1001, counter 1074269
c ends of initiationization by VSIDS at 10243 conflicts with init -7

c nbFailedLits 0, nbI 0, fixedVarsByFL 0, totalFixedVars 2051, nbTested: 1001, counter 2368541
c LRB phase 1: conflicts 8389, phase 20000000, starts 31, UP 5571157
c UB=4 fails, cnfls=18632, hcnfls=1650, core 21556, tier2 726, local 9448, quasiC: 1483 (fixed: 650374)
c prunedLB 3.02, dev 0.64, succRate 0.82, nbSucc 15139, nbHardens 1070 (fixed 1614857), lk: 18519, shorten: 0, pureSo 1841, nbFlyRd 47, nbFixedLH 100

c Cardinality: off (soft-conflict only), UB 8
c nbFailedLits 0, nbI 0, fixedVarsByFL 0, totalFixedVars 2011, nbTested: 1001, counter 2943427
c nbFailedLits 0, nbI 0, fixedVarsByFL 0, totalFixedVars 2013, nbTested: 1001, counter 3139210
c nbFailedLits 0, nbI 0, fixedVarsByFL 0, totalFixedVars 2032, nbTested: 1001, counter 3536726
c ends of initiationization by VSIDS at 28662 conflicts with init -30

c DistQLDPC — QLDPC/CSS minimum distance (symplectic MaxSAT)
c solver: MaxCDCL, cardinality encoding: off (soft-conflict only)
c Hx: data/matrices/LP_1768_224_unknown_Hx.txt
c Hz: data/matrices/LP_1768_224_unknown_Hz.txt
c Gx: data/matrices/LP_1768_224_unknown_Gx.txt
c Gz: data/matrices/LP_1768_224_unknown_Gz.txt
c Hx: 780 x 1768, Hz: 780 x 1768, Gx: 224 x 1768, Gz: 224 x 1768, logicals: 448
c d_lb: 4
c d_ub: -
c status: TIMEOUT (child killed after -cpu-lim)
c d  : UNKNOWN
s UNKNOWN
