c DistQLDPC — QLDPC/CSS minimum distance (symplectic MaxSAT)
c solver: MaxCDCL, cardinality encoding: Sinz+MTO (default, Sinz if n<=100)
c Hx: data/matrices/LP_1768_224_unknown_Hx.txt
c Hz: data/matrices/LP_1768_224_unknown_Hz.txt
c Gx: data/matrices/LP_1768_224_unknown_Gx.txt
c Gz: data/matrices/LP_1768_224_unknown_Gz.txt
c Hx: 780 x 1768, Hz: 780 x 1768, Gx: 224 x 1768, Gz: 224 x 1768, logicals: 448
c Mono: 0, fixed: 0
c |  Eliminated clauses:           1.46 Mb                                      |
c Reduced to 31196 vars, 194106 cls (c/v ratio==6.2, grow=0)
c |  Eliminated clauses:           1.46 Mb                                      |
c No. effective iterative eliminations: 0
c ============================[ Search Statistics ]==============================
c | Conflicts |          ORIGINAL         |          LEARNT          | Progress |
c |           |    Vars  Clauses Literals |    Limit  Clauses Lit/Cl |          |
c ===============================================================================
c nb soft clauses: 1768, of which 1768 unit, 0 nonUnit and 0 empty
c total nb of literals: 740744
c conflLits 0, conflLits2 0, nbFailedLits 0, fixedVarsBypreproc 0, totalFixedVars 2008
c 1 conflict sets found with length 1091
c fixedCost 0, nbSatLits 0, totalFixedVars 2008, objForSearch: 1768

c no UB provided, search from scratch...
c ends of initiationization by VSIDS at 0 conflicts with init 10000

c UB=1 fails, cnfls=0, hcnfls=0, core 0, tier2 0, local 0, quasiC: 0 (fixed: 0)
c prunedLB 0.00, dev 0.00, succRate 0.00, nbSucc 0, nbHardens 1 (fixed 1768), lk: 1, shorten: 0, pureSo 0, nbFlyRd 0, nbFixedLH 0

c Cardinality: 5301 (Sinz+MTO) for UB 2
c ***** top quasi confl at level 0*****
c ends of initiationization by VSIDS at 61 conflicts with init 9939

c UB=2 fails, cnfls=61, hcnfls=61, core 31, tier2 4, local 28, quasiC: 1 (fixed: 257)
c prunedLB 0.00, dev 0.00, succRate 0.00, nbSucc 0, nbHardens 1 (fixed 2025), lk: 1, shorten: 0, pureSo 0, nbFlyRd 6, nbFixedLH 0

c Cardinality: 11343 (Sinz+MTO) for UB 4
c nbFailedLits 0, nbI 0, fixedVarsByFL 0, totalFixedVars 2009, nbTested: 1001, counter 317037
c nbFailedLits 0, nbI 0, fixedVarsByFL 0, totalFixedVars 2040, nbTested: 1001, counter 812460
c nbFailedLits 0, nbI 0, fixedVarsByFL 0, totalFixedVars 2075, nbTested: 1001, counter 1337765
c ends of initiationization by VSIDS at 10061 conflicts with init 0

c nbFailedLits 0, nbI 0, fixedVarsByFL 0, totalFixedVars 2090, nbTested: 1001, counter 4357581
c LRB phase 1: conflicts 9243, phase 20000000, starts 37, UP 20374569
c VSIDS phase 1: conflicts 4083, phase 20000000, starts 65, UP 12763663
c UB=4 fails, cnfls=23387, hcnfls=5921, core 9989, tier2 495, local 11785, quasiC: 1422 (fixed: 479022)
c prunedLB 3.12, dev 0.65, succRate 0.78, nbSucc 15801, nbHardens 852 (fixed 1265244), lk: 20296, shorten: 0, pureSo 1665, nbFlyRd 86, nbFixedLH 376
c nbFailedLits 0, nbI 0, fixedVarsByFL 0, totalFixedVars 2008, nbTested: 1001, counter 8242281
c nbFailedLits 0, nbI 0, fixedVarsByFL 0, totalFixedVars 2015, nbTested: 1001, counter 8484485
c nbFailedLits 0, nbI 0, fixedVarsByFL 0, totalFixedVars 2034, nbTested: 1001, counter 8857954
c ends of initiationization by VSIDS at 33463 conflicts with init -76

c DistQLDPC — QLDPC/CSS minimum distance (symplectic MaxSAT)
c solver: MaxCDCL, cardinality encoding: Sinz+MTO (default, Sinz if n<=100)
c Hx: data/matrices/LP_1768_224_unknown_Hx.txt
c Hz: data/matrices/LP_1768_224_unknown_Hz.txt
c Gx: data/matrices/LP_1768_224_unknown_Gx.txt
c Gz: data/matrices/LP_1768_224_unknown_Gz.txt
c Hx: 780 x 1768, Hz: 780 x 1768, Gx: 224 x 1768, Gz: 224 x 1768, logicals: 448
c d_lb: 4
c d_ub: -
c status: TIMEOUT (child killed after -cpu-lim)
c d  : UNKNOWN
s UNKNOWN
