c DistQLDPC — QLDPC/CSS minimum distance (symplectic MaxSAT)
c solver: MaxCDCL, cardinality encoding: Sinz only
c Hx: data/matrices/LP_34_20_2_Hx.txt
c Hz: data/matrices/LP_34_20_2_Hz.txt
c Gx: data/matrices/LP_34_20_2_Gx.txt
c Gz: data/matrices/LP_34_20_2_Gz.txt
c Hx: 15 x 34, Hz: 15 x 34, Gx: 20 x 34, Gz: 20 x 34, logicals: 40
c Mono: 0, fixed: 0
c |  Eliminated clauses:           0.01 Mb                                      |
c Reduced to 232 vars, 984 cls (c/v ratio==4.2, grow=0)
c No iterative elimination performed. (vars=232, c/v ratio=4.2)
c ============================[ Search Statistics ]==============================
c | Conflicts |          ORIGINAL         |          LEARNT          | Progress |
c |           |    Vars  Clauses Literals |    Limit  Clauses Lit/Cl |          |
c ===============================================================================
c nb soft clauses: 34, of which 34 unit, 0 nonUnit and 0 empty
c total nb of literals: 3466
c conflLits 0, conflLits2 0, nbFailedLits 0, fixedVarsBypreproc 0, totalFixedVars 70
c 1 conflict sets found with length 32
c fixedCost 0, nbSatLits 0, totalFixedVars 70, objForSearch: 34

c no UB provided, search from scratch...
c ends of initiationization by VSIDS at 0 conflicts with init 10000

c UB=1 fails, cnfls=0, hcnfls=0, core 0, tier2 0, local 0, quasiC: 0 (fixed: 0)
c prunedLB 0.00, dev 0.00, succRate 0.00, nbSucc 0, nbHardens 1 (fixed 34), lk: 1, shorten: 0, pureSo 0, nbFlyRd 0, nbFixedLH 0

c Cardinality: 98 (Sinz) for UB 2
c ***** top quasi confl at level 0*****
c ends of initiationization by VSIDS at 50 conflicts with init 9950

c UB=2 fails, cnfls=50, hcnfls=50, core 17, tier2 9, local 26, quasiC: 1 (fixed: 3)
c prunedLB 0.00, dev 0.00, succRate 0.00, nbSucc 0, nbHardens 1 (fixed 37), lk: 1, shorten: 0, pureSo 0, nbFlyRd 6, nbFixedLH 0

c Cardinality: 220 (Sinz) for UB 4
c UB=4 succs, confls=54, hconfls=54, core 4, tier2 0, local 0,  2 soft cls unsat (0 at L0), 70 fixed vars at L0, softCnfl 0, nbFlyRd 6, nbFixedLH 0
c nbHardens 1 (fixed 37), shorten: 0, prunedLB 0.00, dev 0.00, succRate 0.00, nbSucc 0, lk: 0, shorten: 0, quasiC: 1 (fixed: 3)

c ends of initiationization by VSIDS at 54 conflicts with init 9996

c UB=2 fails, cnfls=54, hcnfls=54, core 4, tier2 0, local 0, quasiC: 1 (fixed: 3)
c prunedLB 0.00, dev 0.00, succRate 0.00, nbSucc 0, nbHardens 1 (fixed 37), lk: 0, shorten: 0, pureSo 0, nbFlyRd 6, nbFixedLH 0
c ===============================================================================
c initCost: 0, fixedBySearch: 0, optimal: 2, maxsat: 32, hardConflicts: 54
c nbLK: 2, nbSuccLK: 0(0.00%), nbLKup: 458(11.57%), hardens 1 (fixed 37), dynVars 96, shorten: 0
c MaxSAT: OPTIMAL, Pauli weight 2 (reported cost 2), vars 528 (base 142 + aux 290)
c DistQLDPC — QLDPC/CSS minimum distance (symplectic MaxSAT)
c solver: MaxCDCL, cardinality encoding: Sinz only
c Hx: data/matrices/LP_34_20_2_Hx.txt
c Hz: data/matrices/LP_34_20_2_Hz.txt
c Gx: data/matrices/LP_34_20_2_Gx.txt
c Gz: data/matrices/LP_34_20_2_Gz.txt
c Hx: 15 x 34, Hz: 15 x 34, Gx: 20 x 34, Gz: 20 x 34, logicals: 40
c d_lb: 2
c d_ub: 2
c d  : 2
o 2
