c DistQLDPC — QLDPC/CSS minimum distance (symplectic MaxSAT)
c solver: MaxCDCL, cardinality encoding: MTO only
c Hx: data/matrices/LP_442_68_10_Hx.txt
c Hz: data/matrices/LP_442_68_10_Hz.txt
c Gx: data/matrices/LP_442_68_10_Gx.txt
c Gz: data/matrices/LP_442_68_10_Gz.txt
c Hx: 195 x 442, Hz: 195 x 442, Gx: 68 x 442, Gz: 68 x 442, logicals: 136
c Mono: 0, fixed: 0
c |  Eliminated clauses:           0.17 Mb                                      |
c Reduced to 4322 vars, 23344 cls (c/v ratio==5.4, grow=0)
c No iterative elimination performed. (vars=4322, c/v ratio=5.4)
c ============================[ Search Statistics ]==============================
c | Conflicts |          ORIGINAL         |          LEARNT          | Progress |
c |           |    Vars  Clauses Literals |    Limit  Clauses Lit/Cl |          |
c ===============================================================================
c nb soft clauses: 442, of which 442 unit, 0 nonUnit and 0 empty
c total nb of literals: 87106
c conflLits 0, conflLits2 0, nbFailedLits 0, fixedVarsBypreproc 0, totalFixedVars 526
c 1 conflict sets found with length 282
c fixedCost 0, nbSatLits 0, totalFixedVars 526, objForSearch: 442

c no UB provided, search from scratch...
c ends of initiationization by VSIDS at 0 conflicts with init 10000

c UB=1 fails, cnfls=0, hcnfls=0, core 0, tier2 0, local 0, quasiC: 0 (fixed: 0)
c prunedLB 0.00, dev 0.00, succRate 0.00, nbSucc 0, nbHardens 1 (fixed 442), lk: 1, shorten: 0, pureSo 0, nbFlyRd 0, nbFixedLH 0

c Cardinality: 1323 (MTO) for UB 2
c ***** top quasi confl at level 0*****
c ends of initiationization by VSIDS at 56 conflicts with init 9944

c UB=2 fails, cnfls=56, hcnfls=56, core 37, tier2 5, local 20, quasiC: 1 (fixed: 62)
c prunedLB 0.00, dev 0.00, succRate 0.00, nbSucc 0, nbHardens 1 (fixed 504), lk: 1, shorten: 0, pureSo 0, nbFlyRd 1, nbFixedLH 0

c Cardinality: 2829 (MTO) for UB 4
c nbFailedLits 1, nbI 0, fixedVarsByFL 1, totalFixedVars 528, nbTested: 1019, counter 33862
c nbFailedLits 3, nbI 0, fixedVarsByFL 5, totalFixedVars 547, nbTested: 1414, counter 146137
c ends of initiationization by VSIDS at 5884 conflicts with init 4172

c UB=4 fails, cnfls=5884, hcnfls=804, core 7593, tier2 360, local 5005, quasiC: 362 (fixed: 39002)
c prunedLB 2.96, dev 0.67, succRate 0.80, nbSucc 4499, nbHardens 445 (fixed 151714), lk: 5638, shorten: 0, pureSo 582, nbFlyRd 15, nbFixedLH 84

c Cardinality: 3904 (MTO) for UB 8
c nbFailedLits 0, nbI 0, fixedVarsByFL 0, totalFixedVars 526, nbTested: 1001, counter 226604
c nbFailedLits 0, nbI 0, fixedVarsByFL 0, totalFixedVars 531, nbTested: 1001, counter 334658
c nbFailedLits 0, nbI 0, fixedVarsByFL 0, totalFixedVars 538, nbTested: 1001, counter 514749
c ends of initiationization by VSIDS at 15884 conflicts with init 0

c nbFailedLits 0, nbI 0, fixedVarsByFL 0, totalFixedVars 552, nbTested: 1001, counter 927626
c nbFailedLits 0, nbI 0, fixedVarsByFL 0, totalFixedVars 564, nbTested: 1001, counter 1438236
c nbFailedLits 0, nbI 0, fixedVarsByFL 0, totalFixedVars 595, nbTested: 1001, counter 1937643
c nbFailedLits 0, nbI 0, fixedVarsByFL 0, totalFixedVars 630, nbTested: 1001, counter 2594351
c nbFailedLits 0, nbI 0, fixedVarsByFL 0, totalFixedVars 714, nbTested: 1001, counter 3275952
c LRB phase 1: conflicts 61863, phase 20000000, starts 189, UP 7203857
c UB=8 fails, cnfls=77747, hcnfls=2507, core 5081, tier2 616, local 21073, quasiC: 8592 (fixed: 1042128)
c prunedLB 5.29, dev 1.02, succRate 0.78, nbSucc 68862, nbHardens 1023 (fixed 1272482), lk: 88059, shorten: 0, pureSo 1881, nbFlyRd 195, nbFixedLH 786

c Cardinality: 4473 (MTO) for UB 16
c nbFailedLits 0, nbI 0, fixedVarsByFL 0, totalFixedVars 526, nbTested: 1001, counter 3657618
c nbFailedLits 0, nbI 0, fixedVarsByFL 0, totalFixedVars 526, nbTested: 1001, counter 3760201
c nbFailedLits 0, nbI 0, fixedVarsByFL 0, totalFixedVars 526, nbTested: 1001, counter 3922087
c ends of initiationization by VSIDS at 87752 conflicts with init -5

c DistQLDPC — QLDPC/CSS minimum distance (symplectic MaxSAT)
c solver: MaxCDCL, cardinality encoding: MTO only
c Hx: data/matrices/LP_442_68_10_Hx.txt
c Hz: data/matrices/LP_442_68_10_Hz.txt
c Gx: data/matrices/LP_442_68_10_Gx.txt
c Gz: data/matrices/LP_442_68_10_Gz.txt
c Hx: 195 x 442, Hz: 195 x 442, Gx: 68 x 442, Gz: 68 x 442, logicals: 136
c d_lb: 8
c d_ub: -
c status: TIMEOUT (child killed after -cpu-lim)
c d  : UNKNOWN
s UNKNOWN
