c DistQLDPC — QLDPC/CSS minimum distance (symplectic MaxSAT)
c solver: MaxCDCL, cardinality encoding: Sinz only
c Hx: data/matrices/TN_144_2_13_Hx.txt
c Hz: data/matrices/TN_144_2_13_Hz.txt
c Gx: data/matrices/TN_144_2_13_Gx.txt
c Gz: data/matrices/TN_144_2_13_Gz.txt
c Hx: 72 x 144, Hz: 72 x 144, Gx: 2 x 144, Gz: 2 x 144, logicals: 4
c Mono: 0, fixed: 0
c |  Eliminated clauses:           0.04 Mb                                      |
c Reduced to 952 vars, 4826 cls (c/v ratio==5.1, grow=0)
c No iterative elimination performed. (vars=952, c/v ratio=5.1)
c ============================[ Search Statistics ]==============================
c | Conflicts |          ORIGINAL         |          LEARNT          | Progress |
c |           |    Vars  Clauses Literals |    Limit  Clauses Lit/Cl |          |
c ===============================================================================
c nb soft clauses: 144, of which 144 unit, 0 nonUnit and 0 empty
c total nb of literals: 17948
c conflLits 0, conflLits2 0, nbFailedLits 0, fixedVarsBypreproc 0, totalFixedVars 148
c 1 conflict sets found with length 60
c fixedCost 0, nbSatLits 0, totalFixedVars 148, objForSearch: 144

c no UB provided, search from scratch...
c ends of initiationization by VSIDS at 0 conflicts with init 10000

c UB=1 fails, cnfls=0, hcnfls=0, core 0, tier2 0, local 0, quasiC: 0 (fixed: 0)
c prunedLB 0.00, dev 0.00, succRate 0.00, nbSucc 0, nbHardens 1 (fixed 144), lk: 1, shorten: 0, pureSo 0, nbFlyRd 0, nbFixedLH 0

c Cardinality: 428 (Sinz) for UB 2
c ***** top quasi confl at level 0*****
c ends of initiationization by VSIDS at 68 conflicts with init 9932

c UB=2 fails, cnfls=68, hcnfls=68, core 17, tier2 7, local 48, quasiC: 1 (fixed: 32)
c prunedLB 0.00, dev 0.00, succRate 0.00, nbSucc 0, nbHardens 1 (fixed 176), lk: 1, shorten: 0, pureSo 0, nbFlyRd 3, nbFixedLH 0

c Cardinality: 990 (Sinz) for UB 4
c nbFailedLits 5, nbI 23, fixedVarsByFL 65, totalFixedVars 217, nbTested: 1314, counter 79114
c ends of initiationization by VSIDS at 1310 conflicts with init 8758

c UB=4 fails, cnfls=1310, hcnfls=797, core 472, tier2 76, local 806, quasiC: 86 (fixed: 2971)
c prunedLB 3.13, dev 0.63, succRate 0.66, nbSucc 514, nbHardens 1 (fixed 3115), lk: 782, shorten: 0, pureSo 0, nbFlyRd 20, nbFixedLH 30

c Cardinality: 2090 (Sinz) for UB 8
c nbFailedLits 5, nbI 23, fixedVarsByFL 32, totalFixedVars 180, nbTested: 1905, counter 110945
c nbFailedLits 0, nbI 0, fixedVarsByFL 0, totalFixedVars 182, nbTested: 1001, counter 172986
c nbFailedLits 0, nbI 0, fixedVarsByFL 0, totalFixedVars 186, nbTested: 1001, counter 292936
c ends of initiationization by VSIDS at 11312 conflicts with init -2

c nbFailedLits 0, nbI 0, fixedVarsByFL 0, totalFixedVars 214, nbTested: 1001, counter 502960
c LRB phase 1: conflicts 8946, phase 20000000, starts 37, UP 2066567
c UB=8 fails, cnfls=20258, hcnfls=1930, core 3772, tier2 798, local 6260, quasiC: 2948 (fixed: 148962)
c prunedLB 4.92, dev 0.95, succRate 0.74, nbSucc 17816, nbHardens 1 (fixed 149106), lk: 24093, shorten: 0, pureSo 0, nbFlyRd 196, nbFixedLH 345

c Cardinality: 4194 (Sinz) for UB 16
c nbFailedLits 0, nbI 0, fixedVarsByFL 0, totalFixedVars 148, nbTested: 1001, counter 593834
c nbFailedLits 0, nbI 0, fixedVarsByFL 0, totalFixedVars 148, nbTested: 1001, counter 661450
c nbFailedLits 0, nbI 0, fixedVarsByFL 0, totalFixedVars 148, nbTested: 1001, counter 771604
c ends of initiationization by VSIDS at 30259 conflicts with init -1

c nbFailedLits 0, nbI 0, fixedVarsByFL 0, totalFixedVars 148, nbTested: 1001, counter 953567
c nbFailedLits 0, nbI 0, fixedVarsByFL 0, totalFixedVars 148, nbTested: 1001, counter 1191528
c nbFailedLits 0, nbI 0, fixedVarsByFL 0, totalFixedVars 148, nbTested: 1001, counter 1486456
c nbFailedLits 0, nbI 0, fixedVarsByFL 0, totalFixedVars 148, nbTested: 1001, counter 1928450
c nbFailedLits 0, nbI 23, fixedVarsByFL 23, totalFixedVars 171, nbTested: 1998, counter 2148999
c nbFailedLits 0, nbI 0, fixedVarsByFL 0, totalFixedVars 171, nbTested: 1001, counter 2572394
c LRB phase 2: conflicts 84050, phase 20000000, starts 253, UP 20422151
c nbFailedLits 0, nbI 0, fixedVarsByFL 0, totalFixedVars 171, nbTested: 1001, counter 3026318
c nbFailedLits 0, nbI 0, fixedVarsByFL 0, totalFixedVars 171, nbTested: 1001, counter 3490966
c nbFailedLits 0, nbI 0, fixedVarsByFL 0, totalFixedVars 171, nbTested: 1001, counter 4000384
c nbFailedLits 0, nbI 0, fixedVarsByFL 0, totalFixedVars 171, nbTested: 1001, counter 4591871
c VSIDS phase 1: conflicts 87218, phase 20000000, starts 434, UP 20077734
c nbFailedLits 0, nbI 0, fixedVarsByFL 0, totalFixedVars 171, nbTested: 1001, counter 5353947
c nbFailedLits 0, nbI 0, fixedVarsByFL 0, totalFixedVars 171, nbTested: 1001, counter 5952825
c nbFailedLits 0, nbI 0, fixedVarsByFL 0, totalFixedVars 171, nbTested: 1001, counter 6693772
c nbFailedLits 0, nbI 0, fixedVarsByFL 0, totalFixedVars 171, nbTested: 1001, counter 7565352
c nbFailedLits 0, nbI 0, fixedVarsByFL 0, totalFixedVars 171, nbTested: 1001, counter 8510768
c LRB phase 3: conflicts 157974, phase 40000000, starts 300, UP 40030026
c DistQLDPC — QLDPC/CSS minimum distance (symplectic MaxSAT)
c solver: MaxCDCL, cardinality encoding: Sinz only
c Hx: data/matrices/TN_144_2_13_Hx.txt
c Hz: data/matrices/TN_144_2_13_Hz.txt
c Gx: data/matrices/TN_144_2_13_Gx.txt
c Gz: data/matrices/TN_144_2_13_Gz.txt
c Hx: 72 x 144, Hz: 72 x 144, Gx: 2 x 144, Gz: 2 x 144, logicals: 4
c d_lb: 8
c d_ub: -
c status: TIMEOUT (child killed after -cpu-lim)
c d  : UNKNOWN
s UNKNOWN
