c DistQLDPC — QLDPC/CSS minimum distance (symplectic MaxSAT)
c solver: MaxCDCL, cardinality encoding: Sinz only
c Hx: data/matrices/TN_396_4_26_Hx.txt
c Hz: data/matrices/TN_396_4_26_Hz.txt
c Gx: data/matrices/TN_396_4_26_Gx.txt
c Gz: data/matrices/TN_396_4_26_Gz.txt
c Hx: 198 x 396, Hz: 198 x 396, Gx: 4 x 396, Gz: 4 x 396, logicals: 8
c Mono: 0, fixed: 0
c |  Eliminated clauses:           0.11 Mb                                      |
c Reduced to 2725 vars, 14086 cls (c/v ratio==5.2, grow=0)
c No iterative elimination performed. (vars=2725, c/v ratio=5.2)
c ============================[ Search Statistics ]==============================
c | Conflicts |          ORIGINAL         |          LEARNT          | Progress |
c |           |    Vars  Clauses Literals |    Limit  Clauses Lit/Cl |          |
c ===============================================================================
c nb soft clauses: 396, of which 396 unit, 0 nonUnit and 0 empty
c total nb of literals: 52588
c conflLits 0, conflLits2 0, nbFailedLits 0, fixedVarsBypreproc 0, totalFixedVars 404
c 1 conflict sets found with length 138
c fixedCost 0, nbSatLits 0, totalFixedVars 404, objForSearch: 396

c no UB provided, search from scratch...
c ends of initiationization by VSIDS at 0 conflicts with init 10000

c UB=1 fails, cnfls=0, hcnfls=0, core 0, tier2 0, local 0, quasiC: 0 (fixed: 0)
c prunedLB 0.00, dev 0.00, succRate 0.00, nbSucc 0, nbHardens 1 (fixed 396), lk: 1, shorten: 0, pureSo 0, nbFlyRd 0, nbFixedLH 0

c Cardinality: 1184 (Sinz) for UB 2
c ***** top quasi confl at level 0*****
c ends of initiationization by VSIDS at 53 conflicts with init 9947

c UB=2 fails, cnfls=53, hcnfls=53, core 10, tier2 2, local 39, quasiC: 1 (fixed: 96)
c prunedLB 0.00, dev 0.00, succRate 0.00, nbSucc 0, nbHardens 1 (fixed 492), lk: 1, shorten: 0, pureSo 0, nbFlyRd 1, nbFixedLH 0

c Cardinality: 2754 (Sinz) for UB 4
c nbFailedLits 2, nbI 0, fixedVarsByFL 4, totalFixedVars 676, nbTested: 1070, counter 152593
c ends of initiationization by VSIDS at 1981 conflicts with init 8072

c UB=4 fails, cnfls=1981, hcnfls=1065, core 696, tier2 127, local 1236, quasiC: 128 (fixed: 9779)
c prunedLB 3.43, dev 0.57, succRate 0.69, nbSucc 917, nbHardens 1 (fixed 10175), lk: 1328, shorten: 0, pureSo 0, nbFlyRd 31, nbFixedLH 42

c Cardinality: 5870 (Sinz) for UB 8
c nbFailedLits 0, nbI 0, fixedVarsByFL 0, totalFixedVars 404, nbTested: 1001, counter 303110
c nbFailedLits 0, nbI 0, fixedVarsByFL 0, totalFixedVars 410, nbTested: 1001, counter 416972
c nbFailedLits 0, nbI 1, fixedVarsByFL 1, totalFixedVars 431, nbTested: 1373, counter 618601
c ends of initiationization by VSIDS at 11981 conflicts with init 0

c nbFailedLits 0, nbI 0, fixedVarsByFL 0, totalFixedVars 441, nbTested: 1001, counter 1012377
c nbFailedLits 0, nbI 0, fixedVarsByFL 0, totalFixedVars 442, nbTested: 1001, counter 1591700
c nbFailedLits 0, nbI 0, fixedVarsByFL 0, totalFixedVars 442, nbTested: 1001, counter 2210419
c ***** top quasi confl at level 0*****
c LRB phase 1: conflicts 31510, phase 20000000, starts 112, UP 17977016
c UB=8 fails, cnfls=43491, hcnfls=3852, core 1553, tier2 39, local 749, quasiC: 4829 (fixed: 625558)
c prunedLB 5.25, dev 1.02, succRate 0.76, nbSucc 38724, nbHardens 1 (fixed 625954), lk: 50667, shorten: 0, pureSo 0, nbFlyRd 426, nbFixedLH 903

c Cardinality: 12006 (Sinz) for UB 16
c nbFailedLits 0, nbI 0, fixedVarsByFL 0, totalFixedVars 404, nbTested: 1001, counter 2621289
c nbFailedLits 0, nbI 0, fixedVarsByFL 0, totalFixedVars 404, nbTested: 1001, counter 2719105
c nbFailedLits 0, nbI 0, fixedVarsByFL 0, totalFixedVars 404, nbTested: 1001, counter 2869188
c ends of initiationization by VSIDS at 53543 conflicts with init -52

c nbFailedLits 0, nbI 0, fixedVarsByFL 0, totalFixedVars 404, nbTested: 1001, counter 3156934
c nbFailedLits 0, nbI 0, fixedVarsByFL 0, totalFixedVars 404, nbTested: 1001, counter 3507296
c nbFailedLits 0, nbI 0, fixedVarsByFL 0, totalFixedVars 404, nbTested: 1001, counter 4043543
c LRB phase 2: conflicts 36538, phase 20000000, starts 125, UP 20849905
c nbFailedLits 0, nbI 0, fixedVarsByFL 0, totalFixedVars 404, nbTested: 1001, counter 4545854
c nbFailedLits 0, nbI 0, fixedVarsByFL 0, totalFixedVars 404, nbTested: 1001, counter 5057210
c nbFailedLits 0, nbI 0, fixedVarsByFL 0, totalFixedVars 404, nbTested: 1001, counter 5664711
c VSIDS phase 1: conflicts 37775, phase 20000000, starts 254, UP 20200118
c nbFailedLits 0, nbI 0, fixedVarsByFL 0, totalFixedVars 404, nbTested: 1001, counter 6494473
c nbFailedLits 0, nbI 0, fixedVarsByFL 0, totalFixedVars 404, nbTested: 1001, counter 7360459
c nbFailedLits 0, nbI 0, fixedVarsByFL 0, totalFixedVars 404, nbTested: 1001, counter 8597081
c LRB phase 3: conflicts 69860, phase 40000000, starts 137, UP 40009011
c DistQLDPC — QLDPC/CSS minimum distance (symplectic MaxSAT)
c solver: MaxCDCL, cardinality encoding: Sinz only
c Hx: data/matrices/TN_396_4_26_Hx.txt
c Hz: data/matrices/TN_396_4_26_Hz.txt
c Gx: data/matrices/TN_396_4_26_Gx.txt
c Gz: data/matrices/TN_396_4_26_Gz.txt
c Hx: 198 x 396, Hz: 198 x 396, Gx: 4 x 396, Gz: 4 x 396, logicals: 8
c d_lb: 8
c d_ub: -
c status: TIMEOUT (child killed after -cpu-lim)
c d  : UNKNOWN
s UNKNOWN
