c DistQLDPC — QLDPC/CSS minimum distance (symplectic MaxSAT)
c solver: MaxCDCL, cardinality encoding: Sinz only
c Hx: data/matrices/TN_468_4_31_Hx.txt
c Hz: data/matrices/TN_468_4_31_Hz.txt
c Gx: data/matrices/TN_468_4_31_Gx.txt
c Gz: data/matrices/TN_468_4_31_Gz.txt
c Hx: 234 x 468, Hz: 234 x 468, Gx: 4 x 468, Gz: 4 x 468, logicals: 8
c Mono: 0, fixed: 0
c |  Eliminated clauses:           0.13 Mb                                      |
c Reduced to 3232 vars, 16726 cls (c/v ratio==5.2, grow=0)
c No iterative elimination performed. (vars=3232, c/v ratio=5.2)
c ============================[ Search Statistics ]==============================
c | Conflicts |          ORIGINAL         |          LEARNT          | Progress |
c |           |    Vars  Clauses Literals |    Limit  Clauses Lit/Cl |          |
c ===============================================================================
c nb soft clauses: 468, of which 468 unit, 0 nonUnit and 0 empty
c total nb of literals: 62452
c conflLits 0, conflLits2 0, nbFailedLits 0, fixedVarsBypreproc 0, totalFixedVars 476
c 1 conflict sets found with length 162
c fixedCost 0, nbSatLits 0, totalFixedVars 476, objForSearch: 468

c no UB provided, search from scratch...
c ends of initiationization by VSIDS at 0 conflicts with init 10000

c UB=1 fails, cnfls=0, hcnfls=0, core 0, tier2 0, local 0, quasiC: 0 (fixed: 0)
c prunedLB 0.00, dev 0.00, succRate 0.00, nbSucc 0, nbHardens 1 (fixed 468), lk: 1, shorten: 0, pureSo 0, nbFlyRd 0, nbFixedLH 0

c Cardinality: 1400 (Sinz) for UB 2
c ***** top quasi confl at level 0*****
c ends of initiationization by VSIDS at 63 conflicts with init 9937

c UB=2 fails, cnfls=63, hcnfls=63, core 7, tier2 2, local 56, quasiC: 1 (fixed: 114)
c prunedLB 0.00, dev 0.00, succRate 0.00, nbSucc 0, nbHardens 1 (fixed 582), lk: 1, shorten: 0, pureSo 0, nbFlyRd 12, nbFixedLH 0

c Cardinality: 3258 (Sinz) for UB 4
c nbFailedLits 0, nbI 77, fixedVarsByFL 77, totalFixedVars 554, nbTested: 1099, counter 125695
c nbFailedLits 13, nbI 0, fixedVarsByFL 225, totalFixedVars 1124, nbTested: 3997, counter 660964
c ends of initiationization by VSIDS at 4714 conflicts with init 5349

c UB=4 fails, cnfls=4714, hcnfls=2435, core 1312, tier2 78, local 3477, quasiC: 296 (fixed: 30469)
c prunedLB 3.30, dev 0.63, succRate 0.69, nbSucc 2280, nbHardens 1 (fixed 30937), lk: 3313, shorten: 0, pureSo 0, nbFlyRd 72, nbFixedLH 125

c Cardinality: 6950 (Sinz) for UB 8
c nbFailedLits 0, nbI 0, fixedVarsByFL 0, totalFixedVars 476, nbTested: 1001, counter 812769
c nbFailedLits 0, nbI 0, fixedVarsByFL 0, totalFixedVars 479, nbTested: 1001, counter 930016
c nbFailedLits 0, nbI 0, fixedVarsByFL 0, totalFixedVars 496, nbTested: 1001, counter 1170960
c ends of initiationization by VSIDS at 14728 conflicts with init -14

c nbFailedLits 0, nbI 1, fixedVarsByFL 1, totalFixedVars 517, nbTested: 1460, counter 1579705
c nbFailedLits 0, nbI 0, fixedVarsByFL 0, totalFixedVars 535, nbTested: 1001, counter 2240333
c nbFailedLits 0, nbI 1, fixedVarsByFL 1, totalFixedVars 587, nbTested: 1003, counter 2855853
c LRB phase 1: conflicts 31607, phase 20000000, starts 111, UP 20087563
c nbFailedLits 0, nbI 1, fixedVarsByFL 1, totalFixedVars 739, nbTested: 1025, counter 3565025
c VSIDS phase 1: conflicts 12163, phase 20000000, starts 101, UP 8830194
c UB=8 fails, cnfls=58498, hcnfls=5347, core 2218, tier2 177, local 5916, quasiC: 6012 (fixed: 967359)
c prunedLB 5.16, dev 1.01, succRate 0.78, nbSucc 50873, nbHardens 1 (fixed 967827), lk: 65006, shorten: 0, pureSo 0, nbFlyRd 553, nbFixedLH 1049

c Cardinality: 14238 (Sinz) for UB 16
c nbFailedLits 0, nbI 0, fixedVarsByFL 0, totalFixedVars 476, nbTested: 1001, counter 3899981
c nbFailedLits 0, nbI 0, fixedVarsByFL 0, totalFixedVars 476, nbTested: 1001, counter 4013005
c nbFailedLits 0, nbI 0, fixedVarsByFL 0, totalFixedVars 476, nbTested: 1001, counter 4189825
c ends of initiationization by VSIDS at 68498 conflicts with init 0

c nbFailedLits 0, nbI 0, fixedVarsByFL 0, totalFixedVars 476, nbTested: 1001, counter 4481342
c nbFailedLits 0, nbI 0, fixedVarsByFL 0, totalFixedVars 476, nbTested: 1001, counter 4894401
c nbFailedLits 0, nbI 0, fixedVarsByFL 0, totalFixedVars 476, nbTested: 1001, counter 5312118
c LRB phase 2: conflicts 30663, phase 20000000, starts 105, UP 20007239
c nbFailedLits 0, nbI 0, fixedVarsByFL 0, totalFixedVars 476, nbTested: 1001, counter 5832615
c nbFailedLits 0, nbI 0, fixedVarsByFL 0, totalFixedVars 476, nbTested: 1001, counter 6394540
c VSIDS phase 2: conflicts 31945, phase 20000000, starts 218, UP 20012973
c nbFailedLits 0, nbI 0, fixedVarsByFL 0, totalFixedVars 476, nbTested: 1001, counter 7128219
c nbFailedLits 0, nbI 0, fixedVarsByFL 0, totalFixedVars 476, nbTested: 1001, counter 7950427
c nbFailedLits 0, nbI 0, fixedVarsByFL 0, totalFixedVars 476, nbTested: 1001, counter 8868598
c LRB phase 3: conflicts 62684, phase 40000000, starts 149, UP 40858083
c DistQLDPC — QLDPC/CSS minimum distance (symplectic MaxSAT)
c solver: MaxCDCL, cardinality encoding: Sinz only
c Hx: data/matrices/TN_468_4_31_Hx.txt
c Hz: data/matrices/TN_468_4_31_Hz.txt
c Gx: data/matrices/TN_468_4_31_Gx.txt
c Gz: data/matrices/TN_468_4_31_Gz.txt
c Hx: 234 x 468, Hz: 234 x 468, Gx: 4 x 468, Gz: 4 x 468, logicals: 8
c d_lb: 8
c d_ub: -
c status: TIMEOUT (child killed after -cpu-lim)
c d  : UNKNOWN
s UNKNOWN
