c DistQLDPC — QLDPC/CSS minimum distance (symplectic MaxSAT)
c solver: MaxCDCL, cardinality encoding: Sinz only
c Hx: data/matrices/TN_496_2_32_Hx.txt
c Hz: data/matrices/TN_496_2_32_Hz.txt
c Gx: data/matrices/TN_496_2_32_Gx.txt
c Gz: data/matrices/TN_496_2_32_Gz.txt
c Hx: 248 x 496, Hz: 248 x 496, Gx: 2 x 496, Gz: 2 x 496, logicals: 4
c Mono: 0, fixed: 0
c |  Eliminated clauses:           0.13 Mb                                      |
c Reduced to 3687 vars, 18618 cls (c/v ratio==5.0, grow=0)
c No iterative elimination performed. (vars=3687, c/v ratio=5.0)
c ============================[ Search Statistics ]==============================
c | Conflicts |          ORIGINAL         |          LEARNT          | Progress |
c |           |    Vars  Clauses Literals |    Limit  Clauses Lit/Cl |          |
c ===============================================================================
c nb soft clauses: 496, of which 496 unit, 0 nonUnit and 0 empty
c total nb of literals: 68548
c conflLits 0, conflLits2 0, nbFailedLits 0, fixedVarsBypreproc 0, totalFixedVars 500
c 1 conflict sets found with length 202
c fixedCost 0, nbSatLits 0, totalFixedVars 500, objForSearch: 496

c no UB provided, search from scratch...
c ends of initiationization by VSIDS at 0 conflicts with init 10000

c UB=1 fails, cnfls=0, hcnfls=0, core 0, tier2 0, local 0, quasiC: 0 (fixed: 0)
c prunedLB 0.00, dev 0.00, succRate 0.00, nbSucc 0, nbHardens 1 (fixed 496), lk: 1, shorten: 0, pureSo 0, nbFlyRd 0, nbFixedLH 0

c Cardinality: 1484 (Sinz) for UB 2
c ***** top quasi confl at level 0*****
c ends of initiationization by VSIDS at 63 conflicts with init 9937

c UB=2 fails, cnfls=63, hcnfls=63, core 37, tier2 7, local 19, quasiC: 1 (fixed: 149)
c prunedLB 0.00, dev 0.00, succRate 0.00, nbSucc 0, nbHardens 1 (fixed 645), lk: 1, shorten: 0, pureSo 0, nbFlyRd 8, nbFixedLH 0

c Cardinality: 3454 (Sinz) for UB 4
c nbFailedLits 6, nbI 0, fixedVarsByFL 31, totalFixedVars 535, nbTested: 2278, counter 116783
c nbFailedLits 6, nbI 2, fixedVarsByFL 173, totalFixedVars 720, nbTested: 2151, counter 687077
c ***** top quasi confl at level 0*****
c ends of initiationization by VSIDS at 6182 conflicts with init 3881

c UB=4 fails, cnfls=6182, hcnfls=4445, core 1273, tier2 76, local 3019, quasiC: 402 (fixed: 46143)
c prunedLB 3.58, dev 0.57, succRate 0.48, nbSucc 1737, nbHardens 1 (fixed 46639), lk: 3586, shorten: 0, pureSo 0, nbFlyRd 110, nbFixedLH 208

c Cardinality: 7370 (Sinz) for UB 8
c nbFailedLits 0, nbI 0, fixedVarsByFL 0, totalFixedVars 500, nbTested: 1001, counter 1186671
c nbFailedLits 0, nbI 0, fixedVarsByFL 0, totalFixedVars 502, nbTested: 1001, counter 1314237
c nbFailedLits 0, nbI 0, fixedVarsByFL 0, totalFixedVars 504, nbTested: 1001, counter 1547414
c ends of initiationization by VSIDS at 16213 conflicts with init -31

c nbFailedLits 0, nbI 0, fixedVarsByFL 0, totalFixedVars 525, nbTested: 1001, counter 1972147
c nbFailedLits 0, nbI 0, fixedVarsByFL 0, totalFixedVars 551, nbTested: 1001, counter 2576438
c nbFailedLits 0, nbI 0, fixedVarsByFL 0, totalFixedVars 610, nbTested: 1001, counter 3172194
c LRB phase 1: conflicts 27926, phase 20000000, starts 94, UP 20195403
c nbFailedLits 0, nbI 17, fixedVarsByFL 17, totalFixedVars 911, nbTested: 2460, counter 3929136
c VSIDS phase 1: conflicts 16369, phase 20000000, starts 147, UP 13244266
c UB=8 fails, cnfls=60508, hcnfls=8679, core 4056, tier2 446, local 7093, quasiC: 7075 (fixed: 1489949)
c prunedLB 5.05, dev 1.00, succRate 0.74, nbSucc 50093, nbHardens 1 (fixed 1490445), lk: 67466, shorten: 0, pureSo 0, nbFlyRd 1033, nbFixedLH 1984

c Cardinality: 15106 (Sinz) for UB 16
c nbFailedLits 0, nbI 0, fixedVarsByFL 0, totalFixedVars 500, nbTested: 1001, counter 4285171
c nbFailedLits 0, nbI 0, fixedVarsByFL 0, totalFixedVars 500, nbTested: 1001, counter 4421875
c nbFailedLits 0, nbI 0, fixedVarsByFL 0, totalFixedVars 500, nbTested: 1001, counter 4663764
c ends of initiationization by VSIDS at 70513 conflicts with init -5

c nbFailedLits 0, nbI 0, fixedVarsByFL 0, totalFixedVars 500, nbTested: 1001, counter 5037967
c nbFailedLits 0, nbI 0, fixedVarsByFL 0, totalFixedVars 500, nbTested: 1001, counter 5527168
c LRB phase 2: conflicts 26457, phase 20000000, starts 93, UP 20248091
c nbFailedLits 0, nbI 0, fixedVarsByFL 0, totalFixedVars 500, nbTested: 1001, counter 6011442
c nbFailedLits 0, nbI 0, fixedVarsByFL 0, totalFixedVars 500, nbTested: 1001, counter 6657662
c VSIDS phase 2: conflicts 25538, phase 20000000, starts 124, UP 20101542
c nbFailedLits 0, nbI 0, fixedVarsByFL 0, totalFixedVars 500, nbTested: 1001, counter 7398769
c nbFailedLits 0, nbI 0, fixedVarsByFL 0, totalFixedVars 500, nbTested: 1001, counter 8356060
c nbFailedLits 0, nbI 0, fixedVarsByFL 0, totalFixedVars 500, nbTested: 1001, counter 9323126
c LRB phase 3: conflicts 53166, phase 40000000, starts 156, UP 40055946
c DistQLDPC — QLDPC/CSS minimum distance (symplectic MaxSAT)
c solver: MaxCDCL, cardinality encoding: Sinz only
c Hx: data/matrices/TN_496_2_32_Hx.txt
c Hz: data/matrices/TN_496_2_32_Hz.txt
c Gx: data/matrices/TN_496_2_32_Gx.txt
c Gz: data/matrices/TN_496_2_32_Gz.txt
c Hx: 248 x 496, Hz: 248 x 496, Gx: 2 x 496, Gz: 2 x 496, logicals: 4
c d_lb: 8
c d_ub: -
c status: TIMEOUT (child killed after -cpu-lim)
c d  : UNKNOWN
s UNKNOWN
