c DistQLDPC — QLDPC/CSS minimum distance (symplectic MaxSAT)
c solver: MaxCDCL, cardinality encoding: Sinz only
c Hx: data/matrices/TN_576_2_57_Hx.txt
c Hz: data/matrices/TN_576_2_57_Hz.txt
c Gx: data/matrices/TN_576_2_57_Gx.txt
c Gz: data/matrices/TN_576_2_57_Gz.txt
c Hx: 288 x 576, Hz: 288 x 576, Gx: 2 x 576, Gz: 2 x 576, logicals: 4
c Mono: 0, fixed: 0
c |  Eliminated clauses:           0.15 Mb                                      |
c Reduced to 3788 vars, 19098 cls (c/v ratio==5.0, grow=0)
c No iterative elimination performed. (vars=3788, c/v ratio=5.0)
c ============================[ Search Statistics ]==============================
c | Conflicts |          ORIGINAL         |          LEARNT          | Progress |
c |           |    Vars  Clauses Literals |    Limit  Clauses Lit/Cl |          |
c ===============================================================================
c nb soft clauses: 576, of which 576 unit, 0 nonUnit and 0 empty
c total nb of literals: 70940
c conflLits 0, conflLits2 0, nbFailedLits 0, fixedVarsBypreproc 0, totalFixedVars 580
c 1 conflict sets found with length 160
c fixedCost 0, nbSatLits 0, totalFixedVars 580, objForSearch: 576

c no UB provided, search from scratch...
c ends of initiationization by VSIDS at 0 conflicts with init 10000

c UB=1 fails, cnfls=0, hcnfls=0, core 0, tier2 0, local 0, quasiC: 0 (fixed: 0)
c prunedLB 0.00, dev 0.00, succRate 0.00, nbSucc 0, nbHardens 1 (fixed 576), lk: 1, shorten: 0, pureSo 0, nbFlyRd 0, nbFixedLH 0

c Cardinality: 1724 (Sinz) for UB 2
c ***** top quasi confl at level 0*****
c ends of initiationization by VSIDS at 60 conflicts with init 9940

c UB=2 fails, cnfls=60, hcnfls=60, core 8, tier2 7, local 51, quasiC: 1 (fixed: 169)
c prunedLB 0.00, dev 0.00, succRate 0.00, nbSucc 0, nbHardens 1 (fixed 745), lk: 1, shorten: 0, pureSo 0, nbFlyRd 2, nbFixedLH 0

c Cardinality: 4014 (Sinz) for UB 4
c nbFailedLits 1, nbI 0, fixedVarsByFL 2, totalFixedVars 964, nbTested: 1443, counter 194800
c ends of initiationization by VSIDS at 3793 conflicts with init 6267

c UB=4 fails, cnfls=3793, hcnfls=1955, core 1102, tier2 178, local 2592, quasiC: 223 (fixed: 22346)
c prunedLB 3.45, dev 0.58, succRate 0.69, nbSucc 1838, nbHardens 1 (fixed 22922), lk: 2672, shorten: 0, pureSo 0, nbFlyRd 35, nbFixedLH 68

c Cardinality: 8570 (Sinz) for UB 8
c nbFailedLits 0, nbI 0, fixedVarsByFL 0, totalFixedVars 580, nbTested: 1001, counter 808343
c nbFailedLits 0, nbI 0, fixedVarsByFL 0, totalFixedVars 588, nbTested: 1001, counter 943417
c nbFailedLits 0, nbI 0, fixedVarsByFL 0, totalFixedVars 599, nbTested: 1001, counter 1149615
c ends of initiationization by VSIDS at 13842 conflicts with init -49

c nbFailedLits 0, nbI 0, fixedVarsByFL 0, totalFixedVars 630, nbTested: 1001, counter 1535388
c nbFailedLits 0, nbI 0, fixedVarsByFL 0, totalFixedVars 643, nbTested: 1001, counter 2116933
c nbFailedLits 0, nbI 1, fixedVarsByFL 1, totalFixedVars 676, nbTested: 1069, counter 2924906
c LRB phase 1: conflicts 28148, phase 20000000, starts 94, UP 20204311
c nbFailedLits 3, nbI 0, fixedVarsByFL 6, totalFixedVars 799, nbTested: 1977, counter 3619118
c VSIDS phase 1: conflicts 20238, phase 20000000, starts 193, UP 17202139
c UB=8 fails, cnfls=62228, hcnfls=4606, core 2180, tier2 306, local 9364, quasiC: 5696 (fixed: 1100122)
c prunedLB 5.32, dev 1.02, succRate 0.80, nbSucc 55785, nbHardens 1 (fixed 1100698), lk: 69762, shorten: 0, pureSo 0, nbFlyRd 445, nbFixedLH 901

c Cardinality: 17586 (Sinz) for UB 16
c nbFailedLits 0, nbI 0, fixedVarsByFL 0, totalFixedVars 580, nbTested: 1001, counter 4327351
c nbFailedLits 0, nbI 0, fixedVarsByFL 0, totalFixedVars 580, nbTested: 1001, counter 4439357
c nbFailedLits 0, nbI 0, fixedVarsByFL 0, totalFixedVars 580, nbTested: 1001, counter 4635321
c ends of initiationization by VSIDS at 72228 conflicts with init 0

c nbFailedLits 0, nbI 0, fixedVarsByFL 0, totalFixedVars 580, nbTested: 1001, counter 4978760
c nbFailedLits 0, nbI 0, fixedVarsByFL 0, totalFixedVars 580, nbTested: 1001, counter 5430254
c LRB phase 2: conflicts 26173, phase 20000000, starts 92, UP 20039292
c nbFailedLits 0, nbI 0, fixedVarsByFL 0, totalFixedVars 580, nbTested: 1001, counter 5991019
c nbFailedLits 0, nbI 0, fixedVarsByFL 0, totalFixedVars 580, nbTested: 1001, counter 6544468
c VSIDS phase 2: conflicts 25772, phase 20000000, starts 150, UP 20071995
c nbFailedLits 0, nbI 0, fixedVarsByFL 0, totalFixedVars 580, nbTested: 1001, counter 7208667
c nbFailedLits 0, nbI 0, fixedVarsByFL 0, totalFixedVars 580, nbTested: 1001, counter 8340701
c nbFailedLits 0, nbI 0, fixedVarsByFL 0, totalFixedVars 580, nbTested: 1001, counter 9301306
c LRB phase 3: conflicts 49633, phase 40000000, starts 133, UP 40097784
c DistQLDPC — QLDPC/CSS minimum distance (symplectic MaxSAT)
c solver: MaxCDCL, cardinality encoding: Sinz only
c Hx: data/matrices/TN_576_2_57_Hx.txt
c Hz: data/matrices/TN_576_2_57_Hz.txt
c Gx: data/matrices/TN_576_2_57_Gx.txt
c Gz: data/matrices/TN_576_2_57_Gz.txt
c Hx: 288 x 576, Hz: 288 x 576, Gx: 2 x 576, Gz: 2 x 576, logicals: 4
c d_lb: 8
c d_ub: -
c status: TIMEOUT (child killed after -cpu-lim)
c d  : UNKNOWN
s UNKNOWN
