c DistQLDPC — QLDPC/CSS minimum distance (symplectic MaxSAT)
c solver: MaxCDCL, cardinality encoding: Sinz only
c Hx: data/matrices/TN_648_10_71_Hx.txt
c Hz: data/matrices/TN_648_10_71_Hz.txt
c Gx: data/matrices/TN_648_10_71_Gx.txt
c Gz: data/matrices/TN_648_10_71_Gz.txt
c Hx: 324 x 648, Hz: 324 x 648, Gx: 10 x 648, Gz: 10 x 648, logicals: 20
c Mono: 0, fixed: 0
c |  Eliminated clauses:           0.21 Mb                                      |
c Reduced to 5149 vars, 27770 cls (c/v ratio==5.4, grow=0)
c No iterative elimination performed. (vars=5149, c/v ratio=5.4)
c ============================[ Search Statistics ]==============================
c | Conflicts |          ORIGINAL         |          LEARNT          | Progress |
c |           |    Vars  Clauses Literals |    Limit  Clauses Lit/Cl |          |
c ===============================================================================
c nb soft clauses: 648, of which 648 unit, 0 nonUnit and 0 empty
c total nb of literals: 104148
c conflLits 0, conflLits2 0, nbFailedLits 0, fixedVarsBypreproc 0, totalFixedVars 668
c 1 conflict sets found with length 323
c fixedCost 0, nbSatLits 0, totalFixedVars 668, objForSearch: 648

c no UB provided, search from scratch...
c ends of initiationization by VSIDS at 0 conflicts with init 10000

c UB=1 fails, cnfls=0, hcnfls=0, core 0, tier2 0, local 0, quasiC: 0 (fixed: 0)
c prunedLB 0.00, dev 0.00, succRate 0.00, nbSucc 0, nbHardens 1 (fixed 648), lk: 1, shorten: 0, pureSo 0, nbFlyRd 0, nbFixedLH 0

c Cardinality: 1940 (Sinz) for UB 2
c ***** top quasi confl at level 0*****
c ends of initiationization by VSIDS at 70 conflicts with init 9930

c UB=2 fails, cnfls=70, hcnfls=70, core 25, tier2 3, local 47, quasiC: 1 (fixed: 155)
c prunedLB 0.00, dev 0.00, succRate 0.00, nbSucc 0, nbHardens 1 (fixed 803), lk: 1, shorten: 0, pureSo 0, nbFlyRd 2, nbFixedLH 0

c Cardinality: 4518 (Sinz) for UB 4
c nbFailedLits 0, nbI 0, fixedVarsByFL 0, totalFixedVars 668, nbTested: 1001, counter 256737
c nbFailedLits 2, nbI 0, fixedVarsByFL 2, totalFixedVars 1024, nbTested: 1104, counter 930767
c ends of initiationization by VSIDS at 8385 conflicts with init 1685

c UB=4 fails, cnfls=8385, hcnfls=4483, core 2698, tier2 443, local 5906, quasiC: 552 (fixed: 65181)
c prunedLB 3.48, dev 0.59, succRate 0.68, nbSucc 3902, nbHardens 1 (fixed 65829), lk: 5754, shorten: 0, pureSo 0, nbFlyRd 82, nbFixedLH 198

c Cardinality: 9650 (Sinz) for UB 8
c nbFailedLits 0, nbI 0, fixedVarsByFL 0, totalFixedVars 669, nbTested: 1001, counter 2086609
c nbFailedLits 0, nbI 0, fixedVarsByFL 0, totalFixedVars 671, nbTested: 1001, counter 2231619
c nbFailedLits 0, nbI 0, fixedVarsByFL 0, totalFixedVars 687, nbTested: 1001, counter 2484282
c ends of initiationization by VSIDS at 18387 conflicts with init -2

c nbFailedLits 0, nbI 0, fixedVarsByFL 0, totalFixedVars 734, nbTested: 1001, counter 2953563
c nbFailedLits 0, nbI 0, fixedVarsByFL 0, totalFixedVars 740, nbTested: 1001, counter 3574779
c LRB phase 1: conflicts 24421, phase 20000000, starts 85, UP 20282687
c nbFailedLits 0, nbI 1, fixedVarsByFL 1, totalFixedVars 786, nbTested: 1327, counter 4457787
c nbFailedLits 0, nbI 0, fixedVarsByFL 0, totalFixedVars 941, nbTested: 1001, counter 5255514
c VSIDS phase 1: conflicts 22520, phase 20000000, starts 211, UP 20045248
c nbFailedLits 0, nbI 0, fixedVarsByFL 0, totalFixedVars 1105, nbTested: 1001, counter 7099913
c ***** top quasi confl at level 0*****
c LRB phase 2: conflicts 12284, phase 40000000, starts 41, UP 11144093
c UB=8 fails, cnfls=77612, hcnfls=11892, core 3523, tier2 131, local 11743, quasiC: 6498 (fixed: 1276531)
c prunedLB 5.47, dev 1.09, succRate 0.79, nbSucc 61819, nbHardens 1 (fixed 1277179), lk: 78556, shorten: 0, pureSo 0, nbFlyRd 540, nbFixedLH 1384

c Cardinality: 19818 (Sinz) for UB 16
c nbFailedLits 0, nbI 0, fixedVarsByFL 0, totalFixedVars 668, nbTested: 1001, counter 8435583
c nbFailedLits 0, nbI 0, fixedVarsByFL 0, totalFixedVars 668, nbTested: 1001, counter 8577849
c nbFailedLits 0, nbI 0, fixedVarsByFL 0, totalFixedVars 668, nbTested: 1001, counter 8783861
c ends of initiationization by VSIDS at 87614 conflicts with init -2

c nbFailedLits 0, nbI 0, fixedVarsByFL 0, totalFixedVars 668, nbTested: 1001, counter 9291960
c nbFailedLits 0, nbI 0, fixedVarsByFL 0, totalFixedVars 668, nbTested: 1001, counter 9888356
c LRB phase 3: conflicts 21833, phase 20000000, starts 73, UP 20051042
c nbFailedLits 0, nbI 0, fixedVarsByFL 0, totalFixedVars 668, nbTested: 1001, counter 10486882
c nbFailedLits 0, nbI 0, fixedVarsByFL 0, totalFixedVars 668, nbTested: 1001, counter 11082272
c VSIDS phase 2: conflicts 23667, phase 20000000, starts 115, UP 20550072
c DistQLDPC — QLDPC/CSS minimum distance (symplectic MaxSAT)
c solver: MaxCDCL, cardinality encoding: Sinz only
c Hx: data/matrices/TN_648_10_71_Hx.txt
c Hz: data/matrices/TN_648_10_71_Hz.txt
c Gx: data/matrices/TN_648_10_71_Gx.txt
c Gz: data/matrices/TN_648_10_71_Gz.txt
c Hx: 324 x 648, Hz: 324 x 648, Gx: 10 x 648, Gz: 10 x 648, logicals: 20
c d_lb: 8
c d_ub: -
c status: TIMEOUT (child killed after -cpu-lim)
c d  : UNKNOWN
s UNKNOWN
