c DistQLDPC — QLDPC/CSS minimum distance (symplectic MaxSAT)
c solver: MaxCDCL, cardinality encoding: off (soft-conflict only)
c Hx: data/matrices/TN_648_14_50_Hx.txt
c Hz: data/matrices/TN_648_14_50_Hz.txt
c Gx: data/matrices/TN_648_14_50_Gx.txt
c Gz: data/matrices/TN_648_14_50_Gz.txt
c Hx: 324 x 648, Hz: 324 x 648, Gx: 14 x 648, Gz: 14 x 648, logicals: 28
c Mono: 0, fixed: 0
c |  Eliminated clauses:           0.23 Mb                                      |
c Reduced to 5591 vars, 30842 cls (c/v ratio==5.5, grow=0)
c No iterative elimination performed. (vars=5591, c/v ratio=5.5)
c ============================[ Search Statistics ]==============================
c | Conflicts |          ORIGINAL         |          LEARNT          | Progress |
c |           |    Vars  Clauses Literals |    Limit  Clauses Lit/Cl |          |
c ===============================================================================
c nb soft clauses: 648, of which 648 unit, 0 nonUnit and 0 empty
c total nb of literals: 115980
c conflLits 0, conflLits2 0, nbFailedLits 0, fixedVarsBypreproc 0, totalFixedVars 676
c 1 conflict sets found with length 329
c fixedCost 0, nbSatLits 0, totalFixedVars 676, objForSearch: 648

c no UB provided, search from scratch...
c ends of initiationization by VSIDS at 0 conflicts with init 10000

c UB=1 fails, cnfls=0, hcnfls=0, core 0, tier2 0, local 0, quasiC: 0 (fixed: 0)
c prunedLB 0.00, dev 0.00, succRate 0.00, nbSucc 0, nbHardens 1 (fixed 648), lk: 1, shorten: 0, pureSo 0, nbFlyRd 0, nbFixedLH 0

c Cardinality: off (soft-conflict only), UB 2
c ***** top quasi confl at level 0*****
c ***** top quasi confl at level 0*****
c ends of initiationization by VSIDS at 341 conflicts with init 9659

c UB=2 fails, cnfls=341, hcnfls=286, core 1963, tier2 7, local 214, quasiC: 2 (fixed: 401)
c prunedLB 2.00, dev 0.00, succRate 0.71, nbSucc 5, nbHardens 252 (fixed 79531), lk: 7, shorten: 0, pureSo 51, nbFlyRd 16, nbFixedLH 0

c Cardinality: off (soft-conflict only), UB 4
c nbFailedLits 0, nbI 1, fixedVarsByFL 1, totalFixedVars 685, nbTested: 1154, counter 59489
c nbFailedLits 1, nbI 0, fixedVarsByFL 1, totalFixedVars 695, nbTested: 1559, counter 202301
c nbFailedLits 0, nbI 0, fixedVarsByFL 0, totalFixedVars 715, nbTested: 1001, counter 478057
c ends of initiationization by VSIDS at 10346 conflicts with init -5

c ***** top quasi confl at level 0*****
c LRB phase 1: conflicts 1105, phase 20000000, starts 7, UP 220283
c UB=4 fails, cnfls=11451, hcnfls=1447, core 2683, tier2 763, local 9657, quasiC: 727 (fixed: 117683)
c prunedLB 3.00, dev 0.67, succRate 0.81, nbSucc 8848, nbHardens 879 (fixed 434603), lk: 10901, shorten: 0, pureSo 1153, nbFlyRd 89, nbFixedLH 154

c Cardinality: off (soft-conflict only), UB 8
c nbFailedLits 0, nbI 0, fixedVarsByFL 0, totalFixedVars 676, nbTested: 1001, counter 660335
c nbFailedLits 0, nbI 0, fixedVarsByFL 0, totalFixedVars 678, nbTested: 1001, counter 771467
c nbFailedLits 0, nbI 0, fixedVarsByFL 0, totalFixedVars 689, nbTested: 1001, counter 964754
c ends of initiationization by VSIDS at 21467 conflicts with init -16

c nbFailedLits 0, nbI 2, fixedVarsByFL 2, totalFixedVars 764, nbTested: 1141, counter 1371185
c nbFailedLits 0, nbI 0, fixedVarsByFL 0, totalFixedVars 786, nbTested: 1001, counter 2009427
c nbFailedLits 0, nbI 0, fixedVarsByFL 0, totalFixedVars 823, nbTested: 1001, counter 2636761
c nbFailedLits 0, nbI 0, fixedVarsByFL 0, totalFixedVars 843, nbTested: 1001, counter 3488110
c nbFailedLits 0, nbI 0, fixedVarsByFL 0, totalFixedVars 843, nbTested: 1001, counter 4358875
c nbFailedLits 0, nbI 0, fixedVarsByFL 0, totalFixedVars 843, nbTested: 1001, counter 5351927
c ***** top quasi confl at level 1*****
c LRB phase 2: conflicts 82801, phase 20000000, starts 253, UP 12494040
c UB=8 fails, cnfls=104268, hcnfls=3859, core 3735, tier2 91, local 2194, quasiC: 10380 (fixed: 2013665)
c prunedLB 5.32, dev 0.99, succRate 0.79, nbSucc 88694, nbHardens 1568 (fixed 2565361), lk: 111839, shorten: 0, pureSo 2865, nbFlyRd 733, nbFixedLH 1496

c Cardinality: off (soft-conflict only), UB 16
c nbFailedLits 0, nbI 0, fixedVarsByFL 0, totalFixedVars 676, nbTested: 1001, counter 6071507
c nbFailedLits 0, nbI 0, fixedVarsByFL 0, totalFixedVars 676, nbTested: 1001, counter 6178867
c nbFailedLits 0, nbI 0, fixedVarsByFL 0, totalFixedVars 676, nbTested: 1001, counter 6390060
c ends of initiationization by VSIDS at 114269 conflicts with init -1

c DistQLDPC — QLDPC/CSS minimum distance (symplectic MaxSAT)
c solver: MaxCDCL, cardinality encoding: off (soft-conflict only)
c Hx: data/matrices/TN_648_14_50_Hx.txt
c Hz: data/matrices/TN_648_14_50_Hz.txt
c Gx: data/matrices/TN_648_14_50_Gx.txt
c Gz: data/matrices/TN_648_14_50_Gz.txt
c Hx: 324 x 648, Hz: 324 x 648, Gx: 14 x 648, Gz: 14 x 648, logicals: 28
c d_lb: 8
c d_ub: -
c status: TIMEOUT (child killed after -cpu-lim)
c d  : UNKNOWN
s UNKNOWN
