c DistQLDPC — QLDPC/CSS minimum distance (symplectic MaxSAT)
c solver: MaxCDCL, cardinality encoding: Sinz+MTO (default, Sinz if n<=100)
c Hx: data/matrices/TN_684_2_29_Hx.txt
c Hz: data/matrices/TN_684_2_29_Hz.txt
c Gx: data/matrices/TN_684_2_29_Gx.txt
c Gz: data/matrices/TN_684_2_29_Gz.txt
c Hx: 342 x 684, Hz: 342 x 684, Gx: 2 x 684, Gz: 2 x 684, logicals: 4
c Mono: 0, fixed: 0
c |  Eliminated clauses:           0.17 Mb                                      |
c Reduced to 4538 vars, 22382 cls (c/v ratio==4.9, grow=0)
c No iterative elimination performed. (vars=4538, c/v ratio=4.9)
c ============================[ Search Statistics ]==============================
c | Conflicts |          ORIGINAL         |          LEARNT          | Progress |
c |           |    Vars  Clauses Literals |    Limit  Clauses Lit/Cl |          |
c ===============================================================================
c nb soft clauses: 684, of which 684 unit, 0 nonUnit and 0 empty
c total nb of literals: 82440
c conflLits 0, conflLits2 0, nbFailedLits 0, fixedVarsBypreproc 0, totalFixedVars 688
c 1 conflict sets found with length 183
c fixedCost 0, nbSatLits 0, totalFixedVars 688, objForSearch: 684

c no UB provided, search from scratch...
c ends of initiationization by VSIDS at 0 conflicts with init 10000

c UB=1 fails, cnfls=0, hcnfls=0, core 0, tier2 0, local 0, quasiC: 0 (fixed: 0)
c prunedLB 0.00, dev 0.00, succRate 0.00, nbSucc 0, nbHardens 1 (fixed 684), lk: 1, shorten: 0, pureSo 0, nbFlyRd 0, nbFixedLH 0

c Cardinality: 2049 (Sinz+MTO) for UB 2
c ***** top quasi confl at level 0*****
c ends of initiationization by VSIDS at 7 conflicts with init 9993

c UB=2 fails, cnfls=7, hcnfls=7, core 5, tier2 0, local 0, quasiC: 1 (fixed: 194)
c prunedLB 0.00, dev 0.00, succRate 0.00, nbSucc 0, nbHardens 1 (fixed 878), lk: 1, shorten: 0, pureSo 0, nbFlyRd 1, nbFixedLH 0

c Cardinality: 4351 (Sinz+MTO) for UB 4
c nbFailedLits 0, nbI 0, fixedVarsByFL 0, totalFixedVars 694, nbTested: 1001, counter 28018
c nbFailedLits 0, nbI 0, fixedVarsByFL 0, totalFixedVars 706, nbTested: 1001, counter 223730
c nbFailedLits 0, nbI 1, fixedVarsByFL 1, totalFixedVars 721, nbTested: 1910, counter 577946
c ends of initiationization by VSIDS at 10007 conflicts with init 0

c LRB phase 1: conflicts 2930, phase 20000000, starts 15, UP 662014
c UB=4 fails, cnfls=12937, hcnfls=1920, core 11648, tier2 405, local 10987, quasiC: 968 (fixed: 194544)
c prunedLB 2.95, dev 0.65, succRate 0.80, nbSucc 9925, nbHardens 841 (fixed 548434), lk: 12387, shorten: 0, pureSo 1093, nbFlyRd 135, nbFixedLH 239

c Cardinality: 6056 (Sinz+MTO) for UB 8
c nbFailedLits 0, nbI 0, fixedVarsByFL 0, totalFixedVars 688, nbTested: 1001, counter 1030876
c nbFailedLits 0, nbI 0, fixedVarsByFL 0, totalFixedVars 690, nbTested: 1001, counter 1177951
c nbFailedLits 0, nbI 0, fixedVarsByFL 0, totalFixedVars 695, nbTested: 1001, counter 1426731
c ends of initiationization by VSIDS at 22959 conflicts with init -22

c nbFailedLits 0, nbI 0, fixedVarsByFL 0, totalFixedVars 705, nbTested: 1001, counter 1850409
c nbFailedLits 0, nbI 0, fixedVarsByFL 0, totalFixedVars 726, nbTested: 1001, counter 2419355
c nbFailedLits 0, nbI 0, fixedVarsByFL 0, totalFixedVars 755, nbTested: 1001, counter 3199177
c nbFailedLits 0, nbI 0, fixedVarsByFL 0, totalFixedVars 765, nbTested: 1001, counter 4155324
c nbFailedLits 0, nbI 0, fixedVarsByFL 0, totalFixedVars 785, nbTested: 1001, counter 5173535
c nbFailedLits 0, nbI 0, fixedVarsByFL 0, totalFixedVars 818, nbTested: 1001, counter 6279905
c nbFailedLits 0, nbI 0, fixedVarsByFL 0, totalFixedVars 827, nbTested: 1001, counter 7866924
c LRB phase 2: conflicts 107577, phase 20000000, starts 268, UP 20023329
c DistQLDPC — QLDPC/CSS minimum distance (symplectic MaxSAT)
c solver: MaxCDCL, cardinality encoding: Sinz+MTO (default, Sinz if n<=100)
c Hx: data/matrices/TN_684_2_29_Hx.txt
c Hz: data/matrices/TN_684_2_29_Hz.txt
c Gx: data/matrices/TN_684_2_29_Gx.txt
c Gz: data/matrices/TN_684_2_29_Gz.txt
c Hx: 342 x 684, Hz: 342 x 684, Gx: 2 x 684, Gz: 2 x 684, logicals: 4
c d_lb: 4
c d_ub: -
c status: TIMEOUT (child killed after -cpu-lim)
c d  : UNKNOWN
s UNKNOWN
