c DistQLDPC — QLDPC/CSS minimum distance (symplectic MaxSAT)
c solver: MaxCDCL, cardinality encoding: off (soft-conflict only)
c Hx: data/matrices/TN_72_14_4_Hx.txt
c Hz: data/matrices/TN_72_14_4_Hz.txt
c Gx: data/matrices/TN_72_14_4_Gx.txt
c Gz: data/matrices/TN_72_14_4_Gz.txt
c Hx: 32 x 72, Hz: 32 x 72, Gx: 14 x 72, Gz: 14 x 72, logicals: 28
c Mono: 0, fixed: 0
c |  Eliminated clauses:           0.01 Mb                                      |
c Reduced to 441 vars, 1882 cls (c/v ratio==4.3, grow=0)
c No iterative elimination performed. (vars=441, c/v ratio=4.3)
c ============================[ Search Statistics ]==============================
c | Conflicts |          ORIGINAL         |          LEARNT          | Progress |
c |           |    Vars  Clauses Literals |    Limit  Clauses Lit/Cl |          |
c ===============================================================================
c nb soft clauses: 72, of which 72 unit, 0 nonUnit and 0 empty
c total nb of literals: 6684
c conflLits 0, conflLits2 0, nbFailedLits 0, fixedVarsBypreproc 0, totalFixedVars 92
c 1 conflict sets found with length 51
c fixedCost 0, nbSatLits 0, totalFixedVars 92, objForSearch: 72

c no UB provided, search from scratch...
c ends of initiationization by VSIDS at 0 conflicts with init 10000

c UB=1 fails, cnfls=0, hcnfls=0, core 0, tier2 0, local 0, quasiC: 0 (fixed: 0)
c prunedLB 0.00, dev 0.00, succRate 0.00, nbSucc 0, nbHardens 1 (fixed 72), lk: 1, shorten: 0, pureSo 0, nbFlyRd 0, nbFixedLH 0

c Cardinality: off (soft-conflict only), UB 2
c ***** top quasi confl at level 0*****
c ends of initiationization by VSIDS at 103 conflicts with init 9897

c UB=2 fails, cnfls=103, hcnfls=57, core 149, tier2 8, local 42, quasiC: 1 (fixed: 19)
c prunedLB 0.00, dev 0.00, succRate 0.00, nbSucc 0, nbHardens 46 (fixed 1645), lk: 1, shorten: 0, pureSo 46, nbFlyRd 11, nbFixedLH 0

c Cardinality: off (soft-conflict only), UB 4
c ends of initiationization by VSIDS at 694 conflicts with init 9409

c UB=4 fails, cnfls=694, hcnfls=236, core 162, tier2 59, local 299, quasiC: 10 (fixed: 285)
c prunedLB 2.66, dev 0.48, succRate 0.95, nbSucc 318, nbHardens 170 (fixed 7956), lk: 333, shorten: 0, pureSo 141, nbFlyRd 30, nbFixedLH 11

c Cardinality: off (soft-conflict only), UB 8
c UB=8 succs, confls=930, hconfls=240, core 124, tier2 87, local 69,  6 soft cls unsat (0 at L0), 92 fixed vars at L0, softCnfl 143, nbFlyRd 30, nbFixedLH 12
c nbHardens 171 (fixed 8102), shorten: 0, prunedLB 3.14, dev 0.53, succRate 0.94, nbSucc 230, lk: 245, shorten: 0, quasiC: 13 (fixed: 371)

c ends of initiationization by VSIDS at 930 conflicts with init 9764


c Cardinality: off (soft-conflict only), UB 6
c UB=6 succs, confls=1053, hconfls=268, core 194, tier2 105, local 138,  4 soft cls unsat (0 at L0), 92 fixed vars at L0, softCnfl 154, nbFlyRd 43, nbFixedLH 15
c nbHardens 183 (fixed 8752), shorten: 0, prunedLB 3.35, dev 0.79, succRate 0.77, nbSucc 84, lk: 109, shorten: 0, quasiC: 13 (fixed: 371)

c LRB phase 1: conflicts 123, phase 20000000, starts 2, UP 3540
c UB=4 fails, cnfls=1053, hcnfls=268, core 194, tier2 105, local 138, quasiC: 13 (fixed: 371)
c prunedLB 0.00, dev 0.00, succRate 0.00, nbSucc 0, nbHardens 183 (fixed 8752), lk: 0, shorten: 0, pureSo 154, nbFlyRd 43, nbFixedLH 15
c ===============================================================================
c initCost: 0, fixedBySearch: 0, optimal: 4, maxsat: 68, hardConflicts: 268
c nbLK: 689, nbSuccLK: 632(91.73%), nbLKup: 154868(336.08%), hardens 183 (fixed 8752), dynVars 0, shorten: 0
c MaxSAT: OPTIMAL, Pauli weight 4 (reported cost 4), vars 752 (base 244 + aux 508)
c DistQLDPC — QLDPC/CSS minimum distance (symplectic MaxSAT)
c solver: MaxCDCL, cardinality encoding: off (soft-conflict only)
c Hx: data/matrices/TN_72_14_4_Hx.txt
c Hz: data/matrices/TN_72_14_4_Hz.txt
c Gx: data/matrices/TN_72_14_4_Gx.txt
c Gz: data/matrices/TN_72_14_4_Gz.txt
c Hx: 32 x 72, Hz: 32 x 72, Gx: 14 x 72, Gz: 14 x 72, logicals: 28
c d_lb: 4
c d_ub: 4
c d  : 4
o 4
