c DistQLDPC — QLDPC/CSS minimum distance (symplectic MaxSAT)
c solver: MaxCDCL, cardinality encoding: off (soft-conflict only)
c Hx: data/matrices/xu_30_Hx.txt
c Hz: data/matrices/xu_30_Hz.txt
c Gx: data/matrices/xu_30_Gx.txt
c Gz: data/matrices/xu_30_Gz.txt
c Hx: 450 x 1020, Hz: 450 x 1020, Gx: 136 x 1020, Gz: 136 x 1020, logicals: 272
c Mono: 0, fixed: 0
c |  Eliminated clauses:           0.56 Mb                                      |
c Reduced to 12968 vars, 75718 cls (c/v ratio==5.8, grow=0)
c |  Eliminated clauses:           0.56 Mb                                      |
c No. effective iterative eliminations: 0
c ============================[ Search Statistics ]==============================
c | Conflicts |          ORIGINAL         |          LEARNT          | Progress |
c |           |    Vars  Clauses Literals |    Limit  Clauses Lit/Cl |          |
c ===============================================================================
c nb soft clauses: 1020, of which 1020 unit, 0 nonUnit and 0 empty
c total nb of literals: 286268
c conflLits 0, conflLits2 0, nbFailedLits 0, fixedVarsBypreproc 0, totalFixedVars 1172
c 1 conflict sets found with length 617
c fixedCost 0, nbSatLits 0, totalFixedVars 1172, objForSearch: 1020

c no UB provided, search from scratch...
c ends of initiationization by VSIDS at 0 conflicts with init 10000

c UB=1 fails, cnfls=0, hcnfls=0, core 0, tier2 0, local 0, quasiC: 0 (fixed: 0)
c prunedLB 0.00, dev 0.00, succRate 0.00, nbSucc 0, nbHardens 1 (fixed 1020), lk: 1, shorten: 0, pureSo 0, nbFlyRd 0, nbFixedLH 0

c Cardinality: off (soft-conflict only), UB 2
c ***** top quasi confl at level 0*****
c ***** top quasi confl at level 0*****
c ends of initiationization by VSIDS at 348 conflicts with init 9652

c UB=2 fails, cnfls=348, hcnfls=274, core 8046, tier2 18, local 212, quasiC: 3 (fixed: 886)
c prunedLB 2.00, dev 0.00, succRate 0.85, nbSucc 17, nbHardens 228 (fixed 91787), lk: 20, shorten: 0, pureSo 58, nbFlyRd 7, nbFixedLH 0

c Cardinality: off (soft-conflict only), UB 4
c nbFailedLits 0, nbI 0, fixedVarsByFL 0, totalFixedVars 1184, nbTested: 1001, counter 107613
c nbFailedLits 0, nbI 0, fixedVarsByFL 0, totalFixedVars 1211, nbTested: 1001, counter 308958
c nbFailedLits 0, nbI 0, fixedVarsByFL 0, totalFixedVars 1236, nbTested: 1001, counter 706268
c ends of initiationization by VSIDS at 10349 conflicts with init -1

c ***** top quasi confl at level 0*****
c LRB phase 1: conflicts 999, phase 20000000, starts 7, UP 346658
c UB=4 fails, cnfls=11348, hcnfls=1323, core 17695, tier2 111, local 9773, quasiC: 697 (fixed: 153824)
c prunedLB 3.09, dev 0.66, succRate 0.80, nbSucc 8708, nbHardens 880 (fixed 606318), lk: 10832, shorten: 0, pureSo 1302, nbFlyRd 45, nbFixedLH 75

c Cardinality: off (soft-conflict only), UB 8
c nbFailedLits 0, nbI 0, fixedVarsByFL 0, totalFixedVars 1172, nbTested: 1001, counter 910549
c nbFailedLits 0, nbI 0, fixedVarsByFL 0, totalFixedVars 1186, nbTested: 1001, counter 1078372
c nbFailedLits 0, nbI 0, fixedVarsByFL 0, totalFixedVars 1202, nbTested: 1001, counter 1344480
c ends of initiationization by VSIDS at 21354 conflicts with init -6

c DistQLDPC — QLDPC/CSS minimum distance (symplectic MaxSAT)
c solver: MaxCDCL, cardinality encoding: off (soft-conflict only)
c Hx: data/matrices/xu_30_Hx.txt
c Hz: data/matrices/xu_30_Hz.txt
c Gx: data/matrices/xu_30_Gx.txt
c Gz: data/matrices/xu_30_Gz.txt
c Hx: 450 x 1020, Hz: 450 x 1020, Gx: 136 x 1020, Gz: 136 x 1020, logicals: 272
c d_lb: 4
c d_ub: -
c status: TIMEOUT (child killed after -cpu-lim)
c d  : UNKNOWN
s UNKNOWN
