[{"algebra_instances": 676, "status": "PASS"}, {"fixture": "css4", "oracle_distance": 2, "status": "PASS"}, {"fixture": "css5", "oracle_distance": 1, "status": "PASS"}, {"smoke_cross_repo_timeouts": "PASS"}]
tier1-BB_90_8_10-no-card-1-baseline 2.347 {'d': 10, 'objective': 10, 'lb': 10, 'ub': 10, 'timeout': False, 'unknown': False}
tier1-BB_90_8_10-no-card-1-candidate 2.199 {'d': 10, 'objective': 10, 'lb': 10, 'ub': 10, 'timeout': False, 'unknown': False}
tier1-BB_90_8_10-no-card-2-candidate 2.216 {'d': 10, 'objective': 10, 'lb': 10, 'ub': 10, 'timeout': False, 'unknown': False}
tier1-BB_90_8_10-no-card-2-baseline 2.366 {'d': 10, 'objective': 10, 'lb': 10, 'ub': 10, 'timeout': False, 'unknown': False}
tier1-BB_90_8_10-no-card-3-baseline 2.349 {'d': 10, 'objective': 10, 'lb': 10, 'ub': 10, 'timeout': False, 'unknown': False}
tier1-BB_90_8_10-no-card-3-candidate 2.216 {'d': 10, 'objective': 10, 'lb': 10, 'ub': 10, 'timeout': False, 'unknown': False}
tier1-BB_90_8_10-card-mto-1-baseline 2.815 {'d': 10, 'objective': 10, 'lb': 10, 'ub': 10, 'timeout': False, 'unknown': False}
tier1-BB_90_8_10-card-mto-1-candidate 2.35 {'d': 10, 'objective': 10, 'lb': 10, 'ub': 10, 'timeout': False, 'unknown': False}
tier1-BB_90_8_10-card-mto-2-candidate 2.348 {'d': 10, 'objective': 10, 'lb': 10, 'ub': 10, 'timeout': False, 'unknown': False}
tier1-BB_90_8_10-card-mto-2-baseline 2.865 {'d': 10, 'objective': 10, 'lb': 10, 'ub': 10, 'timeout': False, 'unknown': False}
tier1-BB_90_8_10-card-mto-3-baseline 2.816 {'d': 10, 'objective': 10, 'lb': 10, 'ub': 10, 'timeout': False, 'unknown': False}
tier1-BB_90_8_10-card-mto-3-candidate 2.366 {'d': 10, 'objective': 10, 'lb': 10, 'ub': 10, 'timeout': False, 'unknown': False}
tier1-GB_144_12_8-no-card-1-baseline 0.982 {'d': 8, 'objective': 8, 'lb': 8, 'ub': 8, 'timeout': False, 'unknown': False}
tier1-GB_144_12_8-no-card-1-candidate 1.449 {'d': 8, 'objective': 8, 'lb': 8, 'ub': 8, 'timeout': False, 'unknown': False}
tier1-GB_144_12_8-no-card-2-candidate 1.449 {'d': 8, 'objective': 8, 'lb': 8, 'ub': 8, 'timeout': False, 'unknown': False}
tier1-GB_144_12_8-no-card-2-baseline 0.982 {'d': 8, 'objective': 8, 'lb': 8, 'ub': 8, 'timeout': False, 'unknown': False}
tier1-GB_144_12_8-no-card-3-baseline 1.016 {'d': 8, 'objective': 8, 'lb': 8, 'ub': 8, 'timeout': False, 'unknown': False}
tier1-GB_144_12_8-no-card-3-candidate 1.498 {'d': 8, 'objective': 8, 'lb': 8, 'ub': 8, 'timeout': False, 'unknown': False}
tier1-GB_144_12_8-card-mto-1-baseline 1.265 {'d': 8, 'objective': 8, 'lb': 8, 'ub': 8, 'timeout': False, 'unknown': False}
tier1-GB_144_12_8-card-mto-1-candidate 1.765 {'d': 8, 'objective': 8, 'lb': 8, 'ub': 8, 'timeout': False, 'unknown': False}
tier1-GB_144_12_8-card-mto-2-candidate 1.767 {'d': 8, 'objective': 8, 'lb': 8, 'ub': 8, 'timeout': False, 'unknown': False}
tier1-GB_144_12_8-card-mto-2-baseline 1.249 {'d': 8, 'objective': 8, 'lb': 8, 'ub': 8, 'timeout': False, 'unknown': False}
tier1-GB_144_12_8-card-mto-3-baseline 1.248 {'d': 8, 'objective': 8, 'lb': 8, 'ub': 8, 'timeout': False, 'unknown': False}
tier1-GB_144_12_8-card-mto-3-candidate 1.765 {'d': 8, 'objective': 8, 'lb': 8, 'ub': 8, 'timeout': False, 'unknown': False}
tier1-BB_108_8_10-no-card-1-baseline 2.865 {'d': 10, 'objective': 10, 'lb': 10, 'ub': 10, 'timeout': False, 'unknown': False}
tier1-BB_108_8_10-no-card-1-candidate 2.567 {'d': 10, 'objective': 10, 'lb': 10, 'ub': 10, 'timeout': False, 'unknown': False}
tier1-BB_108_8_10-no-card-2-candidate 2.516 {'d': 10, 'objective': 10, 'lb': 10, 'ub': 10, 'timeout': False, 'unknown': False}
tier1-BB_108_8_10-no-card-2-baseline 2.865 {'d': 10, 'objective': 10, 'lb': 10, 'ub': 10, 'timeout': False, 'unknown': False}
tier1-BB_108_8_10-no-card-3-baseline 2.866 {'d': 10, 'objective': 10, 'lb': 10, 'ub': 10, 'timeout': False, 'unknown': False}
tier1-BB_108_8_10-no-card-3-candidate 2.516 {'d': 10, 'objective': 10, 'lb': 10, 'ub': 10, 'timeout': False, 'unknown': False}
tier1-BB_108_8_10-card-mto-1-baseline 3.648 {'d': 10, 'objective': 10, 'lb': 10, 'ub': 10, 'timeout': False, 'unknown': False}
tier1-BB_108_8_10-card-mto-1-candidate 2.948 {'d': 10, 'objective': 10, 'lb': 10, 'ub': 10, 'timeout': False, 'unknown': False}
tier1-BB_108_8_10-card-mto-2-candidate 2.949 {'d': 10, 'objective': 10, 'lb': 10, 'ub': 10, 'timeout': False, 'unknown': False}
tier1-BB_108_8_10-card-mto-2-baseline 3.665 {'d': 10, 'objective': 10, 'lb': 10, 'ub': 10, 'timeout': False, 'unknown': False}
tier1-BB_108_8_10-card-mto-3-baseline 3.65 {'d': 10, 'objective': 10, 'lb': 10, 'ub': 10, 'timeout': False, 'unknown': False}
tier1-BB_108_8_10-card-mto-3-candidate 2.964 {'d': 10, 'objective': 10, 'lb': 10, 'ub': 10, 'timeout': False, 'unknown': False}
tier1-LP_238_44_6-no-card-1-baseline 1.882 {'d': 6, 'objective': 6, 'lb': 6, 'ub': 6, 'timeout': False, 'unknown': False}
tier1-LP_238_44_6-no-card-1-candidate 1.799 {'d': 6, 'objective': 6, 'lb': 6, 'ub': 6, 'timeout': False, 'unknown': False}
tier1-LP_238_44_6-no-card-2-candidate 1.799 {'d': 6, 'objective': 6, 'lb': 6, 'ub': 6, 'timeout': False, 'unknown': False}
tier1-LP_238_44_6-no-card-2-baseline 1.88 {'d': 6, 'objective': 6, 'lb': 6, 'ub': 6, 'timeout': False, 'unknown': False}
tier1-LP_238_44_6-no-card-3-baseline 1.866 {'d': 6, 'objective': 6, 'lb': 6, 'ub': 6, 'timeout': False, 'unknown': False}
tier1-LP_238_44_6-no-card-3-candidate 1.781 {'d': 6, 'objective': 6, 'lb': 6, 'ub': 6, 'timeout': False, 'unknown': False}
tier1-LP_238_44_6-card-mto-1-baseline 2.199 {'d': 6, 'objective': 6, 'lb': 6, 'ub': 6, 'timeout': False, 'unknown': False}
tier1-LP_238_44_6-card-mto-1-candidate 1.699 {'d': 6, 'objective': 6, 'lb': 6, 'ub': 6, 'timeout': False, 'unknown': False}
tier1-LP_238_44_6-card-mto-2-candidate 1.698 {'d': 6, 'objective': 6, 'lb': 6, 'ub': 6, 'timeout': False, 'unknown': False}
tier1-LP_238_44_6-card-mto-2-baseline 2.199 {'d': 6, 'objective': 6, 'lb': 6, 'ub': 6, 'timeout': False, 'unknown': False}
tier1-LP_238_44_6-card-mto-3-baseline 2.282 {'d': 6, 'objective': 6, 'lb': 6, 'ub': 6, 'timeout': False, 'unknown': False}
tier1-LP_238_44_6-card-mto-3-candidate 1.715 {'d': 6, 'objective': 6, 'lb': 6, 'ub': 6, 'timeout': False, 'unknown': False}
{
  "decision": "INCONCLUSIVE",
  "tier0": "PASS",
  "tier1": {
    "numeric_filter": "reject",
    "reason": "confirmed per-case regression",
    "medians": [
      {
        "case": "BB_90_8_10",
        "mode": "no-card",
        "baseline_raw": [
          2.3470794000313617,
          2.366026699950453,
          2.3487082999781705
        ],
        "candidate_raw": [
          2.199423999991268,
          2.2159495999803767,
          2.215887699974701
        ],
        "baseline_median": 2.3487082999781705,
        "candidate_median": 2.215887699974701,
        "median_ratio": 0.943449512225633,
        "baseline_range_over_median": 0.0080671149836986,
        "baseline_min": 2.3470794000313617,
        "baseline_max": 2.366026699950453,
        "candidate_min": 2.199423999991268,
        "candidate_max": 2.2159495999803767
      },
      {
        "case": "GB_144_12_8",
        "mode": "no-card",
        "baseline_raw": [
          0.9815674999845214,
          0.98215179995168,
          1.015532199991867
        ],
        "candidate_raw": [
          1.4492278000107035,
          1.4491464999737218,
          1.4981551000382751
        ],
        "baseline_median": 0.98215179995168,
        "candidate_median": 1.4492278000107035,
        "median_ratio": 1.4755639607665565,
        "baseline_range_over_median": 0.03458192512503314,
        "baseline_min": 0.9815674999845214,
        "baseline_max": 1.015532199991867,
        "candidate_min": 1.4491464999737218,
        "candidate_max": 1.4981551000382751
      }
    ]
  },
  "tier2": "not reached",
  "tier3": "not run",
  "reason": "Interactive Windows host; original controlled-host gate not satisfied",
  "correctness": "identical certified distances and bounds for every completed run"
}
