0000.gate.BB_90_8_10.no-card.0.baseline 1.806s o 10 load=1.64
0001.gate.BB_90_8_10.no-card.0.candidate 0.837s o 10 load=1.64
0002.gate.BB_90_8_10.no-card.1.candidate 0.840s o 10 load=1.64
0003.gate.BB_90_8_10.no-card.1.baseline 1.821s o 10 load=1.67
0004.gate.BB_90_8_10.no-card.2.baseline 1.805s o 10 load=1.67
0005.gate.BB_90_8_10.no-card.2.candidate 0.839s o 10 load=1.67
0006.replicate.BB_90_8_10.no-card.0.baseline 1.804s o 10 load=1.67
0007.replicate.BB_90_8_10.no-card.0.candidate 0.848s o 10 load=1.70
0008.replicate.BB_90_8_10.no-card.1.candidate 0.839s o 10 load=1.70
0009.replicate.BB_90_8_10.no-card.1.baseline 1.816s o 10 load=1.70
0010.replicate.BB_90_8_10.no-card.2.baseline 1.826s o 10 load=1.70
0011.replicate.BB_90_8_10.no-card.2.candidate 0.846s o 10 load=2.04
0012.replicate.BB_90_8_10.no-card.3.candidate 0.849s o 10 load=2.04
0013.replicate.BB_90_8_10.no-card.3.baseline 1.834s o 10 load=2.04
0014.replicate.BB_90_8_10.no-card.4.baseline 1.837s o 10 load=2.28
0015.replicate.BB_90_8_10.no-card.4.candidate 0.857s o 10 load=2.28
0016.replicate.BB_90_8_10.no-card.5.candidate 0.859s o 10 load=2.28
0017.replicate.BB_90_8_10.no-card.5.baseline 1.830s o 10 load=2.28
0018.replicate.BB_90_8_10.no-card.6.baseline 1.845s o 10 load=2.17
0019.replicate.BB_90_8_10.no-card.6.candidate 0.852s o 10 load=2.17
0020.replicate.BB_90_8_10.no-card.7.candidate 0.858s o 10 load=2.17
0021.replicate.BB_90_8_10.no-card.7.baseline 1.841s o 10 load=2.17
0022.replicate.BB_90_8_10.no-card.8.baseline 1.848s o 10 load=2.08
0023.replicate.BB_90_8_10.no-card.8.candidate 0.854s o 10 load=2.08
0024.replicate.BB_90_8_10.no-card.9.candidate 0.859s o 10 load=2.08
0025.replicate.BB_90_8_10.no-card.9.baseline 1.857s o 10 load=2.08
0026.gate.BB_90_8_10.card-mto.0.baseline 1.641s o 10 load=2.07
0027.gate.BB_90_8_10.card-mto.0.candidate 1.462s o 10 load=2.07
0028.gate.BB_90_8_10.card-mto.1.candidate 1.453s o 10 load=2.07
0029.gate.BB_90_8_10.card-mto.1.baseline 1.656s o 10 load=1.99
0030.gate.BB_90_8_10.card-mto.2.baseline 1.646s o 10 load=1.99
0031.gate.BB_90_8_10.card-mto.2.candidate 1.458s o 10 load=1.99
0032.replicate.BB_90_8_10.card-mto.0.baseline 1.645s o 10 load=1.91
0033.replicate.BB_90_8_10.card-mto.0.candidate 1.465s o 10 load=1.91
0034.replicate.BB_90_8_10.card-mto.1.candidate 1.458s o 10 load=1.91
0035.replicate.BB_90_8_10.card-mto.1.baseline 1.651s o 10 load=1.83
0036.replicate.BB_90_8_10.card-mto.2.baseline 1.654s o 10 load=1.83
0037.replicate.BB_90_8_10.card-mto.2.candidate 1.454s o 10 load=1.83
0038.replicate.BB_90_8_10.card-mto.3.candidate 1.454s o 10 load=1.77
0039.replicate.BB_90_8_10.card-mto.3.baseline 1.650s o 10 load=1.77
0040.replicate.BB_90_8_10.card-mto.4.baseline 1.646s o 10 load=1.77
0041.replicate.BB_90_8_10.card-mto.4.candidate 1.458s o 10 load=1.71
0042.replicate.BB_90_8_10.card-mto.5.candidate 1.461s o 10 load=1.71
0043.replicate.BB_90_8_10.card-mto.5.baseline 1.646s o 10 load=1.71
0044.replicate.BB_90_8_10.card-mto.6.baseline 1.651s o 10 load=1.71
0045.replicate.BB_90_8_10.card-mto.6.candidate 1.474s o 10 load=1.73
0046.replicate.BB_90_8_10.card-mto.7.candidate 1.460s o 10 load=1.73
0047.replicate.BB_90_8_10.card-mto.7.baseline 1.654s o 10 load=1.73
0048.replicate.BB_90_8_10.card-mto.8.baseline 1.655s o 10 load=1.67
0049.replicate.BB_90_8_10.card-mto.8.candidate 1.467s o 10 load=1.67
0050.replicate.BB_90_8_10.card-mto.9.candidate 1.464s o 10 load=1.67
0051.replicate.BB_90_8_10.card-mto.9.baseline 1.653s o 10 load=1.62
0052.gate.GB_144_12_8.no-card.0.baseline 0.665s o 8 load=1.62
0053.gate.GB_144_12_8.no-card.0.candidate 0.280s o 8 load=1.62
0054.gate.GB_144_12_8.no-card.1.candidate 0.284s o 8 load=1.62
0055.gate.GB_144_12_8.no-card.1.baseline 0.666s o 8 load=1.62
0056.gate.GB_144_12_8.no-card.2.baseline 0.658s o 8 load=1.62
0057.gate.GB_144_12_8.no-card.2.candidate 0.283s o 8 load=1.62
0058.replicate.GB_144_12_8.no-card.0.baseline 0.656s o 8 load=1.57
0059.replicate.GB_144_12_8.no-card.0.candidate 0.288s o 8 load=1.57
0060.replicate.GB_144_12_8.no-card.1.candidate 0.288s o 8 load=1.57
0061.replicate.GB_144_12_8.no-card.1.baseline 0.664s o 8 load=1.57
0062.replicate.GB_144_12_8.no-card.2.baseline 0.672s o 8 load=1.57
0063.replicate.GB_144_12_8.no-card.2.candidate 0.284s o 8 load=1.57
0064.replicate.GB_144_12_8.no-card.3.candidate 0.291s o 8 load=1.57
0065.replicate.GB_144_12_8.no-card.3.baseline 0.657s o 8 load=1.57
0066.replicate.GB_144_12_8.no-card.4.baseline 0.666s o 8 load=1.57
0067.replicate.GB_144_12_8.no-card.4.candidate 0.284s o 8 load=1.57
0068.replicate.GB_144_12_8.no-card.5.candidate 0.291s o 8 load=1.52
0069.replicate.GB_144_12_8.no-card.5.baseline 0.663s o 8 load=1.52
0070.replicate.GB_144_12_8.no-card.6.baseline 0.666s o 8 load=1.52
0071.replicate.GB_144_12_8.no-card.6.candidate 0.277s o 8 load=1.52
0072.replicate.GB_144_12_8.no-card.7.candidate 0.291s o 8 load=1.52
0073.replicate.GB_144_12_8.no-card.7.baseline 0.662s o 8 load=1.52
0074.replicate.GB_144_12_8.no-card.8.baseline 0.659s o 8 load=1.52
0075.replicate.GB_144_12_8.no-card.8.candidate 0.282s o 8 load=1.52
0076.replicate.GB_144_12_8.no-card.9.candidate 0.283s o 8 load=1.52
0077.replicate.GB_144_12_8.no-card.9.baseline 0.664s o 8 load=1.52
0078.gate.GB_144_12_8.card-mto.0.baseline 1.116s o 8 load=1.52
0079.gate.GB_144_12_8.card-mto.0.candidate 0.327s o 8 load=1.64
0080.gate.GB_144_12_8.card-mto.1.candidate 0.333s o 8 load=1.64
0081.gate.GB_144_12_8.card-mto.1.baseline 1.110s o 8 load=1.64
0082.gate.GB_144_12_8.card-mto.2.baseline 1.108s o 8 load=1.64
0083.gate.GB_144_12_8.card-mto.2.candidate 0.327s o 8 load=1.64
0084.replicate.GB_144_12_8.card-mto.0.baseline 1.107s o 8 load=1.64
0085.replicate.GB_144_12_8.card-mto.0.candidate 0.329s o 8 load=1.67
0086.replicate.GB_144_12_8.card-mto.1.candidate 0.336s o 8 load=1.67
0087.replicate.GB_144_12_8.card-mto.1.baseline 1.115s o 8 load=1.67
0088.replicate.GB_144_12_8.card-mto.2.baseline 1.118s o 8 load=1.67
0089.replicate.GB_144_12_8.card-mto.2.candidate 0.325s o 8 load=1.67
0090.replicate.GB_144_12_8.card-mto.3.candidate 0.328s o 8 load=1.67
0091.replicate.GB_144_12_8.card-mto.3.baseline 1.107s o 8 load=1.67
0092.replicate.GB_144_12_8.card-mto.4.baseline 1.111s o 8 load=1.61
0093.replicate.GB_144_12_8.card-mto.4.candidate 0.329s o 8 load=1.61
0094.replicate.GB_144_12_8.card-mto.5.candidate 0.326s o 8 load=1.61
0095.replicate.GB_144_12_8.card-mto.5.baseline 1.117s o 8 load=1.61
0096.replicate.GB_144_12_8.card-mto.6.baseline 1.118s o 8 load=1.61
0097.replicate.GB_144_12_8.card-mto.6.candidate 0.328s o 8 load=1.61
0098.replicate.GB_144_12_8.card-mto.7.candidate 0.337s o 8 load=1.61
0099.replicate.GB_144_12_8.card-mto.7.baseline 1.108s o 8 load=1.61
0100.replicate.GB_144_12_8.card-mto.8.baseline 1.108s o 8 load=1.65
0101.replicate.GB_144_12_8.card-mto.8.candidate 0.333s o 8 load=1.65
0102.replicate.GB_144_12_8.card-mto.9.candidate 0.337s o 8 load=1.65
0103.replicate.GB_144_12_8.card-mto.9.baseline 1.109s o 8 load=1.65
0104.gate.BB_108_8_10.no-card.0.baseline 2.276s o 10 load=1.65
0105.gate.BB_108_8_10.no-card.0.candidate 1.395s o 10 load=1.59
0106.gate.BB_108_8_10.no-card.1.candidate 1.387s o 10 load=1.59
0107.gate.BB_108_8_10.no-card.1.baseline 2.277s o 10 load=1.59
0108.gate.BB_108_8_10.no-card.2.baseline 2.281s o 10 load=1.55
0109.gate.BB_108_8_10.no-card.2.candidate 1.398s o 10 load=1.55
0110.replicate.BB_108_8_10.no-card.0.baseline 2.281s o 10 load=1.50
0111.replicate.BB_108_8_10.no-card.0.candidate 1.393s o 10 load=1.50
0112.replicate.BB_108_8_10.no-card.1.candidate 1.395s o 10 load=1.50
0113.replicate.BB_108_8_10.no-card.1.baseline 2.273s o 10 load=1.46
0114.replicate.BB_108_8_10.no-card.2.baseline 2.286s o 10 load=1.46
0115.replicate.BB_108_8_10.no-card.2.candidate 1.392s o 10 load=1.46
0116.replicate.BB_108_8_10.no-card.3.candidate 1.398s o 10 load=1.42
0117.replicate.BB_108_8_10.no-card.3.baseline 2.279s o 10 load=1.42
0118.replicate.BB_108_8_10.no-card.4.baseline 2.278s o 10 load=1.42
0119.replicate.BB_108_8_10.no-card.4.candidate 1.387s o 10 load=1.39
0120.replicate.BB_108_8_10.no-card.5.candidate 1.398s o 10 load=1.39
0121.replicate.BB_108_8_10.no-card.5.baseline 2.284s o 10 load=1.39
0122.replicate.BB_108_8_10.no-card.6.baseline 2.286s o 10 load=1.44
0123.replicate.BB_108_8_10.no-card.6.candidate 1.405s o 10 load=1.44
0124.replicate.BB_108_8_10.no-card.7.candidate 1.390s o 10 load=1.40
0125.replicate.BB_108_8_10.no-card.7.baseline 2.280s o 10 load=1.40
0126.replicate.BB_108_8_10.no-card.8.baseline 2.288s o 10 load=1.40
0127.replicate.BB_108_8_10.no-card.8.candidate 1.387s o 10 load=1.45
0128.replicate.BB_108_8_10.no-card.9.candidate 1.396s o 10 load=1.45
0129.replicate.BB_108_8_10.no-card.9.baseline 2.283s o 10 load=1.45
0130.gate.BB_108_8_10.card-mto.0.baseline 2.328s o 10 load=1.42
0131.gate.BB_108_8_10.card-mto.0.candidate 1.071s o 10 load=1.42
0132.gate.BB_108_8_10.card-mto.1.candidate 1.072s o 10 load=1.38
0133.gate.BB_108_8_10.card-mto.1.baseline 2.322s o 10 load=1.38
0134.gate.BB_108_8_10.card-mto.2.baseline 2.325s o 10 load=1.38
0135.gate.BB_108_8_10.card-mto.2.candidate 1.063s o 10 load=1.51
0136.replicate.BB_108_8_10.card-mto.0.baseline 2.325s o 10 load=1.51
0137.replicate.BB_108_8_10.card-mto.0.candidate 1.062s o 10 load=1.51
0138.replicate.BB_108_8_10.card-mto.1.candidate 1.061s o 10 load=1.55
0139.replicate.BB_108_8_10.card-mto.1.baseline 2.323s o 10 load=1.55
0140.replicate.BB_108_8_10.card-mto.2.baseline 2.323s o 10 load=1.55
0141.replicate.BB_108_8_10.card-mto.2.candidate 1.070s o 10 load=1.51
0142.replicate.BB_108_8_10.card-mto.3.candidate 1.072s o 10 load=1.51
0143.replicate.BB_108_8_10.card-mto.3.baseline 2.319s o 10 load=1.51
0144.replicate.BB_108_8_10.card-mto.4.baseline 2.327s o 10 load=1.46
0145.replicate.BB_108_8_10.card-mto.4.candidate 1.075s o 10 load=1.46
0146.replicate.BB_108_8_10.card-mto.5.candidate 1.065s o 10 load=1.46
0147.replicate.BB_108_8_10.card-mto.5.baseline 2.325s o 10 load=1.43
0148.replicate.BB_108_8_10.card-mto.6.baseline 2.331s o 10 load=1.43
0149.replicate.BB_108_8_10.card-mto.6.candidate 1.062s o 10 load=1.39
0150.replicate.BB_108_8_10.card-mto.7.candidate 1.073s o 10 load=1.39
0151.replicate.BB_108_8_10.card-mto.7.baseline 2.326s o 10 load=1.39
0152.replicate.BB_108_8_10.card-mto.8.baseline 2.326s o 10 load=1.39
0153.replicate.BB_108_8_10.card-mto.8.candidate 1.072s o 10 load=1.36
0154.replicate.BB_108_8_10.card-mto.9.candidate 1.068s o 10 load=1.36
0155.replicate.BB_108_8_10.card-mto.9.baseline 2.329s o 10 load=1.36
0156.gate.LP_238_44_6.no-card.0.baseline 1.200s o 6 load=1.33
0157.gate.LP_238_44_6.no-card.0.candidate 0.544s o 6 load=1.33
0158.gate.LP_238_44_6.no-card.1.candidate 0.547s o 6 load=1.33
0159.gate.LP_238_44_6.no-card.1.baseline 1.194s o 6 load=1.33
0160.gate.LP_238_44_6.no-card.2.baseline 1.190s o 6 load=1.33
0161.gate.LP_238_44_6.no-card.2.candidate 0.543s o 6 load=1.30
0162.replicate.LP_238_44_6.no-card.0.baseline 1.197s o 6 load=1.30
0163.replicate.LP_238_44_6.no-card.0.candidate 0.539s o 6 load=1.30
0164.replicate.LP_238_44_6.no-card.1.candidate 0.541s o 6 load=1.30
0165.replicate.LP_238_44_6.no-card.1.baseline 1.193s o 6 load=1.30
0166.replicate.LP_238_44_6.no-card.2.baseline 1.204s o 6 load=1.36
0167.replicate.LP_238_44_6.no-card.2.candidate 0.542s o 6 load=1.36
0168.replicate.LP_238_44_6.no-card.3.candidate 0.539s o 6 load=1.36
0169.replicate.LP_238_44_6.no-card.3.baseline 1.200s o 6 load=1.36
0170.replicate.LP_238_44_6.no-card.4.baseline 1.201s o 6 load=1.36
0171.replicate.LP_238_44_6.no-card.4.candidate 0.542s o 6 load=1.36
0172.replicate.LP_238_44_6.no-card.5.candidate 0.545s o 6 load=1.33
0173.replicate.LP_238_44_6.no-card.5.baseline 1.201s o 6 load=1.33
0174.replicate.LP_238_44_6.no-card.6.baseline 1.192s o 6 load=1.33
0175.replicate.LP_238_44_6.no-card.6.candidate 0.540s o 6 load=1.33
0176.replicate.LP_238_44_6.no-card.7.candidate 0.548s o 6 load=1.33
0177.replicate.LP_238_44_6.no-card.7.baseline 1.204s o 6 load=1.33
0178.replicate.LP_238_44_6.no-card.8.baseline 1.192s o 6 load=1.30
0179.replicate.LP_238_44_6.no-card.8.candidate 0.537s o 6 load=1.30
0180.replicate.LP_238_44_6.no-card.9.candidate 0.536s o 6 load=1.30
0181.replicate.LP_238_44_6.no-card.9.baseline 1.207s o 6 load=1.30
0182.gate.LP_238_44_6.card-mto.0.baseline 1.144s o 6 load=1.30
0183.gate.LP_238_44_6.card-mto.0.candidate 0.581s o 6 load=1.36
0184.gate.LP_238_44_6.card-mto.1.candidate 0.582s o 6 load=1.36
0185.gate.LP_238_44_6.card-mto.1.baseline 1.140s o 6 load=1.36
0186.gate.LP_238_44_6.card-mto.2.baseline 1.135s o 6 load=1.36
0187.gate.LP_238_44_6.card-mto.2.candidate 0.575s o 6 load=1.36
0188.replicate.LP_238_44_6.card-mto.0.baseline 1.139s o 6 load=1.36
0189.replicate.LP_238_44_6.card-mto.0.candidate 0.573s o 6 load=1.49
0190.replicate.LP_238_44_6.card-mto.1.candidate 0.575s o 6 load=1.49
0191.replicate.LP_238_44_6.card-mto.1.baseline 1.146s o 6 load=1.49
0192.replicate.LP_238_44_6.card-mto.2.baseline 1.142s o 6 load=1.49
0193.replicate.LP_238_44_6.card-mto.2.candidate 0.583s o 6 load=1.49
0194.replicate.LP_238_44_6.card-mto.3.candidate 0.575s o 6 load=1.49
0195.replicate.LP_238_44_6.card-mto.3.baseline 1.144s o 6 load=1.69
0196.replicate.LP_238_44_6.card-mto.4.baseline 1.144s o 6 load=1.69
0197.replicate.LP_238_44_6.card-mto.4.candidate 0.578s o 6 load=1.69
0198.replicate.LP_238_44_6.card-mto.5.candidate 0.580s o 6 load=1.69
0199.replicate.LP_238_44_6.card-mto.5.baseline 1.138s o 6 load=1.69
0200.replicate.LP_238_44_6.card-mto.6.baseline 1.137s o 6 load=1.69
0201.replicate.LP_238_44_6.card-mto.6.candidate 0.583s o 6 load=1.64
0202.replicate.LP_238_44_6.card-mto.7.candidate 0.576s o 6 load=1.64
0203.replicate.LP_238_44_6.card-mto.7.baseline 1.139s o 6 load=1.64
0204.replicate.LP_238_44_6.card-mto.8.baseline 1.147s o 6 load=1.64
0205.replicate.LP_238_44_6.card-mto.8.candidate 0.577s o 6 load=1.64
0206.replicate.LP_238_44_6.card-mto.9.candidate 0.572s o 6 load=1.58
0207.replicate.LP_238_44_6.card-mto.9.baseline 1.141s o 6 load=1.58
{
 "stopped": null,
 "n_samples": 208,
 "finished": "2026-10-09T17:09:32+0800",
 "binary_sha256_after": {
  "baseline": "3f2fbc4215e17c4a5b5e62d1f10f99619bdf6efaea7881acb46157effe78c9dc",
  "candidate": "adc3e31f17ce7b15a62ef8efe0fff3c844d094dbb12aa69fe7454b8814e01801"
 },
 "input_sha256_after_ok": true
}
gate no-card geomean 0.4848 envelope 0.4879 positive True flags []
gate card-mto geomean 0.49754 envelope 0.50155 positive True flags []
replicate no-card geomean 0.48434 envelope 0.49527 positive True flags []
replicate card-mto geomean 0.49677 envelope 0.50439 positive True flags []
exit=0
