timeout-prefix-ok BB_1080_4_54 card-sinz s UNKNOWN [60.012, 60.077]
timeout-prefix-ok BB_1080_4_54 no-card s UNKNOWN [60.015, 60.076]
timeout-prefix-ok BB_1080_4_54 card-mto s UNKNOWN [60.016, 60.074]
timeout-prefix-ok BB_1080_4_54 default s UNKNOWN [60.015, 60.075]
identical BB_108_8_10 card-sinz o 10 [2.552, 2.56]
identical BB_108_8_10 no-card o 10 [2.608, 2.613]
identical BB_108_8_10 card-mto o 10 [2.664, 2.672]
identical BB_108_8_10 default o 10 [2.665, 2.673]
identical BB_144_12_12 default o 12 [18.701, 18.825]
identical BB_144_12_12 card-mto o 12 [18.702, 18.817]
identical BB_144_12_12 no-card o 12 [19.991, 20.121]
identical BB_144_12_12 card-sinz o 12 [34.873, 35.224]
timeout-prefix-ok BB_144_14_14 default s UNKNOWN [60.011, 60.012]
timeout-prefix-ok BB_144_14_14 no-card s UNKNOWN [60.011, 60.017]
timeout-prefix-ok BB_144_14_14 card-mto s UNKNOWN [60.005, 60.004]
timeout-prefix-ok BB_144_14_14 card-sinz s UNKNOWN [60.005, 60.012]
timeout-prefix-ok BB_288_12_unknown default s UNKNOWN [60.014, 60.007]
timeout-prefix-ok BB_288_12_unknown no-card s UNKNOWN [60.011, 60.008]
timeout-prefix-ok BB_288_12_unknown card-mto s UNKNOWN [60.005, 60.013]
timeout-prefix-ok BB_288_12_unknown card-sinz s UNKNOWN [60.014, 60.01]
timeout-prefix-ok BB_360_12_unknown default s UNKNOWN [60.02, 60.015]
identical BB_72_12_6 default o 6 [0.048, 0.048]
identical BB_72_12_6 no-card o 6 [0.045, 0.045]
timeout-prefix-ok BB_360_12_unknown no-card s UNKNOWN [60.018, 60.011]
identical BB_72_12_6 card-mto o 6 [0.06, 0.056]
identical BB_72_12_6 card-sinz o 6 [0.047, 0.048]
timeout-prefix-ok BB_360_12_unknown card-mto s UNKNOWN [60.021, 60.017]
timeout-prefix-ok BB_360_12_unknown card-sinz s UNKNOWN [60.015, 60.01]
timeout-prefix-ok BB_756_16_34 no-card s UNKNOWN [60.014, 60.012]
timeout-prefix-ok BB_756_16_34 default s UNKNOWN [60.021, 60.015]
timeout-prefix-ok BB_756_16_34 card-mto s UNKNOWN [60.009, 60.031]
timeout-prefix-ok BB_756_16_34 card-sinz s UNKNOWN [60.009, 60.017]
timeout-prefix-ok BB_864_4_40 default s UNKNOWN [60.015, 60.007]
timeout-prefix-ok BB_864_4_40 no-card s UNKNOWN [60.012, 60.022]
timeout-prefix-ok BB_864_4_40 card-mto s UNKNOWN [60.009, 60.014]
identical BB_90_8_10 no-card o 10 [2.144, 2.145]
identical BB_90_8_10 default o 10 [2.294, 2.311]
identical BB_90_8_10 card-mto o 10 [1.902, 1.908]
identical BB_90_8_10 card-sinz o 10 [2.181, 2.197]
timeout-prefix-ok BB_864_4_40 card-sinz s UNKNOWN [60.021, 60.019]
timeout-prefix-ok GB_144_12_12 default s UNKNOWN [60.013, 60.007]
timeout-prefix-ok GB_144_12_12 no-card s UNKNOWN [60.011, 60.01]
identical GB_144_12_8 default o 8 [1.284, 1.278]
identical GB_144_12_8 no-card o 8 [0.767, 0.765]
timeout-prefix-ok GB_144_12_12 card-mto s UNKNOWN [60.01, 60.01]
identical LP_136_32_4 default o 4 [0.138, 0.152]
identical LP_136_32_4 no-card o 4 [0.108, 0.104]
identical LP_136_32_4 card-mto o 4 [0.15, 0.138]
identical GB_144_12_8 card-sinz o 8 [0.892, 0.901]
identical GB_144_12_8 card-mto o 8 [1.281, 1.283]
identical LP_136_32_4 card-sinz o 4 [0.139, 0.139]
timeout-prefix-ok GB_144_12_12 card-sinz s UNKNOWN [60.008, 60.013]
TIMEOUT-PREFIX-MISMATCH LP_1768_224_unknown default s UNKNOWN [60.019, 60.023]
timeout-prefix-ok LP_1768_224_unknown no-card s UNKNOWN [60.016, 60.024]
timeout-prefix-ok LP_1768_224_unknown card-mto s UNKNOWN [60.02, 60.01]
identical LP_238_44_6 default o 6 [1.37, 1.375]
identical LP_238_44_6 card-mto o 6 [1.375, 1.375]
identical LP_238_44_6 no-card o 6 [1.451, 1.443]
identical LP_238_44_6 card-sinz o 6 [1.651, 1.686]
timeout-prefix-ok LP_1768_224_unknown card-sinz s UNKNOWN [60.019, 60.026]
timeout-prefix-ok LP_340_56_8 default s UNKNOWN [60.007, 60.009]
identical LP_34_20_2 default o 2 [0.019, 0.018]
identical LP_34_20_2 no-card o 2 [0.018, 0.018]
identical LP_34_20_2 card-mto o 2 [0.018, 0.018]
timeout-prefix-ok LP_340_56_8 no-card s UNKNOWN [60.008, 60.016]
identical LP_34_20_2 card-sinz o 2 [0.018, 0.014]
timeout-prefix-ok LP_340_56_8 card-mto s UNKNOWN [60.02, 60.008]
timeout-prefix-ok LP_340_56_8 card-sinz s UNKNOWN [60.014, 60.01]
timeout-prefix-ok LP_442_68_10 default s UNKNOWN [60.009, 60.011]
timeout-prefix-ok LP_442_68_10 no-card s UNKNOWN [60.02, 60.011]
timeout-prefix-ok LP_442_68_10 card-mto s UNKNOWN [60.008, 60.015]
timeout-prefix-ok LP_442_68_10 card-sinz s UNKNOWN [60.019, 60.019]
timeout-prefix-ok LP_544_80_12 default s UNKNOWN [60.019, 60.013]
timeout-prefix-ok LP_544_80_12 no-card s UNKNOWN [60.007, 60.014]
timeout-prefix-ok LP_544_80_12 card-mto s UNKNOWN [60.019, 60.017]
timeout-prefix-ok LP_544_80_12 card-sinz s UNKNOWN [60.007, 60.016]
timeout-prefix-ok LP_714_100_unknown default s UNKNOWN [60.014, 60.016]
timeout-prefix-ok LP_714_100_unknown no-card s UNKNOWN [60.013, 60.016]
timeout-prefix-ok LP_714_100_unknown card-mto s UNKNOWN [60.009, 60.012]
timeout-prefix-ok LP_714_100_unknown card-sinz s UNKNOWN [60.011, 60.015]
timeout-prefix-ok PK_31 default s UNKNOWN [60.022, 60.019]
timeout-prefix-ok PK_31 no-card s UNKNOWN [60.02, 60.022]
timeout-prefix-ok PK_31 card-mto s UNKNOWN [60.018, 60.013]
timeout-prefix-ok PK_31 card-sinz s UNKNOWN [60.009, 60.021]
identical TN_108_2_12 default o 12 [29.36, 29.419]
identical TN_108_2_12 card-mto o 12 [29.362, 29.409]
identical TN_108_2_12 no-card o 12 [32.006, 32.113]
identical TN_108_2_12 card-sinz o 12 [41.316, 41.54]
timeout-prefix-ok TN_144_2_13 default s UNKNOWN [60.007, 60.008]
timeout-prefix-ok TN_144_2_13 no-card s UNKNOWN [60.01, 60.008]
timeout-prefix-ok TN_144_2_13 card-mto s UNKNOWN [60.006, 60.012]
timeout-prefix-ok TN_144_2_13 card-sinz s UNKNOWN [60.012, 60.011]
timeout-prefix-ok TN_180_2_17 default s UNKNOWN [60.015, 60.019]
timeout-prefix-ok TN_180_2_17 no-card s UNKNOWN [60.018, 60.014]
timeout-prefix-ok TN_180_2_17 card-mto s UNKNOWN [60.011, 60.021]
identical TN_200_10_10 default o 10 [12.124, 12.146]
identical TN_200_10_10 card-mto o 10 [12.103, 12.208]
timeout-prefix-ok TN_180_2_17 card-sinz s UNKNOWN [60.014, 60.015]
timeout-prefix-ok TN_200_10_10 no-card s UNKNOWN [60.01, 60.017]
timeout-prefix-ok TN_200_10_10 card-sinz s UNKNOWN [60.013, 60.013]
timeout-prefix-ok TN_216_4_18 default s UNKNOWN [60.009, 60.018]
timeout-prefix-ok TN_216_4_18 no-card s UNKNOWN [60.007, 60.015]
timeout-prefix-ok TN_216_4_18 card-mto s UNKNOWN [60.01, 60.006]
timeout-prefix-ok TN_216_4_18 card-sinz s UNKNOWN [60.015, 60.005]
timeout-prefix-ok TN_250_10_15 default s UNKNOWN [60.009, 60.019]
timeout-prefix-ok TN_250_10_15 no-card s UNKNOWN [60.019, 60.008]
timeout-prefix-ok TN_250_10_15 card-mto s UNKNOWN [60.013, 60.024]
timeout-prefix-ok TN_250_10_15 card-sinz s UNKNOWN [60.013, 60.015]
timeout-prefix-ok TN_252_2_21 default s UNKNOWN [60.008, 60.018]
timeout-prefix-ok TN_252_2_21 no-card s UNKNOWN [60.014, 60.017]
timeout-prefix-ok TN_252_2_21 card-mto s UNKNOWN [60.007, 60.006]
timeout-prefix-ok TN_252_2_21 card-sinz s UNKNOWN [60.018, 60.008]
timeout-prefix-ok TN_288_2_24 default s UNKNOWN [60.018, 60.014]
timeout-prefix-ok TN_288_2_24 no-card s UNKNOWN [60.018, 60.017]
timeout-prefix-ok TN_288_2_24 card-mto s UNKNOWN [60.01, 60.016]
timeout-prefix-ok TN_288_2_24 card-sinz s UNKNOWN [60.01, 60.01]
timeout-prefix-ok TN_324_4_25 default s UNKNOWN [60.015, 60.022]
timeout-prefix-ok TN_324_4_25 no-card s UNKNOWN [60.007, 60.014]
timeout-prefix-ok TN_324_4_25 card-mto s UNKNOWN [60.015, 60.013]
timeout-prefix-ok TN_324_4_25 card-sinz s UNKNOWN [60.018, 60.015]
timeout-prefix-ok TN_360_4_24 default s UNKNOWN [60.018, 60.017]
identical TN_36_8_3 default o 3 [0.015, 0.018]
identical TN_36_8_3 no-card o 3 [0.018, 0.018]
identical TN_36_8_3 card-mto o 3 [0.018, 0.018]
identical TN_36_8_3 card-sinz o 3 [0.018, 0.016]
identical TN_36_8_4 default o 4 [0.018, 0.018]
identical TN_36_8_4 no-card o 4 [0.018, 0.014]
identical TN_36_8_4 card-mto o 4 [0.03, 0.03]
identical TN_36_8_4 card-sinz o 4 [0.018, 0.013]
timeout-prefix-ok TN_360_4_24 no-card s UNKNOWN [60.017, 60.009]
timeout-prefix-ok TN_360_4_24 card-mto s UNKNOWN [60.026, 60.019]
timeout-prefix-ok TN_360_4_24 card-sinz s UNKNOWN [60.015, 60.016]
timeout-prefix-ok TN_396_4_26 default s UNKNOWN [60.016, 60.018]
timeout-prefix-ok TN_396_4_26 no-card s UNKNOWN [60.013, 60.008]
timeout-prefix-ok TN_396_4_26 card-mto s UNKNOWN [60.016, 60.01]
timeout-prefix-ok TN_396_4_26 card-sinz s UNKNOWN [60.016, 60.014]
TIMEOUT-PREFIX-MISMATCH TN_432_8_33 default s UNKNOWN [60.009, 60.008]
timeout-prefix-ok TN_432_8_33 no-card s UNKNOWN [60.011, 60.022]
timeout-prefix-ok TN_432_8_33 card-mto s UNKNOWN [60.01, 60.019]
timeout-prefix-ok TN_432_8_33 card-sinz s UNKNOWN [60.021, 60.01]
timeout-prefix-ok TN_468_4_31 default s UNKNOWN [60.01, 60.015]
timeout-prefix-ok TN_468_4_31 no-card s UNKNOWN [60.011, 60.01]
timeout-prefix-ok TN_468_4_31 card-mto s UNKNOWN [60.016, 60.01]
timeout-prefix-ok TN_468_4_31 card-sinz s UNKNOWN [60.006, 60.019]
timeout-prefix-ok TN_496_2_32 default s UNKNOWN [60.016, 60.009]
timeout-prefix-ok TN_496_2_32 no-card s UNKNOWN [60.006, 60.019]
timeout-prefix-ok TN_496_2_32 card-mto s UNKNOWN [60.006, 60.009]
timeout-prefix-ok TN_496_2_32 card-sinz s UNKNOWN [60.012, 60.018]
timeout-prefix-ok TN_504_2_45 default s UNKNOWN [60.015, 60.028]
timeout-prefix-ok TN_504_2_45 no-card s UNKNOWN [60.018, 60.018]
timeout-prefix-ok TN_504_2_45 card-mto s UNKNOWN [60.008, 60.019]
timeout-prefix-ok TN_504_2_45 card-sinz s UNKNOWN [60.013, 60.008]
timeout-prefix-ok TN_540_4_40 default s UNKNOWN [60.008, 60.007]
identical TN_54_11_4 default o 4 [0.018, 0.018]
identical TN_54_11_4 no-card o 4 [0.017, 0.014]
identical TN_54_11_4 card-mto o 4 [0.017, 0.018]
identical TN_54_11_4 card-sinz o 4 [0.018, 0.018]
timeout-prefix-ok TN_540_4_40 no-card s UNKNOWN [60.015, 60.017]
timeout-prefix-ok TN_540_4_40 card-mto s UNKNOWN [60.024, 60.014]
timeout-prefix-ok TN_540_4_40 card-sinz s UNKNOWN [60.01, 60.007]
timeout-prefix-ok TN_576_2_57 default s UNKNOWN [60.017, 60.024]
timeout-prefix-ok TN_576_2_57 no-card s UNKNOWN [60.018, 60.01]
timeout-prefix-ok TN_576_2_57 card-mto s UNKNOWN [60.01, 60.011]
timeout-prefix-ok TN_576_2_57 card-sinz s UNKNOWN [60.011, 60.018]
timeout-prefix-ok TN_576_2_59 default s UNKNOWN [60.015, 60.02]
timeout-prefix-ok TN_576_2_59 no-card s UNKNOWN [60.021, 60.011]
timeout-prefix-ok TN_576_2_59 card-mto s UNKNOWN [60.012, 60.013]
timeout-prefix-ok TN_576_2_59 card-sinz s UNKNOWN [60.011, 60.017]
timeout-prefix-ok TN_612_2_52 default s UNKNOWN [60.013, 60.019]
timeout-prefix-ok TN_612_2_52 no-card s UNKNOWN [60.01, 60.021]
timeout-prefix-ok TN_612_2_52 card-mto s UNKNOWN [60.008, 60.02]
timeout-prefix-ok TN_612_2_52 card-sinz s UNKNOWN [60.006, 60.007]
timeout-prefix-ok TN_648_10_71 default s UNKNOWN [60.023, 60.02]
timeout-prefix-ok TN_648_10_71 no-card s UNKNOWN [60.009, 60.022]
timeout-prefix-ok TN_648_10_71 card-mto s UNKNOWN [60.011, 60.01]
timeout-prefix-ok TN_648_10_71 card-sinz s UNKNOWN [60.016, 60.01]
timeout-prefix-ok TN_648_14_50 default s UNKNOWN [60.022, 60.023]
timeout-prefix-ok TN_648_14_50 no-card s UNKNOWN [60.008, 60.007]
timeout-prefix-ok TN_648_14_50 card-mto s UNKNOWN [60.007, 60.017]
timeout-prefix-ok TN_648_14_50 card-sinz s UNKNOWN [60.015, 60.022]
timeout-prefix-ok TN_684_2_29 default s UNKNOWN [60.009, 60.021]
identical TN_72_14_4 default o 4 [0.031, 0.03]
identical TN_72_14_4 no-card o 4 [0.029, 0.03]
identical TN_72_14_4 card-mto o 4 [0.03, 0.018]
identical TN_72_14_4 card-sinz o 4 [0.048, 0.046]
identical TN_72_8_8 default o 8 [0.586, 0.611]
identical TN_72_8_8 no-card o 8 [0.649, 0.654]
identical TN_72_8_8 card-mto o 8 [0.736, 0.746]
identical TN_72_8_8 card-sinz o 8 [0.629, 0.638]
timeout-prefix-ok TN_684_2_29 no-card s UNKNOWN [60.024, 60.021]
timeout-prefix-ok TN_684_2_29 card-mto s UNKNOWN [60.017, 60.022]
timeout-prefix-ok TN_684_2_29 card-sinz s UNKNOWN [60.018, 60.019]
timeout-prefix-ok xu_30 default s UNKNOWN [60.013, 60.025]
timeout-prefix-ok xu_30 no-card s UNKNOWN [60.018, 60.02]
timeout-prefix-ok xu_30 card-mto s UNKNOWN [60.009, 60.02]
timeout-prefix-ok xu_30 card-sinz s UNKNOWN [60.013, 60.01]
timeout-prefix-ok xu_42 default s UNKNOWN [60.027, 60.021]
timeout-prefix-ok xu_42 no-card s UNKNOWN [60.018, 60.02]
timeout-prefix-ok xu_42 card-mto s UNKNOWN [60.024, 60.021]
timeout-prefix-ok xu_42 card-sinz s UNKNOWN [60.021, 60.021]
{"TIMEOUT-PREFIX-MISMATCH": 2, "identical": 58, "timeout-prefix-ok": 140} STOP: MISMATCH
exit=2
