{"summary": {"timeout-child-prefix-ok": 142, "identical": 58}, "original_summary": {"TIMEOUT-PREFIX-MISMATCH": 2, "identical": 58, "timeout-prefix-ok": 140}, "all_ok": true}
{'stem': 'BB_1080_4_54', 'mode': 'card-mto', 'original_kind': 'timeout-prefix-ok', 'rejudged_kind': 'timeout-child-prefix-ok', 'ok': True, 'info': {'child_bytes': [2741, 2741], 'bounds_base': (4, None), 'bounds_cand': (4, None), 'prefix': True, 'status_ok': True, 'bounds_sound_vs_name': True}}
{'stem': 'BB_1080_4_54', 'mode': 'card-sinz', 'original_kind': 'timeout-prefix-ok', 'rejudged_kind': 'timeout-child-prefix-ok', 'ok': True, 'info': {'child_bytes': [3445, 3445], 'bounds_base': (4, None), 'bounds_cand': (4, None), 'prefix': True, 'status_ok': True, 'bounds_sound_vs_name': True}}
{'stem': 'BB_1080_4_54', 'mode': 'default', 'original_kind': 'timeout-prefix-ok', 'rejudged_kind': 'timeout-child-prefix-ok', 'ok': True, 'info': {'child_bytes': [2782, 2782], 'bounds_base': (4, None), 'bounds_cand': (4, None), 'prefix': True, 'status_ok': True, 'bounds_sound_vs_name': True}}
{'stem': 'BB_1080_4_54', 'mode': 'no-card', 'original_kind': 'timeout-prefix-ok', 'rejudged_kind': 'timeout-child-prefix-ok', 'ok': True, 'info': {'child_bytes': [2767, 2767], 'bounds_base': (4, None), 'bounds_cand': (4, None), 'prefix': True, 'status_ok': True, 'bounds_sound_vs_name': True}}
{'stem': 'BB_144_14_14', 'mode': 'card-mto', 'original_kind': 'timeout-prefix-ok', 'rejudged_kind': 'timeout-child-prefix-ok', 'ok': True, 'info': {'child_bytes': [4950, 4950], 'bounds_base': (8, None), 'bounds_cand': (8, None), 'prefix': True, 'status_ok': True, 'bounds_sound_vs_name': True}}
{'stem': 'BB_144_14_14', 'mode': 'card-sinz', 'original_kind': 'timeout-prefix-ok', 'rejudged_kind': 'timeout-child-prefix-ok', 'ok': True, 'info': {'child_bytes': [5964, 5964], 'bounds_base': (8, 14), 'bounds_cand': (8, 14), 'prefix': True, 'status_ok': True, 'bounds_sound_vs_name': True}}
{'stem': 'BB_144_14_14', 'mode': 'default', 'original_kind': 'timeout-prefix-ok', 'rejudged_kind': 'timeout-child-prefix-ok', 'ok': True, 'info': {'child_bytes': [4996, 4996], 'bounds_base': (8, None), 'bounds_cand': (8, None), 'prefix': True, 'status_ok': True, 'bounds_sound_vs_name': True}}
{'stem': 'BB_144_14_14', 'mode': 'no-card', 'original_kind': 'timeout-prefix-ok', 'rejudged_kind': 'timeout-child-prefix-ok', 'ok': True, 'info': {'child_bytes': [5254, 5254], 'bounds_base': (8, 14), 'bounds_cand': (8, 14), 'prefix': True, 'status_ok': True, 'bounds_sound_vs_name': True}}
{'stem': 'BB_288_12_unknown', 'mode': 'card-mto', 'original_kind': 'timeout-prefix-ok', 'rejudged_kind': 'timeout-child-prefix-ok', 'ok': True, 'info': {'child_bytes': [4642, 4642], 'bounds_base': (8, None), 'bounds_cand': (8, None), 'prefix': True, 'status_ok': True, 'bounds_sound_vs_name': True}}
{'stem': 'BB_288_12_unknown', 'mode': 'card-sinz', 'original_kind': 'timeout-prefix-ok', 'rejudged_kind': 'timeout-child-prefix-ok', 'ok': True, 'info': {'child_bytes': [4965, 4965], 'bounds_base': (8, None), 'bounds_cand': (8, None), 'prefix': True, 'status_ok': True, 'bounds_sound_vs_name': True}}
{'stem': 'BB_288_12_unknown', 'mode': 'default', 'original_kind': 'timeout-prefix-ok', 'rejudged_kind': 'timeout-child-prefix-ok', 'ok': True, 'info': {'child_bytes': [4688, 4688], 'bounds_base': (8, None), 'bounds_cand': (8, None), 'prefix': True, 'status_ok': True, 'bounds_sound_vs_name': True}}
{'stem': 'BB_288_12_unknown', 'mode': 'no-card', 'original_kind': 'timeout-prefix-ok', 'rejudged_kind': 'timeout-child-prefix-ok', 'ok': True, 'info': {'child_bytes': [4679, 4679], 'bounds_base': (8, None), 'bounds_cand': (8, None), 'prefix': True, 'status_ok': True, 'bounds_sound_vs_name': True}}
{'stem': 'BB_360_12_unknown', 'mode': 'card-mto', 'original_kind': 'timeout-prefix-ok', 'rejudged_kind': 'timeout-child-prefix-ok', 'ok': True, 'info': {'child_bytes': [4615, 4615], 'bounds_base': (8, None), 'bounds_cand': (8, None), 'prefix': True, 'status_ok': True, 'bounds_sound_vs_name': True}}
{'stem': 'BB_360_12_unknown', 'mode': 'card-sinz', 'original_kind': 'timeout-prefix-ok', 'rejudged_kind': 'timeout-child-prefix-ok', 'ok': True, 'info': {'child_bytes': [4838, 4838], 'bounds_base': (8, None), 'bounds_cand': (8, None), 'prefix': True, 'status_ok': True, 'bounds_sound_vs_name': True}}
{'stem': 'BB_360_12_unknown', 'mode': 'default', 'original_kind': 'timeout-prefix-ok', 'rejudged_kind': 'timeout-child-prefix-ok', 'ok': True, 'info': {'child_bytes': [4661, 4661], 'bounds_base': (8, None), 'bounds_cand': (8, None), 'prefix': True, 'status_ok': True, 'bounds_sound_vs_name': True}}
{'stem': 'BB_360_12_unknown', 'mode': 'no-card', 'original_kind': 'timeout-prefix-ok', 'rejudged_kind': 'timeout-child-prefix-ok', 'ok': True, 'info': {'child_bytes': [4686, 4686], 'bounds_base': (8, None), 'bounds_cand': (8, None), 'prefix': True, 'status_ok': True, 'bounds_sound_vs_name': True}}
{'stem': 'BB_756_16_34', 'mode': 'card-mto', 'original_kind': 'timeout-prefix-ok', 'rejudged_kind': 'timeout-child-prefix-ok', 'ok': True, 'info': {'child_bytes': [3785, 3785], 'bounds_base': (8, None), 'bounds_cand': (8, None), 'prefix': True, 'status_ok': True, 'bounds_sound_vs_name': True}}
{'stem': 'BB_756_16_34', 'mode': 'card-sinz', 'original_kind': 'timeout-prefix-ok', 'rejudged_kind': 'timeout-child-prefix-ok', 'ok': True, 'info': {'child_bytes': [3731, 3731], 'bounds_base': (8, None), 'bounds_cand': (8, None), 'prefix': True, 'status_ok': True, 'bounds_sound_vs_name': True}}
{'stem': 'BB_756_16_34', 'mode': 'default', 'original_kind': 'timeout-prefix-ok', 'rejudged_kind': 'timeout-child-prefix-ok', 'ok': True, 'info': {'child_bytes': [3826, 3826], 'bounds_base': (8, None), 'bounds_cand': (8, None), 'prefix': True, 'status_ok': True, 'bounds_sound_vs_name': True}}
{'stem': 'BB_756_16_34', 'mode': 'no-card', 'original_kind': 'timeout-prefix-ok', 'rejudged_kind': 'timeout-child-prefix-ok', 'ok': True, 'info': {'child_bytes': [3902, 3902], 'bounds_base': (8, None), 'bounds_cand': (8, None), 'prefix': True, 'status_ok': True, 'bounds_sound_vs_name': True}}
{'stem': 'BB_864_4_40', 'mode': 'card-mto', 'original_kind': 'timeout-prefix-ok', 'rejudged_kind': 'timeout-child-prefix-ok', 'ok': True, 'info': {'child_bytes': [3876, 3876], 'bounds_base': (8, None), 'bounds_cand': (8, None), 'prefix': True, 'status_ok': True, 'bounds_sound_vs_name': True}}
{'stem': 'BB_864_4_40', 'mode': 'card-sinz', 'original_kind': 'timeout-prefix-ok', 'rejudged_kind': 'timeout-child-prefix-ok', 'ok': True, 'info': {'child_bytes': [3987, 3987], 'bounds_base': (8, None), 'bounds_cand': (8, None), 'prefix': True, 'status_ok': True, 'bounds_sound_vs_name': True}}
{'stem': 'BB_864_4_40', 'mode': 'default', 'original_kind': 'timeout-prefix-ok', 'rejudged_kind': 'timeout-child-prefix-ok', 'ok': True, 'info': {'child_bytes': [3917, 3917], 'bounds_base': (8, None), 'bounds_cand': (8, None), 'prefix': True, 'status_ok': True, 'bounds_sound_vs_name': True}}
{'stem': 'BB_864_4_40', 'mode': 'no-card', 'original_kind': 'timeout-prefix-ok', 'rejudged_kind': 'timeout-child-prefix-ok', 'ok': True, 'info': {'child_bytes': [3853, 3853], 'bounds_base': (8, None), 'bounds_cand': (8, None), 'prefix': True, 'status_ok': True, 'bounds_sound_vs_name': True}}
{'stem': 'GB_144_12_12', 'mode': 'card-mto', 'original_kind': 'timeout-prefix-ok', 'rejudged_kind': 'timeout-child-prefix-ok', 'ok': True, 'info': {'child_bytes': [5361, 5361], 'bounds_base': (8, 15), 'bounds_cand': (8, 15), 'prefix': True, 'status_ok': True, 'bounds_sound_vs_name': True}}
{'stem': 'GB_144_12_12', 'mode': 'card-sinz', 'original_kind': 'timeout-prefix-ok', 'rejudged_kind': 'timeout-child-prefix-ok', 'ok': True, 'info': {'child_bytes': [5952, 5952], 'bounds_base': (8, 15), 'bounds_cand': (8, 15), 'prefix': True, 'status_ok': True, 'bounds_sound_vs_name': True}}
{'stem': 'GB_144_12_12', 'mode': 'default', 'original_kind': 'timeout-prefix-ok', 'rejudged_kind': 'timeout-child-prefix-ok', 'ok': True, 'info': {'child_bytes': [5412, 5412], 'bounds_base': (8, 15), 'bounds_cand': (8, 15), 'prefix': True, 'status_ok': True, 'bounds_sound_vs_name': True}}
{'stem': 'GB_144_12_12', 'mode': 'no-card', 'original_kind': 'timeout-prefix-ok', 'rejudged_kind': 'timeout-child-prefix-ok', 'ok': True, 'info': {'child_bytes': [5916, 5916], 'bounds_base': (8, 14), 'bounds_cand': (8, 14), 'prefix': True, 'status_ok': True, 'bounds_sound_vs_name': True}}
{'stem': 'LP_1768_224_unknown', 'mode': 'card-mto', 'original_kind': 'timeout-prefix-ok', 'rejudged_kind': 'timeout-child-prefix-ok', 'ok': True, 'info': {'child_bytes': [2851, 2851], 'bounds_base': (4, None), 'bounds_cand': (4, None), 'prefix': True, 'status_ok': True, 'bounds_sound_vs_name': True}}
{'stem': 'LP_1768_224_unknown', 'mode': 'card-sinz', 'original_kind': 'timeout-prefix-ok', 'rejudged_kind': 'timeout-child-prefix-ok', 'ok': True, 'info': {'child_bytes': [3137, 3137], 'bounds_base': (4, None), 'bounds_cand': (4, None), 'prefix': True, 'status_ok': True, 'bounds_sound_vs_name': True}}
{'stem': 'LP_1768_224_unknown', 'mode': 'default', 'original_kind': 'TIMEOUT-PREFIX-MISMATCH', 'rejudged_kind': 'timeout-child-prefix-ok', 'ok': True, 'info': {'child_bytes': [3243, 2887], 'bounds_base': (4, None), 'bounds_cand': (4, None), 'prefix': True, 'status_ok': True, 'bounds_sound_vs_name': True}}
{'stem': 'LP_1768_224_unknown', 'mode': 'no-card', 'original_kind': 'timeout-prefix-ok', 'rejudged_kind': 'timeout-child-prefix-ok', 'ok': True, 'info': {'child_bytes': [3271, 3271], 'bounds_base': (4, None), 'bounds_cand': (4, None), 'prefix': True, 'status_ok': True, 'bounds_sound_vs_name': True}}
{'stem': 'LP_340_56_8', 'mode': 'card-mto', 'original_kind': 'timeout-prefix-ok', 'rejudged_kind': 'timeout-child-prefix-ok', 'ok': True, 'info': {'child_bytes': [5192, 5192], 'bounds_base': (8, 14), 'bounds_cand': (8, 14), 'prefix': True, 'status_ok': True, 'bounds_sound_vs_name': True}}
{'stem': 'LP_340_56_8', 'mode': 'card-sinz', 'original_kind': 'timeout-prefix-ok', 'rejudged_kind': 'timeout-child-prefix-ok', 'ok': True, 'info': {'child_bytes': [5470, 5470], 'bounds_base': (8, 14), 'bounds_cand': (8, 14), 'prefix': True, 'status_ok': True, 'bounds_sound_vs_name': True}}
{'stem': 'LP_340_56_8', 'mode': 'default', 'original_kind': 'timeout-prefix-ok', 'rejudged_kind': 'timeout-child-prefix-ok', 'ok': True, 'info': {'child_bytes': [5243, 5243], 'bounds_base': (8, 14), 'bounds_cand': (8, 14), 'prefix': True, 'status_ok': True, 'bounds_sound_vs_name': True}}
{'stem': 'LP_340_56_8', 'mode': 'no-card', 'original_kind': 'timeout-prefix-ok', 'rejudged_kind': 'timeout-child-prefix-ok', 'ok': True, 'info': {'child_bytes': [5550, 5550], 'bounds_base': (8, 14), 'bounds_cand': (8, 14), 'prefix': True, 'status_ok': True, 'bounds_sound_vs_name': True}}
{'stem': 'LP_442_68_10', 'mode': 'card-mto', 'original_kind': 'timeout-prefix-ok', 'rejudged_kind': 'timeout-child-prefix-ok', 'ok': True, 'info': {'child_bytes': [3971, 3971], 'bounds_base': (8, None), 'bounds_cand': (8, None), 'prefix': True, 'status_ok': True, 'bounds_sound_vs_name': True}}
{'stem': 'LP_442_68_10', 'mode': 'card-sinz', 'original_kind': 'timeout-prefix-ok', 'rejudged_kind': 'timeout-child-prefix-ok', 'ok': True, 'info': {'child_bytes': [4929, 4929], 'bounds_base': (8, None), 'bounds_cand': (8, None), 'prefix': True, 'status_ok': True, 'bounds_sound_vs_name': True}}
{'stem': 'LP_442_68_10', 'mode': 'default', 'original_kind': 'timeout-prefix-ok', 'rejudged_kind': 'timeout-child-prefix-ok', 'ok': True, 'info': {'child_bytes': [4017, 4017], 'bounds_base': (8, None), 'bounds_cand': (8, None), 'prefix': True, 'status_ok': True, 'bounds_sound_vs_name': True}}
{'stem': 'LP_442_68_10', 'mode': 'no-card', 'original_kind': 'timeout-prefix-ok', 'rejudged_kind': 'timeout-child-prefix-ok', 'ok': True, 'info': {'child_bytes': [4027, 4027], 'bounds_base': (8, None), 'bounds_cand': (8, None), 'prefix': True, 'status_ok': True, 'bounds_sound_vs_name': True}}
{'stem': 'LP_544_80_12', 'mode': 'card-mto', 'original_kind': 'timeout-prefix-ok', 'rejudged_kind': 'timeout-child-prefix-ok', 'ok': True, 'info': {'child_bytes': [4070, 4070], 'bounds_base': (8, None), 'bounds_cand': (8, None), 'prefix': True, 'status_ok': True, 'bounds_sound_vs_name': True}}
{'stem': 'LP_544_80_12', 'mode': 'card-sinz', 'original_kind': 'timeout-prefix-ok', 'rejudged_kind': 'timeout-child-prefix-ok', 'ok': True, 'info': {'child_bytes': [4936, 4936], 'bounds_base': (8, None), 'bounds_cand': (8, None), 'prefix': True, 'status_ok': True, 'bounds_sound_vs_name': True}}
{'stem': 'LP_544_80_12', 'mode': 'default', 'original_kind': 'timeout-prefix-ok', 'rejudged_kind': 'timeout-child-prefix-ok', 'ok': True, 'info': {'child_bytes': [4116, 4116], 'bounds_base': (8, None), 'bounds_cand': (8, None), 'prefix': True, 'status_ok': True, 'bounds_sound_vs_name': True}}
{'stem': 'LP_544_80_12', 'mode': 'no-card', 'original_kind': 'timeout-prefix-ok', 'rejudged_kind': 'timeout-child-prefix-ok', 'ok': True, 'info': {'child_bytes': [4225, 4225], 'bounds_base': (8, None), 'bounds_cand': (8, None), 'prefix': True, 'status_ok': True, 'bounds_sound_vs_name': True}}
{'stem': 'LP_714_100_unknown', 'mode': 'card-mto', 'original_kind': 'timeout-prefix-ok', 'rejudged_kind': 'timeout-child-prefix-ok', 'ok': True, 'info': {'child_bytes': [4232, 4232], 'bounds_base': (8, None), 'bounds_cand': (8, None), 'prefix': True, 'status_ok': True, 'bounds_sound_vs_name': True}}
{'stem': 'LP_714_100_unknown', 'mode': 'card-sinz', 'original_kind': 'timeout-prefix-ok', 'rejudged_kind': 'timeout-child-prefix-ok', 'ok': True, 'info': {'child_bytes': [4288, 4288], 'bounds_base': (8, None), 'bounds_cand': (8, None), 'prefix': True, 'status_ok': True, 'bounds_sound_vs_name': True}}
{'stem': 'LP_714_100_unknown', 'mode': 'default', 'original_kind': 'timeout-prefix-ok', 'rejudged_kind': 'timeout-child-prefix-ok', 'ok': True, 'info': {'child_bytes': [4273, 4273], 'bounds_base': (8, None), 'bounds_cand': (8, None), 'prefix': True, 'status_ok': True, 'bounds_sound_vs_name': True}}
{'stem': 'LP_714_100_unknown', 'mode': 'no-card', 'original_kind': 'timeout-prefix-ok', 'rejudged_kind': 'timeout-child-prefix-ok', 'ok': True, 'info': {'child_bytes': [4437, 4437], 'bounds_base': (8, None), 'bounds_cand': (8, None), 'prefix': True, 'status_ok': True, 'bounds_sound_vs_name': True}}
{'stem': 'PK_31', 'mode': 'card-mto', 'original_kind': 'timeout-prefix-ok', 'rejudged_kind': 'timeout-child-prefix-ok', 'ok': True, 'info': {'child_bytes': [3108, 3108], 'bounds_base': (4, None), 'bounds_cand': (4, None), 'prefix': True, 'status_ok': True, 'bounds_sound_vs_name': True}}
{'stem': 'PK_31', 'mode': 'card-sinz', 'original_kind': 'timeout-prefix-ok', 'rejudged_kind': 'timeout-child-prefix-ok', 'ok': True, 'info': {'child_bytes': [3749, 3749], 'bounds_base': (4, None), 'bounds_cand': (4, None), 'prefix': True, 'status_ok': True, 'bounds_sound_vs_name': True}}
{'stem': 'PK_31', 'mode': 'default', 'original_kind': 'timeout-prefix-ok', 'rejudged_kind': 'timeout-child-prefix-ok', 'ok': True, 'info': {'child_bytes': [3149, 3149], 'bounds_base': (4, None), 'bounds_cand': (4, None), 'prefix': True, 'status_ok': True, 'bounds_sound_vs_name': True}}
{'stem': 'PK_31', 'mode': 'no-card', 'original_kind': 'timeout-prefix-ok', 'rejudged_kind': 'timeout-child-prefix-ok', 'ok': True, 'info': {'child_bytes': [3117, 3117], 'bounds_base': (4, None), 'bounds_cand': (4, None), 'prefix': True, 'status_ok': True, 'bounds_sound_vs_name': True}}
{'stem': 'TN_144_2_13', 'mode': 'card-mto', 'original_kind': 'timeout-prefix-ok', 'rejudged_kind': 'timeout-child-prefix-ok', 'ok': True, 'info': {'child_bytes': [4996, 4996], 'bounds_base': (8, 15), 'bounds_cand': (8, 15), 'prefix': True, 'status_ok': True, 'bounds_sound_vs_name': True}}
{'stem': 'TN_144_2_13', 'mode': 'card-sinz', 'original_kind': 'timeout-prefix-ok', 'rejudged_kind': 'timeout-child-prefix-ok', 'ok': True, 'info': {'child_bytes': [5099, 5099], 'bounds_base': (8, None), 'bounds_cand': (8, None), 'prefix': True, 'status_ok': True, 'bounds_sound_vs_name': True}}
{'stem': 'TN_144_2_13', 'mode': 'default', 'original_kind': 'timeout-prefix-ok', 'rejudged_kind': 'timeout-child-prefix-ok', 'ok': True, 'info': {'child_bytes': [5042, 5042], 'bounds_base': (8, 15), 'bounds_cand': (8, 15), 'prefix': True, 'status_ok': True, 'bounds_sound_vs_name': True}}
{'stem': 'TN_144_2_13', 'mode': 'no-card', 'original_kind': 'timeout-prefix-ok', 'rejudged_kind': 'timeout-child-prefix-ok', 'ok': True, 'info': {'child_bytes': [5356, 5356], 'bounds_base': (8, 15), 'bounds_cand': (8, 15), 'prefix': True, 'status_ok': True, 'bounds_sound_vs_name': True}}
{'stem': 'TN_180_2_17', 'mode': 'card-mto', 'original_kind': 'timeout-prefix-ok', 'rejudged_kind': 'timeout-child-prefix-ok', 'ok': True, 'info': {'child_bytes': [4861, 4861], 'bounds_base': (8, None), 'bounds_cand': (8, None), 'prefix': True, 'status_ok': True, 'bounds_sound_vs_name': True}}
{'stem': 'TN_180_2_17', 'mode': 'card-sinz', 'original_kind': 'timeout-prefix-ok', 'rejudged_kind': 'timeout-child-prefix-ok', 'ok': True, 'info': {'child_bytes': [4991, 4991], 'bounds_base': (8, None), 'bounds_cand': (8, None), 'prefix': True, 'status_ok': True, 'bounds_sound_vs_name': True}}
{'stem': 'TN_180_2_17', 'mode': 'default', 'original_kind': 'timeout-prefix-ok', 'rejudged_kind': 'timeout-child-prefix-ok', 'ok': True, 'info': {'child_bytes': [4907, 4907], 'bounds_base': (8, None), 'bounds_cand': (8, None), 'prefix': True, 'status_ok': True, 'bounds_sound_vs_name': True}}
{'stem': 'TN_180_2_17', 'mode': 'no-card', 'original_kind': 'timeout-prefix-ok', 'rejudged_kind': 'timeout-child-prefix-ok', 'ok': True, 'info': {'child_bytes': [4967, 4967], 'bounds_base': (8, None), 'bounds_cand': (8, None), 'prefix': True, 'status_ok': True, 'bounds_sound_vs_name': True}}
{'stem': 'TN_200_10_10', 'mode': 'card-sinz', 'original_kind': 'timeout-prefix-ok', 'rejudged_kind': 'timeout-child-prefix-ok', 'ok': True, 'info': {'child_bytes': [5538, 5538], 'bounds_base': (8, 10), 'bounds_cand': (8, 10), 'prefix': True, 'status_ok': True, 'bounds_sound_vs_name': True}}
{'stem': 'TN_200_10_10', 'mode': 'no-card', 'original_kind': 'timeout-prefix-ok', 'rejudged_kind': 'timeout-child-prefix-ok', 'ok': True, 'info': {'child_bytes': [5501, 5501], 'bounds_base': (8, 10), 'bounds_cand': (8, 10), 'prefix': True, 'status_ok': True, 'bounds_sound_vs_name': True}}
{'stem': 'TN_216_4_18', 'mode': 'card-mto', 'original_kind': 'timeout-prefix-ok', 'rejudged_kind': 'timeout-child-prefix-ok', 'ok': True, 'info': {'child_bytes': [4818, 4818], 'bounds_base': (8, None), 'bounds_cand': (8, None), 'prefix': True, 'status_ok': True, 'bounds_sound_vs_name': True}}
{'stem': 'TN_216_4_18', 'mode': 'card-sinz', 'original_kind': 'timeout-prefix-ok', 'rejudged_kind': 'timeout-child-prefix-ok', 'ok': True, 'info': {'child_bytes': [4922, 4922], 'bounds_base': (8, None), 'bounds_cand': (8, None), 'prefix': True, 'status_ok': True, 'bounds_sound_vs_name': True}}
{'stem': 'TN_216_4_18', 'mode': 'default', 'original_kind': 'timeout-prefix-ok', 'rejudged_kind': 'timeout-child-prefix-ok', 'ok': True, 'info': {'child_bytes': [4864, 4864], 'bounds_base': (8, None), 'bounds_cand': (8, None), 'prefix': True, 'status_ok': True, 'bounds_sound_vs_name': True}}
{'stem': 'TN_216_4_18', 'mode': 'no-card', 'original_kind': 'timeout-prefix-ok', 'rejudged_kind': 'timeout-child-prefix-ok', 'ok': True, 'info': {'child_bytes': [5079, 5079], 'bounds_base': (8, None), 'bounds_cand': (8, None), 'prefix': True, 'status_ok': True, 'bounds_sound_vs_name': True}}
{'stem': 'TN_250_10_15', 'mode': 'card-mto', 'original_kind': 'timeout-prefix-ok', 'rejudged_kind': 'timeout-child-prefix-ok', 'ok': True, 'info': {'child_bytes': [4678, 4678], 'bounds_base': (8, None), 'bounds_cand': (8, None), 'prefix': True, 'status_ok': True, 'bounds_sound_vs_name': True}}
{'stem': 'TN_250_10_15', 'mode': 'card-sinz', 'original_kind': 'timeout-prefix-ok', 'rejudged_kind': 'timeout-child-prefix-ok', 'ok': True, 'info': {'child_bytes': [4784, 4784], 'bounds_base': (8, None), 'bounds_cand': (8, None), 'prefix': True, 'status_ok': True, 'bounds_sound_vs_name': True}}
{'stem': 'TN_250_10_15', 'mode': 'default', 'original_kind': 'timeout-prefix-ok', 'rejudged_kind': 'timeout-child-prefix-ok', 'ok': True, 'info': {'child_bytes': [4724, 4724], 'bounds_base': (8, None), 'bounds_cand': (8, None), 'prefix': True, 'status_ok': True, 'bounds_sound_vs_name': True}}
{'stem': 'TN_250_10_15', 'mode': 'no-card', 'original_kind': 'timeout-prefix-ok', 'rejudged_kind': 'timeout-child-prefix-ok', 'ok': True, 'info': {'child_bytes': [4746, 4746], 'bounds_base': (8, None), 'bounds_cand': (8, None), 'prefix': True, 'status_ok': True, 'bounds_sound_vs_name': True}}
{'stem': 'TN_252_2_21', 'mode': 'card-mto', 'original_kind': 'timeout-prefix-ok', 'rejudged_kind': 'timeout-child-prefix-ok', 'ok': True, 'info': {'child_bytes': [4817, 4817], 'bounds_base': (8, None), 'bounds_cand': (8, None), 'prefix': True, 'status_ok': True, 'bounds_sound_vs_name': True}}
{'stem': 'TN_252_2_21', 'mode': 'card-sinz', 'original_kind': 'timeout-prefix-ok', 'rejudged_kind': 'timeout-child-prefix-ok', 'ok': True, 'info': {'child_bytes': [5188, 5188], 'bounds_base': (8, None), 'bounds_cand': (8, None), 'prefix': True, 'status_ok': True, 'bounds_sound_vs_name': True}}
{'stem': 'TN_252_2_21', 'mode': 'default', 'original_kind': 'timeout-prefix-ok', 'rejudged_kind': 'timeout-child-prefix-ok', 'ok': True, 'info': {'child_bytes': [4863, 4863], 'bounds_base': (8, None), 'bounds_cand': (8, None), 'prefix': True, 'status_ok': True, 'bounds_sound_vs_name': True}}
{'stem': 'TN_252_2_21', 'mode': 'no-card', 'original_kind': 'timeout-prefix-ok', 'rejudged_kind': 'timeout-child-prefix-ok', 'ok': True, 'info': {'child_bytes': [4887, 4887], 'bounds_base': (8, None), 'bounds_cand': (8, None), 'prefix': True, 'status_ok': True, 'bounds_sound_vs_name': True}}
{'stem': 'TN_288_2_24', 'mode': 'card-mto', 'original_kind': 'timeout-prefix-ok', 'rejudged_kind': 'timeout-child-prefix-ok', 'ok': True, 'info': {'child_bytes': [4853, 4853], 'bounds_base': (8, None), 'bounds_cand': (8, None), 'prefix': True, 'status_ok': True, 'bounds_sound_vs_name': True}}
{'stem': 'TN_288_2_24', 'mode': 'card-sinz', 'original_kind': 'timeout-prefix-ok', 'rejudged_kind': 'timeout-child-prefix-ok', 'ok': True, 'info': {'child_bytes': [5222, 5222], 'bounds_base': (8, None), 'bounds_cand': (8, None), 'prefix': True, 'status_ok': True, 'bounds_sound_vs_name': True}}
{'stem': 'TN_288_2_24', 'mode': 'default', 'original_kind': 'timeout-prefix-ok', 'rejudged_kind': 'timeout-child-prefix-ok', 'ok': True, 'info': {'child_bytes': [4899, 4899], 'bounds_base': (8, None), 'bounds_cand': (8, None), 'prefix': True, 'status_ok': True, 'bounds_sound_vs_name': True}}
{'stem': 'TN_288_2_24', 'mode': 'no-card', 'original_kind': 'timeout-prefix-ok', 'rejudged_kind': 'timeout-child-prefix-ok', 'ok': True, 'info': {'child_bytes': [4990, 4990], 'bounds_base': (8, None), 'bounds_cand': (8, None), 'prefix': True, 'status_ok': True, 'bounds_sound_vs_name': True}}
{'stem': 'TN_324_4_25', 'mode': 'card-mto', 'original_kind': 'timeout-prefix-ok', 'rejudged_kind': 'timeout-child-prefix-ok', 'ok': True, 'info': {'child_bytes': [4823, 4823], 'bounds_base': (8, None), 'bounds_cand': (8, None), 'prefix': True, 'status_ok': True, 'bounds_sound_vs_name': True}}
{'stem': 'TN_324_4_25', 'mode': 'card-sinz', 'original_kind': 'timeout-prefix-ok', 'rejudged_kind': 'timeout-child-prefix-ok', 'ok': True, 'info': {'child_bytes': [4837, 4837], 'bounds_base': (8, None), 'bounds_cand': (8, None), 'prefix': True, 'status_ok': True, 'bounds_sound_vs_name': True}}
{'stem': 'TN_324_4_25', 'mode': 'default', 'original_kind': 'timeout-prefix-ok', 'rejudged_kind': 'timeout-child-prefix-ok', 'ok': True, 'info': {'child_bytes': [4869, 4869], 'bounds_base': (8, None), 'bounds_cand': (8, None), 'prefix': True, 'status_ok': True, 'bounds_sound_vs_name': True}}
{'stem': 'TN_324_4_25', 'mode': 'no-card', 'original_kind': 'timeout-prefix-ok', 'rejudged_kind': 'timeout-child-prefix-ok', 'ok': True, 'info': {'child_bytes': [5130, 5130], 'bounds_base': (8, None), 'bounds_cand': (8, None), 'prefix': True, 'status_ok': True, 'bounds_sound_vs_name': True}}
{'stem': 'TN_360_4_24', 'mode': 'card-mto', 'original_kind': 'timeout-prefix-ok', 'rejudged_kind': 'timeout-child-prefix-ok', 'ok': True, 'info': {'child_bytes': [4879, 4879], 'bounds_base': (8, None), 'bounds_cand': (8, None), 'prefix': True, 'status_ok': True, 'bounds_sound_vs_name': True}}
{'stem': 'TN_360_4_24', 'mode': 'card-sinz', 'original_kind': 'timeout-prefix-ok', 'rejudged_kind': 'timeout-child-prefix-ok', 'ok': True, 'info': {'child_bytes': [4743, 4743], 'bounds_base': (8, None), 'bounds_cand': (8, None), 'prefix': True, 'status_ok': True, 'bounds_sound_vs_name': True}}
{'stem': 'TN_360_4_24', 'mode': 'default', 'original_kind': 'timeout-prefix-ok', 'rejudged_kind': 'timeout-child-prefix-ok', 'ok': True, 'info': {'child_bytes': [4925, 4925], 'bounds_base': (8, None), 'bounds_cand': (8, None), 'prefix': True, 'status_ok': True, 'bounds_sound_vs_name': True}}
{'stem': 'TN_360_4_24', 'mode': 'no-card', 'original_kind': 'timeout-prefix-ok', 'rejudged_kind': 'timeout-child-prefix-ok', 'ok': True, 'info': {'child_bytes': [4857, 4857], 'bounds_base': (8, None), 'bounds_cand': (8, None), 'prefix': True, 'status_ok': True, 'bounds_sound_vs_name': True}}
{'stem': 'TN_396_4_26', 'mode': 'card-mto', 'original_kind': 'timeout-prefix-ok', 'rejudged_kind': 'timeout-child-prefix-ok', 'ok': True, 'info': {'child_bytes': [4003, 4003], 'bounds_base': (8, None), 'bounds_cand': (8, None), 'prefix': True, 'status_ok': True, 'bounds_sound_vs_name': True}}
{'stem': 'TN_396_4_26', 'mode': 'card-sinz', 'original_kind': 'timeout-prefix-ok', 'rejudged_kind': 'timeout-child-prefix-ok', 'ok': True, 'info': {'child_bytes': [4778, 4778], 'bounds_base': (8, None), 'bounds_cand': (8, None), 'prefix': True, 'status_ok': True, 'bounds_sound_vs_name': True}}
{'stem': 'TN_396_4_26', 'mode': 'default', 'original_kind': 'timeout-prefix-ok', 'rejudged_kind': 'timeout-child-prefix-ok', 'ok': True, 'info': {'child_bytes': [4049, 4049], 'bounds_base': (8, None), 'bounds_cand': (8, None), 'prefix': True, 'status_ok': True, 'bounds_sound_vs_name': True}}
{'stem': 'TN_396_4_26', 'mode': 'no-card', 'original_kind': 'timeout-prefix-ok', 'rejudged_kind': 'timeout-child-prefix-ok', 'ok': True, 'info': {'child_bytes': [5086, 5086], 'bounds_base': (8, None), 'bounds_cand': (8, None), 'prefix': True, 'status_ok': True, 'bounds_sound_vs_name': True}}
{'stem': 'TN_432_8_33', 'mode': 'card-mto', 'original_kind': 'timeout-prefix-ok', 'rejudged_kind': 'timeout-child-prefix-ok', 'ok': True, 'info': {'child_bytes': [3813, 3813], 'bounds_base': (8, None), 'bounds_cand': (8, None), 'prefix': True, 'status_ok': True, 'bounds_sound_vs_name': True}}
{'stem': 'TN_432_8_33', 'mode': 'card-sinz', 'original_kind': 'timeout-prefix-ok', 'rejudged_kind': 'timeout-child-prefix-ok', 'ok': True, 'info': {'child_bytes': [4952, 4952], 'bounds_base': (8, None), 'bounds_cand': (8, None), 'prefix': True, 'status_ok': True, 'bounds_sound_vs_name': True}}
{'stem': 'TN_432_8_33', 'mode': 'default', 'original_kind': 'TIMEOUT-PREFIX-MISMATCH', 'rejudged_kind': 'timeout-child-prefix-ok', 'ok': True, 'info': {'child_bytes': [4872, 3859], 'bounds_base': (8, None), 'bounds_cand': (8, None), 'prefix': True, 'status_ok': True, 'bounds_sound_vs_name': True}}
{'stem': 'TN_432_8_33', 'mode': 'no-card', 'original_kind': 'timeout-prefix-ok', 'rejudged_kind': 'timeout-child-prefix-ok', 'ok': True, 'info': {'child_bytes': [4991, 4991], 'bounds_base': (8, None), 'bounds_cand': (8, None), 'prefix': True, 'status_ok': True, 'bounds_sound_vs_name': True}}
{'stem': 'TN_468_4_31', 'mode': 'card-mto', 'original_kind': 'timeout-prefix-ok', 'rejudged_kind': 'timeout-child-prefix-ok', 'ok': True, 'info': {'child_bytes': [3967, 3967], 'bounds_base': (8, None), 'bounds_cand': (8, None), 'prefix': True, 'status_ok': True, 'bounds_sound_vs_name': True}}
{'stem': 'TN_468_4_31', 'mode': 'card-sinz', 'original_kind': 'timeout-prefix-ok', 'rejudged_kind': 'timeout-child-prefix-ok', 'ok': True, 'info': {'child_bytes': [4918, 4918], 'bounds_base': (8, None), 'bounds_cand': (8, None), 'prefix': True, 'status_ok': True, 'bounds_sound_vs_name': True}}
{'stem': 'TN_468_4_31', 'mode': 'default', 'original_kind': 'timeout-prefix-ok', 'rejudged_kind': 'timeout-child-prefix-ok', 'ok': True, 'info': {'child_bytes': [4013, 4013], 'bounds_base': (8, None), 'bounds_cand': (8, None), 'prefix': True, 'status_ok': True, 'bounds_sound_vs_name': True}}
{'stem': 'TN_468_4_31', 'mode': 'no-card', 'original_kind': 'timeout-prefix-ok', 'rejudged_kind': 'timeout-child-prefix-ok', 'ok': True, 'info': {'child_bytes': [4201, 4201], 'bounds_base': (8, None), 'bounds_cand': (8, None), 'prefix': True, 'status_ok': True, 'bounds_sound_vs_name': True}}
{'stem': 'TN_496_2_32', 'mode': 'card-mto', 'original_kind': 'timeout-prefix-ok', 'rejudged_kind': 'timeout-child-prefix-ok', 'ok': True, 'info': {'child_bytes': [4912, 4912], 'bounds_base': (8, None), 'bounds_cand': (8, None), 'prefix': True, 'status_ok': True, 'bounds_sound_vs_name': True}}
{'stem': 'TN_496_2_32', 'mode': 'card-sinz', 'original_kind': 'timeout-prefix-ok', 'rejudged_kind': 'timeout-child-prefix-ok', 'ok': True, 'info': {'child_bytes': [4869, 4869], 'bounds_base': (8, None), 'bounds_cand': (8, None), 'prefix': True, 'status_ok': True, 'bounds_sound_vs_name': True}}
{'stem': 'TN_496_2_32', 'mode': 'default', 'original_kind': 'timeout-prefix-ok', 'rejudged_kind': 'timeout-child-prefix-ok', 'ok': True, 'info': {'child_bytes': [4958, 4958], 'bounds_base': (8, None), 'bounds_cand': (8, None), 'prefix': True, 'status_ok': True, 'bounds_sound_vs_name': True}}
{'stem': 'TN_496_2_32', 'mode': 'no-card', 'original_kind': 'timeout-prefix-ok', 'rejudged_kind': 'timeout-child-prefix-ok', 'ok': True, 'info': {'child_bytes': [4178, 4178], 'bounds_base': (8, None), 'bounds_cand': (8, None), 'prefix': True, 'status_ok': True, 'bounds_sound_vs_name': True}}
{'stem': 'TN_504_2_45', 'mode': 'card-mto', 'original_kind': 'timeout-prefix-ok', 'rejudged_kind': 'timeout-child-prefix-ok', 'ok': True, 'info': {'child_bytes': [3910, 3910], 'bounds_base': (8, None), 'bounds_cand': (8, None), 'prefix': True, 'status_ok': True, 'bounds_sound_vs_name': True}}
{'stem': 'TN_504_2_45', 'mode': 'card-sinz', 'original_kind': 'timeout-prefix-ok', 'rejudged_kind': 'timeout-child-prefix-ok', 'ok': True, 'info': {'child_bytes': [4916, 4916], 'bounds_base': (8, None), 'bounds_cand': (8, None), 'prefix': True, 'status_ok': True, 'bounds_sound_vs_name': True}}
{'stem': 'TN_504_2_45', 'mode': 'default', 'original_kind': 'timeout-prefix-ok', 'rejudged_kind': 'timeout-child-prefix-ok', 'ok': True, 'info': {'child_bytes': [3956, 3956], 'bounds_base': (8, None), 'bounds_cand': (8, None), 'prefix': True, 'status_ok': True, 'bounds_sound_vs_name': True}}
{'stem': 'TN_504_2_45', 'mode': 'no-card', 'original_kind': 'timeout-prefix-ok', 'rejudged_kind': 'timeout-child-prefix-ok', 'ok': True, 'info': {'child_bytes': [4285, 4285], 'bounds_base': (8, None), 'bounds_cand': (8, None), 'prefix': True, 'status_ok': True, 'bounds_sound_vs_name': True}}
{'stem': 'TN_540_4_40', 'mode': 'card-mto', 'original_kind': 'timeout-prefix-ok', 'rejudged_kind': 'timeout-child-prefix-ok', 'ok': True, 'info': {'child_bytes': [4143, 4143], 'bounds_base': (8, None), 'bounds_cand': (8, None), 'prefix': True, 'status_ok': True, 'bounds_sound_vs_name': True}}
{'stem': 'TN_540_4_40', 'mode': 'card-sinz', 'original_kind': 'timeout-prefix-ok', 'rejudged_kind': 'timeout-child-prefix-ok', 'ok': True, 'info': {'child_bytes': [4824, 4824], 'bounds_base': (8, None), 'bounds_cand': (8, None), 'prefix': True, 'status_ok': True, 'bounds_sound_vs_name': True}}
{'stem': 'TN_540_4_40', 'mode': 'default', 'original_kind': 'timeout-prefix-ok', 'rejudged_kind': 'timeout-child-prefix-ok', 'ok': True, 'info': {'child_bytes': [4189, 4189], 'bounds_base': (8, None), 'bounds_cand': (8, None), 'prefix': True, 'status_ok': True, 'bounds_sound_vs_name': True}}
{'stem': 'TN_540_4_40', 'mode': 'no-card', 'original_kind': 'timeout-prefix-ok', 'rejudged_kind': 'timeout-child-prefix-ok', 'ok': True, 'info': {'child_bytes': [4174, 4174], 'bounds_base': (8, None), 'bounds_cand': (8, None), 'prefix': True, 'status_ok': True, 'bounds_sound_vs_name': True}}
{'stem': 'TN_576_2_57', 'mode': 'card-mto', 'original_kind': 'timeout-prefix-ok', 'rejudged_kind': 'timeout-child-prefix-ok', 'ok': True, 'info': {'child_bytes': [4207, 4207], 'bounds_base': (8, None), 'bounds_cand': (8, None), 'prefix': True, 'status_ok': True, 'bounds_sound_vs_name': True}}
{'stem': 'TN_576_2_57', 'mode': 'card-sinz', 'original_kind': 'timeout-prefix-ok', 'rejudged_kind': 'timeout-child-prefix-ok', 'ok': True, 'info': {'child_bytes': [4724, 4724], 'bounds_base': (8, None), 'bounds_cand': (8, None), 'prefix': True, 'status_ok': True, 'bounds_sound_vs_name': True}}
{'stem': 'TN_576_2_57', 'mode': 'default', 'original_kind': 'timeout-prefix-ok', 'rejudged_kind': 'timeout-child-prefix-ok', 'ok': True, 'info': {'child_bytes': [4253, 4253], 'bounds_base': (8, None), 'bounds_cand': (8, None), 'prefix': True, 'status_ok': True, 'bounds_sound_vs_name': True}}
{'stem': 'TN_576_2_57', 'mode': 'no-card', 'original_kind': 'timeout-prefix-ok', 'rejudged_kind': 'timeout-child-prefix-ok', 'ok': True, 'info': {'child_bytes': [4333, 4333], 'bounds_base': (8, None), 'bounds_cand': (8, None), 'prefix': True, 'status_ok': True, 'bounds_sound_vs_name': True}}
{'stem': 'TN_576_2_59', 'mode': 'card-mto', 'original_kind': 'timeout-prefix-ok', 'rejudged_kind': 'timeout-child-prefix-ok', 'ok': True, 'info': {'child_bytes': [4207, 4207], 'bounds_base': (8, None), 'bounds_cand': (8, None), 'prefix': True, 'status_ok': True, 'bounds_sound_vs_name': True}}
{'stem': 'TN_576_2_59', 'mode': 'card-sinz', 'original_kind': 'timeout-prefix-ok', 'rejudged_kind': 'timeout-child-prefix-ok', 'ok': True, 'info': {'child_bytes': [4724, 4724], 'bounds_base': (8, None), 'bounds_cand': (8, None), 'prefix': True, 'status_ok': True, 'bounds_sound_vs_name': True}}
{'stem': 'TN_576_2_59', 'mode': 'default', 'original_kind': 'timeout-prefix-ok', 'rejudged_kind': 'timeout-child-prefix-ok', 'ok': True, 'info': {'child_bytes': [4253, 4253], 'bounds_base': (8, None), 'bounds_cand': (8, None), 'prefix': True, 'status_ok': True, 'bounds_sound_vs_name': True}}
{'stem': 'TN_576_2_59', 'mode': 'no-card', 'original_kind': 'timeout-prefix-ok', 'rejudged_kind': 'timeout-child-prefix-ok', 'ok': True, 'info': {'child_bytes': [4333, 4333], 'bounds_base': (8, None), 'bounds_cand': (8, None), 'prefix': True, 'status_ok': True, 'bounds_sound_vs_name': True}}
{'stem': 'TN_612_2_52', 'mode': 'card-mto', 'original_kind': 'timeout-prefix-ok', 'rejudged_kind': 'timeout-child-prefix-ok', 'ok': True, 'info': {'child_bytes': [4303, 4303], 'bounds_base': (8, None), 'bounds_cand': (8, None), 'prefix': True, 'status_ok': True, 'bounds_sound_vs_name': True}}
{'stem': 'TN_612_2_52', 'mode': 'card-sinz', 'original_kind': 'timeout-prefix-ok', 'rejudged_kind': 'timeout-child-prefix-ok', 'ok': True, 'info': {'child_bytes': [4937, 4937], 'bounds_base': (8, None), 'bounds_cand': (8, None), 'prefix': True, 'status_ok': True, 'bounds_sound_vs_name': True}}
{'stem': 'TN_612_2_52', 'mode': 'default', 'original_kind': 'timeout-prefix-ok', 'rejudged_kind': 'timeout-child-prefix-ok', 'ok': True, 'info': {'child_bytes': [4349, 4349], 'bounds_base': (8, None), 'bounds_cand': (8, None), 'prefix': True, 'status_ok': True, 'bounds_sound_vs_name': True}}
{'stem': 'TN_612_2_52', 'mode': 'no-card', 'original_kind': 'timeout-prefix-ok', 'rejudged_kind': 'timeout-child-prefix-ok', 'ok': True, 'info': {'child_bytes': [4439, 4439], 'bounds_base': (8, None), 'bounds_cand': (8, None), 'prefix': True, 'status_ok': True, 'bounds_sound_vs_name': True}}
{'stem': 'TN_648_10_71', 'mode': 'card-mto', 'original_kind': 'timeout-prefix-ok', 'rejudged_kind': 'timeout-child-prefix-ok', 'ok': True, 'info': {'child_bytes': [4279, 4279], 'bounds_base': (8, None), 'bounds_cand': (8, None), 'prefix': True, 'status_ok': True, 'bounds_sound_vs_name': True}}
{'stem': 'TN_648_10_71', 'mode': 'card-sinz', 'original_kind': 'timeout-prefix-ok', 'rejudged_kind': 'timeout-child-prefix-ok', 'ok': True, 'info': {'child_bytes': [4687, 4687], 'bounds_base': (8, None), 'bounds_cand': (8, None), 'prefix': True, 'status_ok': True, 'bounds_sound_vs_name': True}}
{'stem': 'TN_648_10_71', 'mode': 'default', 'original_kind': 'timeout-prefix-ok', 'rejudged_kind': 'timeout-child-prefix-ok', 'ok': True, 'info': {'child_bytes': [4325, 4325], 'bounds_base': (8, None), 'bounds_cand': (8, None), 'prefix': True, 'status_ok': True, 'bounds_sound_vs_name': True}}
{'stem': 'TN_648_10_71', 'mode': 'no-card', 'original_kind': 'timeout-prefix-ok', 'rejudged_kind': 'timeout-child-prefix-ok', 'ok': True, 'info': {'child_bytes': [3100, 3100], 'bounds_base': (4, None), 'bounds_cand': (4, None), 'prefix': True, 'status_ok': True, 'bounds_sound_vs_name': True}}
{'stem': 'TN_648_14_50', 'mode': 'card-mto', 'original_kind': 'timeout-prefix-ok', 'rejudged_kind': 'timeout-child-prefix-ok', 'ok': True, 'info': {'child_bytes': [4173, 4173], 'bounds_base': (8, None), 'bounds_cand': (8, None), 'prefix': True, 'status_ok': True, 'bounds_sound_vs_name': True}}
{'stem': 'TN_648_14_50', 'mode': 'card-sinz', 'original_kind': 'timeout-prefix-ok', 'rejudged_kind': 'timeout-child-prefix-ok', 'ok': True, 'info': {'child_bytes': [4946, 4946], 'bounds_base': (8, None), 'bounds_cand': (8, None), 'prefix': True, 'status_ok': True, 'bounds_sound_vs_name': True}}
{'stem': 'TN_648_14_50', 'mode': 'default', 'original_kind': 'timeout-prefix-ok', 'rejudged_kind': 'timeout-child-prefix-ok', 'ok': True, 'info': {'child_bytes': [4219, 4219], 'bounds_base': (8, None), 'bounds_cand': (8, None), 'prefix': True, 'status_ok': True, 'bounds_sound_vs_name': True}}
{'stem': 'TN_648_14_50', 'mode': 'no-card', 'original_kind': 'timeout-prefix-ok', 'rejudged_kind': 'timeout-child-prefix-ok', 'ok': True, 'info': {'child_bytes': [4430, 4430], 'bounds_base': (8, None), 'bounds_cand': (8, None), 'prefix': True, 'status_ok': True, 'bounds_sound_vs_name': True}}
{'stem': 'TN_684_2_29', 'mode': 'card-mto', 'original_kind': 'timeout-prefix-ok', 'rejudged_kind': 'timeout-child-prefix-ok', 'ok': True, 'info': {'child_bytes': [3678, 3678], 'bounds_base': (4, None), 'bounds_cand': (4, None), 'prefix': True, 'status_ok': True, 'bounds_sound_vs_name': True}}
{'stem': 'TN_684_2_29', 'mode': 'card-sinz', 'original_kind': 'timeout-prefix-ok', 'rejudged_kind': 'timeout-child-prefix-ok', 'ok': True, 'info': {'child_bytes': [4489, 4489], 'bounds_base': (8, None), 'bounds_cand': (8, None), 'prefix': True, 'status_ok': True, 'bounds_sound_vs_name': True}}
{'stem': 'TN_684_2_29', 'mode': 'default', 'original_kind': 'timeout-prefix-ok', 'rejudged_kind': 'timeout-child-prefix-ok', 'ok': True, 'info': {'child_bytes': [3719, 3719], 'bounds_base': (4, None), 'bounds_cand': (4, None), 'prefix': True, 'status_ok': True, 'bounds_sound_vs_name': True}}
{'stem': 'TN_684_2_29', 'mode': 'no-card', 'original_kind': 'timeout-prefix-ok', 'rejudged_kind': 'timeout-child-prefix-ok', 'ok': True, 'info': {'child_bytes': [3739, 3739], 'bounds_base': (4, None), 'bounds_cand': (4, None), 'prefix': True, 'status_ok': True, 'bounds_sound_vs_name': True}}
{'stem': 'xu_30', 'mode': 'card-mto', 'original_kind': 'timeout-prefix-ok', 'rejudged_kind': 'timeout-child-prefix-ok', 'ok': True, 'info': {'child_bytes': [3054, 3054], 'bounds_base': (4, None), 'bounds_cand': (4, None), 'prefix': True, 'status_ok': True, 'bounds_sound_vs_name': True}}
{'stem': 'xu_30', 'mode': 'card-sinz', 'original_kind': 'timeout-prefix-ok', 'rejudged_kind': 'timeout-child-prefix-ok', 'ok': True, 'info': {'child_bytes': [3708, 3708], 'bounds_base': (4, None), 'bounds_cand': (4, None), 'prefix': True, 'status_ok': True, 'bounds_sound_vs_name': True}}
{'stem': 'xu_30', 'mode': 'default', 'original_kind': 'timeout-prefix-ok', 'rejudged_kind': 'timeout-child-prefix-ok', 'ok': True, 'info': {'child_bytes': [3095, 3095], 'bounds_base': (4, None), 'bounds_cand': (4, None), 'prefix': True, 'status_ok': True, 'bounds_sound_vs_name': True}}
{'stem': 'xu_30', 'mode': 'no-card', 'original_kind': 'timeout-prefix-ok', 'rejudged_kind': 'timeout-child-prefix-ok', 'ok': True, 'info': {'child_bytes': [3149, 3149], 'bounds_base': (4, None), 'bounds_cand': (4, None), 'prefix': True, 'status_ok': True, 'bounds_sound_vs_name': True}}
{'stem': 'xu_42', 'mode': 'card-mto', 'original_kind': 'timeout-prefix-ok', 'rejudged_kind': 'timeout-child-prefix-ok', 'ok': True, 'info': {'child_bytes': [3193, 3193], 'bounds_base': (4, None), 'bounds_cand': (4, None), 'prefix': True, 'status_ok': True, 'bounds_sound_vs_name': True}}
{'stem': 'xu_42', 'mode': 'card-sinz', 'original_kind': 'timeout-prefix-ok', 'rejudged_kind': 'timeout-child-prefix-ok', 'ok': True, 'info': {'child_bytes': [3717, 3717], 'bounds_base': (4, None), 'bounds_cand': (4, None), 'prefix': True, 'status_ok': True, 'bounds_sound_vs_name': True}}
{'stem': 'xu_42', 'mode': 'default', 'original_kind': 'timeout-prefix-ok', 'rejudged_kind': 'timeout-child-prefix-ok', 'ok': True, 'info': {'child_bytes': [3234, 3234], 'bounds_base': (4, None), 'bounds_cand': (4, None), 'prefix': True, 'status_ok': True, 'bounds_sound_vs_name': True}}
{'stem': 'xu_42', 'mode': 'no-card', 'original_kind': 'timeout-prefix-ok', 'rejudged_kind': 'timeout-child-prefix-ok', 'ok': True, 'info': {'child_bytes': [3079, 3079], 'bounds_base': (4, None), 'bounds_cand': (4, None), 'prefix': True, 'status_ok': True, 'bounds_sound_vs_name': True}}
rejudge_exit=0
