chunk 1 took lock Sun Oct 11 04:05:51 CST 2026: BB_1080_4_54,BB_108_8_10,BB_144_12_12,BB_144_14_14,BB_288_12_unknown,BB_360_12_unknown
OK  BB_1080_4_54 card-mto TIMEOUT None 60.022 | TIMEOUT None 60.016 []
OK  BB_1080_4_54 no-card TIMEOUT None 60.017 | TIMEOUT None 60.02 []
OK  BB_1080_4_54 card-sinz TIMEOUT None 60.023 | TIMEOUT None 60.016 []
OK  BB_1080_4_54 default TIMEOUT None 60.018 | TIMEOUT None 60.022 []
OK  BB_108_8_10 no-card done 10 0.428 | done 10 0.145 []
OK  BB_108_8_10 card-sinz done 10 0.379 | done 10 0.241 []
OK  BB_108_8_10 default done 10 0.543 | done 10 0.222 []
OK  BB_108_8_10 card-mto done 10 0.546 | done 10 0.218 []
OK  BB_144_12_12 no-card done 12 0.604 | done 12 0.605 []
OK  BB_144_12_12 card-sinz done 12 0.802 | done 12 0.862 []
OK  BB_144_12_12 default done 12 1.347 | done 12 0.585 []
OK  BB_144_12_12 card-mto done 12 1.343 | done 12 0.585 []
OK  BB_144_14_14 no-card done 14 58.371 | done 14 46.226 []
OK  BB_144_14_14 default TIMEOUT None 60.021 | done 14 51.983 []
OK  BB_144_14_14 card-mto TIMEOUT None 60.015 | done 14 52.204 []
OK  BB_144_14_14 card-sinz TIMEOUT None 60.006 | TIMEOUT None 60.013 []
OK  BB_288_12_unknown default TIMEOUT None 60.015 | TIMEOUT None 60.01 []
OK  BB_288_12_unknown no-card TIMEOUT None 60.01 | TIMEOUT None 60.014 []
OK  BB_288_12_unknown card-mto TIMEOUT None 60.008 | TIMEOUT None 60.015 []
OK  BB_288_12_unknown card-sinz TIMEOUT None 60.01 | TIMEOUT None 60.021 []
OK  BB_360_12_unknown default TIMEOUT None 60.017 | TIMEOUT None 60.019 []
OK  BB_360_12_unknown no-card TIMEOUT None 60.015 | TIMEOUT None 60.013 []
OK  BB_360_12_unknown card-mto TIMEOUT None 60.008 | TIMEOUT None 60.014 []
OK  BB_360_12_unknown card-sinz TIMEOUT None 60.019 | TIMEOUT None 60.018 []
{"both_done": 9, "only_cand_done": 2, "only_base_done": 0, "problems": 0, "memout_base": 0, "memout_cand": 0} ALL_OK
chunk 1 rc=0 released Sun Oct 11 04:13:54 CST 2026
chunk 2 took lock Sun Oct 11 04:14:24 CST 2026: BB_72_12_6,BB_756_16_34,BB_864_4_40,BB_90_8_10,GB_144_12_12,GB_144_12_8
OK  BB_72_12_6 card-mto done 6 0.032 | done 6 0.033 []
OK  BB_72_12_6 default done 6 0.034 | done 6 0.034 []
OK  BB_72_12_6 card-sinz done 6 0.032 | done 6 0.034 []
OK  BB_72_12_6 no-card done 6 0.033 | done 6 0.032 []
OK  BB_756_16_34 default TIMEOUT None 60.01 | TIMEOUT None 60.014 []
OK  BB_756_16_34 card-sinz TIMEOUT None 60.011 | TIMEOUT None 60.01 []
OK  BB_756_16_34 no-card TIMEOUT None 60.007 | TIMEOUT None 60.017 []
OK  BB_756_16_34 card-mto TIMEOUT None 60.021 | TIMEOUT None 60.013 []
OK  BB_864_4_40 no-card TIMEOUT None 60.025 | TIMEOUT None 60.01 []
OK  BB_864_4_40 default TIMEOUT None 60.018 | TIMEOUT None 60.018 []
OK  BB_864_4_40 card-mto TIMEOUT None 60.025 | TIMEOUT None 60.011 []
OK  BB_864_4_40 card-sinz TIMEOUT None 60.015 | TIMEOUT None 60.014 []
OK  BB_90_8_10 card-mto done 10 0.149 | done 10 0.117 []
OK  BB_90_8_10 no-card done 10 0.166 | done 10 0.117 []
OK  BB_90_8_10 default done 10 0.166 | done 10 0.144 []
OK  BB_90_8_10 card-sinz done 10 0.205 | done 10 0.16 []
OK  GB_144_12_12 no-card TIMEOUT None 60.022 | done 12 33.223 []
OK  GB_144_12_8 default done 8 0.097 | done 8 0.072 []
OK  GB_144_12_8 no-card done 8 0.102 | done 8 0.087 []
OK  GB_144_12_8 card-mto done 8 0.088 | done 8 0.074 []
OK  GB_144_12_8 card-sinz done 8 0.106 | done 8 0.069 []
OK  GB_144_12_12 card-mto TIMEOUT None 60.019 | done 12 54.347 []
OK  GB_144_12_12 default TIMEOUT None 60.019 | done 12 54.391 []
OK  GB_144_12_12 card-sinz TIMEOUT None 60.018 | TIMEOUT None 60.012 []
{"both_done": 12, "only_cand_done": 3, "only_base_done": 0, "problems": 0, "memout_base": 0, "memout_cand": 0} ALL_OK
chunk 2 rc=0 released Sun Oct 11 04:20:24 CST 2026
chunk 3 took lock Sun Oct 11 04:21:35 CST 2026: LP_136_32_4,LP_1768_224_unknown,LP_238_44_6,LP_340_56_8,LP_34_20_2,LP_442_68_10
OK  LP_136_32_4 card-sinz done 4 0.061 | done 4 0.045 []
OK  LP_136_32_4 no-card done 4 0.064 | done 4 0.042 []
OK  LP_136_32_4 card-mto done 4 0.064 | done 4 0.055 []
OK  LP_136_32_4 default done 4 0.064 | done 4 0.064 []
OK  LP_1768_224_unknown no-card TIMEOUT None 60.017 | TIMEOUT None 60.019 []
OK  LP_1768_224_unknown default TIMEOUT None 60.017 | TIMEOUT None 60.025 []
OK  LP_1768_224_unknown card-sinz TIMEOUT None 60.024 | TIMEOUT None 60.014 []
OK  LP_1768_224_unknown card-mto TIMEOUT None 60.025 | TIMEOUT None 60.022 []
OK  LP_238_44_6 card-sinz done 6 0.324 | done 6 0.296 []
OK  LP_238_44_6 no-card done 6 0.458 | done 6 0.32 []
OK  LP_238_44_6 default done 6 0.448 | done 6 0.351 []
OK  LP_238_44_6 card-mto done 6 0.443 | done 6 0.345 []
OK  LP_340_56_8 default done 8 1.838 | done 8 1.195 []
OK  LP_34_20_2 default done 2 0.019 | done 2 0.019 []
OK  LP_34_20_2 no-card done 2 0.019 | done 2 0.016 []
OK  LP_34_20_2 card-mto done 2 0.017 | done 2 0.019 []
OK  LP_340_56_8 card-mto done 8 1.837 | done 8 1.185 []
OK  LP_34_20_2 card-sinz done 2 0.019 | done 2 0.019 []
OK  LP_340_56_8 no-card done 8 1.753 | done 8 1.348 []
OK  LP_340_56_8 card-sinz done 8 2.105 | done 8 1.268 []
OK  LP_442_68_10 card-sinz done 10 17.953 | done 10 13.415 []
OK  LP_442_68_10 default done 10 23.557 | done 10 23.024 []
OK  LP_442_68_10 card-mto done 10 23.566 | done 10 23.011 []
OK  LP_442_68_10 no-card done 10 36.971 | done 10 11.125 []
{"both_done": 20, "only_cand_done": 0, "only_base_done": 0, "problems": 0, "memout_base": 0, "memout_cand": 0} ALL_OK
chunk 3 rc=0 released Sun Oct 11 04:24:27 CST 2026
chunk 4 took lock Sun Oct 11 04:24:57 CST 2026: LP_544_80_12,LP_714_100_unknown,PK_31,TN_108_2_12,TN_144_2_13,TN_180_2_17
OK  LP_544_80_12 default done 12 58.375 | done 12 38.274 []
OK  LP_544_80_12 card-mto done 12 58.42 | done 12 38.304 []
OK  LP_544_80_12 card-sinz TIMEOUT None 60.012 | TIMEOUT None 60.013 []
OK  LP_544_80_12 no-card TIMEOUT None 60.013 | TIMEOUT None 60.016 []
OK  LP_714_100_unknown default TIMEOUT None 60.014 | TIMEOUT None 60.017 []
OK  LP_714_100_unknown no-card TIMEOUT None 60.012 | TIMEOUT None 60.014 []
OK  LP_714_100_unknown card-sinz TIMEOUT None 60.013 | TIMEOUT None 60.009 []
OK  LP_714_100_unknown card-mto TIMEOUT None 60.009 | TIMEOUT None 60.017 []
OK  PK_31 default TIMEOUT None 60.027 | TIMEOUT None 60.019 []
OK  PK_31 no-card TIMEOUT None 60.019 | TIMEOUT None 60.014 []
OK  TN_108_2_12 no-card done 12 10.935 | done 12 9.382 []
OK  PK_31 card-sinz TIMEOUT None 60.021 | TIMEOUT None 60.016 []
OK  PK_31 card-mto TIMEOUT None 60.019 | TIMEOUT None 60.021 []
OK  TN_108_2_12 default done 12 12.643 | done 12 10.772 []
OK  TN_108_2_12 card-mto done 12 12.596 | done 12 10.736 []
OK  TN_108_2_12 card-sinz done 12 12.494 | done 12 10.353 []
OK  TN_144_2_13 default TIMEOUT None 60.019 | TIMEOUT None 60.013 []
OK  TN_144_2_13 no-card TIMEOUT None 60.013 | TIMEOUT None 60.007 []
OK  TN_144_2_13 card-mto TIMEOUT None 60.016 | TIMEOUT None 60.016 []
OK  TN_144_2_13 card-sinz TIMEOUT None 60.024 | TIMEOUT None 60.005 []
OK  TN_180_2_17 default TIMEOUT None 60.013 | TIMEOUT None 60.016 []
OK  TN_180_2_17 no-card TIMEOUT None 60.004 | TIMEOUT None 60.013 []
OK  TN_180_2_17 card-mto TIMEOUT None 60.009 | TIMEOUT None 60.019 []
OK  TN_180_2_17 card-sinz TIMEOUT None 60.011 | TIMEOUT None 60.013 []
{"both_done": 6, "only_cand_done": 0, "only_base_done": 0, "problems": 0, "memout_base": 0, "memout_cand": 0} ALL_OK
chunk 4 rc=0 released Sun Oct 11 04:35:20 CST 2026
chunk 5 took lock Sun Oct 11 04:36:10 CST 2026: TN_200_10_10,TN_216_4_18,TN_250_10_15,TN_252_2_21,TN_288_2_24,TN_324_4_25
OK  TN_200_10_10 default done 10 11.974 | done 10 9.89 []
OK  TN_200_10_10 card-mto done 10 11.986 | done 10 9.894 []
OK  TN_200_10_10 card-sinz done 10 15.61 | done 10 11.43 []
OK  TN_200_10_10 no-card done 10 15.513 | done 10 12.518 []
OK  TN_216_4_18 default TIMEOUT None 60.02 | TIMEOUT None 60.012 []
OK  TN_216_4_18 no-card TIMEOUT None 60.012 | TIMEOUT None 60.011 []
OK  TN_216_4_18 card-mto TIMEOUT None 60.008 | TIMEOUT None 60.016 []
OK  TN_216_4_18 card-sinz TIMEOUT None 60.012 | TIMEOUT None 60.009 []
OK  TN_250_10_15 default TIMEOUT None 60.01 | TIMEOUT None 60.008 []
OK  TN_250_10_15 no-card TIMEOUT None 60.013 | TIMEOUT None 60.006 []
OK  TN_250_10_15 card-mto TIMEOUT None 60.015 | TIMEOUT None 60.015 []
OK  TN_250_10_15 card-sinz TIMEOUT None 60.017 | TIMEOUT None 60.025 []
OK  TN_252_2_21 default TIMEOUT None 60.011 | TIMEOUT None 60.011 []
OK  TN_252_2_21 no-card TIMEOUT None 60.013 | TIMEOUT None 60.014 []
OK  TN_252_2_21 card-mto TIMEOUT None 60.013 | TIMEOUT None 60.013 []
OK  TN_252_2_21 card-sinz TIMEOUT None 60.016 | TIMEOUT None 60.016 []
OK  TN_288_2_24 default TIMEOUT None 60.007 | TIMEOUT None 60.014 []
OK  TN_288_2_24 no-card TIMEOUT None 60.01 | TIMEOUT None 60.01 []
OK  TN_288_2_24 card-mto TIMEOUT None 60.007 | TIMEOUT None 60.019 []
OK  TN_288_2_24 card-sinz TIMEOUT None 60.019 | TIMEOUT None 60.012 []
OK  TN_324_4_25 default TIMEOUT None 60.007 | TIMEOUT None 60.021 []
OK  TN_324_4_25 no-card TIMEOUT None 60.022 | TIMEOUT None 60.006 []
OK  TN_324_4_25 card-mto TIMEOUT None 60.007 | TIMEOUT None 60.01 []
OK  TN_324_4_25 card-sinz TIMEOUT None 60.012 | TIMEOUT None 60.013 []
{"both_done": 4, "only_cand_done": 0, "only_base_done": 0, "problems": 0, "memout_base": 0, "memout_cand": 0} ALL_OK
chunk 5 rc=0 released Sun Oct 11 04:46:38 CST 2026
chunk 6 took lock Sun Oct 11 04:47:08 CST 2026: TN_360_4_24,TN_36_8_3,TN_36_8_4,TN_396_4_26,TN_432_8_33,TN_468_4_31
OK  TN_360_4_24 card-mto TIMEOUT None 60.012 | TIMEOUT None 60.007 []
OK  TN_360_4_24 default TIMEOUT None 60.012 | TIMEOUT None 60.008 []
OK  TN_360_4_24 card-sinz TIMEOUT None 60.012 | TIMEOUT None 60.007 []
OK  TN_360_4_24 no-card TIMEOUT None 60.014 | TIMEOUT None 60.019 []
OK  TN_36_8_3 no-card done 3 0.016 | done 3 0.017 []
OK  TN_36_8_3 card-mto done 3 0.016 | done 3 0.015 []
OK  TN_36_8_3 default done 3 0.016 | done 3 0.018 []
OK  TN_36_8_3 card-sinz done 3 0.016 | done 3 0.018 []
OK  TN_36_8_4 no-card done 4 0.015 | done 4 0.016 []
OK  TN_36_8_4 default done 4 0.016 | done 4 0.019 []
OK  TN_36_8_4 card-mto done 4 0.016 | done 4 0.018 []
OK  TN_36_8_4 card-sinz done 4 0.018 | done 4 0.018 []
OK  TN_396_4_26 default TIMEOUT None 60.011 | TIMEOUT None 60.006 []
OK  TN_396_4_26 no-card TIMEOUT None 60.006 | TIMEOUT None 60.012 []
OK  TN_396_4_26 card-mto TIMEOUT None 60.02 | TIMEOUT None 60.018 []
OK  TN_396_4_26 card-sinz TIMEOUT None 60.016 | TIMEOUT None 60.013 []
OK  TN_432_8_33 default TIMEOUT None 60.018 | TIMEOUT None 60.011 []
OK  TN_432_8_33 no-card TIMEOUT None 60.017 | TIMEOUT None 60.009 []
OK  TN_432_8_33 card-mto TIMEOUT None 60.006 | TIMEOUT None 60.013 []
OK  TN_432_8_33 card-sinz TIMEOUT None 60.015 | TIMEOUT None 60.013 []
OK  TN_468_4_31 no-card TIMEOUT None 60.009 | TIMEOUT None 60.012 []
OK  TN_468_4_31 default TIMEOUT None 60.01 | TIMEOUT None 60.013 []
OK  TN_468_4_31 card-mto TIMEOUT None 60.011 | TIMEOUT None 60.013 []
OK  TN_468_4_31 card-sinz TIMEOUT None 60.018 | TIMEOUT None 60.015 []
{"both_done": 8, "only_cand_done": 0, "only_base_done": 0, "problems": 0, "memout_base": 0, "memout_cand": 0} ALL_OK
chunk 6 rc=0 released Sun Oct 11 04:55:09 CST 2026
chunk 7 took lock Sun Oct 11 05:12:19 CST 2026: TN_496_2_32,TN_504_2_45,TN_540_4_40,TN_54_11_4,TN_576_2_57,TN_576_2_59
OK  TN_496_2_32 card-sinz TIMEOUT None 60.021 | TIMEOUT None 60.013 []
OK  TN_496_2_32 card-mto TIMEOUT None 60.021 | TIMEOUT None 60.015 []
OK  TN_496_2_32 default TIMEOUT None 60.023 | TIMEOUT None 60.018 []
OK  TN_496_2_32 no-card TIMEOUT None 60.024 | TIMEOUT None 60.015 []
OK  TN_504_2_45 card-mto TIMEOUT None 60.008 | TIMEOUT None 60.008 []
OK  TN_504_2_45 no-card TIMEOUT None 60.011 | TIMEOUT None 60.009 []
OK  TN_504_2_45 card-sinz TIMEOUT None 60.012 | TIMEOUT None 60.014 []
OK  TN_504_2_45 default TIMEOUT None 60.011 | TIMEOUT None 60.016 []
OK  TN_540_4_40 no-card TIMEOUT None 60.019 | TIMEOUT None 60.009 []
OK  TN_540_4_40 default TIMEOUT None 60.023 | TIMEOUT None 60.008 []
OK  TN_540_4_40 card-sinz TIMEOUT None 60.014 | TIMEOUT None 60.01 []
OK  TN_540_4_40 card-mto TIMEOUT None 60.016 | TIMEOUT None 60.01 []
OK  TN_54_11_4 card-sinz done 4 0.013 | done 4 0.018 []
OK  TN_54_11_4 card-mto done 4 0.017 | done 4 0.017 []
OK  TN_54_11_4 default done 4 0.02 | done 4 0.018 []
OK  TN_54_11_4 no-card done 4 0.02 | done 4 0.019 []
OK  TN_576_2_57 card-sinz TIMEOUT None 60.018 | TIMEOUT None 60.011 []
OK  TN_576_2_57 default TIMEOUT None 60.023 | TIMEOUT None 60.018 []
OK  TN_576_2_57 card-mto TIMEOUT None 60.021 | TIMEOUT None 60.018 []
OK  TN_576_2_57 no-card TIMEOUT None 60.022 | TIMEOUT None 60.021 []
OK  TN_576_2_59 card-sinz TIMEOUT None 60.016 | TIMEOUT None 60.007 []
OK  TN_576_2_59 default TIMEOUT None 60.016 | TIMEOUT None 60.02 []
OK  TN_576_2_59 no-card TIMEOUT None 60.021 | TIMEOUT None 60.015 []
OK  TN_576_2_59 card-mto TIMEOUT None 60.019 | TIMEOUT None 60.016 []
{"both_done": 4, "only_cand_done": 0, "only_base_done": 0, "problems": 0, "memout_base": 0, "memout_cand": 0} ALL_OK
chunk 7 rc=0 released Sun Oct 11 05:22:19 CST 2026
chunk 8 took lock Sun Oct 11 05:30:30 CST 2026: TN_612_2_52,TN_648_10_71,TN_648_14_50,TN_684_2_29,TN_72_14_4,TN_72_8_8
OK  TN_612_2_52 card-sinz TIMEOUT None 60.018 | TIMEOUT None 60.011 []
OK  TN_612_2_52 no-card TIMEOUT None 60.022 | TIMEOUT None 60.01 []
OK  TN_612_2_52 default TIMEOUT None 60.012 | TIMEOUT None 60.022 []
OK  TN_612_2_52 card-mto TIMEOUT None 60.021 | TIMEOUT None 60.014 []
OK  TN_648_10_71 no-card TIMEOUT None 60.016 | TIMEOUT None 60.007 []
OK  TN_648_10_71 default TIMEOUT None 60.017 | TIMEOUT None 60.011 []
OK  TN_648_10_71 card-mto TIMEOUT None 60.014 | TIMEOUT None 60.016 []
OK  TN_648_10_71 card-sinz TIMEOUT None 60.012 | TIMEOUT None 60.022 []
OK  TN_648_14_50 card-sinz TIMEOUT None 60.011 | TIMEOUT None 60.012 []
OK  TN_648_14_50 default TIMEOUT None 60.02 | TIMEOUT None 60.02 []
OK  TN_648_14_50 card-mto TIMEOUT None 60.018 | TIMEOUT None 60.013 []
OK  TN_648_14_50 no-card TIMEOUT None 60.023 | TIMEOUT None 60.011 []
OK  TN_684_2_29 card-sinz TIMEOUT None 60.022 | TIMEOUT None 60.008 []
OK  TN_684_2_29 no-card TIMEOUT None 60.014 | TIMEOUT None 60.015 []
OK  TN_684_2_29 card-mto TIMEOUT None 60.018 | TIMEOUT None 60.011 []
OK  TN_684_2_29 default TIMEOUT None 60.016 | TIMEOUT None 60.015 []
OK  TN_72_14_4 no-card done 4 0.02 | done 4 0.018 []
OK  TN_72_14_4 card-sinz done 4 0.017 | done 4 0.028 []
OK  TN_72_14_4 default done 4 0.029 | done 4 0.026 []
OK  TN_72_14_4 card-mto done 4 0.033 | done 4 0.038 []
OK  TN_72_8_8 no-card done 8 0.236 | done 8 0.156 []
OK  TN_72_8_8 card-sinz done 8 0.295 | done 8 0.174 []
OK  TN_72_8_8 default done 8 0.341 | done 8 0.207 []
OK  TN_72_8_8 card-mto done 8 0.385 | done 8 0.199 []
{"both_done": 8, "only_cand_done": 0, "only_base_done": 0, "problems": 0, "memout_base": 0, "memout_cand": 0} ALL_OK
chunk 8 rc=0 released Sun Oct 11 05:38:31 CST 2026
chunk 9 took lock Sun Oct 11 05:39:01 CST 2026: xu_30,xu_42
OK  xu_30 card-mto TIMEOUT None 60.017 | TIMEOUT None 60.016 []
OK  xu_30 no-card TIMEOUT None 60.015 | TIMEOUT None 60.018 []
OK  xu_30 default TIMEOUT None 60.021 | TIMEOUT None 60.014 []
OK  xu_30 card-sinz TIMEOUT None 60.023 | TIMEOUT None 60.019 []
OK  xu_42 default TIMEOUT None 60.019 | TIMEOUT None 60.02 []
OK  xu_42 card-sinz TIMEOUT None 60.01 | TIMEOUT None 60.021 []
OK  xu_42 no-card TIMEOUT None 60.019 | TIMEOUT None 60.019 []
OK  xu_42 card-mto TIMEOUT None 60.017 | TIMEOUT None 60.018 []
{"both_done": 0, "only_cand_done": 0, "only_base_done": 0, "problems": 0, "memout_base": 0, "memout_cand": 0} ALL_OK
chunk 9 rc=0 released Sun Oct 11 05:43:01 CST 2026
{"cases": 200, "both_done": 71, "only_cand_done": 5, "only_base_done": 0, "problems": 0, "memout_base": 0, "memout_cand": 0} ALL_OK
posthoc rc=0
candidate timeouts: 124; without any d_lb: 0 []
baseline timeouts: 129; without any d_lb: 0
timeout in both: 124; candidate final d_lb higher in 0, lower in 0 (diagnostic)
completed only by candidate (5): ['BB_144_14_14 card-mto d=14', 'BB_144_14_14 default d=14', 'GB_144_12_12 card-mto d=12', 'GB_144_12_12 default d=12', 'GB_144_12_12 no-card d=12']
completed only by baseline (0): []
problems: []
POSTHOC_PASS
check_sweep rc=0
meta {"base_sha256": "6bdcaa2523cdcbeae5164cedbf54c9ac0f9e64f9a91c3da7ef4b804df393db9d", "cand_sha256": "820145fb859c587a70a3377f01d7f1d34f81488c3bc1872e277702e616cddf7f", "limit": 60, "jobs": 4, "all_ok": true, "counts": {"cases": 200, "both_done": 71, "only_cand_done": 5, "only_base_done": 0, "problems": 0, "memout_base": 0, "memout_cand": 0}}
candidate timeouts 124; without any d_lb 0
both timeout 124: cand final LB higher 0, equal 124, lower 0
TN648 TN_648_10_71 card-mto TIMEOUT None 9 0 | TIMEOUT None 9 0
TN648 TN_648_10_71 card-sinz TIMEOUT None 9 0 | TIMEOUT None 9 0
TN648 TN_648_10_71 default TIMEOUT None 9 0 | TIMEOUT None 9 0
TN648 TN_648_10_71 no-card TIMEOUT None 9 0 | TIMEOUT None 9 0
TN648 TN_648_14_50 card-mto TIMEOUT None 9 0 | TIMEOUT None 9 0
TN648 TN_648_14_50 card-sinz TIMEOUT None 9 0 | TIMEOUT None 9 0
TN648 TN_648_14_50 default TIMEOUT None 9 0 | TIMEOUT None 9 0
TN648 TN_648_14_50 no-card TIMEOUT None 9 0 | TIMEOUT None 9 0
candidate abnormal exits 0
VERDICT PASS
