0000.gate.BB_90_8_10.no-card.0.baseline 1.890s o 10 load=1.66
0001.gate.BB_90_8_10.no-card.0.candidate 0.836s o 10 load=1.77
0002.gate.BB_90_8_10.no-card.1.candidate 0.538s o 10 load=1.77
0003.gate.BB_90_8_10.no-card.1.baseline 1.874s o 10 load=1.77
0004.gate.BB_90_8_10.no-card.2.baseline 1.870s o 10 load=1.77
0005.gate.BB_90_8_10.no-card.2.candidate 0.549s o 10 load=1.70
0006.replicate.BB_90_8_10.no-card.0.baseline 1.871s o 10 load=1.70
0007.replicate.BB_90_8_10.no-card.0.candidate 0.532s o 10 load=1.70
0008.replicate.BB_90_8_10.no-card.1.candidate 0.534s o 10 load=1.70
0009.replicate.BB_90_8_10.no-card.1.baseline 1.871s o 10 load=1.65
0010.replicate.BB_90_8_10.no-card.2.baseline 1.876s o 10 load=1.65
0011.replicate.BB_90_8_10.no-card.2.candidate 0.547s o 10 load=1.65
0012.replicate.BB_90_8_10.no-card.3.candidate 0.546s o 10 load=1.65
0013.replicate.BB_90_8_10.no-card.3.baseline 1.885s o 10 load=1.92
0014.replicate.BB_90_8_10.no-card.4.baseline 1.871s o 10 load=1.92
0015.replicate.BB_90_8_10.no-card.4.candidate 0.545s o 10 load=1.92
0016.replicate.BB_90_8_10.no-card.5.candidate 0.536s o 10 load=1.92
0017.replicate.BB_90_8_10.no-card.5.baseline 1.891s o 10 load=1.92
0018.replicate.BB_90_8_10.no-card.6.baseline 1.877s o 10 load=1.84
0019.replicate.BB_90_8_10.no-card.6.candidate 0.562s o 10 load=1.84
0020.replicate.BB_90_8_10.no-card.7.candidate 0.540s o 10 load=1.84
0021.replicate.BB_90_8_10.no-card.7.baseline 1.897s o 10 load=1.84
0022.replicate.BB_90_8_10.no-card.8.baseline 1.867s o 10 load=1.77
0023.replicate.BB_90_8_10.no-card.8.candidate 0.541s o 10 load=1.77
0024.replicate.BB_90_8_10.no-card.9.candidate 0.530s o 10 load=1.77
0025.replicate.BB_90_8_10.no-card.9.baseline 1.875s o 10 load=1.77
0026.gate.BB_90_8_10.card-mto.0.baseline 1.667s o 10 load=1.79
0027.gate.BB_90_8_10.card-mto.0.candidate 0.375s o 10 load=1.79
0028.gate.BB_90_8_10.card-mto.1.candidate 0.375s o 10 load=1.79
0029.gate.BB_90_8_10.card-mto.1.baseline 1.660s o 10 load=1.79
0030.gate.BB_90_8_10.card-mto.2.baseline 1.665s o 10 load=1.89
0031.gate.BB_90_8_10.card-mto.2.candidate 0.373s o 10 load=1.89
0032.replicate.BB_90_8_10.card-mto.0.baseline 1.660s o 10 load=1.89
0033.replicate.BB_90_8_10.card-mto.0.candidate 0.381s o 10 load=1.89
0034.replicate.BB_90_8_10.card-mto.1.candidate 0.368s o 10 load=1.89
0035.replicate.BB_90_8_10.card-mto.1.baseline 1.671s o 10 load=1.90
0036.replicate.BB_90_8_10.card-mto.2.baseline 1.657s o 10 load=1.90
0037.replicate.BB_90_8_10.card-mto.2.candidate 0.376s o 10 load=1.90
0038.replicate.BB_90_8_10.card-mto.3.candidate 0.378s o 10 load=1.90
0039.replicate.BB_90_8_10.card-mto.3.baseline 1.654s o 10 load=1.90
0040.replicate.BB_90_8_10.card-mto.4.baseline 1.660s o 10 load=1.91
0041.replicate.BB_90_8_10.card-mto.4.candidate 0.375s o 10 load=1.91
0042.replicate.BB_90_8_10.card-mto.5.candidate 0.376s o 10 load=1.91
0043.replicate.BB_90_8_10.card-mto.5.baseline 1.669s o 10 load=1.91
0044.replicate.BB_90_8_10.card-mto.6.baseline 1.655s o 10 load=1.83
0045.replicate.BB_90_8_10.card-mto.6.candidate 0.375s o 10 load=1.83
0046.replicate.BB_90_8_10.card-mto.7.candidate 0.374s o 10 load=1.83
0047.replicate.BB_90_8_10.card-mto.7.baseline 1.663s o 10 load=1.83
0048.replicate.BB_90_8_10.card-mto.8.baseline 1.667s o 10 load=1.83
0049.replicate.BB_90_8_10.card-mto.8.candidate 0.378s o 10 load=1.77
0050.replicate.BB_90_8_10.card-mto.9.candidate 0.374s o 10 load=1.77
0051.replicate.BB_90_8_10.card-mto.9.baseline 1.664s o 10 load=1.77
0052.gate.GB_144_12_8.no-card.0.baseline 0.660s o 8 load=1.77
0053.gate.GB_144_12_8.no-card.0.candidate 0.249s o 8 load=1.77
0054.gate.GB_144_12_8.no-card.1.candidate 0.247s o 8 load=1.77
0055.gate.GB_144_12_8.no-card.1.baseline 0.660s o 8 load=1.77
0056.gate.GB_144_12_8.no-card.2.baseline 0.661s o 8 load=1.70
0057.gate.GB_144_12_8.no-card.2.candidate 0.240s o 8 load=1.70
0058.replicate.GB_144_12_8.no-card.0.baseline 0.671s o 8 load=1.70
0059.replicate.GB_144_12_8.no-card.0.candidate 0.239s o 8 load=1.70
0060.replicate.GB_144_12_8.no-card.1.candidate 0.251s o 8 load=1.70
0061.replicate.GB_144_12_8.no-card.1.baseline 0.673s o 8 load=1.70
0062.replicate.GB_144_12_8.no-card.2.baseline 0.677s o 8 load=1.70
0063.replicate.GB_144_12_8.no-card.2.candidate 0.243s o 8 load=1.70
0064.replicate.GB_144_12_8.no-card.3.candidate 0.253s o 8 load=1.70
0065.replicate.GB_144_12_8.no-card.3.baseline 0.670s o 8 load=1.70
0066.replicate.GB_144_12_8.no-card.4.baseline 0.663s o 8 load=2.05
0067.replicate.GB_144_12_8.no-card.4.candidate 0.251s o 8 load=2.05
0068.replicate.GB_144_12_8.no-card.5.candidate 0.243s o 8 load=2.05
0069.replicate.GB_144_12_8.no-card.5.baseline 0.666s o 8 load=2.05
0070.replicate.GB_144_12_8.no-card.6.baseline 0.664s o 8 load=2.05
0071.replicate.GB_144_12_8.no-card.6.candidate 0.240s o 8 load=2.05
0072.replicate.GB_144_12_8.no-card.7.candidate 0.251s o 8 load=2.05
0073.replicate.GB_144_12_8.no-card.7.baseline 0.666s o 8 load=2.05
0074.replicate.GB_144_12_8.no-card.8.baseline 0.668s o 8 load=2.05
0075.replicate.GB_144_12_8.no-card.8.candidate 0.250s o 8 load=2.05
0076.replicate.GB_144_12_8.no-card.9.candidate 0.254s o 8 load=2.05
0077.replicate.GB_144_12_8.no-card.9.baseline 0.670s o 8 load=1.96
0078.gate.GB_144_12_8.card-mto.0.baseline 1.115s o 8 load=1.96
0079.gate.GB_144_12_8.card-mto.0.candidate 0.192s o 8 load=1.96
0080.gate.GB_144_12_8.card-mto.1.candidate 0.193s o 8 load=1.96
0081.gate.GB_144_12_8.card-mto.1.baseline 1.119s o 8 load=1.96
0082.gate.GB_144_12_8.card-mto.2.baseline 1.117s o 8 load=1.96
0083.gate.GB_144_12_8.card-mto.2.candidate 0.191s o 8 load=1.96
0084.replicate.GB_144_12_8.card-mto.0.baseline 1.112s o 8 load=1.96
0085.replicate.GB_144_12_8.card-mto.0.candidate 0.188s o 8 load=1.89
0086.replicate.GB_144_12_8.card-mto.1.candidate 0.191s o 8 load=1.89
0087.replicate.GB_144_12_8.card-mto.1.baseline 1.109s o 8 load=1.89
0088.replicate.GB_144_12_8.card-mto.2.baseline 1.116s o 8 load=1.89
0089.replicate.GB_144_12_8.card-mto.2.candidate 0.190s o 8 load=1.89
0090.replicate.GB_144_12_8.card-mto.3.candidate 0.186s o 8 load=1.89
0091.replicate.GB_144_12_8.card-mto.3.baseline 1.113s o 8 load=1.89
0092.replicate.GB_144_12_8.card-mto.4.baseline 1.116s o 8 load=1.81
0093.replicate.GB_144_12_8.card-mto.4.candidate 0.195s o 8 load=1.81
0094.replicate.GB_144_12_8.card-mto.5.candidate 0.196s o 8 load=1.81
0095.replicate.GB_144_12_8.card-mto.5.baseline 1.120s o 8 load=1.81
0096.replicate.GB_144_12_8.card-mto.6.baseline 1.110s o 8 load=1.81
0097.replicate.GB_144_12_8.card-mto.6.candidate 0.198s o 8 load=1.81
0098.replicate.GB_144_12_8.card-mto.7.candidate 0.194s o 8 load=1.81
0099.replicate.GB_144_12_8.card-mto.7.baseline 1.121s o 8 load=1.81
0100.replicate.GB_144_12_8.card-mto.8.baseline 1.110s o 8 load=1.75
0101.replicate.GB_144_12_8.card-mto.8.candidate 0.195s o 8 load=1.75
0102.replicate.GB_144_12_8.card-mto.9.candidate 0.197s o 8 load=1.75
0103.replicate.GB_144_12_8.card-mto.9.baseline 1.121s o 8 load=1.75
0104.gate.BB_108_8_10.no-card.0.baseline 2.282s o 10 load=1.75
0105.gate.BB_108_8_10.no-card.0.candidate 1.965s o 10 load=1.69
0106.gate.BB_108_8_10.no-card.1.candidate 1.964s o 10 load=1.69
0107.gate.BB_108_8_10.no-card.1.baseline 2.289s o 10 load=1.69
0108.gate.BB_108_8_10.no-card.2.baseline 2.283s o 10 load=1.79
0109.gate.BB_108_8_10.no-card.2.candidate 1.972s o 10 load=1.79
0110.replicate.BB_108_8_10.no-card.0.baseline 2.286s o 10 load=1.73
0111.replicate.BB_108_8_10.no-card.0.candidate 1.968s o 10 load=1.73
0112.replicate.BB_108_8_10.no-card.1.candidate 1.971s o 10 load=1.67
0113.replicate.BB_108_8_10.no-card.1.baseline 2.284s o 10 load=1.67
0114.replicate.BB_108_8_10.no-card.2.baseline 2.282s o 10 load=1.67
0115.replicate.BB_108_8_10.no-card.2.candidate 1.962s o 10 load=1.86
0116.replicate.BB_108_8_10.no-card.3.candidate 1.960s o 10 load=1.86
0117.replicate.BB_108_8_10.no-card.3.baseline 2.288s o 10 load=1.79
0118.replicate.BB_108_8_10.no-card.4.baseline 2.278s o 10 load=1.79
0119.replicate.BB_108_8_10.no-card.4.candidate 1.967s o 10 load=1.81
0120.replicate.BB_108_8_10.no-card.5.candidate 1.959s o 10 load=1.81
0121.replicate.BB_108_8_10.no-card.5.baseline 2.282s o 10 load=1.81
0122.replicate.BB_108_8_10.no-card.6.baseline 2.283s o 10 load=1.82
0123.replicate.BB_108_8_10.no-card.6.candidate 1.959s o 10 load=1.82
0124.replicate.BB_108_8_10.no-card.7.candidate 1.968s o 10 load=1.75
0125.replicate.BB_108_8_10.no-card.7.baseline 2.292s o 10 load=1.75
0126.replicate.BB_108_8_10.no-card.8.baseline 2.287s o 10 load=1.75
0127.replicate.BB_108_8_10.no-card.8.candidate 1.966s o 10 load=1.93
0128.replicate.BB_108_8_10.no-card.9.candidate 1.964s o 10 load=1.93
0129.replicate.BB_108_8_10.no-card.9.baseline 2.291s o 10 load=1.94
0130.gate.BB_108_8_10.card-mto.0.baseline 2.330s o 10 load=1.94
0131.gate.BB_108_8_10.card-mto.0.candidate 0.689s o 10 load=1.86
0132.gate.BB_108_8_10.card-mto.1.candidate 0.686s o 10 load=1.86
0133.gate.BB_108_8_10.card-mto.1.baseline 2.322s o 10 load=1.86
0134.gate.BB_108_8_10.card-mto.2.baseline 2.321s o 10 load=1.86
0135.gate.BB_108_8_10.card-mto.2.candidate 0.679s o 10 load=1.79
0136.replicate.BB_108_8_10.card-mto.0.baseline 2.327s o 10 load=1.79
0137.replicate.BB_108_8_10.card-mto.0.candidate 0.686s o 10 load=1.79
0138.replicate.BB_108_8_10.card-mto.1.candidate 0.686s o 10 load=1.73
0139.replicate.BB_108_8_10.card-mto.1.baseline 2.320s o 10 load=1.73
0140.replicate.BB_108_8_10.card-mto.2.baseline 2.337s o 10 load=1.73
0141.replicate.BB_108_8_10.card-mto.2.candidate 0.687s o 10 load=1.75
0142.replicate.BB_108_8_10.card-mto.3.candidate 0.683s o 10 load=1.75
0143.replicate.BB_108_8_10.card-mto.3.baseline 2.323s o 10 load=1.75
0144.replicate.BB_108_8_10.card-mto.4.baseline 2.417s o 10 load=1.75
0145.replicate.BB_108_8_10.card-mto.4.candidate 0.695s o 10 load=1.69
0146.replicate.BB_108_8_10.card-mto.5.candidate 0.688s o 10 load=1.69
0147.replicate.BB_108_8_10.card-mto.5.baseline 2.333s o 10 load=1.69
0148.replicate.BB_108_8_10.card-mto.6.baseline 2.327s o 10 load=1.72
0149.replicate.BB_108_8_10.card-mto.6.candidate 0.693s o 10 load=1.72
0150.replicate.BB_108_8_10.card-mto.7.candidate 0.698s o 10 load=1.72
0151.replicate.BB_108_8_10.card-mto.7.baseline 2.332s o 10 load=1.72
0152.replicate.BB_108_8_10.card-mto.8.baseline 2.329s o 10 load=1.66
0153.replicate.BB_108_8_10.card-mto.8.candidate 0.685s o 10 load=1.66
0154.replicate.BB_108_8_10.card-mto.9.candidate 0.682s o 10 load=1.66
0155.replicate.BB_108_8_10.card-mto.9.baseline 2.329s o 10 load=1.93
0156.gate.LP_238_44_6.no-card.0.baseline 1.204s o 6 load=1.93
0157.gate.LP_238_44_6.no-card.0.candidate 0.763s o 6 load=1.93
0158.gate.LP_238_44_6.no-card.1.candidate 0.775s o 6 load=1.85
0159.gate.LP_238_44_6.no-card.1.baseline 1.194s o 6 load=1.85
0160.gate.LP_238_44_6.no-card.2.baseline 1.206s o 6 load=1.85
0161.gate.LP_238_44_6.no-card.2.candidate 0.755s o 6 load=1.85
0162.replicate.LP_238_44_6.no-card.0.baseline 1.199s o 6 load=1.85
0163.replicate.LP_238_44_6.no-card.0.candidate 0.754s o 6 load=1.94
0164.replicate.LP_238_44_6.no-card.1.candidate 0.763s o 6 load=1.94
0165.replicate.LP_238_44_6.no-card.1.baseline 1.210s o 6 load=1.94
0166.replicate.LP_238_44_6.no-card.2.baseline 1.198s o 6 load=1.94
0167.replicate.LP_238_44_6.no-card.2.candidate 0.759s o 6 load=1.94
0168.replicate.LP_238_44_6.no-card.3.candidate 0.756s o 6 load=1.94
0169.replicate.LP_238_44_6.no-card.3.baseline 1.200s o 6 load=1.95
0170.replicate.LP_238_44_6.no-card.4.baseline 1.205s o 6 load=1.95
0171.replicate.LP_238_44_6.no-card.4.candidate 0.765s o 6 load=1.95
0172.replicate.LP_238_44_6.no-card.5.candidate 0.756s o 6 load=1.95
0173.replicate.LP_238_44_6.no-card.5.baseline 1.202s o 6 load=1.95
0174.replicate.LP_238_44_6.no-card.6.baseline 1.209s o 6 load=1.95
0175.replicate.LP_238_44_6.no-card.6.candidate 0.762s o 6 load=1.95
0176.replicate.LP_238_44_6.no-card.7.candidate 0.770s o 6 load=1.95
0177.replicate.LP_238_44_6.no-card.7.baseline 1.217s o 6 load=1.95
0178.replicate.LP_238_44_6.no-card.8.baseline 1.210s o 6 load=1.95
0179.replicate.LP_238_44_6.no-card.8.candidate 0.767s o 6 load=1.88
0180.replicate.LP_238_44_6.no-card.9.candidate 0.761s o 6 load=1.88
0181.replicate.LP_238_44_6.no-card.9.baseline 1.207s o 6 load=1.88
0182.gate.LP_238_44_6.card-mto.0.baseline 1.152s o 6 load=1.88
0183.gate.LP_238_44_6.card-mto.0.candidate 0.803s o 6 load=1.80
0184.gate.LP_238_44_6.card-mto.1.candidate 0.810s o 6 load=1.80
0185.gate.LP_238_44_6.card-mto.1.baseline 1.142s o 6 load=1.80
0186.gate.LP_238_44_6.card-mto.2.baseline 1.150s o 6 load=1.80
0187.gate.LP_238_44_6.card-mto.2.candidate 0.806s o 6 load=1.80
0188.replicate.LP_238_44_6.card-mto.0.baseline 1.140s o 6 load=1.80
0189.replicate.LP_238_44_6.card-mto.0.candidate 0.812s o 6 load=1.74
0190.replicate.LP_238_44_6.card-mto.1.candidate 0.805s o 6 load=1.74
0191.replicate.LP_238_44_6.card-mto.1.baseline 1.150s o 6 load=1.74
0192.replicate.LP_238_44_6.card-mto.2.baseline 1.147s o 6 load=1.74
0193.replicate.LP_238_44_6.card-mto.2.candidate 0.809s o 6 load=1.74
0194.replicate.LP_238_44_6.card-mto.3.candidate 0.801s o 6 load=1.68
0195.replicate.LP_238_44_6.card-mto.3.baseline 1.140s o 6 load=1.68
0196.replicate.LP_238_44_6.card-mto.4.baseline 1.142s o 6 load=1.68
0197.replicate.LP_238_44_6.card-mto.4.candidate 0.799s o 6 load=1.68
0198.replicate.LP_238_44_6.card-mto.5.candidate 0.799s o 6 load=1.68
0199.replicate.LP_238_44_6.card-mto.5.baseline 1.150s o 6 load=1.63
0200.replicate.LP_238_44_6.card-mto.6.baseline 1.140s o 6 load=1.63
0201.replicate.LP_238_44_6.card-mto.6.candidate 0.805s o 6 load=1.63
0202.replicate.LP_238_44_6.card-mto.7.candidate 0.813s o 6 load=1.63
0203.replicate.LP_238_44_6.card-mto.7.baseline 1.142s o 6 load=1.63
0204.replicate.LP_238_44_6.card-mto.8.baseline 1.137s o 6 load=1.58
0205.replicate.LP_238_44_6.card-mto.8.candidate 0.801s o 6 load=1.58
0206.replicate.LP_238_44_6.card-mto.9.candidate 0.807s o 6 load=1.58
0207.replicate.LP_238_44_6.card-mto.9.baseline 1.137s o 6 load=1.58
{
 "stopped": null,
 "n_samples": 208,
 "finished": "2026-10-09T18:15:19+0800",
 "binary_sha256_after": {
  "baseline": "3f2fbc4215e17c4a5b5e62d1f10f99619bdf6efaea7881acb46157effe78c9dc",
  "candidate": "303407ec628ed1f55960608a04989fd4442bb3fe5322445fcb1bfe4648820eb4"
 },
 "input_sha256_after_ok": true
}
gate no-card geomean 0.49422 envelope 0.55439 positive True flags []
gate card-mto geomean 0.299 envelope 0.30136 positive True flags []
replicate no-card geomean 0.49182 envelope 0.5031 positive True flags []
replicate card-mto geomean 0.30092 envelope 0.30657 positive True flags []
exit=0
