[{"status": "PASS", "signed_chain_cases": 584, "base_assignments_per_case": 16}, {"fixture": "css4", "oracle_distance": 2, "status": "PASS"}, {"fixture": "css5", "oracle_distance": 1, "status": "PASS"}, {"smoke_cross_repo_timeouts": "PASS"}]
tier1-BB_90_8_10-no-card-1-baseline 2.402 {'d': 10, 'objective': 10, 'lb': 10, 'ub': 10, 'timeout': False, 'unknown': False}
tier1-BB_90_8_10-no-card-1-candidate 2.415 {'d': 10, 'objective': 10, 'lb': 10, 'ub': 10, 'timeout': False, 'unknown': False}
tier1-BB_90_8_10-no-card-2-candidate 2.566 {'d': 10, 'objective': 10, 'lb': 10, 'ub': 10, 'timeout': False, 'unknown': False}
tier1-BB_90_8_10-no-card-2-baseline 2.398 {'d': 10, 'objective': 10, 'lb': 10, 'ub': 10, 'timeout': False, 'unknown': False}
tier1-BB_90_8_10-no-card-3-baseline 2.416 {'d': 10, 'objective': 10, 'lb': 10, 'ub': 10, 'timeout': False, 'unknown': False}
tier1-BB_90_8_10-no-card-3-candidate 2.366 {'d': 10, 'objective': 10, 'lb': 10, 'ub': 10, 'timeout': False, 'unknown': False}
tier1-BB_90_8_10-card-mto-1-baseline 2.866 {'d': 10, 'objective': 10, 'lb': 10, 'ub': 10, 'timeout': False, 'unknown': False}
tier1-BB_90_8_10-card-mto-1-candidate 2.882 {'d': 10, 'objective': 10, 'lb': 10, 'ub': 10, 'timeout': False, 'unknown': False}
tier1-BB_90_8_10-card-mto-2-candidate 2.865 {'d': 10, 'objective': 10, 'lb': 10, 'ub': 10, 'timeout': False, 'unknown': False}
tier1-BB_90_8_10-card-mto-2-baseline 2.999 {'d': 10, 'objective': 10, 'lb': 10, 'ub': 10, 'timeout': False, 'unknown': False}
tier1-BB_90_8_10-card-mto-3-baseline 2.916 {'d': 10, 'objective': 10, 'lb': 10, 'ub': 10, 'timeout': False, 'unknown': False}
tier1-BB_90_8_10-card-mto-3-candidate 2.814 {'d': 10, 'objective': 10, 'lb': 10, 'ub': 10, 'timeout': False, 'unknown': False}
tier1-GB_144_12_8-no-card-1-baseline 1.017 {'d': 8, 'objective': 8, 'lb': 8, 'ub': 8, 'timeout': False, 'unknown': False}
tier1-GB_144_12_8-no-card-1-candidate 0.998 {'d': 8, 'objective': 8, 'lb': 8, 'ub': 8, 'timeout': False, 'unknown': False}
tier1-GB_144_12_8-no-card-2-candidate 1.0 {'d': 8, 'objective': 8, 'lb': 8, 'ub': 8, 'timeout': False, 'unknown': False}
tier1-GB_144_12_8-no-card-2-baseline 0.999 {'d': 8, 'objective': 8, 'lb': 8, 'ub': 8, 'timeout': False, 'unknown': False}
tier1-GB_144_12_8-no-card-3-baseline 0.982 {'d': 8, 'objective': 8, 'lb': 8, 'ub': 8, 'timeout': False, 'unknown': False}
tier1-GB_144_12_8-no-card-3-candidate 1.032 {'d': 8, 'objective': 8, 'lb': 8, 'ub': 8, 'timeout': False, 'unknown': False}
tier1-GB_144_12_8-card-mto-1-baseline 1.266 {'d': 8, 'objective': 8, 'lb': 8, 'ub': 8, 'timeout': False, 'unknown': False}
tier1-GB_144_12_8-card-mto-1-candidate 1.266 {'d': 8, 'objective': 8, 'lb': 8, 'ub': 8, 'timeout': False, 'unknown': False}
tier1-GB_144_12_8-card-mto-2-candidate 1.249 {'d': 8, 'objective': 8, 'lb': 8, 'ub': 8, 'timeout': False, 'unknown': False}
tier1-GB_144_12_8-card-mto-2-baseline 1.249 {'d': 8, 'objective': 8, 'lb': 8, 'ub': 8, 'timeout': False, 'unknown': False}
tier1-GB_144_12_8-card-mto-3-baseline 1.266 {'d': 8, 'objective': 8, 'lb': 8, 'ub': 8, 'timeout': False, 'unknown': False}
tier1-GB_144_12_8-card-mto-3-candidate 1.263 {'d': 8, 'objective': 8, 'lb': 8, 'ub': 8, 'timeout': False, 'unknown': False}
tier1-BB_108_8_10-no-card-1-baseline 2.867 {'d': 10, 'objective': 10, 'lb': 10, 'ub': 10, 'timeout': False, 'unknown': False}
tier1-BB_108_8_10-no-card-1-candidate 2.864 {'d': 10, 'objective': 10, 'lb': 10, 'ub': 10, 'timeout': False, 'unknown': False}
tier1-BB_108_8_10-no-card-2-candidate 2.884 {'d': 10, 'objective': 10, 'lb': 10, 'ub': 10, 'timeout': False, 'unknown': False}
tier1-BB_108_8_10-no-card-2-baseline 2.865 {'d': 10, 'objective': 10, 'lb': 10, 'ub': 10, 'timeout': False, 'unknown': False}
tier1-BB_108_8_10-no-card-3-baseline 2.866 {'d': 10, 'objective': 10, 'lb': 10, 'ub': 10, 'timeout': False, 'unknown': False}
tier1-BB_108_8_10-no-card-3-candidate 2.9 {'d': 10, 'objective': 10, 'lb': 10, 'ub': 10, 'timeout': False, 'unknown': False}
tier1-BB_108_8_10-card-mto-1-baseline 3.714 {'d': 10, 'objective': 10, 'lb': 10, 'ub': 10, 'timeout': False, 'unknown': False}
tier1-BB_108_8_10-card-mto-1-candidate 3.682 {'d': 10, 'objective': 10, 'lb': 10, 'ub': 10, 'timeout': False, 'unknown': False}
tier1-BB_108_8_10-card-mto-2-candidate 3.682 {'d': 10, 'objective': 10, 'lb': 10, 'ub': 10, 'timeout': False, 'unknown': False}
tier1-BB_108_8_10-card-mto-2-baseline 3.716 {'d': 10, 'objective': 10, 'lb': 10, 'ub': 10, 'timeout': False, 'unknown': False}
tier1-BB_108_8_10-card-mto-3-baseline 3.718 {'d': 10, 'objective': 10, 'lb': 10, 'ub': 10, 'timeout': False, 'unknown': False}
tier1-BB_108_8_10-card-mto-3-candidate 3.679 {'d': 10, 'objective': 10, 'lb': 10, 'ub': 10, 'timeout': False, 'unknown': False}
tier1-LP_238_44_6-no-card-1-baseline 1.899 {'d': 6, 'objective': 6, 'lb': 6, 'ub': 6, 'timeout': False, 'unknown': False}
tier1-LP_238_44_6-no-card-1-candidate 1.931 {'d': 6, 'objective': 6, 'lb': 6, 'ub': 6, 'timeout': False, 'unknown': False}
tier1-LP_238_44_6-no-card-2-candidate 1.884 {'d': 6, 'objective': 6, 'lb': 6, 'ub': 6, 'timeout': False, 'unknown': False}
tier1-LP_238_44_6-no-card-2-baseline 1.881 {'d': 6, 'objective': 6, 'lb': 6, 'ub': 6, 'timeout': False, 'unknown': False}
tier1-LP_238_44_6-no-card-3-baseline 1.875 {'d': 6, 'objective': 6, 'lb': 6, 'ub': 6, 'timeout': False, 'unknown': False}
tier1-LP_238_44_6-no-card-3-candidate 1.883 {'d': 6, 'objective': 6, 'lb': 6, 'ub': 6, 'timeout': False, 'unknown': False}
tier1-LP_238_44_6-card-mto-1-baseline 2.265 {'d': 6, 'objective': 6, 'lb': 6, 'ub': 6, 'timeout': False, 'unknown': False}
tier1-LP_238_44_6-card-mto-1-candidate 2.198 {'d': 6, 'objective': 6, 'lb': 6, 'ub': 6, 'timeout': False, 'unknown': False}
tier1-LP_238_44_6-card-mto-2-candidate 2.232 {'d': 6, 'objective': 6, 'lb': 6, 'ub': 6, 'timeout': False, 'unknown': False}
tier1-LP_238_44_6-card-mto-2-baseline 2.198 {'d': 6, 'objective': 6, 'lb': 6, 'ub': 6, 'timeout': False, 'unknown': False}
tier1-LP_238_44_6-card-mto-3-baseline 2.199 {'d': 6, 'objective': 6, 'lb': 6, 'ub': 6, 'timeout': False, 'unknown': False}
tier1-LP_238_44_6-card-mto-3-candidate 2.196 {'d': 6, 'objective': 6, 'lb': 6, 'ub': 6, 'timeout': False, 'unknown': False}
{
  "decision": "INCONCLUSIVE",
  "tier0": "PASS",
  "tier1": {
    "numeric_filter": "inconclusive",
    "reason": {
      "no-card": {
        "median_geomean": 1.0034646541207763,
        "range_envelope_geomean": 1.0404706880272818,
        "no_worse_medians": false
      },
      "card-mto": {
        "median_geomean": 0.9928333570544946,
        "range_envelope_geomean": 1.0065433209748598,
        "no_worse_medians": true
      }
    },
    "medians": [
      {
        "case": "BB_90_8_10",
        "mode": "no-card",
        "baseline_raw": [
          2.4016763999825343,
          2.3977574000600725,
          2.416101099923253
        ],
        "candidate_raw": [
          2.414737800019793,
          2.5662422999739647,
          2.366168800042942
        ],
        "baseline_median": 2.4016763999825343,
        "candidate_median": 2.414737800019793,
        "median_ratio": 1.0054384512573609,
        "baseline_range_over_median": 0.007637873221935277,
        "baseline_min": 2.3977574000600725,
        "baseline_max": 2.416101099923253,
        "candidate_min": 2.366168800042942,
        "candidate_max": 2.5662422999739647
      },
      {
        "case": "GB_144_12_8",
        "mode": "no-card",
        "baseline_raw": [
          1.0169405000051484,
          0.9989883999805897,
          0.9819198999321088
        ],
        "candidate_raw": [
          0.9984963999595493,
          0.9995359999593347,
          1.0316080000484362
        ],
        "baseline_median": 0.9989883999805897,
        "candidate_median": 0.9995359999593347,
        "median_ratio": 1.0005481544918395,
        "baseline_range_over_median": 0.035056062786835145,
        "baseline_min": 0.9819198999321088,
        "baseline_max": 1.0169405000051484,
        "candidate_min": 0.9984963999595493,
        "candidate_max": 1.0316080000484362
      },
      {
        "case": "BB_108_8_10",
        "mode": "no-card",
        "baseline_raw": [
          2.867339099990204,
          2.864872799953446,
          2.8658458000281826
        ],
        "candidate_raw": [
          2.863802499952726,
          2.883750000037253,
          2.899789899936877
        ],
        "baseline_median": 2.8658458000281826,
        "candidate_median": 2.883750000037253,
        "median_ratio": 1.0062474401131052,
        "baseline_range_over_median": 0.0008605836492437698,
        "baseline_min": 2.864872799953446,
        "baseline_max": 2.867339099990204,
        "candidate_min": 2.863802499952726,
        "candidate_max": 2.899789899936877
      },
      {
        "case": "LP_238_44_6",
        "mode": "no-card",
        "baseline_raw": [
          1.8989749000174925,
          1.8807352000148967,
          1.8754243000876158
        ],
        "candidate_raw": [
          1.9311974999727681,
          1.883812600048259,
          1.8826994999544695
        ],
        "baseline_median": 1.8807352000148967,
        "candidate_median": 1.883812600048259,
        "median_ratio": 1.0016362750233727,
        "baseline_range_over_median": 0.012522017947922754,
        "baseline_min": 1.8754243000876158,
        "baseline_max": 1.8989749000174925,
        "candidate_min": 1.8826994999544695,
        "candidate_max": 1.9311974999727681
      },
      {
        "case": "BB_90_8_10",
        "mode": "card-mto",
        "baseline_raw": [
          2.8660481999395415,
          2.9988700000103563,
          2.9156935999635607
        ],
        "candidate_raw": [
          2.881766499951482,
          2.865225200075656,
          2.8143584999488667
        ],
        "baseline_median": 2.9156935999635607,
        "candidate_median": 2.865225200075656,
        "median_ratio": 0.982690773856164,
        "baseline_range_over_median": 0.04555410077124522,
        "baseline_min": 2.8660481999395415,
        "baseline_max": 2.9988700000103563,
        "candidate_min": 2.8143584999488667,
        "candidate_max": 2.881766499951482
      },
      {
        "case": "GB_144_12_8",
        "mode": "card-mto",
        "baseline_raw": [
          1.265680499956943,
          1.2487264999654144,
          1.265990599989891
        ],
        "candidate_raw": [
          1.2659031000221148,
          1.2490317999618128,
          1.2632961999624968
        ],
        "baseline_median": 1.265680499956943,
        "candidate_median": 1.2632961999624968,
        "median_ratio": 0.9981161912548013,
        "baseline_range_over_median": 0.013640172243361537,
        "baseline_min": 1.2487264999654144,
        "baseline_max": 1.265990599989891,
        "candidate_min": 1.2490317999618128,
        "candidate_max": 1.2659031000221148
      },
      {
        "case": "BB_108_8_10",
        "mode": "card-mto",
        "baseline_raw": [
          3.713576800073497,
          3.7160179000347853,
          3.7181171000702307
        ],
        "candidate_raw": [
          3.6824901000363752,
          3.681663600029424,
          3.6786719999508932
        ],
        "baseline_median": 3.7160179000347853,
        "candidate_median": 3.681663600029424,
        "median_ratio": 0.9907550768242963,
        "baseline_range_over_median": 0.001221818656118735,
        "baseline_min": 3.713576800073497,
        "baseline_max": 3.7181171000702307,
        "candidate_min": 3.6786719999508932,
        "candidate_max": 3.6824901000363752
      },
      {
        "case": "LP_238_44_6",
        "mode": "card-mto",
        "baseline_raw": [
          2.265289800008759,
          2.1983834999846295,
          2.1987294999416918
        ],
        "candidate_raw": [
          2.1984316000016406,
          2.2324191000079736,
          2.1958213000325486
        ],
        "baseline_median": 2.1987294999416918,
        "candidate_median": 2.1984316000016406,
        "median_ratio": 0.9998645126924167,
        "baseline_range_over_median": 0.030429527609423416,
        "baseline_min": 2.1983834999846295,
        "baseline_max": 2.265289800008759,
        "candidate_min": 2.1958213000325486,
        "candidate_max": 2.2324191000079736
      }
    ]
  },
  "tier2": "not reached",
  "tier3": "not run",
  "reason": "Interactive Windows host; original controlled-host gate not satisfied",
  "correctness": "identical certified distances and bounds for every completed run"
}
