OK  BB_1080_4_54 no-card TIMEOUT None 60.063 | TIMEOUT None 60.039 []
OK  BB_1080_4_54 card-mto TIMEOUT None 60.065 | TIMEOUT None 60.036 []
OK  BB_1080_4_54 default TIMEOUT None 60.067 | TIMEOUT None 60.038 []
OK  BB_108_8_10 default done 10 2.695 | done 10 1.204 []
OK  BB_108_8_10 no-card done 10 2.634 | done 10 1.585 []
OK  BB_108_8_10 card-mto done 10 2.714 | done 10 1.278 []
OK  BB_108_8_10 card-sinz done 10 2.618 | done 10 2.107 []
OK  BB_144_12_12 default done 12 18.678 | done 12 6.964 []
OK  BB_144_12_12 no-card done 12 19.858 | done 12 6.363 []
OK  BB_144_12_12 card-mto done 12 18.446 | done 12 7.553 []
OK  BB_144_12_12 card-sinz done 12 35.872 | done 12 10.16 []
OK  BB_1080_4_54 card-sinz TIMEOUT None 60.017 | TIMEOUT None 60.019 []
OK  BB_144_14_14 default TIMEOUT None 60.007 | TIMEOUT None 60.018 []
OK  BB_144_14_14 no-card TIMEOUT None 60.018 | TIMEOUT None 60.012 []
OK  BB_144_14_14 card-mto TIMEOUT None 60.014 | TIMEOUT None 60.01 []
OK  BB_144_14_14 card-sinz TIMEOUT None 60.018 | TIMEOUT None 60.01 []
OK  BB_288_12_unknown default TIMEOUT None 60.011 | TIMEOUT None 60.018 []
OK  BB_288_12_unknown no-card TIMEOUT None 60.011 | TIMEOUT None 60.016 []
OK  BB_288_12_unknown card-mto TIMEOUT None 60.007 | TIMEOUT None 60.013 []
OK  BB_288_12_unknown card-sinz TIMEOUT None 60.009 | TIMEOUT None 60.009 []
OK  BB_360_12_unknown default TIMEOUT None 60.008 | TIMEOUT None 60.009 []
OK  BB_360_12_unknown no-card TIMEOUT None 60.013 | TIMEOUT None 60.009 []
OK  BB_72_12_6 default done 6 0.046 | done 6 0.067 []
OK  BB_72_12_6 no-card done 6 0.046 | done 6 0.061 []
OK  BB_72_12_6 card-mto done 6 0.056 | done 6 0.08 []
OK  BB_72_12_6 card-sinz done 6 0.062 | done 6 0.044 []
OK  BB_360_12_unknown card-mto TIMEOUT None 60.016 | TIMEOUT None 60.006 []
OK  BB_360_12_unknown card-sinz TIMEOUT None 60.005 | TIMEOUT None 60.02 []
OK  BB_756_16_34 default TIMEOUT None 60.02 | TIMEOUT None 60.012 []
OK  BB_756_16_34 no-card TIMEOUT None 60.016 | TIMEOUT None 60.009 []
OK  BB_756_16_34 card-mto TIMEOUT None 60.007 | TIMEOUT None 60.015 []
OK  BB_756_16_34 card-sinz TIMEOUT None 60.018 | TIMEOUT None 60.013 []
OK  BB_864_4_40 default TIMEOUT None 60.017 | TIMEOUT None 60.02 []
OK  BB_864_4_40 no-card TIMEOUT None 60.011 | TIMEOUT None 60.012 []
OK  BB_90_8_10 default done 10 2.457 | done 10 1.3 []
OK  BB_90_8_10 no-card done 10 2.164 | done 10 0.978 []
OK  BB_90_8_10 card-mto done 10 1.902 | done 10 1.66 []
OK  BB_90_8_10 card-sinz done 10 2.179 | done 10 1.587 []
OK  BB_864_4_40 card-mto TIMEOUT None 60.014 | TIMEOUT None 60.019 []
OK  BB_864_4_40 card-sinz TIMEOUT None 60.013 | TIMEOUT None 60.014 []
OK  GB_144_12_12 default TIMEOUT None 60.017 | TIMEOUT None 60.015 []
OK  GB_144_12_12 no-card TIMEOUT None 60.008 | TIMEOUT None 60.012 []
OK  GB_144_12_8 default done 8 1.319 | done 8 0.39 []
OK  GB_144_12_8 no-card done 8 0.797 | done 8 0.351 []
OK  GB_144_12_8 card-mto done 8 1.445 | done 8 0.408 []
OK  GB_144_12_8 card-sinz done 8 1.036 | done 8 0.338 []
OK  LP_136_32_4 default done 4 0.164 | done 4 0.107 []
OK  LP_136_32_4 no-card done 4 0.123 | done 4 0.068 []
OK  LP_136_32_4 card-mto done 4 0.175 | done 4 0.112 []
OK  LP_136_32_4 card-sinz done 4 0.149 | done 4 0.069 []
OK  GB_144_12_12 card-mto TIMEOUT None 60.01 | TIMEOUT None 60.018 []
OK  GB_144_12_12 card-sinz TIMEOUT None 60.006 | TIMEOUT None 60.007 []
OK  LP_1768_224_unknown default TIMEOUT None 60.018 | TIMEOUT None 60.026 []
OK  LP_1768_224_unknown no-card TIMEOUT None 60.022 | TIMEOUT None 60.026 []
OK  LP_238_44_6 default done 6 1.285 | done 6 0.637 []
OK  LP_238_44_6 no-card done 6 1.355 | done 6 0.589 []
OK  LP_238_44_6 card-mto done 6 1.264 | done 6 0.636 []
OK  LP_238_44_6 card-sinz done 6 1.629 | done 6 0.659 []
OK  LP_1768_224_unknown card-mto TIMEOUT None 60.019 | TIMEOUT None 60.028 []
OK  LP_340_56_8 default TIMEOUT None 60.01 | done 8 4.048 []
OK  LP_1768_224_unknown card-sinz TIMEOUT None 60.028 | TIMEOUT None 60.024 []
OK  LP_340_56_8 no-card TIMEOUT None 60.018 | done 8 3.994 []
OK  LP_34_20_2 default done 2 0.019 | done 2 0.018 []
OK  LP_34_20_2 no-card done 2 0.018 | done 2 0.018 []
OK  LP_34_20_2 card-mto done 2 0.018 | done 2 0.018 []
OK  LP_34_20_2 card-sinz done 2 0.018 | done 2 0.018 []
OK  LP_340_56_8 card-mto TIMEOUT None 60.011 | done 8 3.867 []
OK  LP_340_56_8 card-sinz TIMEOUT None 60.016 | done 8 5.593 []
OK  LP_442_68_10 default TIMEOUT None 60.012 | done 10 51.878 []
OK  LP_442_68_10 no-card TIMEOUT None 60.017 | TIMEOUT None 60.016 []
OK  LP_442_68_10 card-mto TIMEOUT None 60.022 | done 10 49.892 []
OK  LP_442_68_10 card-sinz TIMEOUT None 60.008 | done 10 51.546 []
OK  LP_544_80_12 default TIMEOUT None 60.021 | TIMEOUT None 60.019 []
OK  LP_544_80_12 no-card TIMEOUT None 60.018 | TIMEOUT None 60.008 []
OK  LP_544_80_12 card-mto TIMEOUT None 60.01 | TIMEOUT None 60.017 []
OK  LP_544_80_12 card-sinz TIMEOUT None 60.016 | TIMEOUT None 60.019 []
OK  LP_714_100_unknown default TIMEOUT None 60.009 | TIMEOUT None 60.015 []
OK  LP_714_100_unknown no-card TIMEOUT None 60.019 | TIMEOUT None 60.014 []
OK  LP_714_100_unknown card-mto TIMEOUT None 60.015 | TIMEOUT None 60.014 []
OK  LP_714_100_unknown card-sinz TIMEOUT None 60.014 | TIMEOUT None 60.012 []
OK  PK_31 default TIMEOUT None 60.015 | TIMEOUT None 60.018 []
OK  PK_31 no-card TIMEOUT None 60.01 | TIMEOUT None 60.019 []
OK  PK_31 card-mto TIMEOUT None 60.019 | TIMEOUT None 60.015 []
OK  TN_108_2_12 default done 12 29.981 | done 12 17.499 []
OK  TN_108_2_12 no-card done 12 33.992 | done 12 22.244 []
OK  PK_31 card-sinz TIMEOUT None 60.014 | TIMEOUT None 60.022 []
OK  TN_108_2_12 card-mto done 12 31.876 | done 12 17.266 []
OK  TN_108_2_12 card-sinz done 12 43.389 | done 12 20.303 []
OK  TN_144_2_13 default TIMEOUT None 60.008 | TIMEOUT None 60.011 []
OK  TN_144_2_13 no-card TIMEOUT None 60.007 | TIMEOUT None 60.016 []
OK  TN_144_2_13 card-mto TIMEOUT None 60.005 | TIMEOUT None 60.009 []
