c DistQLDPC — QLDPC/CSS minimum distance (symplectic MaxSAT)
c solver: MaxCDCL, cardinality encoding: MTO only
c Hx: data/matrices/BB_90_8_10_Hx.txt
c Hz: data/matrices/BB_90_8_10_Hz.txt
c Gx: data/matrices/BB_90_8_10_Gx.txt
c Gz: data/matrices/BB_90_8_10_Gz.txt
c Hx: 45 x 90, Hz: 45 x 90, Gx: 8 x 90, Gz: 8 x 90, logicals: 16
c Mono: 0, fixed: 0
c |  Eliminated clauses:           0.02 Mb                                      |
c Reduced to 564 vars, 2464 cls (c/v ratio==4.4, grow=0)
c No iterative elimination performed. (vars=564, c/v ratio=4.4)
c ============================[ Search Statistics ]==============================
c | Conflicts |          ORIGINAL         |          LEARNT          | Progress |
c |           |    Vars  Clauses Literals |    Limit  Clauses Lit/Cl |          |
c ===============================================================================
c nb soft clauses: 90, of which 90 unit, 0 nonUnit and 0 empty
c total nb of literals: 8714
c conflLits 0, conflLits2 0, nbFailedLits 0, fixedVarsBypreproc 0, totalFixedVars 106
c 1 conflict sets found with length 52
c fixedCost 0, nbSatLits 0, totalFixedVars 106, objForSearch: 90

c no UB provided, search from scratch...
c ends of initiationization by VSIDS at 0 conflicts with init 10000

c UB=1 fails, cnfls=0, hcnfls=0, core 0, tier2 0, local 0, quasiC: 0 (fixed: 0)
c prunedLB 0.00, dev 0.00, succRate 0.00, nbSucc 0, nbHardens 1 (fixed 90), lk: 1, shorten: 0, pureSo 0, nbFlyRd 0, nbFixedLH 0

c Cardinality: 267 (MTO) for UB 2
c ***** top quasi confl at level 0*****
c ends of initiationization by VSIDS at 10 conflicts with init 9990

c UB=2 fails, cnfls=10, hcnfls=10, core 8, tier2 0, local 0, quasiC: 1 (fixed: 24)
c prunedLB 0.00, dev 0.00, succRate 0.00, nbSucc 0, nbHardens 1 (fixed 114), lk: 1, shorten: 0, pureSo 0, nbFlyRd 1, nbFixedLH 0

c Cardinality: 563 (MTO) for UB 4
c ends of initiationization by VSIDS at 426 conflicts with init 9584

c UB=4 fails, cnfls=426, hcnfls=239, core 1670, tier2 41, local 144, quasiC: 10 (fixed: 232)
c prunedLB 2.73, dev 0.63, succRate 0.83, nbSucc 160, nbHardens 193 (fixed 14527), lk: 193, shorten: 0, pureSo 28, nbFlyRd 7, nbFixedLH 4
Assertion failed: (li>1), function simplifyLearnt, file Solver.cc, line 668.

c Cardinality: 788 (MTO) for UB 8
c nbFailedLits 0, nbI 0, fixedVarsByFL 0, totalFixedVars 107, nbTested: 944, counter 28237
c nbFailedLits 0, nbI 0, fixedVarsByFL 0, totalFixedVars 119, nbTested: 932, counter 101309
c DistQLDPC — QLDPC/CSS minimum distance (symplectic MaxSAT)
c solver: MaxCDCL, cardinality encoding: MTO only
c Hx: data/matrices/BB_90_8_10_Hx.txt
c Hz: data/matrices/BB_90_8_10_Hz.txt
c Gx: data/matrices/BB_90_8_10_Gx.txt
c Gz: data/matrices/BB_90_8_10_Gz.txt
c Hx: 45 x 90, Hz: 45 x 90, Gx: 8 x 90, Gz: 8 x 90, logicals: 16
c d_lb: 4
c d_ub: -
c status: UNKNOWN
c d  : UNKNOWN
s UNKNOWN
