c DistQLDPC — QLDPC/CSS minimum distance (symplectic MaxSAT)
c solver: MaxCDCL, cardinality encoding: Sinz+MTO (default, Sinz if n<=100)
c Hx: data/matrices/BB_144_14_14_Hx.txt
c Hz: data/matrices/BB_144_14_14_Hz.txt
c Gx: data/matrices/BB_144_14_14_Gx.txt
c Gz: data/matrices/BB_144_14_14_Gz.txt
c Hx: 72 x 144, Hz: 72 x 144, Gx: 14 x 144, Gz: 14 x 144, logicals: 28
c Mono: 0, fixed: 0
c |  Eliminated clauses:           0.05 Mb                                      |
c Reduced to 1323 vars, 7066 cls (c/v ratio==5.3, grow=0)
c No iterative elimination performed. (vars=1323, c/v ratio=5.3)
c ============================[ Search Statistics ]==============================
c | Conflicts |          ORIGINAL         |          LEARNT          | Progress |
c |           |    Vars  Clauses Literals |    Limit  Clauses Lit/Cl |          |
c ===============================================================================
c nb soft clauses: 144, of which 144 unit, 0 nonUnit and 0 empty
c total nb of literals: 26204
c conflLits 0, conflLits2 0, nbFailedLits 0, fixedVarsBypreproc 0, totalFixedVars 172
c 1 conflict sets found with length 82
c fixedCost 0, nbSatLits 0, totalFixedVars 172, objForSearch: 144

c no UB provided, search from scratch...
c ends of initiationization by VSIDS at 0 conflicts with init 10000

c UB=1 fails, cnfls=0, hcnfls=0, core 0, tier2 0, local 0, quasiC: 0 (fixed: 0)
c prunedLB 0.00, dev 0.00, succRate 0.00, nbSucc 0, nbHardens 1 (fixed 144), lk: 1, shorten: 0, pureSo 0, nbFlyRd 0, nbFixedLH 0

c Cardinality: 429 (Sinz+MTO) for UB 2
c ***** top quasi confl at level 0*****
c ends of initiationization by VSIDS at 4 conflicts with init 9996

c UB=2 fails, cnfls=4, hcnfls=4, core 2, tier2 0, local 0, quasiC: 1 (fixed: 46)
c prunedLB 0.00, dev 0.00, succRate 0.00, nbSucc 0, nbHardens 1 (fixed 190), lk: 1, shorten: 0, pureSo 0, nbFlyRd 1, nbFixedLH 0

c Cardinality: 919 (Sinz+MTO) for UB 4
c nbFailedLits 0, nbI 0, fixedVarsByFL 0, totalFixedVars 189, nbTested: 1001, counter 31496
c ends of initiationization by VSIDS at 1223 conflicts with init 8781

c UB=4 fails, cnfls=1223, hcnfls=339, core 450, tier2 49, local 800, quasiC: 78 (fixed: 2678)
c prunedLB 2.88, dev 0.57, succRate 0.75, nbSucc 801, nbHardens 132 (fixed 15220), lk: 1067, shorten: 0, pureSo 84, nbFlyRd 15, nbFixedLH 13

c Cardinality: 1248 (Sinz+MTO) for UB 8
c nbFailedLits 0, nbI 0, fixedVarsByFL 0, totalFixedVars 174, nbTested: 1001, counter 50276
c nbFailedLits 0, nbI 0, fixedVarsByFL 0, totalFixedVars 179, nbTested: 1001, counter 112260
c nbFailedLits 0, nbI 0, fixedVarsByFL 0, totalFixedVars 188, nbTested: 1001, counter 208386
c ends of initiationization by VSIDS at 11223 conflicts with init 0

c LRB phase 1: conflicts 3509, phase 20000000, starts 18, UP 218122
c UB=8 fails, cnfls=14732, hcnfls=771, core 3797, tier2 1127, local 6656, quasiC: 1875 (fixed: 84771)
c prunedLB 5.21, dev 0.95, succRate 0.76, nbSucc 12945, nbHardens 229 (fixed 103965), lk: 16953, shorten: 0, pureSo 217, nbFlyRd 56, nbFixedLH 160

c Cardinality: 1433 (Sinz+MTO) for UB 16
c nbFailedLits 0, nbI 0, fixedVarsByFL 0, totalFixedVars 172, nbTested: 1001, counter 337927
c nbFailedLits 0, nbI 0, fixedVarsByFL 0, totalFixedVars 172, nbTested: 1001, counter 401319
c nbFailedLits 0, nbI 0, fixedVarsByFL 0, totalFixedVars 172, nbTested: 1001, counter 514120
c ends of initiationization by VSIDS at 24732 conflicts with init 0

c DistQLDPC — QLDPC/CSS minimum distance (symplectic MaxSAT)
c solver: MaxCDCL, cardinality encoding: Sinz+MTO (default, Sinz if n<=100)
c Hx: data/matrices/BB_144_14_14_Hx.txt
c Hz: data/matrices/BB_144_14_14_Hz.txt
c Gx: data/matrices/BB_144_14_14_Gx.txt
c Gz: data/matrices/BB_144_14_14_Gz.txt
c Hx: 72 x 144, Hz: 72 x 144, Gx: 14 x 144, Gz: 14 x 144, logicals: 28
c d_lb: 8
c d_ub: -
c status: TIMEOUT (child killed after -cpu-lim)
c d  : UNKNOWN
s UNKNOWN
