c DistQLDPC — QLDPC/CSS minimum distance (symplectic MaxSAT)
c solver: MaxCDCL, cardinality encoding: off (soft-conflict only)
c Hx: data/matrices/BB_1080_4_54_Hx.txt
c Hz: data/matrices/BB_1080_4_54_Hz.txt
c Gx: data/matrices/BB_1080_4_54_Gx.txt
c Gz: data/matrices/BB_1080_4_54_Gz.txt
c Hx: 540 x 1080, Hz: 540 x 1080, Gx: 4 x 1080, Gz: 4 x 1080, logicals: 8
c Mono: 0, fixed: 0
c |  Eliminated clauses:           0.17 Mb                                      |
c Reduced to 6168 vars, 26058 cls (c/v ratio==4.2, grow=0)
c No iterative elimination performed. (vars=6168, c/v ratio=4.2)
c ============================[ Search Statistics ]==============================
c | Conflicts |          ORIGINAL         |          LEARNT          | Progress |
c |           |    Vars  Clauses Literals |    Limit  Clauses Lit/Cl |          |
c ===============================================================================
c nb soft clauses: 1080, of which 1080 unit, 0 nonUnit and 0 empty
c total nb of literals: 91744
c conflLits 0, conflLits2 0, nbFailedLits 0, fixedVarsBypreproc 0, totalFixedVars 1088
c 1 conflict sets found with length 547
c fixedCost 0, nbSatLits 0, totalFixedVars 1088, objForSearch: 1080

c no UB provided, search from scratch...
c ends of initiationization by VSIDS at 0 conflicts with init 10000

c UB=1 fails, cnfls=0, hcnfls=0, core 0, tier2 0, local 0, quasiC: 0 (fixed: 0)
c prunedLB 0.00, dev 0.00, succRate 0.00, nbSucc 0, nbHardens 1 (fixed 1080), lk: 1, shorten: 0, pureSo 0, nbFlyRd 0, nbFixedLH 0

c Cardinality: off (soft-conflict only), UB 2
c ***** top quasi confl at level 0*****
c ends of initiationization by VSIDS at 406 conflicts with init 9594

c UB=2 fails, cnfls=406, hcnfls=360, core 252, tier2 8, local 322, quasiC: 1 (fixed: 478)
c prunedLB 0.00, dev 0.00, succRate 0.00, nbSucc 0, nbHardens 343 (fixed 183849), lk: 1, shorten: 0, pureSo 46, nbFlyRd 31, nbFixedLH 0

c Cardinality: off (soft-conflict only), UB 4
c nbFailedLits 0, nbI 0, fixedVarsByFL 0, totalFixedVars 1107, nbTested: 1001, counter 61711
c ends of initiationization by VSIDS at 4463 conflicts with init 5943

c UB=4 fails, cnfls=4463, hcnfls=775, core 6756, tier2 205, local 3404, quasiC: 248 (fixed: 70134)
c prunedLB 3.11, dev 0.66, succRate 0.79, nbSucc 3112, nbHardens 574 (fixed 417116), lk: 3927, shorten: 0, pureSo 577, nbFlyRd 60, nbFixedLH 30

c Cardinality: off (soft-conflict only), UB 8
c nbFailedLits 0, nbI 0, fixedVarsByFL 0, totalFixedVars 1089, nbTested: 1001, counter 404514
c nbFailedLits 0, nbI 0, fixedVarsByFL 0, totalFixedVars 1092, nbTested: 1001, counter 890555
c nbFailedLits 0, nbI 0, fixedVarsByFL 0, totalFixedVars 1098, nbTested: 1001, counter 1584530
c ends of initiationization by VSIDS at 14464 conflicts with init -1

c DistQLDPC — QLDPC/CSS minimum distance (symplectic MaxSAT)
c solver: MaxCDCL, cardinality encoding: off (soft-conflict only)
c Hx: data/matrices/BB_1080_4_54_Hx.txt
c Hz: data/matrices/BB_1080_4_54_Hz.txt
c Gx: data/matrices/BB_1080_4_54_Gx.txt
c Gz: data/matrices/BB_1080_4_54_Gz.txt
c Hx: 540 x 1080, Hz: 540 x 1080, Gx: 4 x 1080, Gz: 4 x 1080, logicals: 8
c d_lb: 4
c d_ub: -
c status: TIMEOUT (child killed after -cpu-lim)
c d  : UNKNOWN
s UNKNOWN
