c DistQLDPC — QLDPC/CSS minimum distance (symplectic MaxSAT)
c solver: MaxCDCL, cardinality encoding: Sinz+MTO (default, Sinz if n<=100)
c Hx: data/matrices/BB_360_12_unknown_Hx.txt
c Hz: data/matrices/BB_360_12_unknown_Hz.txt
c Gx: data/matrices/BB_360_12_unknown_Gx.txt
c Gz: data/matrices/BB_360_12_unknown_Gz.txt
c Hx: 180 x 360, Hz: 180 x 360, Gx: 12 x 360, Gz: 12 x 360, logicals: 24
c Mono: 0, fixed: 0
c |  Eliminated clauses:           0.08 Mb                                      |
c Reduced to 2505 vars, 11714 cls (c/v ratio==4.7, grow=0)
c No iterative elimination performed. (vars=2505, c/v ratio=4.7)
c ============================[ Search Statistics ]==============================
c | Conflicts |          ORIGINAL         |          LEARNT          | Progress |
c |           |    Vars  Clauses Literals |    Limit  Clauses Lit/Cl |          |
c ===============================================================================
c nb soft clauses: 360, of which 360 unit, 0 nonUnit and 0 empty
c total nb of literals: 42144
c conflLits 0, conflLits2 0, nbFailedLits 0, fixedVarsBypreproc 0, totalFixedVars 384
c 1 conflict sets found with length 190
c fixedCost 0, nbSatLits 0, totalFixedVars 384, objForSearch: 360

c no UB provided, search from scratch...
c ends of initiationization by VSIDS at 0 conflicts with init 10000

c UB=1 fails, cnfls=0, hcnfls=0, core 0, tier2 0, local 0, quasiC: 0 (fixed: 0)
c prunedLB 0.00, dev 0.00, succRate 0.00, nbSucc 0, nbHardens 1 (fixed 360), lk: 1, shorten: 0, pureSo 0, nbFlyRd 0, nbFixedLH 0

c Cardinality: 1077 (Sinz+MTO) for UB 2
c ***** top quasi confl at level 0*****
c ends of initiationization by VSIDS at 4 conflicts with init 9996

c UB=2 fails, cnfls=4, hcnfls=4, core 2, tier2 0, local 0, quasiC: 1 (fixed: 138)
c prunedLB 0.00, dev 0.00, succRate 0.00, nbSucc 0, nbHardens 1 (fixed 498), lk: 1, shorten: 0, pureSo 0, nbFlyRd 1, nbFixedLH 0

c Cardinality: 2279 (Sinz+MTO) for UB 4
c nbFailedLits 0, nbI 0, fixedVarsByFL 0, totalFixedVars 565, nbTested: 1001, counter 74770
c ends of initiationization by VSIDS at 2497 conflicts with init 7507

c UB=4 fails, cnfls=2497, hcnfls=719, core 2831, tier2 129, local 1820, quasiC: 147 (fixed: 10115)
c prunedLB 3.12, dev 0.66, succRate 0.77, nbSucc 1595, nbHardens 176 (fixed 54740), lk: 2065, shorten: 0, pureSo 184, nbFlyRd 13, nbFixedLH 31

c Cardinality: 3200 (Sinz+MTO) for UB 8
c nbFailedLits 0, nbI 0, fixedVarsByFL 0, totalFixedVars 385, nbTested: 1001, counter 188210
c nbFailedLits 0, nbI 0, fixedVarsByFL 0, totalFixedVars 387, nbTested: 1001, counter 357105
c nbFailedLits 0, nbI 0, fixedVarsByFL 0, totalFixedVars 409, nbTested: 1001, counter 630049
c ends of initiationization by VSIDS at 12497 conflicts with init 0

c LRB phase 1: conflicts 5312, phase 20000000, starts 28, UP 458430
c UB=8 fails, cnfls=17809, hcnfls=1066, core 2949, tier2 448, local 5153, quasiC: 1938 (fixed: 182333)
c prunedLB 5.44, dev 1.09, succRate 0.77, nbSucc 14636, nbHardens 309 (fixed 253754), lk: 19101, shorten: 0, pureSo 514, nbFlyRd 57, nbFixedLH 232

c Cardinality: 3745 (Sinz+MTO) for UB 16
c nbFailedLits 0, nbI 0, fixedVarsByFL 0, totalFixedVars 384, nbTested: 1001, counter 968560
c nbFailedLits 0, nbI 0, fixedVarsByFL 0, totalFixedVars 384, nbTested: 1001, counter 1042688
c nbFailedLits 0, nbI 0, fixedVarsByFL 0, totalFixedVars 384, nbTested: 1001, counter 1219388
c ends of initiationization by VSIDS at 27813 conflicts with init -4

c DistQLDPC — QLDPC/CSS minimum distance (symplectic MaxSAT)
c solver: MaxCDCL, cardinality encoding: Sinz+MTO (default, Sinz if n<=100)
c Hx: data/matrices/BB_360_12_unknown_Hx.txt
c Hz: data/matrices/BB_360_12_unknown_Hz.txt
c Gx: data/matrices/BB_360_12_unknown_Gx.txt
c Gz: data/matrices/BB_360_12_unknown_Gz.txt
c Hx: 180 x 360, Hz: 180 x 360, Gx: 12 x 360, Gz: 12 x 360, logicals: 24
c d_lb: 8
c d_ub: -
c status: TIMEOUT (child killed after -cpu-lim)
c d  : UNKNOWN
s UNKNOWN
