c DistQLDPC — QLDPC/CSS minimum distance (symplectic MaxSAT)
c solver: MaxCDCL, cardinality encoding: MTO only
c Hx: data/matrices/BB_72_12_6_Hx.txt
c Hz: data/matrices/BB_72_12_6_Hz.txt
c Gx: data/matrices/BB_72_12_6_Gx.txt
c Gz: data/matrices/BB_72_12_6_Gz.txt
c Hx: 36 x 72, Hz: 36 x 72, Gx: 12 x 72, Gz: 12 x 72, logicals: 24
c Mono: 0, fixed: 0
c |  Eliminated clauses:           0.02 Mb                                      |
c Reduced to 478 vars, 2154 cls (c/v ratio==4.5, grow=0)
c No iterative elimination performed. (vars=478, c/v ratio=4.5)
c ============================[ Search Statistics ]==============================
c | Conflicts |          ORIGINAL         |          LEARNT          | Progress |
c |           |    Vars  Clauses Literals |    Limit  Clauses Lit/Cl |          |
c ===============================================================================
c nb soft clauses: 72, of which 72 unit, 0 nonUnit and 0 empty
c total nb of literals: 7680
c conflLits 0, conflLits2 0, nbFailedLits 0, fixedVarsBypreproc 0, totalFixedVars 96
c 1 conflict sets found with length 46
c fixedCost 0, nbSatLits 0, totalFixedVars 96, objForSearch: 72

c no UB provided, search from scratch...
c ends of initiationization by VSIDS at 0 conflicts with init 10000

c UB=1 fails, cnfls=0, hcnfls=0, core 0, tier2 0, local 0, quasiC: 0 (fixed: 0)
c prunedLB 0.00, dev 0.00, succRate 0.00, nbSucc 0, nbHardens 1 (fixed 72), lk: 1, shorten: 0, pureSo 0, nbFlyRd 0, nbFixedLH 0

c Cardinality: 213 (MTO) for UB 2
c ***** top quasi confl at level 0*****
c ends of initiationization by VSIDS at 4 conflicts with init 9996

c UB=2 fails, cnfls=4, hcnfls=4, core 2, tier2 0, local 0, quasiC: 1 (fixed: 20)
c prunedLB 0.00, dev 0.00, succRate 0.00, nbSucc 0, nbHardens 1 (fixed 92), lk: 1, shorten: 0, pureSo 0, nbFlyRd 1, nbFixedLH 0

c Cardinality: 455 (MTO) for UB 4
c ***** top quasi confl at level 0*****
c ends of initiationization by VSIDS at 1025 conflicts with init 8979

c UB=4 fails, cnfls=1025, hcnfls=886, core 390, tier2 86, local 449, quasiC: 6 (fixed: 111)
c prunedLB 2.89, dev 0.43, succRate 0.86, nbSucc 132, nbHardens 23 (fixed 1095), lk: 154, shorten: 0, pureSo 8, nbFlyRd 29, nbFixedLH 11

c Cardinality: 616 (MTO) for UB 8
c UB=8 succs, confls=1325, hconfls=894, core 69, tier2 54, local 208,  6 soft cls unsat (0 at L0), 96 fixed vars at L0, softCnfl 8, nbFlyRd 29, nbFixedLH 13
c nbHardens 24 (fixed 1204), shorten: 0, prunedLB 3.98, dev 0.49, succRate 0.94, nbSucc 292, lk: 310, shorten: 0, quasiC: 9 (fixed: 165)

c ends of initiationization by VSIDS at 1325 conflicts with init 9700


c Cardinality: 617 (MTO) for UB 6
c nbFailedLits 0, nbI 0, fixedVarsByFL 0, totalFixedVars 100, nbTested: 1001, counter 68447
c ***** top quasi confl at level 0*****
c LRB phase 1: conflicts 1156, phase 20000000, starts 7, UP 43115
c UB=6 fails, cnfls=2481, hcnfls=1038, core 394, tier2 24, local 509, quasiC: 119 (fixed: 2040)
c prunedLB 3.78, dev 0.68, succRate 0.83, nbSucc 971, nbHardens 50 (fixed 3850), lk: 1167, shorten: 0, pureSo 50, nbFlyRd 38, nbFixedLH 26
c ===============================================================================
c initCost: 0, fixedBySearch: 0, optimal: 6, maxsat: 66, hardConflicts: 1038
c nbLK: 1633, nbSuccLK: 1395(85.43%), nbLKup: 443427(238.49%), hardens 50 (fixed 3850), dynVars 582, shorten: 0
c MaxSAT: OPTIMAL, Pauli weight 6 (reported cost 6), vars 1402 (base 240 + aux 580)
c DistQLDPC — QLDPC/CSS minimum distance (symplectic MaxSAT)
c solver: MaxCDCL, cardinality encoding: MTO only
c Hx: data/matrices/BB_72_12_6_Hx.txt
c Hz: data/matrices/BB_72_12_6_Hz.txt
c Gx: data/matrices/BB_72_12_6_Gx.txt
c Gz: data/matrices/BB_72_12_6_Gz.txt
c Hx: 36 x 72, Hz: 36 x 72, Gx: 12 x 72, Gz: 12 x 72, logicals: 24
c d_lb: 6
c d_ub: 6
c d  : 6
o 6
