c DistQLDPC — QLDPC/CSS minimum distance (symplectic MaxSAT)
c solver: MaxCDCL, cardinality encoding: off (soft-conflict only)
c Hx: data/matrices/BB_864_4_40_Hx.txt
c Hz: data/matrices/BB_864_4_40_Hz.txt
c Gx: data/matrices/BB_864_4_40_Gx.txt
c Gz: data/matrices/BB_864_4_40_Gz.txt
c Hx: 432 x 864, Hz: 432 x 864, Gx: 4 x 864, Gz: 4 x 864, logicals: 8
c Mono: 0, fixed: 0
c |  Eliminated clauses:           0.14 Mb                                      |
c Reduced to 5113 vars, 22018 cls (c/v ratio==4.3, grow=0)
c No iterative elimination performed. (vars=5113, c/v ratio=4.3)
c ============================[ Search Statistics ]==============================
c | Conflicts |          ORIGINAL         |          LEARNT          | Progress |
c |           |    Vars  Clauses Literals |    Limit  Clauses Lit/Cl |          |
c ===============================================================================
c nb soft clauses: 864, of which 864 unit, 0 nonUnit and 0 empty
c total nb of literals: 77824
c conflLits 0, conflLits2 0, nbFailedLits 0, fixedVarsBypreproc 0, totalFixedVars 872
c 1 conflict sets found with length 427
c fixedCost 0, nbSatLits 0, totalFixedVars 872, objForSearch: 864

c no UB provided, search from scratch...
c ends of initiationization by VSIDS at 0 conflicts with init 10000

c UB=1 fails, cnfls=0, hcnfls=0, core 0, tier2 0, local 0, quasiC: 0 (fixed: 0)
c prunedLB 0.00, dev 0.00, succRate 0.00, nbSucc 0, nbHardens 1 (fixed 864), lk: 1, shorten: 0, pureSo 0, nbFlyRd 0, nbFixedLH 0

c Cardinality: off (soft-conflict only), UB 2
c ***** top quasi confl at level 0*****
c ends of initiationization by VSIDS at 189 conflicts with init 9811

c UB=2 fails, cnfls=189, hcnfls=174, core 546, tier2 5, local 113, quasiC: 1 (fixed: 359)
c prunedLB 0.00, dev 0.00, succRate 0.00, nbSucc 0, nbHardens 160 (fixed 70293), lk: 1, shorten: 0, pureSo 15, nbFlyRd 36, nbFixedLH 0

c Cardinality: off (soft-conflict only), UB 4
c nbFailedLits 0, nbI 0, fixedVarsByFL 0, totalFixedVars 887, nbTested: 1001, counter 21672
c ends of initiationization by VSIDS at 4192 conflicts with init 5997

c UB=4 fails, cnfls=4192, hcnfls=621, core 3102, tier2 190, local 2875, quasiC: 215 (fixed: 47459)
c prunedLB 2.97, dev 0.69, succRate 0.83, nbSucc 3075, nbHardens 416 (fixed 291943), lk: 3705, shorten: 0, pureSo 497, nbFlyRd 79, nbFixedLH 39

c Cardinality: off (soft-conflict only), UB 8
c nbFailedLits 0, nbI 0, fixedVarsByFL 0, totalFixedVars 872, nbTested: 1001, counter 278043
c nbFailedLits 0, nbI 0, fixedVarsByFL 0, totalFixedVars 886, nbTested: 1001, counter 698957
c nbFailedLits 0, nbI 0, fixedVarsByFL 0, totalFixedVars 910, nbTested: 1001, counter 1328903
c ends of initiationization by VSIDS at 14192 conflicts with init 0

c DistQLDPC — QLDPC/CSS minimum distance (symplectic MaxSAT)
c solver: MaxCDCL, cardinality encoding: off (soft-conflict only)
c Hx: data/matrices/BB_864_4_40_Hx.txt
c Hz: data/matrices/BB_864_4_40_Hz.txt
c Gx: data/matrices/BB_864_4_40_Gx.txt
c Gz: data/matrices/BB_864_4_40_Gz.txt
c Hx: 432 x 864, Hz: 432 x 864, Gx: 4 x 864, Gz: 4 x 864, logicals: 8
c d_lb: 4
c d_ub: -
c status: TIMEOUT (child killed after -cpu-lim)
c d  : UNKNOWN
s UNKNOWN
