c DistQLDPC — QLDPC/CSS minimum distance (symplectic MaxSAT)
c solver: MaxCDCL, cardinality encoding: Sinz only
c Hx: data/matrices/BB_90_8_10_Hx.txt
c Hz: data/matrices/BB_90_8_10_Hz.txt
c Gx: data/matrices/BB_90_8_10_Gx.txt
c Gz: data/matrices/BB_90_8_10_Gz.txt
c Hx: 45 x 90, Hz: 45 x 90, Gx: 8 x 90, Gz: 8 x 90, logicals: 16
c Mono: 0, fixed: 0
c |  Eliminated clauses:           0.02 Mb                                      |
c Reduced to 564 vars, 2464 cls (c/v ratio==4.4, grow=0)
c No iterative elimination performed. (vars=564, c/v ratio=4.4)
c ============================[ Search Statistics ]==============================
c | Conflicts |          ORIGINAL         |          LEARNT          | Progress |
c |           |    Vars  Clauses Literals |    Limit  Clauses Lit/Cl |          |
c ===============================================================================
c nb soft clauses: 90, of which 90 unit, 0 nonUnit and 0 empty
c total nb of literals: 8714
c conflLits 0, conflLits2 0, nbFailedLits 0, fixedVarsBypreproc 0, totalFixedVars 106
c 1 conflict sets found with length 52
c fixedCost 0, nbSatLits 0, totalFixedVars 106, objForSearch: 90

c no UB provided, search from scratch...
c ends of initiationization by VSIDS at 0 conflicts with init 10000

c UB=1 fails, cnfls=0, hcnfls=0, core 0, tier2 0, local 0, quasiC: 0 (fixed: 0)
c prunedLB 0.00, dev 0.00, succRate 0.00, nbSucc 0, nbHardens 1 (fixed 90), lk: 1, shorten: 0, pureSo 0, nbFlyRd 0, nbFixedLH 0

c Cardinality: 266 (Sinz) for UB 2
c ***** top quasi confl at level 0*****
c ends of initiationization by VSIDS at 32 conflicts with init 9968

c UB=2 fails, cnfls=32, hcnfls=32, core 7, tier2 4, local 20, quasiC: 1 (fixed: 25)
c prunedLB 0.00, dev 0.00, succRate 0.00, nbSucc 0, nbHardens 1 (fixed 115), lk: 1, shorten: 0, pureSo 0, nbFlyRd 3, nbFixedLH 0

c Cardinality: 612 (Sinz) for UB 4
c nbFailedLits 15, nbI 0, fixedVarsByFL 56, totalFixedVars 208, nbTested: 747, counter 51793
c ends of initiationization by VSIDS at 1182 conflicts with init 8850

c UB=4 fails, cnfls=1182, hcnfls=1005, core 508, tier2 13, local 548, quasiC: 9 (fixed: 186)
c prunedLB 2.97, dev 0.42, succRate 0.85, nbSucc 178, nbHardens 1 (fixed 276), lk: 210, shorten: 0, pureSo 0, nbFlyRd 26, nbFixedLH 15

c Cardinality: 1280 (Sinz) for UB 8
c nbFailedLits 8, nbI 0, fixedVarsByFL 32, totalFixedVars 139, nbTested: 1141, counter 76238
c nbFailedLits 4, nbI 0, fixedVarsByFL 18, totalFixedVars 167, nbTested: 1109, counter 157427
c ends of initiationization by VSIDS at 6898 conflicts with init 4284

c UB=8 fails, cnfls=6898, hcnfls=1348, core 2232, tier2 303, local 3029, quasiC: 999 (fixed: 24318)
c prunedLB 4.98, dev 1.04, succRate 0.72, nbSucc 5374, nbHardens 1 (fixed 24408), lk: 7441, shorten: 0, pureSo 0, nbFlyRd 52, nbFixedLH 111

c Cardinality: 2520 (Sinz) for UB 16
c UB=16 succs, confls=7496, hconfls=1354, core 1, tier2 1, local 598,  14 soft cls unsat (0 at L0), 106 fixed vars at L0, softCnfl 0, nbFlyRd 54, nbFixedLH 113
c nbHardens 1 (fixed 27291), shorten: 0, prunedLB 7.97, dev 1.38, succRate 0.73, nbSucc 592, lk: 808, shorten: 0, quasiC: 1120 (fixed: 27201)

c ends of initiationization by VSIDS at 7496 conflicts with init 9402


c Cardinality: 2222 (Sinz) for UB 14
c UB=14 succs, confls=7500, hconfls=1358, core 2, tier2 1, local 602,  10 soft cls unsat (0 at L0), 106 fixed vars at L0, softCnfl 0, nbFlyRd 54, nbFixedLH 114
c nbHardens 1 (fixed 27291), shorten: 0, prunedLB 0.00, dev 0.00, succRate 0.00, nbSucc 0, lk: 2, shorten: 0, quasiC: 1120 (fixed: 27201)


c Cardinality: 1602 (Sinz) for UB 10
c nbFailedLits 0, nbI 0, fixedVarsByFL 0, totalFixedVars 106, nbTested: 1001, counter 206818
c nbFailedLits 0, nbI 0, fixedVarsByFL 0, totalFixedVars 107, nbTested: 1001, counter 285602
c nbFailedLits 0, nbI 0, fixedVarsByFL 0, totalFixedVars 109, nbTested: 1001, counter 406963
c nbFailedLits 0, nbI 0, fixedVarsByFL 0, totalFixedVars 114, nbTested: 1001, counter 604348
c nbFailedLits 1, nbI 0, fixedVarsByFL 29, totalFixedVars 152, nbTested: 1694, counter 813319
c ***** top quasi confl at level 0*****
c LRB phase 1: conflicts 31866, phase 20000000, starts 116, UP 5353336
c UB=10 fails, cnfls=39362, hcnfls=3630, core 2644, tier2 631, local 2978, quasiC: 7650 (fixed: 204220)
c prunedLB 5.70, dev 1.32, succRate 0.66, nbSucc 29591, nbHardens 1 (fixed 204310), lk: 44630, shorten: 0, pureSo 0, nbFlyRd 206, nbFixedLH 588
c ===============================================================================
c initCost: 0, fixedBySearch: 0, optimal: 10, maxsat: 80, hardConflicts: 3630
c nbLK: 53093, nbSuccLK: 35735(67.31%), nbLKup: 34217413(531.86%), hardens 1 (fixed 204310), dynVars 3074, shorten: 0
c MaxSAT: OPTIMAL, Pauli weight 10 (reported cost 10), vars 4014 (base 286 + aux 654)
c DistQLDPC — QLDPC/CSS minimum distance (symplectic MaxSAT)
c solver: MaxCDCL, cardinality encoding: Sinz only
c Hx: data/matrices/BB_90_8_10_Hx.txt
c Hz: data/matrices/BB_90_8_10_Hz.txt
c Gx: data/matrices/BB_90_8_10_Gx.txt
c Gz: data/matrices/BB_90_8_10_Gz.txt
c Hx: 45 x 90, Hz: 45 x 90, Gx: 8 x 90, Gz: 8 x 90, logicals: 16
c d_lb: 10
c d_ub: 10
c d  : 10
o 10
