c DistQLDPC — QLDPC/CSS minimum distance (symplectic MaxSAT)
c solver: MaxCDCL, cardinality encoding: Sinz only
c Hx: data/matrices/LP_1768_224_unknown_Hx.txt
c Hz: data/matrices/LP_1768_224_unknown_Hz.txt
c Gx: data/matrices/LP_1768_224_unknown_Gx.txt
c Gz: data/matrices/LP_1768_224_unknown_Gz.txt
c Hx: 780 x 1768, Hz: 780 x 1768, Gx: 224 x 1768, Gz: 224 x 1768, logicals: 448
c Mono: 0, fixed: 0
c |  Eliminated clauses:           1.46 Mb                                      |
c Reduced to 31196 vars, 194106 cls (c/v ratio==6.2, grow=0)
c |  Eliminated clauses:           1.46 Mb                                      |
c No. effective iterative eliminations: 0
c ============================[ Search Statistics ]==============================
c | Conflicts |          ORIGINAL         |          LEARNT          | Progress |
c |           |    Vars  Clauses Literals |    Limit  Clauses Lit/Cl |          |
c ===============================================================================
c nb soft clauses: 1768, of which 1768 unit, 0 nonUnit and 0 empty
c total nb of literals: 740744
c conflLits 0, conflLits2 0, nbFailedLits 0, fixedVarsBypreproc 0, totalFixedVars 2008
c 1 conflict sets found with length 1091
c fixedCost 0, nbSatLits 0, totalFixedVars 2008, objForSearch: 1768

c no UB provided, search from scratch...
c ends of initiationization by VSIDS at 0 conflicts with init 10000

c UB=1 fails, cnfls=0, hcnfls=0, core 0, tier2 0, local 0, quasiC: 0 (fixed: 0)
c prunedLB 0.00, dev 0.00, succRate 0.00, nbSucc 0, nbHardens 1 (fixed 1768), lk: 1, shorten: 0, pureSo 0, nbFlyRd 0, nbFixedLH 0

c Cardinality: 5300 (Sinz) for UB 2
c ***** top quasi confl at level 0*****
c ends of initiationization by VSIDS at 275 conflicts with init 9725

c UB=2 fails, cnfls=275, hcnfls=271, core 83, tier2 11, local 205, quasiC: 1 (fixed: 257)
c prunedLB 2.00, dev 0.00, succRate 0.80, nbSucc 4, nbHardens 1 (fixed 2025), lk: 5, shorten: 0, pureSo 0, nbFlyRd 8, nbFixedLH 0

c Cardinality: 12358 (Sinz) for UB 4
c nbFailedLits 0, nbI 0, fixedVarsByFL 0, totalFixedVars 2011, nbTested: 1001, counter 506623
c nbFailedLits 0, nbI 1, fixedVarsByFL 1, totalFixedVars 2024, nbTested: 1563, counter 1532435
c nbFailedLits 1, nbI 0, fixedVarsByFL 3, totalFixedVars 2060, nbTested: 1400, counter 3504486
c ends of initiationization by VSIDS at 10279 conflicts with init -4

c DistQLDPC — QLDPC/CSS minimum distance (symplectic MaxSAT)
c solver: MaxCDCL, cardinality encoding: Sinz only
c Hx: data/matrices/LP_1768_224_unknown_Hx.txt
c Hz: data/matrices/LP_1768_224_unknown_Hz.txt
c Gx: data/matrices/LP_1768_224_unknown_Gx.txt
c Gz: data/matrices/LP_1768_224_unknown_Gz.txt
c Hx: 780 x 1768, Hz: 780 x 1768, Gx: 224 x 1768, Gz: 224 x 1768, logicals: 448
c d_lb: 2
c d_ub: -
c status: TIMEOUT (child killed after -cpu-lim)
c d  : UNKNOWN
s UNKNOWN
