c DistQLDPC — QLDPC/CSS minimum distance (symplectic MaxSAT)
c solver: MaxCDCL, cardinality encoding: Sinz only
c Hx: data/matrices/LP_238_44_6_Hx.txt
c Hz: data/matrices/LP_238_44_6_Hz.txt
c Gx: data/matrices/LP_238_44_6_Gx.txt
c Gz: data/matrices/LP_238_44_6_Gz.txt
c Hx: 105 x 238, Hz: 105 x 238, Gx: 44 x 238, Gz: 44 x 238, logicals: 88
c Mono: 0, fixed: 0
c |  Eliminated clauses:           0.07 Mb                                      |
c Reduced to 1990 vars, 10044 cls (c/v ratio==5.0, grow=0)
c No iterative elimination performed. (vars=1990, c/v ratio=5.0)
c ============================[ Search Statistics ]==============================
c | Conflicts |          ORIGINAL         |          LEARNT          | Progress |
c |           |    Vars  Clauses Literals |    Limit  Clauses Lit/Cl |          |
c ===============================================================================
c nb soft clauses: 238, of which 238 unit, 0 nonUnit and 0 empty
c total nb of literals: 36982
c conflLits 0, conflLits2 0, nbFailedLits 0, fixedVarsBypreproc 0, totalFixedVars 298
c 1 conflict sets found with length 156
c fixedCost 0, nbSatLits 0, totalFixedVars 298, objForSearch: 238

c no UB provided, search from scratch...
c ends of initiationization by VSIDS at 0 conflicts with init 10000

c UB=1 fails, cnfls=0, hcnfls=0, core 0, tier2 0, local 0, quasiC: 0 (fixed: 0)
c prunedLB 0.00, dev 0.00, succRate 0.00, nbSucc 0, nbHardens 1 (fixed 238), lk: 1, shorten: 0, pureSo 0, nbFlyRd 0, nbFixedLH 0

c Cardinality: 710 (Sinz) for UB 2
c ***** top quasi confl at level 0*****
c ends of initiationization by VSIDS at 129 conflicts with init 9871

c UB=2 fails, cnfls=129, hcnfls=129, core 31, tier2 10, local 99, quasiC: 1 (fixed: 32)
c prunedLB 0.00, dev 0.00, succRate 0.00, nbSucc 0, nbHardens 1 (fixed 270), lk: 1, shorten: 0, pureSo 0, nbFlyRd 13, nbFixedLH 0

c Cardinality: 1648 (Sinz) for UB 4
c nbFailedLits 0, nbI 0, fixedVarsByFL 0, totalFixedVars 308, nbTested: 1001, counter 92807
c ends of initiationization by VSIDS at 3902 conflicts with init 6227

c UB=4 fails, cnfls=3902, hcnfls=2624, core 1276, tier2 192, local 2612, quasiC: 251 (fixed: 10977)
c prunedLB 3.27, dev 0.61, succRate 0.59, nbSucc 1279, nbHardens 1 (fixed 11215), lk: 2179, shorten: 0, pureSo 0, nbFlyRd 41, nbFixedLH 111

c Cardinality: 3500 (Sinz) for UB 8
c nbFailedLits 0, nbI 0, fixedVarsByFL 0, totalFixedVars 298, nbTested: 1001, counter 409695
c UB=8 succs, confls=5335, hconfls=2693, core 653, tier2 321, local 1237,  6 soft cls unsat (0 at L0), 298 fixed vars at L0, softCnfl 0, nbFlyRd 54, nbFixedLH 124
c nbHardens 1 (fixed 21441), shorten: 0, prunedLB 4.63, dev 0.99, succRate 0.86, nbSucc 1364, lk: 1593, shorten: 0, quasiC: 368 (fixed: 21203)

c ends of initiationization by VSIDS at 5335 conflicts with init 8567


c Cardinality: 2578 (Sinz) for UB 6
c nbFailedLits 0, nbI 0, fixedVarsByFL 0, totalFixedVars 301, nbTested: 1001, counter 625786
c LRB phase 1: conflicts 7935, phase 20000000, starts 31, UP 2659199
c UB=6 fails, cnfls=13270, hcnfls=4234, core 1626, tier2 511, local 5790, quasiC: 1422 (fixed: 92106)
c prunedLB 3.90, dev 0.83, succRate 0.71, nbSucc 6395, nbHardens 1 (fixed 92344), lk: 8987, shorten: 0, pureSo 0, nbFlyRd 132, nbFixedLH 329
c ===============================================================================
c initCost: 0, fixedBySearch: 0, optimal: 6, maxsat: 232, hardConflicts: 4234
c nbLK: 12761, nbSuccLK: 9038(70.83%), nbLKup: 20479407(475.49%), hardens 1 (fixed 92344), dynVars 2813, shorten: 0
c MaxSAT: OPTIMAL, Pauli weight 6 (reported cost 6), vars 6245 (base 802 + aux 2630)
c DistQLDPC — QLDPC/CSS minimum distance (symplectic MaxSAT)
c solver: MaxCDCL, cardinality encoding: Sinz only
c Hx: data/matrices/LP_238_44_6_Hx.txt
c Hz: data/matrices/LP_238_44_6_Hz.txt
c Gx: data/matrices/LP_238_44_6_Gx.txt
c Gz: data/matrices/LP_238_44_6_Gz.txt
c Hx: 105 x 238, Hz: 105 x 238, Gx: 44 x 238, Gz: 44 x 238, logicals: 88
c d_lb: 6
c d_ub: 6
c d  : 6
o 6
