c DistQLDPC — QLDPC/CSS minimum distance (symplectic MaxSAT)
c solver: MaxCDCL, cardinality encoding: off (soft-conflict only)
c Hx: data/matrices/LP_340_56_8_Hx.txt
c Hz: data/matrices/LP_340_56_8_Hz.txt
c Gx: data/matrices/LP_340_56_8_Gx.txt
c Gz: data/matrices/LP_340_56_8_Gz.txt
c Hx: 150 x 340, Hz: 150 x 340, Gx: 56 x 340, Gz: 56 x 340, logicals: 112
c Mono: 0, fixed: 0
c |  Eliminated clauses:           0.12 Mb                                      |
c Reduced to 3160 vars, 16654 cls (c/v ratio==5.3, grow=0)
c No iterative elimination performed. (vars=3160, c/v ratio=5.3)
c ============================[ Search Statistics ]==============================
c | Conflicts |          ORIGINAL         |          LEARNT          | Progress |
c |           |    Vars  Clauses Literals |    Limit  Clauses Lit/Cl |          |
c ===============================================================================
c nb soft clauses: 340, of which 340 unit, 0 nonUnit and 0 empty
c total nb of literals: 61812
c conflLits 0, conflLits2 0, nbFailedLits 0, fixedVarsBypreproc 0, totalFixedVars 412
c 1 conflict sets found with length 220
c fixedCost 0, nbSatLits 0, totalFixedVars 412, objForSearch: 340

c no UB provided, search from scratch...
c ends of initiationization by VSIDS at 0 conflicts with init 10000

c UB=1 fails, cnfls=0, hcnfls=0, core 0, tier2 0, local 0, quasiC: 0 (fixed: 0)
c prunedLB 0.00, dev 0.00, succRate 0.00, nbSucc 0, nbHardens 1 (fixed 340), lk: 1, shorten: 0, pureSo 0, nbFlyRd 0, nbFixedLH 0

c Cardinality: off (soft-conflict only), UB 2
c ***** top quasi confl at level 0*****
c ***** top quasi confl at level 0*****
c ***** top quasi confl at level 0*****
c ends of initiationization by VSIDS at 306 conflicts with init 9694

c UB=2 fails, cnfls=306, hcnfls=188, core 1041, tier2 7, local 158, quasiC: 3 (fixed: 258)
c prunedLB 0.00, dev 0.00, succRate 0.00, nbSucc 0, nbHardens 86 (fixed 12397), lk: 3, shorten: 0, pureSo 118, nbFlyRd 14, nbFixedLH 0

c Cardinality: off (soft-conflict only), UB 4
c nbFailedLits 1, nbI 5, fixedVarsByFL 6, totalFixedVars 427, nbTested: 1967, counter 32410
c nbFailedLits 1, nbI 0, fixedVarsByFL 2, totalFixedVars 456, nbTested: 1198, counter 129713
c ***** top quasi confl at level 0*****
c ends of initiationization by VSIDS at 5673 conflicts with init 4633

c UB=4 fails, cnfls=5673, hcnfls=937, core 2926, tier2 115, local 4037, quasiC: 323 (fixed: 27173)
c prunedLB 2.83, dev 0.66, succRate 0.82, nbSucc 4041, nbHardens 453 (fixed 111843), lk: 4911, shorten: 0, pureSo 696, nbFlyRd 45, nbFixedLH 76

c Cardinality: off (soft-conflict only), UB 8
c nbFailedLits 0, nbI 0, fixedVarsByFL 0, totalFixedVars 412, nbTested: 1001, counter 195854
c nbFailedLits 0, nbI 0, fixedVarsByFL 0, totalFixedVars 413, nbTested: 1001, counter 292736
c nbFailedLits 0, nbI 0, fixedVarsByFL 0, totalFixedVars 429, nbTested: 1001, counter 436574
c ends of initiationization by VSIDS at 15694 conflicts with init -21

c nbFailedLits 0, nbI 2, fixedVarsByFL 2, totalFixedVars 472, nbTested: 1027, counter 753082
c nbFailedLits 0, nbI 0, fixedVarsByFL 0, totalFixedVars 509, nbTested: 1001, counter 1187556
c nbFailedLits 0, nbI 0, fixedVarsByFL 0, totalFixedVars 549, nbTested: 1001, counter 1597404
c nbFailedLits 0, nbI 0, fixedVarsByFL 0, totalFixedVars 588, nbTested: 1001, counter 2138723
c LRB phase 1: conflicts 43830, phase 20000000, starts 127, UP 4599694
c UB=8 fails, cnfls=59524, hcnfls=2506, core 2669, tier2 106, local 12819, quasiC: 6955 (fixed: 660927)
c prunedLB 5.12, dev 1.01, succRate 0.77, nbSucc 51239, nbHardens 946 (fixed 824403), lk: 66536, shorten: 0, pureSo 1740, nbFlyRd 284, nbFixedLH 727

c Cardinality: off (soft-conflict only), UB 16
c nbFailedLits 0, nbI 0, fixedVarsByFL 0, totalFixedVars 412, nbTested: 1001, counter 2361334
c nbFailedLits 0, nbI 0, fixedVarsByFL 0, totalFixedVars 412, nbTested: 1001, counter 2466904
c nbFailedLits 0, nbI 0, fixedVarsByFL 0, totalFixedVars 412, nbTested: 1001, counter 2614257
c ends of initiationization by VSIDS at 69529 conflicts with init -5

c DistQLDPC — QLDPC/CSS minimum distance (symplectic MaxSAT)
c solver: MaxCDCL, cardinality encoding: off (soft-conflict only)
c Hx: data/matrices/LP_340_56_8_Hx.txt
c Hz: data/matrices/LP_340_56_8_Hz.txt
c Gx: data/matrices/LP_340_56_8_Gx.txt
c Gz: data/matrices/LP_340_56_8_Gz.txt
c Hx: 150 x 340, Hz: 150 x 340, Gx: 56 x 340, Gz: 56 x 340, logicals: 112
c d_lb: 8
c d_ub: -
c status: TIMEOUT (child killed after -cpu-lim)
c d  : UNKNOWN
s UNKNOWN
