c DistQLDPC — QLDPC/CSS minimum distance (symplectic MaxSAT)
c solver: MaxCDCL, cardinality encoding: Sinz+MTO (default, Sinz if n<=100)
c Hx: data/matrices/LP_544_80_12_Hx.txt
c Hz: data/matrices/LP_544_80_12_Hz.txt
c Gx: data/matrices/LP_544_80_12_Gx.txt
c Gz: data/matrices/LP_544_80_12_Gz.txt
c Hx: 240 x 544, Hz: 240 x 544, Gx: 80 x 544, Gz: 80 x 544, logicals: 160
c Mono: 0, fixed: 0
c |  Eliminated clauses:           0.22 Mb                                      |
c Reduced to 5525 vars, 30178 cls (c/v ratio==5.5, grow=0)
c No iterative elimination performed. (vars=5525, c/v ratio=5.5)
c ============================[ Search Statistics ]==============================
c | Conflicts |          ORIGINAL         |          LEARNT          | Progress |
c |           |    Vars  Clauses Literals |    Limit  Clauses Lit/Cl |          |
c ===============================================================================
c nb soft clauses: 544, of which 544 unit, 0 nonUnit and 0 empty
c total nb of literals: 112792
c conflLits 0, conflLits2 0, nbFailedLits 0, fixedVarsBypreproc 0, totalFixedVars 640
c 1 conflict sets found with length 337
c fixedCost 0, nbSatLits 0, totalFixedVars 640, objForSearch: 544

c no UB provided, search from scratch...
c ends of initiationization by VSIDS at 0 conflicts with init 10000

c UB=1 fails, cnfls=0, hcnfls=0, core 0, tier2 0, local 0, quasiC: 0 (fixed: 0)
c prunedLB 0.00, dev 0.00, succRate 0.00, nbSucc 0, nbHardens 1 (fixed 544), lk: 1, shorten: 0, pureSo 0, nbFlyRd 0, nbFixedLH 0

c Cardinality: 1629 (Sinz+MTO) for UB 2
c ***** top quasi confl at level 0*****
c ends of initiationization by VSIDS at 58 conflicts with init 9942

c UB=2 fails, cnfls=58, hcnfls=58, core 34, tier2 9, local 19, quasiC: 1 (fixed: 76)
c prunedLB 0.00, dev 0.00, succRate 0.00, nbSucc 0, nbHardens 1 (fixed 620), lk: 1, shorten: 0, pureSo 0, nbFlyRd 2, nbFixedLH 0

c Cardinality: 3511 (Sinz+MTO) for UB 4
c nbFailedLits 0, nbI 1, fixedVarsByFL 1, totalFixedVars 644, nbTested: 1150, counter 52159
c nbFailedLits 4, nbI 0, fixedVarsByFL 8, totalFixedVars 672, nbTested: 2321, counter 194977
c ends of initiationization by VSIDS at 6573 conflicts with init 3485

c UB=4 fails, cnfls=6573, hcnfls=933, core 12834, tier2 579, local 5640, quasiC: 462 (fixed: 63081)
c prunedLB 3.02, dev 0.63, succRate 0.79, nbSucc 5118, nbHardens 476 (fixed 233372), lk: 6438, shorten: 0, pureSo 523, nbFlyRd 42, nbFixedLH 58

c Cardinality: 4752 (Sinz+MTO) for UB 8
c nbFailedLits 0, nbI 0, fixedVarsByFL 0, totalFixedVars 640, nbTested: 1001, counter 335420
c nbFailedLits 0, nbI 0, fixedVarsByFL 0, totalFixedVars 653, nbTested: 1001, counter 453814
c nbFailedLits 0, nbI 0, fixedVarsByFL 0, totalFixedVars 672, nbTested: 1001, counter 660070
c ends of initiationization by VSIDS at 16580 conflicts with init -7

c DistQLDPC — QLDPC/CSS minimum distance (symplectic MaxSAT)
c solver: MaxCDCL, cardinality encoding: Sinz+MTO (default, Sinz if n<=100)
c Hx: data/matrices/LP_544_80_12_Hx.txt
c Hz: data/matrices/LP_544_80_12_Hz.txt
c Gx: data/matrices/LP_544_80_12_Gx.txt
c Gz: data/matrices/LP_544_80_12_Gz.txt
c Hx: 240 x 544, Hz: 240 x 544, Gx: 80 x 544, Gz: 80 x 544, logicals: 160
c d_lb: 4
c d_ub: -
c status: TIMEOUT (child killed after -cpu-lim)
c d  : UNKNOWN
s UNKNOWN
