c DistQLDPC — QLDPC/CSS minimum distance (symplectic MaxSAT)
c solver: MaxCDCL, cardinality encoding: Sinz only
c Hx: data/matrices/LP_714_100_unknown_Hx.txt
c Hz: data/matrices/LP_714_100_unknown_Hz.txt
c Gx: data/matrices/LP_714_100_unknown_Gx.txt
c Gz: data/matrices/LP_714_100_unknown_Gz.txt
c Hx: 315 x 714, Hz: 315 x 714, Gx: 100 x 714, Gz: 100 x 714, logicals: 200
c Mono: 0, fixed: 0
c |  Eliminated clauses:           0.33 Mb                                      |
c Reduced to 7970 vars, 45056 cls (c/v ratio==5.7, grow=0)
c No iterative elimination performed. (vars=7970, c/v ratio=5.7)
c ============================[ Search Statistics ]==============================
c | Conflicts |          ORIGINAL         |          LEARNT          | Progress |
c |           |    Vars  Clauses Literals |    Limit  Clauses Lit/Cl |          |
c ===============================================================================
c nb soft clauses: 714, of which 714 unit, 0 nonUnit and 0 empty
c total nb of literals: 169522
c conflLits 0, conflLits2 0, nbFailedLits 0, fixedVarsBypreproc 0, totalFixedVars 830
c 1 conflict sets found with length 450
c fixedCost 0, nbSatLits 0, totalFixedVars 830, objForSearch: 714

c no UB provided, search from scratch...
c ends of initiationization by VSIDS at 0 conflicts with init 10000

c UB=1 fails, cnfls=0, hcnfls=0, core 0, tier2 0, local 0, quasiC: 0 (fixed: 0)
c prunedLB 0.00, dev 0.00, succRate 0.00, nbSucc 0, nbHardens 1 (fixed 714), lk: 1, shorten: 0, pureSo 0, nbFlyRd 0, nbFixedLH 0

c Cardinality: 2138 (Sinz) for UB 2
c ***** top quasi confl at level 0*****
c ends of initiationization by VSIDS at 102 conflicts with init 9898

c UB=2 fails, cnfls=102, hcnfls=102, core 30, tier2 7, local 70, quasiC: 1 (fixed: 105)
c prunedLB 0.00, dev 0.00, succRate 0.00, nbSucc 0, nbHardens 1 (fixed 819), lk: 1, shorten: 0, pureSo 0, nbFlyRd 6, nbFixedLH 0

c Cardinality: 4980 (Sinz) for UB 4
c nbFailedLits 0, nbI 0, fixedVarsByFL 0, totalFixedVars 830, nbTested: 1001, counter 220259
c nbFailedLits 1, nbI 0, fixedVarsByFL 126, totalFixedVars 971, nbTested: 1483, counter 717870
c nbFailedLits 27, nbI 6, fixedVarsByFL 381, totalFixedVars 1434, nbTested: 6246, counter 1883268
c ends of initiationization by VSIDS at 10102 conflicts with init 0

c LRB phase 1: conflicts 1060, phase 20000000, starts 7, UP 1250680
c UB=4 fails, cnfls=11162, hcnfls=6360, core 2823, tier2 299, local 8128, quasiC: 684 (fixed: 85656)
c prunedLB 3.40, dev 0.61, succRate 0.63, nbSucc 4803, nbHardens 1 (fixed 86370), lk: 7616, shorten: 0, pureSo 0, nbFlyRd 33, nbFixedLH 180

c Cardinality: 10640 (Sinz) for UB 8
c nbFailedLits 1, nbI 0, fixedVarsByFL 1, totalFixedVars 834, nbTested: 1635, counter 2563814
c nbFailedLits 0, nbI 0, fixedVarsByFL 0, totalFixedVars 845, nbTested: 1001, counter 2711211
c nbFailedLits 0, nbI 0, fixedVarsByFL 0, totalFixedVars 870, nbTested: 1001, counter 3008550
c ends of initiationization by VSIDS at 21178 conflicts with init -16

c nbFailedLits 0, nbI 0, fixedVarsByFL 0, totalFixedVars 955, nbTested: 1001, counter 3624446
c nbFailedLits 0, nbI 0, fixedVarsByFL 0, totalFixedVars 997, nbTested: 1001, counter 4455856
c LRB phase 2: conflicts 21698, phase 20000000, starts 73, UP 20139443
c DistQLDPC — QLDPC/CSS minimum distance (symplectic MaxSAT)
c solver: MaxCDCL, cardinality encoding: Sinz only
c Hx: data/matrices/LP_714_100_unknown_Hx.txt
c Hz: data/matrices/LP_714_100_unknown_Hz.txt
c Gx: data/matrices/LP_714_100_unknown_Gx.txt
c Gz: data/matrices/LP_714_100_unknown_Gz.txt
c Hx: 315 x 714, Hz: 315 x 714, Gx: 100 x 714, Gz: 100 x 714, logicals: 200
c d_lb: 4
c d_ub: -
c status: TIMEOUT (child killed after -cpu-lim)
c d  : UNKNOWN
s UNKNOWN
