c DistQLDPC — QLDPC/CSS minimum distance (symplectic MaxSAT)
c solver: MaxCDCL, cardinality encoding: Sinz only
c Hx: data/matrices/PK_31_Hx.txt
c Hz: data/matrices/PK_31_Hz.txt
c Gx: data/matrices/PK_31_Gx.txt
c Gz: data/matrices/PK_31_Gz.txt
c Hx: 465 x 1054, Hz: 465 x 1054, Gx: 140 x 1054, Gz: 140 x 1054, logicals: 280
c Mono: 0, fixed: 0
c |  Eliminated clauses:           0.61 Mb                                      |
c Reduced to 14014 vars, 82300 cls (c/v ratio==5.9, grow=0)
c |  Eliminated clauses:           0.61 Mb                                      |
c No. effective iterative eliminations: 0
c ============================[ Search Statistics ]==============================
c | Conflicts |          ORIGINAL         |          LEARNT          | Progress |
c |           |    Vars  Clauses Literals |    Limit  Clauses Lit/Cl |          |
c ===============================================================================
c nb soft clauses: 1054, of which 1054 unit, 0 nonUnit and 0 empty
c total nb of literals: 311190
c conflLits 0, conflLits2 0, nbFailedLits 0, fixedVarsBypreproc 0, totalFixedVars 1210
c 1 conflict sets found with length 656
c fixedCost 0, nbSatLits 0, totalFixedVars 1210, objForSearch: 1054

c no UB provided, search from scratch...
c ends of initiationization by VSIDS at 0 conflicts with init 10000

c UB=1 fails, cnfls=0, hcnfls=0, core 0, tier2 0, local 0, quasiC: 0 (fixed: 0)
c prunedLB 0.00, dev 0.00, succRate 0.00, nbSucc 0, nbHardens 1 (fixed 1054), lk: 1, shorten: 0, pureSo 0, nbFlyRd 0, nbFixedLH 0

c Cardinality: 3158 (Sinz) for UB 2
c ***** top quasi confl at level 0*****
c ends of initiationization by VSIDS at 234 conflicts with init 9766

c UB=2 fails, cnfls=234, hcnfls=234, core 39, tier2 7, local 100, quasiC: 1 (fixed: 146)
c prunedLB 0.00, dev 0.00, succRate 0.00, nbSucc 0, nbHardens 1 (fixed 1200), lk: 1, shorten: 0, pureSo 0, nbFlyRd 20, nbFixedLH 0

c Cardinality: 7360 (Sinz) for UB 4
c nbFailedLits 0, nbI 0, fixedVarsByFL 0, totalFixedVars 1217, nbTested: 1001, counter 327142
c nbFailedLits 0, nbI 0, fixedVarsByFL 0, totalFixedVars 1617, nbTested: 1001, counter 978055
c nbFailedLits 5, nbI 3, fixedVarsByFL 154, totalFixedVars 1780, nbTested: 3462, counter 2436016
c ends of initiationization by VSIDS at 10234 conflicts with init 0

c ***** top quasi confl at level 0*****
c LRB phase 1: conflicts 2570, phase 20000000, starts 15, UP 3961516
c UB=4 fails, cnfls=12804, hcnfls=7438, core 3033, tier2 253, local 9339, quasiC: 764 (fixed: 139687)
c prunedLB 3.42, dev 0.61, succRate 0.66, nbSucc 5367, nbHardens 1 (fixed 140741), lk: 8191, shorten: 0, pureSo 0, nbFlyRd 51, nbFixedLH 210

c Cardinality: 15740 (Sinz) for UB 8
c nbFailedLits 0, nbI 0, fixedVarsByFL 0, totalFixedVars 1210, nbTested: 1001, counter 4158243
c nbFailedLits 1, nbI 0, fixedVarsByFL 1, totalFixedVars 1218, nbTested: 1022, counter 4364171
c nbFailedLits 0, nbI 0, fixedVarsByFL 0, totalFixedVars 1226, nbTested: 1001, counter 4708537
c ends of initiationization by VSIDS at 22806 conflicts with init -2

c DistQLDPC — QLDPC/CSS minimum distance (symplectic MaxSAT)
c solver: MaxCDCL, cardinality encoding: Sinz only
c Hx: data/matrices/PK_31_Hx.txt
c Hz: data/matrices/PK_31_Hz.txt
c Gx: data/matrices/PK_31_Gx.txt
c Gz: data/matrices/PK_31_Gz.txt
c Hx: 465 x 1054, Hz: 465 x 1054, Gx: 140 x 1054, Gz: 140 x 1054, logicals: 280
c d_lb: 4
c d_ub: -
c status: TIMEOUT (child killed after -cpu-lim)
c d  : UNKNOWN
s UNKNOWN
