c DistQLDPC — QLDPC/CSS minimum distance (symplectic MaxSAT)
c solver: MaxCDCL, cardinality encoding: MTO only
c Hx: data/matrices/PK_31_Hx.txt
c Hz: data/matrices/PK_31_Hz.txt
c Gx: data/matrices/PK_31_Gx.txt
c Gz: data/matrices/PK_31_Gz.txt
c Hx: 465 x 1054, Hz: 465 x 1054, Gx: 140 x 1054, Gz: 140 x 1054, logicals: 280
c Mono: 0, fixed: 0
c |  Eliminated clauses:           0.61 Mb                                      |
c Reduced to 14014 vars, 82300 cls (c/v ratio==5.9, grow=0)
c |  Eliminated clauses:           0.61 Mb                                      |
c No. effective iterative eliminations: 0
c ============================[ Search Statistics ]==============================
c | Conflicts |          ORIGINAL         |          LEARNT          | Progress |
c |           |    Vars  Clauses Literals |    Limit  Clauses Lit/Cl |          |
c ===============================================================================
c nb soft clauses: 1054, of which 1054 unit, 0 nonUnit and 0 empty
c total nb of literals: 311190
c conflLits 0, conflLits2 0, nbFailedLits 0, fixedVarsBypreproc 0, totalFixedVars 1210
c 1 conflict sets found with length 656
c fixedCost 0, nbSatLits 0, totalFixedVars 1210, objForSearch: 1054

c no UB provided, search from scratch...
c ends of initiationization by VSIDS at 0 conflicts with init 10000

c UB=1 fails, cnfls=0, hcnfls=0, core 0, tier2 0, local 0, quasiC: 0 (fixed: 0)
c prunedLB 0.00, dev 0.00, succRate 0.00, nbSucc 0, nbHardens 1 (fixed 1054), lk: 1, shorten: 0, pureSo 0, nbFlyRd 0, nbFixedLH 0

c Cardinality: 3159 (MTO) for UB 2
c ***** top quasi confl at level 0*****
c ends of initiationization by VSIDS at 97 conflicts with init 9903

c UB=2 fails, cnfls=97, hcnfls=97, core 51, tier2 6, local 45, quasiC: 1 (fixed: 146)
c prunedLB 0.00, dev 0.00, succRate 0.00, nbSucc 0, nbHardens 1 (fixed 1200), lk: 1, shorten: 0, pureSo 0, nbFlyRd 5, nbFixedLH 0

c Cardinality: 6827 (MTO) for UB 4
c nbFailedLits 0, nbI 0, fixedVarsByFL 0, totalFixedVars 1215, nbTested: 1001, counter 82430
c nbFailedLits 0, nbI 0, fixedVarsByFL 0, totalFixedVars 1224, nbTested: 1001, counter 283093
c nbFailedLits 6, nbI 0, fixedVarsByFL 9, totalFixedVars 1276, nbTested: 2388, counter 642676
c ends of initiationization by VSIDS at 10106 conflicts with init -9

c DistQLDPC — QLDPC/CSS minimum distance (symplectic MaxSAT)
c solver: MaxCDCL, cardinality encoding: MTO only
c Hx: data/matrices/PK_31_Hx.txt
c Hz: data/matrices/PK_31_Hz.txt
c Gx: data/matrices/PK_31_Gx.txt
c Gz: data/matrices/PK_31_Gz.txt
c Hx: 465 x 1054, Hz: 465 x 1054, Gx: 140 x 1054, Gz: 140 x 1054, logicals: 280
c d_lb: 2
c d_ub: -
c status: TIMEOUT (child killed after -cpu-lim)
c d  : UNKNOWN
s UNKNOWN
