c DistQLDPC — QLDPC/CSS minimum distance (symplectic MaxSAT)
c solver: MaxCDCL, cardinality encoding: MTO only
c Hx: data/matrices/TN_108_2_12_Hx.txt
c Hz: data/matrices/TN_108_2_12_Hz.txt
c Gx: data/matrices/TN_108_2_12_Gx.txt
c Gz: data/matrices/TN_108_2_12_Gz.txt
c Hx: 54 x 108, Hz: 54 x 108, Gx: 2 x 108, Gz: 2 x 108, logicals: 4
c Mono: 0, fixed: 0
c |  Eliminated clauses:           0.03 Mb                                      |
c Reduced to 715 vars, 3534 cls (c/v ratio==4.9, grow=0)
c No iterative elimination performed. (vars=715, c/v ratio=4.9)
c ============================[ Search Statistics ]==============================
c | Conflicts |          ORIGINAL         |          LEARNT          | Progress |
c |           |    Vars  Clauses Literals |    Limit  Clauses Lit/Cl |          |
c ===============================================================================
c nb soft clauses: 108, of which 108 unit, 0 nonUnit and 0 empty
c total nb of literals: 13024
c conflLits 0, conflLits2 0, nbFailedLits 0, fixedVarsBypreproc 0, totalFixedVars 112
c 1 conflict sets found with length 28
c fixedCost 0, nbSatLits 0, totalFixedVars 112, objForSearch: 108

c no UB provided, search from scratch...
c ends of initiationization by VSIDS at 0 conflicts with init 10000

c UB=1 fails, cnfls=0, hcnfls=0, core 0, tier2 0, local 0, quasiC: 0 (fixed: 0)
c prunedLB 0.00, dev 0.00, succRate 0.00, nbSucc 0, nbHardens 1 (fixed 108), lk: 1, shorten: 0, pureSo 0, nbFlyRd 0, nbFixedLH 0

c Cardinality: 321 (MTO) for UB 2
c ***** top quasi confl at level 0*****
c ends of initiationization by VSIDS at 4 conflicts with init 9996

c UB=2 fails, cnfls=4, hcnfls=4, core 1, tier2 0, local 0, quasiC: 1 (fixed: 29)
c prunedLB 0.00, dev 0.00, succRate 0.00, nbSucc 0, nbHardens 1 (fixed 137), lk: 1, shorten: 0, pureSo 0, nbFlyRd 2, nbFixedLH 0

c Cardinality: 683 (MTO) for UB 4
c nbFailedLits 0, nbI 0, fixedVarsByFL 0, totalFixedVars 121, nbTested: 1001, counter 18831
c ***** top quasi confl at level 0*****
c ends of initiationization by VSIDS at 1811 conflicts with init 8193

c UB=4 fails, cnfls=1811, hcnfls=513, core 661, tier2 55, local 1260, quasiC: 74 (fixed: 2643)
c prunedLB 2.65, dev 0.50, succRate 0.91, nbSucc 1141, nbHardens 265 (fixed 22125), lk: 1247, shorten: 0, pureSo 158, nbFlyRd 37, nbFixedLH 47

c Cardinality: 944 (MTO) for UB 8
c nbFailedLits 0, nbI 0, fixedVarsByFL 0, totalFixedVars 112, nbTested: 1001, counter 53894
c nbFailedLits 0, nbI 0, fixedVarsByFL 0, totalFixedVars 112, nbTested: 1001, counter 110179
c nbFailedLits 0, nbI 0, fixedVarsByFL 0, totalFixedVars 128, nbTested: 1001, counter 226942
c ends of initiationization by VSIDS at 11814 conflicts with init -3

c LRB phase 1: conflicts 6278, phase 20000000, starts 30, UP 338542
c UB=8 fails, cnfls=18092, hcnfls=1591, core 3361, tier2 1090, local 3516, quasiC: 2829 (fixed: 106668)
c prunedLB 4.66, dev 1.01, succRate 0.71, nbSucc 14962, nbHardens 445 (fixed 135786), lk: 21097, shorten: 0, pureSo 400, nbFlyRd 294, nbFixedLH 493

c Cardinality: 1081 (MTO) for UB 16
c nbFailedLits 0, nbI 0, fixedVarsByFL 0, totalFixedVars 112, nbTested: 1001, counter 427867
c nbFailedLits 0, nbI 0, fixedVarsByFL 0, totalFixedVars 112, nbTested: 1001, counter 510379
c ends of initiationization by VSIDS at 28092 conflicts with init 0

c DistQLDPC — QLDPC/CSS minimum distance (symplectic MaxSAT)
c solver: MaxCDCL, cardinality encoding: MTO only
c Hx: data/matrices/TN_108_2_12_Hx.txt
c Hz: data/matrices/TN_108_2_12_Hz.txt
c Gx: data/matrices/TN_108_2_12_Gx.txt
c Gz: data/matrices/TN_108_2_12_Gz.txt
c Hx: 54 x 108, Hz: 54 x 108, Gx: 2 x 108, Gz: 2 x 108, logicals: 4
c d_lb: 8
c d_ub: 12
c status: TIMEOUT (child killed after -cpu-lim)
c d  : UNKNOWN
s UNKNOWN
