c DistQLDPC — QLDPC/CSS minimum distance (symplectic MaxSAT)
c solver: MaxCDCL, cardinality encoding: off (soft-conflict only)
c Hx: data/matrices/TN_180_2_17_Hx.txt
c Hz: data/matrices/TN_180_2_17_Hz.txt
c Gx: data/matrices/TN_180_2_17_Gx.txt
c Gz: data/matrices/TN_180_2_17_Gz.txt
c Hx: 90 x 180, Hz: 90 x 180, Gx: 2 x 180, Gz: 2 x 180, logicals: 4
c Mono: 0, fixed: 0
c |  Eliminated clauses:           0.04 Mb                                      |
c Reduced to 1218 vars, 6030 cls (c/v ratio==5.0, grow=0)
c No iterative elimination performed. (vars=1218, c/v ratio=5.0)
c ============================[ Search Statistics ]==============================
c | Conflicts |          ORIGINAL         |          LEARNT          | Progress |
c |           |    Vars  Clauses Literals |    Limit  Clauses Lit/Cl |          |
c ===============================================================================
c nb soft clauses: 180, of which 180 unit, 0 nonUnit and 0 empty
c total nb of literals: 22200
c conflLits 0, conflLits2 0, nbFailedLits 0, fixedVarsBypreproc 0, totalFixedVars 184
c 1 conflict sets found with length 60
c fixedCost 0, nbSatLits 0, totalFixedVars 184, objForSearch: 180

c no UB provided, search from scratch...
c ends of initiationization by VSIDS at 0 conflicts with init 10000

c UB=1 fails, cnfls=0, hcnfls=0, core 0, tier2 0, local 0, quasiC: 0 (fixed: 0)
c prunedLB 0.00, dev 0.00, succRate 0.00, nbSucc 0, nbHardens 1 (fixed 180), lk: 1, shorten: 0, pureSo 0, nbFlyRd 0, nbFixedLH 0

c Cardinality: off (soft-conflict only), UB 2
c ***** top quasi confl at level 0*****
c ends of initiationization by VSIDS at 68 conflicts with init 9932

c UB=2 fails, cnfls=68, hcnfls=56, core 312, tier2 5, local 35, quasiC: 1 (fixed: 49)
c prunedLB 0.00, dev 0.00, succRate 0.00, nbSucc 0, nbHardens 49 (fixed 5390), lk: 1, shorten: 0, pureSo 12, nbFlyRd 9, nbFixedLH 0

c Cardinality: off (soft-conflict only), UB 4
c nbFailedLits 2, nbI 0, fixedVarsByFL 3, totalFixedVars 193, nbTested: 1211, counter 24325
c ends of initiationization by VSIDS at 1541 conflicts with init 8527

c UB=4 fails, cnfls=1541, hcnfls=437, core 1088, tier2 181, local 1040, quasiC: 81 (fixed: 4479)
c prunedLB 2.82, dev 0.60, succRate 0.79, nbSucc 947, nbHardens 266 (fixed 38759), lk: 1203, shorten: 0, pureSo 158, nbFlyRd 40, nbFixedLH 48

c Cardinality: off (soft-conflict only), UB 8
c nbFailedLits 0, nbI 0, fixedVarsByFL 0, totalFixedVars 184, nbTested: 1001, counter 43733
c nbFailedLits 0, nbI 0, fixedVarsByFL 0, totalFixedVars 187, nbTested: 1001, counter 118125
c nbFailedLits 0, nbI 0, fixedVarsByFL 0, totalFixedVars 193, nbTested: 1001, counter 250131
c ends of initiationization by VSIDS at 11558 conflicts with init -17

c nbFailedLits 0, nbI 0, fixedVarsByFL 0, totalFixedVars 255, nbTested: 1001, counter 464945
c ***** top quasi confl at level 0*****
c LRB phase 1: conflicts 9080, phase 20000000, starts 38, UP 651514
c UB=8 fails, cnfls=20638, hcnfls=1320, core 3608, tier2 573, local 5769, quasiC: 2822 (fixed: 177362)
c prunedLB 4.85, dev 0.99, succRate 0.74, nbSucc 17923, nbHardens 468 (fixed 229635), lk: 24207, shorten: 0, pureSo 450, nbFlyRd 281, nbFixedLH 452

c Cardinality: off (soft-conflict only), UB 16
c nbFailedLits 0, nbI 0, fixedVarsByFL 0, totalFixedVars 184, nbTested: 1001, counter 571461
c nbFailedLits 0, nbI 0, fixedVarsByFL 0, totalFixedVars 184, nbTested: 1001, counter 643246
c nbFailedLits 0, nbI 0, fixedVarsByFL 0, totalFixedVars 184, nbTested: 1001, counter 762397
c ends of initiationization by VSIDS at 30638 conflicts with init 0

c DistQLDPC — QLDPC/CSS minimum distance (symplectic MaxSAT)
c solver: MaxCDCL, cardinality encoding: off (soft-conflict only)
c Hx: data/matrices/TN_180_2_17_Hx.txt
c Hz: data/matrices/TN_180_2_17_Hz.txt
c Gx: data/matrices/TN_180_2_17_Gx.txt
c Gz: data/matrices/TN_180_2_17_Gz.txt
c Hx: 90 x 180, Hz: 90 x 180, Gx: 2 x 180, Gz: 2 x 180, logicals: 4
c d_lb: 8
c d_ub: -
c status: TIMEOUT (child killed after -cpu-lim)
c d  : UNKNOWN
s UNKNOWN
