c DistQLDPC — QLDPC/CSS minimum distance (symplectic MaxSAT)
c solver: MaxCDCL, cardinality encoding: off (soft-conflict only)
c Hx: data/matrices/TN_108_2_12_Hx.txt
c Hz: data/matrices/TN_108_2_12_Hz.txt
c Gx: data/matrices/TN_108_2_12_Gx.txt
c Gz: data/matrices/TN_108_2_12_Gz.txt
c Hx: 54 x 108, Hz: 54 x 108, Gx: 2 x 108, Gz: 2 x 108, logicals: 4
c Mono: 0, fixed: 0
c |  Eliminated clauses:           0.03 Mb                                      |
c Reduced to 715 vars, 3534 cls (c/v ratio==4.9, grow=0)
c No iterative elimination performed. (vars=715, c/v ratio=4.9)
c ============================[ Search Statistics ]==============================
c | Conflicts |          ORIGINAL         |          LEARNT          | Progress |
c |           |    Vars  Clauses Literals |    Limit  Clauses Lit/Cl |          |
c ===============================================================================
c nb soft clauses: 108, of which 108 unit, 0 nonUnit and 0 empty
c total nb of literals: 13024
c conflLits 0, conflLits2 0, nbFailedLits 0, fixedVarsBypreproc 0, totalFixedVars 112
c 1 conflict sets found with length 28
c fixedCost 0, nbSatLits 0, totalFixedVars 112, objForSearch: 108

c no UB provided, search from scratch...
c ends of initiationization by VSIDS at 0 conflicts with init 10000

c UB=1 fails, cnfls=0, hcnfls=0, core 0, tier2 0, local 0, quasiC: 0 (fixed: 0)
c prunedLB 0.00, dev 0.00, succRate 0.00, nbSucc 0, nbHardens 1 (fixed 108), lk: 1, shorten: 0, pureSo 0, nbFlyRd 0, nbFixedLH 0

c Cardinality: off (soft-conflict only), UB 2
c ***** top quasi confl at level 0*****
c ends of initiationization by VSIDS at 37 conflicts with init 9963

c UB=2 fails, cnfls=37, hcnfls=28, core 128, tier2 3, local 13, quasiC: 1 (fixed: 29)
c prunedLB 0.00, dev 0.00, succRate 0.00, nbSucc 0, nbHardens 25 (fixed 1550), lk: 1, shorten: 0, pureSo 9, nbFlyRd 5, nbFixedLH 0

c Cardinality: off (soft-conflict only), UB 4
c nbFailedLits 0, nbI 0, fixedVarsByFL 0, totalFixedVars 120, nbTested: 707, counter 13391
c ends of initiationization by VSIDS at 2176 conflicts with init 7861

c UB=4 fails, cnfls=2176, hcnfls=547, core 851, tier2 108, local 1419, quasiC: 78 (fixed: 2660)
c prunedLB 2.45, dev 0.53, succRate 0.90, nbSucc 1433, nbHardens 259 (fixed 21060), lk: 1586, shorten: 0, pureSo 197, nbFlyRd 62, nbFixedLH 49

c Cardinality: off (soft-conflict only), UB 8
c nbFailedLits 0, nbI 0, fixedVarsByFL 0, totalFixedVars 112, nbTested: 715, counter 73901
c nbFailedLits 0, nbI 0, fixedVarsByFL 0, totalFixedVars 113, nbTested: 714, counter 118956
c nbFailedLits 0, nbI 0, fixedVarsByFL 0, totalFixedVars 121, nbTested: 706, counter 235086
c ends of initiationization by VSIDS at 12176 conflicts with init 0

c ***** top quasi confl at level 0*****
c LRB phase 1: conflicts 2861, phase 20000000, starts 15, UP 165312
c UB=8 fails, cnfls=15037, hcnfls=1288, core 1872, tier2 1037, local 4281, quasiC: 2251 (fixed: 89557)
c prunedLB 4.64, dev 0.97, succRate 0.71, nbSucc 11897, nbHardens 403 (fixed 115572), lk: 16758, shorten: 0, pureSo 421, nbFlyRd 245, nbFixedLH 344

c Cardinality: off (soft-conflict only), UB 16
c nbFailedLits 0, nbI 0, fixedVarsByFL 0, totalFixedVars 112, nbTested: 715, counter 333468
c nbFailedLits 0, nbI 0, fixedVarsByFL 0, totalFixedVars 112, nbTested: 715, counter 401223
c nbFailedLits 0, nbI 0, fixedVarsByFL 0, totalFixedVars 112, nbTested: 715, counter 507782
c ends of initiationization by VSIDS at 25037 conflicts with init 0

c DistQLDPC — QLDPC/CSS minimum distance (symplectic MaxSAT)
c solver: MaxCDCL, cardinality encoding: off (soft-conflict only)
c Hx: data/matrices/TN_108_2_12_Hx.txt
c Hz: data/matrices/TN_108_2_12_Hz.txt
c Gx: data/matrices/TN_108_2_12_Gx.txt
c Gz: data/matrices/TN_108_2_12_Gz.txt
c Hx: 54 x 108, Hz: 54 x 108, Gx: 2 x 108, Gz: 2 x 108, logicals: 4
c d_lb: 8
c d_ub: 12
c status: TIMEOUT (child killed after -cpu-lim)
c d  : UNKNOWN
s UNKNOWN
