c DistQLDPC — QLDPC/CSS minimum distance (symplectic MaxSAT)
c solver: MaxCDCL, cardinality encoding: Sinz only
c Hx: data/matrices/TN_288_2_24_Hx.txt
c Hz: data/matrices/TN_288_2_24_Hz.txt
c Gx: data/matrices/TN_288_2_24_Gx.txt
c Gz: data/matrices/TN_288_2_24_Gz.txt
c Hx: 144 x 288, Hz: 144 x 288, Gx: 2 x 288, Gz: 2 x 288, logicals: 4
c Mono: 0, fixed: 0
c |  Eliminated clauses:           0.07 Mb                                      |
c Reduced to 1908 vars, 9682 cls (c/v ratio==5.1, grow=0)
c No iterative elimination performed. (vars=1908, c/v ratio=5.1)
c ============================[ Search Statistics ]==============================
c | Conflicts |          ORIGINAL         |          LEARNT          | Progress |
c |           |    Vars  Clauses Literals |    Limit  Clauses Lit/Cl |          |
c ===============================================================================
c nb soft clauses: 288, of which 288 unit, 0 nonUnit and 0 empty
c total nb of literals: 36020
c conflLits 0, conflLits2 0, nbFailedLits 0, fixedVarsBypreproc 0, totalFixedVars 292
c 1 conflict sets found with length 110
c fixedCost 0, nbSatLits 0, totalFixedVars 292, objForSearch: 288

c no UB provided, search from scratch...
c ends of initiationization by VSIDS at 0 conflicts with init 10000

c UB=1 fails, cnfls=0, hcnfls=0, core 0, tier2 0, local 0, quasiC: 0 (fixed: 0)
c prunedLB 0.00, dev 0.00, succRate 0.00, nbSucc 0, nbHardens 1 (fixed 288), lk: 1, shorten: 0, pureSo 0, nbFlyRd 0, nbFixedLH 0

c Cardinality: 860 (Sinz) for UB 2
c ***** top quasi confl at level 0*****
c ends of initiationization by VSIDS at 55 conflicts with init 9945

c UB=2 fails, cnfls=55, hcnfls=55, core 12, tier2 1, local 42, quasiC: 1 (fixed: 73)
c prunedLB 0.00, dev 0.00, succRate 0.00, nbSucc 0, nbHardens 1 (fixed 361), lk: 1, shorten: 0, pureSo 0, nbFlyRd 5, nbFixedLH 0

c Cardinality: 1998 (Sinz) for UB 4
c nbFailedLits 4, nbI 1, fixedVarsByFL 59, totalFixedVars 532, nbTested: 1746, counter 133019
c ends of initiationization by VSIDS at 2163 conflicts with init 7892

c UB=4 fails, cnfls=2163, hcnfls=1309, core 702, tier2 148, local 1328, quasiC: 139 (fixed: 6786)
c prunedLB 3.38, dev 0.62, succRate 0.65, nbSucc 855, nbHardens 1 (fixed 7074), lk: 1322, shorten: 0, pureSo 0, nbFlyRd 30, nbFixedLH 59

c Cardinality: 4250 (Sinz) for UB 8
c nbFailedLits 0, nbI 0, fixedVarsByFL 0, totalFixedVars 292, nbTested: 1001, counter 293837
c nbFailedLits 0, nbI 0, fixedVarsByFL 0, totalFixedVars 296, nbTested: 1001, counter 375649
c nbFailedLits 0, nbI 0, fixedVarsByFL 0, totalFixedVars 303, nbTested: 1001, counter 541734
c ends of initiationization by VSIDS at 12192 conflicts with init -29

c nbFailedLits 3, nbI 0, fixedVarsByFL 96, totalFixedVars 440, nbTested: 1797, counter 843601
c nbFailedLits 0, nbI 0, fixedVarsByFL 0, totalFixedVars 552, nbTested: 1001, counter 1269010
c ***** top quasi confl at level 0*****
c LRB phase 1: conflicts 17257, phase 20000000, starts 63, UP 7163201
c UB=8 fails, cnfls=29449, hcnfls=2661, core 304, tier2 0, local 882, quasiC: 3353 (fixed: 324928)
c prunedLB 5.13, dev 0.98, succRate 0.77, nbSucc 25935, nbHardens 1 (fixed 325216), lk: 33750, shorten: 0, pureSo 0, nbFlyRd 267, nbFixedLH 484

c Cardinality: 8658 (Sinz) for UB 16
c nbFailedLits 0, nbI 0, fixedVarsByFL 0, totalFixedVars 292, nbTested: 1001, counter 1338824
c nbFailedLits 0, nbI 0, fixedVarsByFL 0, totalFixedVars 292, nbTested: 1001, counter 1413692
c nbFailedLits 0, nbI 0, fixedVarsByFL 0, totalFixedVars 292, nbTested: 1001, counter 1553680
c ends of initiationization by VSIDS at 39449 conflicts with init 0

c nbFailedLits 0, nbI 0, fixedVarsByFL 0, totalFixedVars 292, nbTested: 1001, counter 1814059
c nbFailedLits 0, nbI 0, fixedVarsByFL 0, totalFixedVars 292, nbTested: 1001, counter 2129444
c nbFailedLits 0, nbI 0, fixedVarsByFL 0, totalFixedVars 292, nbTested: 1001, counter 2468181
c nbFailedLits 0, nbI 0, fixedVarsByFL 0, totalFixedVars 292, nbTested: 1001, counter 2912830
c LRB phase 2: conflicts 47662, phase 20000000, starts 139, UP 20012606
c DistQLDPC — QLDPC/CSS minimum distance (symplectic MaxSAT)
c solver: MaxCDCL, cardinality encoding: Sinz only
c Hx: data/matrices/TN_288_2_24_Hx.txt
c Hz: data/matrices/TN_288_2_24_Hz.txt
c Gx: data/matrices/TN_288_2_24_Gx.txt
c Gz: data/matrices/TN_288_2_24_Gz.txt
c Hx: 144 x 288, Hz: 144 x 288, Gx: 2 x 288, Gz: 2 x 288, logicals: 4
c d_lb: 8
c d_ub: -
c status: TIMEOUT (child killed after -cpu-lim)
c d  : UNKNOWN
s UNKNOWN
