c DistQLDPC — QLDPC/CSS minimum distance (symplectic MaxSAT)
c solver: MaxCDCL, cardinality encoding: MTO only
c Hx: data/matrices/TN_250_10_15_Hx.txt
c Hz: data/matrices/TN_250_10_15_Hz.txt
c Gx: data/matrices/TN_250_10_15_Gx.txt
c Gz: data/matrices/TN_250_10_15_Gz.txt
c Hx: 120 x 250, Hz: 120 x 250, Gx: 10 x 250, Gz: 10 x 250, logicals: 20
c Mono: 0, fixed: 0
c |  Eliminated clauses:           0.07 Mb                                      |
c Reduced to 1917 vars, 9688 cls (c/v ratio==5.1, grow=0)
c No iterative elimination performed. (vars=1917, c/v ratio=5.1)
c ============================[ Search Statistics ]==============================
c | Conflicts |          ORIGINAL         |          LEARNT          | Progress |
c |           |    Vars  Clauses Literals |    Limit  Clauses Lit/Cl |          |
c ===============================================================================
c nb soft clauses: 250, of which 250 unit, 0 nonUnit and 0 empty
c total nb of literals: 35694
c conflLits 0, conflLits2 0, nbFailedLits 0, fixedVarsBypreproc 0, totalFixedVars 260
c 1 conflict sets found with length 124
c fixedCost 0, nbSatLits 0, totalFixedVars 260, objForSearch: 250

c no UB provided, search from scratch...
c ends of initiationization by VSIDS at 0 conflicts with init 10000

c UB=1 fails, cnfls=0, hcnfls=0, core 0, tier2 0, local 0, quasiC: 0 (fixed: 0)
c prunedLB 0.00, dev 0.00, succRate 0.00, nbSucc 0, nbHardens 1 (fixed 250), lk: 1, shorten: 0, pureSo 0, nbFlyRd 0, nbFixedLH 0

c Cardinality: 747 (MTO) for UB 2
c ***** top quasi confl at level 0*****
c ends of initiationization by VSIDS at 7 conflicts with init 9993

c UB=2 fails, cnfls=7, hcnfls=7, core 5, tier2 0, local 0, quasiC: 1 (fixed: 65)
c prunedLB 0.00, dev 0.00, succRate 0.00, nbSucc 0, nbHardens 1 (fixed 315), lk: 1, shorten: 0, pureSo 0, nbFlyRd 1, nbFixedLH 0

c Cardinality: 1613 (MTO) for UB 4
c nbFailedLits 1, nbI 1, fixedVarsByFL 2, totalFixedVars 262, nbTested: 1054, counter 32176
c ends of initiationization by VSIDS at 1227 conflicts with init 8780

c UB=4 fails, cnfls=1227, hcnfls=433, core 701, tier2 9, local 814, quasiC: 57 (fixed: 4993)
c prunedLB 2.91, dev 0.59, succRate 0.80, nbSucc 689, nbHardens 212 (fixed 49606), lk: 866, shorten: 0, pureSo 106, nbFlyRd 37, nbFixedLH 16

c Cardinality: 2176 (MTO) for UB 8
c nbFailedLits 0, nbI 0, fixedVarsByFL 0, totalFixedVars 261, nbTested: 1001, counter 54852
c nbFailedLits 0, nbI 0, fixedVarsByFL 0, totalFixedVars 264, nbTested: 1001, counter 144044
c nbFailedLits 0, nbI 0, fixedVarsByFL 0, totalFixedVars 269, nbTested: 1001, counter 301467
c ends of initiationization by VSIDS at 11243 conflicts with init -16

c nbFailedLits 0, nbI 0, fixedVarsByFL 0, totalFixedVars 312, nbTested: 1001, counter 583607
c LRB phase 1: conflicts 13802, phase 20000000, starts 60, UP 1207128
c UB=8 fails, cnfls=25045, hcnfls=1341, core 1906, tier2 269, local 6197, quasiC: 3162 (fixed: 257062)
c prunedLB 5.12, dev 1.02, succRate 0.75, nbSucc 22533, nbHardens 422 (fixed 328913), lk: 29962, shorten: 0, pureSo 484, nbFlyRd 357, nbFixedLH 526

c Cardinality: 2457 (MTO) for UB 16
c nbFailedLits 0, nbI 0, fixedVarsByFL 0, totalFixedVars 260, nbTested: 1001, counter 872161
c nbFailedLits 0, nbI 0, fixedVarsByFL 0, totalFixedVars 260, nbTested: 1001, counter 962833
c nbFailedLits 0, nbI 0, fixedVarsByFL 0, totalFixedVars 260, nbTested: 1001, counter 1112973
c ends of initiationization by VSIDS at 35045 conflicts with init 0

c DistQLDPC — QLDPC/CSS minimum distance (symplectic MaxSAT)
c solver: MaxCDCL, cardinality encoding: MTO only
c Hx: data/matrices/TN_250_10_15_Hx.txt
c Hz: data/matrices/TN_250_10_15_Hz.txt
c Gx: data/matrices/TN_250_10_15_Gx.txt
c Gz: data/matrices/TN_250_10_15_Gz.txt
c Hx: 120 x 250, Hz: 120 x 250, Gx: 10 x 250, Gz: 10 x 250, logicals: 20
c d_lb: 8
c d_ub: -
c status: TIMEOUT (child killed after -cpu-lim)
c d  : UNKNOWN
s UNKNOWN
