c DistQLDPC — QLDPC/CSS minimum distance (symplectic MaxSAT)
c solver: MaxCDCL, cardinality encoding: Sinz+MTO (default, Sinz if n<=100)
c Hx: data/matrices/TN_200_10_10_Hx.txt
c Hz: data/matrices/TN_200_10_10_Hz.txt
c Gx: data/matrices/TN_200_10_10_Gx.txt
c Gz: data/matrices/TN_200_10_10_Gz.txt
c Hx: 96 x 200, Hz: 96 x 200, Gx: 10 x 200, Gz: 10 x 200, logicals: 20
c Mono: 0, fixed: 0
c |  Eliminated clauses:           0.05 Mb                                      |
c Reduced to 1528 vars, 7642 cls (c/v ratio==5.0, grow=0)
c No iterative elimination performed. (vars=1528, c/v ratio=5.0)
c ============================[ Search Statistics ]==============================
c | Conflicts |          ORIGINAL         |          LEARNT          | Progress |
c |           |    Vars  Clauses Literals |    Limit  Clauses Lit/Cl |          |
c ===============================================================================
c nb soft clauses: 200, of which 200 unit, 0 nonUnit and 0 empty
c total nb of literals: 28060
c conflLits 0, conflLits2 0, nbFailedLits 0, fixedVarsBypreproc 0, totalFixedVars 212
c 1 conflict sets found with length 108
c fixedCost 0, nbSatLits 0, totalFixedVars 212, objForSearch: 200

c no UB provided, search from scratch...
c ends of initiationization by VSIDS at 0 conflicts with init 10000

c UB=1 fails, cnfls=0, hcnfls=0, core 0, tier2 0, local 0, quasiC: 0 (fixed: 0)
c prunedLB 0.00, dev 0.00, succRate 0.00, nbSucc 0, nbHardens 1 (fixed 200), lk: 1, shorten: 0, pureSo 0, nbFlyRd 0, nbFixedLH 0

c Cardinality: 597 (Sinz+MTO) for UB 2
c ***** top quasi confl at level 0*****
c ends of initiationization by VSIDS at 6 conflicts with init 9994

c UB=2 fails, cnfls=6, hcnfls=6, core 4, tier2 0, local 0, quasiC: 1 (fixed: 53)
c prunedLB 0.00, dev 0.00, succRate 0.00, nbSucc 0, nbHardens 1 (fixed 253), lk: 1, shorten: 0, pureSo 0, nbFlyRd 1, nbFixedLH 0

c Cardinality: 1263 (Sinz+MTO) for UB 4
c nbFailedLits 0, nbI 0, fixedVarsByFL 0, totalFixedVars 218, nbTested: 1001, counter 24313
c ends of initiationization by VSIDS at 1516 conflicts with init 8490

c UB=4 fails, cnfls=1516, hcnfls=432, core 849, tier2 142, local 1050, quasiC: 70 (fixed: 4753)
c prunedLB 2.77, dev 0.57, succRate 0.83, nbSucc 942, nbHardens 225 (fixed 41487), lk: 1138, shorten: 0, pureSo 143, nbFlyRd 40, nbFixedLH 30

c Cardinality: 1776 (Sinz+MTO) for UB 8
c nbFailedLits 0, nbI 0, fixedVarsByFL 0, totalFixedVars 212, nbTested: 1001, counter 55064
c nbFailedLits 0, nbI 0, fixedVarsByFL 0, totalFixedVars 215, nbTested: 1001, counter 135191
c nbFailedLits 1, nbI 0, fixedVarsByFL 1, totalFixedVars 227, nbTested: 1306, counter 278348
c ends of initiationization by VSIDS at 11518 conflicts with init -2

c nbFailedLits 0, nbI 0, fixedVarsByFL 0, totalFixedVars 247, nbTested: 1001, counter 540627
c LRB phase 1: conflicts 6712, phase 20000000, starts 31, UP 583103
c UB=8 fails, cnfls=18230, hcnfls=1255, core 3034, tier2 107, local 5887, quasiC: 2300 (fixed: 155002)
c prunedLB 4.97, dev 1.03, succRate 0.74, nbSucc 15573, nbHardens 402 (fixed 209394), lk: 21017, shorten: 0, pureSo 462, nbFlyRd 292, nbFixedLH 452

c Cardinality: 2057 (Sinz+MTO) for UB 16
c nbFailedLits 0, nbI 0, fixedVarsByFL 0, totalFixedVars 212, nbTested: 1001, counter 565768
c nbFailedLits 0, nbI 0, fixedVarsByFL 0, totalFixedVars 212, nbTested: 1001, counter 649450
c UB=16 succs, confls=25311, hconfls=1490, core 519, tier2 888, local 6876,  15 soft cls unsat (0 at L0), 212 fixed vars at L0, softCnfl 466, nbFlyRd 471, nbFixedLH 638
c nbHardens 404 (fixed 295803), shorten: 0, prunedLB 9.11, dev 1.30, succRate 0.75, nbSucc 6842, lk: 9164, shorten: 0, quasiC: 3413 (fixed: 241411)

c ends of initiationization by VSIDS at 25311 conflicts with init 2919


c Cardinality: 2058 (Sinz+MTO) for UB 15
c nbFailedLits 0, nbI 0, fixedVarsByFL 0, totalFixedVars 212, nbTested: 1001, counter 791893
c nbFailedLits 0, nbI 0, fixedVarsByFL 0, totalFixedVars 212, nbTested: 1001, counter 1013634
c UB=15 succs, confls=36424, hconfls=1805, core 1763, tier2 2276, local 10071,  14 soft cls unsat (0 at L0), 212 fixed vars at L0, softCnfl 492, nbFlyRd 632, nbFixedLH 913
c nbHardens 424 (fixed 439822), shorten: 0, prunedLB 8.29, dev 1.45, succRate 0.72, nbSucc 10772, lk: 14936, shorten: 0, quasiC: 5389 (fixed: 383822)


c Cardinality: 2058 (Sinz+MTO) for UB 14
c UB=14 succs, confls=39688, hconfls=1921, core 3156, tier2 5679, local 12888,  13 soft cls unsat (0 at L0), 212 fixed vars at L0, softCnfl 521, nbFlyRd 669, nbFixedLH 984
c nbHardens 437 (fixed 477825), shorten: 0, prunedLB 7.08, dev 1.47, succRate 0.74, nbSucc 3119, lk: 4233, shorten: 0, quasiC: 5892 (fixed: 420830)


c Cardinality: 2059 (Sinz+MTO) for UB 13
c UB=13 succs, confls=40165, hconfls=1991, core 3205, tier2 5856, local 13312,  11 soft cls unsat (0 at L0), 212 fixed vars at L0, softCnfl 522, nbFlyRd 678, nbFixedLH 991
c nbHardens 440 (fixed 479810), shorten: 0, prunedLB 6.82, dev 0.85, succRate 0.78, nbSucc 406, lk: 518, shorten: 0, quasiC: 5916 (fixed: 422524)


c Cardinality: 2059 (Sinz+MTO) for UB 11
c UB=11 succs, confls=40266, hconfls=2037, core 3430, tier2 5864, local 13352,  10 soft cls unsat (0 at L0), 212 fixed vars at L0, softCnfl 523, nbFlyRd 679, nbFixedLH 992
c nbHardens 443 (fixed 480496), shorten: 0, prunedLB 5.20, dev 1.92, succRate 0.84, nbSucc 54, lk: 64, shorten: 0, quasiC: 5924 (fixed: 423043)


c Cardinality: 2059 (Sinz+MTO) for UB 10
c nbFailedLits 0, nbI 0, fixedVarsByFL 0, totalFixedVars 213, nbTested: 1001, counter 1288409
c nbFailedLits 0, nbI 0, fixedVarsByFL 0, totalFixedVars 219, nbTested: 1001, counter 1669549
c nbFailedLits 0, nbI 0, fixedVarsByFL 0, totalFixedVars 223, nbTested: 1001, counter 2108326
c nbFailedLits 0, nbI 0, fixedVarsByFL 0, totalFixedVars 277, nbTested: 1001, counter 2594286
c nbFailedLits 0, nbI 0, fixedVarsByFL 0, totalFixedVars 284, nbTested: 1001, counter 3145468
c LRB phase 2: conflicts 78757, phase 20000000, starts 253, UP 6146687
c UB=10 fails, cnfls=104068, hcnfls=4342, core 4067, tier2 133, local 6601, quasiC: 15832 (fixed: 1081219)
c prunedLB 5.95, dev 1.39, succRate 0.72, nbSucc 60447, nbHardens 979 (fixed 1186459), lk: 84472, shorten: 0, pureSo 1574, nbFlyRd 1196, nbFixedLH 2291
c ===============================================================================
c initCost: 0, fixedBySearch: 0, optimal: 10, maxsat: 190, hardConflicts: 4342
c nbLK: 135544, nbSuccLK: 98155(72.42%), nbLKup: 188400374(2346.93%), hardens 979 (fixed 1186459), dynVars 5862, shorten: 0
c MaxSAT: OPTIMAL, Pauli weight 10 (reported cost 10), vars 8454 (base 620 + aux 1972)
c DistQLDPC — QLDPC/CSS minimum distance (symplectic MaxSAT)
c solver: MaxCDCL, cardinality encoding: Sinz+MTO (default, Sinz if n<=100)
c Hx: data/matrices/TN_200_10_10_Hx.txt
c Hz: data/matrices/TN_200_10_10_Hz.txt
c Gx: data/matrices/TN_200_10_10_Gx.txt
c Gz: data/matrices/TN_200_10_10_Gz.txt
c Hx: 96 x 200, Hz: 96 x 200, Gx: 10 x 200, Gz: 10 x 200, logicals: 20
c d_lb: 10
c d_ub: 10
c d  : 10
o 10
