c DistQLDPC — QLDPC/CSS minimum distance (symplectic MaxSAT)
c solver: MaxCDCL, cardinality encoding: Sinz only
c Hx: data/matrices/TN_250_10_15_Hx.txt
c Hz: data/matrices/TN_250_10_15_Hz.txt
c Gx: data/matrices/TN_250_10_15_Gx.txt
c Gz: data/matrices/TN_250_10_15_Gz.txt
c Hx: 120 x 250, Hz: 120 x 250, Gx: 10 x 250, Gz: 10 x 250, logicals: 20
c Mono: 0, fixed: 0
c |  Eliminated clauses:           0.07 Mb                                      |
c Reduced to 1917 vars, 9688 cls (c/v ratio==5.1, grow=0)
c No iterative elimination performed. (vars=1917, c/v ratio=5.1)
c ============================[ Search Statistics ]==============================
c | Conflicts |          ORIGINAL         |          LEARNT          | Progress |
c |           |    Vars  Clauses Literals |    Limit  Clauses Lit/Cl |          |
c ===============================================================================
c nb soft clauses: 250, of which 250 unit, 0 nonUnit and 0 empty
c total nb of literals: 35694
c conflLits 0, conflLits2 0, nbFailedLits 0, fixedVarsBypreproc 0, totalFixedVars 260
c 1 conflict sets found with length 124
c fixedCost 0, nbSatLits 0, totalFixedVars 260, objForSearch: 250

c no UB provided, search from scratch...
c ends of initiationization by VSIDS at 0 conflicts with init 10000

c UB=1 fails, cnfls=0, hcnfls=0, core 0, tier2 0, local 0, quasiC: 0 (fixed: 0)
c prunedLB 0.00, dev 0.00, succRate 0.00, nbSucc 0, nbHardens 1 (fixed 250), lk: 1, shorten: 0, pureSo 0, nbFlyRd 0, nbFixedLH 0

c Cardinality: 746 (Sinz) for UB 2
c ***** top quasi confl at level 0*****
c ends of initiationization by VSIDS at 40 conflicts with init 9960

c UB=2 fails, cnfls=40, hcnfls=40, core 19, tier2 1, local 20, quasiC: 1 (fixed: 65)
c prunedLB 0.00, dev 0.00, succRate 0.00, nbSucc 0, nbHardens 1 (fixed 315), lk: 1, shorten: 0, pureSo 0, nbFlyRd 3, nbFixedLH 0

c Cardinality: 1732 (Sinz) for UB 4
c nbFailedLits 7, nbI 95, fixedVarsByFL 149, totalFixedVars 442, nbTested: 2486, counter 100052
c ends of initiationization by VSIDS at 2405 conflicts with init 7635

c UB=4 fails, cnfls=2405, hcnfls=1582, core 874, tier2 201, local 1372, quasiC: 184 (fixed: 7600)
c prunedLB 3.48, dev 0.61, succRate 0.54, nbSucc 824, nbHardens 1 (fixed 7850), lk: 1521, shorten: 0, pureSo 0, nbFlyRd 39, nbFixedLH 57

c Cardinality: 3680 (Sinz) for UB 8
c nbFailedLits 0, nbI 0, fixedVarsByFL 0, totalFixedVars 260, nbTested: 1001, counter 277962
c nbFailedLits 0, nbI 0, fixedVarsByFL 0, totalFixedVars 264, nbTested: 1001, counter 385121
c nbFailedLits 0, nbI 0, fixedVarsByFL 0, totalFixedVars 267, nbTested: 1001, counter 553890
c ends of initiationization by VSIDS at 12405 conflicts with init 0

c nbFailedLits 0, nbI 0, fixedVarsByFL 0, totalFixedVars 292, nbTested: 1001, counter 861931
c ***** top quasi confl at level 0*****
c LRB phase 1: conflicts 15641, phase 20000000, starts 62, UP 6083388
c UB=8 fails, cnfls=28046, hcnfls=3114, core 2492, tier2 1461, local 8716, quasiC: 3550 (fixed: 277669)
c prunedLB 5.18, dev 1.03, succRate 0.75, nbSucc 24110, nbHardens 1 (fixed 277919), lk: 32177, shorten: 0, pureSo 0, nbFlyRd 332, nbFixedLH 630

c Cardinality: 7480 (Sinz) for UB 16
c nbFailedLits 0, nbI 0, fixedVarsByFL 0, totalFixedVars 260, nbTested: 1001, counter 1286813
c nbFailedLits 0, nbI 0, fixedVarsByFL 0, totalFixedVars 260, nbTested: 1001, counter 1387370
c nbFailedLits 0, nbI 0, fixedVarsByFL 0, totalFixedVars 260, nbTested: 1001, counter 1530144
c ends of initiationization by VSIDS at 38054 conflicts with init -8

c nbFailedLits 0, nbI 0, fixedVarsByFL 0, totalFixedVars 260, nbTested: 1001, counter 1793014
c nbFailedLits 0, nbI 0, fixedVarsByFL 0, totalFixedVars 260, nbTested: 1001, counter 2122564
c nbFailedLits 0, nbI 0, fixedVarsByFL 0, totalFixedVars 260, nbTested: 1001, counter 2455775
c nbFailedLits 0, nbI 0, fixedVarsByFL 0, totalFixedVars 260, nbTested: 1001, counter 2964706
c LRB phase 2: conflicts 50500, phase 20000000, starts 151, UP 20007700
c DistQLDPC — QLDPC/CSS minimum distance (symplectic MaxSAT)
c solver: MaxCDCL, cardinality encoding: Sinz only
c Hx: data/matrices/TN_250_10_15_Hx.txt
c Hz: data/matrices/TN_250_10_15_Hz.txt
c Gx: data/matrices/TN_250_10_15_Gx.txt
c Gz: data/matrices/TN_250_10_15_Gz.txt
c Hx: 120 x 250, Hz: 120 x 250, Gx: 10 x 250, Gz: 10 x 250, logicals: 20
c d_lb: 8
c d_ub: -
c status: TIMEOUT (child killed after -cpu-lim)
c d  : UNKNOWN
s UNKNOWN
