c DistQLDPC — QLDPC/CSS minimum distance (symplectic MaxSAT)
c solver: MaxCDCL, cardinality encoding: off (soft-conflict only)
c Hx: data/matrices/TN_324_4_25_Hx.txt
c Hz: data/matrices/TN_324_4_25_Hz.txt
c Gx: data/matrices/TN_324_4_25_Gx.txt
c Gz: data/matrices/TN_324_4_25_Gz.txt
c Hx: 162 x 324, Hz: 162 x 324, Gx: 4 x 324, Gz: 4 x 324, logicals: 8
c Mono: 0, fixed: 0
c |  Eliminated clauses:           0.09 Mb                                      |
c Reduced to 2267 vars, 11638 cls (c/v ratio==5.1, grow=0)
c No iterative elimination performed. (vars=2267, c/v ratio=5.1)
c ============================[ Search Statistics ]==============================
c | Conflicts |          ORIGINAL         |          LEARNT          | Progress |
c |           |    Vars  Clauses Literals |    Limit  Clauses Lit/Cl |          |
c ===============================================================================
c nb soft clauses: 324, of which 324 unit, 0 nonUnit and 0 empty
c total nb of literals: 43292
c conflLits 0, conflLits2 0, nbFailedLits 0, fixedVarsBypreproc 0, totalFixedVars 332
c 1 conflict sets found with length 148
c fixedCost 0, nbSatLits 0, totalFixedVars 332, objForSearch: 324

c no UB provided, search from scratch...
c ends of initiationization by VSIDS at 0 conflicts with init 10000

c UB=1 fails, cnfls=0, hcnfls=0, core 0, tier2 0, local 0, quasiC: 0 (fixed: 0)
c prunedLB 0.00, dev 0.00, succRate 0.00, nbSucc 0, nbHardens 1 (fixed 324), lk: 1, shorten: 0, pureSo 0, nbFlyRd 0, nbFixedLH 0

c Cardinality: off (soft-conflict only), UB 2
c ***** top quasi confl at level 0*****
c ends of initiationization by VSIDS at 273 conflicts with init 9727

c UB=2 fails, cnfls=273, hcnfls=241, core 2059, tier2 5, local 192, quasiC: 1 (fixed: 87)
c prunedLB 0.00, dev 0.00, succRate 0.00, nbSucc 0, nbHardens 207 (fixed 37139), lk: 1, shorten: 0, pureSo 32, nbFlyRd 9, nbFixedLH 0

c Cardinality: off (soft-conflict only), UB 4
c nbFailedLits 0, nbI 0, fixedVarsByFL 0, totalFixedVars 335, nbTested: 1001, counter 34512
c nbFailedLits 1, nbI 0, fixedVarsByFL 1, totalFixedVars 341, nbTested: 1393, counter 134775
c ***** top quasi confl at level 0*****
c ***** top quasi confl at level 0*****
c ends of initiationization by VSIDS at 7390 conflicts with init 2883

c UB=4 fails, cnfls=7390, hcnfls=1071, core 13959, tier2 848, local 6050, quasiC: 504 (fixed: 41936)
c prunedLB 2.96, dev 0.63, succRate 0.80, nbSucc 5684, nbHardens 658 (fixed 173582), lk: 7061, shorten: 0, pureSo 636, nbFlyRd 90, nbFixedLH 123

c Cardinality: off (soft-conflict only), UB 8
c nbFailedLits 0, nbI 0, fixedVarsByFL 0, totalFixedVars 335, nbTested: 1001, counter 279625
c nbFailedLits 0, nbI 0, fixedVarsByFL 0, totalFixedVars 335, nbTested: 1001, counter 354840
c nbFailedLits 0, nbI 0, fixedVarsByFL 0, totalFixedVars 343, nbTested: 1001, counter 512209
c ends of initiationization by VSIDS at 17391 conflicts with init -1

c nbFailedLits 0, nbI 0, fixedVarsByFL 0, totalFixedVars 363, nbTested: 1001, counter 785779
c nbFailedLits 0, nbI 0, fixedVarsByFL 0, totalFixedVars 368, nbTested: 1001, counter 1188592
c nbFailedLits 0, nbI 0, fixedVarsByFL 0, totalFixedVars 390, nbTested: 1001, counter 1580415
c nbFailedLits 1, nbI 4, fixedVarsByFL 7, totalFixedVars 408, nbTested: 1192, counter 2105943
c LRB phase 1: conflicts 39884, phase 20000000, starts 127, UP 3623735
c UB=8 fails, cnfls=57275, hcnfls=2647, core 4231, tier2 535, local 10750, quasiC: 6564 (fixed: 671532)
c prunedLB 5.07, dev 0.99, succRate 0.77, nbSucc 47351, nbHardens 1087 (fixed 872557), lk: 61631, shorten: 0, pureSo 1595, nbFlyRd 464, nbFixedLH 956

c Cardinality: off (soft-conflict only), UB 16
c nbFailedLits 0, nbI 0, fixedVarsByFL 0, totalFixedVars 332, nbTested: 1001, counter 2170797
c nbFailedLits 0, nbI 0, fixedVarsByFL 0, totalFixedVars 332, nbTested: 1001, counter 2266023
c nbFailedLits 0, nbI 0, fixedVarsByFL 0, totalFixedVars 332, nbTested: 1001, counter 2423728
c ends of initiationization by VSIDS at 67292 conflicts with init -17

c DistQLDPC — QLDPC/CSS minimum distance (symplectic MaxSAT)
c solver: MaxCDCL, cardinality encoding: off (soft-conflict only)
c Hx: data/matrices/TN_324_4_25_Hx.txt
c Hz: data/matrices/TN_324_4_25_Hz.txt
c Gx: data/matrices/TN_324_4_25_Gx.txt
c Gz: data/matrices/TN_324_4_25_Gz.txt
c Hx: 162 x 324, Hz: 162 x 324, Gx: 4 x 324, Gz: 4 x 324, logicals: 8
c d_lb: 8
c d_ub: -
c status: TIMEOUT (child killed after -cpu-lim)
c d  : UNKNOWN
s UNKNOWN
