c DistQLDPC — QLDPC/CSS minimum distance (symplectic MaxSAT)
c solver: MaxCDCL, cardinality encoding: Sinz only
c Hx: data/matrices/TN_36_8_3_Hx.txt
c Hz: data/matrices/TN_36_8_3_Hz.txt
c Gx: data/matrices/TN_36_8_3_Gx.txt
c Gz: data/matrices/TN_36_8_3_Gz.txt
c Hx: 16 x 36, Hz: 16 x 36, Gx: 8 x 36, Gz: 8 x 36, logicals: 16
c Mono: 0, fixed: 0
c |  Eliminated clauses:           0.01 Mb                                      |
c Reduced to 226 vars, 926 cls (c/v ratio==4.1, grow=0)
c No iterative elimination performed. (vars=226, c/v ratio=4.1)
c ============================[ Search Statistics ]==============================
c | Conflicts |          ORIGINAL         |          LEARNT          | Progress |
c |           |    Vars  Clauses Literals |    Limit  Clauses Lit/Cl |          |
c ===============================================================================
c nb soft clauses: 36, of which 36 unit, 0 nonUnit and 0 empty
c total nb of literals: 3220
c conflLits 0, conflLits2 0, nbFailedLits 0, fixedVarsBypreproc 0, totalFixedVars 48
c 1 conflict sets found with length 26
c fixedCost 0, nbSatLits 0, totalFixedVars 48, objForSearch: 36

c no UB provided, search from scratch...
c ends of initiationization by VSIDS at 0 conflicts with init 10000

c UB=1 fails, cnfls=0, hcnfls=0, core 0, tier2 0, local 0, quasiC: 0 (fixed: 0)
c prunedLB 0.00, dev 0.00, succRate 0.00, nbSucc 0, nbHardens 1 (fixed 36), lk: 1, shorten: 0, pureSo 0, nbFlyRd 0, nbFixedLH 0

c Cardinality: 104 (Sinz) for UB 2
c ***** top quasi confl at level 0*****
c ends of initiationization by VSIDS at 18 conflicts with init 9982

c UB=2 fails, cnfls=18, hcnfls=18, core 10, tier2 3, local 5, quasiC: 1 (fixed: 9)
c prunedLB 0.00, dev 0.00, succRate 0.00, nbSucc 0, nbHardens 1 (fixed 45), lk: 1, shorten: 0, pureSo 0, nbFlyRd 1, nbFixedLH 0

c Cardinality: 234 (Sinz) for UB 4
c UB=4 succs, confls=18, hconfls=18, core 0, tier2 0, local 0,  3 soft cls unsat (0 at L0), 48 fixed vars at L0, softCnfl 0, nbFlyRd 1, nbFixedLH 0
c nbHardens 3 (fixed 45), shorten: 0, prunedLB 0.00, dev 0.00, succRate 0.00, nbSucc 0, lk: 0, shorten: 0, quasiC: 1 (fixed: 9)

c ends of initiationization by VSIDS at 18 conflicts with init 10000


c Cardinality: 170 (Sinz) for UB 3
c LRB phase 1: conflicts 93, phase 20000000, starts 1, UP 4655
c UB=3 fails, cnfls=111, hcnfls=111, core 68, tier2 7, local 3, quasiC: 1 (fixed: 9)
c prunedLB 0.00, dev 0.00, succRate 0.00, nbSucc 0, nbHardens 3 (fixed 45), lk: 0, shorten: 0, pureSo 0, nbFlyRd 8, nbFixedLH 0
c ===============================================================================
c initCost: 0, fixedBySearch: 0, optimal: 3, maxsat: 33, hardConflicts: 111
c nbLK: 2, nbSuccLK: 0(0.00%), nbLKup: 482(7.13%), hardens 3 (fixed 45), dynVars 171, shorten: 0
c MaxSAT: OPTIMAL, Pauli weight 3 (reported cost 3), vars 547 (base 124 + aux 252)
c DistQLDPC — QLDPC/CSS minimum distance (symplectic MaxSAT)
c solver: MaxCDCL, cardinality encoding: Sinz only
c Hx: data/matrices/TN_36_8_3_Hx.txt
c Hz: data/matrices/TN_36_8_3_Hz.txt
c Gx: data/matrices/TN_36_8_3_Gx.txt
c Gz: data/matrices/TN_36_8_3_Gz.txt
c Hx: 16 x 36, Hz: 16 x 36, Gx: 8 x 36, Gz: 8 x 36, logicals: 16
c d_lb: 3
c d_ub: 3
c d  : 3
o 3
