c DistQLDPC — QLDPC/CSS minimum distance (symplectic MaxSAT)
c solver: MaxCDCL, cardinality encoding: off (soft-conflict only)
c Hx: data/matrices/TN_396_4_26_Hx.txt
c Hz: data/matrices/TN_396_4_26_Hz.txt
c Gx: data/matrices/TN_396_4_26_Gx.txt
c Gz: data/matrices/TN_396_4_26_Gz.txt
c Hx: 198 x 396, Hz: 198 x 396, Gx: 4 x 396, Gz: 4 x 396, logicals: 8
c Mono: 0, fixed: 0
c |  Eliminated clauses:           0.11 Mb                                      |
c Reduced to 2725 vars, 14086 cls (c/v ratio==5.2, grow=0)
c No iterative elimination performed. (vars=2725, c/v ratio=5.2)
c ============================[ Search Statistics ]==============================
c | Conflicts |          ORIGINAL         |          LEARNT          | Progress |
c |           |    Vars  Clauses Literals |    Limit  Clauses Lit/Cl |          |
c ===============================================================================
c nb soft clauses: 396, of which 396 unit, 0 nonUnit and 0 empty
c total nb of literals: 52588
c conflLits 0, conflLits2 0, nbFailedLits 0, fixedVarsBypreproc 0, totalFixedVars 404
c 1 conflict sets found with length 138
c fixedCost 0, nbSatLits 0, totalFixedVars 404, objForSearch: 396

c no UB provided, search from scratch...
c ends of initiationization by VSIDS at 0 conflicts with init 10000

c UB=1 fails, cnfls=0, hcnfls=0, core 0, tier2 0, local 0, quasiC: 0 (fixed: 0)
c prunedLB 0.00, dev 0.00, succRate 0.00, nbSucc 0, nbHardens 1 (fixed 396), lk: 1, shorten: 0, pureSo 0, nbFlyRd 0, nbFixedLH 0

c Cardinality: off (soft-conflict only), UB 2
c ***** top quasi confl at level 0*****
c ends of initiationization by VSIDS at 149 conflicts with init 9851

c UB=2 fails, cnfls=149, hcnfls=125, core 548, tier2 10, local 67, quasiC: 1 (fixed: 96)
c prunedLB 0.00, dev 0.00, succRate 0.00, nbSucc 0, nbHardens 119 (fixed 29695), lk: 1, shorten: 0, pureSo 24, nbFlyRd 17, nbFixedLH 0

c Cardinality: off (soft-conflict only), UB 4
c nbFailedLits 0, nbI 0, fixedVarsByFL 0, totalFixedVars 408, nbTested: 1001, counter 35176
c nbFailedLits 9, nbI 0, fixedVarsByFL 14, totalFixedVars 432, nbTested: 1132, counter 159404
c ends of initiationization by VSIDS at 4317 conflicts with init 5832

c UB=4 fails, cnfls=4317, hcnfls=738, core 1012, tier2 28, local 3477, quasiC: 261 (fixed: 30402)
c prunedLB 2.94, dev 0.63, succRate 0.81, nbSucc 3111, nbHardens 419 (fixed 135538), lk: 3834, shorten: 0, pureSo 469, nbFlyRd 64, nbFixedLH 86

c Cardinality: off (soft-conflict only), UB 8
c nbFailedLits 0, nbI 0, fixedVarsByFL 0, totalFixedVars 405, nbTested: 1001, counter 183956
c nbFailedLits 0, nbI 0, fixedVarsByFL 0, totalFixedVars 407, nbTested: 1001, counter 286438
c nbFailedLits 0, nbI 0, fixedVarsByFL 0, totalFixedVars 410, nbTested: 1001, counter 455912
c ends of initiationization by VSIDS at 14317 conflicts with init 0

c nbFailedLits 0, nbI 0, fixedVarsByFL 0, totalFixedVars 432, nbTested: 1001, counter 775855
c nbFailedLits 0, nbI 0, fixedVarsByFL 0, totalFixedVars 449, nbTested: 1001, counter 1254088
c nbFailedLits 0, nbI 0, fixedVarsByFL 0, totalFixedVars 534, nbTested: 1001, counter 1712736
c nbFailedLits 0, nbI 0, fixedVarsByFL 0, totalFixedVars 544, nbTested: 1001, counter 2348518
c ***** top quasi confl at level 0*****
c LRB phase 1: conflicts 45163, phase 20000000, starts 127, UP 5013986
c UB=8 fails, cnfls=59480, hcnfls=2694, core 3484, tier2 90, local 6707, quasiC: 6798 (fixed: 895542)
c prunedLB 5.07, dev 0.98, succRate 0.77, nbSucc 52252, nbHardens 904 (fixed 1097668), lk: 67575, shorten: 0, pureSo 1425, nbFlyRd 580, nbFixedLH 1085

c Cardinality: off (soft-conflict only), UB 16
c nbFailedLits 0, nbI 0, fixedVarsByFL 0, totalFixedVars 404, nbTested: 1001, counter 2629208
c nbFailedLits 0, nbI 0, fixedVarsByFL 0, totalFixedVars 404, nbTested: 1001, counter 2741025
c nbFailedLits 0, nbI 0, fixedVarsByFL 0, totalFixedVars 404, nbTested: 1001, counter 2888740
c ends of initiationization by VSIDS at 69501 conflicts with init -21

c DistQLDPC — QLDPC/CSS minimum distance (symplectic MaxSAT)
c solver: MaxCDCL, cardinality encoding: off (soft-conflict only)
c Hx: data/matrices/TN_396_4_26_Hx.txt
c Hz: data/matrices/TN_396_4_26_Hz.txt
c Gx: data/matrices/TN_396_4_26_Gx.txt
c Gz: data/matrices/TN_396_4_26_Gz.txt
c Hx: 198 x 396, Hz: 198 x 396, Gx: 4 x 396, Gz: 4 x 396, logicals: 8
c d_lb: 8
c d_ub: -
c status: TIMEOUT (child killed after -cpu-lim)
c d  : UNKNOWN
s UNKNOWN
