c DistQLDPC — QLDPC/CSS minimum distance (symplectic MaxSAT)
c solver: MaxCDCL, cardinality encoding: Sinz only
c Hx: data/matrices/TN_36_8_4_Hx.txt
c Hz: data/matrices/TN_36_8_4_Hz.txt
c Gx: data/matrices/TN_36_8_4_Gx.txt
c Gz: data/matrices/TN_36_8_4_Gz.txt
c Hx: 18 x 36, Hz: 18 x 36, Gx: 8 x 36, Gz: 8 x 36, logicals: 16
c Mono: 0, fixed: 0
c |  Eliminated clauses:           0.01 Mb                                      |
c Reduced to 263 vars, 1310 cls (c/v ratio==5.0, grow=0)
c No iterative elimination performed. (vars=263, c/v ratio=5.0)
c ============================[ Search Statistics ]==============================
c | Conflicts |          ORIGINAL         |          LEARNT          | Progress |
c |           |    Vars  Clauses Literals |    Limit  Clauses Lit/Cl |          |
c ===============================================================================
c nb soft clauses: 36, of which 36 unit, 0 nonUnit and 0 empty
c total nb of literals: 4812
c conflLits 0, conflLits2 0, nbFailedLits 0, fixedVarsBypreproc 0, totalFixedVars 52
c 1 conflict sets found with length 20
c fixedCost 0, nbSatLits 0, totalFixedVars 52, objForSearch: 36

c no UB provided, search from scratch...
c ends of initiationization by VSIDS at 0 conflicts with init 10000

c UB=1 fails, cnfls=0, hcnfls=0, core 0, tier2 0, local 0, quasiC: 0 (fixed: 0)
c prunedLB 0.00, dev 0.00, succRate 0.00, nbSucc 0, nbHardens 1 (fixed 36), lk: 1, shorten: 0, pureSo 0, nbFlyRd 0, nbFixedLH 0

c Cardinality: 104 (Sinz) for UB 2
c ***** top quasi confl at level 0*****
c ends of initiationization by VSIDS at 30 conflicts with init 9970

c UB=2 fails, cnfls=30, hcnfls=30, core 10, tier2 4, local 17, quasiC: 1 (fixed: 6)
c prunedLB 0.00, dev 0.00, succRate 0.00, nbSucc 0, nbHardens 1 (fixed 42), lk: 1, shorten: 0, pureSo 0, nbFlyRd 5, nbFixedLH 0

c Cardinality: 234 (Sinz) for UB 4
c ***** top quasi confl at level 0*****
c ***** top quasi confl at level 0*****
c ends of initiationization by VSIDS at 477 conflicts with init 9553

c UB=4 fails, cnfls=477, hcnfls=399, core 78, tier2 13, local 84, quasiC: 21 (fixed: 214)
c prunedLB 2.64, dev 0.48, succRate 0.75, nbSucc 78, nbHardens 1 (fixed 250), lk: 104, shorten: 0, pureSo 0, nbFlyRd 14, nbFixedLH 6

c Cardinality: 470 (Sinz) for UB 8
c UB=8 succs, confls=718, hconfls=444, core 27, tier2 60, local 171,  7 soft cls unsat (0 at L0), 52 fixed vars at L0, softCnfl 0, nbFlyRd 26, nbFixedLH 12
c nbHardens 7 (fixed 448), shorten: 0, prunedLB 3.16, dev 0.57, succRate 0.86, nbSucc 196, lk: 227, shorten: 0, quasiC: 45 (fixed: 412)

c ends of initiationization by VSIDS at 718 conflicts with init 9759


c Cardinality: 414 (Sinz) for UB 7
c UB=7 succs, confls=718, hconfls=444, core 27, tier2 51, local 169,  4 soft cls unsat (0 at L0), 52 fixed vars at L0, softCnfl 0, nbFlyRd 26, nbFixedLH 12
c nbHardens 7 (fixed 448), shorten: 0, prunedLB 0.00, dev 0.00, succRate 0.00, nbSucc 0, lk: 0, shorten: 0, quasiC: 45 (fixed: 412)

c LRB phase 1: conflicts 0, phase 20000000, starts 1, UP 682
c UB=4 fails, cnfls=718, hcnfls=444, core 27, tier2 51, local 169, quasiC: 45 (fixed: 412)
c prunedLB 0.00, dev 0.00, succRate 0.00, nbSucc 0, nbHardens 7 (fixed 448), lk: 0, shorten: 0, pureSo 0, nbFlyRd 26, nbFixedLH 12
c ===============================================================================
c initCost: 0, fixedBySearch: 0, optimal: 4, maxsat: 32, hardConflicts: 444
c nbLK: 333, nbSuccLK: 274(82.28%), nbLKup: 42378(85.63%), hardens 7 (fixed 448), dynVars 419, shorten: 0
c MaxSAT: OPTIMAL, Pauli weight 4 (reported cost 4), vars 895 (base 124 + aux 352)
c DistQLDPC — QLDPC/CSS minimum distance (symplectic MaxSAT)
c solver: MaxCDCL, cardinality encoding: Sinz only
c Hx: data/matrices/TN_36_8_4_Hx.txt
c Hz: data/matrices/TN_36_8_4_Hz.txt
c Gx: data/matrices/TN_36_8_4_Gx.txt
c Gz: data/matrices/TN_36_8_4_Gz.txt
c Hx: 18 x 36, Hz: 18 x 36, Gx: 8 x 36, Gz: 8 x 36, logicals: 16
c d_lb: 4
c d_ub: 4
c d  : 4
o 4
