c DistQLDPC — QLDPC/CSS minimum distance (symplectic MaxSAT)
c solver: MaxCDCL, cardinality encoding: off (soft-conflict only)
c Hx: data/matrices/TN_496_2_32_Hx.txt
c Hz: data/matrices/TN_496_2_32_Hz.txt
c Gx: data/matrices/TN_496_2_32_Gx.txt
c Gz: data/matrices/TN_496_2_32_Gz.txt
c Hx: 248 x 496, Hz: 248 x 496, Gx: 2 x 496, Gz: 2 x 496, logicals: 4
c Mono: 0, fixed: 0
c |  Eliminated clauses:           0.13 Mb                                      |
c Reduced to 3687 vars, 18618 cls (c/v ratio==5.0, grow=0)
c No iterative elimination performed. (vars=3687, c/v ratio=5.0)
c ============================[ Search Statistics ]==============================
c | Conflicts |          ORIGINAL         |          LEARNT          | Progress |
c |           |    Vars  Clauses Literals |    Limit  Clauses Lit/Cl |          |
c ===============================================================================
c nb soft clauses: 496, of which 496 unit, 0 nonUnit and 0 empty
c total nb of literals: 68548
c conflLits 0, conflLits2 0, nbFailedLits 0, fixedVarsBypreproc 0, totalFixedVars 500
c 1 conflict sets found with length 202
c fixedCost 0, nbSatLits 0, totalFixedVars 500, objForSearch: 496

c no UB provided, search from scratch...
c ends of initiationization by VSIDS at 0 conflicts with init 10000

c UB=1 fails, cnfls=0, hcnfls=0, core 0, tier2 0, local 0, quasiC: 0 (fixed: 0)
c prunedLB 0.00, dev 0.00, succRate 0.00, nbSucc 0, nbHardens 1 (fixed 496), lk: 1, shorten: 0, pureSo 0, nbFlyRd 0, nbFixedLH 0

c Cardinality: off (soft-conflict only), UB 2
c ***** top quasi confl at level 0*****
c ends of initiationization by VSIDS at 291 conflicts with init 9709

c UB=2 fails, cnfls=291, hcnfls=249, core 728, tier2 2, local 158, quasiC: 1 (fixed: 149)
c prunedLB 2.00, dev 0.00, succRate 0.83, nbSucc 5, nbHardens 195 (fixed 54519), lk: 6, shorten: 0, pureSo 38, nbFlyRd 34, nbFixedLH 0

c Cardinality: off (soft-conflict only), UB 4
c nbFailedLits 0, nbI 0, fixedVarsByFL 0, totalFixedVars 513, nbTested: 1001, counter 39942
c nbFailedLits 0, nbI 0, fixedVarsByFL 0, totalFixedVars 530, nbTested: 1001, counter 166961
c ***** top quasi confl at level 0*****
c ends of initiationization by VSIDS at 5603 conflicts with init 4688

c UB=4 fails, cnfls=5603, hcnfls=1021, core 6076, tier2 201, local 4500, quasiC: 380 (fixed: 61713)
c prunedLB 2.96, dev 0.62, succRate 0.79, nbSucc 4088, nbHardens 486 (fixed 197959), lk: 5171, shorten: 0, pureSo 491, nbFlyRd 99, nbFixedLH 111

c Cardinality: off (soft-conflict only), UB 8
c nbFailedLits 0, nbI 0, fixedVarsByFL 0, totalFixedVars 500, nbTested: 1001, counter 279059
c nbFailedLits 0, nbI 0, fixedVarsByFL 0, totalFixedVars 505, nbTested: 1001, counter 385376
c nbFailedLits 0, nbI 0, fixedVarsByFL 0, totalFixedVars 517, nbTested: 1001, counter 595096
c ends of initiationization by VSIDS at 15651 conflicts with init -48

c DistQLDPC — QLDPC/CSS minimum distance (symplectic MaxSAT)
c solver: MaxCDCL, cardinality encoding: off (soft-conflict only)
c Hx: data/matrices/TN_496_2_32_Hx.txt
c Hz: data/matrices/TN_496_2_32_Hz.txt
c Gx: data/matrices/TN_496_2_32_Gx.txt
c Gz: data/matrices/TN_496_2_32_Gz.txt
c Hx: 248 x 496, Hz: 248 x 496, Gx: 2 x 496, Gz: 2 x 496, logicals: 4
c d_lb: 4
c d_ub: -
c status: TIMEOUT (child killed after -cpu-lim)
c d  : UNKNOWN
s UNKNOWN
