c DistQLDPC — QLDPC/CSS minimum distance (symplectic MaxSAT)
c solver: MaxCDCL, cardinality encoding: off (soft-conflict only)
c Hx: data/matrices/TN_54_11_4_Hx.txt
c Hz: data/matrices/TN_54_11_4_Hz.txt
c Gx: data/matrices/TN_54_11_4_Gx.txt
c Gz: data/matrices/TN_54_11_4_Gz.txt
c Hx: 24 x 54, Hz: 24 x 54, Gx: 11 x 54, Gz: 11 x 54, logicals: 22
c Mono: 0, fixed: 0
c |  Eliminated clauses:           0.01 Mb                                      |
c Reduced to 342 vars, 1452 cls (c/v ratio==4.2, grow=0)
c No iterative elimination performed. (vars=342, c/v ratio=4.2)
c ============================[ Search Statistics ]==============================
c | Conflicts |          ORIGINAL         |          LEARNT          | Progress |
c |           |    Vars  Clauses Literals |    Limit  Clauses Lit/Cl |          |
c ===============================================================================
c nb soft clauses: 54, of which 54 unit, 0 nonUnit and 0 empty
c total nb of literals: 5124
c conflLits 0, conflLits2 0, nbFailedLits 0, fixedVarsBypreproc 0, totalFixedVars 70
c 1 conflict sets found with length 37
c fixedCost 0, nbSatLits 0, totalFixedVars 70, objForSearch: 54

c no UB provided, search from scratch...
c ends of initiationization by VSIDS at 0 conflicts with init 10000

c UB=1 fails, cnfls=0, hcnfls=0, core 0, tier2 0, local 0, quasiC: 0 (fixed: 0)
c prunedLB 0.00, dev 0.00, succRate 0.00, nbSucc 0, nbHardens 1 (fixed 54), lk: 1, shorten: 0, pureSo 0, nbFlyRd 0, nbFixedLH 0

c Cardinality: off (soft-conflict only), UB 2
c ***** top quasi confl at level 0*****
c ends of initiationization by VSIDS at 35 conflicts with init 9965

c UB=2 fails, cnfls=35, hcnfls=25, core 236, tier2 4, local 11, quasiC: 1 (fixed: 15)
c prunedLB 0.00, dev 0.00, succRate 0.00, nbSucc 0, nbHardens 19 (fixed 581), lk: 1, shorten: 0, pureSo 10, nbFlyRd 8, nbFixedLH 0

c Cardinality: off (soft-conflict only), UB 4
c ends of initiationization by VSIDS at 502 conflicts with init 9533

c UB=4 fails, cnfls=502, hcnfls=216, core 993, tier2 61, local 177, quasiC: 10 (fixed: 181)
c prunedLB 2.70, dev 0.46, succRate 0.94, nbSucc 184, nbHardens 169 (fixed 6438), lk: 195, shorten: 0, pureSo 103, nbFlyRd 23, nbFixedLH 4

c Cardinality: off (soft-conflict only), UB 8
c UB=8 succs, confls=590, hconfls=220, core 22, tier2 55, local 25,  6 soft cls unsat (0 at L0), 70 fixed vars at L0, softCnfl 103, nbFlyRd 24, nbFixedLH 5
c nbHardens 171 (fixed 6556), shorten: 0, prunedLB 3.23, dev 0.62, succRate 0.90, nbSucc 84, lk: 93, shorten: 0, quasiC: 11 (fixed: 212)

c ends of initiationization by VSIDS at 590 conflicts with init 9912


c Cardinality: off (soft-conflict only), UB 6
c UB=6 succs, confls=619, hconfls=225, core 38, tier2 61, local 45,  4 soft cls unsat (0 at L0), 70 fixed vars at L0, softCnfl 109, nbFlyRd 25, nbFixedLH 7
c nbHardens 175 (fixed 6696), shorten: 0, prunedLB 3.00, dev 0.88, succRate 0.67, nbSucc 18, lk: 27, shorten: 0, quasiC: 12 (fixed: 237)

c LRB phase 1: conflicts 29, phase 20000000, starts 1, UP 1268
c UB=4 fails, cnfls=619, hcnfls=225, core 38, tier2 61, local 45, quasiC: 12 (fixed: 237)
c prunedLB 0.00, dev 0.00, succRate 0.00, nbSucc 0, nbHardens 175 (fixed 6696), lk: 0, shorten: 0, pureSo 109, nbFlyRd 25, nbFixedLH 7
c ===============================================================================
c initCost: 0, fixedBySearch: 0, optimal: 4, maxsat: 50, hardConflicts: 225
c nbLK: 317, nbSuccLK: 286(90.22%), nbLKup: 52866(177.05%), hardens 175 (fixed 6696), dynVars 0, shorten: 0
c MaxSAT: OPTIMAL, Pauli weight 4 (reported cost 4), vars 576 (base 184 + aux 392)
c DistQLDPC — QLDPC/CSS minimum distance (symplectic MaxSAT)
c solver: MaxCDCL, cardinality encoding: off (soft-conflict only)
c Hx: data/matrices/TN_54_11_4_Hx.txt
c Hz: data/matrices/TN_54_11_4_Hz.txt
c Gx: data/matrices/TN_54_11_4_Gx.txt
c Gz: data/matrices/TN_54_11_4_Gz.txt
c Hx: 24 x 54, Hz: 24 x 54, Gx: 11 x 54, Gz: 11 x 54, logicals: 22
c d_lb: 4
c d_ub: 4
c d  : 4
o 4
