c DistQLDPC — QLDPC/CSS minimum distance (symplectic MaxSAT)
c solver: MaxCDCL, cardinality encoding: Sinz+MTO (default, Sinz if n<=100)
c Hx: data/matrices/TN_54_11_4_Hx.txt
c Hz: data/matrices/TN_54_11_4_Hz.txt
c Gx: data/matrices/TN_54_11_4_Gx.txt
c Gz: data/matrices/TN_54_11_4_Gz.txt
c Hx: 24 x 54, Hz: 24 x 54, Gx: 11 x 54, Gz: 11 x 54, logicals: 22
c Mono: 0, fixed: 0
c |  Eliminated clauses:           0.01 Mb                                      |
c Reduced to 342 vars, 1452 cls (c/v ratio==4.2, grow=0)
c No iterative elimination performed. (vars=342, c/v ratio=4.2)
c ============================[ Search Statistics ]==============================
c | Conflicts |          ORIGINAL         |          LEARNT          | Progress |
c |           |    Vars  Clauses Literals |    Limit  Clauses Lit/Cl |          |
c ===============================================================================
c nb soft clauses: 54, of which 54 unit, 0 nonUnit and 0 empty
c total nb of literals: 5124
c conflLits 0, conflLits2 0, nbFailedLits 0, fixedVarsBypreproc 0, totalFixedVars 70
c 1 conflict sets found with length 37
c fixedCost 0, nbSatLits 0, totalFixedVars 70, objForSearch: 54

c no UB provided, search from scratch...
c ends of initiationization by VSIDS at 0 conflicts with init 10000

c UB=1 fails, cnfls=0, hcnfls=0, core 0, tier2 0, local 0, quasiC: 0 (fixed: 0)
c prunedLB 0.00, dev 0.00, succRate 0.00, nbSucc 0, nbHardens 1 (fixed 54), lk: 1, shorten: 0, pureSo 0, nbFlyRd 0, nbFixedLH 0

c Cardinality: 317 (Sinz+MTO) for UB 2
c ***** top quasi confl at level 0*****
c ends of initiationization by VSIDS at 4 conflicts with init 9996

c UB=2 fails, cnfls=4, hcnfls=4, core 2, tier2 0, local 0, quasiC: 1 (fixed: 15)
c prunedLB 0.00, dev 0.00, succRate 0.00, nbSucc 0, nbHardens 1 (fixed 69), lk: 1, shorten: 0, pureSo 0, nbFlyRd 1, nbFixedLH 0

c Cardinality: 697 (Sinz+MTO) for UB 4
c ends of initiationization by VSIDS at 375 conflicts with init 9629

c UB=4 fails, cnfls=375, hcnfls=323, core 156, tier2 32, local 214, quasiC: 4 (fixed: 78)
c prunedLB 2.72, dev 0.45, succRate 0.95, nbSucc 53, nbHardens 1 (fixed 132), lk: 56, shorten: 0, pureSo 0, nbFlyRd 13, nbFixedLH 1

c Cardinality: 1204 (Sinz+MTO) for UB 8
c UB=8 succs, confls=544, hconfls=345, core 167, tier2 72, local 21,  6 soft cls unsat (0 at L0), 70 fixed vars at L0, softCnfl 0, nbFlyRd 13, nbFixedLH 1
c nbHardens 1 (fixed 238), shorten: 0, prunedLB 2.91, dev 0.28, succRate 0.89, nbSucc 147, lk: 165, shorten: 0, quasiC: 11 (fixed: 184)

c ends of initiationization by VSIDS at 544 conflicts with init 9831


c Cardinality: 1019 (Sinz+MTO) for UB 6
c UB=6 succs, confls=752, hconfls=528, core 203, tier2 100, local 94,  4 soft cls unsat (0 at L0), 70 fixed vars at L0, softCnfl 0, nbFlyRd 18, nbFixedLH 1
c nbHardens 1 (fixed 238), shorten: 0, prunedLB 2.64, dev 0.48, succRate 0.57, nbSucc 25, lk: 44, shorten: 0, quasiC: 11 (fixed: 184)

c LRB phase 1: conflicts 208, phase 20000000, starts 3, UP 26711
c UB=4 fails, cnfls=752, hcnfls=528, core 203, tier2 100, local 94, quasiC: 11 (fixed: 184)
c prunedLB 0.00, dev 0.00, succRate 0.00, nbSucc 0, nbHardens 1 (fixed 238), lk: 0, shorten: 0, pureSo 0, nbFlyRd 18, nbFixedLH 1
c ===============================================================================
c initCost: 0, fixedBySearch: 0, optimal: 4, maxsat: 50, hardConflicts: 528
c nbLK: 267, nbSuccLK: 225(84.27%), nbLKup: 44213(57.96%), hardens 1 (fixed 238), dynVars 1047, shorten: 0
c MaxSAT: OPTIMAL, Pauli weight 4 (reported cost 4), vars 1623 (base 184 + aux 392)
c DistQLDPC — QLDPC/CSS minimum distance (symplectic MaxSAT)
c solver: MaxCDCL, cardinality encoding: Sinz+MTO (default, Sinz if n<=100)
c Hx: data/matrices/TN_54_11_4_Hx.txt
c Hz: data/matrices/TN_54_11_4_Hz.txt
c Gx: data/matrices/TN_54_11_4_Gx.txt
c Gz: data/matrices/TN_54_11_4_Gz.txt
c Hx: 24 x 54, Hz: 24 x 54, Gx: 11 x 54, Gz: 11 x 54, logicals: 22
c d_lb: 4
c d_ub: 4
c d  : 4
o 4
