c DistQLDPC — QLDPC/CSS minimum distance (symplectic MaxSAT)
c solver: MaxCDCL, cardinality encoding: Sinz+MTO (default, Sinz if n<=100)
c Hx: data/matrices/TN_540_4_40_Hx.txt
c Hz: data/matrices/TN_540_4_40_Hz.txt
c Gx: data/matrices/TN_540_4_40_Gx.txt
c Gz: data/matrices/TN_540_4_40_Gz.txt
c Hx: 270 x 540, Hz: 270 x 540, Gx: 4 x 540, Gz: 4 x 540, logicals: 8
c Mono: 0, fixed: 0
c |  Eliminated clauses:           0.15 Mb                                      |
c Reduced to 3725 vars, 19202 cls (c/v ratio==5.2, grow=0)
c No iterative elimination performed. (vars=3725, c/v ratio=5.2)
c ============================[ Search Statistics ]==============================
c | Conflicts |          ORIGINAL         |          LEARNT          | Progress |
c |           |    Vars  Clauses Literals |    Limit  Clauses Lit/Cl |          |
c ===============================================================================
c nb soft clauses: 540, of which 540 unit, 0 nonUnit and 0 empty
c total nb of literals: 71608
c conflLits 0, conflLits2 0, nbFailedLits 0, fixedVarsBypreproc 0, totalFixedVars 548
c 1 conflict sets found with length 240
c fixedCost 0, nbSatLits 0, totalFixedVars 548, objForSearch: 540

c no UB provided, search from scratch...
c ends of initiationization by VSIDS at 0 conflicts with init 10000

c UB=1 fails, cnfls=0, hcnfls=0, core 0, tier2 0, local 0, quasiC: 0 (fixed: 0)
c prunedLB 0.00, dev 0.00, succRate 0.00, nbSucc 0, nbHardens 1 (fixed 540), lk: 1, shorten: 0, pureSo 0, nbFlyRd 0, nbFixedLH 0

c Cardinality: 1617 (Sinz+MTO) for UB 2
c ***** top quasi confl at level 0*****
c ends of initiationization by VSIDS at 27 conflicts with init 9973

c UB=2 fails, cnfls=27, hcnfls=27, core 17, tier2 4, local 6, quasiC: 1 (fixed: 138)
c prunedLB 0.00, dev 0.00, succRate 0.00, nbSucc 0, nbHardens 1 (fixed 678), lk: 1, shorten: 0, pureSo 0, nbFlyRd 2, nbFixedLH 0

c Cardinality: 3487 (Sinz+MTO) for UB 4
c nbFailedLits 0, nbI 0, fixedVarsByFL 0, totalFixedVars 560, nbTested: 1001, counter 33635
c nbFailedLits 1, nbI 1, fixedVarsByFL 2, totalFixedVars 574, nbTested: 1905, counter 171339
c ***** top quasi confl at level 0*****
c ends of initiationization by VSIDS at 8360 conflicts with init 1667

c UB=4 fails, cnfls=8360, hcnfls=1049, core 9993, tier2 483, local 7090, quasiC: 543 (fixed: 75990)
c prunedLB 3.01, dev 0.64, succRate 0.81, nbSucc 6518, nbHardens 576 (fixed 277699), lk: 8055, shorten: 0, pureSo 793, nbFlyRd 71, nbFixedLH 117

c Cardinality: 4716 (Sinz+MTO) for UB 8
c nbFailedLits 0, nbI 0, fixedVarsByFL 0, totalFixedVars 548, nbTested: 1001, counter 403453
c nbFailedLits 0, nbI 0, fixedVarsByFL 0, totalFixedVars 558, nbTested: 1001, counter 525205
c nbFailedLits 0, nbI 0, fixedVarsByFL 0, totalFixedVars 571, nbTested: 1001, counter 682935
c ends of initiationization by VSIDS at 18392 conflicts with init -32

c DistQLDPC — QLDPC/CSS minimum distance (symplectic MaxSAT)
c solver: MaxCDCL, cardinality encoding: Sinz+MTO (default, Sinz if n<=100)
c Hx: data/matrices/TN_540_4_40_Hx.txt
c Hz: data/matrices/TN_540_4_40_Hz.txt
c Gx: data/matrices/TN_540_4_40_Gx.txt
c Gz: data/matrices/TN_540_4_40_Gz.txt
c Hx: 270 x 540, Hz: 270 x 540, Gx: 4 x 540, Gz: 4 x 540, logicals: 8
c d_lb: 4
c d_ub: -
c status: TIMEOUT (child killed after -cpu-lim)
c d  : UNKNOWN
s UNKNOWN
