c DistQLDPC — QLDPC/CSS minimum distance (symplectic MaxSAT)
c solver: MaxCDCL, cardinality encoding: MTO only
c Hx: data/matrices/TN_504_2_45_Hx.txt
c Hz: data/matrices/TN_504_2_45_Hz.txt
c Gx: data/matrices/TN_504_2_45_Gx.txt
c Gz: data/matrices/TN_504_2_45_Gz.txt
c Hx: 252 x 504, Hz: 252 x 504, Gx: 2 x 504, Gz: 2 x 504, logicals: 4
c Mono: 0, fixed: 0
c |  Eliminated clauses:           0.13 Mb                                      |
c Reduced to 3309 vars, 16874 cls (c/v ratio==5.1, grow=0)
c No iterative elimination performed. (vars=3309, c/v ratio=5.1)
c ============================[ Search Statistics ]==============================
c | Conflicts |          ORIGINAL         |          LEARNT          | Progress |
c |           |    Vars  Clauses Literals |    Limit  Clauses Lit/Cl |          |
c ===============================================================================
c nb soft clauses: 504, of which 504 unit, 0 nonUnit and 0 empty
c total nb of literals: 62932
c conflLits 0, conflLits2 0, nbFailedLits 0, fixedVarsBypreproc 0, totalFixedVars 508
c 1 conflict sets found with length 181
c fixedCost 0, nbSatLits 0, totalFixedVars 508, objForSearch: 504

c no UB provided, search from scratch...
c ends of initiationization by VSIDS at 0 conflicts with init 10000

c UB=1 fails, cnfls=0, hcnfls=0, core 0, tier2 0, local 0, quasiC: 0 (fixed: 0)
c prunedLB 0.00, dev 0.00, succRate 0.00, nbSucc 0, nbHardens 1 (fixed 504), lk: 1, shorten: 0, pureSo 0, nbFlyRd 0, nbFixedLH 0

c Cardinality: 1509 (MTO) for UB 2
c ***** top quasi confl at level 0*****
c ends of initiationization by VSIDS at 13 conflicts with init 9987

c UB=2 fails, cnfls=13, hcnfls=13, core 9, tier2 0, local 1, quasiC: 1 (fixed: 115)
c prunedLB 0.00, dev 0.00, succRate 0.00, nbSucc 0, nbHardens 1 (fixed 619), lk: 1, shorten: 0, pureSo 0, nbFlyRd 3, nbFixedLH 0

c Cardinality: 3263 (MTO) for UB 4
c nbFailedLits 0, nbI 0, fixedVarsByFL 0, totalFixedVars 510, nbTested: 1001, counter 36038
c nbFailedLits 5, nbI 1, fixedVarsByFL 8, totalFixedVars 530, nbTested: 1476, counter 158329
c ends of initiationization by VSIDS at 7454 conflicts with init 2559

c UB=4 fails, cnfls=7454, hcnfls=975, core 12506, tier2 883, local 6300, quasiC: 438 (fixed: 65450)
c prunedLB 2.99, dev 0.65, succRate 0.82, nbSucc 5791, nbHardens 530 (fixed 246071), lk: 7088, shorten: 0, pureSo 689, nbFlyRd 79, nbFixedLH 90

c Cardinality: 4400 (MTO) for UB 8
c nbFailedLits 0, nbI 0, fixedVarsByFL 0, totalFixedVars 510, nbTested: 1001, counter 347658
c nbFailedLits 0, nbI 0, fixedVarsByFL 0, totalFixedVars 524, nbTested: 1001, counter 446638
c nbFailedLits 0, nbI 0, fixedVarsByFL 0, totalFixedVars 538, nbTested: 1001, counter 618962
c ends of initiationization by VSIDS at 17456 conflicts with init -2

c nbFailedLits 0, nbI 0, fixedVarsByFL 0, totalFixedVars 548, nbTested: 1001, counter 1007548
c nbFailedLits 0, nbI 0, fixedVarsByFL 0, totalFixedVars 604, nbTested: 1001, counter 1435608
c nbFailedLits 0, nbI 0, fixedVarsByFL 0, totalFixedVars 631, nbTested: 1001, counter 2031376
c nbFailedLits 0, nbI 0, fixedVarsByFL 0, totalFixedVars 692, nbTested: 1001, counter 2698991
c ***** top quasi confl at level 0*****
c LRB phase 1: conflicts 45272, phase 20000000, starts 127, UP 5341047
c UB=8 fails, cnfls=62728, hcnfls=2472, core 3076, tier2 101, local 13690, quasiC: 6449 (fixed: 1026209)
c prunedLB 5.29, dev 1.01, succRate 0.79, nbSucc 52746, nbHardens 975 (fixed 1323596), lk: 67169, shorten: 0, pureSo 1721, nbFlyRd 463, nbFixedLH 927

c Cardinality: 4969 (MTO) for UB 16
c nbFailedLits 0, nbI 0, fixedVarsByFL 0, totalFixedVars 508, nbTested: 1001, counter 3019824
c nbFailedLits 0, nbI 0, fixedVarsByFL 0, totalFixedVars 508, nbTested: 1001, counter 3139537
c nbFailedLits 0, nbI 0, fixedVarsByFL 0, totalFixedVars 508, nbTested: 1001, counter 3320986
c ends of initiationization by VSIDS at 72729 conflicts with init -1

c DistQLDPC — QLDPC/CSS minimum distance (symplectic MaxSAT)
c solver: MaxCDCL, cardinality encoding: MTO only
c Hx: data/matrices/TN_504_2_45_Hx.txt
c Hz: data/matrices/TN_504_2_45_Hz.txt
c Gx: data/matrices/TN_504_2_45_Gx.txt
c Gz: data/matrices/TN_504_2_45_Gz.txt
c Hx: 252 x 504, Hz: 252 x 504, Gx: 2 x 504, Gz: 2 x 504, logicals: 4
c d_lb: 8
c d_ub: -
c status: TIMEOUT (child killed after -cpu-lim)
c d  : UNKNOWN
s UNKNOWN
