c DistQLDPC — QLDPC/CSS minimum distance (symplectic MaxSAT)
c solver: MaxCDCL, cardinality encoding: MTO only
c Hx: data/matrices/TN_54_11_4_Hx.txt
c Hz: data/matrices/TN_54_11_4_Hz.txt
c Gx: data/matrices/TN_54_11_4_Gx.txt
c Gz: data/matrices/TN_54_11_4_Gz.txt
c Hx: 24 x 54, Hz: 24 x 54, Gx: 11 x 54, Gz: 11 x 54, logicals: 22
c Mono: 0, fixed: 0
c |  Eliminated clauses:           0.01 Mb                                      |
c Reduced to 342 vars, 1452 cls (c/v ratio==4.2, grow=0)
c No iterative elimination performed. (vars=342, c/v ratio=4.2)
c ============================[ Search Statistics ]==============================
c | Conflicts |          ORIGINAL         |          LEARNT          | Progress |
c |           |    Vars  Clauses Literals |    Limit  Clauses Lit/Cl |          |
c ===============================================================================
c nb soft clauses: 54, of which 54 unit, 0 nonUnit and 0 empty
c total nb of literals: 5124
c conflLits 0, conflLits2 0, nbFailedLits 0, fixedVarsBypreproc 0, totalFixedVars 70
c 1 conflict sets found with length 37
c fixedCost 0, nbSatLits 0, totalFixedVars 70, objForSearch: 54

c no UB provided, search from scratch...
c ends of initiationization by VSIDS at 0 conflicts with init 10000

c UB=1 fails, cnfls=0, hcnfls=0, core 0, tier2 0, local 0, quasiC: 0 (fixed: 0)
c prunedLB 0.00, dev 0.00, succRate 0.00, nbSucc 0, nbHardens 1 (fixed 54), lk: 1, shorten: 0, pureSo 0, nbFlyRd 0, nbFixedLH 0

c Cardinality: 159 (MTO) for UB 2
c ***** top quasi confl at level 0*****
c ends of initiationization by VSIDS at 4 conflicts with init 9996

c UB=2 fails, cnfls=4, hcnfls=4, core 2, tier2 0, local 0, quasiC: 1 (fixed: 15)
c prunedLB 0.00, dev 0.00, succRate 0.00, nbSucc 0, nbHardens 1 (fixed 69), lk: 1, shorten: 0, pureSo 0, nbFlyRd 1, nbFixedLH 0

c Cardinality: 337 (MTO) for UB 4
c ends of initiationization by VSIDS at 449 conflicts with init 9555

c UB=4 fails, cnfls=449, hcnfls=194, core 125, tier2 49, local 257, quasiC: 10 (fixed: 132)
c prunedLB 2.60, dev 0.49, succRate 0.94, nbSucc 171, nbHardens 111 (fixed 3270), lk: 181, shorten: 0, pureSo 85, nbFlyRd 11, nbFixedLH 3

c Cardinality: 464 (MTO) for UB 8
c UB=8 succs, confls=611, hconfls=204, core 76, tier2 62, local 32,  7 soft cls unsat (0 at L0), 70 fixed vars at L0, softCnfl 86, nbFlyRd 11, nbFixedLH 3
c nbHardens 113 (fixed 3310), shorten: 0, prunedLB 2.92, dev 0.27, succRate 0.99, nbSucc 151, lk: 152, shorten: 0, quasiC: 11 (fixed: 162)

c ends of initiationization by VSIDS at 611 conflicts with init 9838


c Cardinality: 465 (MTO) for UB 7
c UB=7 succs, confls=669, hconfls=258, core 88, tier2 64, local 76,  4 soft cls unsat (0 at L0), 70 fixed vars at L0, softCnfl 88, nbFlyRd 12, nbFixedLH 3
c nbHardens 115 (fixed 3321), shorten: 0, prunedLB 2.50, dev 0.50, succRate 0.29, nbSucc 2, lk: 7, shorten: 0, quasiC: 11 (fixed: 162)

c LRB phase 1: conflicts 58, phase 20000000, starts 1, UP 5816
c UB=4 fails, cnfls=669, hcnfls=258, core 88, tier2 64, local 76, quasiC: 11 (fixed: 162)
c prunedLB 0.00, dev 0.00, succRate 0.00, nbSucc 0, nbHardens 115 (fixed 3321), lk: 0, shorten: 0, pureSo 88, nbFlyRd 12, nbFixedLH 3
c ===============================================================================
c initCost: 0, fixedBySearch: 0, optimal: 4, maxsat: 50, hardConflicts: 258
c nbLK: 342, nbSuccLK: 324(94.74%), nbLKup: 51927(180.59%), hardens 115 (fixed 3321), dynVars 442, shorten: 0
c MaxSAT: OPTIMAL, Pauli weight 4 (reported cost 4), vars 1018 (base 184 + aux 392)
c DistQLDPC — QLDPC/CSS minimum distance (symplectic MaxSAT)
c solver: MaxCDCL, cardinality encoding: MTO only
c Hx: data/matrices/TN_54_11_4_Hx.txt
c Hz: data/matrices/TN_54_11_4_Hz.txt
c Gx: data/matrices/TN_54_11_4_Gx.txt
c Gz: data/matrices/TN_54_11_4_Gz.txt
c Hx: 24 x 54, Hz: 24 x 54, Gx: 11 x 54, Gz: 11 x 54, logicals: 22
c d_lb: 4
c d_ub: 4
c d  : 4
o 4
