c DistQLDPC — QLDPC/CSS minimum distance (symplectic MaxSAT)
c solver: MaxCDCL, cardinality encoding: Sinz only
c Hx: data/matrices/TN_540_4_40_Hx.txt
c Hz: data/matrices/TN_540_4_40_Hz.txt
c Gx: data/matrices/TN_540_4_40_Gx.txt
c Gz: data/matrices/TN_540_4_40_Gz.txt
c Hx: 270 x 540, Hz: 270 x 540, Gx: 4 x 540, Gz: 4 x 540, logicals: 8
c Mono: 0, fixed: 0
c |  Eliminated clauses:           0.15 Mb                                      |
c Reduced to 3725 vars, 19202 cls (c/v ratio==5.2, grow=0)
c No iterative elimination performed. (vars=3725, c/v ratio=5.2)
c ============================[ Search Statistics ]==============================
c | Conflicts |          ORIGINAL         |          LEARNT          | Progress |
c |           |    Vars  Clauses Literals |    Limit  Clauses Lit/Cl |          |
c ===============================================================================
c nb soft clauses: 540, of which 540 unit, 0 nonUnit and 0 empty
c total nb of literals: 71608
c conflLits 0, conflLits2 0, nbFailedLits 0, fixedVarsBypreproc 0, totalFixedVars 548
c 1 conflict sets found with length 240
c fixedCost 0, nbSatLits 0, totalFixedVars 548, objForSearch: 540

c no UB provided, search from scratch...
c ends of initiationization by VSIDS at 0 conflicts with init 10000

c UB=1 fails, cnfls=0, hcnfls=0, core 0, tier2 0, local 0, quasiC: 0 (fixed: 0)
c prunedLB 0.00, dev 0.00, succRate 0.00, nbSucc 0, nbHardens 1 (fixed 540), lk: 1, shorten: 0, pureSo 0, nbFlyRd 0, nbFixedLH 0

c Cardinality: 1616 (Sinz) for UB 2
c ***** top quasi confl at level 0*****
c ends of initiationization by VSIDS at 58 conflicts with init 9942

c UB=2 fails, cnfls=58, hcnfls=58, core 14, tier2 3, local 42, quasiC: 1 (fixed: 138)
c prunedLB 0.00, dev 0.00, succRate 0.00, nbSucc 0, nbHardens 1 (fixed 678), lk: 1, shorten: 0, pureSo 0, nbFlyRd 1, nbFixedLH 0

c Cardinality: 3762 (Sinz) for UB 4
c nbFailedLits 0, nbI 0, fixedVarsByFL 0, totalFixedVars 550, nbTested: 1001, counter 178067
c nbFailedLits 3, nbI 0, fixedVarsByFL 227, totalFixedVars 794, nbTested: 2425, counter 754257
c ends of initiationization by VSIDS at 8657 conflicts with init 1401

c UB=4 fails, cnfls=8657, hcnfls=4582, core 2809, tier2 447, local 6106, quasiC: 530 (fixed: 58292)
c prunedLB 3.35, dev 0.64, succRate 0.68, nbSucc 4076, nbHardens 1 (fixed 58832), lk: 6026, shorten: 0, pureSo 0, nbFlyRd 74, nbFixedLH 178

c Cardinality: 8030 (Sinz) for UB 8
c nbFailedLits 0, nbI 0, fixedVarsByFL 0, totalFixedVars 548, nbTested: 1001, counter 1846454
c nbFailedLits 0, nbI 0, fixedVarsByFL 0, totalFixedVars 557, nbTested: 1001, counter 1979639
c nbFailedLits 0, nbI 0, fixedVarsByFL 0, totalFixedVars 559, nbTested: 1001, counter 2193929
c ends of initiationization by VSIDS at 18657 conflicts with init 0

c nbFailedLits 0, nbI 0, fixedVarsByFL 0, totalFixedVars 570, nbTested: 1001, counter 2603627
c nbFailedLits 0, nbI 0, fixedVarsByFL 0, totalFixedVars 606, nbTested: 1001, counter 3213188
c nbFailedLits 0, nbI 0, fixedVarsByFL 0, totalFixedVars 660, nbTested: 1001, counter 3955487
c LRB phase 1: conflicts 28918, phase 20000000, starts 100, UP 20118427
c nbFailedLits 0, nbI 0, fixedVarsByFL 0, totalFixedVars 726, nbTested: 1001, counter 4630842
c VSIDS phase 1: conflicts 18618, phase 20000000, starts 160, UP 14248961
c UB=8 fails, cnfls=66193, hcnfls=7152, core 3724, tier2 465, local 10727, quasiC: 6106 (fixed: 1082202)
c prunedLB 5.28, dev 1.00, succRate 0.80, nbSucc 54967, nbHardens 1 (fixed 1082742), lk: 68715, shorten: 0, pureSo 0, nbFlyRd 455, nbFixedLH 983
c DistQLDPC — QLDPC/CSS minimum distance (symplectic MaxSAT)
c solver: MaxCDCL, cardinality encoding: Sinz only
c Hx: data/matrices/TN_540_4_40_Hx.txt
c Hz: data/matrices/TN_540_4_40_Hz.txt
c Gx: data/matrices/TN_540_4_40_Gx.txt
c Gz: data/matrices/TN_540_4_40_Gz.txt
c Hx: 270 x 540, Hz: 270 x 540, Gx: 4 x 540, Gz: 4 x 540, logicals: 8
c d_lb: 8
c d_ub: -
c status: TIMEOUT (child killed after -cpu-lim)
c d  : UNKNOWN
s UNKNOWN
