c DistQLDPC — QLDPC/CSS minimum distance (symplectic MaxSAT)
c solver: MaxCDCL, cardinality encoding: Sinz only
c Hx: data/matrices/TN_504_2_45_Hx.txt
c Hz: data/matrices/TN_504_2_45_Hz.txt
c Gx: data/matrices/TN_504_2_45_Gx.txt
c Gz: data/matrices/TN_504_2_45_Gz.txt
c Hx: 252 x 504, Hz: 252 x 504, Gx: 2 x 504, Gz: 2 x 504, logicals: 4
c Mono: 0, fixed: 0
c |  Eliminated clauses:           0.13 Mb                                      |
c Reduced to 3309 vars, 16874 cls (c/v ratio==5.1, grow=0)
c No iterative elimination performed. (vars=3309, c/v ratio=5.1)
c ============================[ Search Statistics ]==============================
c | Conflicts |          ORIGINAL         |          LEARNT          | Progress |
c |           |    Vars  Clauses Literals |    Limit  Clauses Lit/Cl |          |
c ===============================================================================
c nb soft clauses: 504, of which 504 unit, 0 nonUnit and 0 empty
c total nb of literals: 62932
c conflLits 0, conflLits2 0, nbFailedLits 0, fixedVarsBypreproc 0, totalFixedVars 508
c 1 conflict sets found with length 181
c fixedCost 0, nbSatLits 0, totalFixedVars 508, objForSearch: 504

c no UB provided, search from scratch...
c ends of initiationization by VSIDS at 0 conflicts with init 10000

c UB=1 fails, cnfls=0, hcnfls=0, core 0, tier2 0, local 0, quasiC: 0 (fixed: 0)
c prunedLB 0.00, dev 0.00, succRate 0.00, nbSucc 0, nbHardens 1 (fixed 504), lk: 1, shorten: 0, pureSo 0, nbFlyRd 0, nbFixedLH 0

c Cardinality: 1508 (Sinz) for UB 2
c ***** top quasi confl at level 0*****
c ends of initiationization by VSIDS at 68 conflicts with init 9932

c UB=2 fails, cnfls=68, hcnfls=68, core 13, tier2 5, local 48, quasiC: 1 (fixed: 115)
c prunedLB 0.00, dev 0.00, succRate 0.00, nbSucc 0, nbHardens 1 (fixed 619), lk: 1, shorten: 0, pureSo 0, nbFlyRd 5, nbFixedLH 0

c Cardinality: 3510 (Sinz) for UB 4
c nbFailedLits 1, nbI 0, fixedVarsByFL 3, totalFixedVars 511, nbTested: 1441, counter 140848
c nbFailedLits 6, nbI 3, fixedVarsByFL 19, totalFixedVars 1056, nbTested: 2935, counter 752280
c ends of initiationization by VSIDS at 5584 conflicts with init 4484

c UB=4 fails, cnfls=5584, hcnfls=2940, core 1853, tier2 151, local 3958, quasiC: 320 (fixed: 32904)
c prunedLB 3.31, dev 0.66, succRate 0.69, nbSucc 2645, nbHardens 1 (fixed 33408), lk: 3819, shorten: 0, pureSo 0, nbFlyRd 49, nbFixedLH 116

c Cardinality: 7490 (Sinz) for UB 8
c nbFailedLits 0, nbI 0, fixedVarsByFL 0, totalFixedVars 508, nbTested: 1001, counter 1086576
c nbFailedLits 0, nbI 0, fixedVarsByFL 0, totalFixedVars 512, nbTested: 1001, counter 1178827
c nbFailedLits 0, nbI 0, fixedVarsByFL 0, totalFixedVars 524, nbTested: 1001, counter 1379744
c ends of initiationization by VSIDS at 15584 conflicts with init 0

c nbFailedLits 0, nbI 0, fixedVarsByFL 0, totalFixedVars 549, nbTested: 1001, counter 1778074
c nbFailedLits 0, nbI 0, fixedVarsByFL 0, totalFixedVars 577, nbTested: 1001, counter 2276559
c nbFailedLits 0, nbI 0, fixedVarsByFL 0, totalFixedVars 604, nbTested: 1001, counter 3004601
c LRB phase 1: conflicts 29892, phase 20000000, starts 105, UP 20067315
c nbFailedLits 0, nbI 5, fixedVarsByFL 5, totalFixedVars 754, nbTested: 1117, counter 3696197
c VSIDS phase 1: conflicts 14487, phase 20000000, starts 138, UP 10979016
c UB=8 fails, cnfls=59963, hcnfls=5534, core 1850, tier2 151, local 8307, quasiC: 5784 (fixed: 934467)
c prunedLB 5.35, dev 1.03, succRate 0.79, nbSucc 51786, nbHardens 1 (fixed 934971), lk: 65178, shorten: 0, pureSo 0, nbFlyRd 437, nbFixedLH 911

c Cardinality: 15354 (Sinz) for UB 16
c nbFailedLits 0, nbI 0, fixedVarsByFL 0, totalFixedVars 508, nbTested: 1001, counter 4042107
c nbFailedLits 0, nbI 0, fixedVarsByFL 0, totalFixedVars 508, nbTested: 1001, counter 4172572
c nbFailedLits 0, nbI 0, fixedVarsByFL 0, totalFixedVars 508, nbTested: 1001, counter 4358533
c ends of initiationization by VSIDS at 69966 conflicts with init -3

c DistQLDPC — QLDPC/CSS minimum distance (symplectic MaxSAT)
c solver: MaxCDCL, cardinality encoding: Sinz only
c Hx: data/matrices/TN_504_2_45_Hx.txt
c Hz: data/matrices/TN_504_2_45_Hz.txt
c Gx: data/matrices/TN_504_2_45_Gx.txt
c Gz: data/matrices/TN_504_2_45_Gz.txt
c Hx: 252 x 504, Hz: 252 x 504, Gx: 2 x 504, Gz: 2 x 504, logicals: 4
c d_lb: 8
c d_ub: -
c status: TIMEOUT (child killed after -cpu-lim)
c d  : UNKNOWN
s UNKNOWN
