c DistQLDPC — QLDPC/CSS minimum distance (symplectic MaxSAT)
c solver: MaxCDCL, cardinality encoding: off (soft-conflict only)
c Hx: data/matrices/TN_648_10_71_Hx.txt
c Hz: data/matrices/TN_648_10_71_Hz.txt
c Gx: data/matrices/TN_648_10_71_Gx.txt
c Gz: data/matrices/TN_648_10_71_Gz.txt
c Hx: 324 x 648, Hz: 324 x 648, Gx: 10 x 648, Gz: 10 x 648, logicals: 20
c Mono: 0, fixed: 0
c |  Eliminated clauses:           0.21 Mb                                      |
c Reduced to 5149 vars, 27770 cls (c/v ratio==5.4, grow=0)
c No iterative elimination performed. (vars=5149, c/v ratio=5.4)
c ============================[ Search Statistics ]==============================
c | Conflicts |          ORIGINAL         |          LEARNT          | Progress |
c |           |    Vars  Clauses Literals |    Limit  Clauses Lit/Cl |          |
c ===============================================================================
c nb soft clauses: 648, of which 648 unit, 0 nonUnit and 0 empty
c total nb of literals: 104148
c conflLits 0, conflLits2 0, nbFailedLits 0, fixedVarsBypreproc 0, totalFixedVars 668
c 1 conflict sets found with length 323
c fixedCost 0, nbSatLits 0, totalFixedVars 668, objForSearch: 648

c no UB provided, search from scratch...
c ends of initiationization by VSIDS at 0 conflicts with init 10000

c UB=1 fails, cnfls=0, hcnfls=0, core 0, tier2 0, local 0, quasiC: 0 (fixed: 0)
c prunedLB 0.00, dev 0.00, succRate 0.00, nbSucc 0, nbHardens 1 (fixed 648), lk: 1, shorten: 0, pureSo 0, nbFlyRd 0, nbFixedLH 0

c Cardinality: off (soft-conflict only), UB 2
c ***** top quasi confl at level 0*****
c ***** top quasi confl at level 0*****
c ends of initiationization by VSIDS at 449 conflicts with init 9551

c UB=2 fails, cnfls=449, hcnfls=419, core 4597, tier2 8, local 354, quasiC: 2 (fixed: 364)
c prunedLB 2.00, dev 0.00, succRate 0.60, nbSucc 3, nbHardens 395 (fixed 135525), lk: 5, shorten: 0, pureSo 28, nbFlyRd 19, nbFixedLH 0

c Cardinality: off (soft-conflict only), UB 4
c nbFailedLits 0, nbI 0, fixedVarsByFL 0, totalFixedVars 675, nbTested: 1001, counter 67248
c nbFailedLits 0, nbI 0, fixedVarsByFL 0, totalFixedVars 689, nbTested: 1001, counter 213847
c nbFailedLits 1, nbI 0, fixedVarsByFL 1, totalFixedVars 704, nbTested: 1455, counter 498954
c ends of initiationization by VSIDS at 10457 conflicts with init -8

c ***** top quasi confl at level 0*****
c LRB phase 1: conflicts 2123, phase 20000000, starts 13, UP 354167
c UB=4 fails, cnfls=12580, hcnfls=1696, core 17483, tier2 492, local 10726, quasiC: 831 (fixed: 135589)
c prunedLB 2.98, dev 0.66, succRate 0.81, nbSucc 9646, nbHardens 1065 (fixed 527054), lk: 11852, shorten: 0, pureSo 1237, nbFlyRd 110, nbFixedLH 176

c Cardinality: off (soft-conflict only), UB 8
c nbFailedLits 0, nbI 0, fixedVarsByFL 0, totalFixedVars 669, nbTested: 1001, counter 759301
c nbFailedLits 0, nbI 0, fixedVarsByFL 0, totalFixedVars 670, nbTested: 1001, counter 863617
c nbFailedLits 0, nbI 0, fixedVarsByFL 0, totalFixedVars 678, nbTested: 1001, counter 1071189
c ends of initiationization by VSIDS at 22580 conflicts with init 0

c DistQLDPC — QLDPC/CSS minimum distance (symplectic MaxSAT)
c solver: MaxCDCL, cardinality encoding: off (soft-conflict only)
c Hx: data/matrices/TN_648_10_71_Hx.txt
c Hz: data/matrices/TN_648_10_71_Hz.txt
c Gx: data/matrices/TN_648_10_71_Gx.txt
c Gz: data/matrices/TN_648_10_71_Gz.txt
c Hx: 324 x 648, Hz: 324 x 648, Gx: 10 x 648, Gz: 10 x 648, logicals: 20
c d_lb: 4
c d_ub: -
c status: TIMEOUT (child killed after -cpu-lim)
c d  : UNKNOWN
s UNKNOWN
