c DistQLDPC — QLDPC/CSS minimum distance (symplectic MaxSAT)
c solver: MaxCDCL, cardinality encoding: Sinz+MTO (default, Sinz if n<=100)
c Hx: data/matrices/TN_648_10_71_Hx.txt
c Hz: data/matrices/TN_648_10_71_Hz.txt
c Gx: data/matrices/TN_648_10_71_Gx.txt
c Gz: data/matrices/TN_648_10_71_Gz.txt
c Hx: 324 x 648, Hz: 324 x 648, Gx: 10 x 648, Gz: 10 x 648, logicals: 20
c Mono: 0, fixed: 0
c |  Eliminated clauses:           0.21 Mb                                      |
c Reduced to 5149 vars, 27770 cls (c/v ratio==5.4, grow=0)
c No iterative elimination performed. (vars=5149, c/v ratio=5.4)
c ============================[ Search Statistics ]==============================
c | Conflicts |          ORIGINAL         |          LEARNT          | Progress |
c |           |    Vars  Clauses Literals |    Limit  Clauses Lit/Cl |          |
c ===============================================================================
c nb soft clauses: 648, of which 648 unit, 0 nonUnit and 0 empty
c total nb of literals: 104148
c conflLits 0, conflLits2 0, nbFailedLits 0, fixedVarsBypreproc 0, totalFixedVars 668
c 1 conflict sets found with length 323
c fixedCost 0, nbSatLits 0, totalFixedVars 668, objForSearch: 648

c no UB provided, search from scratch...
c ends of initiationization by VSIDS at 0 conflicts with init 10000

c UB=1 fails, cnfls=0, hcnfls=0, core 0, tier2 0, local 0, quasiC: 0 (fixed: 0)
c prunedLB 0.00, dev 0.00, succRate 0.00, nbSucc 0, nbHardens 1 (fixed 648), lk: 1, shorten: 0, pureSo 0, nbFlyRd 0, nbFixedLH 0

c Cardinality: 1941 (Sinz+MTO) for UB 2
c ***** top quasi confl at level 0*****
c ends of initiationization by VSIDS at 33 conflicts with init 9967

c UB=2 fails, cnfls=33, hcnfls=33, core 19, tier2 5, local 11, quasiC: 1 (fixed: 155)
c prunedLB 0.00, dev 0.00, succRate 0.00, nbSucc 0, nbHardens 1 (fixed 803), lk: 1, shorten: 0, pureSo 0, nbFlyRd 1, nbFixedLH 0

c Cardinality: 4135 (Sinz+MTO) for UB 4
c nbFailedLits 0, nbI 0, fixedVarsByFL 0, totalFixedVars 671, nbTested: 1001, counter 37938
c nbFailedLits 0, nbI 0, fixedVarsByFL 0, totalFixedVars 682, nbTested: 1001, counter 201183
c nbFailedLits 0, nbI 1, fixedVarsByFL 1, totalFixedVars 707, nbTested: 1325, counter 471600
c ends of initiationization by VSIDS at 10037 conflicts with init -4

c LRB phase 1: conflicts 1065, phase 20000000, starts 7, UP 225347
c UB=4 fails, cnfls=11102, hcnfls=1357, core 14266, tier2 356, local 9480, quasiC: 694 (fixed: 113906)
c prunedLB 2.96, dev 0.66, succRate 0.82, nbSucc 8799, nbHardens 710 (fixed 427852), lk: 10667, shorten: 0, pureSo 947, nbFlyRd 77, nbFixedLH 146

c Cardinality: 5696 (Sinz+MTO) for UB 8
c nbFailedLits 0, nbI 0, fixedVarsByFL 0, totalFixedVars 668, nbTested: 1001, counter 670953
c nbFailedLits 0, nbI 0, fixedVarsByFL 0, totalFixedVars 669, nbTested: 1001, counter 795935
c nbFailedLits 0, nbI 0, fixedVarsByFL 0, totalFixedVars 689, nbTested: 1001, counter 984242
c ends of initiationization by VSIDS at 21125 conflicts with init -23

c DistQLDPC — QLDPC/CSS minimum distance (symplectic MaxSAT)
c solver: MaxCDCL, cardinality encoding: Sinz+MTO (default, Sinz if n<=100)
c Hx: data/matrices/TN_648_10_71_Hx.txt
c Hz: data/matrices/TN_648_10_71_Hz.txt
c Gx: data/matrices/TN_648_10_71_Gx.txt
c Gz: data/matrices/TN_648_10_71_Gz.txt
c Hx: 324 x 648, Hz: 324 x 648, Gx: 10 x 648, Gz: 10 x 648, logicals: 20
c d_lb: 4
c d_ub: -
c status: TIMEOUT (child killed after -cpu-lim)
c d  : UNKNOWN
s UNKNOWN
