c DistQLDPC — QLDPC/CSS minimum distance (symplectic MaxSAT)
c solver: MaxCDCL, cardinality encoding: Sinz only
c Hx: data/matrices/TN_648_14_50_Hx.txt
c Hz: data/matrices/TN_648_14_50_Hz.txt
c Gx: data/matrices/TN_648_14_50_Gx.txt
c Gz: data/matrices/TN_648_14_50_Gz.txt
c Hx: 324 x 648, Hz: 324 x 648, Gx: 14 x 648, Gz: 14 x 648, logicals: 28
c Mono: 0, fixed: 0
c |  Eliminated clauses:           0.23 Mb                                      |
c Reduced to 5591 vars, 30842 cls (c/v ratio==5.5, grow=0)
c No iterative elimination performed. (vars=5591, c/v ratio=5.5)
c ============================[ Search Statistics ]==============================
c | Conflicts |          ORIGINAL         |          LEARNT          | Progress |
c |           |    Vars  Clauses Literals |    Limit  Clauses Lit/Cl |          |
c ===============================================================================
c nb soft clauses: 648, of which 648 unit, 0 nonUnit and 0 empty
c total nb of literals: 115980
c conflLits 0, conflLits2 0, nbFailedLits 0, fixedVarsBypreproc 0, totalFixedVars 676
c 1 conflict sets found with length 329
c fixedCost 0, nbSatLits 0, totalFixedVars 676, objForSearch: 648

c no UB provided, search from scratch...
c ends of initiationization by VSIDS at 0 conflicts with init 10000

c UB=1 fails, cnfls=0, hcnfls=0, core 0, tier2 0, local 0, quasiC: 0 (fixed: 0)
c prunedLB 0.00, dev 0.00, succRate 0.00, nbSucc 0, nbHardens 1 (fixed 648), lk: 1, shorten: 0, pureSo 0, nbFlyRd 0, nbFixedLH 0

c Cardinality: 1940 (Sinz) for UB 2
c ***** top quasi confl at level 0*****
c ends of initiationization by VSIDS at 118 conflicts with init 9882

c UB=2 fails, cnfls=118, hcnfls=118, core 26, tier2 12, local 91, quasiC: 1 (fixed: 153)
c prunedLB 0.00, dev 0.00, succRate 0.00, nbSucc 0, nbHardens 1 (fixed 801), lk: 1, shorten: 0, pureSo 0, nbFlyRd 6, nbFixedLH 0

c Cardinality: 4518 (Sinz) for UB 4
c nbFailedLits 3, nbI 0, fixedVarsByFL 146, totalFixedVars 823, nbTested: 2550, counter 192986
c nbFailedLits 16, nbI 3, fixedVarsByFL 356, totalFixedVars 1499, nbTested: 3609, counter 867565
c ***** top quasi confl at level 0*****
c ends of initiationization by VSIDS at 5483 conflicts with init 4635

c UB=4 fails, cnfls=5483, hcnfls=3442, core 1778, tier2 114, local 3558, quasiC: 291 (fixed: 35628)
c prunedLB 3.38, dev 0.61, succRate 0.69, nbSucc 2042, nbHardens 1 (fixed 36276), lk: 2966, shorten: 0, pureSo 0, nbFlyRd 62, nbFixedLH 88

c Cardinality: 9650 (Sinz) for UB 8
c nbFailedLits 0, nbI 0, fixedVarsByFL 0, totalFixedVars 679, nbTested: 1001, counter 1295470
c nbFailedLits 0, nbI 0, fixedVarsByFL 0, totalFixedVars 684, nbTested: 1001, counter 1446282
c nbFailedLits 0, nbI 0, fixedVarsByFL 0, totalFixedVars 693, nbTested: 1001, counter 1686326
c ends of initiationization by VSIDS at 15491 conflicts with init -8

c nbFailedLits 0, nbI 0, fixedVarsByFL 0, totalFixedVars 713, nbTested: 1001, counter 2237763
c nbFailedLits 0, nbI 0, fixedVarsByFL 0, totalFixedVars 770, nbTested: 1001, counter 2841975
c LRB phase 1: conflicts 23711, phase 20000000, starts 82, UP 20059637
c DistQLDPC — QLDPC/CSS minimum distance (symplectic MaxSAT)
c solver: MaxCDCL, cardinality encoding: Sinz only
c Hx: data/matrices/TN_648_14_50_Hx.txt
c Hz: data/matrices/TN_648_14_50_Hz.txt
c Gx: data/matrices/TN_648_14_50_Gx.txt
c Gz: data/matrices/TN_648_14_50_Gz.txt
c Hx: 324 x 648, Hz: 324 x 648, Gx: 14 x 648, Gz: 14 x 648, logicals: 28
c d_lb: 4
c d_ub: -
c status: TIMEOUT (child killed after -cpu-lim)
c d  : UNKNOWN
s UNKNOWN
