c DistQLDPC — QLDPC/CSS minimum distance (symplectic MaxSAT)
c solver: MaxCDCL, cardinality encoding: Sinz only
c Hx: data/matrices/TN_612_2_52_Hx.txt
c Hz: data/matrices/TN_612_2_52_Hz.txt
c Gx: data/matrices/TN_612_2_52_Gx.txt
c Gz: data/matrices/TN_612_2_52_Gz.txt
c Hx: 306 x 612, Hz: 306 x 612, Gx: 2 x 612, Gz: 2 x 612, logicals: 4
c Mono: 0, fixed: 0
c |  Eliminated clauses:           0.15 Mb                                      |
c Reduced to 4139 vars, 20558 cls (c/v ratio==5.0, grow=0)
c No iterative elimination performed. (vars=4139, c/v ratio=5.0)
c ============================[ Search Statistics ]==============================
c | Conflicts |          ORIGINAL         |          LEARNT          | Progress |
c |           |    Vars  Clauses Literals |    Limit  Clauses Lit/Cl |          |
c ===============================================================================
c nb soft clauses: 612, of which 612 unit, 0 nonUnit and 0 empty
c total nb of literals: 75792
c conflLits 0, conflLits2 0, nbFailedLits 0, fixedVarsBypreproc 0, totalFixedVars 616
c 1 conflict sets found with length 217
c fixedCost 0, nbSatLits 0, totalFixedVars 616, objForSearch: 612

c no UB provided, search from scratch...
c ends of initiationization by VSIDS at 0 conflicts with init 10000

c UB=1 fails, cnfls=0, hcnfls=0, core 0, tier2 0, local 0, quasiC: 0 (fixed: 0)
c prunedLB 0.00, dev 0.00, succRate 0.00, nbSucc 0, nbHardens 1 (fixed 612), lk: 1, shorten: 0, pureSo 0, nbFlyRd 0, nbFixedLH 0

c Cardinality: 1832 (Sinz) for UB 2
c ***** top quasi confl at level 0*****
c ends of initiationization by VSIDS at 36 conflicts with init 9964

c UB=2 fails, cnfls=36, hcnfls=36, core 6, tier2 0, local 27, quasiC: 1 (fixed: 162)
c prunedLB 0.00, dev 0.00, succRate 0.00, nbSucc 0, nbHardens 1 (fixed 774), lk: 1, shorten: 0, pureSo 0, nbFlyRd 2, nbFixedLH 0

c Cardinality: 4266 (Sinz) for UB 4
c nbFailedLits 13, nbI 85, fixedVarsByFL 167, totalFixedVars 793, nbTested: 2236, counter 204996
c nbFailedLits 0, nbI 201, fixedVarsByFL 201, totalFixedVars 1001, nbTested: 1857, counter 836900
c ***** top quasi confl at level 0*****
c ends of initiationization by VSIDS at 6517 conflicts with init 3519

c UB=4 fails, cnfls=6517, hcnfls=3682, core 3234, tier2 239, local 4707, quasiC: 353 (fixed: 43261)
c prunedLB 3.36, dev 0.59, succRate 0.70, nbSucc 2836, nbHardens 1 (fixed 43873), lk: 4031, shorten: 0, pureSo 0, nbFlyRd 62, nbFixedLH 97

c Cardinality: 9110 (Sinz) for UB 8
c nbFailedLits 0, nbI 0, fixedVarsByFL 0, totalFixedVars 621, nbTested: 1001, counter 1480628
c nbFailedLits 0, nbI 0, fixedVarsByFL 0, totalFixedVars 625, nbTested: 1001, counter 1595791
c nbFailedLits 0, nbI 0, fixedVarsByFL 0, totalFixedVars 635, nbTested: 1001, counter 1841871
c ends of initiationization by VSIDS at 16562 conflicts with init -45

c nbFailedLits 0, nbI 0, fixedVarsByFL 0, totalFixedVars 685, nbTested: 1001, counter 2288203
c nbFailedLits 0, nbI 0, fixedVarsByFL 0, totalFixedVars 715, nbTested: 1001, counter 2945244
c LRB phase 1: conflicts 26002, phase 20000000, starts 92, UP 20296105
c DistQLDPC — QLDPC/CSS minimum distance (symplectic MaxSAT)
c solver: MaxCDCL, cardinality encoding: Sinz only
c Hx: data/matrices/TN_612_2_52_Hx.txt
c Hz: data/matrices/TN_612_2_52_Hz.txt
c Gx: data/matrices/TN_612_2_52_Gx.txt
c Gz: data/matrices/TN_612_2_52_Gz.txt
c Hx: 306 x 612, Hz: 306 x 612, Gx: 2 x 612, Gz: 2 x 612, logicals: 4
c d_lb: 4
c d_ub: -
c status: TIMEOUT (child killed after -cpu-lim)
c d  : UNKNOWN
s UNKNOWN
