c DistQLDPC — QLDPC/CSS minimum distance (symplectic MaxSAT)
c solver: MaxCDCL, cardinality encoding: off (soft-conflict only)
c Hx: data/matrices/TN_612_2_52_Hx.txt
c Hz: data/matrices/TN_612_2_52_Hz.txt
c Gx: data/matrices/TN_612_2_52_Gx.txt
c Gz: data/matrices/TN_612_2_52_Gz.txt
c Hx: 306 x 612, Hz: 306 x 612, Gx: 2 x 612, Gz: 2 x 612, logicals: 4
c Mono: 0, fixed: 0
c |  Eliminated clauses:           0.15 Mb                                      |
c Reduced to 4139 vars, 20558 cls (c/v ratio==5.0, grow=0)
c No iterative elimination performed. (vars=4139, c/v ratio=5.0)
c ============================[ Search Statistics ]==============================
c | Conflicts |          ORIGINAL         |          LEARNT          | Progress |
c |           |    Vars  Clauses Literals |    Limit  Clauses Lit/Cl |          |
c ===============================================================================
c nb soft clauses: 612, of which 612 unit, 0 nonUnit and 0 empty
c total nb of literals: 75792
c conflLits 0, conflLits2 0, nbFailedLits 0, fixedVarsBypreproc 0, totalFixedVars 616
c 1 conflict sets found with length 217
c fixedCost 0, nbSatLits 0, totalFixedVars 616, objForSearch: 612

c no UB provided, search from scratch...
c ends of initiationization by VSIDS at 0 conflicts with init 10000

c UB=1 fails, cnfls=0, hcnfls=0, core 0, tier2 0, local 0, quasiC: 0 (fixed: 0)
c prunedLB 0.00, dev 0.00, succRate 0.00, nbSucc 0, nbHardens 1 (fixed 612), lk: 1, shorten: 0, pureSo 0, nbFlyRd 0, nbFixedLH 0

c Cardinality: off (soft-conflict only), UB 2
c ***** top quasi confl at level 0*****
c ends of initiationization by VSIDS at 325 conflicts with init 9675

c UB=2 fails, cnfls=325, hcnfls=288, core 1825, tier2 2, local 232, quasiC: 1 (fixed: 162)
c prunedLB 2.00, dev 0.00, succRate 0.80, nbSucc 4, nbHardens 258 (fixed 98722), lk: 5, shorten: 0, pureSo 33, nbFlyRd 18, nbFixedLH 0

c Cardinality: off (soft-conflict only), UB 4
c nbFailedLits 0, nbI 0, fixedVarsByFL 0, totalFixedVars 616, nbTested: 1001, counter 58406
c nbFailedLits 1, nbI 0, fixedVarsByFL 1, totalFixedVars 624, nbTested: 1725, counter 216898
c nbFailedLits 0, nbI 0, fixedVarsByFL 0, totalFixedVars 659, nbTested: 1001, counter 472422
c ends of initiationization by VSIDS at 10335 conflicts with init -10

c LRB phase 1: conflicts 1349, phase 20000000, starts 9, UP 196270
c UB=4 fails, cnfls=11684, hcnfls=1371, core 8326, tier2 117, local 9745, quasiC: 827 (fixed: 132260)
c prunedLB 3.00, dev 0.65, succRate 0.81, nbSucc 9283, nbHardens 853 (fixed 454094), lk: 11394, shorten: 0, pureSo 1027, nbFlyRd 82, nbFixedLH 144

c Cardinality: off (soft-conflict only), UB 8
c nbFailedLits 0, nbI 0, fixedVarsByFL 0, totalFixedVars 616, nbTested: 1001, counter 643657
c nbFailedLits 0, nbI 0, fixedVarsByFL 0, totalFixedVars 618, nbTested: 1001, counter 740682
c nbFailedLits 0, nbI 0, fixedVarsByFL 0, totalFixedVars 623, nbTested: 1001, counter 945324
c ends of initiationization by VSIDS at 21724 conflicts with init -40

c DistQLDPC — QLDPC/CSS minimum distance (symplectic MaxSAT)
c solver: MaxCDCL, cardinality encoding: off (soft-conflict only)
c Hx: data/matrices/TN_612_2_52_Hx.txt
c Hz: data/matrices/TN_612_2_52_Hz.txt
c Gx: data/matrices/TN_612_2_52_Gx.txt
c Gz: data/matrices/TN_612_2_52_Gz.txt
c Hx: 306 x 612, Hz: 306 x 612, Gx: 2 x 612, Gz: 2 x 612, logicals: 4
c d_lb: 4
c d_ub: -
c status: TIMEOUT (child killed after -cpu-lim)
c d  : UNKNOWN
s UNKNOWN
