c DistQLDPC — QLDPC/CSS minimum distance (symplectic MaxSAT)
c solver: MaxCDCL, cardinality encoding: Sinz only
c Hx: data/matrices/TN_72_14_4_Hx.txt
c Hz: data/matrices/TN_72_14_4_Hz.txt
c Gx: data/matrices/TN_72_14_4_Gx.txt
c Gz: data/matrices/TN_72_14_4_Gz.txt
c Hx: 32 x 72, Hz: 32 x 72, Gx: 14 x 72, Gz: 14 x 72, logicals: 28
c Mono: 0, fixed: 0
c |  Eliminated clauses:           0.01 Mb                                      |
c Reduced to 441 vars, 1882 cls (c/v ratio==4.3, grow=0)
c No iterative elimination performed. (vars=441, c/v ratio=4.3)
c ============================[ Search Statistics ]==============================
c | Conflicts |          ORIGINAL         |          LEARNT          | Progress |
c |           |    Vars  Clauses Literals |    Limit  Clauses Lit/Cl |          |
c ===============================================================================
c nb soft clauses: 72, of which 72 unit, 0 nonUnit and 0 empty
c total nb of literals: 6684
c conflLits 0, conflLits2 0, nbFailedLits 0, fixedVarsBypreproc 0, totalFixedVars 92
c 1 conflict sets found with length 51
c fixedCost 0, nbSatLits 0, totalFixedVars 92, objForSearch: 72

c no UB provided, search from scratch...
c ends of initiationization by VSIDS at 0 conflicts with init 10000

c UB=1 fails, cnfls=0, hcnfls=0, core 0, tier2 0, local 0, quasiC: 0 (fixed: 0)
c prunedLB 0.00, dev 0.00, succRate 0.00, nbSucc 0, nbHardens 1 (fixed 72), lk: 1, shorten: 0, pureSo 0, nbFlyRd 0, nbFixedLH 0

c Cardinality: 212 (Sinz) for UB 2
c ***** top quasi confl at level 0*****
c ends of initiationization by VSIDS at 25 conflicts with init 9975

c UB=2 fails, cnfls=25, hcnfls=25, core 12, tier2 4, local 10, quasiC: 1 (fixed: 19)
c prunedLB 0.00, dev 0.00, succRate 0.00, nbSucc 0, nbHardens 1 (fixed 91), lk: 1, shorten: 0, pureSo 0, nbFlyRd 6, nbFixedLH 0

c Cardinality: 486 (Sinz) for UB 4
c nbFailedLits 3, nbI 0, fixedVarsByFL 39, totalFixedVars 140, nbTested: 606, counter 40960
c ***** top quasi confl at level 0*****
c ***** 
c ends of initiationization by VSIDS at 1161 conflicts with init 8864

c UB=4 fails, cnfls=1161, hcnfls=1012, core 518, tier2 13, local 599, quasiC: 24 (fixed: 380)
c prunedLB 2.89, dev 0.76, succRate 0.62, nbSucc 149, nbHardens 1 (fixed 452), lk: 240, shorten: 0, pureSo 0, nbFlyRd 36, nbFixedLH 21

c Cardinality: 1010 (Sinz) for UB 8
c UB=8 succs, confls=1220, hconfls=1015, core 4, tier2 24, local 34,  6 soft cls unsat (0 at L0), 92 fixed vars at L0, softCnfl 0, nbFlyRd 39, nbFixedLH 23
c nbHardens 1 (fixed 581), shorten: 0, prunedLB 4.48, dev 0.80, succRate 0.79, nbSucc 56, lk: 71, shorten: 0, quasiC: 27 (fixed: 509)

c ends of initiationization by VSIDS at 1220 conflicts with init 9941


c Cardinality: 752 (Sinz) for UB 6
c UB=6 succs, confls=1221, hconfls=1016, core 4, tier2 24, local 35,  4 soft cls unsat (0 at L0), 92 fixed vars at L0, softCnfl 0, nbFlyRd 39, nbFixedLH 23
c nbHardens 1 (fixed 581), shorten: 0, prunedLB 0.00, dev 0.00, succRate 0.00, nbSucc 0, lk: 1, shorten: 0, quasiC: 27 (fixed: 509)

c LRB phase 1: conflicts 1, phase 20000000, starts 1, UP 1277
c UB=4 fails, cnfls=1221, hcnfls=1016, core 4, tier2 24, local 35, quasiC: 27 (fixed: 509)
c prunedLB 0.00, dev 0.00, succRate 0.00, nbSucc 0, nbHardens 1 (fixed 581), lk: 0, shorten: 0, pureSo 0, nbFlyRd 39, nbFixedLH 23
c ===============================================================================
c initCost: 0, fixedBySearch: 0, optimal: 4, maxsat: 68, hardConflicts: 1016
c nbLK: 314, nbSuccLK: 205(65.29%), nbLKup: 111133(92.95%), hardens 1 (fixed 581), dynVars 821, shorten: 0
c MaxSAT: OPTIMAL, Pauli weight 4 (reported cost 4), vars 1573 (base 244 + aux 508)
c DistQLDPC — QLDPC/CSS minimum distance (symplectic MaxSAT)
c solver: MaxCDCL, cardinality encoding: Sinz only
c Hx: data/matrices/TN_72_14_4_Hx.txt
c Hz: data/matrices/TN_72_14_4_Hz.txt
c Gx: data/matrices/TN_72_14_4_Gx.txt
c Gz: data/matrices/TN_72_14_4_Gz.txt
c Hx: 32 x 72, Hz: 32 x 72, Gx: 14 x 72, Gz: 14 x 72, logicals: 28
c d_lb: 4
c d_ub: 4
c d  : 4
o 4
