c DistQLDPC — QLDPC/CSS minimum distance (symplectic MaxSAT)
c solver: MaxCDCL, cardinality encoding: Sinz+MTO (default, Sinz if n<=100)
c Hx: data/matrices/TN_72_14_4_Hx.txt
c Hz: data/matrices/TN_72_14_4_Hz.txt
c Gx: data/matrices/TN_72_14_4_Gx.txt
c Gz: data/matrices/TN_72_14_4_Gz.txt
c Hx: 32 x 72, Hz: 32 x 72, Gx: 14 x 72, Gz: 14 x 72, logicals: 28
c Mono: 0, fixed: 0
c |  Eliminated clauses:           0.01 Mb                                      |
c Reduced to 441 vars, 1882 cls (c/v ratio==4.3, grow=0)
c No iterative elimination performed. (vars=441, c/v ratio=4.3)
c ============================[ Search Statistics ]==============================
c | Conflicts |          ORIGINAL         |          LEARNT          | Progress |
c |           |    Vars  Clauses Literals |    Limit  Clauses Lit/Cl |          |
c ===============================================================================
c nb soft clauses: 72, of which 72 unit, 0 nonUnit and 0 empty
c total nb of literals: 6684
c conflLits 0, conflLits2 0, nbFailedLits 0, fixedVarsBypreproc 0, totalFixedVars 92
c 1 conflict sets found with length 51
c fixedCost 0, nbSatLits 0, totalFixedVars 92, objForSearch: 72

c no UB provided, search from scratch...
c ends of initiationization by VSIDS at 0 conflicts with init 10000

c UB=1 fails, cnfls=0, hcnfls=0, core 0, tier2 0, local 0, quasiC: 0 (fixed: 0)
c prunedLB 0.00, dev 0.00, succRate 0.00, nbSucc 0, nbHardens 1 (fixed 72), lk: 1, shorten: 0, pureSo 0, nbFlyRd 0, nbFixedLH 0

c Cardinality: 425 (Sinz+MTO) for UB 2
c ***** top quasi confl at level 0*****
c ends of initiationization by VSIDS at 10 conflicts with init 9990

c UB=2 fails, cnfls=10, hcnfls=10, core 7, tier2 0, local 0, quasiC: 1 (fixed: 19)
c prunedLB 0.00, dev 0.00, succRate 0.00, nbSucc 0, nbHardens 1 (fixed 91), lk: 1, shorten: 0, pureSo 0, nbFlyRd 2, nbFixedLH 0

c Cardinality: 941 (Sinz+MTO) for UB 4
c ***** top quasi confl at level 0*****
c ends of initiationization by VSIDS at 543 conflicts with init 9467

c UB=4 fails, cnfls=543, hcnfls=472, core 143, tier2 12, local 16, quasiC: 22 (fixed: 247)
c prunedLB 3.19, dev 0.57, succRate 0.47, nbSucc 72, nbHardens 1 (fixed 319), lk: 152, shorten: 0, pureSo 0, nbFlyRd 17, nbFixedLH 18

c Cardinality: 1626 (Sinz+MTO) for UB 8
c UB=8 succs, confls=626, hconfls=497, core 60, tier2 38, local 5,  6 soft cls unsat (0 at L0), 92 fixed vars at L0, softCnfl 0, nbFlyRd 19, nbFixedLH 19
c nbHardens 1 (fixed 374), shorten: 0, prunedLB 3.86, dev 0.43, succRate 0.73, nbSucc 58, lk: 79, shorten: 0, quasiC: 25 (fixed: 302)

c ends of initiationization by VSIDS at 626 conflicts with init 9917


c Cardinality: 1369 (Sinz+MTO) for UB 6
c UB=6 succs, confls=840, hconfls=656, core 164, tier2 64, local 102,  4 soft cls unsat (0 at L0), 92 fixed vars at L0, softCnfl 0, nbFlyRd 26, nbFixedLH 36
c nbHardens 1 (fixed 645), shorten: 0, prunedLB 3.71, dev 1.02, succRate 0.29, nbSucc 55, lk: 190, shorten: 0, quasiC: 40 (fixed: 573)

c LRB phase 1: conflicts 214, phase 20000000, starts 3, UP 33250
c UB=4 fails, cnfls=840, hcnfls=656, core 164, tier2 64, local 102, quasiC: 40 (fixed: 573)
c prunedLB 0.00, dev 0.00, succRate 0.00, nbSucc 0, nbHardens 1 (fixed 645), lk: 0, shorten: 0, pureSo 0, nbFlyRd 26, nbFixedLH 36
c ===============================================================================
c initCost: 0, fixedBySearch: 0, optimal: 4, maxsat: 68, hardConflicts: 656
c nbLK: 423, nbSuccLK: 185(43.74%), nbLKup: 151558(162.41%), hardens 1 (fixed 645), dynVars 1403, shorten: 0
c MaxSAT: OPTIMAL, Pauli weight 4 (reported cost 4), vars 2155 (base 244 + aux 508)
c DistQLDPC — QLDPC/CSS minimum distance (symplectic MaxSAT)
c solver: MaxCDCL, cardinality encoding: Sinz+MTO (default, Sinz if n<=100)
c Hx: data/matrices/TN_72_14_4_Hx.txt
c Hz: data/matrices/TN_72_14_4_Hz.txt
c Gx: data/matrices/TN_72_14_4_Gx.txt
c Gz: data/matrices/TN_72_14_4_Gz.txt
c Hx: 32 x 72, Hz: 32 x 72, Gx: 14 x 72, Gz: 14 x 72, logicals: 28
c d_lb: 4
c d_ub: 4
c d  : 4
o 4
