c DistQLDPC — QLDPC/CSS minimum distance (symplectic MaxSAT)
c solver: MaxCDCL, cardinality encoding: MTO only
c Hx: data/matrices/xu_30_Hx.txt
c Hz: data/matrices/xu_30_Hz.txt
c Gx: data/matrices/xu_30_Gx.txt
c Gz: data/matrices/xu_30_Gz.txt
c Hx: 450 x 1020, Hz: 450 x 1020, Gx: 136 x 1020, Gz: 136 x 1020, logicals: 272
c Mono: 0, fixed: 0
c |  Eliminated clauses:           0.56 Mb                                      |
c Reduced to 12968 vars, 75718 cls (c/v ratio==5.8, grow=0)
c |  Eliminated clauses:           0.56 Mb                                      |
c No. effective iterative eliminations: 0
c ============================[ Search Statistics ]==============================
c | Conflicts |          ORIGINAL         |          LEARNT          | Progress |
c |           |    Vars  Clauses Literals |    Limit  Clauses Lit/Cl |          |
c ===============================================================================
c nb soft clauses: 1020, of which 1020 unit, 0 nonUnit and 0 empty
c total nb of literals: 286268
c conflLits 0, conflLits2 0, nbFailedLits 0, fixedVarsBypreproc 0, totalFixedVars 1172
c 1 conflict sets found with length 617
c fixedCost 0, nbSatLits 0, totalFixedVars 1172, objForSearch: 1020

c no UB provided, search from scratch...
c ends of initiationization by VSIDS at 0 conflicts with init 10000

c UB=1 fails, cnfls=0, hcnfls=0, core 0, tier2 0, local 0, quasiC: 0 (fixed: 0)
c prunedLB 0.00, dev 0.00, succRate 0.00, nbSucc 0, nbHardens 1 (fixed 1020), lk: 1, shorten: 0, pureSo 0, nbFlyRd 0, nbFixedLH 0

c Cardinality: 3057 (MTO) for UB 2
c ***** top quasi confl at level 0*****
c ends of initiationization by VSIDS at 79 conflicts with init 9921

c UB=2 fails, cnfls=79, hcnfls=79, core 48, tier2 4, local 30, quasiC: 1 (fixed: 148)
c prunedLB 0.00, dev 0.00, succRate 0.00, nbSucc 0, nbHardens 1 (fixed 1168), lk: 1, shorten: 0, pureSo 0, nbFlyRd 8, nbFixedLH 0

c Cardinality: 6619 (MTO) for UB 4
c nbFailedLits 0, nbI 0, fixedVarsByFL 0, totalFixedVars 1186, nbTested: 1001, counter 89398
c nbFailedLits 0, nbI 1, fixedVarsByFL 1, totalFixedVars 1206, nbTested: 1740, counter 284946
c nbFailedLits 0, nbI 0, fixedVarsByFL 0, totalFixedVars 1238, nbTested: 1001, counter 662536
c ends of initiationization by VSIDS at 10081 conflicts with init -2

c ***** top quasi confl at level 0*****
c LRB phase 1: conflicts 3146, phase 20000000, starts 15, UP 2692983
c UB=4 fails, cnfls=13227, hcnfls=1932, core 18070, tier2 344, local 11286, quasiC: 944 (fixed: 210757)
c prunedLB 3.08, dev 0.67, succRate 0.80, nbSucc 10065, nbHardens 765 (fixed 659881), lk: 12553, shorten: 0, pureSo 1231, nbFlyRd 37, nbFixedLH 138

c Cardinality: 8912 (MTO) for UB 8
c nbFailedLits 0, nbI 0, fixedVarsByFL 0, totalFixedVars 1172, nbTested: 1001, counter 1484455
c nbFailedLits 0, nbI 0, fixedVarsByFL 0, totalFixedVars 1176, nbTested: 1001, counter 1624915
c nbFailedLits 0, nbI 0, fixedVarsByFL 0, totalFixedVars 1189, nbTested: 1001, counter 1919875
c ends of initiationization by VSIDS at 23250 conflicts with init -23

c DistQLDPC — QLDPC/CSS minimum distance (symplectic MaxSAT)
c solver: MaxCDCL, cardinality encoding: MTO only
c Hx: data/matrices/xu_30_Hx.txt
c Hz: data/matrices/xu_30_Hz.txt
c Gx: data/matrices/xu_30_Gx.txt
c Gz: data/matrices/xu_30_Gz.txt
c Hx: 450 x 1020, Hz: 450 x 1020, Gx: 136 x 1020, Gz: 136 x 1020, logicals: 272
c d_lb: 4
c d_ub: -
c status: TIMEOUT (child killed after -cpu-lim)
c d  : UNKNOWN
s UNKNOWN
