c DistQLDPC — QLDPC/CSS minimum distance (symplectic MaxSAT)
c solver: MaxCDCL, cardinality encoding: Sinz only
c Hx: data/matrices/xu_42_Hx.txt
c Hz: data/matrices/xu_42_Hz.txt
c Gx: data/matrices/xu_42_Gx.txt
c Gz: data/matrices/xu_42_Gz.txt
c Hx: 630 x 1428, Hz: 630 x 1428, Gx: 184 x 1428, Gz: 184 x 1428, logicals: 368
c Mono: 0, fixed: 0
c |  Eliminated clauses:           0.96 Mb                                      |
c Reduced to 21654 vars, 130062 cls (c/v ratio==6.0, grow=0)
c |  Eliminated clauses:           0.96 Mb                                      |
c No. effective iterative eliminations: 0
c ============================[ Search Statistics ]==============================
c | Conflicts |          ORIGINAL         |          LEARNT          | Progress |
c |           |    Vars  Clauses Literals |    Limit  Clauses Lit/Cl |          |
c ===============================================================================
c nb soft clauses: 1428, of which 1428 unit, 0 nonUnit and 0 empty
c total nb of literals: 493060
c conflLits 0, conflLits2 0, nbFailedLits 0, fixedVarsBypreproc 0, totalFixedVars 1628
c 1 conflict sets found with length 879
c fixedCost 0, nbSatLits 0, totalFixedVars 1628, objForSearch: 1428

c no UB provided, search from scratch...
c ends of initiationization by VSIDS at 0 conflicts with init 10000

c UB=1 fails, cnfls=0, hcnfls=0, core 0, tier2 0, local 0, quasiC: 0 (fixed: 0)
c prunedLB 0.00, dev 0.00, succRate 0.00, nbSucc 0, nbHardens 1 (fixed 1428), lk: 1, shorten: 0, pureSo 0, nbFlyRd 0, nbFixedLH 0

c Cardinality: 4280 (Sinz) for UB 2
c ***** top quasi confl at level 0*****
c ends of initiationization by VSIDS at 259 conflicts with init 9741

c UB=2 fails, cnfls=259, hcnfls=253, core 57, tier2 13, local 188, quasiC: 1 (fixed: 203)
c prunedLB 2.00, dev 0.00, succRate 0.88, nbSucc 7, nbHardens 1 (fixed 1631), lk: 8, shorten: 0, pureSo 0, nbFlyRd 13, nbFixedLH 0

c Cardinality: 9978 (Sinz) for UB 4
c nbFailedLits 0, nbI 1, fixedVarsByFL 1, totalFixedVars 1640, nbTested: 1272, counter 343311
c nbFailedLits 0, nbI 0, fixedVarsByFL 0, totalFixedVars 1645, nbTested: 1001, counter 1189823
c nbFailedLits 1, nbI 0, fixedVarsByFL 1, totalFixedVars 1657, nbTested: 1213, counter 2863226
c ends of initiationization by VSIDS at 10322 conflicts with init -63

c nbFailedLits 0, nbI 0, fixedVarsByFL 0, totalFixedVars 1661, nbTested: 1001, counter 7535093
c LRB phase 1: conflicts 7604, phase 20000000, starts 31, UP 17388840
c UB=4 fails, cnfls=17926, hcnfls=9773, core 4474, tier2 70, local 7589, quasiC: 1067 (fixed: 267592)
c prunedLB 3.44, dev 0.61, succRate 0.70, nbSucc 8148, nbHardens 1 (fixed 269020), lk: 11685, shorten: 0, pureSo 0, nbFlyRd 55, nbFixedLH 234
c DistQLDPC — QLDPC/CSS minimum distance (symplectic MaxSAT)
c solver: MaxCDCL, cardinality encoding: Sinz only
c Hx: data/matrices/xu_42_Hx.txt
c Hz: data/matrices/xu_42_Hz.txt
c Gx: data/matrices/xu_42_Gx.txt
c Gz: data/matrices/xu_42_Gz.txt
c Hx: 630 x 1428, Hz: 630 x 1428, Gx: 184 x 1428, Gz: 184 x 1428, logicals: 368
c d_lb: 4
c d_ub: -
c status: TIMEOUT (child killed after -cpu-lim)
c d  : UNKNOWN
s UNKNOWN
