c DistQLDPC — QLDPC/CSS minimum distance (symplectic MaxSAT)
c solver: MaxCDCL, cardinality encoding: MTO only
c Hx: data/matrices/xu_42_Hx.txt
c Hz: data/matrices/xu_42_Hz.txt
c Gx: data/matrices/xu_42_Gx.txt
c Gz: data/matrices/xu_42_Gz.txt
c Hx: 630 x 1428, Hz: 630 x 1428, Gx: 184 x 1428, Gz: 184 x 1428, logicals: 368
c Mono: 0, fixed: 0
c |  Eliminated clauses:           0.96 Mb                                      |
c Reduced to 21654 vars, 130062 cls (c/v ratio==6.0, grow=0)
c |  Eliminated clauses:           0.96 Mb                                      |
c No. effective iterative eliminations: 0
c ============================[ Search Statistics ]==============================
c | Conflicts |          ORIGINAL         |          LEARNT          | Progress |
c |           |    Vars  Clauses Literals |    Limit  Clauses Lit/Cl |          |
c ===============================================================================
c nb soft clauses: 1428, of which 1428 unit, 0 nonUnit and 0 empty
c total nb of literals: 493060
c conflLits 0, conflLits2 0, nbFailedLits 0, fixedVarsBypreproc 0, totalFixedVars 1628
c 1 conflict sets found with length 879
c fixedCost 0, nbSatLits 0, totalFixedVars 1628, objForSearch: 1428

c no UB provided, search from scratch...
c ends of initiationization by VSIDS at 0 conflicts with init 10000

c UB=1 fails, cnfls=0, hcnfls=0, core 0, tier2 0, local 0, quasiC: 0 (fixed: 0)
c prunedLB 0.00, dev 0.00, succRate 0.00, nbSucc 0, nbHardens 1 (fixed 1428), lk: 1, shorten: 0, pureSo 0, nbFlyRd 0, nbFixedLH 0

c Cardinality: 4281 (MTO) for UB 2
c ***** top quasi confl at level 0*****
c ends of initiationization by VSIDS at 67 conflicts with init 9933

c UB=2 fails, cnfls=67, hcnfls=67, core 39, tier2 3, local 32, quasiC: 1 (fixed: 203)
c prunedLB 0.00, dev 0.00, succRate 0.00, nbSucc 0, nbHardens 1 (fixed 1631), lk: 1, shorten: 0, pureSo 0, nbFlyRd 1, nbFixedLH 0

c Cardinality: 9071 (MTO) for UB 4
c nbFailedLits 0, nbI 0, fixedVarsByFL 0, totalFixedVars 1628, nbTested: 1001, counter 117674
c nbFailedLits 0, nbI 0, fixedVarsByFL 0, totalFixedVars 1636, nbTested: 1001, counter 407921
c nbFailedLits 2, nbI 1, fixedVarsByFL 3, totalFixedVars 1661, nbTested: 3041, counter 874105
c ends of initiationization by VSIDS at 10077 conflicts with init -10

c DistQLDPC — QLDPC/CSS minimum distance (symplectic MaxSAT)
c solver: MaxCDCL, cardinality encoding: MTO only
c Hx: data/matrices/xu_42_Hx.txt
c Hz: data/matrices/xu_42_Hz.txt
c Gx: data/matrices/xu_42_Gx.txt
c Gz: data/matrices/xu_42_Gz.txt
c Hx: 630 x 1428, Hz: 630 x 1428, Gx: 184 x 1428, Gz: 184 x 1428, logicals: 368
c d_lb: 2
c d_ub: -
c status: TIMEOUT (child killed after -cpu-lim)
c d  : UNKNOWN
s UNKNOWN
