[{"status": "PASS", "signed_chain_cases": 584, "base_assignments_per_case": 16}, {"fixture": "css4", "oracle_distance": 2, "status": "PASS"}, {"fixture": "css5", "oracle_distance": 1, "status": "PASS"}, {"smoke_cross_repo_timeouts": "PASS"}]
tier1-BB_90_8_10-no-card-1-baseline 2.412 {'d': 10, 'objective': 10, 'lb': 10, 'ub': 10, 'timeout': False, 'unknown': False}
tier1-BB_90_8_10-no-card-1-candidate 2.165 {'d': 10, 'objective': 10, 'lb': 10, 'ub': 10, 'timeout': False, 'unknown': False}
tier1-BB_90_8_10-no-card-2-candidate 2.166 {'d': 10, 'objective': 10, 'lb': 10, 'ub': 10, 'timeout': False, 'unknown': False}
tier1-BB_90_8_10-no-card-2-baseline 2.365 {'d': 10, 'objective': 10, 'lb': 10, 'ub': 10, 'timeout': False, 'unknown': False}
tier1-BB_90_8_10-no-card-3-baseline 2.433 {'d': 10, 'objective': 10, 'lb': 10, 'ub': 10, 'timeout': False, 'unknown': False}
tier1-BB_90_8_10-no-card-3-candidate 2.132 {'d': 10, 'objective': 10, 'lb': 10, 'ub': 10, 'timeout': False, 'unknown': False}
tier1-BB_90_8_10-card-mto-1-baseline 2.849 {'d': 10, 'objective': 10, 'lb': 10, 'ub': 10, 'timeout': False, 'unknown': False}
tier1-BB_90_8_10-card-mto-1-candidate 2.749 {'d': 10, 'objective': 10, 'lb': 10, 'ub': 10, 'timeout': False, 'unknown': False}
tier1-BB_90_8_10-card-mto-2-candidate 2.748 {'d': 10, 'objective': 10, 'lb': 10, 'ub': 10, 'timeout': False, 'unknown': False}
tier1-BB_90_8_10-card-mto-2-baseline 2.933 {'d': 10, 'objective': 10, 'lb': 10, 'ub': 10, 'timeout': False, 'unknown': False}
tier1-BB_90_8_10-card-mto-3-baseline 2.864 {'d': 10, 'objective': 10, 'lb': 10, 'ub': 10, 'timeout': False, 'unknown': False}
tier1-BB_90_8_10-card-mto-3-candidate 2.749 {'d': 10, 'objective': 10, 'lb': 10, 'ub': 10, 'timeout': False, 'unknown': False}
tier1-GB_144_12_8-no-card-1-baseline 0.999 {'d': 8, 'objective': 8, 'lb': 8, 'ub': 8, 'timeout': False, 'unknown': False}
tier1-GB_144_12_8-no-card-1-candidate 1.181 {'d': 8, 'objective': 8, 'lb': 8, 'ub': 8, 'timeout': False, 'unknown': False}
tier1-GB_144_12_8-no-card-2-candidate 1.184 {'d': 8, 'objective': 8, 'lb': 8, 'ub': 8, 'timeout': False, 'unknown': False}
tier1-GB_144_12_8-no-card-2-baseline 0.981 {'d': 8, 'objective': 8, 'lb': 8, 'ub': 8, 'timeout': False, 'unknown': False}
tier1-GB_144_12_8-no-card-3-baseline 0.983 {'d': 8, 'objective': 8, 'lb': 8, 'ub': 8, 'timeout': False, 'unknown': False}
tier1-GB_144_12_8-no-card-3-candidate 1.214 {'d': 8, 'objective': 8, 'lb': 8, 'ub': 8, 'timeout': False, 'unknown': False}
tier1-GB_144_12_8-card-mto-1-baseline 1.25 {'d': 8, 'objective': 8, 'lb': 8, 'ub': 8, 'timeout': False, 'unknown': False}
tier1-GB_144_12_8-card-mto-1-candidate 1.347 {'d': 8, 'objective': 8, 'lb': 8, 'ub': 8, 'timeout': False, 'unknown': False}
tier1-GB_144_12_8-card-mto-2-candidate 1.351 {'d': 8, 'objective': 8, 'lb': 8, 'ub': 8, 'timeout': False, 'unknown': False}
tier1-GB_144_12_8-card-mto-2-baseline 1.249 {'d': 8, 'objective': 8, 'lb': 8, 'ub': 8, 'timeout': False, 'unknown': False}
tier1-GB_144_12_8-card-mto-3-baseline 1.249 {'d': 8, 'objective': 8, 'lb': 8, 'ub': 8, 'timeout': False, 'unknown': False}
tier1-GB_144_12_8-card-mto-3-candidate 1.347 {'d': 8, 'objective': 8, 'lb': 8, 'ub': 8, 'timeout': False, 'unknown': False}
tier1-BB_108_8_10-no-card-1-baseline 2.916 {'d': 10, 'objective': 10, 'lb': 10, 'ub': 10, 'timeout': False, 'unknown': False}
tier1-BB_108_8_10-no-card-1-candidate 3.0 {'d': 10, 'objective': 10, 'lb': 10, 'ub': 10, 'timeout': False, 'unknown': False}
tier1-BB_108_8_10-no-card-2-candidate 2.998 {'d': 10, 'objective': 10, 'lb': 10, 'ub': 10, 'timeout': False, 'unknown': False}
tier1-BB_108_8_10-no-card-2-baseline 2.865 {'d': 10, 'objective': 10, 'lb': 10, 'ub': 10, 'timeout': False, 'unknown': False}
tier1-BB_108_8_10-no-card-3-baseline 2.873 {'d': 10, 'objective': 10, 'lb': 10, 'ub': 10, 'timeout': False, 'unknown': False}
tier1-BB_108_8_10-no-card-3-candidate 2.992 {'d': 10, 'objective': 10, 'lb': 10, 'ub': 10, 'timeout': False, 'unknown': False}
tier1-BB_108_8_10-card-mto-1-baseline 3.714 {'d': 10, 'objective': 10, 'lb': 10, 'ub': 10, 'timeout': False, 'unknown': False}
tier1-BB_108_8_10-card-mto-1-candidate 3.3 {'d': 10, 'objective': 10, 'lb': 10, 'ub': 10, 'timeout': False, 'unknown': False}
tier1-BB_108_8_10-card-mto-2-candidate 3.265 {'d': 10, 'objective': 10, 'lb': 10, 'ub': 10, 'timeout': False, 'unknown': False}
tier1-BB_108_8_10-card-mto-2-baseline 3.682 {'d': 10, 'objective': 10, 'lb': 10, 'ub': 10, 'timeout': False, 'unknown': False}
tier1-BB_108_8_10-card-mto-3-baseline 3.666 {'d': 10, 'objective': 10, 'lb': 10, 'ub': 10, 'timeout': False, 'unknown': False}
tier1-BB_108_8_10-card-mto-3-candidate 3.315 {'d': 10, 'objective': 10, 'lb': 10, 'ub': 10, 'timeout': False, 'unknown': False}
tier1-LP_238_44_6-no-card-1-baseline 1.865 {'d': 6, 'objective': 6, 'lb': 6, 'ub': 6, 'timeout': False, 'unknown': False}
tier1-LP_238_44_6-no-card-1-candidate 1.714 {'d': 6, 'objective': 6, 'lb': 6, 'ub': 6, 'timeout': False, 'unknown': False}
tier1-LP_238_44_6-no-card-2-candidate 1.716 {'d': 6, 'objective': 6, 'lb': 6, 'ub': 6, 'timeout': False, 'unknown': False}
tier1-LP_238_44_6-no-card-2-baseline 1.882 {'d': 6, 'objective': 6, 'lb': 6, 'ub': 6, 'timeout': False, 'unknown': False}
tier1-LP_238_44_6-no-card-3-baseline 1.865 {'d': 6, 'objective': 6, 'lb': 6, 'ub': 6, 'timeout': False, 'unknown': False}
tier1-LP_238_44_6-no-card-3-candidate 1.748 {'d': 6, 'objective': 6, 'lb': 6, 'ub': 6, 'timeout': False, 'unknown': False}
tier1-LP_238_44_6-card-mto-1-baseline 2.217 {'d': 6, 'objective': 6, 'lb': 6, 'ub': 6, 'timeout': False, 'unknown': False}
tier1-LP_238_44_6-card-mto-1-candidate 2.181 {'d': 6, 'objective': 6, 'lb': 6, 'ub': 6, 'timeout': False, 'unknown': False}
tier1-LP_238_44_6-card-mto-2-candidate 2.182 {'d': 6, 'objective': 6, 'lb': 6, 'ub': 6, 'timeout': False, 'unknown': False}
tier1-LP_238_44_6-card-mto-2-baseline 2.199 {'d': 6, 'objective': 6, 'lb': 6, 'ub': 6, 'timeout': False, 'unknown': False}
tier1-LP_238_44_6-card-mto-3-baseline 2.199 {'d': 6, 'objective': 6, 'lb': 6, 'ub': 6, 'timeout': False, 'unknown': False}
tier1-LP_238_44_6-card-mto-3-candidate 2.181 {'d': 6, 'objective': 6, 'lb': 6, 'ub': 6, 'timeout': False, 'unknown': False}
{
  "decision": "INCONCLUSIVE",
  "tier0": "PASS",
  "tier1": {
    "numeric_filter": "reject",
    "reason": "confirmed per-case regression",
    "medians": [
      {
        "case": "BB_90_8_10",
        "mode": "no-card",
        "baseline_raw": [
          2.411777000001166,
          2.364917900005821,
          2.4327256999677047
        ],
        "candidate_raw": [
          2.16546049999306,
          2.1663610999821685,
          2.1324436999857426
        ],
        "baseline_median": 2.411777000001166,
        "candidate_median": 2.16546049999306,
        "median_ratio": 0.8978692889068984,
        "baseline_range_over_median": 0.028115285933090328,
        "baseline_min": 2.364917900005821,
        "baseline_max": 2.4327256999677047,
        "candidate_min": 2.1324436999857426,
        "candidate_max": 2.1663610999821685
      },
      {
        "case": "GB_144_12_8",
        "mode": "no-card",
        "baseline_raw": [
          0.9990631999680772,
          0.9811795999994501,
          0.9829605999984778
        ],
        "candidate_raw": [
          1.1813728000270203,
          1.1839076000032946,
          1.2141622999915853
        ],
        "baseline_median": 0.9829605999984778,
        "candidate_median": 1.1839076000032946,
        "median_ratio": 1.20443037086647,
        "baseline_range_over_median": 0.01819360813511222,
        "baseline_min": 0.9811795999994501,
        "baseline_max": 0.9990631999680772,
        "candidate_min": 1.1813728000270203,
        "candidate_max": 1.2141622999915853
      }
    ]
  },
  "tier2": "not reached",
  "tier3": "not run",
  "reason": "Interactive Windows host; original controlled-host gate not satisfied",
  "correctness": "identical certified distances and bounds for every completed run"
}
