0000.gate.BB_144_12_12.no-card.0.baseline 0.514s o 12 load=1.36
0001.gate.BB_144_12_12.no-card.0.candidate 0.512s o 12 load=1.33
0002.gate.BB_144_12_12.no-card.1.candidate 0.514s o 12 load=1.33
0003.gate.BB_144_12_12.no-card.1.baseline 0.506s o 12 load=1.33
0004.gate.BB_144_12_12.no-card.2.baseline 0.509s o 12 load=1.33
0005.gate.BB_144_12_12.no-card.2.candidate 0.517s o 12 load=1.33
0006.gate.BB_144_12_12.card-mto.0.baseline 1.136s o 12 load=1.33
0007.gate.BB_144_12_12.card-mto.0.candidate 1.147s o 12 load=1.33
0008.gate.BB_144_12_12.card-mto.1.candidate 1.144s o 12 load=1.33
0009.gate.BB_144_12_12.card-mto.1.baseline 1.149s o 12 load=1.38
0010.gate.BB_144_12_12.card-mto.2.baseline 1.142s o 12 load=1.38
0011.gate.BB_144_12_12.card-mto.2.candidate 1.145s o 12 load=1.38
{
 "stopped": null,
 "n_samples": 12,
 "finished": "2026-10-11T08:10:21+0800",
 "binary_sha256_after": {
  "baseline": "6bdcaa2523cdcbeae5164cedbf54c9ac0f9e64f9a91c3da7ef4b804df393db9d",
  "candidate": "40d165efeefa61f49c3bc2621ed098733d2e78acee3a9dada872a04ecde18f10"
 },
 "input_sha256_after_ok": true
}
gate no-card geomean 1.0103 envelope 1.02107 positive False flags []
gate card-mto geomean 1.00315 envelope 1.00946 positive False flags []
exit=0
