0000.gate.GB_144_12_12.no-card.0.baseline 66.103s o 12 load=1.34
0001.gate.GB_144_12_12.no-card.0.candidate 44.412s o 12 load=1.42
0002.gate.GB_144_12_12.no-card.1.candidate 44.360s o 12 load=1.21
0003.gate.GB_144_12_12.no-card.1.baseline 66.178s o 12 load=1.33
0004.gate.GB_144_12_12.no-card.2.baseline 66.238s o 12 load=1.31
0005.gate.GB_144_12_12.no-card.2.candidate 44.404s o 12 load=1.62
0006.gate.GB_144_12_12.card-mto.0.baseline 106.384s o 12 load=1.31
0007.gate.GB_144_12_12.card-mto.0.candidate 48.292s o 12 load=1.40
0008.gate.GB_144_12_12.card-mto.1.candidate 48.320s o 12 load=1.63
0009.gate.GB_144_12_12.card-mto.1.baseline 106.354s o 12 load=1.63
0010.gate.GB_144_12_12.card-mto.2.baseline 106.394s o 12 load=1.48
0011.gate.GB_144_12_12.card-mto.2.candidate 48.305s o 12 load=1.17
{
 "stopped": null,
 "n_samples": 12,
 "finished": "2026-10-11T08:23:57+0800",
 "binary_sha256_after": {
  "baseline": "6bdcaa2523cdcbeae5164cedbf54c9ac0f9e64f9a91c3da7ef4b804df393db9d",
  "candidate": "40d165efeefa61f49c3bc2621ed098733d2e78acee3a9dada872a04ecde18f10"
 },
 "input_sha256_after_ok": true
}
gate no-card geomean 0.67098 envelope 0.67187 positive True flags []
gate card-mto geomean 0.45406 envelope 0.45433 positive True flags []
exit=0
