0000.gate.LP_442_68_10.no-card.0.baseline 32.525s o 10 load=1.61
0001.gate.LP_442_68_10.no-card.0.candidate 10.304s o 10 load=1.42
0002.gate.LP_442_68_10.no-card.1.candidate 10.333s o 10 load=1.36
0003.gate.LP_442_68_10.no-card.1.baseline 32.637s o 10 load=1.30
0004.gate.LP_442_68_10.no-card.2.baseline 32.750s o 10 load=1.35
0005.gate.LP_442_68_10.no-card.2.candidate 10.304s o 10 load=1.50
0006.gate.LP_442_68_10.card-mto.0.baseline 20.652s o 10 load=1.58
0007.gate.LP_442_68_10.card-mto.0.candidate 19.407s o 10 load=1.41
0008.gate.LP_442_68_10.card-mto.1.candidate 19.414s o 10 load=1.36
0009.gate.LP_442_68_10.card-mto.1.baseline 20.671s o 10 load=1.50
0010.gate.LP_442_68_10.card-mto.2.baseline 20.691s o 10 load=1.43
0011.gate.LP_442_68_10.card-mto.2.candidate 19.406s o 10 load=1.46
{
 "stopped": null,
 "n_samples": 12,
 "finished": "2026-10-11T07:32:58+0800",
 "binary_sha256_after": {
  "baseline": "6bdcaa2523cdcbeae5164cedbf54c9ac0f9e64f9a91c3da7ef4b804df393db9d",
  "candidate": "40d165efeefa61f49c3bc2621ed098733d2e78acee3a9dada872a04ecde18f10"
 },
 "input_sha256_after_ok": true
}
gate no-card geomean 0.31572 envelope 0.31768 positive True flags []
gate card-mto geomean 0.9389 envelope 0.94002 positive True flags []
exit=0
