0000.gate.BB_90_8_10.no-card.0.baseline 1.811s o 10 load=1.83
0001.gate.BB_90_8_10.no-card.0.candidate 0.150s o 10 load=1.83
0002.gate.BB_90_8_10.no-card.1.candidate 0.151s o 10 load=1.83
0003.gate.BB_90_8_10.no-card.1.baseline 1.807s o 10 load=1.83
0004.gate.BB_90_8_10.no-card.2.baseline 1.796s o 10 load=1.84
0005.gate.BB_90_8_10.no-card.2.candidate 0.150s o 10 load=1.84
0006.replicate.BB_90_8_10.no-card.0.baseline 1.808s o 10 load=1.84
0007.replicate.BB_90_8_10.no-card.0.candidate 0.146s o 10 load=1.94
0008.replicate.BB_90_8_10.no-card.1.candidate 0.138s o 10 load=1.94
0009.replicate.BB_90_8_10.no-card.1.baseline 1.800s o 10 load=1.94
0010.replicate.BB_90_8_10.no-card.2.baseline 1.809s o 10 load=1.94
0011.replicate.BB_90_8_10.no-card.2.candidate 0.149s o 10 load=1.94
0012.replicate.BB_90_8_10.no-card.3.candidate 0.150s o 10 load=1.94
0013.replicate.BB_90_8_10.no-card.3.baseline 1.798s o 10 load=1.94
0014.replicate.BB_90_8_10.no-card.4.baseline 1.811s o 10 load=1.86
0015.replicate.BB_90_8_10.no-card.4.candidate 0.149s o 10 load=1.86
0016.replicate.BB_90_8_10.no-card.5.candidate 0.148s o 10 load=1.86
0017.replicate.BB_90_8_10.no-card.5.baseline 1.801s o 10 load=1.86
0018.replicate.BB_90_8_10.no-card.6.baseline 1.804s o 10 load=1.95
0019.replicate.BB_90_8_10.no-card.6.candidate 0.152s o 10 load=1.95
0020.replicate.BB_90_8_10.no-card.7.candidate 0.150s o 10 load=1.95
0021.replicate.BB_90_8_10.no-card.7.baseline 1.827s o 10 load=1.95
0022.replicate.BB_90_8_10.no-card.8.baseline 1.816s o 10 load=1.95
0023.replicate.BB_90_8_10.no-card.8.candidate 0.151s o 10 load=1.88
0024.replicate.BB_90_8_10.no-card.9.candidate 0.151s o 10 load=1.88
0025.replicate.BB_90_8_10.no-card.9.baseline 1.812s o 10 load=1.88
0026.gate.BB_90_8_10.card-mto.0.baseline 1.610s o 10 load=1.88
0027.gate.BB_90_8_10.card-mto.0.candidate 0.135s o 10 load=1.81
0028.gate.BB_90_8_10.card-mto.1.candidate 0.134s o 10 load=1.81
0029.gate.BB_90_8_10.card-mto.1.baseline 1.625s o 10 load=1.81
0030.gate.BB_90_8_10.card-mto.2.baseline 1.617s o 10 load=1.81
0031.gate.BB_90_8_10.card-mto.2.candidate 0.137s o 10 load=1.81
0032.replicate.BB_90_8_10.card-mto.0.baseline 1.617s o 10 load=1.81
0033.replicate.BB_90_8_10.card-mto.0.candidate 0.137s o 10 load=1.74
0034.replicate.BB_90_8_10.card-mto.1.candidate 0.133s o 10 load=1.74
0035.replicate.BB_90_8_10.card-mto.1.baseline 1.635s o 10 load=1.74
0036.replicate.BB_90_8_10.card-mto.2.baseline 1.641s o 10 load=1.74
0037.replicate.BB_90_8_10.card-mto.2.candidate 0.137s o 10 load=1.74
0038.replicate.BB_90_8_10.card-mto.3.candidate 0.137s o 10 load=1.74
0039.replicate.BB_90_8_10.card-mto.3.baseline 1.618s o 10 load=1.74
0040.replicate.BB_90_8_10.card-mto.4.baseline 1.628s o 10 load=1.76
0041.replicate.BB_90_8_10.card-mto.4.candidate 0.144s o 10 load=1.76
0042.replicate.BB_90_8_10.card-mto.5.candidate 0.135s o 10 load=1.76
0043.replicate.BB_90_8_10.card-mto.5.baseline 1.636s o 10 load=1.76
0044.replicate.BB_90_8_10.card-mto.6.baseline 1.630s o 10 load=1.76
0045.replicate.BB_90_8_10.card-mto.6.candidate 0.137s o 10 load=1.94
0046.replicate.BB_90_8_10.card-mto.7.candidate 0.145s o 10 load=1.94
0047.replicate.BB_90_8_10.card-mto.7.baseline 1.631s o 10 load=1.94
0048.replicate.BB_90_8_10.card-mto.8.baseline 1.631s o 10 load=1.94
0049.replicate.BB_90_8_10.card-mto.8.candidate 0.131s o 10 load=1.94
0050.replicate.BB_90_8_10.card-mto.9.candidate 0.138s o 10 load=1.94
0051.replicate.BB_90_8_10.card-mto.9.baseline 1.641s o 10 load=1.94
0052.gate.GB_144_12_8.no-card.0.baseline 0.664s o 8 load=1.94
0053.gate.GB_144_12_8.no-card.0.candidate 0.091s o 8 load=1.94
0054.gate.GB_144_12_8.no-card.1.candidate 0.087s o 8 load=1.94
0055.gate.GB_144_12_8.no-card.1.baseline 0.656s o 8 load=1.94
0056.gate.GB_144_12_8.no-card.2.baseline 0.654s o 8 load=1.94
0057.gate.GB_144_12_8.no-card.2.candidate 0.091s o 8 load=1.94
0058.replicate.GB_144_12_8.no-card.0.baseline 0.654s o 8 load=1.94
0059.replicate.GB_144_12_8.no-card.0.candidate 0.093s o 8 load=1.94
0060.replicate.GB_144_12_8.no-card.1.candidate 0.092s o 8 load=1.94
0061.replicate.GB_144_12_8.no-card.1.baseline 0.654s o 8 load=1.94
0062.replicate.GB_144_12_8.no-card.2.baseline 0.666s o 8 load=1.87
0063.replicate.GB_144_12_8.no-card.2.candidate 0.086s o 8 load=1.87
0064.replicate.GB_144_12_8.no-card.3.candidate 0.089s o 8 load=1.87
0065.replicate.GB_144_12_8.no-card.3.baseline 0.652s o 8 load=1.87
0066.replicate.GB_144_12_8.no-card.4.baseline 0.660s o 8 load=1.87
0067.replicate.GB_144_12_8.no-card.4.candidate 0.093s o 8 load=1.87
0068.replicate.GB_144_12_8.no-card.5.candidate 0.093s o 8 load=1.87
0069.replicate.GB_144_12_8.no-card.5.baseline 0.660s o 8 load=1.87
0070.replicate.GB_144_12_8.no-card.6.baseline 0.666s o 8 load=1.87
0071.replicate.GB_144_12_8.no-card.6.candidate 0.093s o 8 load=1.87
0072.replicate.GB_144_12_8.no-card.7.candidate 0.089s o 8 load=1.87
0073.replicate.GB_144_12_8.no-card.7.baseline 0.659s o 8 load=1.87
0074.replicate.GB_144_12_8.no-card.8.baseline 0.658s o 8 load=2.04
0075.replicate.GB_144_12_8.no-card.8.candidate 0.093s o 8 load=2.04
0076.replicate.GB_144_12_8.no-card.9.candidate 0.092s o 8 load=2.04
0077.replicate.GB_144_12_8.no-card.9.baseline 0.656s o 8 load=2.04
0078.gate.GB_144_12_8.card-mto.0.baseline 1.101s o 8 load=2.04
0079.gate.GB_144_12_8.card-mto.0.candidate 0.085s o 8 load=2.04
0080.gate.GB_144_12_8.card-mto.1.candidate 0.086s o 8 load=2.04
0081.gate.GB_144_12_8.card-mto.1.baseline 1.106s o 8 load=2.04
0082.gate.GB_144_12_8.card-mto.2.baseline 1.108s o 8 load=2.04
0083.gate.GB_144_12_8.card-mto.2.candidate 0.077s o 8 load=2.28
0084.replicate.GB_144_12_8.card-mto.0.baseline 1.097s o 8 load=2.28
0085.replicate.GB_144_12_8.card-mto.0.candidate 0.074s o 8 load=2.28
0086.replicate.GB_144_12_8.card-mto.1.candidate 0.078s o 8 load=2.28
0087.replicate.GB_144_12_8.card-mto.1.baseline 1.108s o 8 load=2.28
0088.replicate.GB_144_12_8.card-mto.2.baseline 1.104s o 8 load=2.28
0089.replicate.GB_144_12_8.card-mto.2.candidate 0.074s o 8 load=2.28
0090.replicate.GB_144_12_8.card-mto.3.candidate 0.078s o 8 load=2.28
0091.replicate.GB_144_12_8.card-mto.3.baseline 1.102s o 8 load=2.28
0092.replicate.GB_144_12_8.card-mto.4.baseline 1.097s o 8 load=2.49
0093.replicate.GB_144_12_8.card-mto.4.candidate 0.078s o 8 load=2.49
0094.replicate.GB_144_12_8.card-mto.5.candidate 0.075s o 8 load=2.49
0095.replicate.GB_144_12_8.card-mto.5.baseline 1.110s o 8 load=2.49
0096.replicate.GB_144_12_8.card-mto.6.baseline 1.096s o 8 load=2.49
0097.replicate.GB_144_12_8.card-mto.6.candidate 0.078s o 8 load=2.49
0098.replicate.GB_144_12_8.card-mto.7.candidate 0.075s o 8 load=2.49
0099.replicate.GB_144_12_8.card-mto.7.baseline 1.108s o 8 load=2.49
0100.replicate.GB_144_12_8.card-mto.8.baseline 1.103s o 8 load=2.37
0101.replicate.GB_144_12_8.card-mto.8.candidate 0.077s o 8 load=2.37
0102.replicate.GB_144_12_8.card-mto.9.candidate 0.078s o 8 load=2.37
0103.replicate.GB_144_12_8.card-mto.9.baseline 1.102s o 8 load=2.37
0104.gate.BB_108_8_10.no-card.0.baseline 2.261s o 10 load=2.37
0105.gate.BB_108_8_10.no-card.0.candidate 0.358s o 10 load=2.37
0106.gate.BB_108_8_10.no-card.1.candidate 0.371s o 10 load=2.42
0107.gate.BB_108_8_10.no-card.1.baseline 2.255s o 10 load=2.42
0108.gate.BB_108_8_10.no-card.2.baseline 2.264s o 10 load=2.42
0109.gate.BB_108_8_10.no-card.2.candidate 0.368s o 10 load=2.31
0110.replicate.BB_108_8_10.no-card.0.baseline 2.266s o 10 load=2.31
0111.replicate.BB_108_8_10.no-card.0.candidate 0.368s o 10 load=2.31
0112.replicate.BB_108_8_10.no-card.1.candidate 0.358s o 10 load=2.31
0113.replicate.BB_108_8_10.no-card.1.baseline 2.272s o 10 load=2.31
0114.replicate.BB_108_8_10.no-card.2.baseline 2.264s o 10 load=2.20
0115.replicate.BB_108_8_10.no-card.2.candidate 0.358s o 10 load=2.20
0116.replicate.BB_108_8_10.no-card.3.candidate 0.362s o 10 load=2.20
0117.replicate.BB_108_8_10.no-card.3.baseline 2.278s o 10 load=2.20
0118.replicate.BB_108_8_10.no-card.4.baseline 2.282s o 10 load=2.11
0119.replicate.BB_108_8_10.no-card.4.candidate 0.358s o 10 load=2.11
0120.replicate.BB_108_8_10.no-card.5.candidate 0.372s o 10 load=2.11
0121.replicate.BB_108_8_10.no-card.5.baseline 2.270s o 10 load=2.11
0122.replicate.BB_108_8_10.no-card.6.baseline 2.266s o 10 load=2.02
0123.replicate.BB_108_8_10.no-card.6.candidate 0.372s o 10 load=2.02
0124.replicate.BB_108_8_10.no-card.7.candidate 0.367s o 10 load=2.02
0125.replicate.BB_108_8_10.no-card.7.baseline 2.267s o 10 load=2.02
0126.replicate.BB_108_8_10.no-card.8.baseline 2.272s o 10 load=2.10
0127.replicate.BB_108_8_10.no-card.8.candidate 0.358s o 10 load=2.10
0128.replicate.BB_108_8_10.no-card.9.candidate 0.371s o 10 load=2.10
0129.replicate.BB_108_8_10.no-card.9.baseline 2.282s o 10 load=2.10
0130.gate.BB_108_8_10.card-mto.0.baseline 2.310s o 10 load=2.01
0131.gate.BB_108_8_10.card-mto.0.candidate 0.462s o 10 load=2.01
0132.gate.BB_108_8_10.card-mto.1.candidate 0.480s o 10 load=2.01
0133.gate.BB_108_8_10.card-mto.1.baseline 2.316s o 10 load=1.93
0134.gate.BB_108_8_10.card-mto.2.baseline 2.317s o 10 load=1.93
0135.gate.BB_108_8_10.card-mto.2.candidate 0.464s o 10 load=1.93
0136.replicate.BB_108_8_10.card-mto.0.baseline 2.317s o 10 load=1.85
0137.replicate.BB_108_8_10.card-mto.0.candidate 0.466s o 10 load=1.85
0138.replicate.BB_108_8_10.card-mto.1.candidate 0.467s o 10 load=1.85
0139.replicate.BB_108_8_10.card-mto.1.baseline 2.311s o 10 load=1.85
0140.replicate.BB_108_8_10.card-mto.2.baseline 2.320s o 10 load=1.87
0141.replicate.BB_108_8_10.card-mto.2.candidate 0.467s o 10 load=1.87
0142.replicate.BB_108_8_10.card-mto.3.candidate 0.462s o 10 load=1.87
0143.replicate.BB_108_8_10.card-mto.3.baseline 2.318s o 10 load=1.87
0144.replicate.BB_108_8_10.card-mto.4.baseline 2.311s o 10 load=1.96
0145.replicate.BB_108_8_10.card-mto.4.candidate 0.470s o 10 load=1.96
0146.replicate.BB_108_8_10.card-mto.5.candidate 0.468s o 10 load=1.96
0147.replicate.BB_108_8_10.card-mto.5.baseline 2.323s o 10 load=1.96
0148.replicate.BB_108_8_10.card-mto.6.baseline 2.314s o 10 load=1.88
0149.replicate.BB_108_8_10.card-mto.6.candidate 0.465s o 10 load=1.88
0150.replicate.BB_108_8_10.card-mto.7.candidate 0.462s o 10 load=1.97
0151.replicate.BB_108_8_10.card-mto.7.baseline 2.319s o 10 load=1.97
0152.replicate.BB_108_8_10.card-mto.8.baseline 2.312s o 10 load=1.97
0153.replicate.BB_108_8_10.card-mto.8.candidate 0.465s o 10 load=1.89
0154.replicate.BB_108_8_10.card-mto.9.candidate 0.469s o 10 load=1.89
0155.replicate.BB_108_8_10.card-mto.9.baseline 2.317s o 10 load=1.89
0156.gate.LP_238_44_6.no-card.0.baseline 1.194s o 6 load=1.89
0157.gate.LP_238_44_6.no-card.0.candidate 0.407s o 6 load=1.89
0158.gate.LP_238_44_6.no-card.1.candidate 0.405s o 6 load=1.82
0159.gate.LP_238_44_6.no-card.1.baseline 1.200s o 6 load=1.82
0160.gate.LP_238_44_6.no-card.2.baseline 1.191s o 6 load=1.82
0161.gate.LP_238_44_6.no-card.2.candidate 0.412s o 6 load=1.82
0162.replicate.LP_238_44_6.no-card.0.baseline 1.201s o 6 load=1.82
0163.replicate.LP_238_44_6.no-card.0.candidate 0.412s o 6 load=1.82
0164.replicate.LP_238_44_6.no-card.1.candidate 0.400s o 6 load=1.75
0165.replicate.LP_238_44_6.no-card.1.baseline 1.187s o 6 load=1.75
0166.replicate.LP_238_44_6.no-card.2.baseline 1.189s o 6 load=1.75
0167.replicate.LP_238_44_6.no-card.2.candidate 0.409s o 6 load=1.75
0168.replicate.LP_238_44_6.no-card.3.candidate 0.402s o 6 load=1.75
0169.replicate.LP_238_44_6.no-card.3.baseline 1.193s o 6 load=1.75
0170.replicate.LP_238_44_6.no-card.4.baseline 1.187s o 6 load=1.75
0171.replicate.LP_238_44_6.no-card.4.candidate 0.402s o 6 load=1.69
0172.replicate.LP_238_44_6.no-card.5.candidate 0.411s o 6 load=1.69
0173.replicate.LP_238_44_6.no-card.5.baseline 1.193s o 6 load=1.69
0174.replicate.LP_238_44_6.no-card.6.baseline 1.199s o 6 load=1.69
0175.replicate.LP_238_44_6.no-card.6.candidate 0.410s o 6 load=1.69
0176.replicate.LP_238_44_6.no-card.7.candidate 0.408s o 6 load=1.69
0177.replicate.LP_238_44_6.no-card.7.baseline 1.200s o 6 load=1.64
0178.replicate.LP_238_44_6.no-card.8.baseline 1.194s o 6 load=1.64
0179.replicate.LP_238_44_6.no-card.8.candidate 0.402s o 6 load=1.64
0180.replicate.LP_238_44_6.no-card.9.candidate 0.403s o 6 load=1.64
0181.replicate.LP_238_44_6.no-card.9.baseline 1.189s o 6 load=1.64
0182.gate.LP_238_44_6.card-mto.0.baseline 1.136s o 6 load=1.64
0183.gate.LP_238_44_6.card-mto.0.candidate 0.397s o 6 load=1.59
0184.gate.LP_238_44_6.card-mto.1.candidate 0.393s o 6 load=1.59
0185.gate.LP_238_44_6.card-mto.1.baseline 1.133s o 6 load=1.59
0186.gate.LP_238_44_6.card-mto.2.baseline 1.144s o 6 load=1.59
0187.gate.LP_238_44_6.card-mto.2.candidate 0.395s o 6 load=1.59
0188.replicate.LP_238_44_6.card-mto.0.baseline 1.142s o 6 load=1.59
0189.replicate.LP_238_44_6.card-mto.0.candidate 0.385s o 6 load=1.62
0190.replicate.LP_238_44_6.card-mto.1.candidate 0.386s o 6 load=1.62
0191.replicate.LP_238_44_6.card-mto.1.baseline 1.141s o 6 load=1.62
0192.replicate.LP_238_44_6.card-mto.2.baseline 1.150s o 6 load=1.62
0193.replicate.LP_238_44_6.card-mto.2.candidate 0.390s o 6 load=1.62
0194.replicate.LP_238_44_6.card-mto.3.candidate 0.389s o 6 load=1.62
0195.replicate.LP_238_44_6.card-mto.3.baseline 1.146s o 6 load=1.62
0196.replicate.LP_238_44_6.card-mto.4.baseline 1.135s o 6 load=1.57
0197.replicate.LP_238_44_6.card-mto.4.candidate 0.389s o 6 load=1.57
0198.replicate.LP_238_44_6.card-mto.5.candidate 0.395s o 6 load=1.57
0199.replicate.LP_238_44_6.card-mto.5.baseline 1.142s o 6 load=1.57
0200.replicate.LP_238_44_6.card-mto.6.baseline 1.133s o 6 load=1.57
0201.replicate.LP_238_44_6.card-mto.6.candidate 0.395s o 6 load=1.57
0202.replicate.LP_238_44_6.card-mto.7.candidate 0.390s o 6 load=1.52
0203.replicate.LP_238_44_6.card-mto.7.baseline 1.137s o 6 load=1.52
0204.replicate.LP_238_44_6.card-mto.8.baseline 1.137s o 6 load=1.52
0205.replicate.LP_238_44_6.card-mto.8.candidate 0.393s o 6 load=1.52
0206.replicate.LP_238_44_6.card-mto.9.candidate 0.388s o 6 load=1.52
0207.replicate.LP_238_44_6.card-mto.9.baseline 1.150s o 6 load=1.52
{
 "stopped": null,
 "n_samples": 208,
 "finished": "2026-10-09T19:12:27+0800",
 "binary_sha256_after": {
  "baseline": "3f2fbc4215e17c4a5b5e62d1f10f99619bdf6efaea7881acb46157effe78c9dc",
  "candidate": "1c6f028aed17754e1e36f9b1ffd7b54299ec2fa017a829b6c39ff84ff48c2940"
 },
 "input_sha256_after_ok": true
}
gate no-card geomean 0.15897 envelope 0.16078 positive True flags []
gate card-mto geomean 0.14508 envelope 0.14859 positive True flags []
replicate no-card geomean 0.15868 envelope 0.16199 positive True flags []
replicate card-mto geomean 0.14199 envelope 0.14572 positive True flags []
exit=0
