OK  BB_108_8_10 no-card done 10 4.621 | done 10 0.875 []
OK  BB_108_8_10 default done 10 6.082 | done 10 1.017 []
OK  BB_108_8_10 card-mto done 10 5.741 | done 10 1.007 []
OK  BB_108_8_10 card-sinz done 10 6.895 | done 10 0.525 []
OK  BB_144_12_12 no-card done 12 36.178 | done 12 1.126 []
OK  BB_144_12_12 default done 12 45.476 | done 12 2.367 []
OK  BB_144_12_12 card-mto done 12 44.425 | done 12 2.364 []
OK  BB_1080_4_54 card-mto TIMEOUT None 60.038 | TIMEOUT None 60.04 []
OK  BB_1080_4_54 card-sinz TIMEOUT None 60.037 | TIMEOUT None 60.045 []
OK  BB_1080_4_54 no-card TIMEOUT None 60.041 | TIMEOUT None 60.044 []
OK  BB_1080_4_54 default TIMEOUT None 60.037 | TIMEOUT None 60.051 []
OK  BB_144_12_12 card-sinz TIMEOUT None 60.022 | done 12 1.623 []
OK  BB_144_14_14 default TIMEOUT None 60.024 | TIMEOUT None 60.018 []
OK  BB_144_14_14 no-card TIMEOUT None 60.019 | TIMEOUT None 60.019 []
OK  BB_144_14_14 card-mto TIMEOUT None 60.021 | TIMEOUT None 60.017 []
OK  BB_144_14_14 card-sinz TIMEOUT None 60.014 | TIMEOUT None 60.022 []
OK  BB_288_12_unknown default TIMEOUT None 60.016 | TIMEOUT None 60.019 []
OK  BB_288_12_unknown no-card TIMEOUT None 60.023 | TIMEOUT None 60.023 []
OK  BB_288_12_unknown card-mto TIMEOUT None 60.024 | TIMEOUT None 60.019 []
OK  BB_72_12_6 default done 6 0.104 | done 6 0.051 []
OK  BB_72_12_6 no-card done 6 0.078 | done 6 0.073 []
OK  BB_72_12_6 card-mto done 6 0.132 | done 6 0.07 []
OK  BB_72_12_6 card-sinz done 6 0.124 | done 6 0.073 []
OK  BB_288_12_unknown card-sinz TIMEOUT None 60.029 | TIMEOUT None 60.016 []
OK  BB_360_12_unknown no-card TIMEOUT None 60.025 | TIMEOUT None 60.015 []
OK  BB_360_12_unknown card-mto TIMEOUT None 60.025 | TIMEOUT None 60.019 []
OK  BB_360_12_unknown default TIMEOUT None 60.025 | TIMEOUT None 60.027 []
OK  BB_360_12_unknown card-sinz TIMEOUT None 60.03 | TIMEOUT None 60.025 []
OK  BB_756_16_34 default TIMEOUT None 60.032 | TIMEOUT None 60.029 []
OK  BB_756_16_34 card-mto TIMEOUT None 60.022 | TIMEOUT None 60.026 []
OK  BB_756_16_34 card-sinz TIMEOUT None 60.026 | TIMEOUT None 60.026 []
OK  BB_756_16_34 no-card TIMEOUT None 60.027 | TIMEOUT None 60.033 []
OK  BB_864_4_40 default TIMEOUT None 60.027 | TIMEOUT None 60.03 []
OK  BB_864_4_40 no-card TIMEOUT None 60.034 | TIMEOUT None 60.033 []
OK  BB_90_8_10 no-card done 10 3.758 | done 10 0.347 []
OK  BB_90_8_10 card-mto done 10 4.525 | done 10 0.352 []
OK  BB_90_8_10 default done 10 4.775 | done 10 0.337 []
OK  BB_90_8_10 card-sinz done 10 4.967 | done 10 0.464 []
OK  BB_864_4_40 card-mto TIMEOUT None 60.039 | TIMEOUT None 60.034 []
OK  GB_144_12_8 default done 8 2.032 | done 8 0.228 []
OK  GB_144_12_8 no-card done 8 1.576 | done 8 0.212 []
OK  GB_144_12_8 card-mto done 8 1.917 | done 8 0.215 []
OK  GB_144_12_8 card-sinz done 8 2.435 | done 8 0.216 []
OK  LP_136_32_4 default done 4 0.335 | done 4 0.144 []
OK  LP_136_32_4 no-card done 4 0.233 | done 4 0.15 []
OK  LP_136_32_4 card-mto done 4 0.341 | done 4 0.141 []
OK  LP_136_32_4 card-sinz done 4 0.274 | done 4 0.123 []
OK  BB_864_4_40 card-sinz TIMEOUT None 60.025 | TIMEOUT None 60.039 []
OK  GB_144_12_12 default TIMEOUT None 60.025 | done 12 56.296 []
OK  GB_144_12_12 card-mto TIMEOUT None 60.022 | done 12 58.706 []
OK  GB_144_12_12 no-card TIMEOUT None 60.021 | TIMEOUT None 60.018 []
OK  GB_144_12_12 card-sinz TIMEOUT None 60.02 | TIMEOUT None 60.02 []
OK  LP_238_44_6 default done 6 3.581 | done 6 0.909 []
OK  LP_238_44_6 no-card done 6 3.022 | done 6 1.038 []
OK  LP_238_44_6 card-mto done 6 3.846 | done 6 0.935 []
OK  LP_238_44_6 card-sinz done 6 4.212 | done 6 0.839 []
OK  LP_340_56_8 default TIMEOUT None 60.023 | done 8 3.34 []
OK  LP_340_56_8 no-card TIMEOUT None 60.027 | done 8 2.794 []
OK  LP_1768_224_unknown default TIMEOUT None 60.065 | TIMEOUT None 60.075 []
OK  LP_34_20_2 default done 2 0.02 | done 2 0.032 []
OK  LP_34_20_2 no-card done 2 0.02 | done 2 0.019 []
OK  LP_34_20_2 card-mto done 2 0.02 | done 2 0.03 []
OK  LP_34_20_2 card-sinz done 2 0.02 | done 2 0.019 []
OK  LP_1768_224_unknown no-card TIMEOUT None 60.07 | TIMEOUT None 60.069 []
OK  LP_1768_224_unknown card-mto TIMEOUT None 60.069 | TIMEOUT None 60.07 []
OK  LP_1768_224_unknown card-sinz TIMEOUT None 60.078 | TIMEOUT None 60.042 []
OK  LP_340_56_8 card-mto TIMEOUT None 60.028 | done 8 3.241 []
OK  LP_340_56_8 card-sinz TIMEOUT None 60.022 | done 8 3.525 []
OK  LP_442_68_10 default TIMEOUT None 60.02 | done 10 42.133 []
OK  LP_442_68_10 no-card TIMEOUT None 60.035 | done 10 36.189 []
OK  LP_442_68_10 card-mto TIMEOUT None 60.023 | done 10 39.323 []
OK  LP_442_68_10 card-sinz TIMEOUT None 60.019 | done 10 50.578 []
OK  LP_544_80_12 default TIMEOUT None 60.028 | TIMEOUT None 60.034 []
OK  LP_544_80_12 no-card TIMEOUT None 60.031 | TIMEOUT None 60.027 []
OK  LP_544_80_12 card-mto TIMEOUT None 60.029 | TIMEOUT None 60.031 []
OK  LP_544_80_12 card-sinz TIMEOUT None 60.025 | TIMEOUT None 60.026 []
OK  LP_714_100_unknown default TIMEOUT None 60.033 | TIMEOUT None 60.034 []
OK  LP_714_100_unknown no-card TIMEOUT None 60.038 | TIMEOUT None 60.026 []
OK  LP_714_100_unknown card-mto TIMEOUT None 60.028 | TIMEOUT None 60.038 []
OK  LP_714_100_unknown card-sinz TIMEOUT None 60.034 | TIMEOUT None 60.035 []
OK  PK_31 default TIMEOUT None 60.047 | TIMEOUT None 60.043 []
OK  PK_31 no-card TIMEOUT None 60.05 | TIMEOUT None 60.041 []
OK  PK_31 card-mto TIMEOUT None 60.041 | TIMEOUT None 60.042 []
OK  TN_108_2_12 no-card done 12 57.299 | done 12 20.545 []
OK  TN_108_2_12 default TIMEOUT None 60.025 | done 12 25.518 []
OK  PK_31 card-sinz TIMEOUT None 60.044 | TIMEOUT None 60.034 []
OK  TN_108_2_12 card-mto TIMEOUT None 60.023 | done 12 24.66 []
OK  TN_108_2_12 card-sinz TIMEOUT None 60.018 | done 12 23.625 []
OK  TN_144_2_13 default TIMEOUT None 60.024 | TIMEOUT None 60.022 []
OK  TN_144_2_13 no-card TIMEOUT None 60.025 | TIMEOUT None 60.013 []
OK  TN_144_2_13 card-mto TIMEOUT None 60.019 | TIMEOUT None 60.018 []
OK  TN_144_2_13 card-sinz TIMEOUT None 60.024 | TIMEOUT None 60.019 []
OK  TN_180_2_17 default TIMEOUT None 60.016 | TIMEOUT None 60.02 []
OK  TN_180_2_17 no-card TIMEOUT None 60.016 | TIMEOUT None 60.019 []
OK  TN_200_10_10 default TIMEOUT None 60.029 | done 10 16.65 []
OK  TN_200_10_10 no-card done 10 33.895 | TIMEOUT None 60.019 []
OK  TN_180_2_17 card-mto TIMEOUT None 60.018 | TIMEOUT None 60.019 []
OK  TN_180_2_17 card-sinz TIMEOUT None 60.018 | TIMEOUT None 60.019 []
OK  TN_200_10_10 card-mto TIMEOUT None 60.019 | done 10 17.927 []
OK  TN_200_10_10 card-sinz TIMEOUT None 60.022 | done 10 33.883 []
OK  TN_216_4_18 default TIMEOUT None 60.018 | TIMEOUT None 60.015 []
OK  TN_216_4_18 no-card TIMEOUT None 60.022 | TIMEOUT None 60.019 []
OK  TN_216_4_18 card-mto TIMEOUT None 60.024 | TIMEOUT None 60.025 []
OK  TN_216_4_18 card-sinz TIMEOUT None 60.019 | TIMEOUT None 60.022 []
OK  TN_250_10_15 default TIMEOUT None 60.022 | TIMEOUT None 60.022 []
OK  TN_250_10_15 no-card TIMEOUT None 60.022 | TIMEOUT None 60.02 []
OK  TN_250_10_15 card-mto TIMEOUT None 60.018 | TIMEOUT None 60.02 []
OK  TN_250_10_15 card-sinz TIMEOUT None 60.021 | TIMEOUT None 60.026 []
OK  TN_252_2_21 default TIMEOUT None 60.027 | TIMEOUT None 60.026 []
OK  TN_252_2_21 no-card TIMEOUT None 60.016 | TIMEOUT None 60.017 []
OK  TN_252_2_21 card-mto TIMEOUT None 60.022 | TIMEOUT None 60.022 []
OK  TN_252_2_21 card-sinz TIMEOUT None 60.026 | TIMEOUT None 60.024 []
OK  TN_288_2_24 default TIMEOUT None 60.028 | TIMEOUT None 60.016 []
OK  TN_288_2_24 no-card TIMEOUT None 60.015 | TIMEOUT None 60.02 []
OK  TN_288_2_24 card-mto TIMEOUT None 60.024 | TIMEOUT None 60.02 []
OK  TN_288_2_24 card-sinz TIMEOUT None 60.016 | TIMEOUT None 60.026 []
OK  TN_324_4_25 default TIMEOUT None 60.02 | TIMEOUT None 60.023 []
OK  TN_324_4_25 no-card TIMEOUT None 60.022 | TIMEOUT None 60.023 []
OK  TN_324_4_25 card-mto TIMEOUT None 60.022 | TIMEOUT None 60.023 []
OK  TN_36_8_3 default done 3 0.019 | done 3 0.029 []
OK  TN_36_8_3 no-card done 3 0.021 | done 3 0.028 []
OK  TN_36_8_3 card-mto done 3 0.02 | done 3 0.03 []
OK  TN_36_8_3 card-sinz done 3 0.02 | done 3 0.029 []
OK  TN_36_8_4 default done 4 0.03 | done 4 0.05 []
OK  TN_36_8_4 no-card done 4 0.049 | done 4 0.049 []
OK  TN_36_8_4 card-mto done 4 0.058 | done 4 0.039 []
OK  TN_36_8_4 card-sinz done 4 0.036 | done 4 0.037 []
OK  TN_324_4_25 card-sinz TIMEOUT None 60.018 | TIMEOUT None 60.023 []
OK  TN_360_4_24 default TIMEOUT None 60.024 | TIMEOUT None 60.02 []
OK  TN_360_4_24 no-card TIMEOUT None 60.021 | TIMEOUT None 60.021 []
OK  TN_360_4_24 card-mto TIMEOUT None 60.025 | TIMEOUT None 60.023 []
OK  TN_360_4_24 card-sinz TIMEOUT None 60.03 | TIMEOUT None 60.021 []
OK  TN_396_4_26 default TIMEOUT None 60.027 | TIMEOUT None 60.028 []
OK  TN_396_4_26 no-card TIMEOUT None 60.032 | TIMEOUT None 60.027 []
OK  TN_396_4_26 card-mto TIMEOUT None 60.021 | TIMEOUT None 60.025 []
OK  TN_396_4_26 card-sinz TIMEOUT None 60.021 | TIMEOUT None 60.026 []
OK  TN_432_8_33 default TIMEOUT None 60.019 | TIMEOUT None 60.024 []
OK  TN_432_8_33 no-card TIMEOUT None 60.021 | TIMEOUT None 60.026 []
OK  TN_432_8_33 card-mto TIMEOUT None 60.027 | TIMEOUT None 60.019 []
OK  TN_432_8_33 card-sinz TIMEOUT None 60.022 | TIMEOUT None 60.031 []
OK  TN_468_4_31 default TIMEOUT None 60.026 | TIMEOUT None 60.026 []
OK  TN_468_4_31 no-card TIMEOUT None 60.018 | TIMEOUT None 60.018 []
OK  TN_468_4_31 card-mto TIMEOUT None 60.026 | TIMEOUT None 60.025 []
OK  TN_468_4_31 card-sinz TIMEOUT None 60.03 | TIMEOUT None 60.023 []
OK  TN_496_2_32 default TIMEOUT None 60.022 | TIMEOUT None 60.028 []
OK  TN_496_2_32 no-card TIMEOUT None 60.018 | TIMEOUT None 60.021 []
OK  TN_496_2_32 card-mto TIMEOUT None 60.022 | TIMEOUT None 60.027 []
OK  TN_496_2_32 card-sinz TIMEOUT None 60.028 | TIMEOUT None 60.021 []
OK  TN_504_2_45 default TIMEOUT None 60.022 | TIMEOUT None 60.031 []
OK  TN_504_2_45 no-card TIMEOUT None 60.047 | TIMEOUT None 60.02 []
OK  TN_504_2_45 card-mto TIMEOUT None 60.026 | TIMEOUT None 60.018 []
OK  TN_54_11_4 default done 4 0.052 | done 4 0.059 []
OK  TN_54_11_4 no-card done 4 0.04 | done 4 0.051 []
OK  TN_54_11_4 card-mto done 4 0.04 | done 4 0.06 []
OK  TN_54_11_4 card-sinz done 4 0.061 | done 4 0.048 []
OK  TN_504_2_45 card-sinz TIMEOUT None 60.021 | TIMEOUT None 60.027 []
OK  TN_540_4_40 default TIMEOUT None 60.019 | TIMEOUT None 60.027 []
OK  TN_540_4_40 no-card TIMEOUT None 60.022 | TIMEOUT None 60.024 []
OK  TN_540_4_40 card-mto TIMEOUT None 60.023 | TIMEOUT None 60.026 []
OK  TN_540_4_40 card-sinz TIMEOUT None 60.032 | TIMEOUT None 60.02 []
OK  TN_576_2_57 default TIMEOUT None 60.024 | TIMEOUT None 60.031 []
OK  TN_576_2_57 no-card TIMEOUT None 60.031 | TIMEOUT None 60.025 []
OK  TN_576_2_57 card-mto TIMEOUT None 60.021 | TIMEOUT None 60.028 []
OK  TN_576_2_57 card-sinz TIMEOUT None 60.022 | TIMEOUT None 60.022 []
OK  TN_576_2_59 default TIMEOUT None 60.035 | TIMEOUT None 60.034 []
OK  TN_576_2_59 no-card TIMEOUT None 60.031 | TIMEOUT None 60.023 []
OK  TN_576_2_59 card-mto TIMEOUT None 60.034 | TIMEOUT None 60.031 []
OK  TN_576_2_59 card-sinz TIMEOUT None 60.018 | TIMEOUT None 60.025 []
OK  TN_612_2_52 default TIMEOUT None 60.03 | TIMEOUT None 60.021 []
OK  TN_612_2_52 no-card TIMEOUT None 60.027 | TIMEOUT None 60.024 []
OK  TN_612_2_52 card-mto TIMEOUT None 60.031 | TIMEOUT None 60.033 []
OK  TN_612_2_52 card-sinz TIMEOUT None 60.025 | TIMEOUT None 60.031 []
OK  TN_648_10_71 default TIMEOUT None 60.029 | TIMEOUT None 60.022 []
OK  TN_648_10_71 no-card TIMEOUT None 60.024 | TIMEOUT None 60.02 []
OK  TN_648_10_71 card-mto TIMEOUT None 60.03 | TIMEOUT None 60.027 []
OK  TN_648_10_71 card-sinz TIMEOUT None 60.023 | TIMEOUT None 60.018 []
OK  TN_648_14_50 default TIMEOUT None 60.028 | TIMEOUT None 60.026 []
OK  TN_648_14_50 no-card TIMEOUT None 60.034 | TIMEOUT None 60.031 []
OK  TN_648_14_50 card-mto TIMEOUT None 60.035 | TIMEOUT None 60.034 []
OK  TN_72_14_4 default done 4 0.05 | done 4 0.071 []
OK  TN_72_14_4 no-card done 4 0.047 | done 4 0.04 []
OK  TN_72_14_4 card-mto done 4 0.039 | done 4 0.06 []
OK  TN_72_14_4 card-sinz done 4 0.08 | done 4 0.06 []
OK  TN_72_8_8 default done 8 1.582 | done 8 0.726 []
OK  TN_72_8_8 no-card done 8 1.322 | done 8 0.486 []
OK  TN_72_8_8 card-mto done 8 1.324 | done 8 0.736 []
OK  TN_72_8_8 card-sinz done 8 1.061 | done 8 0.614 []
OK  TN_648_14_50 card-sinz TIMEOUT None 60.023 | TIMEOUT None 60.028 []
OK  TN_684_2_29 default TIMEOUT None 60.027 | TIMEOUT None 60.027 []
OK  TN_684_2_29 no-card TIMEOUT None 60.036 | TIMEOUT None 60.028 []
OK  TN_684_2_29 card-mto TIMEOUT None 60.038 | TIMEOUT None 60.034 []
OK  TN_684_2_29 card-sinz TIMEOUT None 60.028 | TIMEOUT None 60.032 []
OK  xu_30 default TIMEOUT None 60.037 | TIMEOUT None 60.031 []
OK  xu_30 no-card TIMEOUT None 60.039 | TIMEOUT None 60.039 []
OK  xu_30 card-mto TIMEOUT None 60.04 | TIMEOUT None 60.044 []
OK  xu_30 card-sinz TIMEOUT None 60.039 | TIMEOUT None 60.039 []
OK  xu_42 default TIMEOUT None 60.063 | TIMEOUT None 60.049 []
OK  xu_42 no-card TIMEOUT None 60.056 | TIMEOUT None 60.053 []
OK  xu_42 card-mto TIMEOUT None 60.061 | TIMEOUT None 60.039 []
OK  xu_42 card-sinz TIMEOUT None 60.054 | TIMEOUT None 60.053 []
{"both_done": 52, "only_cand_done": 17, "only_base_done": 1, "problems": 0} ALL_OK
