0000.gate.BB_90_8_10.no-card.0.baseline 1.877s o 10 load=1.21
0001.gate.BB_90_8_10.no-card.0.candidate 1.478s o 10 load=1.21
0002.gate.BB_90_8_10.no-card.1.candidate 1.495s o 10 load=1.20
0003.gate.BB_90_8_10.no-card.1.baseline 1.870s o 10 load=1.20
0004.gate.BB_90_8_10.no-card.2.baseline 1.876s o 10 load=1.20
0005.gate.BB_90_8_10.no-card.2.candidate 1.474s o 10 load=1.42
0006.replicate.BB_90_8_10.no-card.0.baseline 1.869s o 10 load=1.42
0007.replicate.BB_90_8_10.no-card.0.candidate 1.474s o 10 load=1.42
0008.replicate.BB_90_8_10.no-card.1.candidate 1.481s o 10 load=1.39
0009.replicate.BB_90_8_10.no-card.1.baseline 1.871s o 10 load=1.39
0010.replicate.BB_90_8_10.no-card.2.baseline 1.871s o 10 load=1.39
0011.replicate.BB_90_8_10.no-card.2.candidate 1.484s o 10 load=1.35
0012.replicate.BB_90_8_10.no-card.3.candidate 1.486s o 10 load=1.35
0013.replicate.BB_90_8_10.no-card.3.baseline 1.876s o 10 load=1.35
0014.replicate.BB_90_8_10.no-card.4.baseline 1.872s o 10 load=1.33
0015.replicate.BB_90_8_10.no-card.4.candidate 1.471s o 10 load=1.33
0016.replicate.BB_90_8_10.no-card.5.candidate 1.484s o 10 load=1.33
0017.replicate.BB_90_8_10.no-card.5.baseline 1.871s o 10 load=1.30
0018.replicate.BB_90_8_10.no-card.6.baseline 1.872s o 10 load=1.30
0019.replicate.BB_90_8_10.no-card.6.candidate 1.479s o 10 load=1.30
0020.replicate.BB_90_8_10.no-card.7.candidate 1.474s o 10 load=1.28
0021.replicate.BB_90_8_10.no-card.7.baseline 1.870s o 10 load=1.28
0022.replicate.BB_90_8_10.no-card.8.baseline 1.880s o 10 load=1.28
0023.replicate.BB_90_8_10.no-card.8.candidate 1.482s o 10 load=1.25
0024.replicate.BB_90_8_10.no-card.9.candidate 1.478s o 10 load=1.25
0025.replicate.BB_90_8_10.no-card.9.baseline 1.872s o 10 load=1.25
0026.gate.BB_90_8_10.card-mto.0.baseline 1.658s o 10 load=1.47
0027.gate.BB_90_8_10.card-mto.0.candidate 1.610s o 10 load=1.47
0028.gate.BB_90_8_10.card-mto.1.candidate 1.603s o 10 load=1.47
0029.gate.BB_90_8_10.card-mto.1.baseline 1.664s o 10 load=1.43
0030.gate.BB_90_8_10.card-mto.2.baseline 1.666s o 10 load=1.43
0031.gate.BB_90_8_10.card-mto.2.candidate 1.608s o 10 load=1.43
0032.replicate.BB_90_8_10.card-mto.0.baseline 1.662s o 10 load=1.40
0033.replicate.BB_90_8_10.card-mto.0.candidate 1.608s o 10 load=1.40
0034.replicate.BB_90_8_10.card-mto.1.candidate 1.601s o 10 load=1.40
0035.replicate.BB_90_8_10.card-mto.1.baseline 1.661s o 10 load=1.37
0036.replicate.BB_90_8_10.card-mto.2.baseline 1.666s o 10 load=1.37
0037.replicate.BB_90_8_10.card-mto.2.candidate 1.609s o 10 load=1.37
0038.replicate.BB_90_8_10.card-mto.3.candidate 1.611s o 10 load=1.42
0039.replicate.BB_90_8_10.card-mto.3.baseline 1.670s o 10 load=1.42
0040.replicate.BB_90_8_10.card-mto.4.baseline 1.679s o 10 load=1.42
0041.replicate.BB_90_8_10.card-mto.4.candidate 1.611s o 10 load=1.70
0042.replicate.BB_90_8_10.card-mto.5.candidate 1.607s o 10 load=1.70
0043.replicate.BB_90_8_10.card-mto.5.baseline 1.660s o 10 load=1.70
0044.replicate.BB_90_8_10.card-mto.6.baseline 1.669s o 10 load=1.65
0045.replicate.BB_90_8_10.card-mto.6.candidate 1.614s o 10 load=1.65
0046.replicate.BB_90_8_10.card-mto.7.candidate 1.617s o 10 load=1.65
0047.replicate.BB_90_8_10.card-mto.7.baseline 1.661s o 10 load=1.60
0048.replicate.BB_90_8_10.card-mto.8.baseline 1.665s o 10 load=1.60
0049.replicate.BB_90_8_10.card-mto.8.candidate 1.604s o 10 load=1.60
0050.replicate.BB_90_8_10.card-mto.9.candidate 1.614s o 10 load=1.71
0051.replicate.BB_90_8_10.card-mto.9.baseline 1.665s o 10 load=1.71
0052.gate.GB_144_12_8.no-card.0.baseline 0.661s o 8 load=1.71
0053.gate.GB_144_12_8.no-card.0.candidate 0.960s o 8 load=1.71
0054.gate.GB_144_12_8.no-card.1.candidate 0.965s o 8 load=1.65
0055.gate.GB_144_12_8.no-card.1.baseline 0.664s o 8 load=1.65
0056.gate.GB_144_12_8.no-card.2.baseline 0.666s o 8 load=1.65
0057.gate.GB_144_12_8.no-card.2.candidate 0.955s o 8 load=1.65
0058.replicate.GB_144_12_8.no-card.0.baseline 0.659s o 8 load=1.65
0059.replicate.GB_144_12_8.no-card.0.candidate 0.958s o 8 load=1.65
0060.replicate.GB_144_12_8.no-card.1.candidate 0.956s o 8 load=1.60
0061.replicate.GB_144_12_8.no-card.1.baseline 0.669s o 8 load=1.60
0062.replicate.GB_144_12_8.no-card.2.baseline 0.660s o 8 load=1.60
0063.replicate.GB_144_12_8.no-card.2.candidate 0.967s o 8 load=1.60
0064.replicate.GB_144_12_8.no-card.3.candidate 0.951s o 8 load=1.60
0065.replicate.GB_144_12_8.no-card.3.baseline 0.669s o 8 load=1.60
0066.replicate.GB_144_12_8.no-card.4.baseline 0.662s o 8 load=1.60
0067.replicate.GB_144_12_8.no-card.4.candidate 0.956s o 8 load=1.55
0068.replicate.GB_144_12_8.no-card.5.candidate 0.964s o 8 load=1.55
0069.replicate.GB_144_12_8.no-card.5.baseline 0.658s o 8 load=1.55
0070.replicate.GB_144_12_8.no-card.6.baseline 0.671s o 8 load=1.55
0071.replicate.GB_144_12_8.no-card.6.candidate 0.952s o 8 load=1.55
0072.replicate.GB_144_12_8.no-card.7.candidate 0.965s o 8 load=1.55
0073.replicate.GB_144_12_8.no-card.7.baseline 0.658s o 8 load=1.51
0074.replicate.GB_144_12_8.no-card.8.baseline 0.663s o 8 load=1.51
0075.replicate.GB_144_12_8.no-card.8.candidate 0.952s o 8 load=1.51
0076.replicate.GB_144_12_8.no-card.9.candidate 0.965s o 8 load=1.51
0077.replicate.GB_144_12_8.no-card.9.baseline 0.671s o 8 load=1.51
0078.gate.GB_144_12_8.card-mto.0.baseline 1.118s o 8 load=1.51
0079.gate.GB_144_12_8.card-mto.0.candidate 0.758s o 8 load=1.54
0080.gate.GB_144_12_8.card-mto.1.candidate 0.765s o 8 load=1.54
0081.gate.GB_144_12_8.card-mto.1.baseline 1.116s o 8 load=1.54
0082.gate.GB_144_12_8.card-mto.2.baseline 1.122s o 8 load=1.54
0083.gate.GB_144_12_8.card-mto.2.candidate 0.768s o 8 load=1.54
0084.replicate.GB_144_12_8.card-mto.0.baseline 1.125s o 8 load=1.50
0085.replicate.GB_144_12_8.card-mto.0.candidate 0.768s o 8 load=1.50
0086.replicate.GB_144_12_8.card-mto.1.candidate 0.759s o 8 load=1.50
0087.replicate.GB_144_12_8.card-mto.1.baseline 1.124s o 8 load=1.50
0088.replicate.GB_144_12_8.card-mto.2.baseline 1.117s o 8 load=1.50
0089.replicate.GB_144_12_8.card-mto.2.candidate 0.764s o 8 load=1.46
0090.replicate.GB_144_12_8.card-mto.3.candidate 0.767s o 8 load=1.46
0091.replicate.GB_144_12_8.card-mto.3.baseline 1.111s o 8 load=1.46
0092.replicate.GB_144_12_8.card-mto.4.baseline 1.115s o 8 load=1.46
0093.replicate.GB_144_12_8.card-mto.4.candidate 0.765s o 8 load=1.46
0094.replicate.GB_144_12_8.card-mto.5.candidate 0.759s o 8 load=1.42
0095.replicate.GB_144_12_8.card-mto.5.baseline 1.121s o 8 load=1.42
0096.replicate.GB_144_12_8.card-mto.6.baseline 1.118s o 8 load=1.42
0097.replicate.GB_144_12_8.card-mto.6.candidate 0.767s o 8 load=1.42
0098.replicate.GB_144_12_8.card-mto.7.candidate 0.764s o 8 load=1.42
0099.replicate.GB_144_12_8.card-mto.7.baseline 1.121s o 8 load=1.42
0100.replicate.GB_144_12_8.card-mto.8.baseline 1.121s o 8 load=1.39
0101.replicate.GB_144_12_8.card-mto.8.candidate 0.769s o 8 load=1.39
0102.replicate.GB_144_12_8.card-mto.9.candidate 0.771s o 8 load=1.39
0103.replicate.GB_144_12_8.card-mto.9.baseline 1.115s o 8 load=1.39
0104.gate.BB_108_8_10.no-card.0.baseline 2.286s o 10 load=1.39
0105.gate.BB_108_8_10.no-card.0.candidate 2.002s o 10 load=1.36
0106.gate.BB_108_8_10.no-card.1.candidate 2.002s o 10 load=1.36
0107.gate.BB_108_8_10.no-card.1.baseline 2.294s o 10 load=1.33
0108.gate.BB_108_8_10.no-card.2.baseline 2.287s o 10 load=1.33
0109.gate.BB_108_8_10.no-card.2.candidate 1.999s o 10 load=1.30
0110.replicate.BB_108_8_10.no-card.0.baseline 2.287s o 10 load=1.30
0111.replicate.BB_108_8_10.no-card.0.candidate 1.989s o 10 load=1.30
0112.replicate.BB_108_8_10.no-card.1.candidate 1.997s o 10 load=1.28
0113.replicate.BB_108_8_10.no-card.1.baseline 2.287s o 10 load=1.28
0114.replicate.BB_108_8_10.no-card.2.baseline 2.296s o 10 load=1.34
0115.replicate.BB_108_8_10.no-card.2.candidate 1.995s o 10 load=1.34
0116.replicate.BB_108_8_10.no-card.3.candidate 1.994s o 10 load=1.31
0117.replicate.BB_108_8_10.no-card.3.baseline 2.293s o 10 load=1.31
0118.replicate.BB_108_8_10.no-card.4.baseline 2.289s o 10 load=1.31
0119.replicate.BB_108_8_10.no-card.4.candidate 1.988s o 10 load=1.28
0120.replicate.BB_108_8_10.no-card.5.candidate 1.992s o 10 load=1.28
0121.replicate.BB_108_8_10.no-card.5.baseline 2.282s o 10 load=1.26
0122.replicate.BB_108_8_10.no-card.6.baseline 2.293s o 10 load=1.26
0123.replicate.BB_108_8_10.no-card.6.candidate 1.989s o 10 load=1.24
0124.replicate.BB_108_8_10.no-card.7.candidate 2.001s o 10 load=1.24
0125.replicate.BB_108_8_10.no-card.7.baseline 2.290s o 10 load=1.24
0126.replicate.BB_108_8_10.no-card.8.baseline 2.291s o 10 load=1.38
0127.replicate.BB_108_8_10.no-card.8.candidate 1.993s o 10 load=1.38
0128.replicate.BB_108_8_10.no-card.9.candidate 1.997s o 10 load=1.35
0129.replicate.BB_108_8_10.no-card.9.baseline 2.296s o 10 load=1.35
0130.gate.BB_108_8_10.card-mto.0.baseline 2.337s o 10 load=1.32
0131.gate.BB_108_8_10.card-mto.0.candidate 2.036s o 10 load=1.32
0132.gate.BB_108_8_10.card-mto.1.candidate 2.036s o 10 load=1.32
0133.gate.BB_108_8_10.card-mto.1.baseline 2.326s o 10 load=1.30
0134.gate.BB_108_8_10.card-mto.2.baseline 2.337s o 10 load=1.30
0135.gate.BB_108_8_10.card-mto.2.candidate 2.031s o 10 load=1.27
0136.replicate.BB_108_8_10.card-mto.0.baseline 2.329s o 10 load=1.27
0137.replicate.BB_108_8_10.card-mto.0.candidate 2.020s o 10 load=1.25
0138.replicate.BB_108_8_10.card-mto.1.candidate 2.023s o 10 load=1.25
0139.replicate.BB_108_8_10.card-mto.1.baseline 2.325s o 10 load=1.23
0140.replicate.BB_108_8_10.card-mto.2.baseline 2.341s o 10 load=1.23
0141.replicate.BB_108_8_10.card-mto.2.candidate 2.036s o 10 load=1.23
0142.replicate.BB_108_8_10.card-mto.3.candidate 2.020s o 10 load=1.37
0143.replicate.BB_108_8_10.card-mto.3.baseline 2.335s o 10 load=1.37
0144.replicate.BB_108_8_10.card-mto.4.baseline 2.328s o 10 load=1.34
0145.replicate.BB_108_8_10.card-mto.4.candidate 2.036s o 10 load=1.34
0146.replicate.BB_108_8_10.card-mto.5.candidate 2.025s o 10 load=1.39
0147.replicate.BB_108_8_10.card-mto.5.baseline 2.328s o 10 load=1.39
0148.replicate.BB_108_8_10.card-mto.6.baseline 2.335s o 10 load=1.39
0149.replicate.BB_108_8_10.card-mto.6.candidate 2.029s o 10 load=1.44
0150.replicate.BB_108_8_10.card-mto.7.candidate 2.027s o 10 load=1.44
0151.replicate.BB_108_8_10.card-mto.7.baseline 2.334s o 10 load=1.41
0152.replicate.BB_108_8_10.card-mto.8.baseline 2.331s o 10 load=1.41
0153.replicate.BB_108_8_10.card-mto.8.candidate 2.029s o 10 load=1.37
0154.replicate.BB_108_8_10.card-mto.9.candidate 2.031s o 10 load=1.37
0155.replicate.BB_108_8_10.card-mto.9.baseline 2.338s o 10 load=1.37
0156.gate.LP_238_44_6.no-card.0.baseline 1.203s o 6 load=1.34
0157.gate.LP_238_44_6.no-card.0.candidate 0.945s o 6 load=1.34
0158.gate.LP_238_44_6.no-card.1.candidate 0.936s o 6 load=1.34
0159.gate.LP_238_44_6.no-card.1.baseline 1.200s o 6 load=1.32
0160.gate.LP_238_44_6.no-card.2.baseline 1.198s o 6 load=1.32
0161.gate.LP_238_44_6.no-card.2.candidate 0.938s o 6 load=1.32
0162.replicate.LP_238_44_6.no-card.0.baseline 1.209s o 6 load=1.32
0163.replicate.LP_238_44_6.no-card.0.candidate 0.949s o 6 load=1.29
0164.replicate.LP_238_44_6.no-card.1.candidate 0.944s o 6 load=1.29
0165.replicate.LP_238_44_6.no-card.1.baseline 1.202s o 6 load=1.29
0166.replicate.LP_238_44_6.no-card.2.baseline 1.196s o 6 load=1.29
0167.replicate.LP_238_44_6.no-card.2.candidate 0.945s o 6 load=1.29
0168.replicate.LP_238_44_6.no-card.3.candidate 0.943s o 6 load=1.35
0169.replicate.LP_238_44_6.no-card.3.baseline 1.202s o 6 load=1.35
0170.replicate.LP_238_44_6.no-card.4.baseline 1.201s o 6 load=1.35
0171.replicate.LP_238_44_6.no-card.4.candidate 0.939s o 6 load=1.35
0172.replicate.LP_238_44_6.no-card.5.candidate 0.947s o 6 load=1.35
0173.replicate.LP_238_44_6.no-card.5.baseline 1.204s o 6 load=1.40
0174.replicate.LP_238_44_6.no-card.6.baseline 1.201s o 6 load=1.40
0175.replicate.LP_238_44_6.no-card.6.candidate 0.947s o 6 load=1.40
0176.replicate.LP_238_44_6.no-card.7.candidate 0.948s o 6 load=1.40
0177.replicate.LP_238_44_6.no-card.7.baseline 1.207s o 6 load=1.40
0178.replicate.LP_238_44_6.no-card.8.baseline 1.209s o 6 load=1.37
0179.replicate.LP_238_44_6.no-card.8.candidate 0.933s o 6 load=1.37
0180.replicate.LP_238_44_6.no-card.9.candidate 0.943s o 6 load=1.37
0181.replicate.LP_238_44_6.no-card.9.baseline 1.202s o 6 load=1.37
0182.gate.LP_238_44_6.card-mto.0.baseline 1.143s o 6 load=1.42
0183.gate.LP_238_44_6.card-mto.0.candidate 1.769s o 6 load=1.42
0184.gate.LP_238_44_6.card-mto.1.candidate 1.758s o 6 load=1.42
0185.gate.LP_238_44_6.card-mto.1.baseline 1.154s o 6 load=1.38
0186.gate.LP_238_44_6.card-mto.2.baseline 1.145s o 6 load=1.38
0187.gate.LP_238_44_6.card-mto.2.candidate 1.760s o 6 load=1.38
0188.replicate.LP_238_44_6.card-mto.0.baseline 1.143s o 6 load=1.38
0189.replicate.LP_238_44_6.card-mto.0.candidate 1.771s o 6 load=1.35
0190.replicate.LP_238_44_6.card-mto.1.candidate 1.758s o 6 load=1.35
0191.replicate.LP_238_44_6.card-mto.1.baseline 1.144s o 6 load=1.35
0192.replicate.LP_238_44_6.card-mto.2.baseline 1.151s o 6 load=1.56
0193.replicate.LP_238_44_6.card-mto.2.candidate 1.772s o 6 load=1.56
0194.replicate.LP_238_44_6.card-mto.3.candidate 1.768s o 6 load=1.56
0195.replicate.LP_238_44_6.card-mto.3.baseline 1.142s o 6 load=1.56
0196.replicate.LP_238_44_6.card-mto.4.baseline 1.149s o 6 load=1.52
0197.replicate.LP_238_44_6.card-mto.4.candidate 1.764s o 6 load=1.52
0198.replicate.LP_238_44_6.card-mto.5.candidate 1.763s o 6 load=1.52
0199.replicate.LP_238_44_6.card-mto.5.baseline 1.140s o 6 load=1.48
0200.replicate.LP_238_44_6.card-mto.6.baseline 1.137s o 6 load=1.48
0201.replicate.LP_238_44_6.card-mto.6.candidate 1.768s o 6 load=1.48
0202.replicate.LP_238_44_6.card-mto.7.candidate 1.769s o 6 load=1.48
0203.replicate.LP_238_44_6.card-mto.7.baseline 1.140s o 6 load=1.44
0204.replicate.LP_238_44_6.card-mto.8.baseline 1.141s o 6 load=1.44
0205.replicate.LP_238_44_6.card-mto.8.candidate 1.770s o 6 load=1.44
0206.replicate.LP_238_44_6.card-mto.9.candidate 1.772s o 6 load=1.40
0207.replicate.LP_238_44_6.card-mto.9.baseline 1.142s o 6 load=1.40
{
 "stopped": null,
 "n_samples": 208,
 "finished": "2026-10-09T10:45:24+0800",
 "binary_sha256_after": {
  "baseline": "ac43af52144330f72d838667c82851511bc208f1cb35966359126c2d6a69eb26",
  "candidate": "225e5423d1bf152ff438975b28d336631406ed7197830a71d1862c0c2f971bb6"
 },
 "input_sha256_after_ok": true
}
gate no-card geomean 0.93943 envelope 0.94751 positive False flags ['GB_144_12_8']
gate card-mto geomean 0.97008 envelope 0.97527 positive False flags ['LP_238_44_6']
replicate no-card geomean 0.94011 envelope 0.94959 positive False flags ['GB_144_12_8']
replicate card-mto geomean 0.97158 envelope 0.97998 positive False flags ['LP_238_44_6']
exit=0
