0000.gate.BB_90_8_10.no-card.0.baseline 1.870s o 10 load=1.42
0001.gate.BB_90_8_10.no-card.0.candidate 1.479s o 10 load=1.42
0002.gate.BB_90_8_10.no-card.1.candidate 1.514s o 10 load=1.38
0003.gate.BB_90_8_10.no-card.1.baseline 1.868s o 10 load=1.38
0004.gate.BB_90_8_10.no-card.2.baseline 1.871s o 10 load=1.38
0005.gate.BB_90_8_10.no-card.2.candidate 1.479s o 10 load=1.51
0006.replicate.BB_90_8_10.no-card.0.baseline 1.868s o 10 load=1.51
0007.replicate.BB_90_8_10.no-card.0.candidate 1.530s o 10 load=1.51
0008.replicate.BB_90_8_10.no-card.1.candidate 1.485s o 10 load=1.47
0009.replicate.BB_90_8_10.no-card.1.baseline 1.868s o 10 load=1.47
0010.replicate.BB_90_8_10.no-card.2.baseline 1.875s o 10 load=1.47
0011.replicate.BB_90_8_10.no-card.2.candidate 1.480s o 10 load=1.43
0012.replicate.BB_90_8_10.no-card.3.candidate 1.479s o 10 load=1.43
0013.replicate.BB_90_8_10.no-card.3.baseline 1.870s o 10 load=1.43
0014.replicate.BB_90_8_10.no-card.4.baseline 1.864s o 10 load=1.40
0015.replicate.BB_90_8_10.no-card.4.candidate 1.483s o 10 load=1.40
0016.replicate.BB_90_8_10.no-card.5.candidate 1.478s o 10 load=1.40
0017.replicate.BB_90_8_10.no-card.5.baseline 1.868s o 10 load=1.36
0018.replicate.BB_90_8_10.no-card.6.baseline 1.865s o 10 load=1.36
0019.replicate.BB_90_8_10.no-card.6.candidate 1.484s o 10 load=1.36
0020.replicate.BB_90_8_10.no-card.7.candidate 1.483s o 10 load=1.34
0021.replicate.BB_90_8_10.no-card.7.baseline 1.869s o 10 load=1.34
0022.replicate.BB_90_8_10.no-card.8.baseline 1.869s o 10 load=1.34
0023.replicate.BB_90_8_10.no-card.8.candidate 1.476s o 10 load=1.31
0024.replicate.BB_90_8_10.no-card.9.candidate 1.485s o 10 load=1.31
0025.replicate.BB_90_8_10.no-card.9.baseline 1.869s o 10 load=1.31
0026.gate.BB_90_8_10.card-mto.0.baseline 1.668s o 10 load=1.28
0027.gate.BB_90_8_10.card-mto.0.candidate 1.600s o 10 load=1.28
0028.gate.BB_90_8_10.card-mto.1.candidate 1.611s o 10 load=1.28
0029.gate.BB_90_8_10.card-mto.1.baseline 1.655s o 10 load=1.42
0030.gate.BB_90_8_10.card-mto.2.baseline 1.666s o 10 load=1.42
0031.gate.BB_90_8_10.card-mto.2.candidate 1.611s o 10 load=1.42
0032.replicate.BB_90_8_10.card-mto.0.baseline 1.661s o 10 load=1.39
0033.replicate.BB_90_8_10.card-mto.0.candidate 1.616s o 10 load=1.39
0034.replicate.BB_90_8_10.card-mto.1.candidate 1.607s o 10 load=1.39
0035.replicate.BB_90_8_10.card-mto.1.baseline 1.659s o 10 load=1.36
0036.replicate.BB_90_8_10.card-mto.2.baseline 1.663s o 10 load=1.36
0037.replicate.BB_90_8_10.card-mto.2.candidate 1.603s o 10 load=1.36
0038.replicate.BB_90_8_10.card-mto.3.candidate 1.608s o 10 load=1.33
0039.replicate.BB_90_8_10.card-mto.3.baseline 1.668s o 10 load=1.33
0040.replicate.BB_90_8_10.card-mto.4.baseline 1.660s o 10 load=1.33
0041.replicate.BB_90_8_10.card-mto.4.candidate 1.605s o 10 load=1.30
0042.replicate.BB_90_8_10.card-mto.5.candidate 1.604s o 10 load=1.30
0043.replicate.BB_90_8_10.card-mto.5.baseline 1.657s o 10 load=1.30
0044.replicate.BB_90_8_10.card-mto.6.baseline 1.679s o 10 load=1.28
0045.replicate.BB_90_8_10.card-mto.6.candidate 1.609s o 10 load=1.28
0046.replicate.BB_90_8_10.card-mto.7.candidate 1.606s o 10 load=1.28
0047.replicate.BB_90_8_10.card-mto.7.baseline 1.669s o 10 load=1.33
0048.replicate.BB_90_8_10.card-mto.8.baseline 1.667s o 10 load=1.33
0049.replicate.BB_90_8_10.card-mto.8.candidate 1.610s o 10 load=1.33
0050.replicate.BB_90_8_10.card-mto.9.candidate 1.612s o 10 load=1.31
0051.replicate.BB_90_8_10.card-mto.9.baseline 1.655s o 10 load=1.31
0052.gate.GB_144_12_8.no-card.0.baseline 0.658s o 8 load=1.31
{
 "stopped": "SCIENCE: emitted progress/bound lines differ in 0053.gate.GB_144_12_8.no-card.0.candidate",
 "n_samples": 54,
 "finished": "2026-10-09T10:39:54+0800",
 "binary_sha256_after": {
  "baseline": "ac43af52144330f72d838667c82851511bc208f1cb35966359126c2d6a69eb26",
  "candidate": "225e5423d1bf152ff438975b28d336631406ed7197830a71d1862c0c2f971bb6"
 },
 "input_sha256_after_ok": true
}
exit=2
