LITVALS_CHECK mismatch lit 69
c DistQLDPC — QLDPC/CSS minimum distance (symplectic MaxSAT)
c solver: MaxCDCL, cardinality encoding: MTO only
c Hx: data/matrices/LP_34_20_2_Hx.txt
c Hz: data/matrices/LP_34_20_2_Hz.txt
c Gx: data/matrices/LP_34_20_2_Gx.txt
c Gz: data/matrices/LP_34_20_2_Gz.txt
c Hx: 15 x 34, Hz: 15 x 34, Gx: 20 x 34, Gz: 20 x 34, logicals: 40
c DistQLDPC — QLDPC/CSS minimum distance (symplectic MaxSAT)
c solver: MaxCDCL, cardinality encoding: MTO only
c Hx: data/matrices/LP_34_20_2_Hx.txt
c Hz: data/matrices/LP_34_20_2_Hz.txt
c Gx: data/matrices/LP_34_20_2_Gx.txt
c Gz: data/matrices/LP_34_20_2_Gz.txt
c Hx: 15 x 34, Hz: 15 x 34, Gx: 20 x 34, Gz: 20 x 34, logicals: 40
c d_lb: -
c d_ub: -
c status: UNKNOWN
c d  : UNKNOWN
s UNKNOWN
