0000.gate.BB_90_8_10.no-card.0.baseline 1.879s o 10 load=1.79
0001.gate.BB_90_8_10.no-card.0.candidate 1.893s o 10 load=1.79
0002.gate.BB_90_8_10.no-card.1.candidate 1.874s o 10 load=1.72
0003.gate.BB_90_8_10.no-card.1.baseline 1.909s o 10 load=1.72
0004.gate.BB_90_8_10.no-card.2.baseline 1.884s o 10 load=1.72
0005.gate.BB_90_8_10.no-card.2.candidate 1.889s o 10 load=1.66
0006.replicate.BB_90_8_10.no-card.0.baseline 1.880s o 10 load=1.66
0007.replicate.BB_90_8_10.no-card.0.candidate 1.882s o 10 load=1.69
0008.replicate.BB_90_8_10.no-card.1.candidate 1.877s o 10 load=1.69
0009.replicate.BB_90_8_10.no-card.1.baseline 1.882s o 10 load=1.69
0010.replicate.BB_90_8_10.no-card.2.baseline 1.887s o 10 load=1.64
0011.replicate.BB_90_8_10.no-card.2.candidate 1.879s o 10 load=1.64
0012.replicate.BB_90_8_10.no-card.3.candidate 1.886s o 10 load=1.64
0013.replicate.BB_90_8_10.no-card.3.baseline 1.876s o 10 load=1.58
0014.replicate.BB_90_8_10.no-card.4.baseline 1.876s o 10 load=1.58
0015.replicate.BB_90_8_10.no-card.4.candidate 1.880s o 10 load=1.70
0016.replicate.BB_90_8_10.no-card.5.candidate 1.878s o 10 load=1.70
0017.replicate.BB_90_8_10.no-card.5.baseline 1.877s o 10 load=1.70
0018.replicate.BB_90_8_10.no-card.6.baseline 1.870s o 10 load=1.80
0019.replicate.BB_90_8_10.no-card.6.candidate 1.890s o 10 load=1.80
0020.replicate.BB_90_8_10.no-card.7.candidate 1.882s o 10 load=1.80
0021.replicate.BB_90_8_10.no-card.7.baseline 1.879s o 10 load=1.74
0022.replicate.BB_90_8_10.no-card.8.baseline 1.873s o 10 load=1.74
0023.replicate.BB_90_8_10.no-card.8.candidate 1.883s o 10 load=1.76
0024.replicate.BB_90_8_10.no-card.9.candidate 1.874s o 10 load=1.76
0025.replicate.BB_90_8_10.no-card.9.baseline 1.876s o 10 load=1.76
0026.gate.BB_90_8_10.card-mto.0.baseline 1.669s o 10 load=1.70
0027.gate.BB_90_8_10.card-mto.0.candidate 1.667s o 10 load=1.70
0028.gate.BB_90_8_10.card-mto.1.candidate 1.674s o 10 load=1.70
0029.gate.BB_90_8_10.card-mto.1.baseline 1.667s o 10 load=1.80
0030.gate.BB_90_8_10.card-mto.2.baseline 1.667s o 10 load=1.80
0031.gate.BB_90_8_10.card-mto.2.candidate 1.678s o 10 load=1.80
0032.replicate.BB_90_8_10.card-mto.0.baseline 1.668s o 10 load=1.98
0033.replicate.BB_90_8_10.card-mto.0.candidate 1.676s o 10 load=1.98
0034.replicate.BB_90_8_10.card-mto.1.candidate 1.664s o 10 load=1.98
0035.replicate.BB_90_8_10.card-mto.1.baseline 1.672s o 10 load=1.90
0036.replicate.BB_90_8_10.card-mto.2.baseline 1.660s o 10 load=1.90
0037.replicate.BB_90_8_10.card-mto.2.candidate 1.674s o 10 load=1.90
0038.replicate.BB_90_8_10.card-mto.3.candidate 1.678s o 10 load=1.83
0039.replicate.BB_90_8_10.card-mto.3.baseline 1.660s o 10 load=1.83
0040.replicate.BB_90_8_10.card-mto.4.baseline 1.671s o 10 load=1.83
0041.replicate.BB_90_8_10.card-mto.4.candidate 1.665s o 10 load=1.84
0042.replicate.BB_90_8_10.card-mto.5.candidate 1.675s o 10 load=1.84
0043.replicate.BB_90_8_10.card-mto.5.baseline 1.661s o 10 load=1.84
0044.replicate.BB_90_8_10.card-mto.6.baseline 1.661s o 10 load=1.93
0045.replicate.BB_90_8_10.card-mto.6.candidate 1.668s o 10 load=1.93
0046.replicate.BB_90_8_10.card-mto.7.candidate 1.673s o 10 load=1.93
0047.replicate.BB_90_8_10.card-mto.7.baseline 1.663s o 10 load=1.86
0048.replicate.BB_90_8_10.card-mto.8.baseline 1.670s o 10 load=1.86
0049.replicate.BB_90_8_10.card-mto.8.candidate 1.671s o 10 load=1.86
0050.replicate.BB_90_8_10.card-mto.9.candidate 1.667s o 10 load=1.79
0051.replicate.BB_90_8_10.card-mto.9.baseline 1.669s o 10 load=1.79
0052.gate.GB_144_12_8.no-card.0.baseline 0.665s o 8 load=1.79
0053.gate.GB_144_12_8.no-card.0.candidate 0.671s o 8 load=1.73
0054.gate.GB_144_12_8.no-card.1.candidate 0.671s o 8 load=1.73
0055.gate.GB_144_12_8.no-card.1.baseline 0.664s o 8 load=1.73
0056.gate.GB_144_12_8.no-card.2.baseline 0.667s o 8 load=1.73
0057.gate.GB_144_12_8.no-card.2.candidate 0.665s o 8 load=1.73
0058.replicate.GB_144_12_8.no-card.0.baseline 0.671s o 8 load=1.73
0059.replicate.GB_144_12_8.no-card.0.candidate 0.670s o 8 load=1.73
0060.replicate.GB_144_12_8.no-card.1.candidate 0.675s o 8 load=1.67
0061.replicate.GB_144_12_8.no-card.1.baseline 0.671s o 8 load=1.67
0062.replicate.GB_144_12_8.no-card.2.baseline 0.673s o 8 load=1.67
0063.replicate.GB_144_12_8.no-card.2.candidate 0.674s o 8 load=1.67
0064.replicate.GB_144_12_8.no-card.3.candidate 0.665s o 8 load=1.67
0065.replicate.GB_144_12_8.no-card.3.baseline 0.667s o 8 load=1.67
0066.replicate.GB_144_12_8.no-card.4.baseline 0.668s o 8 load=1.67
0067.replicate.GB_144_12_8.no-card.4.candidate 0.673s o 8 load=1.67
0068.replicate.GB_144_12_8.no-card.5.candidate 0.674s o 8 load=1.61
0069.replicate.GB_144_12_8.no-card.5.baseline 0.667s o 8 load=1.61
0070.replicate.GB_144_12_8.no-card.6.baseline 0.660s o 8 load=1.61
0071.replicate.GB_144_12_8.no-card.6.candidate 0.665s o 8 load=1.61
0072.replicate.GB_144_12_8.no-card.7.candidate 0.674s o 8 load=1.61
0073.replicate.GB_144_12_8.no-card.7.baseline 0.670s o 8 load=1.61
0074.replicate.GB_144_12_8.no-card.8.baseline 0.668s o 8 load=1.61
0075.replicate.GB_144_12_8.no-card.8.candidate 0.670s o 8 load=1.56
0076.replicate.GB_144_12_8.no-card.9.candidate 0.665s o 8 load=1.56
0077.replicate.GB_144_12_8.no-card.9.baseline 0.672s o 8 load=1.56
0078.gate.GB_144_12_8.card-mto.0.baseline 1.115s o 8 load=1.56
0079.gate.GB_144_12_8.card-mto.0.candidate 1.128s o 8 load=1.56
0080.gate.GB_144_12_8.card-mto.1.candidate 1.116s o 8 load=1.56
0081.gate.GB_144_12_8.card-mto.1.baseline 1.121s o 8 load=1.60
0082.gate.GB_144_12_8.card-mto.2.baseline 1.122s o 8 load=1.60
0083.gate.GB_144_12_8.card-mto.2.candidate 1.124s o 8 load=1.60
0084.replicate.GB_144_12_8.card-mto.0.baseline 1.111s o 8 load=1.60
0085.replicate.GB_144_12_8.card-mto.0.candidate 1.123s o 8 load=1.79
0086.replicate.GB_144_12_8.card-mto.1.candidate 1.121s o 8 load=1.79
0087.replicate.GB_144_12_8.card-mto.1.baseline 1.110s o 8 load=1.79
0088.replicate.GB_144_12_8.card-mto.2.baseline 1.111s o 8 load=1.79
0089.replicate.GB_144_12_8.card-mto.2.candidate 1.123s o 8 load=1.79
0090.replicate.GB_144_12_8.card-mto.3.candidate 1.119s o 8 load=1.81
0091.replicate.GB_144_12_8.card-mto.3.baseline 1.114s o 8 load=1.81
0092.replicate.GB_144_12_8.card-mto.4.baseline 1.124s o 8 load=1.81
0093.replicate.GB_144_12_8.card-mto.4.candidate 1.122s o 8 load=1.81
0094.replicate.GB_144_12_8.card-mto.5.candidate 1.120s o 8 load=1.74
0095.replicate.GB_144_12_8.card-mto.5.baseline 1.119s o 8 load=1.74
0096.replicate.GB_144_12_8.card-mto.6.baseline 1.114s o 8 load=1.74
0097.replicate.GB_144_12_8.card-mto.6.candidate 1.119s o 8 load=1.74
0098.replicate.GB_144_12_8.card-mto.7.candidate 1.118s o 8 load=1.68
0099.replicate.GB_144_12_8.card-mto.7.baseline 1.125s o 8 load=1.68
0100.replicate.GB_144_12_8.card-mto.8.baseline 1.117s o 8 load=1.68
0101.replicate.GB_144_12_8.card-mto.8.candidate 1.117s o 8 load=1.68
0102.replicate.GB_144_12_8.card-mto.9.candidate 1.129s o 8 load=1.68
0103.replicate.GB_144_12_8.card-mto.9.baseline 1.114s o 8 load=1.63
0104.gate.BB_108_8_10.no-card.0.baseline 2.283s o 10 load=1.63
0105.gate.BB_108_8_10.no-card.0.candidate 2.296s o 10 load=1.63
0106.gate.BB_108_8_10.no-card.1.candidate 2.286s o 10 load=1.58
0107.gate.BB_108_8_10.no-card.1.baseline 2.287s o 10 load=1.58
0108.gate.BB_108_8_10.no-card.2.baseline 2.292s o 10 load=1.77
0109.gate.BB_108_8_10.no-card.2.candidate 2.307s o 10 load=1.77
0110.replicate.BB_108_8_10.no-card.0.baseline 2.292s o 10 load=1.71
0111.replicate.BB_108_8_10.no-card.0.candidate 2.304s o 10 load=1.71
0112.replicate.BB_108_8_10.no-card.1.candidate 2.309s o 10 load=1.65
0113.replicate.BB_108_8_10.no-card.1.baseline 2.297s o 10 load=1.65
0114.replicate.BB_108_8_10.no-card.2.baseline 2.293s o 10 load=1.65
0115.replicate.BB_108_8_10.no-card.2.candidate 2.298s o 10 load=1.76
0116.replicate.BB_108_8_10.no-card.3.candidate 2.297s o 10 load=1.76
0117.replicate.BB_108_8_10.no-card.3.baseline 2.285s o 10 load=1.70
0118.replicate.BB_108_8_10.no-card.4.baseline 2.287s o 10 load=1.70
0119.replicate.BB_108_8_10.no-card.4.candidate 2.304s o 10 load=1.72
0120.replicate.BB_108_8_10.no-card.5.candidate 2.288s o 10 load=1.72
0121.replicate.BB_108_8_10.no-card.5.baseline 2.283s o 10 load=1.67
0122.replicate.BB_108_8_10.no-card.6.baseline 2.292s o 10 load=1.67
0123.replicate.BB_108_8_10.no-card.6.candidate 2.291s o 10 load=1.69
0124.replicate.BB_108_8_10.no-card.7.candidate 2.293s o 10 load=1.69
0125.replicate.BB_108_8_10.no-card.7.baseline 2.291s o 10 load=1.64
0126.replicate.BB_108_8_10.no-card.8.baseline 2.285s o 10 load=1.64
0127.replicate.BB_108_8_10.no-card.8.candidate 2.300s o 10 load=1.64
0128.replicate.BB_108_8_10.no-card.9.candidate 2.295s o 10 load=1.58
0129.replicate.BB_108_8_10.no-card.9.baseline 2.288s o 10 load=1.58
0130.gate.BB_108_8_10.card-mto.0.baseline 2.339s o 10 load=1.62
0131.gate.BB_108_8_10.card-mto.0.candidate 2.340s o 10 load=1.62
0132.gate.BB_108_8_10.card-mto.1.candidate 2.344s o 10 load=1.57
0133.gate.BB_108_8_10.card-mto.1.baseline 2.330s o 10 load=1.57
0134.gate.BB_108_8_10.card-mto.2.baseline 2.341s o 10 load=1.68
0135.gate.BB_108_8_10.card-mto.2.candidate 2.347s o 10 load=1.68
0136.replicate.BB_108_8_10.card-mto.0.baseline 2.330s o 10 load=1.63
0137.replicate.BB_108_8_10.card-mto.0.candidate 2.347s o 10 load=1.63
0138.replicate.BB_108_8_10.card-mto.1.candidate 2.335s o 10 load=1.58
0139.replicate.BB_108_8_10.card-mto.1.baseline 2.330s o 10 load=1.58
0140.replicate.BB_108_8_10.card-mto.2.baseline 2.342s o 10 load=1.58
0141.replicate.BB_108_8_10.card-mto.2.candidate 2.342s o 10 load=1.53
0142.replicate.BB_108_8_10.card-mto.3.candidate 2.341s o 10 load=1.53
0143.replicate.BB_108_8_10.card-mto.3.baseline 2.335s o 10 load=1.57
0144.replicate.BB_108_8_10.card-mto.4.baseline 2.335s o 10 load=1.57
0145.replicate.BB_108_8_10.card-mto.4.candidate 2.347s o 10 load=1.52
0146.replicate.BB_108_8_10.card-mto.5.candidate 2.344s o 10 load=1.52
0147.replicate.BB_108_8_10.card-mto.5.baseline 2.330s o 10 load=1.48
0148.replicate.BB_108_8_10.card-mto.6.baseline 2.334s o 10 load=1.48
0149.replicate.BB_108_8_10.card-mto.6.candidate 2.336s o 10 load=1.52
0150.replicate.BB_108_8_10.card-mto.7.candidate 2.344s o 10 load=1.52
0151.replicate.BB_108_8_10.card-mto.7.baseline 2.327s o 10 load=1.56
0152.replicate.BB_108_8_10.card-mto.8.baseline 2.336s o 10 load=1.56
0153.replicate.BB_108_8_10.card-mto.8.candidate 2.341s o 10 load=1.51
0154.replicate.BB_108_8_10.card-mto.9.candidate 2.343s o 10 load=1.51
0155.replicate.BB_108_8_10.card-mto.9.baseline 2.340s o 10 load=1.79
0156.gate.LP_238_44_6.no-card.0.baseline 1.194s o 6 load=1.79
0157.gate.LP_238_44_6.no-card.0.candidate 1.210s o 6 load=1.79
0158.gate.LP_238_44_6.no-card.1.candidate 1.207s o 6 load=1.79
0159.gate.LP_238_44_6.no-card.1.baseline 1.207s o 6 load=1.73
0160.gate.LP_238_44_6.no-card.2.baseline 1.199s o 6 load=1.73
0161.gate.LP_238_44_6.no-card.2.candidate 1.212s o 6 load=1.73
0162.replicate.LP_238_44_6.no-card.0.baseline 1.197s o 6 load=1.73
0163.replicate.LP_238_44_6.no-card.0.candidate 1.206s o 6 load=1.83
0164.replicate.LP_238_44_6.no-card.1.candidate 1.203s o 6 load=1.83
0165.replicate.LP_238_44_6.no-card.1.baseline 1.205s o 6 load=1.83
0166.replicate.LP_238_44_6.no-card.2.baseline 1.202s o 6 load=1.83
0167.replicate.LP_238_44_6.no-card.2.candidate 1.210s o 6 load=1.76
0168.replicate.LP_238_44_6.no-card.3.candidate 1.204s o 6 load=1.76
0169.replicate.LP_238_44_6.no-card.3.baseline 1.195s o 6 load=1.76
0170.replicate.LP_238_44_6.no-card.4.baseline 1.202s o 6 load=1.76
0171.replicate.LP_238_44_6.no-card.4.candidate 1.204s o 6 load=1.78
0172.replicate.LP_238_44_6.no-card.5.candidate 1.210s o 6 load=1.78
0173.replicate.LP_238_44_6.no-card.5.baseline 1.206s o 6 load=1.78
0174.replicate.LP_238_44_6.no-card.6.baseline 1.199s o 6 load=1.78
0175.replicate.LP_238_44_6.no-card.6.candidate 1.203s o 6 load=1.96
0176.replicate.LP_238_44_6.no-card.7.candidate 1.208s o 6 load=1.96
0177.replicate.LP_238_44_6.no-card.7.baseline 1.195s o 6 load=1.96
0178.replicate.LP_238_44_6.no-card.8.baseline 1.196s o 6 load=1.96
0179.replicate.LP_238_44_6.no-card.8.candidate 1.201s o 6 load=1.88
0180.replicate.LP_238_44_6.no-card.9.candidate 1.209s o 6 load=1.88
0181.replicate.LP_238_44_6.no-card.9.baseline 1.197s o 6 load=1.88
0182.gate.LP_238_44_6.card-mto.0.baseline 1.141s o 6 load=1.88
0183.gate.LP_238_44_6.card-mto.0.candidate 1.154s o 6 load=1.89
0184.gate.LP_238_44_6.card-mto.1.candidate 1.148s o 6 load=1.89
0185.gate.LP_238_44_6.card-mto.1.baseline 1.150s o 6 load=1.89
0186.gate.LP_238_44_6.card-mto.2.baseline 1.147s o 6 load=1.89
0187.gate.LP_238_44_6.card-mto.2.candidate 1.148s o 6 load=1.89
0188.replicate.LP_238_44_6.card-mto.0.baseline 1.140s o 6 load=1.82
0189.replicate.LP_238_44_6.card-mto.0.candidate 1.153s o 6 load=1.82
0190.replicate.LP_238_44_6.card-mto.1.candidate 1.148s o 6 load=1.82
0191.replicate.LP_238_44_6.card-mto.1.baseline 1.143s o 6 load=1.82
0192.replicate.LP_238_44_6.card-mto.2.baseline 1.151s o 6 load=1.75
0193.replicate.LP_238_44_6.card-mto.2.candidate 1.146s o 6 load=1.75
0194.replicate.LP_238_44_6.card-mto.3.candidate 1.170s o 6 load=1.75
0195.replicate.LP_238_44_6.card-mto.3.baseline 1.150s o 6 load=1.75
0196.replicate.LP_238_44_6.card-mto.4.baseline 1.151s o 6 load=1.69
0197.replicate.LP_238_44_6.card-mto.4.candidate 1.151s o 6 load=1.69
0198.replicate.LP_238_44_6.card-mto.5.candidate 1.151s o 6 load=1.69
0199.replicate.LP_238_44_6.card-mto.5.baseline 1.145s o 6 load=1.69
0200.replicate.LP_238_44_6.card-mto.6.baseline 1.141s o 6 load=1.69
0201.replicate.LP_238_44_6.card-mto.6.candidate 1.145s o 6 load=1.80
0202.replicate.LP_238_44_6.card-mto.7.candidate 1.148s o 6 load=1.80
0203.replicate.LP_238_44_6.card-mto.7.baseline 1.143s o 6 load=1.80
0204.replicate.LP_238_44_6.card-mto.8.baseline 1.144s o 6 load=1.80
0205.replicate.LP_238_44_6.card-mto.8.candidate 1.149s o 6 load=1.73
0206.replicate.LP_238_44_6.card-mto.9.candidate 1.145s o 6 load=1.73
0207.replicate.LP_238_44_6.card-mto.9.baseline 1.145s o 6 load=1.73
{
 "stopped": null,
 "n_samples": 208,
 "finished": "2026-10-09T12:12:42+0800",
 "binary_sha256_after": {
  "baseline": "ac43af52144330f72d838667c82851511bc208f1cb35966359126c2d6a69eb26",
  "candidate": "43c0af4c08af7add95a9dda039646ea57bc7bcdfa90c2102f00b22a8fcbec70d"
 },
 "input_sha256_after_ok": true
}
gate no-card geomean 1.00579 envelope 1.01071 positive False flags ['LP_238_44_6']
gate card-mto geomean 1.00274 envelope 1.00912 positive False flags []
replicate no-card geomean 1.00388 envelope 1.01457 positive False flags []
replicate card-mto geomean 1.00438 envelope 1.01572 positive False flags []
exit=0
