0000.gate.BB_90_8_10.no-card.0.baseline 1.887s o 10 load=1.79
0001.gate.BB_90_8_10.no-card.0.candidate 1.888s o 10 load=1.73
0002.gate.BB_90_8_10.no-card.1.candidate 1.877s o 10 load=1.73
0003.gate.BB_90_8_10.no-card.1.baseline 1.881s o 10 load=1.73
0004.gate.BB_90_8_10.no-card.2.baseline 1.872s o 10 load=1.75
0005.gate.BB_90_8_10.no-card.2.candidate 1.875s o 10 load=1.75
0006.gate.BB_90_8_10.card-mto.0.baseline 1.671s o 10 load=1.75
0007.gate.BB_90_8_10.card-mto.0.candidate 1.666s o 10 load=1.69
0008.gate.BB_90_8_10.card-mto.1.candidate 1.664s o 10 load=1.69
0009.gate.BB_90_8_10.card-mto.1.baseline 1.664s o 10 load=1.69
0010.gate.BB_90_8_10.card-mto.2.baseline 1.662s o 10 load=1.63
0011.gate.BB_90_8_10.card-mto.2.candidate 1.673s o 10 load=1.63
0012.gate.GB_144_12_8.no-card.0.baseline 0.659s o 8 load=1.63
0013.gate.GB_144_12_8.no-card.0.candidate 0.675s o 8 load=1.58
0014.gate.GB_144_12_8.no-card.1.candidate 0.675s o 8 load=1.58
0015.gate.GB_144_12_8.no-card.1.baseline 0.666s o 8 load=1.58
0016.gate.GB_144_12_8.no-card.2.baseline 0.661s o 8 load=1.58
0017.gate.GB_144_12_8.no-card.2.candidate 0.661s o 8 load=1.58
0018.gate.GB_144_12_8.card-mto.0.baseline 1.115s o 8 load=1.58
0019.gate.GB_144_12_8.card-mto.0.candidate 1.124s o 8 load=1.54
0020.gate.GB_144_12_8.card-mto.1.candidate 1.122s o 8 load=1.54
0021.gate.GB_144_12_8.card-mto.1.baseline 1.113s o 8 load=1.54
0022.gate.GB_144_12_8.card-mto.2.baseline 1.118s o 8 load=1.54
0023.gate.GB_144_12_8.card-mto.2.candidate 1.114s o 8 load=1.54
0024.gate.BB_108_8_10.no-card.0.baseline 2.292s o 10 load=1.49
0025.gate.BB_108_8_10.no-card.0.candidate 2.287s o 10 load=1.49
0026.gate.BB_108_8_10.no-card.1.candidate 2.298s o 10 load=1.45
0027.gate.BB_108_8_10.no-card.1.baseline 2.294s o 10 load=1.45
0028.gate.BB_108_8_10.no-card.2.baseline 2.291s o 10 load=1.42
0029.gate.BB_108_8_10.no-card.2.candidate 2.302s o 10 load=1.42
0030.gate.BB_108_8_10.card-mto.0.baseline 2.327s o 10 load=1.42
0031.gate.BB_108_8_10.card-mto.0.candidate 2.344s o 10 load=1.38
0032.gate.BB_108_8_10.card-mto.1.candidate 2.332s o 10 load=1.38
0033.gate.BB_108_8_10.card-mto.1.baseline 2.329s o 10 load=1.35
0034.gate.BB_108_8_10.card-mto.2.baseline 2.339s o 10 load=1.35
0035.gate.BB_108_8_10.card-mto.2.candidate 2.338s o 10 load=1.32
0036.gate.LP_238_44_6.no-card.0.baseline 1.208s o 6 load=1.32
0037.gate.LP_238_44_6.no-card.0.candidate 1.209s o 6 load=1.32
0038.gate.LP_238_44_6.no-card.1.candidate 1.209s o 6 load=1.30
0039.gate.LP_238_44_6.no-card.1.baseline 1.209s o 6 load=1.30
0040.gate.LP_238_44_6.no-card.2.baseline 1.207s o 6 load=1.30
0041.gate.LP_238_44_6.no-card.2.candidate 1.202s o 6 load=1.30
0042.gate.LP_238_44_6.card-mto.0.baseline 1.147s o 6 load=1.27
0043.gate.LP_238_44_6.card-mto.0.candidate 1.142s o 6 load=1.27
0044.gate.LP_238_44_6.card-mto.1.candidate 1.153s o 6 load=1.27
0045.gate.LP_238_44_6.card-mto.1.baseline 1.143s o 6 load=1.27
0046.gate.LP_238_44_6.card-mto.2.baseline 1.150s o 6 load=1.49
0047.gate.LP_238_44_6.card-mto.2.candidate 1.144s o 6 load=1.49
{
 "stopped": null,
 "n_samples": 48,
 "finished": "2026-10-09T12:15:11+0800",
 "binary_sha256_after": {
  "baseline": "ac43af52144330f72d838667c82851511bc208f1cb35966359126c2d6a69eb26",
  "candidate": "a0b6d24adbff410bed53254c0edc9297edd38b8131c7eadb11b8b6a44c1bd8d9"
 },
 "input_sha256_after_ok": true
}
gate no-card geomean 1.00543 envelope 1.00994 positive False flags []
gate card-mto geomean 1.00211 envelope 1.00801 positive False flags []
exit=0
