0000.gate.BB_90_8_10.no-card.0.baseline 1.878s o 10 load=1.49
0001.gate.BB_90_8_10.no-card.0.candidate 1.886s o 10 load=1.49
0002.gate.BB_90_8_10.no-card.1.candidate 1.874s o 10 load=1.45
0003.gate.BB_90_8_10.no-card.1.baseline 1.887s o 10 load=1.45
0004.gate.BB_90_8_10.no-card.2.baseline 1.878s o 10 load=1.58
0005.gate.BB_90_8_10.no-card.2.candidate 1.875s o 10 load=1.58
0006.gate.BB_90_8_10.card-mto.0.baseline 1.661s o 10 load=1.58
0007.gate.BB_90_8_10.card-mto.0.candidate 1.667s o 10 load=1.53
0008.gate.BB_90_8_10.card-mto.1.candidate 1.666s o 10 load=1.53
0009.gate.BB_90_8_10.card-mto.1.baseline 1.672s o 10 load=1.53
0010.gate.BB_90_8_10.card-mto.2.baseline 1.674s o 10 load=1.49
0011.gate.BB_90_8_10.card-mto.2.candidate 1.671s o 10 load=1.49
0012.gate.GB_144_12_8.no-card.0.baseline 0.658s o 8 load=1.49
0013.gate.GB_144_12_8.no-card.0.candidate 0.661s o 8 load=1.45
0014.gate.GB_144_12_8.no-card.1.candidate 0.672s o 8 load=1.45
0015.gate.GB_144_12_8.no-card.1.baseline 0.664s o 8 load=1.45
0016.gate.GB_144_12_8.no-card.2.baseline 0.672s o 8 load=1.45
0017.gate.GB_144_12_8.no-card.2.candidate 0.671s o 8 load=1.45
0018.gate.GB_144_12_8.card-mto.0.baseline 1.113s o 8 load=1.45
0019.gate.GB_144_12_8.card-mto.0.candidate 1.122s o 8 load=1.45
0020.gate.GB_144_12_8.card-mto.1.candidate 1.116s o 8 load=1.57
0021.gate.GB_144_12_8.card-mto.1.baseline 1.121s o 8 load=1.57
0022.gate.GB_144_12_8.card-mto.2.baseline 1.121s o 8 load=1.57
0023.gate.GB_144_12_8.card-mto.2.candidate 1.115s o 8 load=1.57
0024.gate.BB_108_8_10.no-card.0.baseline 2.287s o 10 load=1.61
0025.gate.BB_108_8_10.no-card.0.candidate 2.297s o 10 load=1.61
0026.gate.BB_108_8_10.no-card.1.candidate 2.291s o 10 load=1.61
0027.gate.BB_108_8_10.no-card.1.baseline 2.285s o 10 load=1.56
0028.gate.BB_108_8_10.no-card.2.baseline 2.294s o 10 load=1.56
0029.gate.BB_108_8_10.no-card.2.candidate 2.295s o 10 load=1.51
0030.gate.BB_108_8_10.card-mto.0.baseline 2.335s o 10 load=1.51
0031.gate.BB_108_8_10.card-mto.0.candidate 2.325s o 10 load=1.71
0032.gate.BB_108_8_10.card-mto.1.candidate 2.336s o 10 load=1.71
0033.gate.BB_108_8_10.card-mto.1.baseline 2.327s o 10 load=1.65
0034.gate.BB_108_8_10.card-mto.2.baseline 2.332s o 10 load=1.65
0035.gate.BB_108_8_10.card-mto.2.candidate 2.331s o 10 load=1.68
0036.gate.LP_238_44_6.no-card.0.baseline 1.202s o 6 load=1.68
0037.gate.LP_238_44_6.no-card.0.candidate 1.201s o 6 load=1.68
0038.gate.LP_238_44_6.no-card.1.candidate 1.198s o 6 load=1.71
0039.gate.LP_238_44_6.no-card.1.baseline 1.199s o 6 load=1.71
0040.gate.LP_238_44_6.no-card.2.baseline 1.205s o 6 load=1.71
0041.gate.LP_238_44_6.no-card.2.candidate 1.196s o 6 load=1.71
0042.gate.LP_238_44_6.card-mto.0.baseline 1.146s o 6 load=1.65
0043.gate.LP_238_44_6.card-mto.0.candidate 1.143s o 6 load=1.65
0044.gate.LP_238_44_6.card-mto.1.candidate 1.150s o 6 load=1.65
0045.gate.LP_238_44_6.card-mto.1.baseline 1.145s o 6 load=1.65
0046.gate.LP_238_44_6.card-mto.2.baseline 1.154s o 6 load=1.65
0047.gate.LP_238_44_6.card-mto.2.candidate 1.153s o 6 load=1.76
{
 "stopped": null,
 "n_samples": 48,
 "finished": "2026-10-09T12:16:26+0800",
 "binary_sha256_after": {
  "baseline": "ac43af52144330f72d838667c82851511bc208f1cb35966359126c2d6a69eb26",
  "candidate": "acb7b2c3e5c94a6a45260dd37c0903fe0fdacef38759a8bb20d32b350c2b9d42"
 },
 "input_sha256_after_ok": true
}
gate no-card geomean 1.00229 envelope 1.00856 positive False flags []
gate card-mto geomean 0.99868 envelope 1.00608 positive False flags []
exit=0
