BB_1080_4_54           n=1080  ranks(Hz,Hx,[Hz;Gx],[Hx;Gz])=(538, 538, 542, 542) maps=1 used=halfswap-inverse Z_18 x Z_30
BB_108_8_10            n=108   ranks(Hz,Hx,[Hz;Gx],[Hx;Gz])=(50, 50, 58, 58) maps=1 used=halfswap-inverse Z_6 x Z_9
BB_144_12_12           n=144   ranks(Hz,Hx,[Hz;Gx],[Hx;Gz])=(66, 66, 78, 78) maps=1 used=halfswap-inverse Z_6 x Z_12
BB_144_14_14           n=144   ranks(Hz,Hx,[Hz;Gx],[Hx;Gz])=(65, 65, 79, 79) maps=1 used=halfswap-inverse Z_12 x Z_6
BB_288_12_unknown      n=288   ranks(Hz,Hx,[Hz;Gx],[Hx;Gz])=(138, 138, 150, 150) maps=1 used=halfswap-inverse Z_12 x Z_12
BB_360_12_unknown      n=360   ranks(Hz,Hx,[Hz;Gx],[Hx;Gz])=(174, 174, 186, 186) maps=1 used=halfswap-inverse Z_6 x Z_30
BB_72_12_6             n=72    ranks(Hz,Hx,[Hz;Gx],[Hx;Gz])=(30, 30, 42, 42) maps=1 used=halfswap-inverse Z_6 x Z_6
BB_756_16_34           n=756   ranks(Hz,Hx,[Hz;Gx],[Hx;Gz])=(370, 370, 386, 386) maps=1 used=halfswap-inverse Z_18 x Z_21
BB_864_4_40            n=864   ranks(Hz,Hx,[Hz;Gx],[Hx;Gz])=(430, 430, 434, 434) maps=1 used=halfswap-inverse Z_12 x Z_36
BB_90_8_10             n=90    ranks(Hz,Hx,[Hz;Gx],[Hx;Gz])=(41, 41, 49, 49) maps=1 used=halfswap-inverse Z_3 x Z_15
GB_144_12_12           n=144   ranks(Hz,Hx,[Hz;Gx],[Hx;Gz])=(66, 66, 78, 78) maps=1 used=halfswap-inverse Z_h
GB_144_12_8            n=144   ranks(Hz,Hx,[Hz;Gx],[Hx;Gz])=(66, 66, 78, 78) maps=1 used=halfswap-inverse Z_h
LP_136_32_4            n=136   ranks(Hz,Hx,[Hz;Gx],[Hx;Gz])=(52, 52, 84, 84) maps=0 used=none
LP_1768_224_unknown    n=1768  ranks(Hz,Hx,[Hz;Gx],[Hx;Gz])=(772, 772, 996, 996) maps=0 used=none
LP_238_44_6            n=238   ranks(Hz,Hx,[Hz;Gx],[Hx;Gz])=(97, 97, 141, 141) maps=0 used=none
LP_340_56_8            n=340   ranks(Hz,Hx,[Hz;Gx],[Hx;Gz])=(142, 142, 198, 198) maps=0 used=none
LP_34_20_2             n=34    ranks(Hz,Hx,[Hz;Gx],[Hx;Gz])=(7, 7, 27, 27) maps=0 used=none
LP_442_68_10           n=442   ranks(Hz,Hx,[Hz;Gx],[Hx;Gz])=(187, 187, 255, 255) maps=0 used=none
LP_544_80_12           n=544   ranks(Hz,Hx,[Hz;Gx],[Hx;Gz])=(232, 232, 312, 312) maps=0 used=none
LP_714_100_unknown     n=714   ranks(Hz,Hx,[Hz;Gx],[Hx;Gz])=(307, 307, 407, 407) maps=0 used=none
PK_31                  n=1054  ranks(Hz,Hx,[Hz;Gx],[Hx;Gz])=(457, 457, 597, 597) maps=0 used=none
TN_108_2_12            n=108   ranks(Hz,Hx,[Hz;Gx],[Hx;Gz])=(53, 53, 55, 55) maps=0 used=none
TN_144_2_13            n=144   ranks(Hz,Hx,[Hz;Gx],[Hx;Gz])=(71, 71, 73, 73) maps=0 used=none
TN_180_2_17            n=180   ranks(Hz,Hx,[Hz;Gx],[Hx;Gz])=(89, 89, 91, 91) maps=0 used=none
TN_200_10_10           n=200   ranks(Hz,Hx,[Hz;Gx],[Hx;Gz])=(96, 94, 106, 104) maps=0 used=none
TN_216_4_18            n=216   ranks(Hz,Hx,[Hz;Gx],[Hx;Gz])=(106, 106, 110, 110) maps=0 used=none
TN_250_10_15           n=250   ranks(Hz,Hx,[Hz;Gx],[Hx;Gz])=(120, 120, 130, 130) maps=0 used=none
TN_252_2_21            n=252   ranks(Hz,Hx,[Hz;Gx],[Hx;Gz])=(125, 125, 127, 127) maps=0 used=none
TN_288_2_24            n=288   ranks(Hz,Hx,[Hz;Gx],[Hx;Gz])=(143, 143, 145, 145) maps=0 used=none
TN_324_4_25            n=324   ranks(Hz,Hx,[Hz;Gx],[Hx;Gz])=(160, 160, 164, 164) maps=0 used=none
TN_360_4_24            n=360   ranks(Hz,Hx,[Hz;Gx],[Hx;Gz])=(178, 178, 182, 182) maps=0 used=none
TN_36_8_3              n=36    ranks(Hz,Hx,[Hz;Gx],[Hx;Gz])=(14, 14, 22, 22) maps=0 used=none
TN_36_8_4              n=36    ranks(Hz,Hx,[Hz;Gx],[Hx;Gz])=(14, 14, 22, 22) maps=4 used=blockshift L=2
TN_396_4_26            n=396   ranks(Hz,Hx,[Hz;Gx],[Hx;Gz])=(196, 196, 200, 200) maps=0 used=none
TN_432_8_33            n=432   ranks(Hz,Hx,[Hz;Gx],[Hx;Gz])=(212, 212, 220, 220) maps=0 used=none
TN_468_4_31            n=468   ranks(Hz,Hx,[Hz;Gx],[Hx;Gz])=(232, 232, 236, 236) maps=0 used=none
TN_496_2_32            n=496   ranks(Hz,Hx,[Hz;Gx],[Hx;Gz])=(247, 247, 249, 249) maps=0 used=none
TN_504_2_45            n=504   ranks(Hz,Hx,[Hz;Gx],[Hx;Gz])=(251, 251, 253, 253) maps=0 used=none
TN_540_4_40            n=540   ranks(Hz,Hx,[Hz;Gx],[Hx;Gz])=(268, 268, 272, 272) maps=0 used=none
TN_54_11_4             n=54    ranks(Hz,Hx,[Hz;Gx],[Hx;Gz])=(21, 22, 32, 33) maps=0 used=none
TN_576_2_57            n=576   ranks(Hz,Hx,[Hz;Gx],[Hx;Gz])=(287, 287, 289, 289) maps=0 used=none
TN_576_2_59            n=576   ranks(Hz,Hx,[Hz;Gx],[Hx;Gz])=(287, 287, 289, 289) maps=0 used=none
TN_612_2_52            n=612   ranks(Hz,Hx,[Hz;Gx],[Hx;Gz])=(305, 305, 307, 307) maps=0 used=none
TN_648_10_71           n=648   ranks(Hz,Hx,[Hz;Gx],[Hx;Gz])=(319, 319, 329, 329) maps=0 used=none
TN_648_14_50           n=648   ranks(Hz,Hx,[Hz;Gx],[Hx;Gz])=(317, 317, 331, 331) maps=0 used=none
TN_684_2_29            n=684   ranks(Hz,Hx,[Hz;Gx],[Hx;Gz])=(341, 341, 343, 343) maps=0 used=none
TN_72_14_4             n=72    ranks(Hz,Hx,[Hz;Gx],[Hx;Gz])=(29, 29, 43, 43) maps=0 used=none
TN_72_8_8              n=72    ranks(Hz,Hx,[Hz;Gx],[Hx;Gz])=(32, 32, 40, 40) maps=0 used=none
xu_30                  n=1020  ranks(Hz,Hx,[Hz;Gx],[Hx;Gz])=(442, 442, 578, 578) maps=0 used=none
xu_42                  n=1428  ranks(Hz,Hx,[Hz;Gx],[Hx;Gz])=(622, 622, 806, 806) maps=0 used=none
ALL_PASS
