#define AIO_LISTIO_MAX __AIO_LISTIO_MAX
#define AIO_MAX __AIO_MAX
#define AIO_PRIO_DELTA_MAX __AIO_PRIO_DELTA_MAX
#define ARG_MAX __ARG_MAX
#define ATEXIT_MAX __ATEXIT_MAX
#define BC_BASE_MAX 99
#define BC_DIM_MAX 2048
#define BC_SCALE_MAX 99
#define BC_STRING_MAX 1000
#define BIG_ENDIAN _BIG_ENDIAN
#define BUFSIZ 1024
#define BUS_ADRALN BUS_ADRALN
#define BUS_ADRERR BUS_ADRERR
#define BUS_OBJERR BUS_OBJERR
#define BYTE_ORDER _BYTE_ORDER
#define CHARCLASS_NAME_MAX 14
#define CHAR_BIT __CHAR_BIT__
#define CHAR_MAX __SCHAR_MAX__
#define CHAR_MIN SCHAR_MIN
#define CHILD_MAX __CHILD_MAX
#define CLD_CONTINUED CLD_CONTINUED
#define CLD_DUMPED CLD_DUMPED
#define CLD_EXITED CLD_EXITED
#define CLD_KILLED CLD_KILLED
#define CLD_STOPPED CLD_STOPPED
#define CLD_TRAPPED CLD_TRAPPED
#define CLK_TCK CLOCKS_PER_SEC
#define CLOCKS_PER_SEC _CLOCKS_PER_SEC_
#define CLOCK_ALLOWED 1
#define CLOCK_BOOTTIME (7)
#define CLOCK_BOOTTIME_ALARM (9)
#define CLOCK_DISABLED 0
#define CLOCK_DISALLOWED 0
#define CLOCK_ENABLED 1
#define CLOCK_MONOTONIC (4)
#define CLOCK_MONOTONIC_COARSE (6)
#define CLOCK_MONOTONIC_RAW (5)
#define CLOCK_PROCESS_CPUTIME_ID (2)
#define CLOCK_REALTIME (1)
#define CLOCK_REALTIME_ALARM (8)
#define CLOCK_REALTIME_COARSE (0)
#define CLOCK_THREAD_CPUTIME_ID (3)
#define CLOSE_RANGE_CLOEXEC (1 << 2)
#define CPU_ALLOC(num) __cpuset_alloc (num)
#define CPU_ALLOC_SIZE(num) __cpuset_alloc_size (num)
#define CPU_AND(dst,src1,src2) CPU_AND_S(sizeof (cpu_set_t), dst, src1, src2)
#define CPU_AND_S(siz,dst,src1,src2) __cpuset_and_s (siz, dst, src1, src2)
#define CPU_CLR(cpu,set) CPU_CLR_S(cpu, sizeof (cpu_set_t), set)
#define CPU_CLR_S(cpu,siz,set) __cpuset_clr_s (cpu, siz, set)
#define CPU_COUNT(set) CPU_COUNT_S(sizeof (cpu_set_t), set)
#define CPU_COUNT_S(siz,set) __cpuset_count_s (siz, set)
#define CPU_EQUAL(src1,src2) CPU_EQUAL_S(sizeof (cpu_set_t), src1, src2)
#define CPU_EQUAL_S(siz,src1,src2) __cpuset_equal_s (siz, src1, src2)
#define CPU_FREE(set) __cpuset_free (set)
#define CPU_ISSET(cpu,set) CPU_ISSET_S(cpu, sizeof (cpu_set_t), set)
#define CPU_ISSET_S(cpu,siz,set) __cpuset_isset_s (cpu, siz, set)
#define CPU_OR(dst,src1,src2) CPU_OR_S(sizeof (cpu_set_t), dst, src1, src2)
#define CPU_OR_S(siz,dst,src1,src2) __cpuset_or_s (siz, dst, src1, src2)
#define CPU_SET(cpu,set) CPU_SET_S(cpu, sizeof (cpu_set_t), set)
#define CPU_SETSIZE __CPU_SETSIZE
#define CPU_SET_S(cpu,siz,set) __cpuset_set_s (cpu, siz, set)
#define CPU_XOR(dst,src1,src2) CPU_XOR_S(sizeof (cpu_set_t), dst, src1, src2)
#define CPU_XOR_S(siz,dst,src1,src2) __cpuset_xor_s (siz, dst, src1, src2)
#define CPU_ZERO(set) CPU_ZERO_S(sizeof (cpu_set_t), set)
#define CPU_ZERO_S(siz,set) __cpuset_zero_s (siz, set)
#define DEFAULT_LOCALE "C.UTF-8"
#define DELAYTIMER_MAX __DELAYTIMER_MAX
#define E2BIG 7
#define EACCES 13
#define EADDRINUSE 112
#define EADDRNOTAVAIL 125
#define EADV 68
#define EAFNOSUPPORT 106
#define EAGAIN 11
#define EALREADY 120
#define EBADE 50
#define EBADF 9
#define EBADFD 81
#define EBADMSG 77
#define EBADR 51
#define EBADRQC 54
#define EBADSLT 55
#define EBFONT 57
#define EBUSY 16
#define ECANCELED 140
#define ECASECLASH (_Pragma("GCC warning \"'ECASECLASH' is no longer used by Cygwin\"") 137)
#define ECHILD 10
#define ECHRNG 37
#define ECOMM 70
#define ECONNABORTED 113
#define ECONNREFUSED 111
#define ECONNRESET 104
#define EDEADLK 45
#define EDEADLOCK 56
#define EDESTADDRREQ 121
#define EDOM 33
#define EDOTDOT 76
#define EDQUOT 132
#define EEXIST 17
#define EFAULT 14
#define EFBIG 27
#define EFTYPE 79
#define EHOSTDOWN 117
#define EHOSTUNREACH 118
#define EIDRM 36
#define EILSEQ 138
#define EINPROGRESS 119
#define EINTR 4
#define EINVAL 22
#define EIO 5
#define EISCONN 127
#define EISDIR 21
#define EL2HLT 44
#define EL2NSYNC 38
#define EL3HLT 39
#define EL3RST 40
#define ELBIN 75
#define ELIBACC 83
#define ELIBBAD 84
#define ELIBEXEC 87
#define ELIBMAX 86
#define ELIBSCN 85
#define ELNRNG 41
#define ELOOP 92
#define EMFILE 24
#define EMLINK 31
#define EMSGSIZE 122
#define EMULTIHOP 74
#define ENAMETOOLONG 91
#define ENETDOWN 115
#define ENETRESET 126
#define ENETUNREACH 114
#define ENFILE 23
#define ENMFILE 89
#define ENOANO 53
#define ENOBUFS 105
#define ENOCSI 43
#define ENODATA 61
#define ENODEV 19
#define ENOENT 2
#define ENOEXEC 8
#define ENOLCK 46
#define ENOLINK 67
#define ENOMEDIUM 135
#define ENOMEM 12
#define ENOMSG 35
#define ENONET 64
#define ENOPKG 65
#define ENOPROTOOPT 109
#define ENOSHARE (_Pragma("GCC warning \"'ENOSHARE' is no longer used by Cygwin\"") 136)
#define ENOSPC 28
#define ENOSR 63
#define ENOSTR 60
#define ENOSYS 88
#define ENOTBLK 15
#define ENOTCONN 128
#define ENOTDIR 20
#define ENOTEMPTY 90
#define ENOTRECOVERABLE 141
#define ENOTSOCK 108
#define ENOTSUP 134
#define ENOTTY 25
#define ENOTUNIQ 80
#define ENXIO 6
#define EOF (-1)
#define EOPNOTSUPP 95
#define EOVERFLOW 139
#define EOWNERDEAD 142
#define EPERM 1
#define EPFNOSUPPORT 96
#define EPIPE 32
#define EPROCLIM 130
#define EPROTO 71
#define EPROTONOSUPPORT 123
#define EPROTOTYPE 107
#define ERANGE 34
#define EREMCHG 82
#define EREMOTE 66
#define EROFS 30
#define ESHUTDOWN 110
#define ESOCKTNOSUPPORT 124
#define ESPIPE 29
#define ESRCH 3
#define ESRMNT 69
#define ESTALE 133
#define ESTRPIPE 143
#define ETIME 62
#define ETIMEDOUT 116
#define ETOOMANYREFS 129
#define ETXTBSY 26
#define EUNATCH 42
#define EUSERS 131
#define EWOULDBLOCK EAGAIN
#define EXDEV 18
#define EXFULL 52
#define EXIT_FAILURE 1
#define EXIT_SUCCESS 0
#define EXPR_NEST_MAX 32
#define FAR 
#define FD_CLR(n,p) ((p)->__fds_bits[(n)/_NFDBITS] &= ~__fdset_mask(n))
#define FD_COPY(f,t) (void)(*(t) = *(f))
#define FD_ISSET(n,p) (((p)->__fds_bits[(n)/_NFDBITS] & __fdset_mask(n)) != 0)
#define FD_SET(n,p) ((p)->__fds_bits[(n)/_NFDBITS] |= __fdset_mask(n))
#define FD_SETSIZE 1024
#define FD_ZERO(p) do { fd_set *_p; __size_t _n; _p = (p); _n = _howmany(FD_SETSIZE, _NFDBITS); while (_n > 0) _p->__fds_bits[--_n] = 0; } while (0)
#define FILENAME_MAX __FILENAME_MAX__
#define FILESIZEBITS __FILESIZEBITS
#define FOPEN_MAX 20
#define FPE_FLTDIV FPE_FLTDIV
#define FPE_FLTINV FPE_FLTINV
#define FPE_FLTOVF FPE_FLTOVF
#define FPE_FLTRES FPE_FLTRES
#define FPE_FLTSUB FPE_FLTSUB
#define FPE_FLTUND FPE_FLTUND
#define FPE_INTDIV FPE_INTDIV
#define FPE_INTOVF FPE_INTOVF
#define F_LOCK 1
#define F_OK 0
#define F_TEST 3
#define F_TLOCK 2
#define F_ULOCK 0
#define HOST_NAME_MAX __HOST_NAME_MAX
#define ILL_BADSTK ILL_BADSTK
#define ILL_COPROC ILL_COPROC
#define ILL_ILLADR ILL_ILLADR
#define ILL_ILLOPC ILL_ILLOPC
#define ILL_ILLOPN ILL_ILLOPN
#define ILL_ILLTRP ILL_ILLTRP
#define ILL_PRVOPC ILL_PRVOPC
#define ILL_PRVREG ILL_PRVREG
#define INT16_C(x) __INT16_C(x)
#define INT16_MAX (__INT16_MAX__)
#define INT16_MIN (-__INT16_MAX__ - 1)
#define INT32_C(x) __INT32_C(x)
#define INT32_MAX (__INT32_MAX__)
#define INT32_MIN (-__INT32_MAX__ - 1)
#define INT64_C(x) __INT64_C(x)
#define INT64_MAX (__INT64_MAX__)
#define INT64_MIN (-__INT64_MAX__ - 1)
#define INT8_C(x) __INT8_C(x)
#define INT8_MAX (__INT8_MAX__)
#define INT8_MIN (-__INT8_MAX__ - 1)
#define INTMAX_C(x) __INTMAX_C(x)
#define INTMAX_MAX (__INTMAX_MAX__)
#define INTMAX_MIN (-INTMAX_MAX - 1)
#define INTPTR_MAX (__INTPTR_MAX__)
#define INTPTR_MIN (-__INTPTR_MAX__ - 1)
#define INT_FAST16_MAX (__INT_FAST16_MAX__)
#define INT_FAST16_MIN (-__INT_FAST16_MAX__ - 1)
#define INT_FAST32_MAX (__INT_FAST32_MAX__)
#define INT_FAST32_MIN (-__INT_FAST32_MAX__ - 1)
#define INT_FAST64_MAX (__INT_FAST64_MAX__)
#define INT_FAST64_MIN (-__INT_FAST64_MAX__ - 1)
#define INT_FAST8_MAX (__INT_FAST8_MAX__)
#define INT_FAST8_MIN (-__INT_FAST8_MAX__ - 1)
#define INT_LEAST16_MAX (__INT_LEAST16_MAX__)
#define INT_LEAST16_MIN (-__INT_LEAST16_MAX__ - 1)
#define INT_LEAST32_MAX (__INT_LEAST32_MAX__)
#define INT_LEAST32_MIN (-__INT_LEAST32_MAX__ - 1)
#define INT_LEAST64_MAX (__INT_LEAST64_MAX__)
#define INT_LEAST64_MIN (-__INT_LEAST64_MAX__ - 1)
#define INT_LEAST8_MAX (__INT_LEAST8_MAX__)
#define INT_LEAST8_MIN (-__INT_LEAST8_MAX__ - 1)
#define INT_MAX __INT_MAX__
#define INT_MIN (-__INT_MAX__ -1)
#define IOV_MAX __IOV_MAX
#define LC_ALL 0
#define LC_ALL_MASK (1 << LC_ALL)
#define LC_COLLATE 1
#define LC_COLLATE_MASK (1 << LC_COLLATE)
#define LC_CTYPE 2
#define LC_CTYPE_MASK (1 << LC_CTYPE)
#define LC_GLOBAL_LOCALE ((struct __locale_t *) -1)
#define LC_MESSAGES 6
#define LC_MESSAGES_MASK (1 << LC_MESSAGES)
#define LC_MONETARY 3
#define LC_MONETARY_MASK (1 << LC_MONETARY)
#define LC_NUMERIC 4
#define LC_NUMERIC_MASK (1 << LC_NUMERIC)
#define LC_TIME 5
#define LC_TIME_MASK (1 << LC_TIME)
#define LINE_MAX 2048
#define LINK_MAX __LINK_MAX
#define LITTLE_ENDIAN _LITTLE_ENDIAN
#define LLONG_MAX __LONG_LONG_MAX__
#define LLONG_MIN (-__LONG_LONG_MAX__-1LL)
#define LOGIN_NAME_MAX __LOGIN_NAME_MAX
#define LONG_BIT (__SIZEOF_LONG__ * __CHAR_BIT__)
#define LONG_LONG_MAX __LONG_LONG_MAX__
#define LONG_LONG_MIN (-__LONG_LONG_MAX__-1LL)
#define LONG_MAX __LONG_MAX__
#define LONG_MIN (-__LONG_MAX__ -1L)
#define L_ctermid 16
#define L_cuserid 9
#define L_tmpnam FILENAME_MAX
#define MAX_CANON __MAX_CANON
#define MAX_INPUT __MAX_INPUT
#define MAX_MEM_LEVEL 9
#define MAX_WBITS 15
#define MB_CUR_MAX __locale_mb_cur_max()
#define MB_LEN_MAX 8
#define MINSIGSTKSZ 8192
#define MQ_OPEN_MAX __MQ_OPEN_MAX
#define MQ_PRIO_MAX __MQ_PRIO_MAX
#define NAME_MAX __NAME_MAX
#define NFDBITS _NFDBITS
#define NGROUPS_MAX 1024
#define NL_ARGMAX 9
#define NL_LANGMAX 14
#define NL_MSGMAX 32767
#define NL_SETMAX 255
#define NL_TEXTMAX _POSIX2_LINE_MAX
#define NSIG _NSIG
#define NULL __null
#define NZERO 20
#define OF(args) args
#define OPEN_MAX __OPEN_MAX
#define PAGESIZE __PAGESIZE
#define PAGE_SIZE PAGESIZE
#define PATH_MAX __PATH_MAX
#define PDP_ENDIAN _PDP_ENDIAN
#define PIPE_BUF __PIPE_BUF
#define POSIX_CLOSE_RESTART 1
#define PTHREAD_BARRIER_SERIAL_THREAD (-1)
#define PTHREAD_CANCELED ((void *)-1)
#define PTHREAD_CANCEL_ASYNCHRONOUS 1
#define PTHREAD_CANCEL_DEFERRED 0
#define PTHREAD_CANCEL_DISABLE 1
#define PTHREAD_CANCEL_ENABLE 0
#define PTHREAD_COND_INITIALIZER (&__pthread_cond_initializer)
#define PTHREAD_CREATE_DETACHED 1
#define PTHREAD_CREATE_JOINABLE 0
#define PTHREAD_DESTRUCTOR_ITERATIONS __PTHREAD_DESTRUCTOR_ITERATIONS
#define PTHREAD_ERRORCHECK_MUTEX_INITIALIZER_NP (&__pthread_errorcheck_mutex_initializer_np)
#define PTHREAD_EXPLICIT_SCHED 1
#define PTHREAD_INHERIT_SCHED 0
#define PTHREAD_KEYS_MAX __PTHREAD_KEYS_MAX
#define PTHREAD_MUTEX_DEFAULT PTHREAD_MUTEX_NORMAL
#define PTHREAD_MUTEX_ERRORCHECK 1
#define PTHREAD_MUTEX_INITIALIZER PTHREAD_NORMAL_MUTEX_INITIALIZER_NP
#define PTHREAD_MUTEX_NORMAL 2
#define PTHREAD_MUTEX_RECURSIVE 0
#define PTHREAD_NORMAL_MUTEX_INITIALIZER_NP (&__pthread_normal_mutex_initializer_np)
#define PTHREAD_ONCE_INIT { PTHREAD_MUTEX_INITIALIZER, 0 }
#define PTHREAD_PROCESS_PRIVATE 0
#define PTHREAD_PROCESS_SHARED 1
#define PTHREAD_RECURSIVE_MUTEX_INITIALIZER_NP (&__pthread_recursive_mutex_initializer_np)
#define PTHREAD_RWLOCK_INITIALIZER (&__pthread_rwlock_initializer)
#define PTHREAD_SCOPE_PROCESS 0
#define PTHREAD_SCOPE_SYSTEM 1
#define PTHREAD_STACK_MIN __PTHREAD_STACK_MIN
#define PTRDIFF_MAX (__PTRDIFF_MAX__)
#define PTRDIFF_MIN (-PTRDIFF_MAX - 1)
#define P_tmpdir "/tmp"
#define RAND_MAX __RAND_MAX
#define RE_DUP_MAX 255
#define RTSIG_MAX __RTSIG_MAX
#define R_OK 4
#define SA_NOCLDSTOP 1
#define SA_NODEFER 0x40000000
#define SA_NOMASK SA_NODEFER
#define SA_ONESHOT SA_RESETHAND
#define SA_ONSTACK 0x20000000
#define SA_RESETHAND 0x80000000
#define SA_RESTART 0x10000000
#define SA_SIGINFO 2
#define SCHAR_MAX __SCHAR_MAX__
#define SCHAR_MIN (-__SCHAR_MAX__-1)
#define SCHED_BATCH 6
#define SCHED_FIFO 1
#define SCHED_IDLE 5
#define SCHED_OTHER 3
#define SCHED_RESET_ON_FORK 0x40000000
#define SCHED_RR 2
#define SEEK_CUR 1
#define SEEK_DATA 3
#define SEEK_END 2
#define SEEK_HOLE 4
#define SEEK_SET 0
#define SEGV_ACCERR SEGV_ACCERR
#define SEGV_MAPERR SEGV_MAPERR
#define SEM_VALUE_MAX __SEM_VALUE_MAX
#define SHRT_MAX __SHRT_MAX__
#define SHRT_MIN (-__SHRT_MAX__ -1)
#define SIG2STR_MAX 17
#define SIGABRT 6
#define SIGALRM 14
#define SIGBUS 10
#define SIGCHLD 20
#define SIGCLD 20
#define SIGCONT 19
#define SIGEMT 7
#define SIGEV_NONE SIGEV_NONE
#define SIGEV_SIGNAL SIGEV_SIGNAL
#define SIGEV_THREAD SIGEV_THREAD
#define SIGFPE 8
#define SIGHUP 1
#define SIGILL 4
#define SIGINT 2
#define SIGIO 23
#define SIGIOT SIGABRT
#define SIGKILL 9
#define SIGLOST 29
#define SIGPIPE 13
#define SIGPOLL SIGIO
#define SIGPROF 27
#define SIGPWR SIGLOST
#define SIGQUEUE_MAX __SIGQUEUE_MAX
#define SIGQUIT 3
#define SIGRTMAX (_NSIG - 1)
#define SIGRTMIN 32
#define SIGSEGV 11
#define SIGSTKSZ 32768
#define SIGSTOP 17
#define SIGSYS 12
#define SIGTERM 15
#define SIGTRAP 5
#define SIGTSTP 18
#define SIGTTIN 21
#define SIGTTOU 22
#define SIGURG 16
#define SIGUSR1 30
#define SIGUSR2 31
#define SIGVTALRM 26
#define SIGWINCH 28
#define SIGXCPU 24
#define SIGXFSZ 25
#define SIG_ATOMIC_MAX (__STDINT_EXP(INT_MAX))
#define SIG_ATOMIC_MIN (-__STDINT_EXP(INT_MAX) - 1)
#define SIG_BLOCK 1
#define SIG_DFL ((_sig_func_ptr)0)
#define SIG_ERR ((_sig_func_ptr)-1)
#define SIG_HOLD ((_sig_func_ptr)2)
#define SIG_IGN ((_sig_func_ptr)1)
#define SIG_SETMASK 0
#define SIG_UNBLOCK 2
#define SIZE_MAX (__SIZE_MAX__)
#define SI_ASYNCIO SI_ASYNCIO
#define SI_KERNEL SI_KERNEL
#define SI_MESGQ SI_MESGQ
#define SI_QUEUE SI_QUEUE
#define SI_TIMER SI_TIMER
#define SI_USER SI_USER
#define SSIZE_MAX (__LONG_MAX__)
#define SS_DISABLE 0x2
#define SS_ONSTACK 0x1
#define STDC 
#define STDERR_FILENO 2
#define STDIN_FILENO 0
#define STDOUT_FILENO 1
#define STREAM_MAX __STREAM_MAX
#define SYMLINK_MAX (PATH_MAX - 1)
#define SYMLOOP_MAX __SYMLOOP_MAX
#define TIMER_ABSTIME 4
#define TIMER_MAX __TIMER_MAX
#define TIMER_RELTIME 0
#define TIMESPEC_TO_TIMEVAL(tv,ts) do { (tv)->tv_sec = (ts)->tv_sec; (tv)->tv_usec = (ts)->tv_nsec / 1000; } while (0)
#define TIMEVAL_TO_TIMESPEC(tv,ts) do { (ts)->tv_sec = (tv)->tv_sec; (ts)->tv_nsec = (tv)->tv_usec * 1000; } while (0)
#define TIME_UTC 1
#define TMP_MAX 26
#define TTY_NAME_MAX __TTY_NAME_MAX
#define UCHAR_MAX (__SCHAR_MAX__*2 +1)
#define UINT16_C(x) __UINT16_C(x)
#define UINT16_MAX (__UINT16_MAX__)
#define UINT32_C(x) __UINT32_C(x)
#define UINT32_MAX (__UINT32_MAX__)
#define UINT64_C(x) __UINT64_C(x)
#define UINT64_MAX (__UINT64_MAX__)
#define UINT8_C(x) __UINT8_C(x)
#define UINT8_MAX (__UINT8_MAX__)
#define UINTMAX_C(x) __UINTMAX_C(x)
#define UINTMAX_MAX (__UINTMAX_MAX__)
#define UINTPTR_MAX (__UINTPTR_MAX__)
#define UINT_FAST16_MAX (__UINT_FAST16_MAX__)
#define UINT_FAST32_MAX (__UINT_FAST32_MAX__)
#define UINT_FAST64_MAX (__UINT_FAST64_MAX__)
#define UINT_FAST8_MAX (__UINT_FAST8_MAX__)
#define UINT_LEAST16_MAX (__UINT_LEAST16_MAX__)
#define UINT_LEAST32_MAX (__UINT_LEAST32_MAX__)
#define UINT_LEAST64_MAX (__UINT_LEAST64_MAX__)
#define UINT_LEAST8_MAX (__UINT_LEAST8_MAX__)
#define UINT_MAX (__INT_MAX__ *2U +1U)
#define ULLONG_MAX (__LONG_LONG_MAX__*2ULL+1ULL)
#define ULONG_LONG_MAX (__LONG_LONG_MAX__*2ULL+1ULL)
#define ULONG_MAX (__LONG_MAX__ *2UL+1UL)
#define USHRT_MAX (__SHRT_MAX__ * 2 + 1)
#define WAIT_ANY (pid_t)-1
#define WAIT_MYPGRP (pid_t)0
#define WCHAR_MAX __WCHAR_MAX__
#define WCHAR_MIN (0 + L'\0')
#define WCONTINUED 8
#define WCOREDUMP(_w) (WIFSIGNALED(_w) && ((_w) & __WCOREFLAG))
#define WEOF ((wint_t)-1)
#define WEXITSTATUS(_w) (((_w) >> 8) & 0xff)
#define WIFCONTINUED(_w) (((_w) & 0xffff) == __W_CONTINUED)
#define WIFEXITED(_w) (((_w) & 0xff) == 0)
#define WIFSIGNALED(_w) (((_w) & 0x7f) > 0 && (((_w) & 0x7f) < 0x7f))
#define WIFSTOPPED(_w) (((_w) & 0xff) == 0x7f)
#define WINT_MAX (__WINT_MAX__)
#define WINT_MIN (0U)
#define WNOHANG 1
#define WORD_BIT (__SIZEOF_INT__ * __CHAR_BIT__)
#define WSTOPSIG WEXITSTATUS
#define WTERMSIG(_w) ((_w) & 0x7f)
#define WUNTRACED 2
#define W_OK 2
#define XATTR_LIST_MAX 65536
#define XATTR_NAME_MAX 260
#define XATTR_SIZE_MAX 65536
#define X_OK 1
#define ZCONF_H 
#define ZEXPORT 
#define ZEXPORTVA 
#define ZEXTERN extern
#define ZLIB_H 
#define ZLIB_VERNUM 0x1320
#define ZLIB_VERSION "1.3.2"
#define ZLIB_VER_MAJOR 1
#define ZLIB_VER_MINOR 3
#define ZLIB_VER_REVISION 2
#define ZLIB_VER_SUBREVISION 0
#define Z_ASCII Z_TEXT
#define Z_BEST_COMPRESSION 9
#define Z_BEST_SPEED 1
#define Z_BINARY 0
#define Z_BLOCK 5
#define Z_BUF_ERROR (-5)
#define Z_DATA_ERROR (-3)
#define Z_DEFAULT_COMPRESSION (-1)
#define Z_DEFAULT_STRATEGY 0
#define Z_DEFLATED 8
#define Z_ERRNO (-1)
#define Z_FILTERED 1
#define Z_FINISH 4
#define Z_FIXED 4
#define Z_FULL_FLUSH 3
#define Z_HAVE_STDARG_H 
#define Z_HAVE_UNISTD_H 
#define Z_HUFFMAN_ONLY 2
#define Z_MEM_ERROR (-4)
#define Z_NEED_DICT 2
#define Z_NO_COMPRESSION 0
#define Z_NO_FLUSH 0
#define Z_NULL 0
#define Z_OK 0
#define Z_PARTIAL_FLUSH 1
#define Z_RLE 3
#define Z_STREAM_END 1
#define Z_STREAM_ERROR (-2)
#define Z_SYNC_FLUSH 2
#define Z_TEXT 1
#define Z_TREES 6
#define Z_U4 unsigned
#define Z_UNKNOWN 2
#define Z_VERSION_ERROR (-6)
#define _ALLOCATOR_H 1
#define _ALLOC_TRAITS_H 1
#define _ANSIDECL_H_ 
#define _ATEXIT_DYNAMIC_ALLOC 1
#define _ATEXIT_INIT {_NULL, 0, {_NULL}, {{_NULL}, {_NULL}, 0, 0}}
#define _ATEXIT_SIZE 32
#define _ATFILE_SOURCE 1
#define _ATTRIBUTE(attrs) __attribute__ (attrs)
#define _Alignof(x) alignof(x)
#define _B 0200
#define _BACKWARD_BINDERS_H 1
#define _BASIC_STRING_H 1
#define _BASIC_STRING_TCC 1
#define _BEGIN_STD_C extern "C" {
#define _BIG_ENDIAN __BIG_ENDIAN
#define _BITS_BYTESWAP_H 
#define _BITS_ENDIAN_H_ 
#define _BLKCNT_T_DECLARED 
#define _BLKSIZE_T_DECLARED 
#define _BSDTYPES_DEFINED 
#define _BYTE_ORDER __BYTE_ORDER
#define _C 040
#define _CHAR_TRAITS_H 1
#define _CLOCKID_T_ unsigned long
#define _CLOCKID_T_DECLARED 
#define _CLOCKS_PER_SEC_ 1000
#define _CLOCK_T_ unsigned long
#define _CLOCK_T_DECLARED 
#define _CONCEPT_CHECK_H 1
#define _COW_STRING_H 1
#define _CPP_TYPE_TRAITS_H 1
#define _CS_LFS_CFLAGS 21
#define _CS_LFS_LDFLAGS 22
#define _CS_LFS_LIBS 23
#define _CS_LFS_LINTFLAGS 24
#define _CS_PATH 0
#define _CS_POSIX_V6_ILP32_OFF32_CFLAGS _CS_POSIX_V7_ILP32_OFF32_CFLAGS
#define _CS_POSIX_V6_ILP32_OFF32_LDFLAGS _CS_POSIX_V7_ILP32_OFF32_LDFLAGS
#define _CS_POSIX_V6_ILP32_OFF32_LIBS _CS_POSIX_V7_ILP32_OFF32_LIBS
#define _CS_POSIX_V6_ILP32_OFFBIG_CFLAGS _CS_POSIX_V7_ILP32_OFFBIG_CFLAGS
#define _CS_POSIX_V6_ILP32_OFFBIG_LDFLAGS _CS_POSIX_V7_ILP32_OFFBIG_LDFLAGS
#define _CS_POSIX_V6_ILP32_OFFBIG_LIBS _CS_POSIX_V7_ILP32_OFFBIG_LIBS
#define _CS_POSIX_V6_LP64_OFF64_CFLAGS _CS_POSIX_V7_LP64_OFF64_CFLAGS
#define _CS_POSIX_V6_LP64_OFF64_LDFLAGS _CS_POSIX_V7_LP64_OFF64_LDFLAGS
#define _CS_POSIX_V6_LP64_OFF64_LIBS _CS_POSIX_V7_LP64_OFF64_LIBS
#define _CS_POSIX_V6_LPBIG_OFFBIG_CFLAGS _CS_POSIX_V7_LPBIG_OFFBIG_CFLAGS
#define _CS_POSIX_V6_LPBIG_OFFBIG_LDFLAGS _CS_POSIX_V7_LPBIG_OFFBIG_LDFLAGS
#define _CS_POSIX_V6_LPBIG_OFFBIG_LIBS _CS_POSIX_V7_LPBIG_OFFBIG_LIBS
#define _CS_POSIX_V6_WIDTH_RESTRICTED_ENVS _CS_POSIX_V7_WIDTH_RESTRICTED_ENVS
#define _CS_POSIX_V7_ILP32_OFF32_CFLAGS 1
#define _CS_POSIX_V7_ILP32_OFF32_LDFLAGS 2
#define _CS_POSIX_V7_ILP32_OFF32_LIBS 3
#define _CS_POSIX_V7_ILP32_OFFBIG_CFLAGS 5
#define _CS_POSIX_V7_ILP32_OFFBIG_LDFLAGS 6
#define _CS_POSIX_V7_ILP32_OFFBIG_LIBS 7
#define _CS_POSIX_V7_LP64_OFF64_CFLAGS 9
#define _CS_POSIX_V7_LP64_OFF64_LDFLAGS 10
#define _CS_POSIX_V7_LP64_OFF64_LIBS 11
#define _CS_POSIX_V7_LPBIG_OFFBIG_CFLAGS 13
#define _CS_POSIX_V7_LPBIG_OFFBIG_LDFLAGS 14
#define _CS_POSIX_V7_LPBIG_OFFBIG_LIBS 15
#define _CS_POSIX_V7_THREADS_CFLAGS 18
#define _CS_POSIX_V7_THREADS_LDFLAGS 19
#define _CS_POSIX_V7_WIDTH_RESTRICTED_ENVS 17
#define _CS_V6_ENV _CS_V7_ENV
#define _CS_V7_ENV 20
#define _CS_XBS5_ILP32_OFF32_CFLAGS _CS_POSIX_V7_ILP32_OFF32_CFLAGS
#define _CS_XBS5_ILP32_OFF32_LDFLAGS _CS_POSIX_V7_ILP32_OFF32_LDFLAGS
#define _CS_XBS5_ILP32_OFF32_LIBS _CS_POSIX_V7_ILP32_OFF32_LIBS
#define _CS_XBS5_ILP32_OFF32_LINTFLAGS 4
#define _CS_XBS5_ILP32_OFFBIG_CFLAGS _CS_POSIX_V7_ILP32_OFFBIG_CFLAGS
#define _CS_XBS5_ILP32_OFFBIG_LDFLAGS _CS_POSIX_V7_ILP32_OFFBIG_LDFLAGS
#define _CS_XBS5_ILP32_OFFBIG_LIBS _CS_POSIX_V7_ILP32_OFFBIG_LIBS
#define _CS_XBS5_ILP32_OFFBIG_LINTFLAGS 8
#define _CS_XBS5_LP64_OFF64_CFLAGS _CS_POSIX_V7_LP64_OFF64_CFLAGS
#define _CS_XBS5_LP64_OFF64_LDFLAGS _CS_POSIX_V7_LP64_OFF64_LDFLAGS
#define _CS_XBS5_LP64_OFF64_LIBS _CS_POSIX_V7_LP64_OFF64_LIBS
#define _CS_XBS5_LP64_OFF64_LINTFLAGS 12
#define _CS_XBS5_LPBIG_OFFBIG_CFLAGS _CS_POSIX_V7_LPBIG_OFFBIG_CFLAGS
#define _CS_XBS5_LPBIG_OFFBIG_LDFLAGS _CS_POSIX_V7_LPBIG_OFFBIG_LDFLAGS
#define _CS_XBS5_LPBIG_OFFBIG_LIBS _CS_POSIX_V7_LPBIG_OFFBIG_LIBS
#define _CS_XBS5_LPBIG_OFFBIG_LINTFLAGS 16
#define _CS_XBS5_WIDTH_RESTRICTED_ENVS _CS_POSIX_V7_WIDTH_RESTRICTED_ENVS
#define _CTYPE_H_ 
#define _CXXABI_FORCED_H 1
#define _CYGWIN_CONFIG_H 
#define _CYGWIN_LIMITS_H__ 
#define _CYGWIN_SIGNAL_H 
#define _CYGWIN_STDLIB_H 
#define _CYGWIN_TIME_H 
#define _CYGWIN_WAIT_H 
#define _DEFAULT_SOURCE 1
#define _DEV_T_DECLARED 
#define _ELIDABLE_INLINE extern __inline__ _ATTRIBUTE ((__always_inline__))
#define _ENDIAN_H_ 
#define _END_STD_C }
#define _EXCEPTION_DEFINES_H 1
#define _EXT_ALLOC_TRAITS_H 1
#define _EXT_NUMERIC_TRAITS 1
#define _EXT_TYPE_TRAITS 1
#define _FEATURES_H 
#define _FSBLKCNT_T_DECLARED 
#define _FSEEK_OPTIMIZATION 1
#define _FSTDIO 
#define _FUNCTEXCEPT_H 1
#define _FUNCTIONAL_HASH_H 1
#define _FVWRITE_IN_STREAMIO 1
#define _GCC_LIMITS_H_ 
#define _GID_T_DECLARED 
#define _GLIBCXX11_DEPRECATED _GLIBCXX_DEPRECATED
#define _GLIBCXX11_DEPRECATED_SUGGEST(ALT) _GLIBCXX_DEPRECATED_SUGGEST(ALT)
#define _GLIBCXX11_USE_C99_COMPLEX 1
#define _GLIBCXX11_USE_C99_MATH 1
#define _GLIBCXX11_USE_C99_STDIO 1
#define _GLIBCXX11_USE_C99_STDLIB 1
#define _GLIBCXX11_USE_C99_WCHAR 1
#define _GLIBCXX14_CONSTEXPR constexpr
#define _GLIBCXX14_DEPRECATED _GLIBCXX_DEPRECATED
#define _GLIBCXX14_DEPRECATED_SUGGEST(ALT) _GLIBCXX_DEPRECATED_SUGGEST(ALT)
#define _GLIBCXX17_CONSTEXPR constexpr
#define _GLIBCXX17_DEPRECATED [[__deprecated__]]
#define _GLIBCXX17_DEPRECATED_SUGGEST(ALT) _GLIBCXX_DEPRECATED_SUGGEST(ALT)
#define _GLIBCXX17_INLINE inline
#define _GLIBCXX20_CONSTEXPR 
#define _GLIBCXX20_DEPRECATED 
#define _GLIBCXX20_DEPRECATED_SUGGEST(ALT) 
#define _GLIBCXX23_CONSTEXPR 
#define _GLIBCXX23_DEPRECATED 
#define _GLIBCXX23_DEPRECATED_SUGGEST(ALT) 
#define _GLIBCXX98_USE_C99_COMPLEX 1
#define _GLIBCXX98_USE_C99_MATH 1
#define _GLIBCXX98_USE_C99_STDIO 1
#define _GLIBCXX98_USE_C99_STDLIB 1
#define _GLIBCXX98_USE_C99_WCHAR 1
#define _GLIBCXX_ABI_TAG_CXX11 __attribute ((__abi_tag__ ("cxx11")))
#define _GLIBCXX_ALWAYS_INLINE inline __attribute__((__always_inline__))
#define _GLIBCXX_ASAN_ANNOTATE_BEFORE_DEALLOC 
#define _GLIBCXX_ASSERT_FAIL(_Condition) std::__glibcxx_assert_fail(__FILE__, __LINE__, __PRETTY_FUNCTION__, #_Condition)
#define _GLIBCXX_ATOMICITY_H 1
#define _GLIBCXX_ATOMIC_BUILTINS 1
#define _GLIBCXX_ATOMIC_WORD_H 1
#define _GLIBCXX_BEGIN_EXTERN_C extern "C" {
#define _GLIBCXX_BEGIN_INLINE_ABI_NAMESPACE(X) inline namespace X {
#define _GLIBCXX_BEGIN_NAMESPACE_ALGO 
#define _GLIBCXX_BEGIN_NAMESPACE_CONTAINER 
#define _GLIBCXX_BEGIN_NAMESPACE_CXX11 
#define _GLIBCXX_BEGIN_NAMESPACE_LDBL 
#define _GLIBCXX_BEGIN_NAMESPACE_LDBL_OR_CXX11 _GLIBCXX_BEGIN_NAMESPACE_LDBL
#define _GLIBCXX_BEGIN_NAMESPACE_VERSION 
#define _GLIBCXX_BIT 1
#define _GLIBCXX_BITS_STD_ABS_H 
#define _GLIBCXX_CAN_ALIGNAS_DESTRUCTIVE_SIZE 1
#define _GLIBCXX_CCTYPE 1
#define _GLIBCXX_CERRNO 1
#define _GLIBCXX_CHARCONV_H 1
#define _GLIBCXX_CLOCALE 1
#define _GLIBCXX_CONCEPTS 1
#define _GLIBCXX_CONST __attribute__ ((__const__))
#define _GLIBCXX_CONSTEXPR constexpr
#define _GLIBCXX_CPU_DEFINES 1
#define _GLIBCXX_CSTDDEF 1
#define _GLIBCXX_CSTDIO 1
#define _GLIBCXX_CSTDLIB 1
#define _GLIBCXX_CWCHAR 1
#define _GLIBCXX_CXX_ALLOCATOR_H 1
#define _GLIBCXX_CXX_CONFIG_H 1
#define _GLIBCXX_CXX_LOCALE_H 1
#define _GLIBCXX_DARWIN_USE_64_BIT_INODE 1
#define _GLIBCXX_DEBUG_ASSERT(_Condition) 
#define _GLIBCXX_DEBUG_ASSERTIONS_H 1
#define _GLIBCXX_DEBUG_MACRO_SWITCH_H 1
#define _GLIBCXX_DEBUG_ONLY(_Statement) 
#define _GLIBCXX_DEBUG_PEDASSERT(_Condition) 
#define _GLIBCXX_DEFAULT_ABI_TAG 
#define _GLIBCXX_DEPRECATED __attribute__ ((__deprecated__))
#define _GLIBCXX_DEPRECATED_SUGGEST(ALT) __attribute__ ((__deprecated__ ("use '" ALT "' instead")))
#define _GLIBCXX_DOUBLE_IS_IEEE_BINARY64 1
#define _GLIBCXX_DOXYGEN_ONLY(X) 
#define _GLIBCXX_END_EXTERN_C }
#define _GLIBCXX_END_INLINE_ABI_NAMESPACE(X) }
#define _GLIBCXX_END_NAMESPACE_ALGO 
#define _GLIBCXX_END_NAMESPACE_CONTAINER 
#define _GLIBCXX_END_NAMESPACE_CXX11 
#define _GLIBCXX_END_NAMESPACE_LDBL 
#define _GLIBCXX_END_NAMESPACE_LDBL_OR_CXX11 _GLIBCXX_END_NAMESPACE_LDBL
#define _GLIBCXX_END_NAMESPACE_VERSION 
#define _GLIBCXX_EXTERN_TEMPLATE 1
#define _GLIBCXX_FAST_MATH 0
#define _GLIBCXX_FLOAT_IS_IEEE_BINARY32 1
#define _GLIBCXX_FORWARD(_Tp,__val) std::forward<_Tp>(__val)
#define _GLIBCXX_FULLY_DYNAMIC_STRING 0
#define _GLIBCXX_FWDREF(_Tp) _Tp&&
#define _GLIBCXX_GCC_GTHR_H 
#define _GLIBCXX_GCC_GTHR_POSIX_H 
#define _GLIBCXX_GTHREAD_USE_WEAK 0
#define _GLIBCXX_HAS_BUILTIN(B) __has_builtin(B) || ! __is_identifier(B)
#define _GLIBCXX_HAS_GTHREADS 1
#define _GLIBCXX_HAS_NESTED_TYPE(_NTYPE) template<typename _Tp, typename = __void_t<>> struct __has_##_NTYPE : false_type { }; template<typename _Tp> struct __has_##_NTYPE<_Tp, __void_t<typename _Tp::_NTYPE>> : true_type { };
#define _GLIBCXX_HAVE_ACOSF 1
#define _GLIBCXX_HAVE_ACOSL 1
#define _GLIBCXX_HAVE_ALIGNED_ALLOC 1
#define _GLIBCXX_HAVE_ARC4RANDOM 1
#define _GLIBCXX_HAVE_ARPA_INET_H 1
#define _GLIBCXX_HAVE_ASINF 1
#define _GLIBCXX_HAVE_ASINL 1
#define _GLIBCXX_HAVE_ATAN2F 1
#define _GLIBCXX_HAVE_ATAN2L 1
#define _GLIBCXX_HAVE_ATANF 1
#define _GLIBCXX_HAVE_ATANL 1
#define _GLIBCXX_HAVE_ATOMIC_LOCK_POLICY 1
#define _GLIBCXX_HAVE_ATTRIBUTE_VISIBILITY 0
#define _GLIBCXX_HAVE_AT_QUICK_EXIT 1
#define _GLIBCXX_HAVE_BUILTIN_HAS_UNIQ_OBJ_REP 1
#define _GLIBCXX_HAVE_BUILTIN_IS_AGGREGATE 1
#define _GLIBCXX_HAVE_BUILTIN_LAUNDER 1
#define _GLIBCXX_HAVE_C99_FLT_EVAL_TYPES 1
#define _GLIBCXX_HAVE_CEILF 1
#define _GLIBCXX_HAVE_CEILL 1
#define _GLIBCXX_HAVE_COMPLEX_H 1
#define _GLIBCXX_HAVE_COSF 1
#define _GLIBCXX_HAVE_COSHF 1
#define _GLIBCXX_HAVE_COSHL 1
#define _GLIBCXX_HAVE_COSL 1
#define _GLIBCXX_HAVE_DECL_STRNLEN 1
#define _GLIBCXX_HAVE_DIRENT_H 1
#define _GLIBCXX_HAVE_DIRFD 1
#define _GLIBCXX_HAVE_DLFCN_H 1
#define _GLIBCXX_HAVE_DOS_BASED_FILESYSTEM 1
#define _GLIBCXX_HAVE_ENDIAN_H 1
#define _GLIBCXX_HAVE_EXPF 1
#define _GLIBCXX_HAVE_EXPL 1
#define _GLIBCXX_HAVE_FABSF 1
#define _GLIBCXX_HAVE_FABSL 1
#define _GLIBCXX_HAVE_FCNTL_H 1
#define _GLIBCXX_HAVE_FDOPENDIR 1
#define _GLIBCXX_HAVE_FENV_H 1
#define _GLIBCXX_HAVE_FINITE 1
#define _GLIBCXX_HAVE_FINITEF 1
#define _GLIBCXX_HAVE_FINITEL 1
#define _GLIBCXX_HAVE_FLOAT_H 1
#define _GLIBCXX_HAVE_FLOORF 1
#define _GLIBCXX_HAVE_FLOORL 1
#define _GLIBCXX_HAVE_FMODF 1
#define _GLIBCXX_HAVE_FMODL 1
#define _GLIBCXX_HAVE_FREXPF 1
#define _GLIBCXX_HAVE_FREXPL 1
#define _GLIBCXX_HAVE_GETENTROPY 1
#define _GLIBCXX_HAVE_GETIPINFO 1
#define _GLIBCXX_HAVE_GETS 1
#define _GLIBCXX_HAVE_HYPOT 1
#define _GLIBCXX_HAVE_HYPOTF 1
#define _GLIBCXX_HAVE_HYPOTL 1
#define _GLIBCXX_HAVE_ICONV 1
#define _GLIBCXX_HAVE_IEEEFP_H 1
#define _GLIBCXX_HAVE_INTTYPES_H 1
#define _GLIBCXX_HAVE_ISINFF 1
#define _GLIBCXX_HAVE_ISINFL 1
#define _GLIBCXX_HAVE_ISNANF 1
#define _GLIBCXX_HAVE_ISNANL 1
#define _GLIBCXX_HAVE_ISWBLANK 1
#define _GLIBCXX_HAVE_IS_CONSTANT_EVALUATED 1
#define _GLIBCXX_HAVE_LC_MESSAGES 1
#define _GLIBCXX_HAVE_LDEXPF 1
#define _GLIBCXX_HAVE_LDEXPL 1
#define _GLIBCXX_HAVE_LIBINTL_H 1
#define _GLIBCXX_HAVE_LIMIT_AS 1
#define _GLIBCXX_HAVE_LIMIT_DATA 1
#define _GLIBCXX_HAVE_LIMIT_FSIZE 1
#define _GLIBCXX_HAVE_LIMIT_RSS 0
#define _GLIBCXX_HAVE_LIMIT_VMEM 0
#define _GLIBCXX_HAVE_LINK 1
#define _GLIBCXX_HAVE_LOCALE_H 1
#define _GLIBCXX_HAVE_LOG10F 1
#define _GLIBCXX_HAVE_LOG10L 1
#define _GLIBCXX_HAVE_LOGF 1
#define _GLIBCXX_HAVE_LOGL 1
#define _GLIBCXX_HAVE_LSEEK 1
#define _GLIBCXX_HAVE_MACHINE_ENDIAN_H 1
#define _GLIBCXX_HAVE_MACHINE_PARAM_H 1
#define _GLIBCXX_HAVE_MBSTATE_T 1
#define _GLIBCXX_HAVE_MEMALIGN 1
#define _GLIBCXX_HAVE_MEMORY_H 1
#define _GLIBCXX_HAVE_MODF 1
#define _GLIBCXX_HAVE_MODFF 1
#define _GLIBCXX_HAVE_MODFL 1
#define _GLIBCXX_HAVE_NETDB_H 1
#define _GLIBCXX_HAVE_NETINET_IN_H 1
#define _GLIBCXX_HAVE_NETINET_TCP_H 1
#define _GLIBCXX_HAVE_OPENAT 1
#define _GLIBCXX_HAVE_O_NONBLOCK 1
#define _GLIBCXX_HAVE_POLL 1
#define _GLIBCXX_HAVE_POLL_H 1
#define _GLIBCXX_HAVE_POSIX_MEMALIGN 1
#define _GLIBCXX_HAVE_POSIX_SEMAPHORE 1
#define _GLIBCXX_HAVE_POWF 1
#define _GLIBCXX_HAVE_POWL 1
#define _GLIBCXX_HAVE_QUICK_EXIT 1
#define _GLIBCXX_HAVE_READLINK 1
#define _GLIBCXX_HAVE_SECURE_GETENV 1
#define _GLIBCXX_HAVE_SETENV 1
#define _GLIBCXX_HAVE_SINCOS 1
#define _GLIBCXX_HAVE_SINCOSF 1
#define _GLIBCXX_HAVE_SINCOSL 1
#define _GLIBCXX_HAVE_SINF 1
#define _GLIBCXX_HAVE_SINHF 1
#define _GLIBCXX_HAVE_SINHL 1
#define _GLIBCXX_HAVE_SINL 1
#define _GLIBCXX_HAVE_SOCKATMARK 1
#define _GLIBCXX_HAVE_SQRTF 1
#define _GLIBCXX_HAVE_SQRTL 1
#define _GLIBCXX_HAVE_STACKTRACE 1
#define _GLIBCXX_HAVE_STDALIGN_H 1
#define _GLIBCXX_HAVE_STDBOOL_H 1
#define _GLIBCXX_HAVE_STDINT_H 1
#define _GLIBCXX_HAVE_STDLIB_H 1
#define _GLIBCXX_HAVE_STRERROR_R 1
#define _GLIBCXX_HAVE_STRINGS_H 1
#define _GLIBCXX_HAVE_STRING_H 1
#define _GLIBCXX_HAVE_STRTOF 1
#define _GLIBCXX_HAVE_STRTOLD 1
#define _GLIBCXX_HAVE_STRUCT_DIRENT_D_TYPE 1
#define _GLIBCXX_HAVE_SYMLINK 1
#define _GLIBCXX_HAVE_SYS_IOCTL_H 1
#define _GLIBCXX_HAVE_SYS_IPC_H 1
#define _GLIBCXX_HAVE_SYS_MMAN_H 1
#define _GLIBCXX_HAVE_SYS_PARAM_H 1
#define _GLIBCXX_HAVE_SYS_RESOURCE_H 1
#define _GLIBCXX_HAVE_SYS_SEM_H 1
#define _GLIBCXX_HAVE_SYS_SOCKET_H 1
#define _GLIBCXX_HAVE_SYS_STATVFS_H 1
#define _GLIBCXX_HAVE_SYS_STAT_H 1
#define _GLIBCXX_HAVE_SYS_SYSINFO_H 1
#define _GLIBCXX_HAVE_SYS_TIME_H 1
#define _GLIBCXX_HAVE_SYS_TYPES_H 1
#define _GLIBCXX_HAVE_SYS_UIO_H 1
#define _GLIBCXX_HAVE_S_ISREG 1
#define _GLIBCXX_HAVE_TANF 1
#define _GLIBCXX_HAVE_TANHF 1
#define _GLIBCXX_HAVE_TANHL 1
#define _GLIBCXX_HAVE_TANL 1
#define _GLIBCXX_HAVE_TGMATH_H 1
#define _GLIBCXX_HAVE_TIMESPEC_GET 1
#define _GLIBCXX_HAVE_TLS 1
#define _GLIBCXX_HAVE_TRUNCATE 1
#define _GLIBCXX_HAVE_UCHAR_H 1
#define _GLIBCXX_HAVE_UNISTD_H 1
#define _GLIBCXX_HAVE_UNLINKAT 1
#define _GLIBCXX_HAVE_USELOCALE 1
#define _GLIBCXX_HAVE_UTIME_H 1
#define _GLIBCXX_HAVE_VFWSCANF 1
#define _GLIBCXX_HAVE_VSWSCANF 1
#define _GLIBCXX_HAVE_VWSCANF 1
#define _GLIBCXX_HAVE_WCHAR_H 1
#define _GLIBCXX_HAVE_WCSTOF 1
#define _GLIBCXX_HAVE_WCTYPE_H 1
#define _GLIBCXX_HAVE_WINDOWS_H 1
#define _GLIBCXX_HAVE_WRITEV 1
#define _GLIBCXX_HOSTED __STDC_HOSTED__
#define _GLIBCXX_ICONV_CONST 
#define _GLIBCXX_INLINE_VERSION 0
#define _GLIBCXX_INVOKE_H 1
#define _GLIBCXX_IOSFWD 1
#define _GLIBCXX_LT_OBJDIR ".libs/"
#define _GLIBCXX_MAKE_MOVE_IF_NOEXCEPT_ITERATOR(_Iter) std::__make_move_if_noexcept_iterator(_Iter)
#define _GLIBCXX_MAKE_MOVE_ITERATOR(_Iter) std::make_move_iterator(_Iter)
#define _GLIBCXX_MANGLE_SIZE_T m
#define _GLIBCXX_MEMORY_RESOURCE_H 1
#define _GLIBCXX_MOVE(__val) std::move(__val)
#define _GLIBCXX_MOVE3(_Tp,_Up,_Vp) std::move(_Tp, _Up, _Vp)
#define _GLIBCXX_MOVE_BACKWARD3(_Tp,_Up,_Vp) std::move_backward(_Tp, _Up, _Vp)
#define _GLIBCXX_NAMESPACE_CXX11 
#define _GLIBCXX_NAMESPACE_LDBL 
#define _GLIBCXX_NAMESPACE_LDBL_OR_CXX11 _GLIBCXX_NAMESPACE_LDBL
#define _GLIBCXX_NODISCARD [[__nodiscard__]]
#define _GLIBCXX_NOEXCEPT noexcept
#define _GLIBCXX_NOEXCEPT_IF(...) noexcept(__VA_ARGS__)
#define _GLIBCXX_NOEXCEPT_PARM , bool _NE
#define _GLIBCXX_NOEXCEPT_QUAL noexcept (_NE)
#define _GLIBCXX_NORETURN __attribute__ ((__noreturn__))
#define _GLIBCXX_NOTHROW _GLIBCXX_USE_NOEXCEPT
#define _GLIBCXX_NUM_CATEGORIES 0
#define _GLIBCXX_OS_DEFINES 1
#define _GLIBCXX_PACKAGE_BUGREPORT ""
#define _GLIBCXX_PACKAGE_NAME "package-unused"
#define _GLIBCXX_PACKAGE_STRING "package-unused version-unused"
#define _GLIBCXX_PACKAGE_TARNAME "libstdc++"
#define _GLIBCXX_PACKAGE_URL ""
#define _GLIBCXX_PACKAGE__GLIBCXX_VERSION "version-unused"
#define _GLIBCXX_POSTYPES_H 1
#define _GLIBCXX_PREDEFINED_OPS_H 1
#define _GLIBCXX_PSEUDO_VISIBILITY(V) _GLIBCXX_PSEUDO_VISIBILITY_ ## V
#define _GLIBCXX_PSEUDO_VISIBILITY_default 
#define _GLIBCXX_PSEUDO_VISIBILITY_hidden 
#define _GLIBCXX_PURE __attribute__ ((__pure__))
#define _GLIBCXX_RANGE_ACCESS_H 1
#define _GLIBCXX_READ_MEM_BARRIER __atomic_thread_fence (__ATOMIC_ACQUIRE)
#define _GLIBCXX_REFWRAP_H 1
#define _GLIBCXX_RELEASE 14
#define _GLIBCXX_RES_LIMITS 1
#define _GLIBCXX_STATIC_TZDATA 1
#define _GLIBCXX_STDC_HEADERS 1
#define _GLIBCXX_STDIO_EOF -1
#define _GLIBCXX_STDIO_SEEK_CUR 1
#define _GLIBCXX_STDIO_SEEK_END 2
#define _GLIBCXX_STD_A std
#define _GLIBCXX_STD_C std
#define _GLIBCXX_STRING 1
#define _GLIBCXX_STRING_VIEW 1
#define _GLIBCXX_STRING_VIEW_TCC 1
#define _GLIBCXX_SYNCHRONIZATION_HAPPENS_AFTER(A) 
#define _GLIBCXX_SYNCHRONIZATION_HAPPENS_BEFORE(A) 
#define _GLIBCXX_THREAD_ATEXIT_WIN32 1
#define _GLIBCXX_THROW(_EXC) 
#define _GLIBCXX_THROW_OR_ABORT(_EXC) (throw (_EXC))
#define _GLIBCXX_TUPLE 1
#define _GLIBCXX_TXN_SAFE 
#define _GLIBCXX_TXN_SAFE_DYN 
#define _GLIBCXX_TYPE_TRAITS 1
#define _GLIBCXX_USE_ALLOCATOR_NEW 1
#define _GLIBCXX_USE_BUILTIN_TRAIT(BT) _GLIBCXX_HAS_BUILTIN(BT)
#define _GLIBCXX_USE_C11_UCHAR_CXX11 1
#define _GLIBCXX_USE_C99 1
#define _GLIBCXX_USE_C99_COMPLEX _GLIBCXX11_USE_C99_COMPLEX
#define _GLIBCXX_USE_C99_COMPLEX_ARC 1
#define _GLIBCXX_USE_C99_COMPLEX_TR1 1
#define _GLIBCXX_USE_C99_CTYPE 1
#define _GLIBCXX_USE_C99_CTYPE_TR1 1
#define _GLIBCXX_USE_C99_FENV 1
#define _GLIBCXX_USE_C99_FENV_TR1 1
#define _GLIBCXX_USE_C99_INTTYPES 1
#define _GLIBCXX_USE_C99_INTTYPES_TR1 1
#define _GLIBCXX_USE_C99_INTTYPES_WCHAR_T 1
#define _GLIBCXX_USE_C99_INTTYPES_WCHAR_T_TR1 1
#define _GLIBCXX_USE_C99_MATH _GLIBCXX11_USE_C99_MATH
#define _GLIBCXX_USE_C99_MATH_FUNCS 1
#define _GLIBCXX_USE_C99_MATH_TR1 1
#define _GLIBCXX_USE_C99_STDINT 1
#define _GLIBCXX_USE_C99_STDINT_TR1 1
#define _GLIBCXX_USE_C99_STDIO _GLIBCXX11_USE_C99_STDIO
#define _GLIBCXX_USE_C99_STDLIB _GLIBCXX11_USE_C99_STDLIB
#define _GLIBCXX_USE_C99_WCHAR _GLIBCXX11_USE_C99_WCHAR
#define _GLIBCXX_USE_CHDIR 1
#define _GLIBCXX_USE_CHMOD 1
#define _GLIBCXX_USE_CLOCK_MONOTONIC 1
#define _GLIBCXX_USE_CLOCK_REALTIME 1
#define _GLIBCXX_USE_CONSTEXPR constexpr
#define _GLIBCXX_USE_CXX11_ABI 0
#define _GLIBCXX_USE_DECIMAL_FLOAT 1
#define _GLIBCXX_USE_DEPRECATED 1
#define _GLIBCXX_USE_DEV_RANDOM 1
#define _GLIBCXX_USE_DUAL_ABI 1
#define _GLIBCXX_USE_FCHMOD 1
#define _GLIBCXX_USE_FCHMODAT 1
#define _GLIBCXX_USE_FSEEKO_FTELLO 1
#define _GLIBCXX_USE_GETCWD 1
#define _GLIBCXX_USE_GETTIMEOFDAY 1
#define _GLIBCXX_USE_GET_NPROCS 1
#define _GLIBCXX_USE_INIT_PRIORITY_ATTRIBUTE 1
#define _GLIBCXX_USE_LONG_LONG 1
#define _GLIBCXX_USE_LSTAT 1
#define _GLIBCXX_USE_MKDIR 1
#define _GLIBCXX_USE_NANOSLEEP 1
#define _GLIBCXX_USE_NL_LANGINFO_L 1
#define _GLIBCXX_USE_NOEXCEPT noexcept
#define _GLIBCXX_USE_PTHREAD_RWLOCK_T 1
#define _GLIBCXX_USE_RANDOM_TR1 1
#define _GLIBCXX_USE_REALPATH 1
#define _GLIBCXX_USE_SCHED_YIELD 1
#define _GLIBCXX_USE_SC_NPROCESSORS_ONLN 1
#define _GLIBCXX_USE_STD_SPEC_FUNCS 1
#define _GLIBCXX_USE_ST_MTIM 1
#define _GLIBCXX_USE_TBB_PAR_BACKEND __has_include(<tbb/tbb.h>)
#define _GLIBCXX_USE_TMPNAM 1
#define _GLIBCXX_USE_UCHAR_C8RTOMB_MBRTOC8_CXX20 1
#define _GLIBCXX_USE_UCHAR_C8RTOMB_MBRTOC8_FCHAR8_T 1
#define _GLIBCXX_USE_UTIME 1
#define _GLIBCXX_USE_UTIMENSAT 1
#define _GLIBCXX_USE_WCHAR_T 1
#define _GLIBCXX_USE_WEAK_REF 0
#define _GLIBCXX_UTILITY_H 1
#define _GLIBCXX_VECTOR 1
#define _GLIBCXX_VERBOSE 1
#define _GLIBCXX_VERBOSE_ASSERT 1
#define _GLIBCXX_VISIBILITY(V) _GLIBCXX_PSEUDO_VISIBILITY(V)
#define _GLIBCXX_WEAK_DEFINITION 
#define _GLIBCXX_WRITE_MEM_BARRIER __atomic_thread_fence (__ATOMIC_RELEASE)
#define _GLIBCXX_X86_RDRAND 1
#define _GLIBCXX_X86_RDSEED 1
#define _GLIBC_EXTENSION 1
#define _GLOBAL_REENT (&_impure_data)
#define _GNU_SOURCE 1
#define _GTHREAD_USE_MUTEX_TIMEDLOCK 1
#define _HASH_BYTES_H 1
#define _HAVE_CC_INHIBIT_LOOP_TO_LIBCALL 1
#define _HAVE_LONG_DOUBLE 1
#define _ID_T_DECLARED 
#define _INITIALIZER_LIST 
#define _INO_T_DECLARED 
#define _INT16_T_DECLARED 
#define _INT32_T_DECLARED 
#define _INT64_T_DECLARED 
#define _INT8_T_DECLARED 
#define _INTMAX_T_DECLARED 
#define _INTPTR_EQ_LONG 
#define _INTPTR_T_DECLARED 
#define _IN_ADDR_T_DECLARED 
#define _IN_PORT_T_DECLARED 
#define _IOFBF 0
#define _IOLBF 1
#define _IONBF 2
#define _ISOC11_SOURCE 1
#define _ISOC23_SOURCE 1
#define _ISOC99_SOURCE 1
#define _KEY_T_DECLARED 
#define _Kmax (sizeof (size_t) << 3)
#define _L 02
#define _LIMITS_H___ 
#define _LITTLE_ENDIAN __LITTLE_ENDIAN
#define _LOCALE_FWD_H 1
#define _LOCALE_H_ 
#define _LOCK_RECURSIVE_T _LOCK_T
#define _LOCK_T_INITIALIZER ((_LOCK_T)19)
#define _LOCK_T_RECURSIVE_INITIALIZER ((_LOCK_T)18)
#define _LONG_DOUBLE long double
#define _LP64 1
#define _MACHINE__DEFAULT_TYPES_H 
#define _MACHINE__TYPES_H 
#define _MACHSTDLIB_H_ 
#define _MACHTIME_H_ 
#define _MACH_MACHLIMITS_H_ 
#define _MBSTATE_T 
#define _MB_CAPABLE 1
#define _MB_EXTENDED_CHARSETS_ALL 1
#define _MB_EXTENDED_CHARSETS_ISO 1
#define _MB_EXTENDED_CHARSETS_WINDOWS 1
#define _MB_LEN_MAX 8
#define _MEMORYFWD_H 1
#define _MODE_T_DECLARED 
#define _MOVE_H 1
#define _N 04
#define _NEW 
#define _NEWLIB_ALLOCA_H 
#define _NEWLIB_VERSION "4.5.0"
#define _NEWLIB_VERSION_H__ 1
#define _NFDBITS ((int)sizeof(__fd_mask) * 8)
#define _NLINK_T_DECLARED 
#define _NOINLINE __attribute__ ((__noinline__))
#define _NOINLINE_STATIC _NOINLINE static
#define _NOTHROW __attribute__ ((__nothrow__))
#define _NSIG 65
#define _NULL 0
#define _NULLPTR_T 
#define _Noreturn [[noreturn]]
#define _OFF_T_DECLARED 
#define _OSTREAM_INSERT_H 1
#define _P 020
#define _PC_2_SYMLINKS 13
#define _PC_ALLOC_SIZE_MIN 15
#define _PC_ASYNC_IO 9
#define _PC_CASE_INSENSITIVE 92
#define _PC_CHOWN_RESTRICTED 6
#define _PC_FILESIZEBITS 12
#define _PC_LINK_MAX 0
#define _PC_MAX_CANON 1
#define _PC_MAX_INPUT 2
#define _PC_NAME_MAX 3
#define _PC_NO_TRUNC 7
#define _PC_PATH_MAX 4
#define _PC_PIPE_BUF 5
#define _PC_POSIX_PERMISSIONS 90
#define _PC_POSIX_SECURITY 91
#define _PC_PRIO_IO 10
#define _PC_REC_INCR_XFER_SIZE 16
#define _PC_REC_MAX_XFER_SIZE 17
#define _PC_REC_MIN_XFER_SIZE 18
#define _PC_REC_XFER_ALIGN 19
#define _PC_SYMLINK_MAX 14
#define _PC_SYNC_IO 11
#define _PC_TIMESTAMP_RESOLUTION 20
#define _PC_VDISABLE 8
#define _PDP_ENDIAN __PDP_ENDIAN
#define _PID_T_DECLARED 
#define _POINTER_INT long
#define _POSIX2_BC_BASE_MAX 99
#define _POSIX2_BC_DIM_MAX 2048
#define _POSIX2_BC_SCALE_MAX 99
#define _POSIX2_BC_STRING_MAX 1000
#define _POSIX2_CHAR_TERM _POSIX2_VERSION
#define _POSIX2_COLL_WEIGHTS_MAX 2
#define _POSIX2_C_BIND _POSIX2_VERSION
#define _POSIX2_C_DEV _POSIX2_VERSION
#define _POSIX2_C_VERSION _POSIX2_VERSION
#define _POSIX2_EXPR_NEST_MAX 32
#define _POSIX2_LINE_MAX 2048
#define _POSIX2_RE_DUP_MAX 255
#define _POSIX2_SW_DEV _POSIX2_VERSION
#define _POSIX2_UPE _POSIX2_VERSION
#define _POSIX2_VERSION 202405L
#define _POSIX_ADVISORY_INFO 200809L
#define _POSIX_AIO_LISTIO_MAX 2
#define _POSIX_AIO_MAX 1
#define _POSIX_ARG_MAX 4096
#define _POSIX_ASYNCHRONOUS_IO 200809L
#define _POSIX_BARRIERS 200809L
#define _POSIX_CHILD_MAX 25
#define _POSIX_CHOWN_RESTRICTED 1
#define _POSIX_CLOCKRES_MIN 20000000
#define _POSIX_CLOCK_SELECTION 200809L
#define _POSIX_CPUTIME 200809L
#define _POSIX_C_SOURCE 202405L
#define _POSIX_DELAYTIMER_MAX 32
#define _POSIX_FSYNC 200809L
#define _POSIX_HOST_NAME_MAX 255
#define _POSIX_IPV6 200809L
#define _POSIX_JOB_CONTROL 1
#define _POSIX_LINK_MAX 8
#define _POSIX_LOGIN_NAME_MAX 9
#define _POSIX_MAPPED_FILES 200809L
#define _POSIX_MAX_CANON 255
#define _POSIX_MAX_INPUT 255
#define _POSIX_MEMLOCK_RANGE 200809L
#define _POSIX_MEMORY_PROTECTION 200809L
#define _POSIX_MESSAGE_PASSING 200809L
#define _POSIX_MONOTONIC_CLOCK 200809L
#define _POSIX_MQ_OPEN_MAX 8
#define _POSIX_MQ_PRIO_MAX 32
#define _POSIX_NAME_MAX 14
#define _POSIX_NGROUPS_MAX 8
#define _POSIX_NO_TRUNC 1
#define _POSIX_OPEN_MAX 20
#define _POSIX_PATH_MAX 256
#define _POSIX_PIPE_BUF 512
#define _POSIX_PRIORITY_SCHEDULING 200809L
#define _POSIX_RAW_SOCKETS 200809L
#define _POSIX_READER_WRITER_LOCKS 200809L
#define _POSIX_REALTIME_SIGNALS 200809L
#define _POSIX_REGEXP 1
#define _POSIX_RE_DUP_MAX 255
#define _POSIX_RTSIG_MAX 8
#define _POSIX_SAVED_IDS 1
#define _POSIX_SEMAPHORES 200809L
#define _POSIX_SEM_NSEMS_MAX 256
#define _POSIX_SEM_VALUE_MAX 32767
#define _POSIX_SHARED_MEMORY_OBJECTS 200809L
#define _POSIX_SHELL 1
#define _POSIX_SIGQUEUE_MAX 32
#define _POSIX_SOURCE 1
#define _POSIX_SPAWN 200809L
#define _POSIX_SPIN_LOCKS 200809L
#define _POSIX_SSIZE_MAX 32767
#define _POSIX_SS_REPL_MAX 4
#define _POSIX_STREAM_MAX 8
#define _POSIX_SYMLINK_MAX 255
#define _POSIX_SYMLOOP_MAX 8
#define _POSIX_SYNCHRONIZED_IO 200809L
#define _POSIX_THREADS 200809L
#define _POSIX_THREAD_ATTR_STACKADDR 200809L
#define _POSIX_THREAD_ATTR_STACKSIZE 200809L
#define _POSIX_THREAD_CPUTIME 200809L
#define _POSIX_THREAD_DESTRUCTOR_ITERATIONS 4
#define _POSIX_THREAD_KEYS_MAX 128
#define _POSIX_THREAD_PRIORITY_SCHEDULING 200809L
#define _POSIX_THREAD_PROCESS_SHARED 200809L
#define _POSIX_THREAD_SAFE_FUNCTIONS 200809L
#define _POSIX_THREAD_THREADS_MAX 64
#define _POSIX_TIMEOUTS 200809L
#define _POSIX_TIMERS 200809L
#define _POSIX_TIMER_MAX 32
#define _POSIX_TRACE_EVENT_NAME_MAX 30
#define _POSIX_TRACE_NAME_MAX 8
#define _POSIX_TRACE_SYS_MAX 8
#define _POSIX_TRACE_USER_EVENT_MAX 32
#define _POSIX_TTY_NAME_MAX 9
#define _POSIX_TZNAME_MAX 6
#define _POSIX_V6_ILP32_OFF32 -1
#define _POSIX_V6_ILP32_OFFBIG -1
#define _POSIX_V6_LP64_OFF64 1
#define _POSIX_V6_LPBIG_OFFBIG 1
#define _POSIX_V7_ILP32_OFF32 _POSIX_V6_ILP32_OFF32
#define _POSIX_V7_ILP32_OFFBIG _POSIX_V6_ILP32_OFFBIG
#define _POSIX_V7_LP64_OFF64 _POSIX_V6_LP64_OFF64
#define _POSIX_V7_LPBIG_OFFBIG _POSIX_V6_LPBIG_OFFBIG
#define _POSIX_VDISABLE '\0'
#define _POSIX_VERSION 202405L
#define _PSTL_ASSERT(_Condition) __glibcxx_assert(_Condition)
#define _PSTL_ASSERT_MSG(_Condition,_Message) __glibcxx_assert(_Condition)
#define _PSTL_CLANG_VERSION (__clang_major__ * 10000 + __clang_minor__ * 100 + __clang_patchlevel__)
#define _PSTL_CONFIG_H 
#define _PSTL_CPP14_2RANGE_MISMATCH_EQUAL_PRESENT 
#define _PSTL_CPP14_INTEGER_SEQUENCE_PRESENT 
#define _PSTL_CPP14_MAKE_REVERSE_ITERATOR_PRESENT 
#define _PSTL_CPP14_VARIABLE_TEMPLATES_PRESENT 
#define _PSTL_CPP17_EXECUTION_POLICIES_PRESENT (_MSC_VER >= 1912 && _MSVC_LANG >= 201703L) || (_GLIBCXX_RELEASE >= 9 && __GLIBCXX__ >= 20190503 && __cplusplus >= 201703L)
#define _PSTL_GCC_VERSION (__GNUC__ * 10000 + __GNUC_MINOR__ * 100 + __GNUC_PATCHLEVEL__)
#define _PSTL_HIDE_FROM_ABI_POP 
#define _PSTL_HIDE_FROM_ABI_PUSH 
#define _PSTL_PAR_BACKEND_SERIAL 
#define _PSTL_PRAGMA(x) _Pragma(# x)
#define _PSTL_PRAGMA_DECLARE_REDUCTION(NAME,OP) _PSTL_PRAGMA(omp declare reduction(NAME:OP : omp_out(omp_in)) initializer(omp_priv = omp_orig))
#define _PSTL_PRAGMA_DECLARE_SIMD _PSTL_PRAGMA(omp declare simd)
#define _PSTL_PRAGMA_FORCEINLINE 
#define _PSTL_PRAGMA_LOCATION " [Parallel STL message]: "
#define _PSTL_PRAGMA_MESSAGE(x) 
#define _PSTL_PRAGMA_MESSAGE_IMPL(x) _PSTL_PRAGMA(message(_PSTL_STRING_CONCAT(_PSTL_PRAGMA_LOCATION, x)))
#define _PSTL_PRAGMA_MESSAGE_POLICIES(x) 
#define _PSTL_PRAGMA_SIMD _PSTL_PRAGMA(omp simd)
#define _PSTL_PRAGMA_SIMD_EARLYEXIT 
#define _PSTL_PRAGMA_SIMD_EXCLUSIVE_SCAN(PRM) 
#define _PSTL_PRAGMA_SIMD_INCLUSIVE_SCAN(PRM) 
#define _PSTL_PRAGMA_SIMD_ORDERED_MONOTONIC(PRM) 
#define _PSTL_PRAGMA_SIMD_ORDERED_MONOTONIC_2ARGS(PRM1,PRM2) 
#define _PSTL_PRAGMA_SIMD_REDUCTION(PRM) _PSTL_PRAGMA(omp simd reduction(PRM))
#define _PSTL_PRAGMA_SIMD_SCAN(PRM) 
#define _PSTL_PRAGMA_VECTOR_UNALIGNED 
#define _PSTL_STRING(x) _PSTL_STRING_AUX(x)
#define _PSTL_STRING_AUX(x) #x
#define _PSTL_STRING_CONCAT(x,y) x #y
#define _PSTL_USAGE_WARNINGS 0
#define _PSTL_USE_NONTEMPORAL_STORES_IF_ALLOWED 
#define _PSTL_VERSION 17000
#define _PSTL_VERSION_MAJOR (_PSTL_VERSION / 1000)
#define _PSTL_VERSION_MINOR ((_PSTL_VERSION % 1000) / 10)
#define _PSTL_VERSION_PATCH (_PSTL_VERSION % 10)
#define _PTHREAD_H 
#define _PTRDIFF_T 
#define _PTR_TRAITS_H 1
#define _QUAD_HIGHWORD 1
#define _QUAD_LOWWORD 0
#define _RAND48_ADD (0x000b)
#define _RAND48_MULT_0 (0xe66d)
#define _RAND48_MULT_1 (0xdeec)
#define _RAND48_MULT_2 (0x0005)
#define _RAND48_SEED_0 (0x330e)
#define _RAND48_SEED_1 (0xabcd)
#define _RAND48_SEED_2 (0x1234)
#define _READ_WRITE_BUFSIZE_TYPE size_t
#define _READ_WRITE_RETURN_TYPE _ssize_t
#define _REENT (__getreent())
#define _REENT_ASCTIME_BUF(ptr) ((ptr)->_new._reent._asctime_buf)
#define _REENT_ASCTIME_SIZE 26
#define _REENT_BACKWARD_BINARY_COMPAT 1
#define _REENT_C16RTOMB_STATE(ptr) ((ptr)->_new._reent._c16rtomb_state)
#define _REENT_C32RTOMB_STATE(ptr) ((ptr)->_new._reent._c32rtomb_state)
#define _REENT_C8RTOMB_STATE(ptr) ((ptr)->_new._reent._c8rtomb_state)
#define _REENT_CHECK_ASCTIME_BUF(ptr) 
#define _REENT_CHECK_EMERGENCY(ptr) 
#define _REENT_CHECK_MISC(ptr) 
#define _REENT_CHECK_MP(ptr) 
#define _REENT_CHECK_RAND48(ptr) 
#define _REENT_CHECK_SIGNAL_BUF(ptr) 
#define _REENT_CHECK_TM(ptr) 
#define _REENT_CHECK_VERIFY 1
#define _REENT_CLEANUP(_ptr) ((_ptr)->__cleanup)
#define _REENT_CVTBUF(_ptr) ((_ptr)->_cvtbuf)
#define _REENT_CVTLEN(_ptr) ((_ptr)->_cvtlen)
#define _REENT_EMERGENCY(_ptr) ((_ptr)->_emergency)
#define _REENT_EMERGENCY_SIZE 25
#define _REENT_ERRNO(_ptr) ((_ptr)->_errno)
#define _REENT_GETDATE_ERR_P(ptr) (&((ptr)->_new._reent._getdate_err))
#define _REENT_GETLOCALENAME_L_BUF(ptr) ((ptr)->_new._reent._getlocalename_l_buf)
#define _REENT_INC(_ptr) ((_ptr)->_inc)
#define _REENT_INIT(var) { 0, &__sf[0], &__sf[1], &__sf[2], 0, "", _REENT_INIT_RESERVED_1 _NULL, _REENT_INIT_RESERVED_0 _NULL, _NULL, 0, _NULL, _NULL, 0, _NULL, { { _REENT_INIT_RESERVED_2 _NULL, "", {0, 0, 0, 0, 0, 0, 0, 0, 0}, 0, 1, { {_RAND48_SEED_0, _RAND48_SEED_1, _RAND48_SEED_2}, {_RAND48_MULT_0, _RAND48_MULT_1, _RAND48_MULT_2}, _RAND48_ADD }, {0, {0}}, {0, {0}}, {0, {0}}, "", "", 0, {0, {0}}, {0, {0}}, {0, {0}}, {0, {0}}, {0, {0}} } }, _REENT_INIT_RESERVED_6_7 _NULL }
#define _REENT_INIT_PTR(var) { memset((var), 0, sizeof(*(var))); _REENT_INIT_PTR_ZEROED(var); }
#define _REENT_INIT_PTR_ZEROED(var) { (var)->_stdin = &__sf[0]; (var)->_stdout = &__sf[1]; (var)->_stderr = &__sf[2]; (var)->_new._reent._rand_next = 1; (var)->_new._reent._r48._seed[0] = _RAND48_SEED_0; (var)->_new._reent._r48._seed[1] = _RAND48_SEED_1; (var)->_new._reent._r48._seed[2] = _RAND48_SEED_2; (var)->_new._reent._r48._mult[0] = _RAND48_MULT_0; (var)->_new._reent._r48._mult[1] = _RAND48_MULT_1; (var)->_new._reent._r48._mult[2] = _RAND48_MULT_2; (var)->_new._reent._r48._add = _RAND48_ADD; }
#define _REENT_INIT_RESERVED_0 0,
#define _REENT_INIT_RESERVED_1 0,
#define _REENT_INIT_RESERVED_2 0,
#define _REENT_INIT_RESERVED_6_7 _NULL, _ATEXIT_INIT,
#define _REENT_INIT_RESERVED_8 {_NULL, 0, _NULL},
#define _REENT_IS_NULL(_ptr) ((_ptr) == NULL)
#define _REENT_L64A_BUF(ptr) ((ptr)->_new._reent._l64a_buf)
#define _REENT_LOCALE(_ptr) ((_ptr)->_locale)
#define _REENT_MBLEN_STATE(ptr) ((ptr)->_new._reent._mblen_state)
#define _REENT_MBRLEN_STATE(ptr) ((ptr)->_new._reent._mbrlen_state)
#define _REENT_MBRTOC16_STATE(ptr) ((ptr)->_new._reent._mbrtoc16_state)
#define _REENT_MBRTOC32_STATE(ptr) ((ptr)->_new._reent._mbrtoc32_state)
#define _REENT_MBRTOC8_STATE(ptr) ((ptr)->_new._reent._mbrtoc8_state)
#define _REENT_MBRTOWC_STATE(ptr) ((ptr)->_new._reent._mbrtowc_state)
#define _REENT_MBSRTOWCS_STATE(ptr) ((ptr)->_new._reent._mbsrtowcs_state)
#define _REENT_MBTOWC_STATE(ptr) ((ptr)->_new._reent._mbtowc_state)
#define _REENT_MP_FREELIST(ptr) ((ptr)->_freelist)
#define _REENT_MP_P5S(ptr) ((ptr)->_p5s)
#define _REENT_MP_RESULT(ptr) ((ptr)->_result)
#define _REENT_MP_RESULT_K(ptr) ((ptr)->_result_k)
#define _REENT_RAND48_ADD(ptr) ((ptr)->_new._reent._r48._add)
#define _REENT_RAND48_MULT(ptr) ((ptr)->_new._reent._r48._mult)
#define _REENT_RAND48_SEED(ptr) ((ptr)->_new._reent._r48._seed)
#define _REENT_RAND_NEXT(ptr) ((ptr)->_new._reent._rand_next)
#define _REENT_SIGNAL_BUF(ptr) ((ptr)->_new._reent._signal_buf)
#define _REENT_SIGNAL_SIZE 24
#define _REENT_SIGNGAM(ptr) ((ptr)->_new._reent._gamma_signgam)
#define _REENT_SIG_FUNC(_ptr) ((_ptr)->_sig_func)
#define _REENT_SMALL_CHECK_INIT(ptr) 
#define _REENT_STDERR(_ptr) ((_ptr)->_stderr)
#define _REENT_STDIN(_ptr) ((_ptr)->_stdin)
#define _REENT_STDOUT(_ptr) ((_ptr)->_stdout)
#define _REENT_STRTOK_LAST(ptr) ((ptr)->_new._reent._strtok_last)
#define _REENT_TM(ptr) (&(ptr)->_new._reent._localtime_buf)
#define _REENT_WCRTOMB_STATE(ptr) ((ptr)->_new._reent._wcrtomb_state)
#define _REENT_WCSRTOMBS_STATE(ptr) ((ptr)->_new._reent._wcsrtombs_state)
#define _REENT_WCTOMB_STATE(ptr) ((ptr)->_new._reent._wctomb_state)
#define _REQUIRES_FREESTANDING_H 1
#define _S 010
#define _SA_INTERNAL_MASK 0xf000
#define _SCHED_H_ 
#define _SC_2_CHAR_TERM 107
#define _SC_2_C_BIND 108
#define _SC_2_C_DEV 109
#define _SC_2_FORT_DEV 110
#define _SC_2_FORT_RUN 111
#define _SC_2_LOCALEDEF 112
#define _SC_2_PBS 113
#define _SC_2_PBS_ACCOUNTING 114
#define _SC_2_PBS_CHECKPOINT 115
#define _SC_2_PBS_LOCATE 116
#define _SC_2_PBS_MESSAGE 117
#define _SC_2_PBS_TRACK 118
#define _SC_2_SW_DEV 119
#define _SC_2_UPE 120
#define _SC_2_VERSION 121
#define _SC_ADVISORY_INFO 54
#define _SC_AIO_LISTIO_MAX 34
#define _SC_AIO_MAX 35
#define _SC_AIO_PRIO_DELTA_MAX 36
#define _SC_ARG_MAX 0
#define _SC_ASYNCHRONOUS_IO 21
#define _SC_ATEXIT_MAX 55
#define _SC_AVPHYS_PAGES 12
#define _SC_BARRIERS 56
#define _SC_BC_BASE_MAX 57
#define _SC_BC_DIM_MAX 58
#define _SC_BC_SCALE_MAX 59
#define _SC_BC_STRING_MAX 60
#define _SC_CHILD_MAX 1
#define _SC_CLK_TCK 2
#define _SC_CLOCK_SELECTION 61
#define _SC_COLL_WEIGHTS_MAX 62
#define _SC_CPUTIME 63
#define _SC_DELAYTIMER_MAX 37
#define _SC_EXPR_NEST_MAX 64
#define _SC_FSYNC 22
#define _SC_GETGR_R_SIZE_MAX 50
#define _SC_GETPW_R_SIZE_MAX 51
#define _SC_HOST_NAME_MAX 65
#define _SC_IOV_MAX 66
#define _SC_IPV6 67
#define _SC_JOB_CONTROL 5
#define _SC_LEVEL1_DCACHE_ASSOC 129
#define _SC_LEVEL1_DCACHE_LINESIZE 130
#define _SC_LEVEL1_DCACHE_SIZE 128
#define _SC_LEVEL1_ICACHE_ASSOC 126
#define _SC_LEVEL1_ICACHE_LINESIZE 127
#define _SC_LEVEL1_ICACHE_SIZE 125
#define _SC_LEVEL2_CACHE_ASSOC 132
#define _SC_LEVEL2_CACHE_LINESIZE 133
#define _SC_LEVEL2_CACHE_SIZE 131
#define _SC_LEVEL3_CACHE_ASSOC 135
#define _SC_LEVEL3_CACHE_LINESIZE 136
#define _SC_LEVEL3_CACHE_SIZE 134
#define _SC_LEVEL4_CACHE_ASSOC 138
#define _SC_LEVEL4_CACHE_LINESIZE 139
#define _SC_LEVEL4_CACHE_SIZE 137
#define _SC_LINE_MAX 68
#define _SC_LOGIN_NAME_MAX 52
#define _SC_MAPPED_FILES 23
#define _SC_MEMLOCK 24
#define _SC_MEMLOCK_RANGE 25
#define _SC_MEMORY_PROTECTION 26
#define _SC_MESSAGE_PASSING 27
#define _SC_MONOTONIC_CLOCK 69
#define _SC_MQ_OPEN_MAX 13
#define _SC_MQ_PRIO_MAX 14
#define _SC_NGROUPS_MAX 3
#define _SC_NPROCESSORS_CONF 9
#define _SC_NPROCESSORS_ONLN 10
#define _SC_OPEN_MAX 4
#define _SC_PAGESIZE 8
#define _SC_PAGE_SIZE _SC_PAGESIZE
#define _SC_PHYS_PAGES 11
#define _SC_POSIX_26_VERSION 140
#define _SC_PRIORITIZED_IO 28
#define _SC_PRIORITY_SCHEDULING 101
#define _SC_RAW_SOCKETS 70
#define _SC_READER_WRITER_LOCKS 71
#define _SC_REALTIME_SIGNALS 29
#define _SC_REGEXP 72
#define _SC_RE_DUP_MAX 73
#define _SC_RTSIG_MAX 15
#define _SC_SAVED_IDS 6
#define _SC_SEMAPHORES 30
#define _SC_SEM_NSEMS_MAX 16
#define _SC_SEM_VALUE_MAX 17
#define _SC_SHARED_MEMORY_OBJECTS 31
#define _SC_SHELL 74
#define _SC_SIGQUEUE_MAX 18
#define _SC_SPAWN 75
#define _SC_SPIN_LOCKS 76
#define _SC_SPORADIC_SERVER 77
#define _SC_SS_REPL_MAX 78
#define _SC_STREAM_MAX 100
#define _SC_SYMLOOP_MAX 79
#define _SC_SYNCHRONIZED_IO 32
#define _SC_THREADS 42
#define _SC_THREAD_ATTR_STACKADDR 43
#define _SC_THREAD_ATTR_STACKSIZE 44
#define _SC_THREAD_CPUTIME 80
#define _SC_THREAD_DESTRUCTOR_ITERATIONS 53
#define _SC_THREAD_KEYS_MAX 38
#define _SC_THREAD_PRIORITY_SCHEDULING 45
#define _SC_THREAD_PRIO_CEILING _SC_THREAD_PRIO_PROTECT
#define _SC_THREAD_PRIO_INHERIT 46
#define _SC_THREAD_PRIO_PROTECT 47
#define _SC_THREAD_PROCESS_SHARED 48
#define _SC_THREAD_ROBUST_PRIO_INHERIT 122
#define _SC_THREAD_ROBUST_PRIO_PROTECT 123
#define _SC_THREAD_SAFE_FUNCTIONS 49
#define _SC_THREAD_SPORADIC_SERVER 81
#define _SC_THREAD_STACK_MIN 39
#define _SC_THREAD_THREADS_MAX 40
#define _SC_TIMEOUTS 82
#define _SC_TIMERS 33
#define _SC_TIMER_MAX 19
#define _SC_TRACE 83
#define _SC_TRACE_EVENT_FILTER 84
#define _SC_TRACE_EVENT_NAME_MAX 85
#define _SC_TRACE_INHERIT 86
#define _SC_TRACE_LOG 87
#define _SC_TRACE_NAME_MAX 88
#define _SC_TRACE_SYS_MAX 89
#define _SC_TRACE_USER_EVENT_MAX 90
#define _SC_TTY_NAME_MAX 41
#define _SC_TYPED_MEMORY_OBJECTS 91
#define _SC_TZNAME_MAX 20
#define _SC_V6_ILP32_OFF32 _SC_V7_ILP32_OFF32
#define _SC_V6_ILP32_OFFBIG _SC_V7_ILP32_OFFBIG
#define _SC_V6_LP64_OFF64 _SC_V7_LP64_OFF64
#define _SC_V6_LPBIG_OFFBIG _SC_V7_LPBIG_OFFBIG
#define _SC_V7_ILP32_OFF32 92
#define _SC_V7_ILP32_OFFBIG 93
#define _SC_V7_LP64_OFF64 94
#define _SC_V7_LPBIG_OFFBIG 95
#define _SC_VERSION 7
#define _SC_XBS5_ILP32_OFF32 _SC_V7_ILP32_OFF32
#define _SC_XBS5_ILP32_OFFBIG _SC_V7_ILP32_OFFBIG
#define _SC_XBS5_LP64_OFF64 _SC_V7_LP64_OFF64
#define _SC_XBS5_LPBIG_OFFBIG _SC_V7_LPBIG_OFFBIG
#define _SC_XOPEN_CRYPT 96
#define _SC_XOPEN_ENH_I18N 97
#define _SC_XOPEN_LEGACY 98
#define _SC_XOPEN_REALTIME 99
#define _SC_XOPEN_REALTIME_THREADS 102
#define _SC_XOPEN_SHM 103
#define _SC_XOPEN_STREAMS 104
#define _SC_XOPEN_UNIX 105
#define _SC_XOPEN_UUCP 124
#define _SC_XOPEN_VERSION 106
#define _SIGNAL_H_ 
#define _SIGSET_T_DECLARED 
#define _SIZE_T 
#define _SSIZE_T_DECLARED 
#define _STDINT_H 
#define _STDIO_BSD_SEMANTICS 1
#define _STDIO_H_ 
#define _STDLIB_H_ 
#define _STD_NEW_ALLOCATOR_H 1
#define _STL_ALGOBASE_H 1
#define _STL_BVECTOR_H 1
#define _STL_CONSTRUCT_H 1
#define _STL_FUNCTION_H 1
#define _STL_ITERATOR_BASE_FUNCS_H 1
#define _STL_ITERATOR_BASE_TYPES_H 1
#define _STL_ITERATOR_H 1
#define _STL_PAIR_H 1
#define _STL_UNINITIALIZED_H 1
#define _STL_VECTOR_H 1
#define _STRINGFWD_H 1
#define _STRING_CONVERSIONS_H 1
#define _SUPPORTS_ERREXCEPT 
#define _SUSECONDS_T_DECLARED 
#define _SYMSTR(x) #x
#define _SYS_CDEFS_H_ 
#define _SYS_CPUSET_H_ 
#define _SYS_ERRNO_H_ 
#define _SYS_FEATURES_H 
#define _SYS_LOCK_H_ 
#define _SYS_REENT_H_ 
#define _SYS_SCHED_H_ 
#define _SYS_SELECT_H 
#define _SYS_SIGNAL_H 
#define _SYS_STDIO_H_ 
#define _SYS_SYSMACROS_H 
#define _SYS_TIMESPEC_H_ 
#define _SYS_TYPES_FD_SET 
#define _SYS_TYPES_H 
#define _SYS_UCONTEXT_H_ 
#define _SYS_UNISTD_H 
#define _SYS__INTSUP_H 
#define _SYS__LOCALE_H 
#define _SYS__PTHREADTYPES_H_ 
#define _SYS__SIGSET_H_ 
#define _SYS__STDINT_H 
#define _SYS__TIMESPEC_H_ 
#define _SYS__TIMEVAL_H_ 
#define _SYS__TYPES_H 
#define _TIMER_T_ unsigned long
#define _TIMER_T_DECLARED 
#define _TIMEVAL_DEFINED 
#define _TIME_H_ 
#define _TIME_T_ long
#define _TIME_T_DECLARED 
#define _U 01
#define _UID_T_DECLARED 
#define _UINT16_T_DECLARED 
#define _UINT32_T_DECLARED 
#define _UINT64_T_DECLARED 
#define _UINT8_T_DECLARED 
#define _UINTMAX_T_DECLARED 
#define _UINTPTR_T_DECLARED 
#define _UNBUF_STREAM_OPT 1
#define _UNISTD_H_ 
#define _USECONDS_T_DECLARED 
#define _USES_ALLOCATOR_ARGS 1
#define _USES_ALLOCATOR_H 1
#define _USE_GDTOA 
#define _USE_LONG_TIME_T 1
#define _VA_LIST 
#define _VA_LIST_DEFINED 
#define _VECTOR_TCC 1
#define _WANT_C99_TIME_FORMATS 1
#define _WANT_IO_C99_FORMATS 1
#define _WANT_IO_LONG_DOUBLE 1
#define _WANT_IO_LONG_LONG 1
#define _WANT_IO_POS_ARGS 1
#define _WANT_USE_GDTOA 1
#define _WCHAR_H_ 
#define _WIDE_ORIENT 1
#define _WINT_T 
#define _WORDSIZE_H 1
#define _X 0100
#define _XBS5_ILP32_OFF32 _POSIX_V6_ILP32_OFF32
#define _XBS5_ILP32_OFFBIG _POSIX_V6_ILP32_OFFBIG
#define _XBS5_LP64_OFF64 _POSIX_V6_LP64_OFF64
#define _XBS5_LPBIG_OFFBIG _POSIX_V6_LPBIG_OFFBIG
#define _XOPEN_CRYPT 1
#define _XOPEN_ENH_I18N 1
#define _XOPEN_IOV_MAX 16
#define _XOPEN_NAME_MAX 255
#define _XOPEN_PATH_MAX 1024
#define _XOPEN_SHM 1
#define _XOPEN_SOURCE 700
#define _XOPEN_SOURCE_EXTENDED 1
#define _XOPEN_VERSION __XSI_VISIBLE
#define __AIO_LISTIO_MAX 32
#define __AIO_MAX 8
#define __AIO_PRIO_DELTA_MAX 0
#define __ARG_MAX 32000
#define __ASMNAME(cname) __XSTRING (__USER_LABEL_PREFIX__) cname
#define __ATEXIT_MAX 32
#define __ATFILE_VISIBLE 1
#define __ATOMIC_ACQUIRE 2
#define __ATOMIC_ACQ_REL 4
#define __ATOMIC_CONSUME 1
#define __ATOMIC_RELAXED 0
#define __ATOMIC_RELEASE 3
#define __ATOMIC_SEQ_CST 5
#define __ATTRIBUTE_IMPURE_DATA__ 
#define __ATTRIBUTE_IMPURE_PTR__ 
#define __BEGIN_DECLS extern "C" {
#define __BIGGEST_ALIGNMENT__ 16
#define __BIG_ENDIAN 4321
#define __BITINT_MAXWIDTH__ 8388608
#define __BIT_TYPES_DEFINED__ 1
#define __BOOL_WIDTH__ 1
#define __BSD_VISIBLE 1
#define __BYTE_ORDER __LITTLE_ENDIAN
#define __BYTE_ORDER__ __ORDER_LITTLE_ENDIAN__
#define __CC_SUPPORTS_DYNAMIC_ARRAY_INIT 1
#define __CC_SUPPORTS_INLINE 1
#define __CC_SUPPORTS_VARADIC_XXX 1
#define __CC_SUPPORTS_WARNING 1
#define __CC_SUPPORTS___FUNC__ 1
#define __CC_SUPPORTS___INLINE 1
#define __CC_SUPPORTS___INLINE__ 1
#define __CHAR16_TYPE__ unsigned short
#define __CHAR32_TYPE__ unsigned int
#define __CHAR_BIT__ 8
#define __CHILD_MAX 256
#define __CLANG_ATOMIC_BOOL_LOCK_FREE 2
#define __CLANG_ATOMIC_CHAR16_T_LOCK_FREE 2
#define __CLANG_ATOMIC_CHAR32_T_LOCK_FREE 2
#define __CLANG_ATOMIC_CHAR_LOCK_FREE 2
#define __CLANG_ATOMIC_INT_LOCK_FREE 2
#define __CLANG_ATOMIC_LLONG_LOCK_FREE 2
#define __CLANG_ATOMIC_LONG_LOCK_FREE 2
#define __CLANG_ATOMIC_POINTER_LOCK_FREE 2
#define __CLANG_ATOMIC_SHORT_LOCK_FREE 2
#define __CLANG_ATOMIC_WCHAR_T_LOCK_FREE 2
#define __CLANG_LIMITS_H 
#define __CLANG_MAX_ALIGN_T_DEFINED 
#define __CLANG_STDINT_H 
#define __CONCAT(x,y) __CONCAT1(x,y)
#define __CONCAT1(x,y) x ## y
#define __CONSTANT_CFSTRINGS__ 1
#define __COPYRIGHT(s) struct __hack
#define __COPY_CONTEXT_SIZE 816
#define __CPUELT(cpu) ((cpu) / __NCPUBITS)
#define __CPUMASK(cpu) ((__cpu_mask) 1 << ((cpu) % __NCPUBITS))
#define __CPU_GROUPMAX (__CPU_SETSIZE / __NCPUBITS)
#define __CPU_SETSIZE 1024
#define __CTYPE_PTR (__locale_ctype_ptr ())
#define __CYGTLS_PADSIZE__ 12800
#define __CYGWIN64__ 1
#define __CYGWIN__ 1
#define __DBL_DECIMAL_DIG__ 17
#define __DBL_DENORM_MIN__ 4.9406564584124654e-324
#define __DBL_DIG__ 15
#define __DBL_EPSILON__ 2.2204460492503131e-16
#define __DBL_HAS_DENORM__ 1
#define __DBL_HAS_INFINITY__ 1
#define __DBL_HAS_QUIET_NAN__ 1
#define __DBL_MANT_DIG__ 53
#define __DBL_MAX_10_EXP__ 308
#define __DBL_MAX_EXP__ 1024
#define __DBL_MAX__ 1.7976931348623157e+308
#define __DBL_MIN_10_EXP__ (-307)
#define __DBL_MIN_EXP__ (-1021)
#define __DBL_MIN__ 2.2250738585072014e-308
#define __DBL_NORM_MAX__ 1.7976931348623157e+308
#define __DECIMAL_DIG__ __LDBL_DECIMAL_DIG__
#define __DECONST(type,var) ((type)(__uintptr_t)(const void *)(var))
#define __DELAYTIMER_MAX __INT_MAX__
#define __DEPRECATED 1
#define __DEQUALIFY(type,var) ((type)(__uintptr_t)(const volatile void *)(var))
#define __DEVOLATILE(type,var) ((type)(__uintptr_t)(volatile void *)(var))
#define __DOTS , ...
#define __DYNAMIC_REENT__ 
#define __ELASTERROR 2000
#define __END_DECLS }
#define __ERRNO_H__ 
#define __EXCEPTIONS 1
#define __EXCEPTION_H 1
#define __EXPORT 
#define __FAST16 "h"
#define __FAST32 
#define __FAST64 "l"
#define __FAST8 "hh"
#define __FBSDID(s) struct __hack
#define __FILENAME_MAX__ 4096
#define __FILESIZEBITS 64
#define __FILE_defined 
#define __FINITE_MATH_ONLY__ 0
#define __FLT16_DECIMAL_DIG__ 5
#define __FLT16_DENORM_MIN__ 5.9604644775390625e-8F16
#define __FLT16_DIG__ 3
#define __FLT16_EPSILON__ 9.765625e-4F16
#define __FLT16_HAS_DENORM__ 1
#define __FLT16_HAS_INFINITY__ 1
#define __FLT16_HAS_QUIET_NAN__ 1
#define __FLT16_MANT_DIG__ 11
#define __FLT16_MAX_10_EXP__ 4
#define __FLT16_MAX_EXP__ 16
#define __FLT16_MAX__ 6.5504e+4F16
#define __FLT16_MIN_10_EXP__ (-4)
#define __FLT16_MIN_EXP__ (-13)
#define __FLT16_MIN__ 6.103515625e-5F16
#define __FLT16_NORM_MAX__ 6.5504e+4F16
#define __FLT_DECIMAL_DIG__ 9
#define __FLT_DENORM_MIN__ 1.40129846e-45F
#define __FLT_DIG__ 6
#define __FLT_EPSILON__ 1.19209290e-7F
#define __FLT_HAS_DENORM__ 1
#define __FLT_HAS_INFINITY__ 1
#define __FLT_HAS_QUIET_NAN__ 1
#define __FLT_MANT_DIG__ 24
#define __FLT_MAX_10_EXP__ 38
#define __FLT_MAX_EXP__ 128
#define __FLT_MAX__ 3.40282347e+38F
#define __FLT_MIN_10_EXP__ (-37)
#define __FLT_MIN_EXP__ (-125)
#define __FLT_MIN__ 1.17549435e-38F
#define __FLT_NORM_MAX__ 3.40282347e+38F
#define __FLT_RADIX__ 2
#define __FPCLASS_NEGINF 0x0004
#define __FPCLASS_NEGNORMAL 0x0008
#define __FPCLASS_NEGSUBNORMAL 0x0010
#define __FPCLASS_NEGZERO 0x0020
#define __FPCLASS_POSINF 0x0200
#define __FPCLASS_POSNORMAL 0x0100
#define __FPCLASS_POSSUBNORMAL 0x0080
#define __FPCLASS_POSZERO 0x0040
#define __FPCLASS_QNAN 0x0002
#define __FPCLASS_SNAN 0x0001
#define __FXSR__ 1
#define __GCC_ASM_FLAG_OUTPUTS__ 1
#define __GCC_ATOMIC_BOOL_LOCK_FREE 2
#define __GCC_ATOMIC_CHAR16_T_LOCK_FREE 2
#define __GCC_ATOMIC_CHAR32_T_LOCK_FREE 2
#define __GCC_ATOMIC_CHAR_LOCK_FREE 2
#define __GCC_ATOMIC_INT_LOCK_FREE 2
#define __GCC_ATOMIC_LLONG_LOCK_FREE 2
#define __GCC_ATOMIC_LONG_LOCK_FREE 2
#define __GCC_ATOMIC_POINTER_LOCK_FREE 2
#define __GCC_ATOMIC_SHORT_LOCK_FREE 2
#define __GCC_ATOMIC_TEST_AND_SET_TRUEVAL 1
#define __GCC_ATOMIC_WCHAR_T_LOCK_FREE 2
#define __GCC_CONSTRUCTIVE_SIZE 64
#define __GCC_DESTRUCTIVE_SIZE 64
#define __GCC_HAVE_SYNC_COMPARE_AND_SWAP_1 1
#define __GCC_HAVE_SYNC_COMPARE_AND_SWAP_2 1
#define __GCC_HAVE_SYNC_COMPARE_AND_SWAP_4 1
#define __GCC_HAVE_SYNC_COMPARE_AND_SWAP_8 1
#define __GETOPT_H__ 
#define __GLIBCXX_BITSIZE_INT_N_0 128
#define __GLIBCXX_TYPE_INT_N_0 __int128
#define __GLIBCXX__ 20260626
#define __GNUCLIKE_ASM 3
#define __GNUCLIKE_BUILTIN_CONSTANT_P 1
#define __GNUCLIKE_BUILTIN_MEMCPY 1
#define __GNUCLIKE_BUILTIN_NEXT_ARG 1
#define __GNUCLIKE_BUILTIN_STDARG 1
#define __GNUCLIKE_BUILTIN_VAALIST 1
#define __GNUCLIKE_BUILTIN_VARARGS 1
#define __GNUCLIKE_CTOR_SECTION_HANDLING 1
#define __GNUCLIKE_MATH_BUILTIN_CONSTANTS 
#define __GNUCLIKE_MATH_BUILTIN_RELOPS 
#define __GNUCLIKE___SECTION 1
#define __GNUCLIKE___TYPEOF 1
#define __GNUC_GNU_INLINE__ 1
#define __GNUC_MINOR__ 2
#define __GNUC_PATCHLEVEL__ 1
#define __GNUC_PREREQ(maj,min) ((__GNUC__ << 16) + __GNUC_MINOR__ >= ((maj) << 16) + (min))
#define __GNUC_PREREQ__(ma,mi) __GNUC_PREREQ(ma, mi)
#define __GNUC_VA_LIST 
#define __GNUC_VA_LIST_COMPATIBILITY 1
#define __GNUC__ 4
#define __GNUG__ 4
#define __GNU_VISIBLE 1
#define __GTHREADS 1
#define __GTHREADS_CXX0X 1
#define __GTHREAD_COND_INIT PTHREAD_COND_INITIALIZER
#define __GTHREAD_HAS_COND 1
#define __GTHREAD_MUTEX_INIT PTHREAD_MUTEX_INITIALIZER
#define __GTHREAD_MUTEX_INIT_FUNCTION __gthread_mutex_init_function
#define __GTHREAD_ONCE_INIT PTHREAD_ONCE_INIT
#define __GTHREAD_RECURSIVE_MUTEX_INIT PTHREAD_RECURSIVE_MUTEX_INITIALIZER_NP
#define __GTHREAD_TIME_INIT {0,0}
#define __GXX_ABI_VERSION 1002
#define __GXX_EXPERIMENTAL_CXX0X__ 1
#define __GXX_RTTI 1
#define __GXX_TYPEINFO_EQUALITY_INLINE 0
#define __GXX_WEAK__ 1
#define __HAVE_LOCALE_INFO_EXTENDED__ 1
#define __HAVE_LOCALE_INFO__ 1
#define __HOST_NAME_MAX 255
#define __IEEE_LITTLE_ENDIAN 
#define __IMPORT __declspec(dllimport)
#define __INT16 "h"
#define __INT16_C(c) c
#define __INT16_C_SUFFIX__ 
#define __INT16_FMTd__ "hd"
#define __INT16_FMTi__ "hi"
#define __INT16_MAX__ 32767
#define __INT16_TYPE__ short
#define __INT32 
#define __INT32_C(c) c
#define __INT32_C_SUFFIX__ 
#define __INT32_FMTd__ "d"
#define __INT32_FMTi__ "i"
#define __INT32_MAX__ 2147483647
#define __INT32_TYPE__ int
#define __INT64 "l"
#define __INT64_C(c) c##L
#define __INT64_C_SUFFIX__ L
#define __INT64_FMTd__ "ld"
#define __INT64_FMTi__ "li"
#define __INT64_MAX__ 9223372036854775807L
#define __INT64_TYPE__ long int
#define __INT8 "hh"
#define __INT8_C(c) c
#define __INT8_C_SUFFIX__ 
#define __INT8_FMTd__ "hhd"
#define __INT8_FMTi__ "hhi"
#define __INT8_MAX__ 127
#define __INT8_TYPE__ signed char
#define __INTMAX_C(c) c##L
#define __INTMAX_C_SUFFIX__ L
#define __INTMAX_FMTd__ "ld"
#define __INTMAX_FMTi__ "li"
#define __INTMAX_MAX__ 9223372036854775807L
#define __INTMAX_TYPE__ long int
#define __INTMAX_WIDTH__ 64
#define __INTPTR_FMTd__ "ld"
#define __INTPTR_FMTi__ "li"
#define __INTPTR_MAX__ 9223372036854775807L
#define __INTPTR_TYPE__ long int
#define __INTPTR_WIDTH__ 64
#define __INT_FAST16_FMTd__ "hd"
#define __INT_FAST16_FMTi__ "hi"
#define __INT_FAST16_MAX__ 32767
#define __INT_FAST16_TYPE__ short
#define __INT_FAST16_WIDTH__ 16
#define __INT_FAST32_FMTd__ "d"
#define __INT_FAST32_FMTi__ "i"
#define __INT_FAST32_MAX__ 2147483647
#define __INT_FAST32_TYPE__ int
#define __INT_FAST32_WIDTH__ 32
#define __INT_FAST64_FMTd__ "ld"
#define __INT_FAST64_FMTi__ "li"
#define __INT_FAST64_MAX__ 9223372036854775807L
#define __INT_FAST64_TYPE__ long int
#define __INT_FAST64_WIDTH__ 64
#define __INT_FAST8_FMTd__ "hhd"
#define __INT_FAST8_FMTi__ "hhi"
#define __INT_FAST8_MAX__ 127
#define __INT_FAST8_TYPE__ signed char
#define __INT_FAST8_WIDTH__ 8
#define __INT_LEAST16_FMTd__ "hd"
#define __INT_LEAST16_FMTi__ "hi"
#define __INT_LEAST16_MAX__ 32767
#define __INT_LEAST16_TYPE__ short
#define __INT_LEAST16_WIDTH__ 16
#define __INT_LEAST32_FMTd__ "d"
#define __INT_LEAST32_FMTi__ "i"
#define __INT_LEAST32_MAX__ 2147483647
#define __INT_LEAST32_TYPE__ int
#define __INT_LEAST32_WIDTH__ 32
#define __INT_LEAST64_FMTd__ "ld"
#define __INT_LEAST64_FMTi__ "li"
#define __INT_LEAST64_MAX__ 9223372036854775807L
#define __INT_LEAST64_TYPE__ long int
#define __INT_LEAST64_WIDTH__ 64
#define __INT_LEAST8_FMTd__ "hhd"
#define __INT_LEAST8_FMTi__ "hhi"
#define __INT_LEAST8_MAX__ 127
#define __INT_LEAST8_TYPE__ signed char
#define __INT_LEAST8_WIDTH__ 8
#define __INT_MAX__ 2147483647
#define __INT_WIDTH__ 32
#define __IOV_MAX 1024
#define __ISO_C_VISIBLE 2023
#define __LARGEFILE_VISIBLE 1
#define __LDBL_DECIMAL_DIG__ 21
#define __LDBL_DENORM_MIN__ 3.64519953188247460253e-4951L
#define __LDBL_DIG__ 18
#define __LDBL_EPSILON__ 1.08420217248550443401e-19L
#define __LDBL_HAS_DENORM__ 1
#define __LDBL_HAS_INFINITY__ 1
#define __LDBL_HAS_QUIET_NAN__ 1
#define __LDBL_MANT_DIG__ 64
#define __LDBL_MAX_10_EXP__ 4932
#define __LDBL_MAX_EXP__ 16384
#define __LDBL_MAX__ 1.18973149535723176502e+4932L
#define __LDBL_MIN_10_EXP__ (-4931)
#define __LDBL_MIN_EXP__ (-16381)
#define __LDBL_MIN__ 3.36210314311209350626e-4932L
#define __LDBL_NORM_MAX__ 1.18973149535723176502e+4932L
#define __LEAST16 "h"
#define __LEAST32 
#define __LEAST64 "l"
#define __LEAST8 "hh"
#define __LINK_MAX 1024
#define __LINUX_ERRNO_EXTENSIONS__ 1
#define __LITTLE_ENDIAN 1234
#define __LITTLE_ENDIAN__ 1
#define __LLONG_WIDTH__ 64
#define __LOCK_INIT(CLASS,NAME) CLASS _LOCK_T NAME = _LOCK_T_INITIALIZER;
#define __LOCK_INIT_RECURSIVE(CLASS,NAME) CLASS _LOCK_T NAME = _LOCK_T_RECURSIVE_INITIALIZER;
#define __LOGIN_NAME_MAX 256
#define __LONG_LONG_MAX__ 9223372036854775807LL
#define __LONG_LONG_PAIR(HI,LO) LO, HI
#define __LONG_MAX__ 9223372036854775807L
#define __LONG_WIDTH__ 64
#define __LP64__ 1
#define __Long int
#define __MACHINE_ENDIAN_H__ 
#define __MAX_CANON 255
#define __MAX_INPUT 255
#define __MEMORY_SCOPE_CLUSTR 5
#define __MEMORY_SCOPE_DEVICE 1
#define __MEMORY_SCOPE_SINGLE 4
#define __MEMORY_SCOPE_SYSTEM 0
#define __MEMORY_SCOPE_WRKGRP 2
#define __MEMORY_SCOPE_WVFRNT 3
#define __MISC_VISIBLE 1
#define __MMX__ 1
#define __MQ_OPEN_MAX 256
#define __MQ_PRIO_MAX INT_MAX
#define __N(msgid) (msgid)
#define __NAME_MAX 255
#define __NCPUBITS (8 * sizeof (__cpu_mask))
#define __NEWLIB_H__ 1
#define __NEWLIB_MINOR__ 5
#define __NEWLIB_PATCHLEVEL__ 0
#define __NEWLIB__ 4
#define __NO_INLINE__ 1
#define __NO_MATH_INLINES 1
#define __NULLABILITY_PRAGMA_POP _Pragma("clang diagnostic pop")
#define __NULLABILITY_PRAGMA_PUSH _Pragma("clang diagnostic push") _Pragma("clang diagnostic ignored \"-Wnullability-completeness\"")
#define __OBJC_BOOL_IS_BOOL 0
#define __OBSOLETE_MATH __OBSOLETE_MATH_DEFAULT
#define __OBSOLETE_MATH_DEFAULT 0
#define __OPENCL_MEMORY_SCOPE_ALL_SVM_DEVICES 3
#define __OPENCL_MEMORY_SCOPE_DEVICE 2
#define __OPENCL_MEMORY_SCOPE_SUB_GROUP 4
#define __OPENCL_MEMORY_SCOPE_WORK_GROUP 1
#define __OPENCL_MEMORY_SCOPE_WORK_ITEM 0
#define __OPEN_MAX 3200
#define __ORDER_BIG_ENDIAN__ 4321
#define __ORDER_LITTLE_ENDIAN__ 1234
#define __ORDER_PDP_ENDIAN__ 3412
#define __P(protos) protos
#define __PAGESIZE 65536
#define __PATH_MAX 4096
#define __PIC__ 2
#define __PIPE_BUF 4096
#define __PMT(args) args
#define __POINTER_WIDTH__ 64
#define __POSIX_VISIBLE 202405
#define __PRAGMA_REDEFINE_EXTNAME 1
#define __PTHREAD_DESTRUCTOR_ITERATIONS 4
#define __PTHREAD_KEYS_MAX 1024
#define __PTHREAD_STACK_MIN 65536
#define __PTRDIFF_FMTd__ "ld"
#define __PTRDIFF_FMTi__ "li"
#define __PTRDIFF_MAX__ 9223372036854775807L
#define __PTRDIFF_TYPE__ long int
#define __PTRDIFF_WIDTH__ 64
#define __RAND_MAX 0x7fffffff
#define __RCSID(s) struct __hack
#define __RCSID_SOURCE(s) struct __hack
#define __REGISTER_PREFIX__ 
#define __RTSIG_MAX 33
#define __SAPP 0x0100
#define __SCCSID(s) struct __hack
#define __SCHAR_MAX__ 127
#define __SCLE 0x4000
#define __SEG_FS 1
#define __SEG_GS 1
#define __SEH__ 1
#define __SEM_VALUE_MAX 1147483648
#define __SEOF 0x0020
#define __SERR 0x0040
#define __SHRT_MAX__ 32767
#define __SHRT_WIDTH__ 16
#define __SIGQUEUE_MAX 1024
#define __SIG_ATOMIC_MAX__ 2147483647
#define __SIG_ATOMIC_WIDTH__ 32
#define __SIZEOF_DOUBLE__ 8
#define __SIZEOF_FLOAT__ 4
#define __SIZEOF_INT128__ 16
#define __SIZEOF_INT__ 4
#define __SIZEOF_LONG_DOUBLE__ 16
#define __SIZEOF_LONG_LONG__ 8
#define __SIZEOF_LONG__ 8
#define __SIZEOF_POINTER__ 8
#define __SIZEOF_PTRDIFF_T__ 8
#define __SIZEOF_SHORT__ 2
#define __SIZEOF_SIZE_T__ 8
#define __SIZEOF_WCHAR_T__ 2
#define __SIZEOF_WINT_T__ 4
#define __SIZE_FMTX__ "lX"
#define __SIZE_FMTo__ "lo"
#define __SIZE_FMTu__ "lu"
#define __SIZE_FMTx__ "lx"
#define __SIZE_MAX__ 18446744073709551615UL
#define __SIZE_TYPE__ long unsigned int
#define __SIZE_WIDTH__ 64
#define __SI_PAD_SIZE 32
#define __SL64 0x8000
#define __SLBF 0x0001
#define __SMBF 0x0080
#define __SNBF 0x0002
#define __SNLK 0x0001
#define __SNPT 0x0800
#define __SOFF 0x1000
#define __SOPT 0x0400
#define __SORD 0x2000
#define __SRD 0x0004
#define __SRW 0x0010
#define __SSE2_MATH__ 1
#define __SSE2__ 1
#define __SSE_MATH__ 1
#define __SSE__ 1
#define __SSP_FORTIFY_LEVEL 0
#define __SSTR 0x0200
#define __STDARG_H 
#define __STDCPP_DEFAULT_NEW_ALIGNMENT__ 16UL
#define __STDCPP_THREADS__ 1
#define __STDC_EMBED_EMPTY__ 2
#define __STDC_EMBED_FOUND__ 1
#define __STDC_EMBED_NOT_FOUND__ 0
#define __STDC_HOSTED__ 1
#define __STDC_ISO_10646__ 201806L
#define __STDC_UTF_16__ 1
#define __STDC_UTF_32__ 1
#define __STDC__ 1
#define __STDDEF_H 
#define __STDINT_EXP(x) __##x##__
#define __STREAM_MAX 20
#define __STRING(x) #x
#define __SVID_VISIBLE 1
#define __SWID 0x2000
#define __SWR 0x0008
#define __SYMLOOP_MAX 10
#define __SYS_CONFIG_H__ 
#define __THROW 
#define __TIMER_MAX 32
#define __TM_GMTOFF tm_gmtoff
#define __TM_ZONE tm_zone
#define __TTY_NAME_MAX 32
#define __UINT16_C(c) c
#define __UINT16_C_SUFFIX__ 
#define __UINT16_FMTX__ "hX"
#define __UINT16_FMTo__ "ho"
#define __UINT16_FMTu__ "hu"
#define __UINT16_FMTx__ "hx"
#define __UINT16_MAX__ 65535
#define __UINT16_TYPE__ unsigned short
#define __UINT32_C(c) c##U
#define __UINT32_C_SUFFIX__ U
#define __UINT32_FMTX__ "X"
#define __UINT32_FMTo__ "o"
#define __UINT32_FMTu__ "u"
#define __UINT32_FMTx__ "x"
#define __UINT32_MAX__ 4294967295U
#define __UINT32_TYPE__ unsigned int
#define __UINT64_C(c) c##UL
#define __UINT64_C_SUFFIX__ UL
#define __UINT64_FMTX__ "lX"
#define __UINT64_FMTo__ "lo"
#define __UINT64_FMTu__ "lu"
#define __UINT64_FMTx__ "lx"
#define __UINT64_MAX__ 18446744073709551615UL
#define __UINT64_TYPE__ long unsigned int
#define __UINT8_C(c) c
#define __UINT8_C_SUFFIX__ 
#define __UINT8_FMTX__ "hhX"
#define __UINT8_FMTo__ "hho"
#define __UINT8_FMTu__ "hhu"
#define __UINT8_FMTx__ "hhx"
#define __UINT8_MAX__ 255
#define __UINT8_TYPE__ unsigned char
#define __UINTMAX_C(c) c##UL
#define __UINTMAX_C_SUFFIX__ UL
#define __UINTMAX_FMTX__ "lX"
#define __UINTMAX_FMTo__ "lo"
#define __UINTMAX_FMTu__ "lu"
#define __UINTMAX_FMTx__ "lx"
#define __UINTMAX_MAX__ 18446744073709551615UL
#define __UINTMAX_TYPE__ long unsigned int
#define __UINTMAX_WIDTH__ 64
#define __UINTPTR_FMTX__ "lX"
#define __UINTPTR_FMTo__ "lo"
#define __UINTPTR_FMTu__ "lu"
#define __UINTPTR_FMTx__ "lx"
#define __UINTPTR_MAX__ 18446744073709551615UL
#define __UINTPTR_TYPE__ long unsigned int
#define __UINTPTR_WIDTH__ 64
#define __UINT_FAST16_FMTX__ "hX"
#define __UINT_FAST16_FMTo__ "ho"
#define __UINT_FAST16_FMTu__ "hu"
#define __UINT_FAST16_FMTx__ "hx"
#define __UINT_FAST16_MAX__ 65535
#define __UINT_FAST16_TYPE__ unsigned short
#define __UINT_FAST32_FMTX__ "X"
#define __UINT_FAST32_FMTo__ "o"
#define __UINT_FAST32_FMTu__ "u"
#define __UINT_FAST32_FMTx__ "x"
#define __UINT_FAST32_MAX__ 4294967295U
#define __UINT_FAST32_TYPE__ unsigned int
#define __UINT_FAST64_FMTX__ "lX"
#define __UINT_FAST64_FMTo__ "lo"
#define __UINT_FAST64_FMTu__ "lu"
#define __UINT_FAST64_FMTx__ "lx"
#define __UINT_FAST64_MAX__ 18446744073709551615UL
#define __UINT_FAST64_TYPE__ long unsigned int
#define __UINT_FAST8_FMTX__ "hhX"
#define __UINT_FAST8_FMTo__ "hho"
#define __UINT_FAST8_FMTu__ "hhu"
#define __UINT_FAST8_FMTx__ "hhx"
#define __UINT_FAST8_MAX__ 255
#define __UINT_FAST8_TYPE__ unsigned char
#define __UINT_LEAST16_FMTX__ "hX"
#define __UINT_LEAST16_FMTo__ "ho"
#define __UINT_LEAST16_FMTu__ "hu"
#define __UINT_LEAST16_FMTx__ "hx"
#define __UINT_LEAST16_MAX__ 65535
#define __UINT_LEAST16_TYPE__ unsigned short
#define __UINT_LEAST32_FMTX__ "X"
#define __UINT_LEAST32_FMTo__ "o"
#define __UINT_LEAST32_FMTu__ "u"
#define __UINT_LEAST32_FMTx__ "x"
#define __UINT_LEAST32_MAX__ 4294967295U
#define __UINT_LEAST32_TYPE__ unsigned int
#define __UINT_LEAST64_FMTX__ "lX"
#define __UINT_LEAST64_FMTo__ "lo"
#define __UINT_LEAST64_FMTu__ "lu"
#define __UINT_LEAST64_FMTx__ "lx"
#define __UINT_LEAST64_MAX__ 18446744073709551615UL
#define __UINT_LEAST64_TYPE__ long unsigned int
#define __UINT_LEAST8_FMTX__ "hhX"
#define __UINT_LEAST8_FMTo__ "hho"
#define __UINT_LEAST8_FMTu__ "hhu"
#define __UINT_LEAST8_FMTx__ "hhx"
#define __UINT_LEAST8_MAX__ 255
#define __UINT_LEAST8_TYPE__ unsigned char
#define __USER_LABEL_PREFIX__ 
#define __VALIST __gnuc_va_list
#define __VERSION__ "Clang 22.1.8 (ssh://tyan0@cygwin.com/git/cygwin-packages/clang 19fccdabbb57f99161f3845d51607c9f9ccc3b94)"
#define __WCHAR_MAX__ 65535
#define __WCHAR_TYPE__ unsigned short
#define __WCHAR_UNSIGNED__ 1
#define __WCHAR_WIDTH__ 16
#define __WCOREFLAG 0x80
#define __WINT_MAX__ 4294967295U
#define __WINT_TYPE__ unsigned int
#define __WINT_UNSIGNED__ 1
#define __WINT_WIDTH__ 32
#define __WORDSIZE 64
#define __W_CONTINUED 0xffff
#define __XSI_VISIBLE 700
#define __XSTRING(x) __STRING(x)
#define ___int16_t_defined 1
#define ___int32_t_defined 1
#define ___int64_t_defined 1
#define ___int8_t_defined 1
#define ___int_fast16_t_defined 1
#define ___int_fast32_t_defined 1
#define ___int_fast64_t_defined 1
#define ___int_fast8_t_defined 1
#define ___int_least16_t_defined 1
#define ___int_least32_t_defined 1
#define ___int_least64_t_defined 1
#define ___int_least8_t_defined 1
#define __addr_t_defined 
#define __align_down(x,y) __builtin_align_down(x, y)
#define __align_up(x,y) __builtin_align_up(x, y)
#define __aligned(x) __attribute__((__aligned__(x)))
#define __alloc_align(x) __attribute__((__alloc_align__(x)))
#define __alloc_size(x) __attribute__((__alloc_size__(x)))
#define __alloc_size2(n,x) __attribute__((__alloc_size__(n, x)))
#define __always_inline __inline__ __attribute__((__always_inline__))
#define __amd64 1
#define __amd64__ 1
#define __arg_type_tag(arg_kind,arg_idx,type_tag_idx) __attribute__((__argument_with_type_tag__(arg_kind, arg_idx, type_tag_idx)))
#define __asserts_exclusive(...) __lock_annotate(assert_exclusive_lock(__VA_ARGS__))
#define __asserts_shared(...) __lock_annotate(assert_shared_lock(__VA_ARGS__))
#define __attribute_format_strfmon__(a,b) 
#define __attribute_malloc__ 
#define __attribute_pure__ 
#define __bounded 
#define __bswap16(_x) __builtin_bswap16(_x)
#define __bswap32(_x) __builtin_bswap32(_x)
#define __bswap64(_x) __builtin_bswap64(_x)
#define __caddr_t_defined 
#define __catch(X) catch(X)
#define __cdecl __attribute__((__cdecl__))
#define __clang__ 1
#define __clang_literal_encoding__ "UTF-8"
#define __clang_major__ 22
#define __clang_minor__ 1
#define __clang_patchlevel__ 8
#define __clang_version__ "22.1.8 (ssh://tyan0@cygwin.com/git/cygwin-packages/clang 19fccdabbb57f99161f3845d51607c9f9ccc3b94)"
#define __clang_wide_literal_encoding__ "UTF-16"
#define __clock_t_defined 
#define __clockid_t_defined 
#define __code_model_small__ 1
#define __compar_fn_t_defined 
#define __compiler_membar() __asm __volatile(" " : : : "memory")
#define __const const
#define __containerof(x,s,m) ({ const volatile __typeof(((s *)0)->m) *__x = (x); __DEQUALIFY(s *, (const volatile char *)__x - __offsetof(s, m));})
#define __cplusplus 201703L
#define __cpp_aggregate_bases 201603L
#define __cpp_aggregate_nsdmi 201304L
#define __cpp_alias_templates 200704L
#define __cpp_aligned_new 201606L
#define __cpp_attributes 200809L
#define __cpp_binary_literals 201304L
#define __cpp_capture_star_this 201603L
#define __cpp_constexpr 201603L
#define __cpp_constexpr_in_decltype 201711L
#define __cpp_decltype 200707L
#define __cpp_decltype_auto 201304L
#define __cpp_deduction_guides 201703L
#define __cpp_delegating_constructors 200604L
#define __cpp_deleted_function 202403L
#define __cpp_digit_separators 201309L
#define __cpp_enumerator_attributes 201411L
#define __cpp_exceptions 199711L
#define __cpp_fold_expressions 201603L
#define __cpp_generic_lambdas 201304L
#define __cpp_guaranteed_copy_elision 201606L
#define __cpp_hex_float 201603L
#define __cpp_if_constexpr 201606L
#define __cpp_impl_destroying_delete 201806L
#define __cpp_inheriting_constructors 201511L
#define __cpp_init_captures 201304L
#define __cpp_initializer_lists 200806L
#define __cpp_inline_variables 201606L
#define __cpp_lambdas 200907L
#define __cpp_lib_allocator_traits_is_always_equal 201411L
#define __cpp_lib_apply 201603L
#define __cpp_lib_bool_constant 201505L
#define __cpp_lib_byte 201603L
#define __cpp_lib_constexpr_char_traits 201611L
#define __cpp_lib_constexpr_string 201611L
#define __cpp_lib_hardware_interference_size 201703L
#define __cpp_lib_has_unique_object_representations 201606L
#define __cpp_lib_incomplete_container_elements 201505L
#define __cpp_lib_integral_constant_callable 201304L
#define __cpp_lib_is_aggregate 201703L
#define __cpp_lib_is_final 201402L
#define __cpp_lib_is_invocable 201703L
#define __cpp_lib_is_null_pointer 201309L
#define __cpp_lib_is_swappable 201603L
#define __cpp_lib_launder 201606L
#define __cpp_lib_logical_traits 201510L
#define __cpp_lib_make_from_tuple 201606L
#define __cpp_lib_nonmember_container_access 201411L
#define __cpp_lib_result_of_sfinae 201210L
#define __cpp_lib_string_udls 201304L
#define __cpp_lib_string_view 201803L
#define __cpp_lib_transformation_trait_aliases 201304L
#define __cpp_lib_tuple_element_t 201402L
#define __cpp_lib_tuples_by_type 201304L
#define __cpp_lib_type_trait_variable_templates 201510L
#define __cpp_lib_void_t 201411L
#define __cpp_named_character_escapes 202207L
#define __cpp_namespace_attributes 201411L
#define __cpp_nested_namespace_definitions 201411L
#define __cpp_noexcept_function_type 201510L
#define __cpp_nontype_template_args 201411L
#define __cpp_nontype_template_parameter_auto 201606L
#define __cpp_nsdmi 200809L
#define __cpp_pack_indexing 202311L
#define __cpp_placeholder_variables 202306L
#define __cpp_range_based_for 201603L
#define __cpp_raw_strings 200710L
#define __cpp_ref_qualifiers 200710L
#define __cpp_return_type_deduction 201304L
#define __cpp_rtti 199711L
#define __cpp_rvalue_references 200610L
#define __cpp_sized_deallocation 201309L
#define __cpp_static_assert 202306L
#define __cpp_static_call_operator 202207L
#define __cpp_structured_bindings 202411L
#define __cpp_template_auto 201606L
#define __cpp_template_template_args 201611L
#define __cpp_threadsafe_static_init 200806L
#define __cpp_trivial_relocatability 202502L
#define __cpp_unicode_characters 200704L
#define __cpp_unicode_literals 200710L
#define __cpp_user_defined_literals 200809L
#define __cpp_variable_templates 201304L
#define __cpp_variadic_friend 202403L
#define __cpp_variadic_templates 200704L
#define __cpp_variadic_using 201611L
#define __datatype_type_tag(kind,type) __attribute__((__type_tag_for_datatype__(kind, type)))
#define __dead2 __attribute__((__noreturn__))
#define __declspec(a) __attribute__((a))
#define __errno_r(ptr) _REENT_ERRNO(ptr)
#define __error_t_defined 1
#define __exported __attribute__((__visibility__("default")))
#define __fastcall __attribute__((__fastcall__))
#define __fdset_mask(n) ((__fd_mask)1 << ((n) % _NFDBITS))
#define __flexarr [0]
#define __format_arg(fmtarg) __attribute__((__format_arg__ (fmtarg)))
#define __generic(expr,t,yes,no) _Generic(expr, t: yes, default: no)
#define __glibcxx_addressof_constexpr 201603L
#define __glibcxx_allocator_traits_is_always_equal 201411L
#define __glibcxx_any 201606L
#define __glibcxx_apply 201603L
#define __glibcxx_array_constexpr 201803L
#define __glibcxx_as_const 201510L
#define __glibcxx_assert(cond) do { if (std::__is_constant_evaluated() && !bool(cond)) std::__glibcxx_assert_fail(); } while (false)
#define __glibcxx_atomic_is_always_lock_free 201603L
#define __glibcxx_bool_constant 201505L
#define __glibcxx_boyer_moore_searcher 201603L
#define __glibcxx_byte 201603L
#define __glibcxx_chrono 201611L
#define __glibcxx_chrono_udls 201304L
#define __glibcxx_clamp 201603L
#define __glibcxx_class_requires(_a,_b) 
#define __glibcxx_class_requires2(_a,_b,_c) 
#define __glibcxx_class_requires3(_a,_b,_c,_d) 
#define __glibcxx_class_requires4(_a,_b,_c,_d,_e) 
#define __glibcxx_complex_udls 201309L
#define __glibcxx_constexpr_char_traits 201611L
#define __glibcxx_constexpr_string 201611L
#define __glibcxx_enable_shared_from_this 201603L
#define __glibcxx_exchange_function 201304L
#define __glibcxx_execution 201902L
#define __glibcxx_filesystem 201703L
#define __glibcxx_function_requires(...) 
#define __glibcxx_gcd 201606L
#define __glibcxx_gcd_lcm 201606L
#define __glibcxx_generic_associative_lookup 201304L
#define __glibcxx_hardware_interference_size 201703L
#define __glibcxx_has_unique_object_representations 201606L
#define __glibcxx_hypot 201603L
#define __glibcxx_incomplete_container_elements 201505L
#define __glibcxx_integer_sequence 201304L
#define __glibcxx_integral_constant_callable 201304L
#define __glibcxx_invoke 201411L
#define __glibcxx_is_aggregate 201703L
#define __glibcxx_is_final 201402L
#define __glibcxx_is_invocable 201703L
#define __glibcxx_is_null_pointer 201309L
#define __glibcxx_is_swappable 201603L
#define __glibcxx_launder 201606L
#define __glibcxx_lcm 201606L
#define __glibcxx_logical_traits 201510L
#define __glibcxx_make_from_tuple 201606L
#define __glibcxx_make_reverse_iterator 201402L
#define __glibcxx_make_unique 201304L
#define __glibcxx_map_try_emplace 201411L
#define __glibcxx_math_spec_funcs 201003L
#define __glibcxx_math_special_functions 201603L
#define __glibcxx_memory_resource 201603L
#define __glibcxx_node_extract 201606L
#define __glibcxx_nonmember_container_access 201411L
#define __glibcxx_not_fn 201603L
#define __glibcxx_null_iterators 201304L
#define __glibcxx_optional 201606L
#define __glibcxx_parallel_algorithm 201603L
#define __glibcxx_quoted_string_io 201304L
#define __glibcxx_raw_memory_algorithms 201606L
#define __glibcxx_requires_can_decrement_range(_First1,_Last1,_First2) 
#define __glibcxx_requires_can_increment(_First,_Size) 
#define __glibcxx_requires_can_increment_range(_First1,_Last1,_First2) 
#define __glibcxx_requires_cond(_Cond,_Msg) 
#define __glibcxx_requires_heap(_First,_Last) 
#define __glibcxx_requires_heap_pred(_First,_Last,_Pred) 
#define __glibcxx_requires_irreflexive(_First,_Last) 
#define __glibcxx_requires_irreflexive2(_First,_Last) 
#define __glibcxx_requires_irreflexive_pred(_First,_Last,_Pred) 
#define __glibcxx_requires_irreflexive_pred2(_First,_Last,_Pred) 
#define __glibcxx_requires_non_empty_range(_First,_Last) 
#define __glibcxx_requires_nonempty() 
#define __glibcxx_requires_partitioned_lower(_First,_Last,_Value) 
#define __glibcxx_requires_partitioned_lower_pred(_First,_Last,_Value,_Pred) 
#define __glibcxx_requires_partitioned_upper(_First,_Last,_Value) 
#define __glibcxx_requires_partitioned_upper_pred(_First,_Last,_Value,_Pred) 
#define __glibcxx_requires_sorted(_First,_Last) 
#define __glibcxx_requires_sorted_pred(_First,_Last,_Pred) 
#define __glibcxx_requires_sorted_set(_First1,_Last1,_First2) 
#define __glibcxx_requires_sorted_set_pred(_First1,_Last1,_First2,_Pred) 
#define __glibcxx_requires_string(_String) 
#define __glibcxx_requires_string_len(_String,_Len) 
#define __glibcxx_requires_subscript(_N) 
#define __glibcxx_requires_valid_range(_First,_Last) 
#define __glibcxx_result_of_sfinae 201210L
#define __glibcxx_robust_nonmodifying_seq_ops 201304L
#define __glibcxx_sample 201603L
#define __glibcxx_scoped_lock 201703L
#define __glibcxx_shared_mutex 201505L
#define __glibcxx_shared_ptr_arrays 201611L
#define __glibcxx_shared_ptr_weak_type 201606L
#define __glibcxx_shared_timed_mutex 201402L
#define __glibcxx_string_udls 201304L
#define __glibcxx_string_view 201803L
#define __glibcxx_to_chars 201611L
#define __glibcxx_transformation_trait_aliases 201304L
#define __glibcxx_transparent_operators 201510L
#define __glibcxx_tuple_element_t 201402L
#define __glibcxx_tuples_by_type 201304L
#define __glibcxx_type_trait_variable_templates 201510L
#define __glibcxx_uncaught_exceptions 201411L
#define __glibcxx_unordered_map_try_emplace 201411L
#define __glibcxx_variant 202102L
#define __glibcxx_void_t 201411L
#define __gthrw(name) __gthrw2(__gthrw_ ## name,name,name)
#define __gthrw2(name,name2,type) 
#define __gthrw_(name) name
#define __guarded_by(x) __lock_annotate(guarded_by(x))
#define __have_long64 1
#define __have_longlong64 1
#define __hidden 
#define __htonl(_x) __ntohl(_x)
#define __htons(_x) __ntohs(_x)
#define __inline inline
#define __int16_t_defined 1
#define __int32_t_defined 1
#define __int64_t_defined 1
#define __int8_t_defined 1
#define __int_fast16_t_defined 1
#define __int_fast32_t_defined 1
#define __int_fast64_t_defined 1
#define __int_fast8_t_defined 1
#define __int_least16_t_defined 1
#define __int_least32_t_defined 1
#define __int_least64_t_defined 1
#define __int_least8_t_defined 1
#define __is_aligned(x,y) __builtin_is_aligned(x, y)
#define __k8 1
#define __k8__ 1
#define __llvm__ 1
#define __lock_acquire(__lock) __cygwin_lock_lock(&__lock)
#define __lock_acquire_recursive(__lock) __cygwin_lock_lock(&__lock)
#define __lock_annotate(x) __attribute__((x))
#define __lock_close(__lock) __cygwin_lock_fini(&__lock)
#define __lock_close_recursive(__lock) __cygwin_lock_fini(&__lock)
#define __lock_init(__lock) __cygwin_lock_init(&__lock)
#define __lock_init_recursive(__lock) __cygwin_lock_init_recursive(&__lock)
#define __lock_release(__lock) __cygwin_lock_unlock(&__lock)
#define __lock_release_recursive(__lock) __cygwin_lock_unlock(&__lock)
#define __lock_try_acquire(lock) __cygwin_lock_trylock(&__lock)
#define __lock_try_acquire_recursive(lock) __cygwin_lock_trylock(&__lock)
#define __lockable __lock_annotate(lockable)
#define __locks_exclusive(...) __lock_annotate(exclusive_lock_function(__VA_ARGS__))
#define __locks_shared(...) __lock_annotate(shared_lock_function(__VA_ARGS__))
#define __long_double_t long double
#define __machine_blkcnt_t_defined 
#define __machine_blksize_t_defined 
#define __machine_dev_t_defined 
#define __machine_fsblkcnt_t_defined 
#define __machine_fsfilcnt_t_defined 
#define __machine_gid_t_defined 
#define __machine_host_to_from_network_defined 
#define __machine_ino_t_defined 
#define __machine_key_t_defined 
#define __machine_sa_family_t_defined 
#define __machine_socklen_t_defined 
#define __machine_uid_t_defined 
#define __malloc_like __attribute__((__malloc__))
#define __min_size(x) (x)
#define __no_lock_analysis __lock_annotate(no_thread_safety_analysis)
#define __noinline __attribute__ ((__noinline__))
#define __nonnull(x) __attribute__((__nonnull__ x))
#define __nonnull_all __attribute__((__nonnull__))
#define __nosanitizeaddress __attribute__((no_sanitize("address")))
#define __nosanitizememory __attribute__((no_sanitize("memory")))
#define __nosanitizethread __attribute__((no_sanitize("thread")))
#define __null_sentinel __attribute__((__sentinel__))
#define __offsetof(type,field) offsetof(type, field)
#define __packed __attribute__((__packed__))
#define __pascal __attribute__((__pascal__))
#define __pic__ 2
#define __predict_false(exp) __builtin_expect((exp), 0)
#define __predict_true(exp) __builtin_expect((exp), 1)
#define __printf0like(fmtarg,firstvararg) 
#define __printflike(fmtarg,firstvararg) __attribute__((__format__ (__printf__, fmtarg, firstvararg)))
#define __private_extern__ extern
#define __pt_guarded_by(x) __lock_annotate(pt_guarded_by(x))
#define __ptr_t void *
#define __ptrvalue 
#define __pure __attribute__((__pure__))
#define __pure2 __attribute__((__const__))
#define __rangeof(type,start,end) (__offsetof(type, end) - __offsetof(type, start))
#define __requires_exclusive(...) __lock_annotate(exclusive_locks_required(__VA_ARGS__))
#define __requires_shared(...) __lock_annotate(shared_locks_required(__VA_ARGS__))
#define __requires_unlocked(...) __lock_annotate(locks_excluded(__VA_ARGS__))
#define __restrict_arr 
#define __result_use_check __attribute__((__warn_unused_result__))
#define __returns_twice __attribute__((__returns_twice__))
#define __scanflike(fmtarg,firstvararg) __attribute__((__format__ (__scanf__, fmtarg, firstvararg)))
#define __sclearerr(p) ((void)((p)->_flags &= ~(__SERR|__SEOF)))
#define __section(x) __attribute__((__section__(x)))
#define __seg_fs __attribute__((address_space(257)))
#define __seg_gs __attribute__((address_space(256)))
#define __sfeof(p) ((int)(((p)->_flags & __SEOF) != 0))
#define __sferror(p) ((int)(((p)->_flags & __SERR) != 0))
#define __sfileno(p) ((p)->_file)
#define __sgetc_raw_r(__ptr,__f) (--(__f)->_r < 0 ? __srget_r(__ptr, __f) : (int)(*(__f)->_p++))
#define __signed signed
#define __stdcall __attribute__((__stdcall__))
#define __strfmonlike(fmtarg,firstvararg) __attribute__((__format__ (__strfmon__, fmtarg, firstvararg)))
#define __strftimelike(fmtarg,firstvararg) __attribute__((__format__ (__strftime__, fmtarg, firstvararg)))
#define __strong_reference(sym,aliassym) extern __typeof (sym) aliassym __attribute__ ((__alias__ (#sym)))
#define __thiscall __attribute__((__thiscall__))
#define __throw_exception_again throw
#define __time_t_defined 
#define __timer_t_defined 
#define __timespec_t_defined 
#define __timestruc_t_defined 
#define __try try
#define __trylocks_exclusive(...) __lock_annotate(exclusive_trylock_function(__VA_ARGS__))
#define __trylocks_shared(...) __lock_annotate(shared_trylock_function(__VA_ARGS__))
#define __tune_k8__ 1
#define __u_char_defined 
#define __u_int_defined 
#define __u_long_defined 
#define __u_short_defined 
#define __unbounded 
#define __unix 1
#define __unix__ 1
#define __unlocks(...) __lock_annotate(unlock_function(__VA_ARGS__))
#define __unreachable() __builtin_unreachable()
#define __unused __attribute__((__unused__))
#define __used __attribute__((__used__))
#define __va_copy(d,s) __builtin_va_copy(d, s)
#define __vm_object_t_defined 
#define __vm_offset_t_defined 
#define __vm_size_t_defined 
#define __volatile volatile
#define __warn_references(sym,msg) __asm__(".stabs \"" msg "\",30,0,0,0"); __asm__(".stabs \"_" #sym "\",1,0,0,0")
#define __weak_reference(sym,alias) __asm__(".stabs \"_" #alias "\",11,0,0,0"); __asm__(".stabs \"_" #sym "\",1,0,0,0")
#define __weak_symbol __attribute__((__weak__))
#define __x86_64 1
#define __x86_64__ 1
#define _calloc_r(r,s1,s2) calloc (s1, s2);
#define _cdecl __attribute__((__cdecl__))
#define _fastcall __attribute__((__fastcall__))
#define _flockfile(fp) ({ if (!((fp)->_flags & __SSTR)) __cygwin_lock_lock ((_LOCK_T *)&(fp)->_lock); })
#define _fpos64_t _fpos_t
#define _free_r(r,p) free (p)
#define _ftrylockfile(fp) (((fp)->_flags & __SSTR) ? 0 : __cygwin_lock_trylock ((_LOCK_T *)&(fp)->_lock))
#define _funlockfile(fp) ({ if (!((fp)->_flags & __SSTR)) __cygwin_lock_unlock ((_LOCK_T *)&(fp)->_lock); })
#define _howmany(x,y) (((x) + ((y) - 1)) / (y))
#define _mallinfo_r(r) mallinfo ()
#define _malloc_r(r,s) malloc (s)
#define _malloc_stats_r(r) malloc_stats ()
#define _malloc_trim_r(r,s) malloc_trim (s)
#define _malloc_usable_size_r(r,p) malloc_usable_size (p)
#define _mallopt_r(i1,i2) mallopt (i1, i2)
#define _memalign_r(r,s1,s2) memalign (s1, s2);
#define _mstats_r(r,p) mstats (p)
#define _pascal __attribute__((__pascal__))
#define _pvalloc_r(r,s) pvalloc (s)
#define _realloc_r(r,p,s) realloc (p, s)
#define _stdcall __attribute__((__stdcall__))
#define _stderr_r(x) _REENT_STDERR(x)
#define _stdin_r(x) _REENT_STDIN(x)
#define _stdout_r(x) _REENT_STDOUT(x)
#define _thiscall __attribute__((__thiscall__))
#define _tolower(__c) ((unsigned char)(__c) - 'A' + 'a')
#define _toupper(__c) ((unsigned char)(__c) - 'a' + 'A')
#define _valloc_r(r,s) valloc (s)
#define alloca(size) __builtin_alloca(size)
#define be16toh(x) __bswap_16(x)
#define be32toh(x) __bswap_32(x)
#define be64toh(x) __bswap_64(x)
#define deflateInit(strm,level) deflateInit_((strm), (level), ZLIB_VERSION, (int)sizeof(z_stream))
#define deflateInit2(strm,level,method,windowBits,memLevel,strategy) deflateInit2_((strm),(level),(method),(windowBits),(memLevel), (strategy), ZLIB_VERSION, (int)sizeof(z_stream))
#define errno (*__errno())
#define fast_putc(x,p) (--(p)->_w < 0 ? __swbuf_r(_REENT, (int)(x), p) == EOF : (*(p)->_p = (x), (p)->_p++, 0))
#define fds_bits __fds_bits
#define fropen(__cookie,__fn) funopen(__cookie, __fn, NULL, NULL, NULL)
#define fwopen(__cookie,__fn) funopen(__cookie, NULL, __fn, NULL, NULL)
#define getwc_unlocked(fp) fgetwc_unlocked(fp)
#define getwchar_unlocked() fgetwc_unlocked(_REENT_STDIN(_REENT))
#define gzgetc(g) ((g)->have ? ((g)->have--, (g)->pos++, *((g)->next)++) : (gzgetc)(g))
#define htobe16(x) __bswap_16(x)
#define htobe32(x) __bswap_32(x)
#define htobe64(x) __bswap_64(x)
#define htole16(x) (x)
#define htole32(x) (x)
#define htole64(x) (x)
#define inflateBackInit(strm,windowBits,window) inflateBackInit_((strm), (windowBits), (window), ZLIB_VERSION, (int)sizeof(z_stream))
#define inflateInit(strm) inflateInit_((strm), ZLIB_VERSION, (int)sizeof(z_stream))
#define inflateInit2(strm,windowBits) inflateInit2_((strm), (windowBits), ZLIB_VERSION, (int)sizeof(z_stream))
#define initsetproctitle(c,a,e) setproctitle_init((c), (a), (e))
#define le16toh(x) (x)
#define le32toh(x) (x)
#define le64toh(x) (x)
#define major(dev) gnu_dev_major(dev)
#define makedev(maj,min) gnu_dev_makedev(maj, min)
#define minor(dev) gnu_dev_minor(dev)
#define offsetof(t,d) __builtin_offsetof(t, d)
#define physadr physadr_t
#define pthread_cleanup_pop(_execute) _pthread_cleanup_pop(_execute); } while (0)
#define pthread_cleanup_push(_fn,_arg) do { __pthread_cleanup_handler __cleanup_handler = { _fn, _arg, NULL }; _pthread_cleanup_push(&__cleanup_handler)
#define putwc_unlocked(wc,fp) fputwc_unlocked((wc), (fp))
#define putwchar_unlocked(wc) fputwc_unlocked((wc), _REENT_STDOUT(_REENT))
#define quad quad_t
#define stderr _REENT_STDERR(_REENT)
#define stdin _REENT_STDIN(_REENT)
#define stdout _REENT_STDOUT(_REENT)
#define strtodf strtof
#define tzname _tzname
#define unix 1
#define va_arg(ap,type) __builtin_va_arg(ap, type)
#define va_copy(dest,src) __builtin_va_copy(dest, src)
#define va_end(ap) __builtin_va_end(ap)
#define va_start(ap,param) __builtin_va_start(ap, param)
#define z_const 
#define z_off64_t z_off_t
#define z_off_t off_t
#define zlib_version zlibVersion()
