compiler: rc=0
build-baseline: rc=0
baseline-debug-Solver-build: rc=0
baseline-release-test_enqueue_prefix.cc-build: rc=0
baseline-release-test_enqueue_prefix.cc-trace: rc=0
baseline-release-test_watch_tail.cc-build: rc=0
baseline-release-test_watch_tail.cc-trace: rc=0
baseline-release-test_watch_tail_gc.cc-build: rc=0
baseline-release-test_watch_tail_gc.cc-trace: rc=0
baseline-debug-test_enqueue_prefix.cc-build: rc=0
baseline-debug-test_enqueue_prefix.cc-trace: rc=0
build-candidate: rc=0
candidate-debug-Solver-build: rc=0
candidate-release-test_enqueue_prefix.cc-build: rc=0
candidate-release-test_enqueue_prefix.cc-trace: rc=0
candidate-release-test_watch_tail.cc-build: rc=0
candidate-release-test_watch_tail.cc-trace: rc=0
candidate-release-test_watch_tail_gc.cc-build: rc=0
candidate-release-test_watch_tail_gc.cc-trace: rc=0
candidate-debug-test_enqueue_prefix.cc-build: rc=0
candidate-debug-test_enqueue_prefix.cc-trace: rc=0
baseline-production-symbols: rc=0
baseline-assembly-0: rc=0
baseline-assembly-1: rc=0
baseline-assembly-2: rc=0
baseline-production-size: rc=0
candidate-production-symbols: rc=0
candidate-assembly-3: rc=0
candidate-assembly-4: rc=0
candidate-assembly-5: rc=0
candidate-production-size: rc=0
css1-no-card-baseline: rc=0
css1-no-card-baseline-dump: rc=0
css1-no-card-candidate: rc=0
css1-no-card-candidate-dump: rc=0
css1-card-mto-baseline: rc=0
css1-card-mto-baseline-dump: rc=0
css1-card-mto-candidate: rc=0
css1-card-mto-candidate-dump: rc=0
css4-no-card-baseline: rc=0
css4-no-card-baseline-dump: rc=0
css4-no-card-candidate: rc=0
css4-no-card-candidate-dump: rc=0
css4-card-mto-baseline: rc=0
css4-card-mto-baseline-dump: rc=0
css4-card-mto-candidate: rc=0
css4-card-mto-candidate-dump: rc=0
css5-no-card-baseline: rc=0
css5-no-card-baseline-dump: rc=0
css5-no-card-candidate: rc=0
css5-no-card-candidate-dump: rc=0
css5-card-mto-baseline: rc=0
css5-card-mto-baseline-dump: rc=0
css5-card-mto-candidate: rc=0
css5-card-mto-candidate-dump: rc=0
smoke-baseline: rc=0
timeout-baseline-no-card: rc=1
timeout-baseline-card-mto: rc=1
smoke-candidate: rc=0
timeout-candidate-no-card: rc=1
timeout-candidate-card-mto: rc=1
baseline-standalone-test-build: rc=0
candidate-standalone-test-build: rc=0
pms-zero-baseline: rc=10
pms-zero-candidate: rc=10
pms-conflict-baseline: rc=10
pms-conflict-candidate: rc=10
pms-triangle-baseline: rc=10
pms-triangle-candidate: rc=10
pms-cycle-baseline: rc=10
pms-cycle-candidate: rc=10
pms-seed-00-baseline: rc=10
pms-seed-00-candidate: rc=10
pms-seed-01-baseline: rc=10
pms-seed-01-candidate: rc=10
pms-seed-02-baseline: rc=10
pms-seed-02-candidate: rc=10
pms-seed-03-baseline: rc=10
pms-seed-03-candidate: rc=10
pms-seed-04-baseline: rc=10
pms-seed-04-candidate: rc=10
pms-seed-05-baseline: rc=10
pms-seed-05-candidate: rc=10
pms-seed-06-baseline: rc=10
pms-seed-06-candidate: rc=10
pms-seed-07-baseline: rc=10
pms-seed-07-candidate: rc=10
pms-seed-08-baseline: rc=10
pms-seed-08-candidate: rc=10
pms-seed-09-baseline: rc=10
pms-seed-09-candidate: rc=10
pms-seed-10-baseline: rc=10
pms-seed-10-candidate: rc=10
pms-seed-11-baseline: rc=10
pms-seed-11-candidate: rc=10
pms-seed-12-baseline: rc=10
pms-seed-12-candidate: rc=10
pms-seed-13-baseline: rc=10
pms-seed-13-candidate: rc=10
pms-seed-14-baseline: rc=10
pms-seed-14-candidate: rc=10
pms-seed-15-baseline: rc=10
pms-seed-15-candidate: rc=10
pms-seed-16-baseline: rc=10
pms-seed-16-candidate: rc=10
pms-seed-17-baseline: rc=10
pms-seed-17-candidate: rc=10
pms-seed-18-baseline: rc=10
pms-seed-18-candidate: rc=10
pms-seed-19-baseline: rc=10
pms-seed-19-candidate: rc=10
pms-seed-20-baseline: rc=10
pms-seed-20-candidate: rc=10
pms-seed-21-baseline: rc=10
pms-seed-21-candidate: rc=10
pms-seed-22-baseline: rc=10
pms-seed-22-candidate: rc=10
pms-seed-23-baseline: rc=10
pms-seed-23-candidate: rc=10
pms-seed-24-baseline: rc=10
pms-seed-24-candidate: rc=10
pms-seed-25-baseline: rc=10
pms-seed-25-candidate: rc=10
pms-seed-26-baseline: rc=10
pms-seed-26-candidate: rc=10
pms-seed-27-baseline: rc=10
pms-seed-27-candidate: rc=10
pms-seed-28-baseline: rc=10
pms-seed-28-candidate: rc=10
pms-seed-29-baseline: rc=10
pms-seed-29-candidate: rc=10
pms-seed-30-baseline: rc=10
pms-seed-30-candidate: rc=10
pms-seed-31-baseline: rc=10
pms-seed-31-candidate: rc=10
diagnostic-build: rc=0
opportunity-LP_34_20_2-no-card: rc=0
opportunity-LP_34_20_2-card-mto: rc=0
opportunity-LP_136_32_4-no-card: rc=0
opportunity-LP_136_32_4-card-mto: rc=0
{
  "status": "PREPARATORY_COMPLETE",
  "Tier0": "LOCAL_PASS",
  "diagnostic": "PASS",
  "performance": "NOT_MEASURED",
  "candidate": "58fbae546e74c158c21070cd10106e94d6bd2b98",
  "assignment": "https://github.com/guluchen/DistQLDPC/issues/15#issuecomment-6065614772",
  "hosted": "REQUIRED_SEPARATELY",
  "Tier0_complete": false,
  "opportunity": [
    {
      "stem": "LP_34_20_2",
      "mode": "no-card",
      "counts": {
        "entries": 230,
        "soft_false": 1,
        "unlocked_false": 1,
        "locked_false": 0
      },
      "scientific_expected": 2
    },
    {
      "stem": "LP_34_20_2",
      "mode": "card-mto",
      "counts": {
        "entries": 230,
        "soft_false": 1,
        "unlocked_false": 1,
        "locked_false": 0
      },
      "scientific_expected": 2
    },
    {
      "stem": "LP_136_32_4",
      "mode": "no-card",
      "counts": {
        "entries": 1324453,
        "soft_false": 7857,
        "unlocked_false": 5970,
        "locked_false": 1887
      },
      "scientific_expected": 4
    },
    {
      "stem": "LP_136_32_4",
      "mode": "card-mto",
      "counts": {
        "entries": 1672392,
        "soft_false": 8847,
        "unlocked_false": 6580,
        "locked_false": 2267
      },
      "scientific_expected": 4
    }
  ],
  "cleanup": {
    "job_limit_released": true,
    "affinity_restored": true,
    "sleep_requirement_restored": true,
    "final_mask": 65535,
    "priority_restored": true,
    "final_priority_class": 32
  },
  "valid_run": true
}
