c DistQLDPC — QLDPC/CSS minimum distance (symplectic MaxSAT)
c solver: MaxCDCL, cardinality encoding: MTO only
c Hx: data/matrices/LP_238_44_6_Hx.txt
c Hz: data/matrices/LP_238_44_6_Hz.txt
c Gx: data/matrices/LP_238_44_6_Gx.txt
c Gz: data/matrices/LP_238_44_6_Gz.txt
c Hx: 105 x 238, Hz: 105 x 238, Gx: 44 x 238, Gz: 44 x 238, logicals: 88
c Mono: 0, fixed: 0
c |  Eliminated clauses:           0.04 Mb                                      |
c Reduced to 876 vars, 4666 cls (c/v ratio==5.3, grow=0)
c No iterative elimination performed. (vars=876, c/v ratio=5.3)
c ============================[ Search Statistics ]==============================
c | Conflicts |          ORIGINAL         |          LEARNT          | Progress |
c |           |    Vars  Clauses Literals |    Limit  Clauses Lit/Cl |          |
c ===============================================================================
c nb soft clauses: 238, of which 238 unit, 0 nonUnit and 0 empty
c total nb of literals: 17658
c conflLits 0, conflLits2 0, nbFailedLits 0, fixedVarsBypreproc 0, totalFixedVars 149
c 1 conflict sets found with length 139
c fixedCost 0, nbSatLits 0, totalFixedVars 149, objForSearch: 238

c no UB provided, search from scratch...
c ends of initiationization by VSIDS at 0 conflicts with init 10000

c UB=1 fails, cnfls=0, hcnfls=0, core 0, tier2 0, local 0, quasiC: 0 (fixed: 0)
c prunedLB 0.00, dev 0.00, succRate 0.00, nbSucc 0, nbHardens 1 (fixed 238), lk: 1, shorten: 0, pureSo 0, nbFlyRd 0, nbFixedLH 0

c Cardinality: 711 (MTO) for UB 2
c ***** top quasi confl at level 0*****
c ends of initiationization by VSIDS at 21 conflicts with init 9979

c UB=2 fails, cnfls=21, hcnfls=21, core 15, tier2 1, local 5, quasiC: 1 (fixed: 71)
c prunedLB 0.00, dev 0.00, succRate 0.00, nbSucc 0, nbHardens 1 (fixed 309), lk: 1, shorten: 0, pureSo 0, nbFlyRd 2, nbFixedLH 0

c Cardinality: 1529 (MTO) for UB 4
c ends of initiationization by VSIDS at 651 conflicts with init 9370

c UB=4 fails, cnfls=651, hcnfls=412, core 721, tier2 190, local 369, quasiC: 22 (fixed: 1535)
c prunedLB 2.88, dev 0.55, succRate 0.79, nbSucc 189, nbHardens 92 (fixed 9372), lk: 240, shorten: 0, pureSo 51, nbFlyRd 23, nbFixedLH 6

c Cardinality: 2080 (MTO) for UB 8
c UB=8 succs, confls=1268, hconfls=425, core 363, tier2 61, local 165,  6 soft cls unsat (0 at L0), 153 fixed vars at L0, softCnfl 53, nbFlyRd 29, nbFixedLH 10
c nbHardens 95 (fixed 11516), shorten: 0, prunedLB 5.08, dev 0.72, succRate 0.93, nbSucc 602, lk: 648, shorten: 0, quasiC: 46 (fixed: 3588)

c ends of initiationization by VSIDS at 1268 conflicts with init 9383


c Cardinality: 2057 (MTO) for UB 6
c nbFailedLits 0, nbI 0, fixedVarsByFL 0, totalFixedVars 154, nbTested: 1001, counter 38078
c ***** top quasi confl at level 0*****
c ***** top quasi confl at level 0*****
c ***** top quasi confl at level 0*****
c LRB phase 1: conflicts 1577, phase 20000000, starts 10, UP 72977
c UB=6 fails, cnfls=2845, hcnfls=615, core 570, tier2 84, local 1472, quasiC: 190 (fixed: 11335)
c prunedLB 4.04, dev 0.85, succRate 0.78, nbSucc 1330, nbHardens 127 (fixed 21957), lk: 1700, shorten: 0, pureSo 110, nbFlyRd 68, nbFixedLH 45
c ===============================================================================
c initCost: 0, fixedBySearch: 0, optimal: 6, maxsat: 232, hardConflicts: 615
c nbLK: 2590, nbSuccLK: 2121(81.89%), nbLKup: 1434123(725.30%), hardens 127 (fixed 21957), dynVars 1921, shorten: 0
c CSS split: X half OPTIMAL, weight 6 (reported cost 6), vars 3518 (base 238 + aux 1315)
c Mono: 0, fixed: 0
c |  Eliminated clauses:           0.04 Mb                                      |
c Reduced to 877 vars, 4666 cls (c/v ratio==5.3, grow=0)
c No iterative elimination performed. (vars=877, c/v ratio=5.3)
c ============================[ Search Statistics ]==============================
c | Conflicts |          ORIGINAL         |          LEARNT          | Progress |
c |           |    Vars  Clauses Literals |    Limit  Clauses Lit/Cl |          |
c ===============================================================================
c nb soft clauses: 238, of which 238 unit, 0 nonUnit and 0 empty
c total nb of literals: 17650
c conflLits 0, conflLits2 0, nbFailedLits 0, fixedVarsBypreproc 0, totalFixedVars 149
c 1 conflict sets found with length 139
c fixedCost 0, nbSatLits 0, totalFixedVars 149, objForSearch: 238

c no UB provided, search from scratch...
c ends of initiationization by VSIDS at 0 conflicts with init 10000

c UB=1 fails, cnfls=0, hcnfls=0, core 0, tier2 0, local 0, quasiC: 0 (fixed: 0)
c prunedLB 0.00, dev 0.00, succRate 0.00, nbSucc 0, nbHardens 1 (fixed 238), lk: 1, shorten: 0, pureSo 0, nbFlyRd 0, nbFixedLH 0

c Cardinality: 711 (MTO) for UB 2
c ***** top quasi confl at level 0*****
c ends of initiationization by VSIDS at 6 conflicts with init 9994

c UB=2 fails, cnfls=6, hcnfls=4, core 4, tier2 0, local 0, quasiC: 1 (fixed: 69)
c prunedLB 2.00, dev 0.00, succRate 0.67, nbSucc 2, nbHardens 1 (fixed 307), lk: 3, shorten: 0, pureSo 0, nbFlyRd 0, nbFixedLH 0

c Cardinality: 1529 (MTO) for UB 4
c ends of initiationization by VSIDS at 826 conflicts with init 9180

c UB=4 fails, cnfls=826, hcnfls=147, core 1040, tier2 153, local 662, quasiC: 26 (fixed: 2004)
c prunedLB 2.80, dev 0.49, succRate 0.91, nbSucc 621, nbHardens 54 (fixed 7159), lk: 681, shorten: 0, pureSo 57, nbFlyRd 9, nbFixedLH 5

c Cardinality: 2080 (MTO) for UB 8
c nbFailedLits 0, nbI 0, fixedVarsByFL 0, totalFixedVars 149, nbTested: 1001, counter 22084
c UB=8 succs, confls=1993, hconfls=183, core 480, tier2 16, local 929,  6 soft cls unsat (0 at L0), 149 fixed vars at L0, softCnfl 69, nbFlyRd 35, nbFixedLH 15
c nbHardens 63 (fixed 12140), shorten: 0, prunedLB 4.45, dev 0.87, succRate 0.93, nbSucc 1119, lk: 1207, shorten: 0, quasiC: 79 (fixed: 6102)

c ends of initiationization by VSIDS at 1993 conflicts with init 8833


c Cardinality: 2081 (MTO) for UB 6
c LRB phase 1: conflicts 2331, phase 20000000, starts 14, UP 97998
c UB=6 fails, cnfls=4324, hcnfls=319, core 747, tier2 721, local 2986, quasiC: 327 (fixed: 21419)
c prunedLB 4.12, dev 0.88, succRate 0.79, nbSucc 2135, nbHardens 99 (fixed 30425), lk: 2701, shorten: 0, pureSo 130, nbFlyRd 76, nbFixedLH 56
c ===============================================================================
c initCost: 0, fixedBySearch: 0, optimal: 6, maxsat: 232, hardConflicts: 319
c nbLK: 4593, nbSuccLK: 3877(84.41%), nbLKup: 2579222(1510.73%), hardens 99 (fixed 30425), dynVars 1930, shorten: 0
c CSS split: Z half OPTIMAL, weight 6 (reported cost 6), vars 3527 (base 238 + aux 1315)
c CSS split: dX=6 dZ=6 d=min=6
c DistQLDPC — QLDPC/CSS minimum distance (symplectic MaxSAT)
c solver: MaxCDCL, cardinality encoding: MTO only
c Hx: data/matrices/LP_238_44_6_Hx.txt
c Hz: data/matrices/LP_238_44_6_Hz.txt
c Gx: data/matrices/LP_238_44_6_Gx.txt
c Gz: data/matrices/LP_238_44_6_Gz.txt
c Hx: 105 x 238, Hz: 105 x 238, Gx: 44 x 238, Gz: 44 x 238, logicals: 88
c d_lb: 6
c d_ub: 6
c d  : 6
o 6
