c DistQLDPC — QLDPC/CSS minimum distance (symplectic MaxSAT)
c solver: MaxCDCL, cardinality encoding: MTO only
c Hx: data/matrices/GB_144_12_8_Hx.txt
c Hz: data/matrices/GB_144_12_8_Hz.txt
c Gx: data/matrices/GB_144_12_8_Gx.txt
c Gz: data/matrices/GB_144_12_8_Gz.txt
c Hx: 66 x 144, Hz: 66 x 144, Gx: 12 x 144, Gz: 12 x 144, logicals: 24
c Mono: 0, fixed: 0
c |  Eliminated clauses:           0.02 Mb                                      |
c Reduced to 403 vars, 2030 cls (c/v ratio==5.0, grow=0)
c No iterative elimination performed. (vars=403, c/v ratio=5.0)
c ============================[ Search Statistics ]==============================
c | Conflicts |          ORIGINAL         |          LEARNT          | Progress |
c |           |    Vars  Clauses Literals |    Limit  Clauses Lit/Cl |          |
c ===============================================================================
c nb soft clauses: 144, of which 144 unit, 0 nonUnit and 0 empty
c total nb of literals: 7696
c conflLits 0, conflLits2 0, nbFailedLits 0, fixedVarsBypreproc 0, totalFixedVars 78
c 1 conflict sets found with length 77
c fixedCost 0, nbSatLits 0, totalFixedVars 78, objForSearch: 144

c no UB provided, search from scratch...
c ends of initiationization by VSIDS at 0 conflicts with init 10000

c UB=1 fails, cnfls=0, hcnfls=0, core 0, tier2 0, local 0, quasiC: 0 (fixed: 0)
c prunedLB 0.00, dev 0.00, succRate 0.00, nbSucc 0, nbHardens 1 (fixed 144), lk: 1, shorten: 0, pureSo 0, nbFlyRd 0, nbFixedLH 0

c Cardinality: 429 (MTO) for UB 2
c ***** top quasi confl at level 0*****
c ends of initiationization by VSIDS at 4 conflicts with init 9996

c UB=2 fails, cnfls=4, hcnfls=4, core 2, tier2 0, local 0, quasiC: 1 (fixed: 57)
c prunedLB 0.00, dev 0.00, succRate 0.00, nbSucc 0, nbHardens 1 (fixed 201), lk: 1, shorten: 0, pureSo 0, nbFlyRd 1, nbFixedLH 0

c Cardinality: 919 (MTO) for UB 4
c ends of initiationization by VSIDS at 1016 conflicts with init 8988

c UB=4 fails, cnfls=1016, hcnfls=827, core 384, tier2 102, local 535, quasiC: 2 (fixed: 83)
c prunedLB 2.69, dev 0.46, succRate 0.99, nbSucc 161, nbHardens 90 (fixed 10601), lk: 162, shorten: 0, pureSo 29, nbFlyRd 26, nbFixedLH 2

c Cardinality: 1248 (MTO) for UB 8
c nbFailedLits 0, nbI 0, fixedVarsByFL 0, totalFixedVars 78, nbTested: 990, counter 51972
c ***** top quasi confl at level 0*****
c ends of initiationization by VSIDS at 4315 conflicts with init 6701

c UB=8 fails, cnfls=4315, hcnfls=905, core 2298, tier2 484, local 2054, quasiC: 242 (fixed: 8793)
c prunedLB 5.21, dev 1.04, succRate 0.85, nbSucc 3184, nbHardens 105 (fixed 20056), lk: 3740, shorten: 0, pureSo 67, nbFlyRd 53, nbFixedLH 28

c Cardinality: 1433 (MTO) for UB 16
c nbFailedLits 0, nbI 0, fixedVarsByFL 0, totalFixedVars 78, nbTested: 1001, counter 89407
c nbFailedLits 0, nbI 0, fixedVarsByFL 0, totalFixedVars 78, nbTested: 1001, counter 133243
c nbFailedLits 0, nbI 0, fixedVarsByFL 0, totalFixedVars 78, nbTested: 1001, counter 203769
c ends of initiationization by VSIDS at 14315 conflicts with init 0

c UB=16 succs, confls=14711, hconfls=1067, core 543, tier2 260, local 9899,  15 soft cls unsat (0 at L0), 78 fixed vars at L0, softCnfl 80, nbFlyRd 159, nbFixedLH 100
c nbHardens 115 (fixed 87736), shorten: 0, prunedLB 9.56, dev 1.29, succRate 0.74, nbSucc 10221, lk: 13721, shorten: 0, quasiC: 2013 (fixed: 76200)


c Cardinality: 1434 (MTO) for UB 15
c UB=15 succs, confls=16085, hconfls=1112, core 612, tier2 736, local 11189,  14 soft cls unsat (0 at L0), 78 fixed vars at L0, softCnfl 81, nbFlyRd 168, nbFixedLH 114
c nbHardens 118 (fixed 94269), shorten: 0, prunedLB 8.05, dev 1.53, succRate 0.77, nbSucc 1328, lk: 1714, shorten: 0, quasiC: 2194 (fixed: 82684)


c Cardinality: 1434 (MTO) for UB 14
c UB=14 succs, confls=16132, hconfls=1158, core 653, tier2 742, local 11191,  13 soft cls unsat (0 at L0), 78 fixed vars at L0, softCnfl 81, nbFlyRd 168, nbFixedLH 114
c nbHardens 120 (fixed 94395), shorten: 0, prunedLB 9.00, dev 0.00, succRate 0.11, nbSucc 1, lk: 9, shorten: 0, quasiC: 2197 (fixed: 82810)


c Cardinality: 1435 (MTO) for UB 13
c UB=13 succs, confls=16615, hconfls=1230, core 899, tier2 1101, local 11499,  10 soft cls unsat (0 at L0), 78 fixed vars at L0, softCnfl 126, nbFlyRd 180, nbFixedLH 116
c nbHardens 139 (fixed 97115), shorten: 0, prunedLB 6.17, dev 2.59, succRate 0.75, nbSucc 366, lk: 488, shorten: 0, quasiC: 2237 (fixed: 84293)


c Cardinality: 1435 (MTO) for UB 10
c UB=10 succs, confls=16966, hconfls=1247, core 993, tier2 1223, local 11790,  9 soft cls unsat (0 at L0), 78 fixed vars at L0, softCnfl 130, nbFlyRd 181, nbFixedLH 119
c nbHardens 144 (fixed 98262), shorten: 0, prunedLB 5.32, dev 1.63, succRate 0.88, nbSucc 330, lk: 376, shorten: 0, quasiC: 2262 (fixed: 85292)


c Cardinality: 1436 (MTO) for UB 9
c UB=9 succs, confls=17971, hconfls=1283, core 1709, tier2 314, local 11696,  8 soft cls unsat (0 at L0), 88 fixed vars at L0, softCnfl 137, nbFlyRd 191, nbFixedLH 125
c nbHardens 146 (fixed 103178), shorten: 0, prunedLB 6.20, dev 1.08, succRate 0.75, nbSucc 962, lk: 1282, shorten: 0, quasiC: 2408 (fixed: 90208)

c LRB phase 1: conflicts 3656, phase 20000000, starts 24, UP 109032
c UB=8 fails, cnfls=17971, hcnfls=1283, core 1709, tier2 314, local 11696, quasiC: 2408 (fixed: 90208)
c prunedLB 0.00, dev 0.00, succRate 0.00, nbSucc 0, nbHardens 146 (fixed 103178), lk: 0, shorten: 0, pureSo 137, nbFlyRd 191, nbFixedLH 125
c ===============================================================================
c initCost: 0, fixedBySearch: 0, optimal: 8, maxsat: 136, hardConflicts: 1283
c nbLK: 21494, nbSuccLK: 16553(77.01%), nbLKup: 7331958(1471.86%), hardens 146 (fixed 103178), dynVars 4086, shorten: 0
c CSS split: X half OPTIMAL, weight 8 (reported cost 8), vars 4827 (base 144 + aux 585)
c Mono: 0, fixed: 0
c |  Eliminated clauses:           0.02 Mb                                      |
c Reduced to 463 vars, 2482 cls (c/v ratio==5.4, grow=0)
c No iterative elimination performed. (vars=463, c/v ratio=5.4)
c ============================[ Search Statistics ]==============================
c | Conflicts |          ORIGINAL         |          LEARNT          | Progress |
c |           |    Vars  Clauses Literals |    Limit  Clauses Lit/Cl |          |
c ===============================================================================
c nb soft clauses: 144, of which 144 unit, 0 nonUnit and 0 empty
c total nb of literals: 9476
c conflLits 0, conflLits2 0, nbFailedLits 0, fixedVarsBypreproc 0, totalFixedVars 78
c 1 conflict sets found with length 78
c fixedCost 0, nbSatLits 0, totalFixedVars 78, objForSearch: 144

c no UB provided, search from scratch...
c ends of initiationization by VSIDS at 0 conflicts with init 10000

c UB=1 fails, cnfls=0, hcnfls=0, core 0, tier2 0, local 0, quasiC: 0 (fixed: 0)
c prunedLB 0.00, dev 0.00, succRate 0.00, nbSucc 0, nbHardens 1 (fixed 144), lk: 1, shorten: 0, pureSo 0, nbFlyRd 0, nbFixedLH 0

c Cardinality: 429 (MTO) for UB 2
c ***** top quasi confl at level 0*****
c ends of initiationization by VSIDS at 4 conflicts with init 9996

c UB=2 fails, cnfls=4, hcnfls=4, core 2, tier2 0, local 0, quasiC: 1 (fixed: 63)
c prunedLB 0.00, dev 0.00, succRate 0.00, nbSucc 0, nbHardens 1 (fixed 207), lk: 1, shorten: 0, pureSo 0, nbFlyRd 1, nbFixedLH 0

c Cardinality: 919 (MTO) for UB 4
c ends of initiationization by VSIDS at 114 conflicts with init 9890

c UB=4 fails, cnfls=114, hcnfls=24, core 195, tier2 50, local 77, quasiC: 10 (fixed: 453)
c prunedLB 2.84, dev 0.59, succRate 0.83, nbSucc 86, nbHardens 8 (fixed 1086), lk: 103, shorten: 0, pureSo 5, nbFlyRd 6, nbFixedLH 4

c Cardinality: 1248 (MTO) for UB 8
c nbFailedLits 0, nbI 0, fixedVarsByFL 0, totalFixedVars 81, nbTested: 1001, counter 22247
c ends of initiationization by VSIDS at 1993 conflicts with init 8121

c UB=8 fails, cnfls=1993, hcnfls=105, core 847, tier2 87, local 1181, quasiC: 258 (fixed: 8909)
c prunedLB 5.36, dev 1.07, succRate 0.74, nbSucc 1758, nbHardens 26 (fixed 10482), lk: 2361, shorten: 0, pureSo 46, nbFlyRd 30, nbFixedLH 35

c Cardinality: 1433 (MTO) for UB 16
c nbFailedLits 0, nbI 0, fixedVarsByFL 0, totalFixedVars 78, nbTested: 1001, counter 50066
c UB=16 succs, confls=3296, hconfls=179, core 94, tier2 11, local 1208,  15 soft cls unsat (0 at L0), 78 fixed vars at L0, softCnfl 48, nbFlyRd 46, nbFixedLH 41
c nbHardens 40 (fixed 19719), shorten: 0, prunedLB 9.73, dev 1.30, succRate 0.73, nbSucc 1227, lk: 1678, shorten: 0, quasiC: 510 (fixed: 18146)

c ends of initiationization by VSIDS at 3296 conflicts with init 8697


c Cardinality: 1434 (MTO) for UB 15
c UB=15 succs, confls=4039, hconfls=306, core 160, tier2 27, local 1903,  14 soft cls unsat (0 at L0), 78 fixed vars at L0, softCnfl 52, nbFlyRd 54, nbFixedLH 73
c nbHardens 44 (fixed 23787), shorten: 0, prunedLB 7.88, dev 1.45, succRate 0.66, nbSucc 612, lk: 930, shorten: 0, quasiC: 623 (fixed: 22123)


c Cardinality: 1434 (MTO) for UB 14
c UB=14 succs, confls=4194, hconfls=382, core 216, tier2 42, local 1991,  13 soft cls unsat (0 at L0), 78 fixed vars at L0, softCnfl 53, nbFlyRd 56, nbFixedLH 74
c nbHardens 46 (fixed 24294), shorten: 0, prunedLB 7.68, dev 1.21, succRate 0.68, nbSucc 78, lk: 115, shorten: 0, quasiC: 641 (fixed: 22630)


c Cardinality: 1435 (MTO) for UB 13
c UB=13 succs, confls=4898, hconfls=420, core 405, tier2 251, local 2634,  12 soft cls unsat (0 at L0), 78 fixed vars at L0, softCnfl 57, nbFlyRd 63, nbFixedLH 80
c nbHardens 50 (fixed 28029), shorten: 0, prunedLB 7.16, dev 1.17, succRate 0.77, nbSucc 662, lk: 859, shorten: 0, quasiC: 749 (fixed: 26365)


c Cardinality: 1434 (MTO) for UB 12
c nbFailedLits 0, nbI 0, fixedVarsByFL 0, totalFixedVars 78, nbTested: 1001, counter 99226
c UB=12 succs, confls=6691, hconfls=482, core 383, tier2 5, local 4390,  11 soft cls unsat (0 at L0), 78 fixed vars at L0, softCnfl 75, nbFlyRd 77, nbFixedLH 102
c nbHardens 55 (fixed 37668), shorten: 0, prunedLB 7.37, dev 1.34, succRate 0.72, nbSucc 1713, lk: 2367, shorten: 0, quasiC: 1044 (fixed: 35882)


c Cardinality: 1435 (MTO) for UB 11
c UB=11 succs, confls=6762, hconfls=543, core 444, tier2 5, local 4400,  10 soft cls unsat (0 at L0), 78 fixed vars at L0, softCnfl 75, nbFlyRd 79, nbFixedLH 102
c nbHardens 57 (fixed 37824), shorten: 0, prunedLB 6.90, dev 1.14, succRate 0.50, nbSucc 10, lk: 20, shorten: 0, quasiC: 1048 (fixed: 36038)


c Cardinality: 1435 (MTO) for UB 10
c UB=10 succs, confls=7124, hconfls=559, core 476, tier2 188, local 4708,  9 soft cls unsat (0 at L0), 78 fixed vars at L0, softCnfl 77, nbFlyRd 80, nbFixedLH 103
c nbHardens 59 (fixed 39738), shorten: 0, prunedLB 7.26, dev 0.97, succRate 0.79, nbSucc 344, lk: 433, shorten: 0, quasiC: 1095 (fixed: 37952)


c Cardinality: 1436 (MTO) for UB 9
c UB=9 succs, confls=8037, hconfls=615, core 1082, tier2 519, local 5423,  8 soft cls unsat (0 at L0), 78 fixed vars at L0, softCnfl 93, nbFlyRd 89, nbFixedLH 105
c nbHardens 66 (fixed 44211), shorten: 0, prunedLB 6.18, dev 1.09, succRate 0.76, nbSucc 841, lk: 1104, shorten: 0, quasiC: 1220 (fixed: 42181)

c LRB phase 1: conflicts 4741, phase 20000000, starts 29, UP 168855
c UB=8 fails, cnfls=8037, hcnfls=615, core 1082, tier2 519, local 5423, quasiC: 1220 (fixed: 42181)
c prunedLB 0.00, dev 0.00, succRate 0.00, nbSucc 0, nbHardens 66 (fixed 44211), lk: 0, shorten: 0, pureSo 93, nbFlyRd 89, nbFixedLH 105
c ===============================================================================
c initCost: 0, fixedBySearch: 0, optimal: 8, maxsat: 136, hardConflicts: 615
c nbLK: 9972, nbSuccLK: 7331(73.52%), nbLKup: 3576885(1433.56%), hardens 66 (fixed 44211), dynVars 5448, shorten: 0
c CSS split: Z half OPTIMAL, weight 8 (reported cost 8), vars 6302 (base 144 + aux 698)
c CSS split: dX=8 dZ=8 d=min=8
c DistQLDPC — QLDPC/CSS minimum distance (symplectic MaxSAT)
c solver: MaxCDCL, cardinality encoding: MTO only
c Hx: data/matrices/GB_144_12_8_Hx.txt
c Hz: data/matrices/GB_144_12_8_Hz.txt
c Gx: data/matrices/GB_144_12_8_Gx.txt
c Gz: data/matrices/GB_144_12_8_Gz.txt
c Hx: 66 x 144, Hz: 66 x 144, Gx: 12 x 144, Gz: 12 x 144, logicals: 24
c d_lb: 8
c d_ub: 8
c d  : 8
o 8
