c DistQLDPC — QLDPC/CSS minimum distance (symplectic MaxSAT)
c solver: MaxCDCL, cardinality encoding: off (soft-conflict only)
c Hx: data/matrices/LP_136_32_4_Hx.txt
c Hz: data/matrices/LP_136_32_4_Hz.txt
c Gx: data/matrices/LP_136_32_4_Gx.txt
c Gz: data/matrices/LP_136_32_4_Gz.txt
c Hx: 60 x 136, Hz: 60 x 136, Gx: 32 x 136, Gz: 32 x 136, logicals: 64
c Mono: 0, fixed: 0
c |  Eliminated clauses:           0.02 Mb                                      |
c Reduced to 474 vars, 2434 cls (c/v ratio==5.1, grow=0)
c No iterative elimination performed. (vars=474, c/v ratio=5.1)
c ============================[ Search Statistics ]==============================
c | Conflicts |          ORIGINAL         |          LEARNT          | Progress |
c |           |    Vars  Clauses Literals |    Limit  Clauses Lit/Cl |          |
c ===============================================================================
c nb soft clauses: 136, of which 136 unit, 0 nonUnit and 0 empty
c total nb of literals: 9144
c conflLits 0, conflLits2 0, nbFailedLits 0, fixedVarsBypreproc 0, totalFixedVars 92
c 1 conflict sets found with length 83
c fixedCost 0, nbSatLits 0, totalFixedVars 92, objForSearch: 136

c no UB provided, search from scratch...
c ends of initiationization by VSIDS at 0 conflicts with init 10000

c UB=1 fails, cnfls=0, hcnfls=0, core 0, tier2 0, local 0, quasiC: 0 (fixed: 0)
c prunedLB 0.00, dev 0.00, succRate 0.00, nbSucc 0, nbHardens 1 (fixed 136), lk: 1, shorten: 0, pureSo 0, nbFlyRd 0, nbFixedLH 0

c Cardinality: off (soft-conflict only), UB 2
c ***** top quasi confl at level 0*****
c ends of initiationization by VSIDS at 135 conflicts with init 9865

c UB=2 fails, cnfls=135, hcnfls=75, core 100, tier2 0, local 48, quasiC: 1 (fixed: 37)
c prunedLB 0.00, dev 0.00, succRate 0.00, nbSucc 0, nbHardens 45 (fixed 2888), lk: 1, shorten: 0, pureSo 60, nbFlyRd 21, nbFixedLH 0

c Cardinality: off (soft-conflict only), UB 4
c ***** top quasi confl at level 0*****
c ends of initiationization by VSIDS at 766 conflicts with init 9369

c UB=4 fails, cnfls=766, hcnfls=257, core 223, tier2 46, local 372, quasiC: 15 (fixed: 739)
c prunedLB 2.59, dev 0.50, succRate 0.96, nbSucc 396, nbHardens 171 (fixed 16282), lk: 413, shorten: 0, pureSo 114, nbFlyRd 66, nbFixedLH 6

c Cardinality: off (soft-conflict only), UB 8
c UB=8 succs, confls=1914, hconfls=296, core 124, tier2 226, local 856,  6 soft cls unsat (0 at L0), 92 fixed vars at L0, softCnfl 117, nbFlyRd 96, nbFixedLH 13
c nbHardens 176 (fixed 16897), shorten: 0, prunedLB 3.55, dev 0.72, succRate 0.99, nbSucc 1106, lk: 1119, shorten: 0, quasiC: 17 (fixed: 856)

c ends of initiationization by VSIDS at 1914 conflicts with init 8852


c Cardinality: off (soft-conflict only), UB 6
c nbFailedLits 0, nbI 0, fixedVarsByFL 0, totalFixedVars 92, nbTested: 474, counter 12486
c UB=6 succs, confls=2115, hconfls=338, core 547, tier2 40, local 980,  4 soft cls unsat (0 at L0), 93 fixed vars at L0, softCnfl 127, nbFlyRd 116, nbFixedLH 13
c nbHardens 207 (fixed 19406), shorten: 0, prunedLB 2.85, dev 0.94, succRate 0.88, nbSucc 149, lk: 169, shorten: 0, quasiC: 19 (fixed: 964)

c LRB phase 1: conflicts 201, phase 20000000, starts 2, UP 4835
c UB=4 fails, cnfls=2115, hcnfls=338, core 547, tier2 40, local 980, quasiC: 19 (fixed: 964)
c prunedLB 0.00, dev 0.00, succRate 0.00, nbSucc 0, nbHardens 207 (fixed 19406), lk: 0, shorten: 0, pureSo 127, nbFlyRd 116, nbFixedLH 13
c ===============================================================================
c initCost: 0, fixedBySearch: 0, optimal: 4, maxsat: 132, hardConflicts: 338
c nbLK: 1703, nbSuccLK: 1651(96.95%), nbLKup: 257410(531.29%), hardens 207 (fixed 19406), dynVars 0, shorten: 0
c CSS split: X half OPTIMAL, weight 4 (reported cost 4), vars 868 (base 136 + aux 700)
c Mono: 0, fixed: 0
c |  Eliminated clauses:           0.02 Mb                                      |
c Reduced to 476 vars, 2434 cls (c/v ratio==5.1, grow=0)
c No iterative elimination performed. (vars=476, c/v ratio=5.1)
c ============================[ Search Statistics ]==============================
c | Conflicts |          ORIGINAL         |          LEARNT          | Progress |
c |           |    Vars  Clauses Literals |    Limit  Clauses Lit/Cl |          |
c ===============================================================================
c nb soft clauses: 136, of which 136 unit, 0 nonUnit and 0 empty
c total nb of literals: 9128
c conflLits 0, conflLits2 0, nbFailedLits 0, fixedVarsBypreproc 0, totalFixedVars 92
c 1 conflict sets found with length 83
c fixedCost 0, nbSatLits 0, totalFixedVars 92, objForSearch: 136

c no UB provided, search from scratch...
c ends of initiationization by VSIDS at 0 conflicts with init 10000

c UB=1 fails, cnfls=0, hcnfls=0, core 0, tier2 0, local 0, quasiC: 0 (fixed: 0)
c prunedLB 0.00, dev 0.00, succRate 0.00, nbSucc 0, nbHardens 1 (fixed 136), lk: 1, shorten: 0, pureSo 0, nbFlyRd 0, nbFixedLH 0

c Cardinality: off (soft-conflict only), UB 2
c ends of initiationization by VSIDS at 337 conflicts with init 9663

c UB=2 fails, cnfls=337, hcnfls=240, core 2005, tier2 16, local 194, quasiC: 0 (fixed: 0)
c prunedLB 0.00, dev 0.00, succRate 0.00, nbSucc 0, nbHardens 169 (fixed 13739), lk: 0, shorten: 0, pureSo 97, nbFlyRd 26, nbFixedLH 0

c Cardinality: off (soft-conflict only), UB 4
c nbFailedLits 0, nbI 0, fixedVarsByFL 0, totalFixedVars 92, nbTested: 476, counter 20420
c ends of initiationization by VSIDS at 2333 conflicts with init 8004

c UB=4 fails, cnfls=2333, hcnfls=1786, core 1302, tier2 94, local 499, quasiC: 18 (fixed: 754)
c prunedLB 2.86, dev 0.54, succRate 0.77, nbSucc 178, nbHardens 1571 (fixed 163814), lk: 230, shorten: 0, pureSo 370, nbFlyRd 285, nbFixedLH 1

c Cardinality: off (soft-conflict only), UB 8
c UB=8 succs, confls=2717, hconfls=1796, core 123, tier2 161, local 187,  6 soft cls unsat (0 at L0), 92 fixed vars at L0, softCnfl 371, nbFlyRd 289, nbFixedLH 2
c nbHardens 1573 (fixed 164091), shorten: 0, prunedLB 4.02, dev 0.50, succRate 0.97, nbSucc 373, lk: 386, shorten: 0, quasiC: 20 (fixed: 825)

c ends of initiationization by VSIDS at 2717 conflicts with init 9616


c Cardinality: off (soft-conflict only), UB 6
c UB=6 succs, confls=2761, hconfls=1802, core 136, tier2 164, local 226,  4 soft cls unsat (0 at L0), 92 fixed vars at L0, softCnfl 373, nbFlyRd 291, nbFixedLH 5
c nbHardens 1575 (fixed 164574), shorten: 0, prunedLB 3.58, dev 0.86, succRate 0.71, nbSucc 36, lk: 51, shorten: 0, quasiC: 28 (fixed: 1128)

c LRB phase 1: conflicts 44, phase 20000000, starts 1, UP 2281
c UB=4 fails, cnfls=2761, hcnfls=1802, core 136, tier2 164, local 226, quasiC: 28 (fixed: 1128)
c prunedLB 0.00, dev 0.00, succRate 0.00, nbSucc 0, nbHardens 1575 (fixed 164574), lk: 0, shorten: 0, pureSo 373, nbFlyRd 291, nbFixedLH 5
c ===============================================================================
c initCost: 0, fixedBySearch: 0, optimal: 4, maxsat: 132, hardConflicts: 1802
c nbLK: 668, nbSuccLK: 587(87.87%), nbLKup: 177970(87.81%), hardens 1575 (fixed 164574), dynVars 0, shorten: 0
c CSS split: Z half OPTIMAL, weight 4 (reported cost 4), vars 868 (base 136 + aux 700)
c CSS split: dX=4 dZ=4 d=min=4
c DistQLDPC — QLDPC/CSS minimum distance (symplectic MaxSAT)
c solver: MaxCDCL, cardinality encoding: off (soft-conflict only)
c Hx: data/matrices/LP_136_32_4_Hx.txt
c Hz: data/matrices/LP_136_32_4_Hz.txt
c Gx: data/matrices/LP_136_32_4_Gx.txt
c Gz: data/matrices/LP_136_32_4_Gz.txt
c Hx: 60 x 136, Hz: 60 x 136, Gx: 32 x 136, Gz: 32 x 136, logicals: 64
c d_lb: 4
c d_ub: 4
c d  : 4
o 4
