c DistQLDPC — QLDPC/CSS minimum distance (symplectic MaxSAT)
c solver: MaxCDCL, cardinality encoding: MTO only
c Hx: data/matrices/LP_136_32_4_Hx.txt
c Hz: data/matrices/LP_136_32_4_Hz.txt
c Gx: data/matrices/LP_136_32_4_Gx.txt
c Gz: data/matrices/LP_136_32_4_Gz.txt
c Hx: 60 x 136, Hz: 60 x 136, Gx: 32 x 136, Gz: 32 x 136, logicals: 64
c Mono: 0, fixed: 0
c |  Eliminated clauses:           0.02 Mb                                      |
c Reduced to 474 vars, 2434 cls (c/v ratio==5.1, grow=0)
c No iterative elimination performed. (vars=474, c/v ratio=5.1)
c ============================[ Search Statistics ]==============================
c | Conflicts |          ORIGINAL         |          LEARNT          | Progress |
c |           |    Vars  Clauses Literals |    Limit  Clauses Lit/Cl |          |
c ===============================================================================
c nb soft clauses: 136, of which 136 unit, 0 nonUnit and 0 empty
c total nb of literals: 9144
c conflLits 0, conflLits2 0, nbFailedLits 0, fixedVarsBypreproc 0, totalFixedVars 92
c 1 conflict sets found with length 83
c fixedCost 0, nbSatLits 0, totalFixedVars 92, objForSearch: 136

c no UB provided, search from scratch...
c ends of initiationization by VSIDS at 0 conflicts with init 10000

c UB=1 fails, cnfls=0, hcnfls=0, core 0, tier2 0, local 0, quasiC: 0 (fixed: 0)
c prunedLB 0.00, dev 0.00, succRate 0.00, nbSucc 0, nbHardens 1 (fixed 136), lk: 1, shorten: 0, pureSo 0, nbFlyRd 0, nbFixedLH 0

c Cardinality: 405 (MTO) for UB 2
c ***** top quasi confl at level 0*****
c ends of initiationization by VSIDS at 25 conflicts with init 9975

c UB=2 fails, cnfls=25, hcnfls=25, core 21, tier2 2, local 3, quasiC: 1 (fixed: 37)
c prunedLB 0.00, dev 0.00, succRate 0.00, nbSucc 0, nbHardens 1 (fixed 173), lk: 1, shorten: 0, pureSo 0, nbFlyRd 1, nbFixedLH 0

c Cardinality: 871 (MTO) for UB 4
c ends of initiationization by VSIDS at 658 conflicts with init 9367

c UB=4 fails, cnfls=658, hcnfls=490, core 319, tier2 77, local 332, quasiC: 29 (fixed: 949)
c prunedLB 2.85, dev 0.61, succRate 0.72, nbSucc 155, nbHardens 36 (fixed 3098), lk: 216, shorten: 0, pureSo 14, nbFlyRd 42, nbFixedLH 8

c Cardinality: 1176 (MTO) for UB 8
c UB=8 succs, confls=944, hconfls=503, core 122, tier2 106, local 77,  6 soft cls unsat (0 at L0), 92 fixed vars at L0, softCnfl 16, nbFlyRd 51, nbFixedLH 8
c nbHardens 37 (fixed 3218), shorten: 0, prunedLB 3.87, dev 0.39, succRate 0.97, nbSucc 271, lk: 280, shorten: 0, quasiC: 29 (fixed: 949)

c ends of initiationization by VSIDS at 944 conflicts with init 9714


c Cardinality: 1177 (MTO) for UB 6
c nbFailedLits 0, nbI 0, fixedVarsByFL 0, totalFixedVars 92, nbTested: 1001, counter 37501
c UB=6 succs, confls=2006, hconfls=707, core 851, tier2 45, local 606,  4 soft cls unsat (0 at L0), 92 fixed vars at L0, softCnfl 51, nbFlyRd 94, nbFixedLH 15
c nbHardens 92 (fixed 8590), shorten: 0, prunedLB 2.60, dev 0.60, succRate 0.98, nbSucc 823, lk: 840, shorten: 0, quasiC: 33 (fixed: 1155)

c LRB phase 1: conflicts 1062, phase 20000000, starts 7, UP 29255
c UB=4 fails, cnfls=2006, hcnfls=707, core 851, tier2 45, local 606, quasiC: 33 (fixed: 1155)
c prunedLB 0.00, dev 0.00, succRate 0.00, nbSucc 0, nbHardens 92 (fixed 8590), lk: 0, shorten: 0, pureSo 51, nbFlyRd 94, nbFixedLH 15
c ===============================================================================
c initCost: 0, fixedBySearch: 0, optimal: 4, maxsat: 132, hardConflicts: 707
c nbLK: 1338, nbSuccLK: 1249(93.35%), nbLKup: 231950(171.30%), hardens 92 (fixed 8590), dynVars 1094, shorten: 0
c CSS split: X half OPTIMAL, weight 4 (reported cost 4), vars 1962 (base 136 + aux 700)
c Mono: 0, fixed: 0
c |  Eliminated clauses:           0.02 Mb                                      |
c Reduced to 476 vars, 2434 cls (c/v ratio==5.1, grow=0)
c No iterative elimination performed. (vars=476, c/v ratio=5.1)
c ============================[ Search Statistics ]==============================
c | Conflicts |          ORIGINAL         |          LEARNT          | Progress |
c |           |    Vars  Clauses Literals |    Limit  Clauses Lit/Cl |          |
c ===============================================================================
c nb soft clauses: 136, of which 136 unit, 0 nonUnit and 0 empty
c total nb of literals: 9128
c conflLits 0, conflLits2 0, nbFailedLits 0, fixedVarsBypreproc 0, totalFixedVars 92
c 1 conflict sets found with length 83
c fixedCost 0, nbSatLits 0, totalFixedVars 92, objForSearch: 136

c no UB provided, search from scratch...
c ends of initiationization by VSIDS at 0 conflicts with init 10000

c UB=1 fails, cnfls=0, hcnfls=0, core 0, tier2 0, local 0, quasiC: 0 (fixed: 0)
c prunedLB 0.00, dev 0.00, succRate 0.00, nbSucc 0, nbHardens 1 (fixed 136), lk: 1, shorten: 0, pureSo 0, nbFlyRd 0, nbFixedLH 0

c Cardinality: 405 (MTO) for UB 2
c ends of initiationization by VSIDS at 26 conflicts with init 9974

c UB=2 fails, cnfls=26, hcnfls=26, core 18, tier2 1, local 7, quasiC: 0 (fixed: 0)
c prunedLB 0.00, dev 0.00, succRate 0.00, nbSucc 0, nbHardens 1 (fixed 136), lk: 0, shorten: 0, pureSo 0, nbFlyRd 2, nbFixedLH 0

c Cardinality: 871 (MTO) for UB 4
c nbFailedLits 0, nbI 0, fixedVarsByFL 0, totalFixedVars 96, nbTested: 877, counter 32029
c ends of initiationization by VSIDS at 2910 conflicts with init 7116

c UB=4 fails, cnfls=2910, hcnfls=2565, core 1347, tier2 155, local 904, quasiC: 8 (fixed: 466)
c prunedLB 2.82, dev 0.39, succRate 0.84, nbSucc 179, nbHardens 915 (fixed 95998), lk: 212, shorten: 0, pureSo 167, nbFlyRd 222, nbFixedLH 27

c Cardinality: 1176 (MTO) for UB 8
c UB=8 succs, confls=3142, hconfls=2581, core 29, tier2 34, local 187,  6 soft cls unsat (0 at L0), 92 fixed vars at L0, softCnfl 167, nbFlyRd 227, nbFixedLH 27
c nbHardens 920 (fixed 96451), shorten: 0, prunedLB 3.10, dev 0.53, succRate 0.95, nbSucc 216, lk: 228, shorten: 0, quasiC: 9 (fixed: 525)

c ends of initiationization by VSIDS at 3142 conflicts with init 9768


c Cardinality: 1177 (MTO) for UB 6
c UB=6 succs, confls=3375, hconfls=2756, core 175, tier2 61, local 344,  4 soft cls unsat (0 at L0), 92 fixed vars at L0, softCnfl 171, nbFlyRd 235, nbFixedLH 30
c nbHardens 921 (fixed 96720), shorten: 0, prunedLB 3.70, dev 0.85, succRate 0.65, nbSucc 54, lk: 83, shorten: 0, quasiC: 16 (fixed: 776)

c LRB phase 1: conflicts 233, phase 20000000, starts 3, UP 30231
c UB=4 fails, cnfls=3375, hcnfls=2756, core 175, tier2 61, local 344, quasiC: 16 (fixed: 776)
c prunedLB 0.00, dev 0.00, succRate 0.00, nbSucc 0, nbHardens 921 (fixed 96720), lk: 0, shorten: 0, pureSo 171, nbFlyRd 235, nbFixedLH 30
c ===============================================================================
c initCost: 0, fixedBySearch: 0, optimal: 4, maxsat: 132, hardConflicts: 2756
c nbLK: 524, nbSuccLK: 449(85.69%), nbLKup: 121316(29.05%), hardens 921 (fixed 96720), dynVars 1094, shorten: 0
c CSS split: Z half OPTIMAL, weight 4 (reported cost 4), vars 1962 (base 136 + aux 700)
c CSS split: dX=4 dZ=4 d=min=4
c DistQLDPC — QLDPC/CSS minimum distance (symplectic MaxSAT)
c solver: MaxCDCL, cardinality encoding: MTO only
c Hx: data/matrices/LP_136_32_4_Hx.txt
c Hz: data/matrices/LP_136_32_4_Hz.txt
c Gx: data/matrices/LP_136_32_4_Gx.txt
c Gz: data/matrices/LP_136_32_4_Gz.txt
c Hx: 60 x 136, Hz: 60 x 136, Gx: 32 x 136, Gz: 32 x 136, logicals: 64
c d_lb: 4
c d_ub: 4
c d  : 4
o 4
