c DistQLDPC — QLDPC/CSS minimum distance (symplectic MaxSAT)
c solver: MaxCDCL, cardinality encoding: off (soft-conflict only)
c Hx: data/matrices/LP_34_20_2_Hx.txt
c Hz: data/matrices/LP_34_20_2_Hz.txt
c Gx: data/matrices/LP_34_20_2_Gx.txt
c Gz: data/matrices/LP_34_20_2_Gz.txt
c Hx: 15 x 34, Hz: 15 x 34, Gx: 20 x 34, Gz: 20 x 34, logicals: 40
c Mono: 0, fixed: 0
c |  Eliminated clauses:           0.00 Mb                                      |
c Reduced to 99 vars, 442 cls (c/v ratio==4.5, grow=0)
c No iterative elimination performed. (vars=99, c/v ratio=4.5)
c ============================[ Search Statistics ]==============================
c | Conflicts |          ORIGINAL         |          LEARNT          | Progress |
c |           |    Vars  Clauses Literals |    Limit  Clauses Lit/Cl |          |
c ===============================================================================
c nb soft clauses: 34, of which 34 unit, 0 nonUnit and 0 empty
c total nb of literals: 1614
c conflLits 0, conflLits2 0, nbFailedLits 0, fixedVarsBypreproc 0, totalFixedVars 35
c 1 conflict sets found with length 26
c fixedCost 0, nbSatLits 0, totalFixedVars 35, objForSearch: 34

c no UB provided, search from scratch...
c ends of initiationization by VSIDS at 0 conflicts with init 10000

c UB=1 fails, cnfls=0, hcnfls=0, core 0, tier2 0, local 0, quasiC: 0 (fixed: 0)
c prunedLB 0.00, dev 0.00, succRate 0.00, nbSucc 0, nbHardens 1 (fixed 34), lk: 1, shorten: 0, pureSo 0, nbFlyRd 0, nbFixedLH 0

c Cardinality: off (soft-conflict only), UB 2
c ***** top quasi confl at level 0*****
c ends of initiationization by VSIDS at 38 conflicts with init 9962

c UB=2 fails, cnfls=38, hcnfls=25, core 111, tier2 6, local 5, quasiC: 1 (fixed: 5)
c prunedLB 0.00, dev 0.00, succRate 0.00, nbSucc 0, nbHardens 20 (fixed 387), lk: 1, shorten: 0, pureSo 13, nbFlyRd 13, nbFixedLH 0

c Cardinality: off (soft-conflict only), UB 4
c UB=4 succs, confls=38, hconfls=25, core 0, tier2 0, local 0,  2 soft cls unsat (0 at L0), 35 fixed vars at L0, softCnfl 13, nbFlyRd 13, nbFixedLH 0
c nbHardens 20 (fixed 387), shorten: 0, prunedLB 0.00, dev 0.00, succRate 0.00, nbSucc 0, lk: 0, shorten: 0, quasiC: 1 (fixed: 5)

c ends of initiationization by VSIDS at 38 conflicts with init 10000

c UB=2 fails, cnfls=38, hcnfls=25, core 0, tier2 0, local 0, quasiC: 1 (fixed: 5)
c prunedLB 0.00, dev 0.00, succRate 0.00, nbSucc 0, nbHardens 20 (fixed 387), lk: 0, shorten: 0, pureSo 13, nbFlyRd 13, nbFixedLH 0
c ===============================================================================
c initCost: 0, fixedBySearch: 0, optimal: 2, maxsat: 32, hardConflicts: 25
c nbLK: 2, nbSuccLK: 0(0.00%), nbLKup: 198(20.33%), hardens 20 (fixed 387), dynVars 0, shorten: 0
c CSS split: X half OPTIMAL, weight 2 (reported cost 2), vars 199 (base 34 + aux 145)
c Mono: 0, fixed: 0
c |  Eliminated clauses:           0.00 Mb                                      |
c Reduced to 99 vars, 442 cls (c/v ratio==4.5, grow=0)
c No iterative elimination performed. (vars=99, c/v ratio=4.5)
c ============================[ Search Statistics ]==============================
c | Conflicts |          ORIGINAL         |          LEARNT          | Progress |
c |           |    Vars  Clauses Literals |    Limit  Clauses Lit/Cl |          |
c ===============================================================================
c nb soft clauses: 34, of which 34 unit, 0 nonUnit and 0 empty
c total nb of literals: 1614
c conflLits 0, conflLits2 0, nbFailedLits 0, fixedVarsBypreproc 0, totalFixedVars 35
c 1 conflict sets found with length 26
c fixedCost 0, nbSatLits 0, totalFixedVars 35, objForSearch: 34

c no UB provided, search from scratch...
c ends of initiationization by VSIDS at 0 conflicts with init 10000

c UB=1 fails, cnfls=0, hcnfls=0, core 0, tier2 0, local 0, quasiC: 0 (fixed: 0)
c prunedLB 0.00, dev 0.00, succRate 0.00, nbSucc 0, nbHardens 1 (fixed 34), lk: 1, shorten: 0, pureSo 0, nbFlyRd 0, nbFixedLH 0

c Cardinality: off (soft-conflict only), UB 2
c ends of initiationization by VSIDS at 68 conflicts with init 9932

c UB=2 fails, cnfls=68, hcnfls=41, core 155, tier2 3, local 14, quasiC: 0 (fixed: 0)
c prunedLB 0.00, dev 0.00, succRate 0.00, nbSucc 0, nbHardens 27 (fixed 528), lk: 0, shorten: 0, pureSo 27, nbFlyRd 16, nbFixedLH 0

c Cardinality: off (soft-conflict only), UB 4
c UB=4 succs, confls=68, hconfls=41, core 0, tier2 0, local 0,  2 soft cls unsat (0 at L0), 35 fixed vars at L0, softCnfl 27, nbFlyRd 16, nbFixedLH 0
c nbHardens 27 (fixed 528), shorten: 0, prunedLB 0.00, dev 0.00, succRate 0.00, nbSucc 0, lk: 0, shorten: 0, quasiC: 0 (fixed: 0)

c ends of initiationization by VSIDS at 68 conflicts with init 10000

c UB=2 fails, cnfls=68, hcnfls=41, core 0, tier2 0, local 0, quasiC: 0 (fixed: 0)
c prunedLB 0.00, dev 0.00, succRate 0.00, nbSucc 0, nbHardens 27 (fixed 528), lk: 0, shorten: 0, pureSo 27, nbFlyRd 16, nbFixedLH 0
c ===============================================================================
c initCost: 0, fixedBySearch: 0, optimal: 2, maxsat: 32, hardConflicts: 41
c nbLK: 1, nbSuccLK: 0(0.00%), nbLKup: 97(4.82%), hardens 27 (fixed 528), dynVars 0, shorten: 0
c CSS split: Z half OPTIMAL, weight 2 (reported cost 2), vars 199 (base 34 + aux 145)
c CSS split: dX=2 dZ=2 d=min=2
c DistQLDPC — QLDPC/CSS minimum distance (symplectic MaxSAT)
c solver: MaxCDCL, cardinality encoding: off (soft-conflict only)
c Hx: data/matrices/LP_34_20_2_Hx.txt
c Hz: data/matrices/LP_34_20_2_Hz.txt
c Gx: data/matrices/LP_34_20_2_Gx.txt
c Gz: data/matrices/LP_34_20_2_Gz.txt
c Hx: 15 x 34, Hz: 15 x 34, Gx: 20 x 34, Gz: 20 x 34, logicals: 40
c d_lb: 2
c d_ub: 2
c d  : 2
o 2
