c DistQLDPC — QLDPC/CSS minimum distance (symplectic MaxSAT)
c solver: MaxCDCL, cardinality encoding: MTO only
c Hx: data/matrices/BB_90_8_10_Hx.txt
c Hz: data/matrices/BB_90_8_10_Hz.txt
c Gx: data/matrices/BB_90_8_10_Gx.txt
c Gz: data/matrices/BB_90_8_10_Gz.txt
c Hx: 45 x 90, Hz: 45 x 90, Gx: 8 x 90, Gz: 8 x 90, logicals: 16
c Mono: 0, fixed: 0
c |  Eliminated clauses:           0.01 Mb                                      |
c Reduced to 238 vars, 1090 cls (c/v ratio==4.6, grow=0)
c No iterative elimination performed. (vars=238, c/v ratio=4.6)
c ============================[ Search Statistics ]==============================
c | Conflicts |          ORIGINAL         |          LEARNT          | Progress |
c |           |    Vars  Clauses Literals |    Limit  Clauses Lit/Cl |          |
c ===============================================================================
c nb soft clauses: 90, of which 90 unit, 0 nonUnit and 0 empty
c total nb of literals: 3994
c conflLits 0, conflLits2 0, nbFailedLits 0, fixedVarsBypreproc 0, totalFixedVars 53
c 1 conflict sets found with length 44
c fixedCost 0, nbSatLits 0, totalFixedVars 53, objForSearch: 90

c no UB provided, search from scratch...
c ends of initiationization by VSIDS at 0 conflicts with init 10000

c UB=1 fails, cnfls=0, hcnfls=0, core 0, tier2 0, local 0, quasiC: 0 (fixed: 0)
c prunedLB 0.00, dev 0.00, succRate 0.00, nbSucc 0, nbHardens 1 (fixed 90), lk: 1, shorten: 0, pureSo 0, nbFlyRd 0, nbFixedLH 0

c Cardinality: 267 (MTO) for UB 2
c ***** top quasi confl at level 0*****
c ends of initiationization by VSIDS at 4 conflicts with init 9996

c UB=2 fails, cnfls=4, hcnfls=4, core 2, tier2 0, local 0, quasiC: 1 (fixed: 35)
c prunedLB 0.00, dev 0.00, succRate 0.00, nbSucc 0, nbHardens 1 (fixed 125), lk: 1, shorten: 0, pureSo 0, nbFlyRd 1, nbFixedLH 0

c Cardinality: 563 (MTO) for UB 4
c ends of initiationization by VSIDS at 372 conflicts with init 9632

c UB=4 fails, cnfls=372, hcnfls=218, core 1030, tier2 28, local 119, quasiC: 1 (fixed: 35)
c prunedLB 2.48, dev 0.50, succRate 1.00, nbSucc 106, nbHardens 186 (fixed 11471), lk: 106, shorten: 0, pureSo 49, nbFlyRd 42, nbFixedLH 0

c Cardinality: 788 (MTO) for UB 8
c nbFailedLits 0, nbI 0, fixedVarsByFL 0, totalFixedVars 55, nbTested: 617, counter 11493
c ***** top quasi confl at level 0*****
c ends of initiationization by VSIDS at 3410 conflicts with init 6962

c UB=8 fails, cnfls=3410, hcnfls=314, core 1055, tier2 353, local 818, quasiC: 292 (fixed: 5593)
c prunedLB 4.64, dev 1.00, succRate 0.85, nbSucc 2909, nbHardens 206 (fixed 17726), lk: 3422, shorten: 0, pureSo 83, nbFlyRd 74, nbFixedLH 21

c Cardinality: 919 (MTO) for UB 16
c UB=16 succs, confls=3796, hconfls=347, core 25, tier2 5, local 361,  14 soft cls unsat (0 at L0), 53 fixed vars at L0, softCnfl 83, nbFlyRd 79, nbFixedLH 25
c nbHardens 208 (fixed 18525), shorten: 0, prunedLB 7.27, dev 1.60, succRate 0.77, nbSucc 353, lk: 458, shorten: 0, quasiC: 345 (fixed: 6310)

c ends of initiationization by VSIDS at 3796 conflicts with init 9614


c Cardinality: 920 (MTO) for UB 14
c UB=14 succs, confls=3984, hconfls=444, core 69, tier2 24, local 505,  12 soft cls unsat (0 at L0), 53 fixed vars at L0, softCnfl 85, nbFlyRd 89, nbFixedLH 45
c nbHardens 208 (fixed 18829), shorten: 0, prunedLB 7.19, dev 1.64, succRate 0.40, nbSucc 89, lk: 222, shorten: 0, quasiC: 365 (fixed: 6614)


c Cardinality: 920 (MTO) for UB 12
c UB=12 succs, confls=4134, hconfls=478, core 94, tier2 33, local 626,  10 soft cls unsat (0 at L0), 53 fixed vars at L0, softCnfl 88, nbFlyRd 92, nbFixedLH 48
c nbHardens 210 (fixed 19310), shorten: 0, prunedLB 5.38, dev 1.15, succRate 0.58, nbSucc 113, lk: 194, shorten: 0, quasiC: 387 (fixed: 7018)


c Cardinality: 921 (MTO) for UB 10
c nbFailedLits 0, nbI 0, fixedVarsByFL 0, totalFixedVars 53, nbTested: 1001, counter 50715
c nbFailedLits 0, nbI 0, fixedVarsByFL 0, totalFixedVars 53, nbTested: 1001, counter 96748
c nbFailedLits 0, nbI 0, fixedVarsByFL 0, totalFixedVars 61, nbTested: 1001, counter 170496
c ***** top quasi confl at level 0*****
c LRB phase 1: conflicts 11685, phase 20000000, starts 50, UP 217418
c UB=10 fails, cnfls=15481, hcnfls=864, core 3988, tier2 1881, local 3676, quasiC: 2644 (fixed: 42104)
c prunedLB 5.77, dev 1.21, succRate 0.69, nbSucc 10810, nbHardens 304 (fixed 57045), lk: 15638, shorten: 0, pureSo 240, nbFlyRd 183, nbFixedLH 164
c ===============================================================================
c initCost: 0, fixedBySearch: 0, optimal: 10, maxsat: 80, hardConflicts: 864
c nbLK: 20042, nbSuccLK: 14380(71.75%), nbLKup: 4093182(1482.34%), hardens 304 (fixed 57045), dynVars 1772, shorten: 0
c CSS split: X half OPTIMAL, weight 10 (reported cost 10), vars 2195 (base 90 + aux 325)
c Mono: 0, fixed: 0
c |  Eliminated clauses:           0.01 Mb                                      |
c Reduced to 239 vars, 1106 cls (c/v ratio==4.6, grow=0)
c No iterative elimination performed. (vars=239, c/v ratio=4.6)
c ============================[ Search Statistics ]==============================
c | Conflicts |          ORIGINAL         |          LEARNT          | Progress |
c |           |    Vars  Clauses Literals |    Limit  Clauses Lit/Cl |          |
c ===============================================================================
c nb soft clauses: 90, of which 90 unit, 0 nonUnit and 0 empty
c total nb of literals: 4066
c conflLits 0, conflLits2 0, nbFailedLits 0, fixedVarsBypreproc 0, totalFixedVars 53
c 1 conflict sets found with length 47
c fixedCost 0, nbSatLits 0, totalFixedVars 53, objForSearch: 90

c no UB provided, search from scratch...
c ends of initiationization by VSIDS at 0 conflicts with init 10000

c UB=1 fails, cnfls=0, hcnfls=0, core 0, tier2 0, local 0, quasiC: 0 (fixed: 0)
c prunedLB 0.00, dev 0.00, succRate 0.00, nbSucc 0, nbHardens 1 (fixed 90), lk: 1, shorten: 0, pureSo 0, nbFlyRd 0, nbFixedLH 0

c Cardinality: 267 (MTO) for UB 2
c ***** top quasi confl at level 0*****
c ends of initiationization by VSIDS at 4 conflicts with init 9996

c UB=2 fails, cnfls=4, hcnfls=3, core 2, tier2 0, local 0, quasiC: 1 (fixed: 33)
c prunedLB 2.00, dev 0.00, succRate 0.50, nbSucc 1, nbHardens 1 (fixed 123), lk: 2, shorten: 0, pureSo 0, nbFlyRd 1, nbFixedLH 0

c Cardinality: 563 (MTO) for UB 4
c ends of initiationization by VSIDS at 67 conflicts with init 9937

c UB=4 fails, cnfls=67, hcnfls=11, core 70, tier2 41, local 48, quasiC: 7 (fixed: 175)
c prunedLB 2.77, dev 0.54, succRate 0.80, nbSucc 52, nbHardens 3 (fixed 358), lk: 65, shorten: 0, pureSo 4, nbFlyRd 2, nbFixedLH 2

c Cardinality: 788 (MTO) for UB 8
c nbFailedLits 0, nbI 0, fixedVarsByFL 0, totalFixedVars 56, nbTested: 617, counter 12994
c ***** top quasi confl at level 0*****
c ends of initiationization by VSIDS at 2019 conflicts with init 8048

c UB=8 fails, cnfls=2019, hcnfls=74, core 1683, tier2 366, local 1024, quasiC: 303 (fixed: 5251)
c prunedLB 4.95, dev 1.04, succRate 0.74, nbSucc 1862, nbHardens 17 (fixed 5850), lk: 2502, shorten: 0, pureSo 32, nbFlyRd 31, nbFixedLH 20

c Cardinality: 919 (MTO) for UB 16
c UB=16 succs, confls=2196, hconfls=124, core 38, tier2 5, local 136,  14 soft cls unsat (0 at L0), 53 fixed vars at L0, softCnfl 33, nbFlyRd 34, nbFixedLH 20
c nbHardens 17 (fixed 6275), shorten: 0, prunedLB 7.56, dev 1.38, succRate 0.61, nbSucc 126, lk: 205, shorten: 0, quasiC: 329 (fixed: 5676)

c ends of initiationization by VSIDS at 2196 conflicts with init 9823


c Cardinality: 920 (MTO) for UB 14
c UB=14 succs, confls=2907, hconfls=274, core 154, tier2 169, local 752,  12 soft cls unsat (0 at L0), 53 fixed vars at L0, softCnfl 35, nbFlyRd 45, nbFixedLH 35
c nbHardens 20 (fixed 8050), shorten: 0, prunedLB 7.00, dev 1.32, succRate 0.66, nbSucc 559, lk: 848, shorten: 0, quasiC: 440 (fixed: 7386)


c Cardinality: 920 (MTO) for UB 12
c nbFailedLits 0, nbI 0, fixedVarsByFL 0, totalFixedVars 53, nbTested: 1001, counter 48460
c UB=12 succs, confls=3398, hconfls=305, core 267, tier2 5, local 1137,  10 soft cls unsat (0 at L0), 53 fixed vars at L0, softCnfl 48, nbFlyRd 56, nbFixedLH 39
c nbHardens 26 (fixed 9827), shorten: 0, prunedLB 5.80, dev 1.25, succRate 0.68, nbSucc 447, lk: 656, shorten: 0, quasiC: 541 (fixed: 8975)


c Cardinality: 921 (MTO) for UB 10
c nbFailedLits 0, nbI 0, fixedVarsByFL 0, totalFixedVars 54, nbTested: 1001, counter 91049
c nbFailedLits 0, nbI 0, fixedVarsByFL 0, totalFixedVars 56, nbTested: 1001, counter 169651
c LRB phase 1: conflicts 12221, phase 20000000, starts 53, UP 226130
c UB=10 fails, cnfls=14417, hcnfls=660, core 3817, tier2 1667, local 7324, quasiC: 2775 (fixed: 42682)
c prunedLB 5.74, dev 1.17, succRate 0.69, nbSucc 10530, nbHardens 93 (fixed 45372), lk: 15315, shorten: 0, pureSo 183, nbFlyRd 146, nbFixedLH 156
c ===============================================================================
c initCost: 0, fixedBySearch: 0, optimal: 10, maxsat: 80, hardConflicts: 660
c nbLK: 19594, nbSuccLK: 13577(69.29%), nbLKup: 4048369(1542.58%), hardens 93 (fixed 45372), dynVars 1772, shorten: 0
c CSS split: Z half OPTIMAL, weight 10 (reported cost 10), vars 2199 (base 90 + aux 329)
c CSS split: dX=10 dZ=10 d=min=10
c DistQLDPC — QLDPC/CSS minimum distance (symplectic MaxSAT)
c solver: MaxCDCL, cardinality encoding: MTO only
c Hx: data/matrices/BB_90_8_10_Hx.txt
c Hz: data/matrices/BB_90_8_10_Hz.txt
c Gx: data/matrices/BB_90_8_10_Gx.txt
c Gz: data/matrices/BB_90_8_10_Gz.txt
c Hx: 45 x 90, Hz: 45 x 90, Gx: 8 x 90, Gz: 8 x 90, logicals: 16
c d_lb: 10
c d_ub: 10
c d  : 10
o 10
