0000.gate.BB_144_12_12.no-card.0.baseline 0.507s o 12 load=1.23
0001.gate.BB_144_12_12.no-card.0.candidate 0.508s o 12 load=1.23
0002.gate.BB_144_12_12.no-card.1.candidate 0.510s o 12 load=1.23
0003.gate.BB_144_12_12.no-card.1.baseline 0.501s o 12 load=1.23
0004.gate.BB_144_12_12.no-card.2.baseline 0.512s o 12 load=1.23
0005.gate.BB_144_12_12.no-card.2.candidate 0.518s o 12 load=1.23
0006.gate.BB_144_12_12.card-mto.0.baseline 1.133s o 12 load=1.23
0007.gate.BB_144_12_12.card-mto.0.candidate 0.486s o 12 load=1.23
0008.gate.BB_144_12_12.card-mto.1.candidate 0.498s o 12 load=1.21
0009.gate.BB_144_12_12.card-mto.1.baseline 1.135s o 12 load=1.21
0010.gate.BB_144_12_12.card-mto.2.baseline 1.145s o 12 load=1.21
0011.gate.BB_144_12_12.card-mto.2.candidate 0.496s o 12 load=1.21
{
 "stopped": null,
 "n_samples": 12,
 "finished": "2026-10-11T06:48:43+0800",
 "binary_sha256_after": {
  "baseline": "6bdcaa2523cdcbeae5164cedbf54c9ac0f9e64f9a91c3da7ef4b804df393db9d",
  "candidate": "820145fb859c587a70a3377f01d7f1d34f81488c3bc1872e277702e616cddf7f"
 },
 "input_sha256_after_ok": true
}
gate no-card geomean 1.0053 envelope 1.03336 positive False flags []
gate card-mto geomean 0.43707 envelope 0.43972 positive True flags []
exit=0
