0000.gate.LP_442_68_10.no-card.0.baseline 32.515s o 10 load=1.11
0001.gate.LP_442_68_10.no-card.0.candidate 10.292s o 10 load=1.22
0002.gate.LP_442_68_10.no-card.1.candidate 10.290s o 10 load=1.18
0003.gate.LP_442_68_10.no-card.1.baseline 32.533s o 10 load=1.16
0004.gate.LP_442_68_10.no-card.2.baseline 32.599s o 10 load=1.67
0005.gate.LP_442_68_10.no-card.2.candidate 10.422s o 10 load=1.53
0006.gate.LP_442_68_10.card-mto.0.baseline 20.626s o 10 load=1.52
0007.gate.LP_442_68_10.card-mto.0.candidate 20.712s o 10 load=1.61
0008.gate.LP_442_68_10.card-mto.1.candidate 20.712s o 10 load=1.57
0009.gate.LP_442_68_10.card-mto.1.baseline 20.690s o 10 load=1.48
0010.gate.LP_442_68_10.card-mto.2.baseline 20.665s o 10 load=1.54
0011.gate.LP_442_68_10.card-mto.2.candidate 20.703s o 10 load=1.58
{
 "stopped": null,
 "n_samples": 12,
 "finished": "2026-10-11T06:12:38+0800",
 "binary_sha256_after": {
  "baseline": "6bdcaa2523cdcbeae5164cedbf54c9ac0f9e64f9a91c3da7ef4b804df393db9d",
  "candidate": "820145fb859c587a70a3377f01d7f1d34f81488c3bc1872e277702e616cddf7f"
 },
 "input_sha256_after_ok": true
}
gate no-card geomean 0.31634 envelope 0.32055 positive True flags []
gate card-mto geomean 1.00226 envelope 1.00415 positive False flags ['LP_442_68_10']
exit=0
