LITVALS_CHECK mismatch lit 223
c DistQLDPC — QLDPC/CSS minimum distance (symplectic MaxSAT)
c solver: MaxCDCL, cardinality encoding: off (soft-conflict only)
c Hx: data/matrices/BB_108_8_10_Hx.txt
c Hz: data/matrices/BB_108_8_10_Hz.txt
c Gx: data/matrices/BB_108_8_10_Gx.txt
c Gz: data/matrices/BB_108_8_10_Gz.txt
c Hx: 54 x 108, Hz: 54 x 108, Gx: 8 x 108, Gz: 8 x 108, logicals: 16
c DistQLDPC — QLDPC/CSS minimum distance (symplectic MaxSAT)
c solver: MaxCDCL, cardinality encoding: off (soft-conflict only)
c Hx: data/matrices/BB_108_8_10_Hx.txt
c Hz: data/matrices/BB_108_8_10_Hz.txt
c Gx: data/matrices/BB_108_8_10_Gx.txt
c Gz: data/matrices/BB_108_8_10_Gz.txt
c Hx: 54 x 108, Hz: 54 x 108, Gx: 8 x 108, Gz: 8 x 108, logicals: 16
c d_lb: -
c d_ub: -
c status: UNKNOWN
c d  : UNKNOWN
s UNKNOWN
