{
  "utc": 1791505278.4380534,
  "read_only": true,
  "source_sha": "f771183a6dbeb3f81aebf9bdd8b14bdf6aef7544b58c35bdd1e57a5881981142",
  "owned_leader": {
    "pid": 3487384,
    "group": 3487384,
    "session": 3487384,
    "birth": 136241480
  },
  "owned_leader_absent": true,
  "remaining_owned_session": [],
  "helper_status": {
    "event": "status",
    "utc": 1791505278.4299264,
    "active": false,
    "lease": null,
    "partition": null
  },
  "helper_status_raw": "{\"event\": \"status\", \"utc\": 1791505278.4299264, \"active\": false, \"lease\": null, \"partition\": null}\n",
  "helper_stderr": "",
  "helper_returncode": 0,
  "group_absent": true,
  "actual_root_cpuset_effective": "0-255",
  "actual_cpu_affinity": [
    0
  ],
  "core_files": []
}
