0000.gate.BB_90_8_10.no-card.0.baseline 1.801s o 10 load=1.70
0001.gate.BB_90_8_10.no-card.0.candidate 2.173s o 10 load=1.65
0002.gate.BB_90_8_10.no-card.1.candidate 2.135s o 10 load=1.65
0003.gate.BB_90_8_10.no-card.1.baseline 1.805s o 10 load=1.60
0004.gate.BB_90_8_10.no-card.2.baseline 1.808s o 10 load=1.60
0005.gate.BB_90_8_10.no-card.2.candidate 2.129s o 10 load=1.60
0006.replicate.BB_90_8_10.no-card.0.baseline 1.800s o 10 load=1.63
0007.replicate.BB_90_8_10.no-card.0.candidate 2.134s o 10 load=1.63
0008.replicate.BB_90_8_10.no-card.1.candidate 2.160s o 10 load=1.58
0009.replicate.BB_90_8_10.no-card.1.baseline 1.809s o 10 load=1.58
0010.replicate.BB_90_8_10.no-card.2.baseline 1.810s o 10 load=1.58
0011.replicate.BB_90_8_10.no-card.2.candidate 2.135s o 10 load=1.61
0012.replicate.BB_90_8_10.no-card.3.candidate 2.136s o 10 load=1.61
0013.replicate.BB_90_8_10.no-card.3.baseline 1.812s o 10 load=1.56
0014.replicate.BB_90_8_10.no-card.4.baseline 1.815s o 10 load=1.56
0015.replicate.BB_90_8_10.no-card.4.candidate 2.153s o 10 load=1.56
0016.replicate.BB_90_8_10.no-card.5.candidate 2.172s o 10 load=1.52
0017.replicate.BB_90_8_10.no-card.5.baseline 1.814s o 10 load=1.52
0018.replicate.BB_90_8_10.no-card.6.baseline 1.818s o 10 load=1.48
0019.replicate.BB_90_8_10.no-card.6.candidate 2.162s o 10 load=1.48
0020.replicate.BB_90_8_10.no-card.7.candidate 2.161s o 10 load=1.48
0021.replicate.BB_90_8_10.no-card.7.baseline 1.848s o 10 load=1.68
0022.replicate.BB_90_8_10.no-card.8.baseline 1.833s o 10 load=1.68
0023.replicate.BB_90_8_10.no-card.8.candidate 2.186s o 10 load=2.02
0024.replicate.BB_90_8_10.no-card.9.candidate 2.173s o 10 load=2.02
0025.replicate.BB_90_8_10.no-card.9.baseline 1.854s o 10 load=2.02
0026.gate.BB_90_8_10.card-mto.0.baseline 1.642s o 10 load=2.02
0027.gate.BB_90_8_10.card-mto.0.candidate 2.416s o 10 load=2.02
0028.gate.BB_90_8_10.card-mto.1.candidate 2.422s o 10 load=2.10
0029.gate.BB_90_8_10.card-mto.1.baseline 1.643s o 10 load=2.10
0030.gate.BB_90_8_10.card-mto.2.baseline 1.647s o 10 load=2.10
0031.gate.BB_90_8_10.card-mto.2.candidate 2.425s o 10 load=2.41
0032.replicate.BB_90_8_10.card-mto.0.baseline 1.644s o 10 load=2.41
0033.replicate.BB_90_8_10.card-mto.0.candidate 2.426s o 10 load=2.38
0034.replicate.BB_90_8_10.card-mto.1.candidate 2.436s o 10 load=2.38
0035.replicate.BB_90_8_10.card-mto.1.baseline 1.670s o 10 load=2.35
0036.replicate.BB_90_8_10.card-mto.2.baseline 1.638s o 10 load=2.35
0037.replicate.BB_90_8_10.card-mto.2.candidate 2.425s o 10 load=2.35
0038.replicate.BB_90_8_10.card-mto.3.candidate 2.432s o 10 load=2.40
0039.replicate.BB_90_8_10.card-mto.3.baseline 1.662s o 10 load=2.40
0040.replicate.BB_90_8_10.card-mto.4.baseline 1.650s o 10 load=2.45
0041.replicate.BB_90_8_10.card-mto.4.candidate 2.439s o 10 load=2.45
0042.replicate.BB_90_8_10.card-mto.5.candidate 2.434s o 10 load=2.45
0043.replicate.BB_90_8_10.card-mto.5.baseline 1.655s o 10 load=2.57
0044.replicate.BB_90_8_10.card-mto.6.baseline 1.653s o 10 load=2.57
0045.replicate.BB_90_8_10.card-mto.6.candidate 2.445s o 10 load=2.53
0046.replicate.BB_90_8_10.card-mto.7.candidate 2.435s o 10 load=2.53
0047.replicate.BB_90_8_10.card-mto.7.baseline 1.648s o 10 load=2.48
0048.replicate.BB_90_8_10.card-mto.8.baseline 1.646s o 10 load=2.48
0049.replicate.BB_90_8_10.card-mto.8.candidate 2.461s o 10 load=2.48
0050.replicate.BB_90_8_10.card-mto.9.candidate 2.475s o 10 load=2.52
0051.replicate.BB_90_8_10.card-mto.9.baseline 1.647s o 10 load=2.52
0052.gate.GB_144_12_8.no-card.0.baseline 0.660s o 8 load=2.64
0053.gate.GB_144_12_8.no-card.0.candidate 0.577s o 8 load=2.64
0054.gate.GB_144_12_8.no-card.1.candidate 0.567s o 8 load=2.64
0055.gate.GB_144_12_8.no-card.1.baseline 0.661s o 8 load=2.64
0056.gate.GB_144_12_8.no-card.2.baseline 0.661s o 8 load=2.64
0057.gate.GB_144_12_8.no-card.2.candidate 0.565s o 8 load=2.64
0058.replicate.GB_144_12_8.no-card.0.baseline 0.658s o 8 load=2.64
0059.replicate.GB_144_12_8.no-card.0.candidate 0.564s o 8 load=2.64
0060.replicate.GB_144_12_8.no-card.1.candidate 0.565s o 8 load=2.91
0061.replicate.GB_144_12_8.no-card.1.baseline 0.654s o 8 load=2.91
0062.replicate.GB_144_12_8.no-card.2.baseline 0.658s o 8 load=2.91
0063.replicate.GB_144_12_8.no-card.2.candidate 0.563s o 8 load=2.91
0064.replicate.GB_144_12_8.no-card.3.candidate 0.566s o 8 load=2.91
0065.replicate.GB_144_12_8.no-card.3.baseline 0.659s o 8 load=2.91
0066.replicate.GB_144_12_8.no-card.4.baseline 0.663s o 8 load=2.91
0067.replicate.GB_144_12_8.no-card.4.candidate 0.566s o 8 load=2.91
0068.replicate.GB_144_12_8.no-card.5.candidate 0.562s o 8 load=2.84
0069.replicate.GB_144_12_8.no-card.5.baseline 0.657s o 8 load=2.84
0070.replicate.GB_144_12_8.no-card.6.baseline 0.680s o 8 load=2.84
0071.replicate.GB_144_12_8.no-card.6.candidate 0.570s o 8 load=2.84
0072.replicate.GB_144_12_8.no-card.7.candidate 0.569s o 8 load=2.84
0073.replicate.GB_144_12_8.no-card.7.baseline 0.673s o 8 load=2.84
0074.replicate.GB_144_12_8.no-card.8.baseline 0.656s o 8 load=2.84
0075.replicate.GB_144_12_8.no-card.8.candidate 0.558s o 8 load=2.84
0076.replicate.GB_144_12_8.no-card.9.candidate 0.580s o 8 load=2.77
0077.replicate.GB_144_12_8.no-card.9.baseline 0.656s o 8 load=2.77
0078.gate.GB_144_12_8.card-mto.0.baseline 1.106s o 8 load=2.77
0079.gate.GB_144_12_8.card-mto.0.candidate 0.526s o 8 load=2.77
0080.gate.GB_144_12_8.card-mto.1.candidate 0.534s o 8 load=2.77
0081.gate.GB_144_12_8.card-mto.1.baseline 1.113s o 8 load=2.77
0082.gate.GB_144_12_8.card-mto.2.baseline 1.120s o 8 load=2.77
0083.gate.GB_144_12_8.card-mto.2.candidate 0.529s o 8 load=2.71
0084.replicate.GB_144_12_8.card-mto.0.baseline 1.109s o 8 load=2.71
0085.replicate.GB_144_12_8.card-mto.0.candidate 0.524s o 8 load=2.71
0086.replicate.GB_144_12_8.card-mto.1.candidate 0.528s o 8 load=2.71
0087.replicate.GB_144_12_8.card-mto.1.baseline 1.111s o 8 load=2.71
0088.replicate.GB_144_12_8.card-mto.2.baseline 1.112s o 8 load=2.71
0089.replicate.GB_144_12_8.card-mto.2.candidate 0.528s o 8 load=2.65
0090.replicate.GB_144_12_8.card-mto.3.candidate 0.528s o 8 load=2.65
0091.replicate.GB_144_12_8.card-mto.3.baseline 1.116s o 8 load=2.65
0092.replicate.GB_144_12_8.card-mto.4.baseline 1.105s o 8 load=2.65
0093.replicate.GB_144_12_8.card-mto.4.candidate 0.529s o 8 load=2.65
0094.replicate.GB_144_12_8.card-mto.5.candidate 0.523s o 8 load=2.65
0095.replicate.GB_144_12_8.card-mto.5.baseline 1.107s o 8 load=2.60
0096.replicate.GB_144_12_8.card-mto.6.baseline 1.105s o 8 load=2.60
0097.replicate.GB_144_12_8.card-mto.6.candidate 0.529s o 8 load=2.60
0098.replicate.GB_144_12_8.card-mto.7.candidate 0.529s o 8 load=2.60
0099.replicate.GB_144_12_8.card-mto.7.baseline 1.110s o 8 load=2.60
0100.replicate.GB_144_12_8.card-mto.8.baseline 1.115s o 8 load=2.60
0101.replicate.GB_144_12_8.card-mto.8.candidate 0.534s o 8 load=2.55
0102.replicate.GB_144_12_8.card-mto.9.candidate 0.534s o 8 load=2.55
0103.replicate.GB_144_12_8.card-mto.9.baseline 1.117s o 8 load=2.55
0104.gate.BB_108_8_10.no-card.0.baseline 2.307s o 10 load=2.55
0105.gate.BB_108_8_10.no-card.0.candidate 2.881s o 10 load=2.51
0106.gate.BB_108_8_10.no-card.1.candidate 2.883s o 10 load=2.51
0107.gate.BB_108_8_10.no-card.1.baseline 2.296s o 10 load=2.39
0108.gate.BB_108_8_10.no-card.2.baseline 2.280s o 10 load=2.39
0109.gate.BB_108_8_10.no-card.2.candidate 2.873s o 10 load=2.27
0110.replicate.BB_108_8_10.no-card.0.baseline 2.292s o 10 load=2.27
0111.replicate.BB_108_8_10.no-card.0.candidate 2.860s o 10 load=2.17
0112.replicate.BB_108_8_10.no-card.1.candidate 2.873s o 10 load=2.17
0113.replicate.BB_108_8_10.no-card.1.baseline 2.281s o 10 load=2.24
0114.replicate.BB_108_8_10.no-card.2.baseline 2.280s o 10 load=2.24
0115.replicate.BB_108_8_10.no-card.2.candidate 2.864s o 10 load=2.14
0116.replicate.BB_108_8_10.no-card.3.candidate 2.881s o 10 load=2.14
0117.replicate.BB_108_8_10.no-card.3.baseline 2.277s o 10 load=2.13
0118.replicate.BB_108_8_10.no-card.4.baseline 2.289s o 10 load=2.13
0119.replicate.BB_108_8_10.no-card.4.candidate 2.865s o 10 load=2.12
0120.replicate.BB_108_8_10.no-card.5.candidate 2.875s o 10 load=2.12
0121.replicate.BB_108_8_10.no-card.5.baseline 2.276s o 10 load=2.11
0122.replicate.BB_108_8_10.no-card.6.baseline 2.282s o 10 load=2.11
0123.replicate.BB_108_8_10.no-card.6.candidate 2.870s o 10 load=2.02
0124.replicate.BB_108_8_10.no-card.7.candidate 2.870s o 10 load=2.02
0125.replicate.BB_108_8_10.no-card.7.baseline 2.284s o 10 load=1.94
0126.replicate.BB_108_8_10.no-card.8.baseline 2.285s o 10 load=1.94
0127.replicate.BB_108_8_10.no-card.8.candidate 2.881s o 10 load=1.86
0128.replicate.BB_108_8_10.no-card.9.candidate 2.877s o 10 load=1.79
0129.replicate.BB_108_8_10.no-card.9.baseline 2.304s o 10 load=1.79
0130.gate.BB_108_8_10.card-mto.0.baseline 2.320s o 10 load=1.73
0131.gate.BB_108_8_10.card-mto.0.candidate 3.076s o 10 load=1.73
0132.gate.BB_108_8_10.card-mto.1.candidate 3.088s o 10 load=1.67
0133.gate.BB_108_8_10.card-mto.1.baseline 2.323s o 10 load=1.67
0134.gate.BB_108_8_10.card-mto.2.baseline 2.329s o 10 load=1.62
0135.gate.BB_108_8_10.card-mto.2.candidate 3.077s o 10 load=1.62
0136.replicate.BB_108_8_10.card-mto.0.baseline 2.322s o 10 load=1.57
0137.replicate.BB_108_8_10.card-mto.0.candidate 3.075s o 10 load=1.57
0138.replicate.BB_108_8_10.card-mto.1.candidate 3.080s o 10 load=1.68
0139.replicate.BB_108_8_10.card-mto.1.baseline 2.355s o 10 load=1.63
0140.replicate.BB_108_8_10.card-mto.2.baseline 2.327s o 10 load=1.63
0141.replicate.BB_108_8_10.card-mto.2.candidate 3.073s o 10 load=1.63
0142.replicate.BB_108_8_10.card-mto.3.candidate 3.083s o 10 load=1.58
0143.replicate.BB_108_8_10.card-mto.3.baseline 2.323s o 10 load=1.61
0144.replicate.BB_108_8_10.card-mto.4.baseline 2.328s o 10 load=1.61
0145.replicate.BB_108_8_10.card-mto.4.candidate 3.090s o 10 load=1.72
0146.replicate.BB_108_8_10.card-mto.5.candidate 3.083s o 10 load=1.72
0147.replicate.BB_108_8_10.card-mto.5.baseline 2.321s o 10 load=1.66
0148.replicate.BB_108_8_10.card-mto.6.baseline 2.321s o 10 load=1.66
0149.replicate.BB_108_8_10.card-mto.6.candidate 3.093s o 10 load=1.69
0150.replicate.BB_108_8_10.card-mto.7.candidate 3.086s o 10 load=1.69
0151.replicate.BB_108_8_10.card-mto.7.baseline 2.328s o 10 load=1.63
0152.replicate.BB_108_8_10.card-mto.8.baseline 2.328s o 10 load=1.63
0153.replicate.BB_108_8_10.card-mto.8.candidate 3.080s o 10 load=1.58
0154.replicate.BB_108_8_10.card-mto.9.candidate 3.080s o 10 load=1.70
0155.replicate.BB_108_8_10.card-mto.9.baseline 2.321s o 10 load=1.70
0156.gate.LP_238_44_6.no-card.0.baseline 1.195s o 6 load=1.64
0157.gate.LP_238_44_6.no-card.0.candidate 0.537s o 6 load=1.64
0158.gate.LP_238_44_6.no-card.1.candidate 0.541s o 6 load=1.64
0159.gate.LP_238_44_6.no-card.1.baseline 1.192s o 6 load=1.64
0160.gate.LP_238_44_6.no-card.2.baseline 1.202s o 6 load=1.64
0161.gate.LP_238_44_6.no-card.2.candidate 0.539s o 6 load=1.59
0162.replicate.LP_238_44_6.no-card.0.baseline 1.197s o 6 load=1.59
0163.replicate.LP_238_44_6.no-card.0.candidate 0.541s o 6 load=1.59
0164.replicate.LP_238_44_6.no-card.1.candidate 0.549s o 6 load=1.59
0165.replicate.LP_238_44_6.no-card.1.baseline 1.195s o 6 load=1.59
0166.replicate.LP_238_44_6.no-card.2.baseline 1.204s o 6 load=1.59
0167.replicate.LP_238_44_6.no-card.2.candidate 0.538s o 6 load=1.54
0168.replicate.LP_238_44_6.no-card.3.candidate 0.547s o 6 load=1.54
0169.replicate.LP_238_44_6.no-card.3.baseline 1.196s o 6 load=1.54
0170.replicate.LP_238_44_6.no-card.4.baseline 1.194s o 6 load=1.54
0171.replicate.LP_238_44_6.no-card.4.candidate 0.540s o 6 load=1.54
0172.replicate.LP_238_44_6.no-card.5.candidate 0.546s o 6 load=1.54
0173.replicate.LP_238_44_6.no-card.5.baseline 1.198s o 6 load=1.50
0174.replicate.LP_238_44_6.no-card.6.baseline 1.208s o 6 load=1.50
0175.replicate.LP_238_44_6.no-card.6.candidate 0.544s o 6 load=1.50
0176.replicate.LP_238_44_6.no-card.7.candidate 0.543s o 6 load=1.50
0177.replicate.LP_238_44_6.no-card.7.baseline 1.194s o 6 load=1.50
0178.replicate.LP_238_44_6.no-card.8.baseline 1.203s o 6 load=1.46
0179.replicate.LP_238_44_6.no-card.8.candidate 0.538s o 6 load=1.46
0180.replicate.LP_238_44_6.no-card.9.candidate 0.537s o 6 load=1.46
0181.replicate.LP_238_44_6.no-card.9.baseline 1.197s o 6 load=1.46
0182.gate.LP_238_44_6.card-mto.0.baseline 1.143s o 6 load=1.46
0183.gate.LP_238_44_6.card-mto.0.candidate 0.645s o 6 load=1.46
0184.gate.LP_238_44_6.card-mto.1.candidate 0.641s o 6 load=1.50
0185.gate.LP_238_44_6.card-mto.1.baseline 1.144s o 6 load=1.50
0186.gate.LP_238_44_6.card-mto.2.baseline 1.139s o 6 load=1.50
0187.gate.LP_238_44_6.card-mto.2.candidate 0.628s o 6 load=1.50
0188.replicate.LP_238_44_6.card-mto.0.baseline 1.140s o 6 load=1.50
0189.replicate.LP_238_44_6.card-mto.0.candidate 0.634s o 6 load=1.62
0190.replicate.LP_238_44_6.card-mto.1.candidate 0.633s o 6 load=1.62
0191.replicate.LP_238_44_6.card-mto.1.baseline 1.134s o 6 load=1.62
0192.replicate.LP_238_44_6.card-mto.2.baseline 1.142s o 6 load=1.62
0193.replicate.LP_238_44_6.card-mto.2.candidate 0.638s o 6 load=1.62
0194.replicate.LP_238_44_6.card-mto.3.candidate 0.636s o 6 load=1.62
0195.replicate.LP_238_44_6.card-mto.3.baseline 1.145s o 6 load=1.57
0196.replicate.LP_238_44_6.card-mto.4.baseline 1.138s o 6 load=1.57
0197.replicate.LP_238_44_6.card-mto.4.candidate 0.643s o 6 load=1.57
0198.replicate.LP_238_44_6.card-mto.5.candidate 0.629s o 6 load=1.57
0199.replicate.LP_238_44_6.card-mto.5.baseline 1.144s o 6 load=1.57
0200.replicate.LP_238_44_6.card-mto.6.baseline 1.147s o 6 load=1.57
0201.replicate.LP_238_44_6.card-mto.6.candidate 0.639s o 6 load=1.69
0202.replicate.LP_238_44_6.card-mto.7.candidate 0.632s o 6 load=1.69
0203.replicate.LP_238_44_6.card-mto.7.baseline 1.135s o 6 load=1.69
0204.replicate.LP_238_44_6.card-mto.8.baseline 1.141s o 6 load=1.69
0205.replicate.LP_238_44_6.card-mto.8.candidate 0.631s o 6 load=1.69
0206.replicate.LP_238_44_6.card-mto.9.candidate 0.633s o 6 load=1.63
0207.replicate.LP_238_44_6.card-mto.9.baseline 1.138s o 6 load=1.63
{
 "stopped": null,
 "n_samples": 208,
 "finished": "2026-10-09T18:11:15+0800",
 "binary_sha256_after": {
  "baseline": "3f2fbc4215e17c4a5b5e62d1f10f99619bdf6efaea7881acb46157effe78c9dc",
  "candidate": "1bf025c2680eba4ca4c73ff481ef362493b0b165e7a2122b27bf62e37d163458"
 },
 "input_sha256_after_ok": true
}
gate no-card geomean 0.87071 envelope 0.88181 positive False flags ['BB_90_8_10', 'BB_108_8_10']
gate card-mto geomean 0.8495 envelope 0.856 positive False flags ['BB_90_8_10', 'BB_108_8_10']
replicate no-card geomean 0.87366 envelope 0.88958 positive False flags ['BB_90_8_10', 'BB_108_8_10']
replicate card-mto geomean 0.84838 envelope 0.86206 positive False flags ['BB_90_8_10', 'BB_108_8_10']
exit=0
