OK  BB_1080_4_54 card-sinz TIMEOUT None 60.035 | TIMEOUT None 60.029 []
OK  BB_1080_4_54 card-mto TIMEOUT None 60.043 | TIMEOUT None 60.036 []
OK  BB_1080_4_54 default TIMEOUT None 60.038 | TIMEOUT None 60.04 []
OK  BB_1080_4_54 no-card TIMEOUT None 60.041 | TIMEOUT None 60.04 []
OK  BB_108_8_10 no-card done 10 4.499 | done 10 2.306 []
OK  BB_108_8_10 card-mto done 10 5.719 | done 10 2.464 []
OK  BB_108_8_10 default done 10 6.003 | done 10 2.456 []
OK  BB_108_8_10 card-sinz done 10 6.659 | done 10 3.277 []
OK  BB_144_12_12 no-card done 12 36.568 | done 12 13.306 []
OK  BB_144_12_12 default done 12 44.021 | done 12 12.787 []
OK  BB_144_12_12 card-mto done 12 45.318 | done 12 12.902 []
OK  BB_144_12_12 card-sinz TIMEOUT None 60.013 | done 12 17.542 []
OK  BB_144_14_14 default TIMEOUT None 60.019 | TIMEOUT None 60.015 []
OK  BB_144_14_14 no-card TIMEOUT None 60.017 | TIMEOUT None 60.033 []
OK  BB_144_14_14 card-mto TIMEOUT None 60.026 | TIMEOUT None 60.027 []
OK  BB_144_14_14 card-sinz TIMEOUT None 60.025 | TIMEOUT None 60.019 []
OK  BB_288_12_unknown default TIMEOUT None 60.025 | TIMEOUT None 60.027 []
OK  BB_288_12_unknown no-card TIMEOUT None 60.026 | TIMEOUT None 60.015 []
OK  BB_288_12_unknown card-mto TIMEOUT None 60.019 | TIMEOUT None 60.025 []
OK  BB_288_12_unknown card-sinz TIMEOUT None 60.02 | TIMEOUT None 60.027 []
OK  BB_360_12_unknown default TIMEOUT None 60.022 | TIMEOUT None 60.029 []
OK  BB_72_12_6 default done 6 0.1 | done 6 0.083 []
OK  BB_72_12_6 no-card done 6 0.101 | done 6 0.07 []
OK  BB_72_12_6 card-mto done 6 0.142 | done 6 0.078 []
OK  BB_72_12_6 card-sinz done 6 0.119 | done 6 0.122 []
OK  BB_360_12_unknown no-card TIMEOUT None 60.024 | TIMEOUT None 60.019 []
OK  BB_360_12_unknown card-mto TIMEOUT None 60.026 | TIMEOUT None 60.023 []
OK  BB_360_12_unknown card-sinz TIMEOUT None 60.028 | TIMEOUT None 60.023 []
OK  BB_756_16_34 default TIMEOUT None 60.026 | TIMEOUT None 60.039 []
OK  BB_756_16_34 no-card TIMEOUT None 60.034 | TIMEOUT None 60.028 []
OK  BB_756_16_34 card-mto TIMEOUT None 60.031 | TIMEOUT None 60.036 []
OK  BB_756_16_34 card-sinz TIMEOUT None 60.035 | TIMEOUT None 60.028 []
OK  BB_864_4_40 default TIMEOUT None 60.035 | TIMEOUT None 60.035 []
OK  BB_864_4_40 no-card TIMEOUT None 60.026 | TIMEOUT None 60.026 []
OK  BB_90_8_10 default done 10 4.707 | done 10 2.502 []
OK  BB_864_4_40 card-mto TIMEOUT None 60.043 | TIMEOUT None 60.035 []
OK  BB_90_8_10 no-card done 10 3.763 | done 10 1.91 []
OK  BB_90_8_10 card-mto done 10 4.478 | done 10 1.919 []
OK  BB_90_8_10 card-sinz done 10 5.183 | done 10 2.497 []
OK  BB_864_4_40 card-sinz TIMEOUT None 60.036 | TIMEOUT None 60.031 []
OK  GB_144_12_12 default TIMEOUT None 60.019 | TIMEOUT None 60.014 []
OK  GB_144_12_8 default done 8 2.012 | done 8 0.698 []
OK  GB_144_12_12 no-card TIMEOUT None 60.017 | TIMEOUT None 60.014 []
OK  GB_144_12_8 no-card done 8 1.542 | done 8 0.445 []
OK  GB_144_12_12 card-mto TIMEOUT None 60.023 | TIMEOUT None 60.016 []
OK  LP_136_32_4 default done 4 0.335 | done 4 0.129 []
OK  GB_144_12_8 card-mto done 8 1.908 | done 8 0.707 []
OK  LP_136_32_4 no-card done 4 0.223 | done 4 0.101 []
OK  LP_136_32_4 card-sinz done 4 0.26 | done 4 0.12 []
OK  LP_136_32_4 card-mto done 4 0.324 | done 4 0.127 []
OK  GB_144_12_8 card-sinz done 8 2.497 | done 8 0.678 []
OK  GB_144_12_12 card-sinz TIMEOUT None 60.026 | TIMEOUT None 60.024 []
OK  LP_1768_224_unknown default TIMEOUT None 60.068 | TIMEOUT None 60.072 []
OK  LP_1768_224_unknown no-card TIMEOUT None 60.073 | TIMEOUT None 60.076 []
OK  LP_1768_224_unknown card-mto TIMEOUT None 60.049 | TIMEOUT None 60.046 []
OK  LP_238_44_6 no-card done 6 2.994 | done 6 0.766 []
OK  LP_238_44_6 default done 6 3.46 | done 6 1.121 []
OK  LP_238_44_6 card-mto done 6 3.527 | done 6 1.122 []
OK  LP_238_44_6 card-sinz done 6 4.157 | done 6 1.435 []
OK  LP_1768_224_unknown card-sinz TIMEOUT None 60.065 | TIMEOUT None 60.069 []
OK  LP_340_56_8 default TIMEOUT None 60.024 | done 8 7.322 []
OK  LP_34_20_2 default done 2 0.021 | done 2 0.018 []
OK  LP_34_20_2 no-card done 2 0.02 | done 2 0.017 []
OK  LP_34_20_2 card-mto done 2 0.019 | done 2 0.019 []
OK  LP_34_20_2 card-sinz done 2 0.02 | done 2 0.019 []
OK  LP_340_56_8 no-card TIMEOUT None 60.027 | done 8 6.239 []
OK  LP_340_56_8 card-mto TIMEOUT None 60.03 | done 8 7.231 []
OK  LP_340_56_8 card-sinz TIMEOUT None 60.021 | done 8 8.972 []
OK  LP_442_68_10 default TIMEOUT None 60.022 | TIMEOUT None 60.028 []
OK  LP_442_68_10 no-card TIMEOUT None 60.027 | TIMEOUT None 60.022 []
OK  LP_442_68_10 card-mto TIMEOUT None 60.021 | TIMEOUT None 60.03 []
OK  LP_442_68_10 card-sinz TIMEOUT None 60.027 | TIMEOUT None 60.029 []
OK  LP_544_80_12 default TIMEOUT None 60.03 | TIMEOUT None 60.025 []
OK  LP_544_80_12 no-card TIMEOUT None 60.027 | TIMEOUT None 60.026 []
OK  LP_544_80_12 card-mto TIMEOUT None 60.026 | TIMEOUT None 60.025 []
OK  LP_544_80_12 card-sinz TIMEOUT None 60.026 | TIMEOUT None 60.029 []
OK  LP_714_100_unknown default TIMEOUT None 60.038 | TIMEOUT None 60.037 []
OK  LP_714_100_unknown no-card TIMEOUT None 60.035 | TIMEOUT None 60.026 []
OK  LP_714_100_unknown card-mto TIMEOUT None 60.027 | TIMEOUT None 60.03 []
OK  LP_714_100_unknown card-sinz TIMEOUT None 60.029 | TIMEOUT None 60.03 []
OK  PK_31 default TIMEOUT None 60.051 | TIMEOUT None 60.05 []
OK  PK_31 no-card TIMEOUT None 60.042 | TIMEOUT None 60.041 []
OK  PK_31 card-mto TIMEOUT None 60.047 | TIMEOUT None 60.048 []
OK  PK_31 card-sinz TIMEOUT None 60.042 | TIMEOUT None 60.03 []
OK  TN_108_2_12 default TIMEOUT None 60.021 | done 12 36.527 []
OK  TN_108_2_12 no-card done 12 58.403 | done 12 38.957 []
OK  TN_108_2_12 card-mto TIMEOUT None 60.018 | done 12 35.317 []
OK  TN_108_2_12 card-sinz TIMEOUT None 60.021 | done 12 41.638 []
OK  TN_144_2_13 default TIMEOUT None 60.022 | TIMEOUT None 60.017 []
OK  TN_144_2_13 no-card TIMEOUT None 60.02 | TIMEOUT None 60.017 []
OK  TN_144_2_13 card-mto TIMEOUT None 60.019 | TIMEOUT None 60.021 []
OK  TN_144_2_13 card-sinz TIMEOUT None 60.02 | TIMEOUT None 60.02 []
OK  TN_180_2_17 default TIMEOUT None 60.02 | TIMEOUT None 60.02 []
OK  TN_180_2_17 no-card TIMEOUT None 60.018 | TIMEOUT None 60.019 []
OK  TN_180_2_17 card-mto TIMEOUT None 60.021 | TIMEOUT None 60.024 []
OK  TN_180_2_17 card-sinz TIMEOUT None 60.022 | TIMEOUT None 60.019 []
OK  TN_200_10_10 no-card done 10 36.987 | done 10 23.531 []
OK  TN_200_10_10 card-sinz TIMEOUT None 60.019 | done 10 22.438 []
OK  TN_200_10_10 default TIMEOUT None 60.016 | TIMEOUT None 60.019 []
OK  TN_200_10_10 card-mto TIMEOUT None 60.025 | TIMEOUT None 60.022 []
OK  TN_216_4_18 default TIMEOUT None 60.023 | TIMEOUT None 60.018 []
OK  TN_216_4_18 no-card TIMEOUT None 60.023 | TIMEOUT None 60.016 []
OK  TN_216_4_18 card-mto TIMEOUT None 60.027 | TIMEOUT None 60.029 []
OK  TN_216_4_18 card-sinz TIMEOUT None 60.02 | TIMEOUT None 60.024 []
OK  TN_250_10_15 default TIMEOUT None 60.026 | TIMEOUT None 60.02 []
OK  TN_250_10_15 no-card TIMEOUT None 60.021 | TIMEOUT None 60.015 []
OK  TN_250_10_15 card-mto TIMEOUT None 60.02 | TIMEOUT None 60.027 []
OK  TN_250_10_15 card-sinz TIMEOUT None 60.026 | TIMEOUT None 60.019 []
OK  TN_252_2_21 default TIMEOUT None 60.021 | TIMEOUT None 60.026 []
OK  TN_252_2_21 no-card TIMEOUT None 60.02 | TIMEOUT None 60.022 []
OK  TN_252_2_21 card-mto TIMEOUT None 60.026 | TIMEOUT None 60.022 []
OK  TN_252_2_21 card-sinz TIMEOUT None 60.019 | TIMEOUT None 60.015 []
OK  TN_288_2_24 default TIMEOUT None 60.025 | TIMEOUT None 60.018 []
OK  TN_288_2_24 no-card TIMEOUT None 60.019 | TIMEOUT None 60.024 []
OK  TN_288_2_24 card-mto TIMEOUT None 60.023 | TIMEOUT None 60.022 []
OK  TN_288_2_24 card-sinz TIMEOUT None 60.027 | TIMEOUT None 60.018 []
OK  TN_324_4_25 default TIMEOUT None 60.028 | TIMEOUT None 60.018 []
OK  TN_324_4_25 no-card TIMEOUT None 60.025 | TIMEOUT None 60.014 []
OK  TN_324_4_25 card-mto TIMEOUT None 60.022 | TIMEOUT None 60.025 []
OK  TN_324_4_25 card-sinz TIMEOUT None 60.022 | TIMEOUT None 60.026 []
OK  TN_360_4_24 default TIMEOUT None 60.021 | TIMEOUT None 60.023 []
OK  TN_36_8_3 default done 3 0.02 | done 3 0.019 []
OK  TN_36_8_3 no-card done 3 0.029 | done 3 0.02 []
OK  TN_36_8_3 card-mto done 3 0.019 | done 3 0.028 []
OK  TN_36_8_3 card-sinz done 3 0.021 | done 3 0.018 []
OK  TN_36_8_4 default done 4 0.039 | done 4 0.038 []
OK  TN_36_8_4 no-card done 4 0.05 | done 4 0.036 []
OK  TN_36_8_4 card-mto done 4 0.06 | done 4 0.039 []
OK  TN_36_8_4 card-sinz done 4 0.039 | done 4 0.029 []
OK  TN_360_4_24 no-card TIMEOUT None 60.024 | TIMEOUT None 60.016 []
OK  TN_360_4_24 card-mto TIMEOUT None 60.02 | TIMEOUT None 60.023 []
OK  TN_360_4_24 card-sinz TIMEOUT None 60.02 | TIMEOUT None 60.018 []
OK  TN_396_4_26 default TIMEOUT None 60.022 | TIMEOUT None 60.018 []
OK  TN_396_4_26 no-card TIMEOUT None 60.015 | TIMEOUT None 60.019 []
OK  TN_396_4_26 card-mto TIMEOUT None 60.023 | TIMEOUT None 60.024 []
OK  TN_396_4_26 card-sinz TIMEOUT None 60.025 | TIMEOUT None 60.022 []
OK  TN_432_8_33 default TIMEOUT None 60.027 | TIMEOUT None 60.027 []
OK  TN_432_8_33 no-card TIMEOUT None 60.026 | TIMEOUT None 60.026 []
OK  TN_432_8_33 card-mto TIMEOUT None 60.017 | TIMEOUT None 60.026 []
OK  TN_432_8_33 card-sinz TIMEOUT None 60.026 | TIMEOUT None 60.024 []
OK  TN_468_4_31 default TIMEOUT None 60.027 | TIMEOUT None 60.021 []
OK  TN_468_4_31 no-card TIMEOUT None 60.02 | TIMEOUT None 60.027 []
OK  TN_468_4_31 card-mto TIMEOUT None 60.025 | TIMEOUT None 60.021 []
OK  TN_468_4_31 card-sinz TIMEOUT None 60.022 | TIMEOUT None 60.025 []
OK  TN_496_2_32 default TIMEOUT None 60.02 | TIMEOUT None 60.02 []
OK  TN_496_2_32 no-card TIMEOUT None 60.022 | TIMEOUT None 60.024 []
OK  TN_496_2_32 card-mto TIMEOUT None 60.027 | TIMEOUT None 60.021 []
OK  TN_496_2_32 card-sinz TIMEOUT None 60.025 | TIMEOUT None 60.027 []
OK  TN_504_2_45 default TIMEOUT None 60.024 | TIMEOUT None 60.032 []
OK  TN_504_2_45 no-card TIMEOUT None 60.029 | TIMEOUT None 60.031 []
OK  TN_504_2_45 card-mto TIMEOUT None 60.023 | TIMEOUT None 60.026 []
OK  TN_504_2_45 card-sinz TIMEOUT None 60.024 | TIMEOUT None 60.025 []
OK  TN_540_4_40 default TIMEOUT None 60.03 | TIMEOUT None 60.031 []
OK  TN_54_11_4 default done 4 0.052 | done 4 0.03 []
OK  TN_54_11_4 no-card done 4 0.04 | done 4 0.041 []
OK  TN_54_11_4 card-mto done 4 0.04 | done 4 0.05 []
OK  TN_54_11_4 card-sinz done 4 0.06 | done 4 0.04 []
OK  TN_540_4_40 no-card TIMEOUT None 60.028 | TIMEOUT None 60.025 []
OK  TN_540_4_40 card-mto TIMEOUT None 60.027 | TIMEOUT None 60.022 []
OK  TN_540_4_40 card-sinz TIMEOUT None 60.027 | TIMEOUT None 60.031 []
OK  TN_576_2_57 default TIMEOUT None 60.029 | TIMEOUT None 60.026 []
OK  TN_576_2_57 no-card TIMEOUT None 60.021 | TIMEOUT None 60.024 []
OK  TN_576_2_57 card-mto TIMEOUT None 60.02 | TIMEOUT None 60.027 []
OK  TN_576_2_57 card-sinz TIMEOUT None 60.023 | TIMEOUT None 60.031 []
OK  TN_576_2_59 default TIMEOUT None 60.02 | TIMEOUT None 60.028 []
OK  TN_576_2_59 no-card TIMEOUT None 60.025 | TIMEOUT None 60.026 []
OK  TN_576_2_59 card-mto TIMEOUT None 60.029 | TIMEOUT None 60.028 []
OK  TN_576_2_59 card-sinz TIMEOUT None 60.031 | TIMEOUT None 60.032 []
OK  TN_612_2_52 default TIMEOUT None 60.033 | TIMEOUT None 60.026 []
OK  TN_612_2_52 no-card TIMEOUT None 60.019 | TIMEOUT None 60.027 []
OK  TN_612_2_52 card-mto TIMEOUT None 60.025 | TIMEOUT None 60.033 []
OK  TN_612_2_52 card-sinz TIMEOUT None 60.034 | TIMEOUT None 60.03 []
OK  TN_648_10_71 default TIMEOUT None 60.025 | TIMEOUT None 60.023 []
OK  TN_648_10_71 no-card TIMEOUT None 60.028 | TIMEOUT None 60.019 []
OK  TN_648_10_71 card-mto TIMEOUT None 60.03 | TIMEOUT None 60.025 []
OK  TN_648_10_71 card-sinz TIMEOUT None 60.025 | TIMEOUT None 60.028 []
OK  TN_648_14_50 default TIMEOUT None 60.036 | TIMEOUT None 60.031 []
OK  TN_648_14_50 no-card TIMEOUT None 60.022 | TIMEOUT None 60.031 []
OK  TN_648_14_50 card-mto TIMEOUT None 60.037 | TIMEOUT None 60.025 []
OK  TN_648_14_50 card-sinz TIMEOUT None 60.028 | TIMEOUT None 60.026 []
OK  TN_684_2_29 default TIMEOUT None 60.033 | TIMEOUT None 60.028 []
OK  TN_72_14_4 default done 4 0.073 | done 4 0.051 []
OK  TN_72_14_4 no-card done 4 0.062 | done 4 0.051 []
OK  TN_72_14_4 card-mto done 4 0.061 | done 4 0.071 []
OK  TN_72_14_4 card-sinz done 4 0.091 | done 4 0.038 []
OK  TN_72_8_8 default done 8 1.679 | done 8 0.48 []
OK  TN_72_8_8 no-card done 8 1.392 | done 8 0.353 []
OK  TN_72_8_8 card-mto done 8 1.352 | done 8 0.467 []
OK  TN_72_8_8 card-sinz done 8 1.128 | done 8 0.439 []
OK  TN_684_2_29 no-card TIMEOUT None 60.025 | TIMEOUT None 60.027 []
OK  TN_684_2_29 card-mto TIMEOUT None 60.032 | TIMEOUT None 60.031 []
OK  TN_684_2_29 card-sinz TIMEOUT None 60.024 | TIMEOUT None 60.025 []
OK  xu_30 default TIMEOUT None 60.048 | TIMEOUT None 60.041 []
OK  xu_30 no-card TIMEOUT None 60.041 | TIMEOUT None 60.036 []
OK  xu_30 card-mto TIMEOUT None 60.044 | TIMEOUT None 60.041 []
OK  xu_30 card-sinz TIMEOUT None 60.032 | TIMEOUT None 60.044 []
OK  xu_42 default TIMEOUT None 60.067 | TIMEOUT None 60.052 []
OK  xu_42 no-card TIMEOUT None 60.064 | TIMEOUT None 60.058 []
OK  xu_42 card-mto TIMEOUT None 60.063 | TIMEOUT None 60.061 []
OK  xu_42 card-sinz TIMEOUT None 60.054 | TIMEOUT None 60.054 []
{"both_done": 53, "only_cand_done": 9, "only_base_done": 0, "problems": 0} ALL_OK
