OK  BB_1080_4_54 card-sinz TIMEOUT None 60.264 | TIMEOUT None 60.261 []
OK  BB_1080_4_54 default TIMEOUT None 60.266 | TIMEOUT None 60.261 []
OK  BB_1080_4_54 card-mto TIMEOUT None 60.276 | TIMEOUT None 60.253 []
OK  BB_1080_4_54 no-card TIMEOUT None 60.276 | TIMEOUT None 60.254 []
OK  BB_108_8_10 card-sinz done 10 2.55 | done 10 1.115 []
OK  BB_108_8_10 no-card done 10 2.612 | done 10 1.056 []
OK  BB_108_8_10 card-mto done 10 2.655 | done 10 1.084 []
OK  BB_108_8_10 default done 10 2.657 | done 10 1.086 []
OK  BB_144_12_12 card-mto done 12 18.677 | done 12 6.634 []
OK  BB_144_12_12 default done 12 18.751 | done 12 6.679 []
OK  BB_144_12_12 no-card done 12 19.963 | done 12 7.332 []
OK  BB_144_12_12 card-sinz done 12 35.077 | done 12 8.665 []
OK  BB_144_14_14 default TIMEOUT None 60.019 | TIMEOUT None 60.011 []
OK  BB_144_14_14 no-card TIMEOUT None 60.019 | TIMEOUT None 60.006 []
OK  BB_144_14_14 card-mto TIMEOUT None 60.007 | TIMEOUT None 60.006 []
OK  BB_144_14_14 card-sinz TIMEOUT None 60.006 | TIMEOUT None 60.014 []
OK  BB_288_12_unknown default TIMEOUT None 60.015 | TIMEOUT None 60.016 []
OK  BB_288_12_unknown no-card TIMEOUT None 60.008 | TIMEOUT None 60.013 []
OK  BB_288_12_unknown card-mto TIMEOUT None 60.013 | TIMEOUT None 60.016 []
OK  BB_288_12_unknown card-sinz TIMEOUT None 60.01 | TIMEOUT None 60.012 []
OK  BB_360_12_unknown default TIMEOUT None 60.02 | TIMEOUT None 60.015 []
OK  BB_360_12_unknown no-card TIMEOUT None 60.018 | TIMEOUT None 60.013 []
OK  BB_72_12_6 default done 6 0.046 | done 6 0.033 []
OK  BB_72_12_6 no-card done 6 0.048 | done 6 0.017 []
OK  BB_72_12_6 card-mto done 6 0.057 | done 6 0.032 []
OK  BB_72_12_6 card-sinz done 6 0.06 | done 6 0.032 []
OK  BB_360_12_unknown card-mto TIMEOUT None 60.013 | TIMEOUT None 60.018 []
OK  BB_360_12_unknown card-sinz TIMEOUT None 60.012 | TIMEOUT None 60.018 []
OK  BB_756_16_34 default TIMEOUT None 60.007 | TIMEOUT None 60.016 []
OK  BB_756_16_34 no-card TIMEOUT None 60.008 | TIMEOUT None 60.019 []
OK  BB_756_16_34 card-mto TIMEOUT None 60.018 | TIMEOUT None 60.016 []
OK  BB_756_16_34 card-sinz TIMEOUT None 60.015 | TIMEOUT None 60.01 []
OK  BB_864_4_40 default TIMEOUT None 60.008 | TIMEOUT None 60.021 []
OK  BB_864_4_40 no-card TIMEOUT None 60.021 | TIMEOUT None 60.018 []
OK  BB_864_4_40 card-mto TIMEOUT None 60.008 | TIMEOUT None 60.016 []
OK  BB_90_8_10 no-card done 10 2.146 | done 10 0.681 []
OK  BB_90_8_10 default done 10 2.308 | done 10 1.044 []
OK  BB_90_8_10 card-mto done 10 1.898 | done 10 0.787 []
OK  BB_90_8_10 card-sinz done 10 2.175 | done 10 0.91 []
OK  BB_864_4_40 card-sinz TIMEOUT None 60.009 | TIMEOUT None 60.022 []
OK  GB_144_12_12 default TIMEOUT None 60.019 | TIMEOUT None 60.012 []
OK  GB_144_12_12 no-card TIMEOUT None 60.014 | TIMEOUT None 60.008 []
OK  GB_144_12_8 default done 8 1.282 | done 8 0.975 []
OK  GB_144_12_8 no-card done 8 0.768 | done 8 0.727 []
OK  GB_144_12_12 card-mto TIMEOUT None 60.012 | TIMEOUT None 60.014 []
OK  LP_136_32_4 default done 4 0.147 | done 4 0.089 []
OK  LP_136_32_4 no-card done 4 0.105 | done 4 0.074 []
OK  LP_136_32_4 card-mto done 4 0.144 | done 4 0.09 []
OK  LP_136_32_4 card-sinz done 4 0.127 | done 4 0.115 []
OK  GB_144_12_8 card-sinz done 8 0.894 | done 8 0.466 []
OK  GB_144_12_8 card-mto done 8 1.282 | done 8 0.98 []
OK  GB_144_12_12 card-sinz TIMEOUT None 60.017 | TIMEOUT None 60.011 []
OK  LP_1768_224_unknown default TIMEOUT None 60.018 | TIMEOUT None 60.023 []
OK  LP_1768_224_unknown no-card TIMEOUT None 60.014 | TIMEOUT None 60.026 []
OK  LP_1768_224_unknown card-mto TIMEOUT None 60.025 | TIMEOUT None 60.018 []
OK  LP_238_44_6 default done 6 1.338 | done 6 0.346 []
OK  LP_238_44_6 no-card done 6 1.394 | done 6 0.438 []
OK  LP_238_44_6 card-mto done 6 1.316 | done 6 0.341 []
OK  LP_238_44_6 card-sinz done 6 1.592 | done 6 0.862 []
OK  LP_1768_224_unknown card-sinz TIMEOUT None 60.018 | TIMEOUT None 60.023 []
OK  LP_340_56_8 no-card TIMEOUT None 60.009 | done 8 17.183 []
OK  LP_34_20_2 default done 2 0.014 | done 2 0.018 []
OK  LP_34_20_2 no-card done 2 0.018 | done 2 0.018 []
OK  LP_34_20_2 card-mto done 2 0.018 | done 2 0.018 []
OK  LP_34_20_2 card-sinz done 2 0.018 | done 2 0.018 []
OK  LP_340_56_8 default TIMEOUT None 60.011 | done 8 24.833 []
OK  LP_340_56_8 card-mto TIMEOUT None 60.013 | done 8 24.878 []
OK  LP_340_56_8 card-sinz TIMEOUT None 60.016 | done 8 51.808 []
OK  LP_442_68_10 default TIMEOUT None 60.015 | done 10 43.12 []
OK  LP_442_68_10 card-mto TIMEOUT None 60.012 | done 10 43.286 []
OK  LP_442_68_10 no-card TIMEOUT None 60.02 | TIMEOUT None 60.02 []
OK  LP_442_68_10 card-sinz TIMEOUT None 60.01 | TIMEOUT None 60.008 []
OK  LP_544_80_12 default TIMEOUT None 60.007 | TIMEOUT None 60.007 []
OK  LP_544_80_12 no-card TIMEOUT None 60.016 | TIMEOUT None 60.02 []
OK  LP_544_80_12 card-mto TIMEOUT None 60.01 | TIMEOUT None 60.011 []
OK  LP_544_80_12 card-sinz TIMEOUT None 60.008 | TIMEOUT None 60.012 []
OK  LP_714_100_unknown default TIMEOUT None 60.01 | TIMEOUT None 60.021 []
OK  LP_714_100_unknown no-card TIMEOUT None 60.017 | TIMEOUT None 60.015 []
OK  LP_714_100_unknown card-mto TIMEOUT None 60.008 | TIMEOUT None 60.012 []
OK  LP_714_100_unknown card-sinz TIMEOUT None 60.015 | TIMEOUT None 60.016 []
OK  PK_31 default TIMEOUT None 60.024 | TIMEOUT None 60.021 []
OK  PK_31 no-card TIMEOUT None 60.01 | TIMEOUT None 60.014 []
OK  PK_31 card-mto TIMEOUT None 60.025 | TIMEOUT None 60.015 []
OK  TN_108_2_12 default done 12 29.53 | done 12 17.567 []
OK  TN_108_2_12 no-card done 12 31.957 | done 12 15.339 []
OK  PK_31 card-sinz TIMEOUT None 60.018 | TIMEOUT None 60.021 []
OK  TN_108_2_12 card-mto done 12 29.348 | done 12 17.582 []
OK  TN_108_2_12 card-sinz done 12 41.378 | done 12 36.182 []
OK  TN_144_2_13 default TIMEOUT None 60.008 | TIMEOUT None 60.005 []
OK  TN_144_2_13 no-card TIMEOUT None 60.008 | TIMEOUT None 60.011 []
OK  TN_144_2_13 card-mto TIMEOUT None 60.013 | TIMEOUT None 60.014 []
OK  TN_144_2_13 card-sinz TIMEOUT None 60.015 | TIMEOUT None 60.009 []
OK  TN_180_2_17 default TIMEOUT None 60.011 | TIMEOUT None 60.014 []
OK  TN_180_2_17 no-card TIMEOUT None 60.012 | TIMEOUT None 60.011 []
OK  TN_180_2_17 card-mto TIMEOUT None 60.015 | TIMEOUT None 60.016 []
OK  TN_180_2_17 card-sinz TIMEOUT None 60.004 | TIMEOUT None 60.008 []
OK  TN_200_10_10 default done 10 12.14 | TIMEOUT None 60.02 []
OK  TN_200_10_10 card-mto done 10 12.116 | TIMEOUT None 60.016 []
OK  TN_200_10_10 no-card TIMEOUT None 60.007 | TIMEOUT None 60.007 []
OK  TN_200_10_10 card-sinz TIMEOUT None 60.017 | TIMEOUT None 60.01 []
OK  TN_216_4_18 default TIMEOUT None 60.011 | TIMEOUT None 60.006 []
OK  TN_216_4_18 no-card TIMEOUT None 60.013 | TIMEOUT None 60.009 []
OK  TN_216_4_18 card-mto TIMEOUT None 60.01 | TIMEOUT None 60.021 []
OK  TN_216_4_18 card-sinz TIMEOUT None 60.019 | TIMEOUT None 60.013 []
OK  TN_250_10_15 default TIMEOUT None 60.011 | TIMEOUT None 60.02 []
OK  TN_250_10_15 no-card TIMEOUT None 60.006 | TIMEOUT None 60.02 []
OK  TN_250_10_15 card-mto TIMEOUT None 60.01 | TIMEOUT None 60.015 []
OK  TN_250_10_15 card-sinz TIMEOUT None 60.011 | TIMEOUT None 60.011 []
OK  TN_252_2_21 default TIMEOUT None 60.008 | TIMEOUT None 60.008 []
OK  TN_252_2_21 no-card TIMEOUT None 60.014 | TIMEOUT None 60.012 []
OK  TN_252_2_21 card-mto TIMEOUT None 60.018 | TIMEOUT None 60.016 []
OK  TN_252_2_21 card-sinz TIMEOUT None 60.014 | TIMEOUT None 60.015 []
OK  TN_288_2_24 default TIMEOUT None 60.008 | TIMEOUT None 60.009 []
OK  TN_288_2_24 no-card TIMEOUT None 60.016 | TIMEOUT None 60.02 []
OK  TN_288_2_24 card-mto TIMEOUT None 60.006 | TIMEOUT None 60.031 []
OK  TN_288_2_24 card-sinz TIMEOUT None 60.009 | TIMEOUT None 60.013 []
OK  TN_324_4_25 default TIMEOUT None 60.008 | TIMEOUT None 60.014 []
OK  TN_324_4_25 no-card TIMEOUT None 60.009 | TIMEOUT None 60.019 []
OK  TN_324_4_25 card-mto TIMEOUT None 60.009 | TIMEOUT None 60.015 []
OK  TN_324_4_25 card-sinz TIMEOUT None 60.012 | TIMEOUT None 60.011 []
OK  TN_360_4_24 default TIMEOUT None 60.018 | TIMEOUT None 60.012 []
OK  TN_36_8_3 default done 3 0.019 | done 3 0.018 []
OK  TN_36_8_3 no-card done 3 0.018 | done 3 0.018 []
OK  TN_36_8_3 card-mto done 3 0.018 | done 3 0.017 []
OK  TN_36_8_3 card-sinz done 3 0.018 | done 3 0.018 []
OK  TN_36_8_4 default done 4 0.018 | done 4 0.018 []
OK  TN_36_8_4 no-card done 4 0.018 | done 4 0.017 []
OK  TN_36_8_4 card-mto done 4 0.018 | done 4 0.016 []
OK  TN_36_8_4 card-sinz done 4 0.017 | done 4 0.017 []
OK  TN_360_4_24 no-card TIMEOUT None 60.006 | TIMEOUT None 60.01 []
OK  TN_360_4_24 card-mto TIMEOUT None 60.013 | TIMEOUT None 60.012 []
OK  TN_360_4_24 card-sinz TIMEOUT None 60.009 | TIMEOUT None 60.011 []
OK  TN_396_4_26 default TIMEOUT None 60.013 | TIMEOUT None 60.006 []
OK  TN_396_4_26 no-card TIMEOUT None 60.012 | TIMEOUT None 60.005 []
OK  TN_396_4_26 card-mto TIMEOUT None 60.009 | TIMEOUT None 60.007 []
OK  TN_396_4_26 card-sinz TIMEOUT None 60.013 | TIMEOUT None 60.013 []
OK  TN_432_8_33 default TIMEOUT None 60.026 | TIMEOUT None 60.019 []
OK  TN_432_8_33 no-card TIMEOUT None 60.02 | TIMEOUT None 60.018 []
OK  TN_432_8_33 card-mto TIMEOUT None 60.021 | TIMEOUT None 60.015 []
OK  TN_432_8_33 card-sinz TIMEOUT None 60.019 | TIMEOUT None 60.011 []
OK  TN_468_4_31 default TIMEOUT None 60.012 | TIMEOUT None 60.012 []
OK  TN_468_4_31 no-card TIMEOUT None 60.019 | TIMEOUT None 60.02 []
OK  TN_468_4_31 card-mto TIMEOUT None 60.006 | TIMEOUT None 60.022 []
OK  TN_468_4_31 card-sinz TIMEOUT None 60.008 | TIMEOUT None 60.014 []
OK  TN_496_2_32 default TIMEOUT None 60.019 | TIMEOUT None 60.017 []
OK  TN_496_2_32 no-card TIMEOUT None 60.009 | TIMEOUT None 60.018 []
OK  TN_496_2_32 card-mto TIMEOUT None 60.009 | TIMEOUT None 60.013 []
OK  TN_496_2_32 card-sinz TIMEOUT None 60.01 | TIMEOUT None 60.012 []
OK  TN_504_2_45 default TIMEOUT None 60.011 | TIMEOUT None 60.026 []
OK  TN_504_2_45 no-card TIMEOUT None 60.011 | TIMEOUT None 60.018 []
OK  TN_504_2_45 card-mto TIMEOUT None 60.011 | TIMEOUT None 60.02 []
OK  TN_504_2_45 card-sinz TIMEOUT None 60.017 | TIMEOUT None 60.006 []
OK  TN_540_4_40 default TIMEOUT None 60.015 | TIMEOUT None 60.018 []
OK  TN_54_11_4 default done 4 0.018 | done 4 0.018 []
OK  TN_54_11_4 no-card done 4 0.018 | done 4 0.018 []
OK  TN_54_11_4 card-mto done 4 0.018 | done 4 0.018 []
OK  TN_54_11_4 card-sinz done 4 0.018 | done 4 0.018 []
OK  TN_540_4_40 no-card TIMEOUT None 60.02 | TIMEOUT None 60.009 []
OK  TN_540_4_40 card-mto TIMEOUT None 60.014 | TIMEOUT None 60.016 []
OK  TN_540_4_40 card-sinz TIMEOUT None 60.012 | TIMEOUT None 60.016 []
OK  TN_576_2_57 default TIMEOUT None 60.008 | TIMEOUT None 60.011 []
OK  TN_576_2_57 no-card TIMEOUT None 60.013 | TIMEOUT None 60.01 []
OK  TN_576_2_57 card-mto TIMEOUT None 60.02 | TIMEOUT None 60.013 []
OK  TN_576_2_57 card-sinz TIMEOUT None 60.01 | TIMEOUT None 60.016 []
OK  TN_576_2_59 default TIMEOUT None 60.01 | TIMEOUT None 60.01 []
OK  TN_576_2_59 no-card TIMEOUT None 60.01 | TIMEOUT None 60.019 []
OK  TN_576_2_59 card-mto TIMEOUT None 60.009 | TIMEOUT None 60.014 []
OK  TN_576_2_59 card-sinz TIMEOUT None 60.006 | TIMEOUT None 60.007 []
OK  TN_612_2_52 default TIMEOUT None 60.02 | TIMEOUT None 60.02 []
OK  TN_612_2_52 no-card TIMEOUT None 60.01 | TIMEOUT None 60.021 []
OK  TN_612_2_52 card-mto TIMEOUT None 60.017 | TIMEOUT None 60.014 []
OK  TN_612_2_52 card-sinz TIMEOUT None 60.025 | TIMEOUT None 60.014 []
OK  TN_648_10_71 default TIMEOUT None 60.01 | TIMEOUT None 60.017 []
OK  TN_648_10_71 no-card TIMEOUT None 60.017 | TIMEOUT None 60.011 []
OK  TN_648_10_71 card-mto TIMEOUT None 60.019 | TIMEOUT None 60.016 []
OK  TN_648_10_71 card-sinz TIMEOUT None 60.009 | TIMEOUT None 60.021 []
OK  TN_648_14_50 default TIMEOUT None 60.016 | TIMEOUT None 60.017 []
OK  TN_648_14_50 no-card TIMEOUT None 60.012 | TIMEOUT None 60.021 []
OK  TN_648_14_50 card-mto TIMEOUT None 60.012 | TIMEOUT None 60.014 []
OK  TN_648_14_50 card-sinz TIMEOUT None 60.012 | TIMEOUT None 60.006 []
OK  TN_684_2_29 default TIMEOUT None 60.013 | TIMEOUT None 60.022 []
OK  TN_72_14_4 default done 4 0.033 | done 4 0.028 []
OK  TN_72_14_4 no-card done 4 0.032 | done 4 0.018 []
OK  TN_72_14_4 card-mto done 4 0.018 | done 4 0.018 []
OK  TN_72_14_4 card-sinz done 4 0.042 | done 4 0.018 []
OK  TN_72_8_8 default done 8 0.601 | done 8 0.446 []
OK  TN_72_8_8 no-card done 8 0.636 | done 8 0.377 []
OK  TN_72_8_8 card-mto done 8 0.75 | done 8 0.348 []
OK  TN_72_8_8 card-sinz done 8 0.631 | done 8 0.366 []
OK  TN_684_2_29 no-card TIMEOUT None 60.017 | TIMEOUT None 60.016 []
OK  TN_684_2_29 card-mto TIMEOUT None 60.014 | TIMEOUT None 60.012 []
OK  TN_684_2_29 card-sinz TIMEOUT None 60.014 | TIMEOUT None 60.02 []
OK  xu_30 default TIMEOUT None 60.018 | TIMEOUT None 60.012 []
OK  xu_30 no-card TIMEOUT None 60.016 | TIMEOUT None 60.016 []
OK  xu_30 card-mto TIMEOUT None 60.016 | TIMEOUT None 60.014 []
OK  xu_30 card-sinz TIMEOUT None 60.015 | TIMEOUT None 60.009 []
OK  xu_42 default TIMEOUT None 60.016 | TIMEOUT None 60.012 []
OK  xu_42 no-card TIMEOUT None 60.021 | TIMEOUT None 60.014 []
OK  xu_42 card-mto TIMEOUT None 60.014 | TIMEOUT None 60.029 []
OK  xu_42 card-sinz TIMEOUT None 60.02 | TIMEOUT None 60.009 []
{"both_done": 56, "only_cand_done": 6, "only_base_done": 2, "problems": 0} ALL_OK
exit=0
