0000.gate.LP_340_56_8.no-card.0.baseline 1.535s o 8 load=1.46
0001.gate.LP_340_56_8.no-card.0.candidate 1.537s o 8 load=1.46
0002.gate.LP_340_56_8.no-card.1.candidate 1.531s o 8 load=1.51
0003.gate.LP_340_56_8.no-card.1.baseline 1.530s o 8 load=1.51
0004.gate.LP_340_56_8.no-card.2.baseline 1.529s o 8 load=1.51
0005.gate.LP_340_56_8.no-card.2.candidate 1.534s o 8 load=1.47
0006.gate.LP_340_56_8.card-mto.0.baseline 1.618s o 8 load=1.47
0007.gate.LP_340_56_8.card-mto.0.candidate 1.620s o 8 load=1.47
0008.gate.LP_340_56_8.card-mto.1.candidate 1.621s o 8 load=1.43
0009.gate.LP_340_56_8.card-mto.1.baseline 1.620s o 8 load=1.43
0010.gate.LP_340_56_8.card-mto.2.baseline 1.621s o 8 load=1.43
0011.gate.LP_340_56_8.card-mto.2.candidate 1.628s o 8 load=1.47
{
 "stopped": null,
 "n_samples": 12,
 "finished": "2026-10-11T08:25:09+0800",
 "binary_sha256_after": {
  "baseline": "6bdcaa2523cdcbeae5164cedbf54c9ac0f9e64f9a91c3da7ef4b804df393db9d",
  "candidate": "40d165efeefa61f49c3bc2621ed098733d2e78acee3a9dada872a04ecde18f10"
 },
 "input_sha256_after_ok": true
}
gate no-card geomean 1.0021 envelope 1.00555 positive False flags []
gate card-mto geomean 1.00053 envelope 1.00644 positive False flags []
exit=0
