0000.gate.BB_90_8_10.no-card.0.baseline 0.147s o 10 load=1.25
0001.gate.BB_90_8_10.no-card.0.candidate 0.108s o 10 load=1.25
0002.gate.BB_90_8_10.no-card.1.candidate 0.108s o 10 load=1.25
0003.gate.BB_90_8_10.no-card.1.baseline 0.150s o 10 load=1.25
0004.gate.BB_90_8_10.no-card.2.baseline 0.148s o 10 load=1.25
0005.gate.BB_90_8_10.no-card.2.candidate 0.107s o 10 load=1.25
0006.gate.BB_90_8_10.card-mto.0.baseline 0.138s o 10 load=1.25
0007.gate.BB_90_8_10.card-mto.0.candidate 0.107s o 10 load=1.25
0008.gate.BB_90_8_10.card-mto.1.candidate 0.108s o 10 load=1.23
0009.gate.BB_90_8_10.card-mto.1.baseline 0.133s o 10 load=1.23
0010.gate.BB_90_8_10.card-mto.2.baseline 0.135s o 10 load=1.23
0011.gate.BB_90_8_10.card-mto.2.candidate 0.104s o 10 load=1.23
0012.gate.GB_144_12_8.no-card.0.baseline 0.090s o 8 load=1.23
0013.gate.GB_144_12_8.no-card.0.candidate 0.075s o 8 load=1.23
0014.gate.GB_144_12_8.no-card.1.candidate 0.075s o 8 load=1.23
0015.gate.GB_144_12_8.no-card.1.baseline 0.089s o 8 load=1.23
0016.gate.GB_144_12_8.no-card.2.baseline 0.091s o 8 load=1.23
0017.gate.GB_144_12_8.no-card.2.candidate 0.075s o 8 load=1.23
0018.gate.GB_144_12_8.card-mto.0.baseline 0.075s o 8 load=1.23
0019.gate.GB_144_12_8.card-mto.0.candidate 0.063s o 8 load=1.23
0020.gate.GB_144_12_8.card-mto.1.candidate 0.059s o 8 load=1.23
0021.gate.GB_144_12_8.card-mto.1.baseline 0.075s o 8 load=1.23
0022.gate.GB_144_12_8.card-mto.2.baseline 0.078s o 8 load=1.23
0023.gate.GB_144_12_8.card-mto.2.candidate 0.063s o 8 load=1.23
0024.gate.BB_108_8_10.no-card.0.baseline 0.372s o 10 load=1.23
0025.gate.BB_108_8_10.no-card.0.candidate 0.108s o 10 load=1.23
0026.gate.BB_108_8_10.no-card.1.candidate 0.119s o 10 load=1.23
0027.gate.BB_108_8_10.no-card.1.baseline 0.362s o 10 load=1.23
0028.gate.BB_108_8_10.no-card.2.baseline 0.375s o 10 load=1.23
0029.gate.BB_108_8_10.no-card.2.candidate 0.118s o 10 load=1.23
0030.gate.BB_108_8_10.card-mto.0.baseline 0.468s o 10 load=1.23
0031.gate.BB_108_8_10.card-mto.0.candidate 0.182s o 10 load=1.23
0032.gate.BB_108_8_10.card-mto.1.candidate 0.179s o 10 load=1.23
0033.gate.BB_108_8_10.card-mto.1.baseline 0.464s o 10 load=1.23
0034.gate.BB_108_8_10.card-mto.2.baseline 0.465s o 10 load=1.23
0035.gate.BB_108_8_10.card-mto.2.candidate 0.179s o 10 load=1.23
0036.gate.LP_238_44_6.no-card.0.baseline 0.408s o 6 load=1.21
0037.gate.LP_238_44_6.no-card.0.candidate 0.285s o 6 load=1.21
0038.gate.LP_238_44_6.no-card.1.candidate 0.276s o 6 load=1.21
0039.gate.LP_238_44_6.no-card.1.baseline 0.411s o 6 load=1.21
0040.gate.LP_238_44_6.no-card.2.baseline 0.404s o 6 load=1.21
0041.gate.LP_238_44_6.no-card.2.candidate 0.282s o 6 load=1.21
0042.gate.LP_238_44_6.card-mto.0.baseline 0.400s o 6 load=1.21
0043.gate.LP_238_44_6.card-mto.0.candidate 0.302s o 6 load=1.21
0044.gate.LP_238_44_6.card-mto.1.candidate 0.308s o 6 load=1.21
0045.gate.LP_238_44_6.card-mto.1.baseline 0.393s o 6 load=1.21
0046.gate.LP_238_44_6.card-mto.2.baseline 0.387s o 6 load=1.21
0047.gate.LP_238_44_6.card-mto.2.candidate 0.300s o 6 load=1.21
{
 "stopped": null,
 "n_samples": 48,
 "finished": "2026-10-11T07:02:03+0800",
 "binary_sha256_after": {
  "baseline": "6bdcaa2523cdcbeae5164cedbf54c9ac0f9e64f9a91c3da7ef4b804df393db9d",
  "candidate": "820145fb859c587a70a3377f01d7f1d34f81488c3bc1872e277702e616cddf7f"
 },
 "input_sha256_after_ok": true
}
gate no-card geomean 0.60373 envelope 0.61487 positive True flags []
gate card-mto geomean 0.66523 envelope 0.67849 positive True flags []
exit=0
