0000.gate.BB_90_8_10.no-card.0.baseline 0.108s o 10 load=1.34
0001.gate.BB_90_8_10.no-card.0.candidate 0.063s o 10 load=1.34
0002.gate.BB_90_8_10.no-card.1.candidate 0.063s o 10 load=1.34
0003.gate.BB_90_8_10.no-card.1.baseline 0.103s o 10 load=1.34
0004.gate.BB_90_8_10.no-card.2.baseline 0.107s o 10 load=1.34
0005.gate.BB_90_8_10.no-card.2.candidate 0.060s o 10 load=1.32
0006.gate.BB_90_8_10.card-mto.0.baseline 0.123s o 10 load=1.32
0007.gate.BB_90_8_10.card-mto.0.candidate 0.063s o 10 load=1.32
0008.gate.BB_90_8_10.card-mto.1.candidate 0.063s o 10 load=1.32
0009.gate.BB_90_8_10.card-mto.1.baseline 0.123s o 10 load=1.32
0010.gate.BB_90_8_10.card-mto.2.baseline 0.121s o 10 load=1.32
0011.gate.BB_90_8_10.card-mto.2.candidate 0.063s o 10 load=1.32
0012.gate.GB_144_12_8.no-card.0.baseline 0.078s o 8 load=1.32
0013.gate.GB_144_12_8.no-card.0.candidate 0.063s o 8 load=1.32
0014.gate.GB_144_12_8.no-card.1.candidate 0.062s o 8 load=1.32
0015.gate.GB_144_12_8.no-card.1.baseline 0.078s o 8 load=1.32
0016.gate.GB_144_12_8.no-card.2.baseline 0.073s o 8 load=1.32
0017.gate.GB_144_12_8.no-card.2.candidate 0.063s o 8 load=1.32
0018.gate.GB_144_12_8.card-mto.0.baseline 0.078s o 8 load=1.32
0019.gate.GB_144_12_8.card-mto.0.candidate 0.048s o 8 load=1.32
0020.gate.GB_144_12_8.card-mto.1.candidate 0.059s o 8 load=1.32
0021.gate.GB_144_12_8.card-mto.1.baseline 0.075s o 8 load=1.32
0022.gate.GB_144_12_8.card-mto.2.baseline 0.078s o 8 load=1.32
0023.gate.GB_144_12_8.card-mto.2.candidate 0.047s o 8 load=1.32
0024.gate.BB_108_8_10.no-card.0.baseline 0.162s o 10 load=1.32
0025.gate.BB_108_8_10.no-card.0.candidate 0.088s o 10 load=1.32
0026.gate.BB_108_8_10.no-card.1.candidate 0.087s o 10 load=1.32
0027.gate.BB_108_8_10.no-card.1.baseline 0.151s o 10 load=1.32
0028.gate.BB_108_8_10.no-card.2.baseline 0.149s o 10 load=1.32
0029.gate.BB_108_8_10.no-card.2.candidate 0.076s o 10 load=1.32
0030.gate.BB_108_8_10.card-mto.0.baseline 0.183s o 10 load=1.32
0031.gate.BB_108_8_10.card-mto.0.candidate 0.093s o 10 load=1.32
0032.gate.BB_108_8_10.card-mto.1.candidate 0.093s o 10 load=1.32
0033.gate.BB_108_8_10.card-mto.1.baseline 0.182s o 10 load=1.32
0034.gate.BB_108_8_10.card-mto.2.baseline 0.180s o 10 load=1.32
0035.gate.BB_108_8_10.card-mto.2.candidate 0.093s o 10 load=1.32
0036.gate.LP_238_44_6.no-card.0.baseline 0.316s o 6 load=1.32
0037.gate.LP_238_44_6.no-card.0.candidate 0.310s o 6 load=1.32
0038.gate.LP_238_44_6.no-card.1.candidate 0.315s o 6 load=1.32
0039.gate.LP_238_44_6.no-card.1.baseline 0.312s o 6 load=1.32
0040.gate.LP_238_44_6.no-card.2.baseline 0.316s o 6 load=1.32
0041.gate.LP_238_44_6.no-card.2.candidate 0.315s o 6 load=1.29
0042.gate.LP_238_44_6.card-mto.0.baseline 0.249s o 6 load=1.29
0043.gate.LP_238_44_6.card-mto.0.candidate 0.243s o 6 load=1.29
0044.gate.LP_238_44_6.card-mto.1.candidate 0.240s o 6 load=1.29
0045.gate.LP_238_44_6.card-mto.1.baseline 0.243s o 6 load=1.29
0046.gate.LP_238_44_6.card-mto.2.baseline 0.239s o 6 load=1.29
0047.gate.LP_238_44_6.card-mto.2.candidate 0.239s o 6 load=1.29
{
 "stopped": null,
 "n_samples": 48,
 "finished": "2026-10-11T00:30:32+0800",
 "binary_sha256_after": {
  "baseline": "fb6846d0613b187a881e08071729e36629bc10775a4aad34e3d5df34d3d1ff37",
  "candidate": "e1801a58a33db97c638fbdd0ad4235928956c3474a6225caed6cd0fca362d4e1"
 },
 "input_sha256_after_ok": true
}
gate no-card geomean 0.72181 envelope 0.74723 positive True flags []
gate card-mto geomean 0.63104 envelope 0.67893 positive True flags []
exit=0
