0000.gate.BB_90_8_10.no-card.0.baseline 0.153s o 10 load=1.36
0001.gate.BB_90_8_10.no-card.0.candidate 0.061s o 10 load=1.36
0002.gate.BB_90_8_10.no-card.1.candidate 0.063s o 10 load=1.36
0003.gate.BB_90_8_10.no-card.1.baseline 0.150s o 10 load=1.36
0004.gate.BB_90_8_10.no-card.2.baseline 0.148s o 10 load=1.36
0005.gate.BB_90_8_10.no-card.2.candidate 0.060s o 10 load=1.36
0006.replicate.BB_90_8_10.no-card.0.baseline 0.146s o 10 load=1.36
0007.replicate.BB_90_8_10.no-card.0.candidate 0.063s o 10 load=1.36
0008.replicate.BB_90_8_10.no-card.1.candidate 0.063s o 10 load=1.36
0009.replicate.BB_90_8_10.no-card.1.baseline 0.153s o 10 load=1.36
0010.replicate.BB_90_8_10.no-card.2.baseline 0.150s o 10 load=1.36
0011.replicate.BB_90_8_10.no-card.2.candidate 0.063s o 10 load=1.36
0012.replicate.BB_90_8_10.no-card.3.candidate 0.063s o 10 load=1.36
0013.replicate.BB_90_8_10.no-card.3.baseline 0.149s o 10 load=1.36
0014.replicate.BB_90_8_10.no-card.4.baseline 0.152s o 10 load=1.36
0015.replicate.BB_90_8_10.no-card.4.candidate 0.063s o 10 load=1.36
0016.replicate.BB_90_8_10.no-card.5.candidate 0.063s o 10 load=1.36
0017.replicate.BB_90_8_10.no-card.5.baseline 0.153s o 10 load=1.36
0018.replicate.BB_90_8_10.no-card.6.baseline 0.153s o 10 load=1.36
0019.replicate.BB_90_8_10.no-card.6.candidate 0.063s o 10 load=1.36
0020.replicate.BB_90_8_10.no-card.7.candidate 0.061s o 10 load=1.36
0021.replicate.BB_90_8_10.no-card.7.baseline 0.150s o 10 load=1.36
0022.replicate.BB_90_8_10.no-card.8.baseline 0.145s o 10 load=1.36
0023.replicate.BB_90_8_10.no-card.8.candidate 0.061s o 10 load=1.36
0024.replicate.BB_90_8_10.no-card.9.candidate 0.063s o 10 load=1.36
0025.replicate.BB_90_8_10.no-card.9.baseline 0.145s o 10 load=1.36
0026.gate.BB_90_8_10.card-mto.0.baseline 0.137s o 10 load=1.41
0027.gate.BB_90_8_10.card-mto.0.candidate 0.060s o 10 load=1.41
0028.gate.BB_90_8_10.card-mto.1.candidate 0.063s o 10 load=1.41
0029.gate.BB_90_8_10.card-mto.1.baseline 0.133s o 10 load=1.41
0030.gate.BB_90_8_10.card-mto.2.baseline 0.135s o 10 load=1.41
0031.gate.BB_90_8_10.card-mto.2.candidate 0.063s o 10 load=1.41
0032.replicate.BB_90_8_10.card-mto.0.baseline 0.146s o 10 load=1.41
0033.replicate.BB_90_8_10.card-mto.0.candidate 0.063s o 10 load=1.41
0034.replicate.BB_90_8_10.card-mto.1.candidate 0.063s o 10 load=1.41
0035.replicate.BB_90_8_10.card-mto.1.baseline 0.136s o 10 load=1.41
0036.replicate.BB_90_8_10.card-mto.2.baseline 0.138s o 10 load=1.41
0037.replicate.BB_90_8_10.card-mto.2.candidate 0.063s o 10 load=1.41
0038.replicate.BB_90_8_10.card-mto.3.candidate 0.061s o 10 load=1.41
0039.replicate.BB_90_8_10.card-mto.3.baseline 0.148s o 10 load=1.41
0040.replicate.BB_90_8_10.card-mto.4.baseline 0.145s o 10 load=1.41
0041.replicate.BB_90_8_10.card-mto.4.candidate 0.063s o 10 load=1.41
0042.replicate.BB_90_8_10.card-mto.5.candidate 0.063s o 10 load=1.41
0043.replicate.BB_90_8_10.card-mto.5.baseline 0.148s o 10 load=1.41
0044.replicate.BB_90_8_10.card-mto.6.baseline 0.134s o 10 load=1.41
0045.replicate.BB_90_8_10.card-mto.6.candidate 0.061s o 10 load=1.41
0046.replicate.BB_90_8_10.card-mto.7.candidate 0.059s o 10 load=1.41
0047.replicate.BB_90_8_10.card-mto.7.baseline 0.135s o 10 load=1.41
0048.replicate.BB_90_8_10.card-mto.8.baseline 0.135s o 10 load=1.41
0049.replicate.BB_90_8_10.card-mto.8.candidate 0.063s o 10 load=1.41
0050.replicate.BB_90_8_10.card-mto.9.candidate 0.063s o 10 load=1.41
0051.replicate.BB_90_8_10.card-mto.9.baseline 0.138s o 10 load=1.41
0052.gate.GB_144_12_8.no-card.0.baseline 0.093s o 8 load=1.41
0053.gate.GB_144_12_8.no-card.0.candidate 0.063s o 8 load=1.41
0054.gate.GB_144_12_8.no-card.1.candidate 0.063s o 8 load=1.41
0055.gate.GB_144_12_8.no-card.1.baseline 0.093s o 8 load=1.41
0056.gate.GB_144_12_8.no-card.2.baseline 0.092s o 8 load=1.41
0057.gate.GB_144_12_8.no-card.2.candidate 0.063s o 8 load=1.41
0058.replicate.GB_144_12_8.no-card.0.baseline 0.091s o 8 load=1.41
0059.replicate.GB_144_12_8.no-card.0.candidate 0.063s o 8 load=1.41
0060.replicate.GB_144_12_8.no-card.1.candidate 0.063s o 8 load=1.41
0061.replicate.GB_144_12_8.no-card.1.baseline 0.093s o 8 load=1.41
0062.replicate.GB_144_12_8.no-card.2.baseline 0.093s o 8 load=1.41
0063.replicate.GB_144_12_8.no-card.2.candidate 0.063s o 8 load=1.41
0064.replicate.GB_144_12_8.no-card.3.candidate 0.063s o 8 load=1.41
0065.replicate.GB_144_12_8.no-card.3.baseline 0.093s o 8 load=1.41
0066.replicate.GB_144_12_8.no-card.4.baseline 0.093s o 8 load=1.41
0067.replicate.GB_144_12_8.no-card.4.candidate 0.063s o 8 load=1.41
0068.replicate.GB_144_12_8.no-card.5.candidate 0.063s o 8 load=1.41
0069.replicate.GB_144_12_8.no-card.5.baseline 0.093s o 8 load=1.41
0070.replicate.GB_144_12_8.no-card.6.baseline 0.090s o 8 load=1.41
0071.replicate.GB_144_12_8.no-card.6.candidate 0.060s o 8 load=1.41
0072.replicate.GB_144_12_8.no-card.7.candidate 0.059s o 8 load=1.41
0073.replicate.GB_144_12_8.no-card.7.baseline 0.090s o 8 load=1.41
0074.replicate.GB_144_12_8.no-card.8.baseline 0.088s o 8 load=1.41
0075.replicate.GB_144_12_8.no-card.8.candidate 0.063s o 8 load=1.46
0076.replicate.GB_144_12_8.no-card.9.candidate 0.063s o 8 load=1.46
0077.replicate.GB_144_12_8.no-card.9.baseline 0.093s o 8 load=1.46
0078.gate.GB_144_12_8.card-mto.0.baseline 0.078s o 8 load=1.46
0079.gate.GB_144_12_8.card-mto.0.candidate 0.045s o 8 load=1.46
0080.gate.GB_144_12_8.card-mto.1.candidate 0.047s o 8 load=1.46
0081.gate.GB_144_12_8.card-mto.1.baseline 0.075s o 8 load=1.46
0082.gate.GB_144_12_8.card-mto.2.baseline 0.075s o 8 load=1.46
0083.gate.GB_144_12_8.card-mto.2.candidate 0.058s o 8 load=1.46
0084.replicate.GB_144_12_8.card-mto.0.baseline 0.075s o 8 load=1.46
0085.replicate.GB_144_12_8.card-mto.0.candidate 0.048s o 8 load=1.46
0086.replicate.GB_144_12_8.card-mto.1.candidate 0.059s o 8 load=1.46
0087.replicate.GB_144_12_8.card-mto.1.baseline 0.088s o 8 load=1.46
0088.replicate.GB_144_12_8.card-mto.2.baseline 0.078s o 8 load=1.46
0089.replicate.GB_144_12_8.card-mto.2.candidate 0.048s o 8 load=1.46
0090.replicate.GB_144_12_8.card-mto.3.candidate 0.048s o 8 load=1.46
0091.replicate.GB_144_12_8.card-mto.3.baseline 0.077s o 8 load=1.46
0092.replicate.GB_144_12_8.card-mto.4.baseline 0.077s o 8 load=1.46
0093.replicate.GB_144_12_8.card-mto.4.candidate 0.058s o 8 load=1.46
0094.replicate.GB_144_12_8.card-mto.5.candidate 0.048s o 8 load=1.46
0095.replicate.GB_144_12_8.card-mto.5.baseline 0.078s o 8 load=1.46
0096.replicate.GB_144_12_8.card-mto.6.baseline 0.089s o 8 load=1.46
0097.replicate.GB_144_12_8.card-mto.6.candidate 0.055s o 8 load=1.46
0098.replicate.GB_144_12_8.card-mto.7.candidate 0.048s o 8 load=1.46
0099.replicate.GB_144_12_8.card-mto.7.baseline 0.078s o 8 load=1.46
0100.replicate.GB_144_12_8.card-mto.8.baseline 0.078s o 8 load=1.46
0101.replicate.GB_144_12_8.card-mto.8.candidate 0.047s o 8 load=1.46
0102.replicate.GB_144_12_8.card-mto.9.candidate 0.048s o 8 load=1.46
0103.replicate.GB_144_12_8.card-mto.9.baseline 0.089s o 8 load=1.46
0104.gate.BB_108_8_10.no-card.0.baseline 0.365s o 10 load=1.46
0105.gate.BB_108_8_10.no-card.0.candidate 0.073s o 10 load=1.46
0106.gate.BB_108_8_10.no-card.1.candidate 0.074s o 10 load=1.46
0107.gate.BB_108_8_10.no-card.1.baseline 0.362s o 10 load=1.46
0108.gate.BB_108_8_10.no-card.2.baseline 0.362s o 10 load=1.46
0109.gate.BB_108_8_10.no-card.2.candidate 0.076s o 10 load=1.46
0110.replicate.BB_108_8_10.no-card.0.baseline 0.361s o 10 load=1.46
0111.replicate.BB_108_8_10.no-card.0.candidate 0.078s o 10 load=1.46
0112.replicate.BB_108_8_10.no-card.1.candidate 0.078s o 10 load=1.46
0113.replicate.BB_108_8_10.no-card.1.baseline 0.370s o 10 load=1.46
0114.replicate.BB_108_8_10.no-card.2.baseline 0.367s o 10 load=1.46
0115.replicate.BB_108_8_10.no-card.2.candidate 0.078s o 10 load=1.42
0116.replicate.BB_108_8_10.no-card.3.candidate 0.078s o 10 load=1.42
0117.replicate.BB_108_8_10.no-card.3.baseline 0.366s o 10 load=1.42
0118.replicate.BB_108_8_10.no-card.4.baseline 0.378s o 10 load=1.42
0119.replicate.BB_108_8_10.no-card.4.candidate 0.074s o 10 load=1.42
0120.replicate.BB_108_8_10.no-card.5.candidate 0.078s o 10 load=1.42
0121.replicate.BB_108_8_10.no-card.5.baseline 0.380s o 10 load=1.42
0122.replicate.BB_108_8_10.no-card.6.baseline 0.374s o 10 load=1.42
0123.replicate.BB_108_8_10.no-card.6.candidate 0.078s o 10 load=1.42
0124.replicate.BB_108_8_10.no-card.7.candidate 0.077s o 10 load=1.42
0125.replicate.BB_108_8_10.no-card.7.baseline 0.376s o 10 load=1.42
0126.replicate.BB_108_8_10.no-card.8.baseline 0.370s o 10 load=1.42
0127.replicate.BB_108_8_10.no-card.8.candidate 0.078s o 10 load=1.42
0128.replicate.BB_108_8_10.no-card.9.candidate 0.078s o 10 load=1.42
0129.replicate.BB_108_8_10.no-card.9.baseline 0.374s o 10 load=1.42
0130.gate.BB_108_8_10.card-mto.0.baseline 0.476s o 10 load=1.42
0131.gate.BB_108_8_10.card-mto.0.candidate 0.093s o 10 load=1.42
0132.gate.BB_108_8_10.card-mto.1.candidate 0.103s o 10 load=1.42
0133.gate.BB_108_8_10.card-mto.1.baseline 0.463s o 10 load=1.42
0134.gate.BB_108_8_10.card-mto.2.baseline 0.462s o 10 load=1.42
0135.gate.BB_108_8_10.card-mto.2.candidate 0.092s o 10 load=1.39
0136.replicate.BB_108_8_10.card-mto.0.baseline 0.472s o 10 load=1.39
0137.replicate.BB_108_8_10.card-mto.0.candidate 0.103s o 10 load=1.39
0138.replicate.BB_108_8_10.card-mto.1.candidate 0.104s o 10 load=1.39
0139.replicate.BB_108_8_10.card-mto.1.baseline 0.466s o 10 load=1.39
0140.replicate.BB_108_8_10.card-mto.2.baseline 0.462s o 10 load=1.39
0141.replicate.BB_108_8_10.card-mto.2.candidate 0.092s o 10 load=1.39
0142.replicate.BB_108_8_10.card-mto.3.candidate 0.104s o 10 load=1.39
0143.replicate.BB_108_8_10.card-mto.3.baseline 0.469s o 10 load=1.39
0144.replicate.BB_108_8_10.card-mto.4.baseline 0.462s o 10 load=1.39
0145.replicate.BB_108_8_10.card-mto.4.candidate 0.102s o 10 load=1.39
0146.replicate.BB_108_8_10.card-mto.5.candidate 0.093s o 10 load=1.39
0147.replicate.BB_108_8_10.card-mto.5.baseline 0.475s o 10 load=1.39
0148.replicate.BB_108_8_10.card-mto.6.baseline 0.463s o 10 load=1.39
0149.replicate.BB_108_8_10.card-mto.6.candidate 0.093s o 10 load=1.39
0150.replicate.BB_108_8_10.card-mto.7.candidate 0.093s o 10 load=1.39
0151.replicate.BB_108_8_10.card-mto.7.baseline 0.475s o 10 load=1.39
0152.replicate.BB_108_8_10.card-mto.8.baseline 0.465s o 10 load=1.39
0153.replicate.BB_108_8_10.card-mto.8.candidate 0.093s o 10 load=1.36
0154.replicate.BB_108_8_10.card-mto.9.candidate 0.093s o 10 load=1.36
0155.replicate.BB_108_8_10.card-mto.9.baseline 0.471s o 10 load=1.36
0156.gate.LP_238_44_6.no-card.0.baseline 0.402s o 6 load=1.36
0157.gate.LP_238_44_6.no-card.0.candidate 0.314s o 6 load=1.36
0158.gate.LP_238_44_6.no-card.1.candidate 0.314s o 6 load=1.36
0159.gate.LP_238_44_6.no-card.1.baseline 0.405s o 6 load=1.36
0160.gate.LP_238_44_6.no-card.2.baseline 0.408s o 6 load=1.36
0161.gate.LP_238_44_6.no-card.2.candidate 0.322s o 6 load=1.36
0162.replicate.LP_238_44_6.no-card.0.baseline 0.403s o 6 load=1.36
0163.replicate.LP_238_44_6.no-card.0.candidate 0.323s o 6 load=1.36
0164.replicate.LP_238_44_6.no-card.1.candidate 0.316s o 6 load=1.36
0165.replicate.LP_238_44_6.no-card.1.baseline 0.412s o 6 load=1.36
0166.replicate.LP_238_44_6.no-card.2.baseline 0.408s o 6 load=1.36
0167.replicate.LP_238_44_6.no-card.2.candidate 0.313s o 6 load=1.41
0168.replicate.LP_238_44_6.no-card.3.candidate 0.312s o 6 load=1.41
0169.replicate.LP_238_44_6.no-card.3.baseline 0.408s o 6 load=1.41
0170.replicate.LP_238_44_6.no-card.4.baseline 0.415s o 6 load=1.41
0171.replicate.LP_238_44_6.no-card.4.candidate 0.315s o 6 load=1.41
0172.replicate.LP_238_44_6.no-card.5.candidate 0.312s o 6 load=1.41
0173.replicate.LP_238_44_6.no-card.5.baseline 0.406s o 6 load=1.41
0174.replicate.LP_238_44_6.no-card.6.baseline 0.406s o 6 load=1.41
0175.replicate.LP_238_44_6.no-card.6.candidate 0.321s o 6 load=1.41
0176.replicate.LP_238_44_6.no-card.7.candidate 0.316s o 6 load=1.41
0177.replicate.LP_238_44_6.no-card.7.baseline 0.412s o 6 load=1.41
0178.replicate.LP_238_44_6.no-card.8.baseline 0.404s o 6 load=1.41
0179.replicate.LP_238_44_6.no-card.8.candidate 0.322s o 6 load=1.41
0180.replicate.LP_238_44_6.no-card.9.candidate 0.322s o 6 load=1.37
0181.replicate.LP_238_44_6.no-card.9.baseline 0.408s o 6 load=1.37
0182.gate.LP_238_44_6.card-mto.0.baseline 0.402s o 6 load=1.37
0183.gate.LP_238_44_6.card-mto.0.candidate 0.239s o 6 load=1.37
0184.gate.LP_238_44_6.card-mto.1.candidate 0.240s o 6 load=1.37
0185.gate.LP_238_44_6.card-mto.1.baseline 0.392s o 6 load=1.37
0186.gate.LP_238_44_6.card-mto.2.baseline 0.396s o 6 load=1.37
0187.gate.LP_238_44_6.card-mto.2.candidate 0.242s o 6 load=1.37
0188.replicate.LP_238_44_6.card-mto.0.baseline 0.390s o 6 load=1.37
0189.replicate.LP_238_44_6.card-mto.0.candidate 0.243s o 6 load=1.37
0190.replicate.LP_238_44_6.card-mto.1.candidate 0.241s o 6 load=1.37
0191.replicate.LP_238_44_6.card-mto.1.baseline 0.401s o 6 load=1.37
0192.replicate.LP_238_44_6.card-mto.2.baseline 0.395s o 6 load=1.37
0193.replicate.LP_238_44_6.card-mto.2.candidate 0.242s o 6 load=1.37
0194.replicate.LP_238_44_6.card-mto.3.candidate 0.251s o 6 load=1.37
0195.replicate.LP_238_44_6.card-mto.3.baseline 0.391s o 6 load=1.34
0196.replicate.LP_238_44_6.card-mto.4.baseline 0.393s o 6 load=1.34
0197.replicate.LP_238_44_6.card-mto.4.candidate 0.239s o 6 load=1.34
0198.replicate.LP_238_44_6.card-mto.5.candidate 0.242s o 6 load=1.34
0199.replicate.LP_238_44_6.card-mto.5.baseline 0.394s o 6 load=1.34
0200.replicate.LP_238_44_6.card-mto.6.baseline 0.388s o 6 load=1.34
0201.replicate.LP_238_44_6.card-mto.6.candidate 0.243s o 6 load=1.34
0202.replicate.LP_238_44_6.card-mto.7.candidate 0.250s o 6 load=1.34
0203.replicate.LP_238_44_6.card-mto.7.baseline 0.400s o 6 load=1.34
0204.replicate.LP_238_44_6.card-mto.8.baseline 0.394s o 6 load=1.34
0205.replicate.LP_238_44_6.card-mto.8.candidate 0.241s o 6 load=1.34
0206.replicate.LP_238_44_6.card-mto.9.candidate 0.251s o 6 load=1.34
0207.replicate.LP_238_44_6.card-mto.9.baseline 0.389s o 6 load=1.34
{
 "stopped": null,
 "n_samples": 208,
 "finished": "2026-10-11T00:30:25+0800",
 "binary_sha256_after": {
  "baseline": "6bdcaa2523cdcbeae5164cedbf54c9ac0f9e64f9a91c3da7ef4b804df393db9d",
  "candidate": "e1801a58a33db97c638fbdd0ad4235928956c3474a6225caed6cd0fca362d4e1"
 },
 "input_sha256_after_ok": true
}
gate no-card geomean 0.45641 envelope 0.46955 positive True flags []
gate card-mto geomean 0.43487 envelope 0.47504 positive True flags []
replicate no-card geomean 0.4633 envelope 0.48232 positive True flags []
replicate card-mto geomean 0.43051 envelope 0.48196 positive True flags []
exit=0
