waiting for mac.sh Sat Oct 10 23:08:01 CST 2026
waiting for lock Sat Oct 10 23:08:01 CST 2026
lock taken Sat Oct 10 23:17:29 CST 2026: GH-102 Tier0 science sweep (200 cases x 2 binaries, 60 s, jobs 4) Sat Oct 10 23:17:29 CST 2026
OK  BB_1080_4_54 default TIMEOUT None 60.013 | TIMEOUT None 60.01 []
OK  BB_1080_4_54 no-card TIMEOUT None 60.013 | TIMEOUT None 60.016 []
OK  BB_1080_4_54 card-sinz TIMEOUT None 60.013 | TIMEOUT None 60.015 []
OK  BB_1080_4_54 card-mto TIMEOUT None 60.012 | TIMEOUT None 60.016 []
OK  BB_108_8_10 card-sinz done 10 0.367 | done 10 0.12 []
OK  BB_108_8_10 no-card done 10 0.407 | done 10 0.09 []
OK  BB_108_8_10 default done 10 0.526 | done 10 0.109 []
OK  BB_108_8_10 card-mto done 10 0.522 | done 10 0.104 []
OK  BB_144_12_12 no-card done 12 0.568 | done 12 0.259 []
OK  BB_144_12_12 card-sinz done 12 0.765 | done 12 0.388 []
OK  BB_144_12_12 default done 12 1.279 | done 12 0.277 []
OK  BB_144_12_12 card-mto done 12 1.298 | done 12 0.285 []
OK  BB_144_14_14 default done 14 58.724 | done 14 36.351 []
OK  BB_144_14_14 card-mto done 14 58.622 | done 14 36.333 []
OK  BB_144_14_14 no-card done 14 55.725 | done 14 45.382 []
OK  BB_144_14_14 card-sinz TIMEOUT None 60.013 | done 14 51.155 []
OK  BB_288_12_unknown default TIMEOUT None 60.006 | TIMEOUT None 60.012 []
OK  BB_288_12_unknown no-card TIMEOUT None 60.018 | TIMEOUT None 60.011 []
OK  BB_288_12_unknown card-mto TIMEOUT None 60.02 | TIMEOUT None 60.019 []
OK  BB_288_12_unknown card-sinz TIMEOUT None 60.014 | TIMEOUT None 60.015 []
OK  BB_360_12_unknown default TIMEOUT None 60.013 | TIMEOUT None 60.011 []
OK  BB_72_12_6 default done 6 0.028 | done 6 0.015 []
OK  BB_72_12_6 no-card done 6 0.03 | done 6 0.018 []
OK  BB_72_12_6 card-mto done 6 0.03 | done 6 0.018 []
OK  BB_72_12_6 card-sinz done 6 0.03 | done 6 0.018 []
OK  BB_360_12_unknown no-card TIMEOUT None 60.006 | TIMEOUT None 60.019 []
OK  BB_360_12_unknown card-mto TIMEOUT None 60.018 | TIMEOUT None 60.007 []
OK  BB_360_12_unknown card-sinz TIMEOUT None 60.013 | TIMEOUT None 60.02 []
OK  BB_756_16_34 default TIMEOUT None 60.013 | TIMEOUT None 60.022 []
OK  BB_756_16_34 no-card TIMEOUT None 60.01 | TIMEOUT None 60.012 []
OK  BB_756_16_34 card-mto TIMEOUT None 60.01 | TIMEOUT None 60.014 []
OK  BB_756_16_34 card-sinz TIMEOUT None 60.007 | TIMEOUT None 60.016 []
OK  BB_864_4_40 default TIMEOUT None 60.024 | TIMEOUT None 60.02 []
OK  BB_90_8_10 default done 10 0.166 | done 10 0.092 []
OK  BB_864_4_40 no-card TIMEOUT None 60.015 | TIMEOUT None 60.011 []
OK  BB_90_8_10 no-card done 10 0.158 | done 10 0.061 []
OK  BB_90_8_10 card-mto done 10 0.151 | done 10 0.06 []
OK  BB_90_8_10 card-sinz done 10 0.217 | done 10 0.093 []
OK  BB_864_4_40 card-mto TIMEOUT None 60.02 | TIMEOUT None 60.017 []
OK  BB_864_4_40 card-sinz TIMEOUT None 60.019 | TIMEOUT None 60.008 []
OK  GB_144_12_12 no-card TIMEOUT None 60.013 | done 12 29.278 []
OK  GB_144_12_8 default done 8 0.091 | done 8 0.059 []
OK  GB_144_12_8 no-card done 8 0.1 | done 8 0.07 []
OK  GB_144_12_8 card-mto done 8 0.092 | done 8 0.063 []
OK  GB_144_12_8 card-sinz done 8 0.102 | done 8 0.059 []
OK  LP_136_32_4 default done 4 0.06 | done 4 0.031 []
OK  LP_136_32_4 no-card done 4 0.059 | done 4 0.03 []
OK  LP_136_32_4 card-mto done 4 0.059 | done 4 0.03 []
OK  LP_136_32_4 card-sinz done 4 0.06 | done 4 0.03 []
OK  GB_144_12_12 default TIMEOUT None 60.011 | TIMEOUT None 60.016 []
OK  GB_144_12_12 card-mto TIMEOUT None 60.021 | TIMEOUT None 60.011 []
OK  GB_144_12_12 card-sinz TIMEOUT None 60.02 | TIMEOUT None 60.012 []
OK  LP_1768_224_unknown default TIMEOUT None 60.014 | TIMEOUT None 60.022 []
OK  LP_238_44_6 default done 6 0.445 | done 6 0.278 []
OK  LP_238_44_6 no-card done 6 0.468 | done 6 0.36 []
OK  LP_238_44_6 card-mto done 6 0.453 | done 6 0.275 []
OK  LP_238_44_6 card-sinz done 6 0.33 | done 6 0.296 []
OK  LP_340_56_8 default done 8 1.856 | done 8 1.001 []
OK  LP_340_56_8 no-card done 8 1.77 | done 8 0.952 []
OK  LP_340_56_8 card-mto done 8 1.877 | done 8 1.01 []
OK  LP_340_56_8 card-sinz done 8 2.132 | done 8 1.303 []
OK  LP_34_20_2 default done 2 0.019 | done 2 0.019 []
OK  LP_34_20_2 no-card done 2 0.015 | done 2 0.016 []
OK  LP_34_20_2 card-mto done 2 0.016 | done 2 0.016 []
OK  LP_34_20_2 card-sinz done 2 0.016 | done 2 0.016 []
OK  LP_1768_224_unknown no-card TIMEOUT None 60.017 | TIMEOUT None 60.028 []
OK  LP_1768_224_unknown card-mto TIMEOUT None 60.027 | TIMEOUT None 60.017 []
OK  LP_1768_224_unknown card-sinz TIMEOUT None 60.015 | TIMEOUT None 60.016 []
OK  LP_442_68_10 default done 10 23.919 | done 10 41.471 []
OK  LP_442_68_10 no-card done 10 37.373 | done 10 15.879 []
OK  LP_442_68_10 card-sinz done 10 17.952 | done 10 28.383 []
OK  LP_442_68_10 card-mto done 10 23.681 | done 10 41.551 []
OK  LP_544_80_12 no-card TIMEOUT None 60.019 | done 12 48.623 []
OK  LP_544_80_12 default done 12 58.254 | TIMEOUT None 60.02 []
OK  LP_544_80_12 card-mto done 12 58.27 | TIMEOUT None 60.017 []
OK  LP_544_80_12 card-sinz TIMEOUT None 60.009 | TIMEOUT None 60.019 []
OK  LP_714_100_unknown default TIMEOUT None 60.021 | TIMEOUT None 60.017 []
OK  LP_714_100_unknown no-card TIMEOUT None 60.008 | TIMEOUT None 60.012 []
OK  LP_714_100_unknown card-mto TIMEOUT None 60.017 | TIMEOUT None 60.021 []
OK  LP_714_100_unknown card-sinz TIMEOUT None 60.018 | TIMEOUT None 60.012 []
OK  PK_31 default TIMEOUT None 60.014 | TIMEOUT None 60.011 []
OK  PK_31 no-card TIMEOUT None 60.019 | TIMEOUT None 60.009 []
OK  PK_31 card-mto TIMEOUT None 60.028 | TIMEOUT None 60.008 []
OK  TN_108_2_12 default done 12 12.637 | done 12 10.752 []
OK  PK_31 card-sinz TIMEOUT None 60.013 | TIMEOUT None 60.019 []
OK  TN_108_2_12 no-card done 12 10.98 | done 12 11.774 []
OK  TN_108_2_12 card-mto done 12 12.587 | done 12 10.758 []
OK  TN_108_2_12 card-sinz done 12 12.529 | done 12 14.881 []
OK  TN_144_2_13 default TIMEOUT None 60.015 | TIMEOUT None 60.019 []
OK  TN_144_2_13 no-card TIMEOUT None 60.006 | TIMEOUT None 60.011 []
OK  TN_144_2_13 card-mto TIMEOUT None 60.008 | TIMEOUT None 60.016 []
OK  TN_144_2_13 card-sinz TIMEOUT None 60.016 | TIMEOUT None 60.012 []
OK  TN_180_2_17 default TIMEOUT None 60.004 | TIMEOUT None 60.019 []
OK  TN_180_2_17 no-card TIMEOUT None 60.011 | TIMEOUT None 60.018 []
OK  TN_180_2_17 card-mto TIMEOUT None 60.016 | TIMEOUT None 60.013 []
OK  TN_180_2_17 card-sinz TIMEOUT None 60.005 | TIMEOUT None 60.008 []
OK  TN_200_10_10 default done 10 12.038 | done 10 11.797 []
OK  TN_200_10_10 no-card done 10 15.498 | done 10 10.884 []
OK  TN_200_10_10 card-mto done 10 11.999 | done 10 11.783 []
OK  TN_200_10_10 card-sinz done 10 15.615 | done 10 22.661 []
OK  TN_216_4_18 default TIMEOUT None 60.006 | TIMEOUT None 60.019 []
OK  TN_216_4_18 no-card TIMEOUT None 60.015 | TIMEOUT None 60.006 []
OK  TN_216_4_18 card-mto TIMEOUT None 60.014 | TIMEOUT None 60.016 []
OK  TN_216_4_18 card-sinz TIMEOUT None 60.02 | TIMEOUT None 60.006 []
OK  TN_250_10_15 default TIMEOUT None 60.019 | TIMEOUT None 60.009 []
OK  TN_250_10_15 no-card TIMEOUT None 60.017 | TIMEOUT None 60.006 []
OK  TN_250_10_15 card-mto TIMEOUT None 60.007 | TIMEOUT None 60.013 []
OK  TN_250_10_15 card-sinz TIMEOUT None 60.019 | TIMEOUT None 60.012 []
OK  TN_252_2_21 default TIMEOUT None 60.016 | TIMEOUT None 60.017 []
OK  TN_252_2_21 no-card TIMEOUT None 60.005 | TIMEOUT None 60.015 []
OK  TN_252_2_21 card-mto TIMEOUT None 60.013 | TIMEOUT None 60.006 []
OK  TN_252_2_21 card-sinz TIMEOUT None 60.01 | TIMEOUT None 60.01 []
OK  TN_288_2_24 default TIMEOUT None 60.014 | TIMEOUT None 60.014 []
OK  TN_288_2_24 no-card TIMEOUT None 60.008 | TIMEOUT None 60.009 []
OK  TN_288_2_24 card-mto TIMEOUT None 60.008 | TIMEOUT None 60.015 []
OK  TN_288_2_24 card-sinz TIMEOUT None 60.018 | TIMEOUT None 60.018 []
OK  TN_324_4_25 default TIMEOUT None 60.019 | TIMEOUT None 60.008 []
OK  TN_324_4_25 no-card TIMEOUT None 60.014 | TIMEOUT None 60.019 []
OK  TN_324_4_25 card-mto TIMEOUT None 60.014 | TIMEOUT None 60.014 []
OK  TN_324_4_25 card-sinz TIMEOUT None 60.012 | TIMEOUT None 60.019 []
OK  TN_360_4_24 default TIMEOUT None 60.01 | TIMEOUT None 60.014 []
OK  TN_36_8_3 default done 3 0.019 | done 3 0.018 []
OK  TN_36_8_3 no-card done 3 0.018 | done 3 0.018 []
OK  TN_36_8_3 card-mto done 3 0.018 | done 3 0.018 []
OK  TN_36_8_3 card-sinz done 3 0.018 | done 3 0.018 []
OK  TN_36_8_4 default done 4 0.03 | done 4 0.018 []
OK  TN_36_8_4 no-card done 4 0.015 | done 4 0.018 []
OK  TN_36_8_4 card-mto done 4 0.017 | done 4 0.018 []
OK  TN_36_8_4 card-sinz done 4 0.018 | done 4 0.018 []
OK  TN_360_4_24 no-card TIMEOUT None 60.018 | TIMEOUT None 60.007 []
OK  TN_360_4_24 card-mto TIMEOUT None 60.018 | TIMEOUT None 60.016 []
OK  TN_360_4_24 card-sinz TIMEOUT None 60.01 | TIMEOUT None 60.021 []
OK  TN_396_4_26 default TIMEOUT None 60.009 | TIMEOUT None 60.014 []
OK  TN_396_4_26 no-card TIMEOUT None 60.019 | TIMEOUT None 60.005 []
OK  TN_396_4_26 card-mto TIMEOUT None 60.006 | TIMEOUT None 60.006 []
OK  TN_396_4_26 card-sinz TIMEOUT None 60.009 | TIMEOUT None 60.01 []
OK  TN_432_8_33 default TIMEOUT None 60.021 | TIMEOUT None 60.006 []
OK  TN_432_8_33 no-card TIMEOUT None 60.012 | TIMEOUT None 60.017 []
OK  TN_432_8_33 card-mto TIMEOUT None 60.01 | TIMEOUT None 60.009 []
OK  TN_432_8_33 card-sinz TIMEOUT None 60.016 | TIMEOUT None 60.006 []
OK  TN_468_4_31 default TIMEOUT None 60.005 | TIMEOUT None 60.01 []
OK  TN_468_4_31 no-card TIMEOUT None 60.018 | TIMEOUT None 60.013 []
OK  TN_468_4_31 card-mto TIMEOUT None 60.018 | TIMEOUT None 60.012 []
OK  TN_468_4_31 card-sinz TIMEOUT None 60.008 | TIMEOUT None 60.02 []
OK  TN_496_2_32 default TIMEOUT None 60.02 | TIMEOUT None 60.018 []
OK  TN_496_2_32 no-card TIMEOUT None 60.01 | TIMEOUT None 60.007 []
OK  TN_496_2_32 card-mto TIMEOUT None 60.006 | TIMEOUT None 60.014 []
OK  TN_496_2_32 card-sinz TIMEOUT None 60.015 | TIMEOUT None 60.019 []
OK  TN_504_2_45 default TIMEOUT None 60.02 | TIMEOUT None 60.014 []
OK  TN_504_2_45 no-card TIMEOUT None 60.011 | TIMEOUT None 60.013 []
OK  TN_504_2_45 card-mto TIMEOUT None 60.012 | TIMEOUT None 60.019 []
OK  TN_504_2_45 card-sinz TIMEOUT None 60.007 | TIMEOUT None 60.011 []
OK  TN_540_4_40 default TIMEOUT None 60.008 | TIMEOUT None 60.014 []
OK  TN_54_11_4 default done 4 0.018 | done 4 0.018 []
OK  TN_54_11_4 no-card done 4 0.018 | done 4 0.018 []
OK  TN_54_11_4 card-mto done 4 0.018 | done 4 0.018 []
OK  TN_54_11_4 card-sinz done 4 0.014 | done 4 0.015 []
OK  TN_540_4_40 no-card TIMEOUT None 60.018 | TIMEOUT None 60.012 []
OK  TN_540_4_40 card-mto TIMEOUT None 60.021 | TIMEOUT None 60.008 []
OK  TN_540_4_40 card-sinz TIMEOUT None 60.018 | TIMEOUT None 60.007 []
OK  TN_576_2_57 default TIMEOUT None 60.019 | TIMEOUT None 60.011 []
OK  TN_576_2_57 no-card TIMEOUT None 60.013 | TIMEOUT None 60.016 []
OK  TN_576_2_57 card-mto TIMEOUT None 60.013 | TIMEOUT None 60.019 []
OK  TN_576_2_57 card-sinz TIMEOUT None 60.013 | TIMEOUT None 60.014 []
OK  TN_576_2_59 default TIMEOUT None 60.007 | TIMEOUT None 60.015 []
OK  TN_576_2_59 no-card TIMEOUT None 60.014 | TIMEOUT None 60.016 []
OK  TN_576_2_59 card-mto TIMEOUT None 60.021 | TIMEOUT None 60.02 []
OK  TN_576_2_59 card-sinz TIMEOUT None 60.006 | TIMEOUT None 60.006 []
OK  TN_612_2_52 default TIMEOUT None 60.019 | TIMEOUT None 60.018 []
OK  TN_612_2_52 no-card TIMEOUT None 60.019 | TIMEOUT None 60.014 []
OK  TN_612_2_52 card-mto TIMEOUT None 60.01 | TIMEOUT None 60.012 []
OK  TN_612_2_52 card-sinz TIMEOUT None 60.01 | TIMEOUT None 60.017 []
OK  TN_648_10_71 default TIMEOUT None 60.008 | TIMEOUT None 60.013 []
OK  TN_648_10_71 no-card TIMEOUT None 60.01 | TIMEOUT None 60.014 []
OK  TN_648_10_71 card-mto TIMEOUT None 60.007 | TIMEOUT None 60.019 []
OK  TN_648_10_71 card-sinz TIMEOUT None 60.016 | TIMEOUT None 60.026 []
OK  TN_648_14_50 default TIMEOUT None 60.011 | TIMEOUT None 60.01 []
OK  TN_648_14_50 no-card TIMEOUT None 60.008 | TIMEOUT None 60.016 []
OK  TN_648_14_50 card-mto TIMEOUT None 60.015 | TIMEOUT None 60.021 []
OK  TN_648_14_50 card-sinz TIMEOUT None 60.015 | TIMEOUT None 60.016 []
OK  TN_684_2_29 default TIMEOUT None 60.014 | TIMEOUT None 60.008 []
OK  TN_72_14_4 default done 4 0.034 | done 4 0.018 []
OK  TN_72_14_4 no-card done 4 0.018 | done 4 0.014 []
OK  TN_72_14_4 card-mto done 4 0.033 | done 4 0.031 []
OK  TN_72_14_4 card-sinz done 4 0.018 | done 4 0.014 []
OK  TN_72_8_8 default done 8 0.337 | done 8 0.191 []
OK  TN_72_8_8 no-card done 8 0.23 | done 8 0.204 []
OK  TN_72_8_8 card-mto done 8 0.373 | done 8 0.149 []
OK  TN_72_8_8 card-sinz done 8 0.296 | done 8 0.204 []
OK  TN_684_2_29 no-card TIMEOUT None 60.013 | TIMEOUT None 60.018 []
OK  TN_684_2_29 card-mto TIMEOUT None 60.012 | TIMEOUT None 60.016 []
OK  TN_684_2_29 card-sinz TIMEOUT None 60.009 | TIMEOUT None 60.008 []
OK  xu_30 default TIMEOUT None 60.011 | TIMEOUT None 60.016 []
OK  xu_30 no-card TIMEOUT None 60.017 | TIMEOUT None 60.023 []
OK  xu_30 card-mto TIMEOUT None 60.01 | TIMEOUT None 60.009 []
OK  xu_30 card-sinz TIMEOUT None 60.022 | TIMEOUT None 60.015 []
OK  xu_42 default TIMEOUT None 60.018 | TIMEOUT None 60.023 []
OK  xu_42 no-card TIMEOUT None 60.011 | TIMEOUT None 60.02 []
OK  xu_42 card-mto TIMEOUT None 60.011 | TIMEOUT None 60.014 []
OK  xu_42 card-sinz TIMEOUT None 60.015 | TIMEOUT None 60.015 []
{"both_done": 71, "only_cand_done": 3, "only_base_done": 2, "problems": 0, "memout_base": 0, "memout_cand": 0} ALL_OK
sweep rc=0 Sun Oct 11 00:25:18 CST 2026
lock released Sun Oct 11 00:25:18 CST 2026
posthoc rc=0
candidate timeouts: 126; without any d_lb: 0 []
baseline timeouts: 127; without any d_lb: 0
timeout in both: 124; candidate final d_lb higher in 2, lower in 0 (diagnostic)
completed only by candidate (3): ['BB_144_14_14 card-sinz d=14', 'GB_144_12_12 no-card d=12', 'LP_544_80_12 no-card d=12']
completed only by baseline (2): ['LP_544_80_12 card-mto d=12', 'LP_544_80_12 default d=12']
problems: []
POSTHOC_PASS
check_sweep rc=0
meta {"base_sha256": "6bdcaa2523cdcbeae5164cedbf54c9ac0f9e64f9a91c3da7ef4b804df393db9d", "cand_sha256": "e1801a58a33db97c638fbdd0ad4235928956c3474a6225caed6cd0fca362d4e1", "limit": 60, "jobs": 4, "all_ok": true, "counts": {"both_done": 71, "only_cand_done": 3, "only_base_done": 2, "problems": 0, "memout_base": 0, "memout_cand": 0}}
candidate timeouts 126; without any d_lb 0
both timeout 124: cand final LB higher 2, equal 122, lower 0
ONLY_BASE_DONE LP_544_80_12 card-mto TIMEOUT
ONLY_BASE_DONE LP_544_80_12 default TIMEOUT
TN648 TN_648_10_71 card-mto TIMEOUT None 9 0 | TIMEOUT None 9 0
TN648 TN_648_10_71 card-sinz TIMEOUT None 9 0 | TIMEOUT None 9 0
TN648 TN_648_10_71 default TIMEOUT None 9 0 | TIMEOUT None 9 0
TN648 TN_648_10_71 no-card TIMEOUT None 9 0 | TIMEOUT None 9 0
TN648 TN_648_14_50 card-mto TIMEOUT None 9 0 | TIMEOUT None 9 0
TN648 TN_648_14_50 card-sinz TIMEOUT None 9 0 | TIMEOUT None 9 0
TN648 TN_648_14_50 default TIMEOUT None 9 0 | TIMEOUT None 9 0
TN648 TN_648_14_50 no-card TIMEOUT None 9 0 | TIMEOUT None 9 0
candidate abnormal exits 0
VERDICT PASS
