0000.gate.BB_90_8_10.no-card.0.baseline 0.150s o 10 load=2.90
0001.gate.BB_90_8_10.no-card.0.candidate 0.108s o 10 load=2.90
0002.gate.BB_90_8_10.no-card.1.candidate 0.104s o 10 load=2.90
0003.gate.BB_90_8_10.no-card.1.baseline 0.156s o 10 load=2.90
0004.gate.BB_90_8_10.no-card.2.baseline 0.145s o 10 load=2.90
0005.gate.BB_90_8_10.no-card.2.candidate 0.115s o 10 load=2.90
0006.gate.BB_90_8_10.card-mto.0.baseline 0.149s o 10 load=2.90
0007.gate.BB_90_8_10.card-mto.0.candidate 0.123s o 10 load=2.90
0008.gate.BB_90_8_10.card-mto.1.candidate 0.121s o 10 load=2.90
0009.gate.BB_90_8_10.card-mto.1.baseline 0.137s o 10 load=2.90
0010.gate.BB_90_8_10.card-mto.2.baseline 0.138s o 10 load=2.90
0011.gate.BB_90_8_10.card-mto.2.candidate 0.115s o 10 load=2.90
0012.gate.GB_144_12_8.no-card.0.baseline 0.091s o 8 load=2.90
0013.gate.GB_144_12_8.no-card.0.candidate 0.071s o 8 load=2.90
0014.gate.GB_144_12_8.no-card.1.candidate 0.071s o 8 load=2.90
0015.gate.GB_144_12_8.no-card.1.baseline 0.101s o 8 load=2.90
0016.gate.GB_144_12_8.no-card.2.baseline 0.085s o 8 load=2.90
0017.gate.GB_144_12_8.no-card.2.candidate 0.072s o 8 load=2.90
0018.gate.GB_144_12_8.card-mto.0.baseline 0.085s o 8 load=2.90
0019.gate.GB_144_12_8.card-mto.0.candidate 0.070s o 8 load=2.90
0020.gate.GB_144_12_8.card-mto.1.candidate 0.078s o 8 load=2.90
0021.gate.GB_144_12_8.card-mto.1.baseline 0.075s o 8 load=2.90
0022.gate.GB_144_12_8.card-mto.2.baseline 0.086s o 8 load=2.90
0023.gate.GB_144_12_8.card-mto.2.candidate 0.078s o 8 load=2.90
0024.gate.BB_108_8_10.no-card.0.baseline 0.378s o 10 load=2.90
0025.gate.BB_108_8_10.no-card.0.candidate 0.149s o 10 load=2.90
0026.gate.BB_108_8_10.no-card.1.candidate 0.148s o 10 load=2.90
0027.gate.BB_108_8_10.no-card.1.baseline 0.372s o 10 load=3.31
0028.gate.BB_108_8_10.no-card.2.baseline 0.372s o 10 load=3.31
0029.gate.BB_108_8_10.no-card.2.candidate 0.155s o 10 load=3.31
0030.gate.BB_108_8_10.card-mto.0.baseline 0.474s o 10 load=3.31
0031.gate.BB_108_8_10.card-mto.0.candidate 0.174s o 10 load=3.31
0032.gate.BB_108_8_10.card-mto.1.candidate 0.185s o 10 load=3.31
0033.gate.BB_108_8_10.card-mto.1.baseline 0.480s o 10 load=3.31
0034.gate.BB_108_8_10.card-mto.2.baseline 0.470s o 10 load=3.31
0035.gate.BB_108_8_10.card-mto.2.candidate 0.178s o 10 load=3.31
0036.gate.LP_238_44_6.no-card.0.baseline 0.411s o 6 load=3.31
0037.gate.LP_238_44_6.no-card.0.candidate 0.318s o 6 load=3.31
0038.gate.LP_238_44_6.no-card.1.candidate 0.317s o 6 load=3.31
0039.gate.LP_238_44_6.no-card.1.baseline 0.418s o 6 load=3.31
0040.gate.LP_238_44_6.no-card.2.baseline 0.404s o 6 load=3.31
0041.gate.LP_238_44_6.no-card.2.candidate 0.321s o 6 load=3.37
0042.gate.LP_238_44_6.card-mto.0.baseline 0.399s o 6 load=3.37
0043.gate.LP_238_44_6.card-mto.0.candidate 0.240s o 6 load=3.37
0044.gate.LP_238_44_6.card-mto.1.candidate 0.254s o 6 load=3.37
0045.gate.LP_238_44_6.card-mto.1.baseline 0.391s o 6 load=3.37
0046.gate.LP_238_44_6.card-mto.2.baseline 0.402s o 6 load=3.37
0047.gate.LP_238_44_6.card-mto.2.candidate 0.251s o 6 load=3.37
{
 "stopped": null,
 "n_samples": 48,
 "finished": "2026-10-09T21:05:10+0800",
 "binary_sha256_after": {
  "baseline": "1c6f028aed17754e1e36f9b1ffd7b54299ec2fa017a829b6c39ff84ff48c2940",
  "candidate": "fb6846d0613b187a881e08071729e36629bc10775a4aad34e3d5df34d3d1ff37"
 },
 "input_sha256_after_ok": true
}
gate no-card geomean 0.64628 envelope 0.68848 positive True flags []
gate card-mto geomean 0.66087 envelope 0.69858 positive True flags []
exit=0
