0000.gate.BB_90_8_10.no-card.0.baseline 1.800s o 10 load=1.07
0001.gate.BB_90_8_10.no-card.0.candidate 0.407s o 10 load=1.07
0002.gate.BB_90_8_10.no-card.1.candidate 0.102s o 10 load=1.07
0003.gate.BB_90_8_10.no-card.1.baseline 1.810s o 10 load=1.07
0004.gate.BB_90_8_10.no-card.2.baseline 1.808s o 10 load=1.07
0005.gate.BB_90_8_10.no-card.2.candidate 0.108s o 10 load=1.07
0006.replicate.BB_90_8_10.no-card.0.baseline 1.817s o 10 load=1.07
0007.replicate.BB_90_8_10.no-card.0.candidate 0.105s o 10 load=1.07
0008.replicate.BB_90_8_10.no-card.1.candidate 0.104s o 10 load=1.06
0009.replicate.BB_90_8_10.no-card.1.baseline 1.818s o 10 load=1.06
0010.replicate.BB_90_8_10.no-card.2.baseline 1.821s o 10 load=1.06
0011.replicate.BB_90_8_10.no-card.2.candidate 0.108s o 10 load=1.06
0012.replicate.BB_90_8_10.no-card.3.candidate 0.103s o 10 load=1.06
0013.replicate.BB_90_8_10.no-card.3.baseline 1.826s o 10 load=1.06
0014.replicate.BB_90_8_10.no-card.4.baseline 1.847s o 10 load=1.06
0015.replicate.BB_90_8_10.no-card.4.candidate 0.112s o 10 load=1.06
0016.replicate.BB_90_8_10.no-card.5.candidate 0.107s o 10 load=1.06
0017.replicate.BB_90_8_10.no-card.5.baseline 1.844s o 10 load=1.06
0018.replicate.BB_90_8_10.no-card.6.baseline 1.842s o 10 load=1.06
0019.replicate.BB_90_8_10.no-card.6.candidate 0.107s o 10 load=1.29
0020.replicate.BB_90_8_10.no-card.7.candidate 0.108s o 10 load=1.29
0021.replicate.BB_90_8_10.no-card.7.baseline 1.844s o 10 load=1.29
0022.replicate.BB_90_8_10.no-card.8.baseline 1.847s o 10 load=1.29
0023.replicate.BB_90_8_10.no-card.8.candidate 0.103s o 10 load=1.27
0024.replicate.BB_90_8_10.no-card.9.candidate 0.103s o 10 load=1.27
0025.replicate.BB_90_8_10.no-card.9.baseline 1.859s o 10 load=1.27
0026.gate.BB_90_8_10.card-mto.0.baseline 1.647s o 10 load=1.27
0027.gate.BB_90_8_10.card-mto.0.candidate 0.122s o 10 load=1.27
0028.gate.BB_90_8_10.card-mto.1.candidate 0.121s o 10 load=1.27
0029.gate.BB_90_8_10.card-mto.1.baseline 1.645s o 10 load=1.27
0030.gate.BB_90_8_10.card-mto.2.baseline 1.641s o 10 load=1.25
0031.gate.BB_90_8_10.card-mto.2.candidate 0.115s o 10 load=1.25
0032.replicate.BB_90_8_10.card-mto.0.baseline 1.643s o 10 load=1.25
0033.replicate.BB_90_8_10.card-mto.0.candidate 0.123s o 10 load=1.25
0034.replicate.BB_90_8_10.card-mto.1.candidate 0.122s o 10 load=1.25
0035.replicate.BB_90_8_10.card-mto.1.baseline 1.663s o 10 load=1.39
0036.replicate.BB_90_8_10.card-mto.2.baseline 1.651s o 10 load=1.39
0037.replicate.BB_90_8_10.card-mto.2.candidate 0.123s o 10 load=1.39
0038.replicate.BB_90_8_10.card-mto.3.candidate 0.122s o 10 load=1.39
0039.replicate.BB_90_8_10.card-mto.3.baseline 1.650s o 10 load=1.39
0040.replicate.BB_90_8_10.card-mto.4.baseline 1.653s o 10 load=1.52
0041.replicate.BB_90_8_10.card-mto.4.candidate 0.123s o 10 load=1.52
0042.replicate.BB_90_8_10.card-mto.5.candidate 0.121s o 10 load=1.52
0043.replicate.BB_90_8_10.card-mto.5.baseline 1.656s o 10 load=1.52
0044.replicate.BB_90_8_10.card-mto.6.baseline 1.646s o 10 load=1.52
0045.replicate.BB_90_8_10.card-mto.6.candidate 0.120s o 10 load=1.79
0046.replicate.BB_90_8_10.card-mto.7.candidate 0.123s o 10 load=1.79
0047.replicate.BB_90_8_10.card-mto.7.baseline 1.658s o 10 load=1.79
0048.replicate.BB_90_8_10.card-mto.8.baseline 1.657s o 10 load=1.79
0049.replicate.BB_90_8_10.card-mto.8.candidate 0.119s o 10 load=1.79
0050.replicate.BB_90_8_10.card-mto.9.candidate 0.123s o 10 load=1.79
0051.replicate.BB_90_8_10.card-mto.9.baseline 1.659s o 10 load=1.79
0052.gate.GB_144_12_8.no-card.0.baseline 0.661s o 8 load=1.73
0053.gate.GB_144_12_8.no-card.0.candidate 0.077s o 8 load=1.73
0054.gate.GB_144_12_8.no-card.1.candidate 0.074s o 8 load=1.73
0055.gate.GB_144_12_8.no-card.1.baseline 0.663s o 8 load=1.73
0056.gate.GB_144_12_8.no-card.2.baseline 0.670s o 8 load=1.73
0057.gate.GB_144_12_8.no-card.2.candidate 0.078s o 8 load=1.73
0058.replicate.GB_144_12_8.no-card.0.baseline 0.671s o 8 load=1.73
0059.replicate.GB_144_12_8.no-card.0.candidate 0.077s o 8 load=1.73
0060.replicate.GB_144_12_8.no-card.1.candidate 0.078s o 8 load=1.73
0061.replicate.GB_144_12_8.no-card.1.baseline 0.681s o 8 load=1.73
0062.replicate.GB_144_12_8.no-card.2.baseline 0.670s o 8 load=1.75
0063.replicate.GB_144_12_8.no-card.2.candidate 0.089s o 8 load=1.75
0064.replicate.GB_144_12_8.no-card.3.candidate 0.068s o 8 load=1.75
0065.replicate.GB_144_12_8.no-card.3.baseline 0.660s o 8 load=1.75
0066.replicate.GB_144_12_8.no-card.4.baseline 0.670s o 8 load=1.75
0067.replicate.GB_144_12_8.no-card.4.candidate 0.077s o 8 load=1.75
0068.replicate.GB_144_12_8.no-card.5.candidate 0.078s o 8 load=1.75
0069.replicate.GB_144_12_8.no-card.5.baseline 0.658s o 8 load=1.75
0070.replicate.GB_144_12_8.no-card.6.baseline 0.663s o 8 load=1.75
0071.replicate.GB_144_12_8.no-card.6.candidate 0.078s o 8 load=1.75
0072.replicate.GB_144_12_8.no-card.7.candidate 0.076s o 8 load=1.75
0073.replicate.GB_144_12_8.no-card.7.baseline 0.662s o 8 load=1.75
0074.replicate.GB_144_12_8.no-card.8.baseline 0.660s o 8 load=1.75
0075.replicate.GB_144_12_8.no-card.8.candidate 0.077s o 8 load=1.69
0076.replicate.GB_144_12_8.no-card.9.candidate 0.077s o 8 load=1.69
0077.replicate.GB_144_12_8.no-card.9.baseline 0.660s o 8 load=1.69
0078.gate.GB_144_12_8.card-mto.0.baseline 1.108s o 8 load=1.69
0079.gate.GB_144_12_8.card-mto.0.candidate 0.078s o 8 load=1.69
0080.gate.GB_144_12_8.card-mto.1.candidate 0.078s o 8 load=1.69
0081.gate.GB_144_12_8.card-mto.1.baseline 1.109s o 8 load=1.69
0082.gate.GB_144_12_8.card-mto.2.baseline 1.118s o 8 load=1.69
0083.gate.GB_144_12_8.card-mto.2.candidate 0.077s o 8 load=1.69
0084.replicate.GB_144_12_8.card-mto.0.baseline 1.120s o 8 load=1.69
0085.replicate.GB_144_12_8.card-mto.0.candidate 0.078s o 8 load=1.64
0086.replicate.GB_144_12_8.card-mto.1.candidate 0.078s o 8 load=1.64
0087.replicate.GB_144_12_8.card-mto.1.baseline 1.109s o 8 load=1.64
0088.replicate.GB_144_12_8.card-mto.2.baseline 1.104s o 8 load=1.64
0089.replicate.GB_144_12_8.card-mto.2.candidate 0.077s o 8 load=1.64
0090.replicate.GB_144_12_8.card-mto.3.candidate 0.078s o 8 load=1.64
0091.replicate.GB_144_12_8.card-mto.3.baseline 1.114s o 8 load=1.64
0092.replicate.GB_144_12_8.card-mto.4.baseline 1.115s o 8 load=1.64
0093.replicate.GB_144_12_8.card-mto.4.candidate 0.070s o 8 load=1.67
0094.replicate.GB_144_12_8.card-mto.5.candidate 0.074s o 8 load=1.67
0095.replicate.GB_144_12_8.card-mto.5.baseline 1.117s o 8 load=1.67
0096.replicate.GB_144_12_8.card-mto.6.baseline 1.116s o 8 load=1.67
0097.replicate.GB_144_12_8.card-mto.6.candidate 0.078s o 8 load=1.67
0098.replicate.GB_144_12_8.card-mto.7.candidate 0.078s o 8 load=1.67
0099.replicate.GB_144_12_8.card-mto.7.baseline 1.120s o 8 load=1.67
0100.replicate.GB_144_12_8.card-mto.8.baseline 1.119s o 8 load=1.67
0101.replicate.GB_144_12_8.card-mto.8.candidate 0.078s o 8 load=1.61
0102.replicate.GB_144_12_8.card-mto.9.candidate 0.078s o 8 load=1.61
0103.replicate.GB_144_12_8.card-mto.9.baseline 1.114s o 8 load=1.61
0104.gate.BB_108_8_10.no-card.0.baseline 2.276s o 10 load=1.61
0105.gate.BB_108_8_10.no-card.0.candidate 0.153s o 10 load=1.61
0106.gate.BB_108_8_10.no-card.1.candidate 0.147s o 10 load=1.61
0107.gate.BB_108_8_10.no-card.1.baseline 2.273s o 10 load=1.61
0108.gate.BB_108_8_10.no-card.2.baseline 2.275s o 10 load=1.56
0109.gate.BB_108_8_10.no-card.2.candidate 0.153s o 10 load=1.56
0110.replicate.BB_108_8_10.no-card.0.baseline 2.290s o 10 load=1.56
0111.replicate.BB_108_8_10.no-card.0.candidate 0.152s o 10 load=1.52
0112.replicate.BB_108_8_10.no-card.1.candidate 0.148s o 10 load=1.52
0113.replicate.BB_108_8_10.no-card.1.baseline 2.274s o 10 load=1.52
0114.replicate.BB_108_8_10.no-card.2.baseline 2.287s o 10 load=1.52
0115.replicate.BB_108_8_10.no-card.2.candidate 0.153s o 10 load=1.56
0116.replicate.BB_108_8_10.no-card.3.candidate 0.150s o 10 load=1.56
0117.replicate.BB_108_8_10.no-card.3.baseline 2.271s o 10 load=1.56
0118.replicate.BB_108_8_10.no-card.4.baseline 2.287s o 10 load=1.56
0119.replicate.BB_108_8_10.no-card.4.candidate 0.148s o 10 load=1.51
0120.replicate.BB_108_8_10.no-card.5.candidate 0.153s o 10 load=1.51
0121.replicate.BB_108_8_10.no-card.5.baseline 2.284s o 10 load=1.51
0122.replicate.BB_108_8_10.no-card.6.baseline 2.274s o 10 load=1.51
0123.replicate.BB_108_8_10.no-card.6.candidate 0.149s o 10 load=1.55
0124.replicate.BB_108_8_10.no-card.7.candidate 0.153s o 10 load=1.55
0125.replicate.BB_108_8_10.no-card.7.baseline 2.283s o 10 load=1.55
0126.replicate.BB_108_8_10.no-card.8.baseline 2.282s o 10 load=1.55
0127.replicate.BB_108_8_10.no-card.8.candidate 0.148s o 10 load=1.50
0128.replicate.BB_108_8_10.no-card.9.candidate 0.152s o 10 load=1.50
0129.replicate.BB_108_8_10.no-card.9.baseline 2.278s o 10 load=1.50
0130.gate.BB_108_8_10.card-mto.0.baseline 2.328s o 10 load=1.50
0131.gate.BB_108_8_10.card-mto.0.candidate 0.168s o 10 load=1.46
0132.gate.BB_108_8_10.card-mto.1.candidate 0.175s o 10 load=1.46
0133.gate.BB_108_8_10.card-mto.1.baseline 2.315s o 10 load=1.46
0134.gate.BB_108_8_10.card-mto.2.baseline 2.330s o 10 load=1.46
0135.gate.BB_108_8_10.card-mto.2.candidate 0.182s o 10 load=1.43
0136.replicate.BB_108_8_10.card-mto.0.baseline 2.314s o 10 load=1.43
0137.replicate.BB_108_8_10.card-mto.0.candidate 0.176s o 10 load=1.43
0138.replicate.BB_108_8_10.card-mto.1.candidate 0.167s o 10 load=1.43
0139.replicate.BB_108_8_10.card-mto.1.baseline 2.331s o 10 load=1.43
0140.replicate.BB_108_8_10.card-mto.2.baseline 2.349s o 10 load=1.39
0141.replicate.BB_108_8_10.card-mto.2.candidate 0.182s o 10 load=1.39
0142.replicate.BB_108_8_10.card-mto.3.candidate 0.183s o 10 load=1.39
0143.replicate.BB_108_8_10.card-mto.3.baseline 2.353s o 10 load=1.39
0144.replicate.BB_108_8_10.card-mto.4.baseline 2.351s o 10 load=1.52
0145.replicate.BB_108_8_10.card-mto.4.candidate 0.183s o 10 load=1.52
0146.replicate.BB_108_8_10.card-mto.5.candidate 0.178s o 10 load=1.52
0147.replicate.BB_108_8_10.card-mto.5.baseline 2.376s o 10 load=1.52
0148.replicate.BB_108_8_10.card-mto.6.baseline 2.357s o 10 load=1.64
0149.replicate.BB_108_8_10.card-mto.6.candidate 0.181s o 10 load=1.64
0150.replicate.BB_108_8_10.card-mto.7.candidate 0.183s o 10 load=1.64
0151.replicate.BB_108_8_10.card-mto.7.baseline 2.350s o 10 load=1.64
0152.replicate.BB_108_8_10.card-mto.8.baseline 2.391s o 10 load=1.75
0153.replicate.BB_108_8_10.card-mto.8.candidate 0.183s o 10 load=1.75
0154.replicate.BB_108_8_10.card-mto.9.candidate 0.179s o 10 load=1.75
0155.replicate.BB_108_8_10.card-mto.9.baseline 2.379s o 10 load=1.75
0156.gate.LP_238_44_6.no-card.0.baseline 1.212s o 6 load=1.85
0157.gate.LP_238_44_6.no-card.0.candidate 0.326s o 6 load=1.85
0158.gate.LP_238_44_6.no-card.1.candidate 0.318s o 6 load=1.85
0159.gate.LP_238_44_6.no-card.1.baseline 1.219s o 6 load=1.85
0160.gate.LP_238_44_6.no-card.2.baseline 1.247s o 6 load=2.10
0161.gate.LP_238_44_6.no-card.2.candidate 0.316s o 6 load=2.10
0162.replicate.LP_238_44_6.no-card.0.baseline 1.225s o 6 load=2.10
0163.replicate.LP_238_44_6.no-card.0.candidate 0.319s o 6 load=2.10
0164.replicate.LP_238_44_6.no-card.1.candidate 0.318s o 6 load=2.10
0165.replicate.LP_238_44_6.no-card.1.baseline 1.212s o 6 load=2.10
0166.replicate.LP_238_44_6.no-card.2.baseline 1.215s o 6 load=2.10
0167.replicate.LP_238_44_6.no-card.2.candidate 0.315s o 6 load=2.49
0168.replicate.LP_238_44_6.no-card.3.candidate 0.318s o 6 load=2.49
0169.replicate.LP_238_44_6.no-card.3.baseline 1.218s o 6 load=2.49
0170.replicate.LP_238_44_6.no-card.4.baseline 1.246s o 6 load=2.49
0171.replicate.LP_238_44_6.no-card.4.candidate 0.316s o 6 load=2.49
0172.replicate.LP_238_44_6.no-card.5.candidate 0.318s o 6 load=2.49
0173.replicate.LP_238_44_6.no-card.5.baseline 1.213s o 6 load=2.49
0174.replicate.LP_238_44_6.no-card.6.baseline 1.245s o 6 load=2.53
0175.replicate.LP_238_44_6.no-card.6.candidate 0.318s o 6 load=2.53
0176.replicate.LP_238_44_6.no-card.7.candidate 0.332s o 6 load=2.53
0177.replicate.LP_238_44_6.no-card.7.baseline 1.239s o 6 load=2.53
0178.replicate.LP_238_44_6.no-card.8.baseline 1.285s o 6 load=2.53
0179.replicate.LP_238_44_6.no-card.8.candidate 0.314s o 6 load=2.65
0180.replicate.LP_238_44_6.no-card.9.candidate 0.312s o 6 load=2.65
0181.replicate.LP_238_44_6.no-card.9.baseline 1.210s o 6 load=2.65
0182.gate.LP_238_44_6.card-mto.0.baseline 1.153s o 6 load=2.65
0183.gate.LP_238_44_6.card-mto.0.candidate 0.250s o 6 load=2.65
0184.gate.LP_238_44_6.card-mto.1.candidate 0.250s o 6 load=2.65
0185.gate.LP_238_44_6.card-mto.1.baseline 1.157s o 6 load=2.65
0186.gate.LP_238_44_6.card-mto.2.baseline 1.159s o 6 load=2.68
0187.gate.LP_238_44_6.card-mto.2.candidate 0.251s o 6 load=2.68
0188.replicate.LP_238_44_6.card-mto.0.baseline 1.158s o 6 load=2.68
0189.replicate.LP_238_44_6.card-mto.0.candidate 0.242s o 6 load=2.68
0190.replicate.LP_238_44_6.card-mto.1.candidate 0.252s o 6 load=2.68
0191.replicate.LP_238_44_6.card-mto.1.baseline 1.166s o 6 load=2.68
0192.replicate.LP_238_44_6.card-mto.2.baseline 1.154s o 6 load=2.68
0193.replicate.LP_238_44_6.card-mto.2.candidate 0.250s o 6 load=2.70
0194.replicate.LP_238_44_6.card-mto.3.candidate 0.252s o 6 load=2.70
0195.replicate.LP_238_44_6.card-mto.3.baseline 1.153s o 6 load=2.70
0196.replicate.LP_238_44_6.card-mto.4.baseline 1.163s o 6 load=2.70
0197.replicate.LP_238_44_6.card-mto.4.candidate 0.253s o 6 load=2.70
0198.replicate.LP_238_44_6.card-mto.5.candidate 0.243s o 6 load=2.70
0199.replicate.LP_238_44_6.card-mto.5.baseline 1.157s o 6 load=2.70
0200.replicate.LP_238_44_6.card-mto.6.baseline 1.151s o 6 load=2.81
0201.replicate.LP_238_44_6.card-mto.6.candidate 0.254s o 6 load=2.81
0202.replicate.LP_238_44_6.card-mto.7.candidate 0.252s o 6 load=2.81
0203.replicate.LP_238_44_6.card-mto.7.baseline 1.231s o 6 load=2.81
0204.replicate.LP_238_44_6.card-mto.8.baseline 1.148s o 6 load=2.81
0205.replicate.LP_238_44_6.card-mto.8.candidate 0.243s o 6 load=2.81
0206.replicate.LP_238_44_6.card-mto.9.candidate 0.251s o 6 load=2.81
0207.replicate.LP_238_44_6.card-mto.9.baseline 1.158s o 6 load=2.90
{
 "stopped": null,
 "n_samples": 208,
 "finished": "2026-10-09T21:04:59+0800",
 "binary_sha256_after": {
  "baseline": "3f2fbc4215e17c4a5b5e62d1f10f99619bdf6efaea7881acb46157effe78c9dc",
  "candidate": "fb6846d0613b187a881e08071729e36629bc10775a4aad34e3d5df34d3d1ff37"
 },
 "input_sha256_after_ok": true
}
gate no-card geomean 0.10504 envelope 0.14792 positive True flags []
gate card-mto geomean 0.09569 envelope 0.09731 positive True flags []
replicate no-card geomean 0.10361 envelope 0.11139 positive True flags []
replicate card-mto geomean 0.09643 envelope 0.09808 positive True flags []
exit=0
